[INFO] QOVT-ABLATION D=64 P=8 depth=4 | mode=classical | data=model_II N/class=500 seed=42 split_seed=0 | params=207619 attn_params=65536 qlr=0.01 lr=0.001 | train(1500, 64, 64) val_sel(4455, 64, 64) test(4455, 64, 64) device=cuda
[ep 001] val_sel AUC=0.5127 acc=0.3291
[ep 002] val_sel AUC=0.5177 acc=0.3473
[ep 003] val_sel AUC=0.5182 acc=0.3291
[ep 004] val_sel AUC=0.5170 acc=0.3473
[ep 005] val_sel AUC=0.5359 acc=0.3473
[ep 006] val_sel AUC=0.5514 acc=0.3473
[ep 007] val_sel AUC=0.5469 acc=0.3237
[ep 008] val_sel AUC=0.5490 acc=0.3473
[ep 009] val_sel AUC=0.5468 acc=0.3291
[ep 010] val_sel AUC=0.5462 acc=0.3403
[ep 011] val_sel AUC=0.5386 acc=0.3237
[ep 012] val_sel AUC=0.5411 acc=0.3237
[ep 013] val_sel AUC=0.5277 acc=0.3473
[ep 014] val_sel AUC=0.5320 acc=0.3291
[ep 015] val_sel AUC=0.5221 acc=0.3291
[ep 016] val_sel AUC=0.5260 acc=0.3443
[ep 017] val_sel AUC=0.5361 acc=0.3241
[ep 018] val_sel AUC=0.5177 acc=0.3396
[ep 019] val_sel AUC=0.5226 acc=0.3428
[ep 020] val_sel AUC=0.5330 acc=0.3439
[ep 021] val_sel AUC=0.5577 acc=0.3605
[ep 022] val_sel AUC=0.5097 acc=0.3515
[ep 023] val_sel AUC=0.5287 acc=0.3392
[ep 024] val_sel AUC=0.5438 acc=0.3758
[ep 025] val_sel AUC=0.5514 acc=0.3955
[ep 026] val_sel AUC=0.5599 acc=0.3888
[ep 027] val_sel AUC=0.5676 acc=0.3987
[ep 028] val_sel AUC=0.5924 acc=0.3993
[ep 029] val_sel AUC=0.6033 acc=0.4272
[ep 030] val_sel AUC=0.6044 acc=0.4202
============================================================
TEST (best val_sel epoch, held-out, evaluated once)
============================================================
TEST AUC : 0.6085  acc 0.4310  f1 0.3948  axion_recall 0.5384
[DONE-QOVT-ABLATION] mode=classical model_II N=500 seed=42 test_AUC=0.6085 val_sel_AUC=0.6044 per_class=(axion=0.6642 cdm=0.5165 no_sub=0.6448) params=207619 attn_params=65536
