[INFO] QOVT-ABLATION D=64 P=8 depth=4 | mode=classical | data=model_III N/class=500 seed=46 split_seed=0 | params=207619 attn_params=65536 qlr=0.01 lr=0.001 | train(1500, 64, 64) val_sel(4469, 64, 64) test(4470, 64, 64) device=cuda
[ep 001] val_sel AUC=0.4926 acc=0.3283
[ep 002] val_sel AUC=0.4952 acc=0.3433
[ep 003] val_sel AUC=0.4997 acc=0.3285
[ep 004] val_sel AUC=0.5032 acc=0.3283
[ep 005] val_sel AUC=0.5128 acc=0.3433
[ep 006] val_sel AUC=0.5175 acc=0.3283
[ep 007] val_sel AUC=0.5253 acc=0.3283
[ep 008] val_sel AUC=0.5296 acc=0.3307
[ep 009] val_sel AUC=0.5317 acc=0.3363
[ep 010] val_sel AUC=0.5347 acc=0.3339
[ep 011] val_sel AUC=0.5215 acc=0.3283
[ep 012] val_sel AUC=0.5316 acc=0.3529
[ep 013] val_sel AUC=0.5227 acc=0.3363
[ep 014] val_sel AUC=0.5456 acc=0.3547
[ep 015] val_sel AUC=0.5516 acc=0.3647
[ep 016] val_sel AUC=0.5556 acc=0.3692
[ep 017] val_sel AUC=0.5661 acc=0.3788
[ep 018] val_sel AUC=0.5671 acc=0.3782
[ep 019] val_sel AUC=0.5722 acc=0.3719
[ep 020] val_sel AUC=0.5771 acc=0.3864
[ep 021] val_sel AUC=0.5956 acc=0.3961
[ep 022] val_sel AUC=0.6288 acc=0.4361
[ep 023] val_sel AUC=0.6581 acc=0.4504
[ep 024] val_sel AUC=0.6893 acc=0.4791
[ep 025] val_sel AUC=0.7293 acc=0.5200
[ep 026] val_sel AUC=0.7533 acc=0.5520
[ep 027] val_sel AUC=0.7550 acc=0.5708
[ep 028] val_sel AUC=0.7803 acc=0.5916
[ep 029] val_sel AUC=0.7812 acc=0.5867
[ep 030] val_sel AUC=0.7863 acc=0.6082
============================================================
TEST (best val_sel epoch, held-out, evaluated once)
============================================================
TEST AUC : 0.7869  acc 0.6072  f1 0.6060  axion_recall 0.7567
[DONE-QOVT-ABLATION] mode=classical model_III N=500 seed=46 test_AUC=0.7869 val_sel_AUC=0.7863 per_class=(axion=0.8942 cdm=0.6786 no_sub=0.7879) params=207619 attn_params=65536
