[INFO] QOVT-ABLATION D=64 P=8 depth=4 | mode=classical | data=model_III N/class=500 seed=44 split_seed=0 | params=207619 attn_params=65536 qlr=0.01 lr=0.001 | train(1500, 64, 64) val_sel(4469, 64, 64) test(4470, 64, 64) device=cuda
[ep 001] val_sel AUC=0.5231 acc=0.3283
[ep 002] val_sel AUC=0.5306 acc=0.3285
[ep 003] val_sel AUC=0.5437 acc=0.3285
[ep 004] val_sel AUC=0.5411 acc=0.3283
[ep 005] val_sel AUC=0.5441 acc=0.3433
[ep 006] val_sel AUC=0.5399 acc=0.3433
[ep 007] val_sel AUC=0.5471 acc=0.3775
[ep 008] val_sel AUC=0.5518 acc=0.3802
[ep 009] val_sel AUC=0.5526 acc=0.3795
[ep 010] val_sel AUC=0.5535 acc=0.3811
[ep 011] val_sel AUC=0.5612 acc=0.3732
[ep 012] val_sel AUC=0.5291 acc=0.3433
[ep 013] val_sel AUC=0.5551 acc=0.3285
[ep 014] val_sel AUC=0.5263 acc=0.3341
[ep 015] val_sel AUC=0.5473 acc=0.3625
[ep 016] val_sel AUC=0.5563 acc=0.3782
[ep 017] val_sel AUC=0.5516 acc=0.3560
[ep 018] val_sel AUC=0.5433 acc=0.3609
[ep 019] val_sel AUC=0.5474 acc=0.3448
[ep 020] val_sel AUC=0.5606 acc=0.3730
[ep 021] val_sel AUC=0.5634 acc=0.3943
[ep 022] val_sel AUC=0.5812 acc=0.3770
[ep 023] val_sel AUC=0.5834 acc=0.3954
[ep 024] val_sel AUC=0.6117 acc=0.4196
[ep 025] val_sel AUC=0.6187 acc=0.4247
[ep 026] val_sel AUC=0.6147 acc=0.3947
[ep 027] val_sel AUC=0.6264 acc=0.4303
[ep 028] val_sel AUC=0.6424 acc=0.4469
[ep 029] val_sel AUC=0.6439 acc=0.4444
[ep 030] val_sel AUC=0.6446 acc=0.4469
============================================================
TEST (best val_sel epoch, held-out, evaluated once)
============================================================
TEST AUC : 0.6467  acc 0.4512  f1 0.4462  axion_recall 0.4789
[DONE-QOVT-ABLATION] mode=classical model_III N=500 seed=44 test_AUC=0.6467 val_sel_AUC=0.6446 per_class=(axion=0.7121 cdm=0.5568 no_sub=0.6713) params=207619 attn_params=65536
