[INFO] QOVT-ABLATION D=64 P=8 depth=4 | mode=classical | data=model_II N/class=500 seed=51 split_seed=0 | params=207619 attn_params=65536 qlr=0.01 lr=0.001 | train(1500, 64, 64) val_sel(4455, 64, 64) test(4455, 64, 64) device=cuda
[ep 001] val_sel AUC=0.4842 acc=0.3237
[ep 002] val_sel AUC=0.5009 acc=0.3291
[ep 003] val_sel AUC=0.5232 acc=0.3291
[ep 004] val_sel AUC=0.5293 acc=0.3237
[ep 005] val_sel AUC=0.5321 acc=0.3237
[ep 006] val_sel AUC=0.5415 acc=0.3291
[ep 007] val_sel AUC=0.5458 acc=0.3473
[ep 008] val_sel AUC=0.5445 acc=0.3237
[ep 009] val_sel AUC=0.5462 acc=0.3473
[ep 010] val_sel AUC=0.5462 acc=0.3473
[ep 011] val_sel AUC=0.5575 acc=0.3237
[ep 012] val_sel AUC=0.5709 acc=0.3291
[ep 013] val_sel AUC=0.5787 acc=0.3237
[ep 014] val_sel AUC=0.5246 acc=0.3473
[ep 015] val_sel AUC=0.5547 acc=0.3291
[ep 016] val_sel AUC=0.5527 acc=0.3481
[ep 017] val_sel AUC=0.5545 acc=0.3457
[ep 018] val_sel AUC=0.5369 acc=0.3363
[ep 019] val_sel AUC=0.5406 acc=0.3473
[ep 020] val_sel AUC=0.5627 acc=0.3291
[ep 021] val_sel AUC=0.5626 acc=0.3284
[ep 022] val_sel AUC=0.5572 acc=0.3425
[ep 023] val_sel AUC=0.5639 acc=0.3679
[ep 024] val_sel AUC=0.5907 acc=0.4011
[ep 025] val_sel AUC=0.6173 acc=0.4233
[ep 026] val_sel AUC=0.6227 acc=0.4361
[ep 027] val_sel AUC=0.6404 acc=0.4022
[ep 028] val_sel AUC=0.6610 acc=0.4669
[ep 029] val_sel AUC=0.6577 acc=0.4694
[ep 030] val_sel AUC=0.6637 acc=0.4747
============================================================
TEST (best val_sel epoch, held-out, evaluated once)
============================================================
TEST AUC : 0.6604  acc 0.4768  f1 0.4541  axion_recall 0.6991
[DONE-QOVT-ABLATION] mode=classical model_II N=500 seed=51 test_AUC=0.6604 val_sel_AUC=0.6637 per_class=(axion=0.7334 cdm=0.5593 no_sub=0.6886) params=207619 attn_params=65536
