[INFO] QOVT-ABLATION D=64 P=8 depth=4 | mode=classical | data=model_II N/class=500 seed=50 split_seed=0 | params=207619 attn_params=65536 qlr=0.01 lr=0.001 | train(1500, 64, 64) val_sel(4455, 64, 64) test(4455, 64, 64) device=cuda
[ep 001] val_sel AUC=0.4971 acc=0.3473
[ep 002] val_sel AUC=0.5003 acc=0.3237
[ep 003] val_sel AUC=0.5020 acc=0.3237
[ep 004] val_sel AUC=0.5027 acc=0.3237
[ep 005] val_sel AUC=0.4982 acc=0.3291
[ep 006] val_sel AUC=0.5026 acc=0.3237
[ep 007] val_sel AUC=0.5030 acc=0.3473
[ep 008] val_sel AUC=0.5027 acc=0.3473
[ep 009] val_sel AUC=0.5025 acc=0.3473
[ep 010] val_sel AUC=0.5029 acc=0.3473
[ep 011] val_sel AUC=0.4984 acc=0.3237
[ep 012] val_sel AUC=0.5009 acc=0.3237
[ep 013] val_sel AUC=0.5101 acc=0.3473
[ep 014] val_sel AUC=0.5134 acc=0.3473
[ep 015] val_sel AUC=0.5282 acc=0.3291
[ep 016] val_sel AUC=0.5276 acc=0.3284
[ep 017] val_sel AUC=0.5361 acc=0.3302
[ep 018] val_sel AUC=0.5330 acc=0.3542
[ep 019] val_sel AUC=0.5421 acc=0.3513
[ep 020] val_sel AUC=0.5349 acc=0.3410
[ep 021] val_sel AUC=0.5250 acc=0.3473
[ep 022] val_sel AUC=0.5273 acc=0.3291
[ep 023] val_sel AUC=0.5355 acc=0.3448
[ep 024] val_sel AUC=0.5364 acc=0.3473
[ep 025] val_sel AUC=0.5388 acc=0.3571
[ep 026] val_sel AUC=0.5380 acc=0.3414
[ep 027] val_sel AUC=0.5395 acc=0.3574
[ep 028] val_sel AUC=0.5374 acc=0.3679
[ep 029] val_sel AUC=0.5382 acc=0.3562
[ep 030] val_sel AUC=0.5383 acc=0.3684
============================================================
TEST (best val_sel epoch, held-out, evaluated once)
============================================================
TEST AUC : 0.5519  acc 0.3284  f1 0.1923  axion_recall 0.0516
[DONE-QOVT-ABLATION] mode=classical model_II N=500 seed=50 test_AUC=0.5519 val_sel_AUC=0.5421 per_class=(axion=0.5763 cdm=0.5015 no_sub=0.5780) params=207619 attn_params=65536
