[INFO] QOVT-ABLATION D=64 P=8 depth=4 | mode=classical | data=model_II N/class=500 seed=49 split_seed=0 | params=207619 attn_params=65536 qlr=0.01 lr=0.001 | train(1500, 64, 64) val_sel(4455, 64, 64) test(4455, 64, 64) device=cuda
[ep 001] val_sel AUC=0.5071 acc=0.3237
[ep 002] val_sel AUC=0.5026 acc=0.3473
[ep 003] val_sel AUC=0.5007 acc=0.3473
[ep 004] val_sel AUC=0.5033 acc=0.3237
[ep 005] val_sel AUC=0.5044 acc=0.3237
[ep 006] val_sel AUC=0.5067 acc=0.3291
[ep 007] val_sel AUC=0.5111 acc=0.3237
[ep 008] val_sel AUC=0.5125 acc=0.3291
[ep 009] val_sel AUC=0.5139 acc=0.3315
[ep 010] val_sel AUC=0.5145 acc=0.3389
[ep 011] val_sel AUC=0.5166 acc=0.3473
[ep 012] val_sel AUC=0.5188 acc=0.3363
[ep 013] val_sel AUC=0.5325 acc=0.3351
[ep 014] val_sel AUC=0.5210 acc=0.3259
[ep 015] val_sel AUC=0.5311 acc=0.3468
[ep 016] val_sel AUC=0.5341 acc=0.3324
[ep 017] val_sel AUC=0.5267 acc=0.3452
[ep 018] val_sel AUC=0.5333 acc=0.3495
[ep 019] val_sel AUC=0.5452 acc=0.3380
[ep 020] val_sel AUC=0.5436 acc=0.3701
[ep 021] val_sel AUC=0.5444 acc=0.3524
[ep 022] val_sel AUC=0.5565 acc=0.3802
[ep 023] val_sel AUC=0.5644 acc=0.3457
[ep 024] val_sel AUC=0.5817 acc=0.3517
[ep 025] val_sel AUC=0.5954 acc=0.4233
[ep 026] val_sel AUC=0.5966 acc=0.4370
[ep 027] val_sel AUC=0.6029 acc=0.4074
[ep 028] val_sel AUC=0.6271 acc=0.4521
[ep 029] val_sel AUC=0.6275 acc=0.4444
[ep 030] val_sel AUC=0.6302 acc=0.4521
============================================================
TEST (best val_sel epoch, held-out, evaluated once)
============================================================
TEST AUC : 0.6313  acc 0.4732  f1 0.4447  axion_recall 0.5933
[DONE-QOVT-ABLATION] mode=classical model_II N=500 seed=49 test_AUC=0.6313 val_sel_AUC=0.6302 per_class=(axion=0.6921 cdm=0.5216 no_sub=0.6802) params=207619 attn_params=65536
