[INFO] QOVT-ABLATION D=64 P=8 depth=4 | mode=classical | data=model_II N/class=500 seed=43 split_seed=0 | params=207619 attn_params=65536 qlr=0.01 lr=0.001 | train(1500, 64, 64) val_sel(4455, 64, 64) test(4455, 64, 64) device=cuda
[ep 001] val_sel AUC=0.4963 acc=0.3237
[ep 002] val_sel AUC=0.5082 acc=0.3473
[ep 003] val_sel AUC=0.5389 acc=0.3291
[ep 004] val_sel AUC=0.5311 acc=0.3237
[ep 005] val_sel AUC=0.5265 acc=0.3473
[ep 006] val_sel AUC=0.5355 acc=0.3237
[ep 007] val_sel AUC=0.5383 acc=0.3291
[ep 008] val_sel AUC=0.5371 acc=0.3473
[ep 009] val_sel AUC=0.5386 acc=0.3520
[ep 010] val_sel AUC=0.5388 acc=0.3719
[ep 011] val_sel AUC=0.5100 acc=0.3389
[ep 012] val_sel AUC=0.5419 acc=0.3237
[ep 013] val_sel AUC=0.5628 acc=0.3237
[ep 014] val_sel AUC=0.5452 acc=0.3468
[ep 015] val_sel AUC=0.5379 acc=0.3612
[ep 016] val_sel AUC=0.5297 acc=0.3567
[ep 017] val_sel AUC=0.5664 acc=0.3684
[ep 018] val_sel AUC=0.5490 acc=0.3776
[ep 019] val_sel AUC=0.5493 acc=0.3688
[ep 020] val_sel AUC=0.5638 acc=0.3737
[ep 021] val_sel AUC=0.5724 acc=0.3881
[ep 022] val_sel AUC=0.5920 acc=0.3957
[ep 023] val_sel AUC=0.6034 acc=0.4119
[ep 024] val_sel AUC=0.6199 acc=0.4361
[ep 025] val_sel AUC=0.6281 acc=0.4209
[ep 026] val_sel AUC=0.6363 acc=0.4379
[ep 027] val_sel AUC=0.6684 acc=0.4721
[ep 028] val_sel AUC=0.6752 acc=0.4810
[ep 029] val_sel AUC=0.6782 acc=0.4851
[ep 030] val_sel AUC=0.6779 acc=0.4817
============================================================
TEST (best val_sel epoch, held-out, evaluated once)
============================================================
TEST AUC : 0.6716  acc 0.4943  f1 0.4797  axion_recall 0.6283
[DONE-QOVT-ABLATION] mode=classical model_II N=500 seed=43 test_AUC=0.6716 val_sel_AUC=0.6782 per_class=(axion=0.7564 cdm=0.5447 no_sub=0.7138) params=207619 attn_params=65536
