[INFO] QOVT-ABLATION D=64 P=8 depth=4 | mode=matched | data=model_II N/class=500 seed=46 split_seed=0 | params=143107 attn_params=1024 qlr=0.01 lr=0.001 | train(1500, 64, 64) val_sel(4455, 64, 64) test(4455, 64, 64) device=cuda
[ep 001] val_sel AUC=0.4831 acc=0.3291
[ep 002] val_sel AUC=0.4947 acc=0.3237
[ep 003] val_sel AUC=0.5223 acc=0.3291
[ep 004] val_sel AUC=0.5026 acc=0.3291
[ep 005] val_sel AUC=0.4989 acc=0.3237
[ep 006] val_sel AUC=0.4986 acc=0.3473
[ep 007] val_sel AUC=0.4986 acc=0.3473
[ep 008] val_sel AUC=0.4992 acc=0.3473
[ep 009] val_sel AUC=0.4988 acc=0.3473
[ep 010] val_sel AUC=0.4996 acc=0.3237
[ep 011] val_sel AUC=0.5191 acc=0.3291
[ep 012] val_sel AUC=0.5214 acc=0.3291
[ep 013] val_sel AUC=0.4956 acc=0.3237
[ep 014] val_sel AUC=0.4961 acc=0.3473
[ep 015] val_sel AUC=0.5175 acc=0.3473
[ep 016] val_sel AUC=0.5134 acc=0.3291
[ep 017] val_sel AUC=0.5067 acc=0.3237
[ep 018] val_sel AUC=0.5098 acc=0.3253
[ep 019] val_sel AUC=0.5055 acc=0.3291
[ep 020] val_sel AUC=0.5203 acc=0.3313
[ep 021] val_sel AUC=0.5109 acc=0.3473
[ep 022] val_sel AUC=0.5175 acc=0.3430
[ep 023] val_sel AUC=0.5105 acc=0.3365
[ep 024] val_sel AUC=0.4813 acc=0.3291
[ep 025] val_sel AUC=0.4793 acc=0.3473
[ep 026] val_sel AUC=0.4834 acc=0.3291
[ep 027] val_sel AUC=0.4826 acc=0.3473
[ep 028] val_sel AUC=0.4812 acc=0.3244
[ep 029] val_sel AUC=0.4829 acc=0.3291
[ep 030] val_sel AUC=0.4825 acc=0.3275
============================================================
TEST (best val_sel epoch, held-out, evaluated once)
============================================================
TEST AUC : 0.5250  acc 0.3396  f1 0.1690  axion_recall 0.0000
[DONE-QOVT-ABLATION] mode=matched model_II N=500 seed=46 test_AUC=0.5250 val_sel_AUC=0.5223 per_class=(axion=0.5244 cdm=0.5139 no_sub=0.5367) params=143107 attn_params=1024
