[INFO] QOVT-ABLATION D=64 P=8 depth=4 | mode=matched | data=model_II N/class=500 seed=45 split_seed=0 | params=143107 attn_params=1024 qlr=0.01 lr=0.001 | train(1500, 64, 64) val_sel(4455, 64, 64) test(4455, 64, 64) device=cuda
[ep 001] val_sel AUC=0.5354 acc=0.3291
[ep 002] val_sel AUC=0.5365 acc=0.3291
[ep 003] val_sel AUC=0.5426 acc=0.3237
[ep 004] val_sel AUC=0.5356 acc=0.3473
[ep 005] val_sel AUC=0.5329 acc=0.3237
[ep 006] val_sel AUC=0.5296 acc=0.3291
[ep 007] val_sel AUC=0.5319 acc=0.3473
[ep 008] val_sel AUC=0.5316 acc=0.3237
[ep 009] val_sel AUC=0.5314 acc=0.3291
[ep 010] val_sel AUC=0.5316 acc=0.3291
[ep 011] val_sel AUC=0.5339 acc=0.3291
[ep 012] val_sel AUC=0.5207 acc=0.3473
[ep 013] val_sel AUC=0.5274 acc=0.3473
[ep 014] val_sel AUC=0.5017 acc=0.3291
[ep 015] val_sel AUC=0.5322 acc=0.3473
[ep 016] val_sel AUC=0.5147 acc=0.3670
[ep 017] val_sel AUC=0.5308 acc=0.3291
[ep 018] val_sel AUC=0.5177 acc=0.3237
[ep 019] val_sel AUC=0.5187 acc=0.3291
[ep 020] val_sel AUC=0.5122 acc=0.3237
[ep 021] val_sel AUC=0.5119 acc=0.3473
[ep 022] val_sel AUC=0.5139 acc=0.3291
[ep 023] val_sel AUC=0.5136 acc=0.3291
[ep 024] val_sel AUC=0.5149 acc=0.3291
[ep 025] val_sel AUC=0.5159 acc=0.3291
[ep 026] val_sel AUC=0.5164 acc=0.3237
[ep 027] val_sel AUC=0.5162 acc=0.3237
[ep 028] val_sel AUC=0.5166 acc=0.3264
[ep 029] val_sel AUC=0.5167 acc=0.3329
[ep 030] val_sel AUC=0.5167 acc=0.3356
============================================================
TEST (best val_sel epoch, held-out, evaluated once)
============================================================
TEST AUC : 0.5345  acc 0.3394  f1 0.1689  axion_recall 1.0000
[DONE-QOVT-ABLATION] mode=matched model_II N=500 seed=45 test_AUC=0.5345 val_sel_AUC=0.5426 per_class=(axion=0.5485 cdm=0.5159 no_sub=0.5389) params=143107 attn_params=1024
