[INFO] QOVT-ABLATION D=64 P=8 depth=4 | mode=matched | data=model_II N/class=500 seed=50 split_seed=0 | params=143107 attn_params=1024 qlr=0.01 lr=0.001 | train(1500, 64, 64) val_sel(4455, 64, 64) test(4455, 64, 64) device=cuda
[ep 001] val_sel AUC=0.5125 acc=0.3291
[ep 002] val_sel AUC=0.5196 acc=0.3237
[ep 003] val_sel AUC=0.5210 acc=0.3237
[ep 004] val_sel AUC=0.5218 acc=0.3237
[ep 005] val_sel AUC=0.5221 acc=0.3473
[ep 006] val_sel AUC=0.5222 acc=0.3237
[ep 007] val_sel AUC=0.5223 acc=0.3473
[ep 008] val_sel AUC=0.5224 acc=0.3473
[ep 009] val_sel AUC=0.5224 acc=0.3291
[ep 010] val_sel AUC=0.5224 acc=0.3291
[ep 011] val_sel AUC=0.5229 acc=0.3237
[ep 012] val_sel AUC=0.5252 acc=0.3237
[ep 013] val_sel AUC=0.5253 acc=0.3473
[ep 014] val_sel AUC=0.5247 acc=0.3473
[ep 015] val_sel AUC=0.5247 acc=0.3291
[ep 016] val_sel AUC=0.5250 acc=0.3291
[ep 017] val_sel AUC=0.5253 acc=0.3291
[ep 018] val_sel AUC=0.5236 acc=0.3473
[ep 019] val_sel AUC=0.5231 acc=0.3473
[ep 020] val_sel AUC=0.5225 acc=0.3237
[ep 021] val_sel AUC=0.5219 acc=0.3237
[ep 022] val_sel AUC=0.5211 acc=0.3237
[ep 023] val_sel AUC=0.5203 acc=0.3237
[ep 024] val_sel AUC=0.5200 acc=0.3473
[ep 025] val_sel AUC=0.5189 acc=0.3237
[ep 026] val_sel AUC=0.5187 acc=0.3490
[ep 027] val_sel AUC=0.5176 acc=0.3473
[ep 028] val_sel AUC=0.5176 acc=0.3291
[ep 029] val_sel AUC=0.5172 acc=0.3473
[ep 030] val_sel AUC=0.5172 acc=0.3473
============================================================
TEST (best val_sel epoch, held-out, evaluated once)
============================================================
TEST AUC : 0.5211  acc 0.3210  f1 0.1620  axion_recall 0.0000
[DONE-QOVT-ABLATION] mode=matched model_II N=500 seed=50 test_AUC=0.5211 val_sel_AUC=0.5253 per_class=(axion=0.5211 cdm=0.5109 no_sub=0.5315) params=143107 attn_params=1024
