[INFO] QOVT-ABLATION D=64 P=8 depth=4 | mode=matched | data=model_II N/class=500 seed=49 split_seed=0 | params=143107 attn_params=1024 qlr=0.01 lr=0.001 | train(1500, 64, 64) val_sel(4455, 64, 64) test(4455, 64, 64) device=cuda
[ep 001] val_sel AUC=0.5017 acc=0.3473
[ep 002] val_sel AUC=0.5028 acc=0.3473
[ep 003] val_sel AUC=0.5206 acc=0.3291
[ep 004] val_sel AUC=0.5146 acc=0.3291
[ep 005] val_sel AUC=0.5210 acc=0.3291
[ep 006] val_sel AUC=0.5204 acc=0.3237
[ep 007] val_sel AUC=0.5199 acc=0.3473
[ep 008] val_sel AUC=0.5207 acc=0.3264
[ep 009] val_sel AUC=0.5208 acc=0.3237
[ep 010] val_sel AUC=0.5208 acc=0.3291
[ep 011] val_sel AUC=0.4969 acc=0.3473
[ep 012] val_sel AUC=0.5211 acc=0.3237
[ep 013] val_sel AUC=0.5226 acc=0.3237
[ep 014] val_sel AUC=0.5229 acc=0.3237
[ep 015] val_sel AUC=0.5234 acc=0.3237
[ep 016] val_sel AUC=0.5227 acc=0.3237
[ep 017] val_sel AUC=0.5247 acc=0.3291
[ep 018] val_sel AUC=0.5229 acc=0.3237
[ep 019] val_sel AUC=0.5195 acc=0.3473
[ep 020] val_sel AUC=0.5142 acc=0.3473
[ep 021] val_sel AUC=0.5182 acc=0.3291
[ep 022] val_sel AUC=0.5059 acc=0.3291
[ep 023] val_sel AUC=0.4879 acc=0.3237
[ep 024] val_sel AUC=0.4947 acc=0.3473
[ep 025] val_sel AUC=0.4939 acc=0.3212
[ep 026] val_sel AUC=0.4954 acc=0.3111
[ep 027] val_sel AUC=0.4938 acc=0.3473
[ep 028] val_sel AUC=0.4930 acc=0.3291
[ep 029] val_sel AUC=0.4922 acc=0.3385
[ep 030] val_sel AUC=0.4922 acc=0.3403
============================================================
TEST (best val_sel epoch, held-out, evaluated once)
============================================================
TEST AUC : 0.5250  acc 0.3396  f1 0.1690  axion_recall 0.0000
[DONE-QOVT-ABLATION] mode=matched model_II N=500 seed=49 test_AUC=0.5250 val_sel_AUC=0.5247 per_class=(axion=0.5376 cdm=0.4907 no_sub=0.5466) params=143107 attn_params=1024
