[INFO] QOVT-ABLATION D=64 P=8 depth=4 | mode=matched | data=model_III N/class=500 seed=48 split_seed=0 | params=143107 attn_params=1024 qlr=0.01 lr=0.001 | train(1500, 64, 64) val_sel(4469, 64, 64) test(4470, 64, 64) device=cuda
[ep 001] val_sel AUC=0.5035 acc=0.3433
[ep 002] val_sel AUC=0.5010 acc=0.3433
[ep 003] val_sel AUC=0.5035 acc=0.3283
[ep 004] val_sel AUC=0.5039 acc=0.3433
[ep 005] val_sel AUC=0.5041 acc=0.3283
[ep 006] val_sel AUC=0.5042 acc=0.3285
[ep 007] val_sel AUC=0.5043 acc=0.3283
[ep 008] val_sel AUC=0.5044 acc=0.3433
[ep 009] val_sel AUC=0.5044 acc=0.3283
[ep 010] val_sel AUC=0.5044 acc=0.3283
[ep 011] val_sel AUC=0.5046 acc=0.3285
[ep 012] val_sel AUC=0.5045 acc=0.3283
[ep 013] val_sel AUC=0.4966 acc=0.3283
[ep 014] val_sel AUC=0.5022 acc=0.3285
[ep 015] val_sel AUC=0.5118 acc=0.3283
[ep 016] val_sel AUC=0.5300 acc=0.3433
[ep 017] val_sel AUC=0.5382 acc=0.3433
[ep 018] val_sel AUC=0.5359 acc=0.3285
[ep 019] val_sel AUC=0.5385 acc=0.3433
[ep 020] val_sel AUC=0.5350 acc=0.3433
[ep 021] val_sel AUC=0.5351 acc=0.3401
[ep 022] val_sel AUC=0.5086 acc=0.3285
[ep 023] val_sel AUC=0.4774 acc=0.3285
[ep 024] val_sel AUC=0.4755 acc=0.3433
[ep 025] val_sel AUC=0.4759 acc=0.3433
[ep 026] val_sel AUC=0.4772 acc=0.3433
[ep 027] val_sel AUC=0.4778 acc=0.3285
[ep 028] val_sel AUC=0.4781 acc=0.3285
[ep 029] val_sel AUC=0.4785 acc=0.3433
[ep 030] val_sel AUC=0.4785 acc=0.3285
============================================================
TEST (best val_sel epoch, held-out, evaluated once)
============================================================
TEST AUC : 0.5453  acc 0.3188  f1 0.1612  axion_recall 0.0000
[DONE-QOVT-ABLATION] mode=matched model_III N=500 seed=48 test_AUC=0.5453 val_sel_AUC=0.5385 per_class=(axion=0.5673 cdm=0.5226 no_sub=0.5461) params=143107 attn_params=1024
