[INFO] QOVT-ABLATION D=64 P=8 depth=4 | mode=matched | data=model_III N/class=500 seed=51 split_seed=0 | params=143107 attn_params=1024 qlr=0.01 lr=0.001 | train(1500, 64, 64) val_sel(4469, 64, 64) test(4470, 64, 64) device=cuda
[ep 001] val_sel AUC=0.5202 acc=0.3433
[ep 002] val_sel AUC=0.5157 acc=0.3433
[ep 003] val_sel AUC=0.5122 acc=0.3433
[ep 004] val_sel AUC=0.5119 acc=0.3285
[ep 005] val_sel AUC=0.5152 acc=0.3283
[ep 006] val_sel AUC=0.5101 acc=0.3285
[ep 007] val_sel AUC=0.5156 acc=0.3283
[ep 008] val_sel AUC=0.5113 acc=0.3285
[ep 009] val_sel AUC=0.5146 acc=0.3285
[ep 010] val_sel AUC=0.5146 acc=0.3283
[ep 011] val_sel AUC=0.5158 acc=0.3285
[ep 012] val_sel AUC=0.5169 acc=0.3283
[ep 013] val_sel AUC=0.5169 acc=0.3285
[ep 014] val_sel AUC=0.5174 acc=0.3283
[ep 015] val_sel AUC=0.5018 acc=0.3285
[ep 016] val_sel AUC=0.5177 acc=0.3283
[ep 017] val_sel AUC=0.5181 acc=0.3283
[ep 018] val_sel AUC=0.5182 acc=0.3283
[ep 019] val_sel AUC=0.5073 acc=0.3285
[ep 020] val_sel AUC=0.5075 acc=0.3433
[ep 021] val_sel AUC=0.5075 acc=0.3433
[ep 022] val_sel AUC=0.5073 acc=0.3283
[ep 023] val_sel AUC=0.5077 acc=0.3285
[ep 024] val_sel AUC=0.5077 acc=0.3285
[ep 025] val_sel AUC=0.5077 acc=0.3283
[ep 026] val_sel AUC=0.5079 acc=0.3433
[ep 027] val_sel AUC=0.5079 acc=0.3283
[ep 028] val_sel AUC=0.5079 acc=0.3283
[ep 029] val_sel AUC=0.5079 acc=0.3283
[ep 030] val_sel AUC=0.5079 acc=0.3283
============================================================
TEST (best val_sel epoch, held-out, evaluated once)
============================================================
TEST AUC : 0.5187  acc 0.3188  f1 0.1612  axion_recall 0.0000
[DONE-QOVT-ABLATION] mode=matched model_III N=500 seed=51 test_AUC=0.5187 val_sel_AUC=0.5202 per_class=(axion=0.5283 cdm=0.5081 no_sub=0.5198) params=143107 attn_params=1024
