[INFO] QOVT-ABLATION D=64 P=8 depth=4 | mode=matched | data=model_III N/class=500 seed=42 split_seed=0 | params=143107 attn_params=1024 qlr=0.01 lr=0.001 | train(1500, 64, 64) val_sel(4469, 64, 64) test(4470, 64, 64) device=cuda
[ep 001] val_sel AUC=0.5099 acc=0.3283
[ep 002] val_sel AUC=0.4964 acc=0.3285
[ep 003] val_sel AUC=0.4922 acc=0.3283
[ep 004] val_sel AUC=0.4936 acc=0.3433
[ep 005] val_sel AUC=0.4935 acc=0.3285
[ep 006] val_sel AUC=0.4929 acc=0.3283
[ep 007] val_sel AUC=0.4938 acc=0.3285
[ep 008] val_sel AUC=0.4931 acc=0.3433
[ep 009] val_sel AUC=0.4935 acc=0.3433
[ep 010] val_sel AUC=0.4934 acc=0.3285
[ep 011] val_sel AUC=0.4918 acc=0.3283
[ep 012] val_sel AUC=0.5004 acc=0.3285
[ep 013] val_sel AUC=0.5005 acc=0.3285
[ep 014] val_sel AUC=0.5010 acc=0.3433
[ep 015] val_sel AUC=0.5001 acc=0.3285
[ep 016] val_sel AUC=0.5006 acc=0.3433
[ep 017] val_sel AUC=0.5005 acc=0.3433
[ep 018] val_sel AUC=0.4993 acc=0.3285
[ep 019] val_sel AUC=0.4995 acc=0.3285
[ep 020] val_sel AUC=0.4993 acc=0.3433
[ep 021] val_sel AUC=0.4986 acc=0.3285
[ep 022] val_sel AUC=0.4995 acc=0.3433
[ep 023] val_sel AUC=0.4982 acc=0.3285
[ep 024] val_sel AUC=0.4987 acc=0.3433
[ep 025] val_sel AUC=0.4984 acc=0.3285
[ep 026] val_sel AUC=0.4985 acc=0.3285
[ep 027] val_sel AUC=0.4985 acc=0.3433
[ep 028] val_sel AUC=0.4985 acc=0.3433
[ep 029] val_sel AUC=0.4985 acc=0.3433
[ep 030] val_sel AUC=0.4985 acc=0.3433
============================================================
TEST (best val_sel epoch, held-out, evaluated once)
============================================================
TEST AUC : 0.5076  acc 0.3365  f1 0.1678  axion_recall 0.0000
[DONE-QOVT-ABLATION] mode=matched model_III N=500 seed=42 test_AUC=0.5076 val_sel_AUC=0.5099 per_class=(axion=0.5381 cdm=0.4970 no_sub=0.4877) params=143107 attn_params=1024
