[INFO] QOVT-ABLATION D=64 P=8 depth=4 | mode=matched | data=model_III N/class=500 seed=50 split_seed=0 | params=143107 attn_params=1024 qlr=0.01 lr=0.001 | train(1500, 64, 64) val_sel(4469, 64, 64) test(4470, 64, 64) device=cuda
[ep 001] val_sel AUC=0.4787 acc=0.3283
[ep 002] val_sel AUC=0.4948 acc=0.3285
[ep 003] val_sel AUC=0.4915 acc=0.3285
[ep 004] val_sel AUC=0.4958 acc=0.3285
[ep 005] val_sel AUC=0.5005 acc=0.3433
[ep 006] val_sel AUC=0.5012 acc=0.3285
[ep 007] val_sel AUC=0.5052 acc=0.3433
[ep 008] val_sel AUC=0.5070 acc=0.3433
[ep 009] val_sel AUC=0.5086 acc=0.3283
[ep 010] val_sel AUC=0.5087 acc=0.3283
[ep 011] val_sel AUC=0.5064 acc=0.3285
[ep 012] val_sel AUC=0.5009 acc=0.3285
[ep 013] val_sel AUC=0.5046 acc=0.3433
[ep 014] val_sel AUC=0.5131 acc=0.3433
[ep 015] val_sel AUC=0.5118 acc=0.3283
[ep 016] val_sel AUC=0.5106 acc=0.3283
[ep 017] val_sel AUC=0.5123 acc=0.3283
[ep 018] val_sel AUC=0.5198 acc=0.3433
[ep 019] val_sel AUC=0.5249 acc=0.3433
[ep 020] val_sel AUC=0.5339 acc=0.3285
[ep 021] val_sel AUC=0.5355 acc=0.3285
[ep 022] val_sel AUC=0.5407 acc=0.3283
[ep 023] val_sel AUC=0.5406 acc=0.3370
[ep 024] val_sel AUC=0.5443 acc=0.3433
[ep 025] val_sel AUC=0.5458 acc=0.3433
[ep 026] val_sel AUC=0.5467 acc=0.3283
[ep 027] val_sel AUC=0.5460 acc=0.3294
[ep 028] val_sel AUC=0.5471 acc=0.3406
[ep 029] val_sel AUC=0.5476 acc=0.3406
[ep 030] val_sel AUC=0.5476 acc=0.3596
============================================================
TEST (best val_sel epoch, held-out, evaluated once)
============================================================
TEST AUC : 0.5497  acc 0.3221  f1 0.2094  axion_recall 0.1012
[DONE-QOVT-ABLATION] mode=matched model_III N=500 seed=50 test_AUC=0.5497 val_sel_AUC=0.5476 per_class=(axion=0.5674 cdm=0.5201 no_sub=0.5615) params=143107 attn_params=1024
