[INFO] QOVT-ABLATION D=64 P=8 depth=4 | mode=matched | data=model_III N/class=500 seed=45 split_seed=0 | params=143107 attn_params=1024 qlr=0.01 lr=0.001 | train(1500, 64, 64) val_sel(4469, 64, 64) test(4470, 64, 64) device=cuda
[ep 001] val_sel AUC=0.5304 acc=0.3283
[ep 002] val_sel AUC=0.5222 acc=0.3283
[ep 003] val_sel AUC=0.5207 acc=0.3285
[ep 004] val_sel AUC=0.5134 acc=0.3433
[ep 005] val_sel AUC=0.5112 acc=0.3285
[ep 006] val_sel AUC=0.5179 acc=0.3283
[ep 007] val_sel AUC=0.5109 acc=0.3433
[ep 008] val_sel AUC=0.5102 acc=0.3285
[ep 009] val_sel AUC=0.5105 acc=0.3283
[ep 010] val_sel AUC=0.5104 acc=0.3283
[ep 011] val_sel AUC=0.5186 acc=0.3283
[ep 012] val_sel AUC=0.5119 acc=0.3433
[ep 013] val_sel AUC=0.5113 acc=0.3433
[ep 014] val_sel AUC=0.5207 acc=0.3283
[ep 015] val_sel AUC=0.5212 acc=0.3433
[ep 016] val_sel AUC=0.5216 acc=0.3433
[ep 017] val_sel AUC=0.5220 acc=0.3433
[ep 018] val_sel AUC=0.5228 acc=0.3285
[ep 019] val_sel AUC=0.5229 acc=0.3283
[ep 020] val_sel AUC=0.5236 acc=0.3285
[ep 021] val_sel AUC=0.5239 acc=0.3433
[ep 022] val_sel AUC=0.5241 acc=0.3283
[ep 023] val_sel AUC=0.5245 acc=0.3283
[ep 024] val_sel AUC=0.5247 acc=0.3283
[ep 025] val_sel AUC=0.5249 acc=0.3283
[ep 026] val_sel AUC=0.5251 acc=0.3285
[ep 027] val_sel AUC=0.5252 acc=0.3285
[ep 028] val_sel AUC=0.5252 acc=0.3285
[ep 029] val_sel AUC=0.5252 acc=0.3394
[ep 030] val_sel AUC=0.5252 acc=0.3401
============================================================
TEST (best val_sel epoch, held-out, evaluated once)
============================================================
TEST AUC : 0.5277  acc 0.3365  f1 0.1678  axion_recall 0.0000
[DONE-QOVT-ABLATION] mode=matched model_III N=500 seed=45 test_AUC=0.5277 val_sel_AUC=0.5304 per_class=(axion=0.5447 cdm=0.5169 no_sub=0.5215) params=143107 attn_params=1024
