[INFO] QOVT-ABLATION D=64 P=8 depth=4 | mode=matched | data=model_III N/class=500 seed=43 split_seed=0 | params=143107 attn_params=1024 qlr=0.01 lr=0.001 | train(1500, 64, 64) val_sel(4469, 64, 64) test(4470, 64, 64) device=cuda
[ep 001] val_sel AUC=0.5223 acc=0.3283
[ep 002] val_sel AUC=0.5258 acc=0.3283
[ep 003] val_sel AUC=0.5342 acc=0.3283
[ep 004] val_sel AUC=0.5326 acc=0.3285
[ep 005] val_sel AUC=0.5315 acc=0.3433
[ep 006] val_sel AUC=0.5310 acc=0.3285
[ep 007] val_sel AUC=0.5298 acc=0.3433
[ep 008] val_sel AUC=0.5299 acc=0.3283
[ep 009] val_sel AUC=0.5295 acc=0.3433
[ep 010] val_sel AUC=0.5295 acc=0.3433
[ep 011] val_sel AUC=0.5188 acc=0.3283
[ep 012] val_sel AUC=0.5173 acc=0.3285
[ep 013] val_sel AUC=0.5282 acc=0.3433
[ep 014] val_sel AUC=0.5256 acc=0.3285
[ep 015] val_sel AUC=0.5287 acc=0.3283
[ep 016] val_sel AUC=0.5299 acc=0.3433
[ep 017] val_sel AUC=0.5351 acc=0.3283
[ep 018] val_sel AUC=0.5374 acc=0.3283
[ep 019] val_sel AUC=0.5380 acc=0.3285
[ep 020] val_sel AUC=0.5431 acc=0.3433
[ep 021] val_sel AUC=0.5471 acc=0.3285
[ep 022] val_sel AUC=0.5509 acc=0.3283
[ep 023] val_sel AUC=0.5476 acc=0.3283
[ep 024] val_sel AUC=0.5475 acc=0.3659
[ep 025] val_sel AUC=0.5409 acc=0.3318
[ep 026] val_sel AUC=0.5360 acc=0.3283
[ep 027] val_sel AUC=0.5411 acc=0.3500
[ep 028] val_sel AUC=0.5442 acc=0.3580
[ep 029] val_sel AUC=0.5450 acc=0.3719
[ep 030] val_sel AUC=0.5451 acc=0.3726
============================================================
TEST (best val_sel epoch, held-out, evaluated once)
============================================================
TEST AUC : 0.5609  acc 0.3365  f1 0.1678  axion_recall 0.0000
[DONE-QOVT-ABLATION] mode=matched model_III N=500 seed=43 test_AUC=0.5609 val_sel_AUC=0.5509 per_class=(axion=0.5903 cdm=0.5420 no_sub=0.5505) params=143107 attn_params=1024
