[INFO] QOVT-ABLATION D=64 P=8 depth=4 | mode=matched | data=model_II N/class=500 seed=51 split_seed=0 | params=143107 attn_params=1024 qlr=0.01 lr=0.001 | train(1500, 64, 64) val_sel(4455, 64, 64) test(4455, 64, 64) device=cuda
[ep 001] val_sel AUC=0.5222 acc=0.3473
[ep 002] val_sel AUC=0.5260 acc=0.3473
[ep 003] val_sel AUC=0.5246 acc=0.3473
[ep 004] val_sel AUC=0.5248 acc=0.3237
[ep 005] val_sel AUC=0.5248 acc=0.3291
[ep 006] val_sel AUC=0.5248 acc=0.3237
[ep 007] val_sel AUC=0.5249 acc=0.3291
[ep 008] val_sel AUC=0.5248 acc=0.3237
[ep 009] val_sel AUC=0.5248 acc=0.3237
[ep 010] val_sel AUC=0.5248 acc=0.3291
[ep 011] val_sel AUC=0.5251 acc=0.3237
[ep 012] val_sel AUC=0.5259 acc=0.3291
[ep 013] val_sel AUC=0.5262 acc=0.3237
[ep 014] val_sel AUC=0.5266 acc=0.3291
[ep 015] val_sel AUC=0.5268 acc=0.3237
[ep 016] val_sel AUC=0.5273 acc=0.3291
[ep 017] val_sel AUC=0.5275 acc=0.3291
[ep 018] val_sel AUC=0.5286 acc=0.3291
[ep 019] val_sel AUC=0.5255 acc=0.3237
[ep 020] val_sel AUC=0.5238 acc=0.3473
[ep 021] val_sel AUC=0.5279 acc=0.3473
[ep 022] val_sel AUC=0.5279 acc=0.3291
[ep 023] val_sel AUC=0.5280 acc=0.3237
[ep 024] val_sel AUC=0.5277 acc=0.3237
[ep 025] val_sel AUC=0.5277 acc=0.3291
[ep 026] val_sel AUC=0.5274 acc=0.3473
[ep 027] val_sel AUC=0.5272 acc=0.3291
[ep 028] val_sel AUC=0.5270 acc=0.3448
[ep 029] val_sel AUC=0.5270 acc=0.3291
[ep 030] val_sel AUC=0.5269 acc=0.3291
============================================================
TEST (best val_sel epoch, held-out, evaluated once)
============================================================
TEST AUC : 0.5255  acc 0.3396  f1 0.1690  axion_recall 0.0000
[DONE-QOVT-ABLATION] mode=matched model_II N=500 seed=51 test_AUC=0.5255 val_sel_AUC=0.5286 per_class=(axion=0.5275 cdm=0.5108 no_sub=0.5381) params=143107 attn_params=1024
