[INFO] QOVT-ABLATION D=64 P=8 depth=4 | mode=matched | data=model_III N/class=500 seed=44 split_seed=0 | params=143107 attn_params=1024 qlr=0.01 lr=0.001 | train(1500, 64, 64) val_sel(4469, 64, 64) test(4470, 64, 64) device=cuda
[ep 001] val_sel AUC=0.4964 acc=0.3433
[ep 002] val_sel AUC=0.5071 acc=0.3433
[ep 003] val_sel AUC=0.5154 acc=0.3283
[ep 004] val_sel AUC=0.5175 acc=0.3283
[ep 005] val_sel AUC=0.5181 acc=0.3285
[ep 006] val_sel AUC=0.5181 acc=0.3283
[ep 007] val_sel AUC=0.5183 acc=0.3285
[ep 008] val_sel AUC=0.5183 acc=0.3283
[ep 009] val_sel AUC=0.5184 acc=0.3285
[ep 010] val_sel AUC=0.5185 acc=0.3285
[ep 011] val_sel AUC=0.5193 acc=0.3283
[ep 012] val_sel AUC=0.5194 acc=0.3283
[ep 013] val_sel AUC=0.5075 acc=0.3283
[ep 014] val_sel AUC=0.4907 acc=0.3433
[ep 015] val_sel AUC=0.5210 acc=0.3433
[ep 016] val_sel AUC=0.5138 acc=0.3285
[ep 017] val_sel AUC=0.5155 acc=0.3433
[ep 018] val_sel AUC=0.5298 acc=0.3533
[ep 019] val_sel AUC=0.5575 acc=0.3285
[ep 020] val_sel AUC=0.5680 acc=0.3925
[ep 021] val_sel AUC=0.5758 acc=0.3688
[ep 022] val_sel AUC=0.6107 acc=0.3925
[ep 023] val_sel AUC=0.6091 acc=0.4281
[ep 024] val_sel AUC=0.6339 acc=0.4446
[ep 025] val_sel AUC=0.6382 acc=0.4567
[ep 026] val_sel AUC=0.6606 acc=0.4636
[ep 027] val_sel AUC=0.6928 acc=0.4856
[ep 028] val_sel AUC=0.7037 acc=0.4968
[ep 029] val_sel AUC=0.7003 acc=0.5006
[ep 030] val_sel AUC=0.7018 acc=0.5001
============================================================
TEST (best val_sel epoch, held-out, evaluated once)
============================================================
TEST AUC : 0.6937  acc 0.5096  f1 0.4419  axion_recall 0.5224
[DONE-QOVT-ABLATION] mode=matched model_III N=500 seed=44 test_AUC=0.6937 val_sel_AUC=0.7037 per_class=(axion=0.7793 cdm=0.5409 no_sub=0.7607) params=143107 attn_params=1024
