[INFO] QOVT-ABLATION D=64 P=8 depth=4 | mode=quantum | data=model_II N/class=500 seed=50 split_seed=0 | params=142467 attn_params=384 qlr=0.01 lr=0.001 | train(1500, 64, 64) val_sel(4455, 64, 64) test(4455, 64, 64) device=cuda
[ep 001] val_sel AUC=0.5209 acc=0.3237
[ep 002] val_sel AUC=0.5318 acc=0.3291
[ep 003] val_sel AUC=0.5369 acc=0.3291
[ep 004] val_sel AUC=0.5399 acc=0.3473
[ep 005] val_sel AUC=0.5446 acc=0.3473
[ep 006] val_sel AUC=0.5453 acc=0.3291
[ep 007] val_sel AUC=0.5456 acc=0.3237
[ep 008] val_sel AUC=0.5457 acc=0.3291
[ep 009] val_sel AUC=0.5464 acc=0.3731
[ep 010] val_sel AUC=0.5463 acc=0.3762
[ep 011] val_sel AUC=0.5400 acc=0.3506
[ep 012] val_sel AUC=0.5491 acc=0.3627
[ep 013] val_sel AUC=0.5437 acc=0.3585
[ep 014] val_sel AUC=0.5528 acc=0.3616
[ep 015] val_sel AUC=0.5931 acc=0.3562
[ep 016] val_sel AUC=0.6130 acc=0.4132
[ep 017] val_sel AUC=0.6522 acc=0.4052
[ep 018] val_sel AUC=0.6899 acc=0.4799
[ep 019] val_sel AUC=0.7578 acc=0.5479
[ep 020] val_sel AUC=0.8004 acc=0.6375
[ep 021] val_sel AUC=0.8439 acc=0.6629
[ep 022] val_sel AUC=0.8489 acc=0.6862
[ep 023] val_sel AUC=0.8560 acc=0.7154
[ep 024] val_sel AUC=0.8733 acc=0.6965
[ep 025] val_sel AUC=0.8867 acc=0.7475
[ep 026] val_sel AUC=0.9003 acc=0.7641
[ep 027] val_sel AUC=0.9003 acc=0.7782
[ep 028] val_sel AUC=0.9058 acc=0.7856
[ep 029] val_sel AUC=0.9069 acc=0.7881
[ep 030] val_sel AUC=0.9069 acc=0.7868
============================================================
TEST (best val_sel epoch, held-out, evaluated once)
============================================================
TEST AUC : 0.9095  acc 0.7942  f1 0.7847  axion_recall 0.8022
[DONE-QOVT-ABLATION] mode=quantum model_II N=500 seed=50 test_AUC=0.9095 val_sel_AUC=0.9069 per_class=(axion=0.9419 cdm=0.8318 no_sub=0.9546) params=142467 attn_params=384
