[INFO] QOVT-ABLATION D=64 P=8 depth=4 | mode=quantum | data=model_II N/class=500 seed=43 split_seed=0 | params=142467 attn_params=384 qlr=0.01 lr=0.001 | train(1500, 64, 64) val_sel(4455, 64, 64) test(4455, 64, 64) device=cuda
[ep 001] val_sel AUC=0.5347 acc=0.3237
[ep 002] val_sel AUC=0.5473 acc=0.3237
[ep 003] val_sel AUC=0.5488 acc=0.3291
[ep 004] val_sel AUC=0.5516 acc=0.3291
[ep 005] val_sel AUC=0.5528 acc=0.3291
[ep 006] val_sel AUC=0.5527 acc=0.3237
[ep 007] val_sel AUC=0.5511 acc=0.3473
[ep 008] val_sel AUC=0.5532 acc=0.3237
[ep 009] val_sel AUC=0.5534 acc=0.3291
[ep 010] val_sel AUC=0.5533 acc=0.3291
[ep 011] val_sel AUC=0.5560 acc=0.3291
[ep 012] val_sel AUC=0.5523 acc=0.3291
[ep 013] val_sel AUC=0.5430 acc=0.3291
[ep 014] val_sel AUC=0.5438 acc=0.3291
[ep 015] val_sel AUC=0.5439 acc=0.3582
[ep 016] val_sel AUC=0.5494 acc=0.3466
[ep 017] val_sel AUC=0.5689 acc=0.3237
[ep 018] val_sel AUC=0.5593 acc=0.3416
[ep 019] val_sel AUC=0.5756 acc=0.3684
[ep 020] val_sel AUC=0.6065 acc=0.3926
[ep 021] val_sel AUC=0.6439 acc=0.3951
[ep 022] val_sel AUC=0.7352 acc=0.5147
[ep 023] val_sel AUC=0.7987 acc=0.5526
[ep 024] val_sel AUC=0.8567 acc=0.6893
[ep 025] val_sel AUC=0.8867 acc=0.7414
[ep 026] val_sel AUC=0.8983 acc=0.7699
[ep 027] val_sel AUC=0.9046 acc=0.7787
[ep 028] val_sel AUC=0.9113 acc=0.7897
[ep 029] val_sel AUC=0.9133 acc=0.7966
[ep 030] val_sel AUC=0.9145 acc=0.7984
============================================================
TEST (best val_sel epoch, held-out, evaluated once)
============================================================
TEST AUC : 0.9220  acc 0.8155  f1 0.8099  axion_recall 0.8062
[DONE-QOVT-ABLATION] mode=quantum model_II N=500 seed=43 test_AUC=0.9220 val_sel_AUC=0.9145 per_class=(axion=0.9445 cdm=0.8551 no_sub=0.9663) params=142467 attn_params=384
