[INFO] QOVT-ABLATION D=64 P=8 depth=4 | mode=quantum | data=model_III N/class=500 seed=50 split_seed=0 | params=142467 attn_params=384 qlr=0.01 lr=0.001 | train(1500, 64, 64) val_sel(4469, 64, 64) test(4470, 64, 64) device=cuda
[ep 001] val_sel AUC=0.5720 acc=0.3285
[ep 002] val_sel AUC=0.6167 acc=0.3283
[ep 003] val_sel AUC=0.5995 acc=0.3283
[ep 004] val_sel AUC=0.5784 acc=0.3433
[ep 005] val_sel AUC=0.5620 acc=0.3433
[ep 006] val_sel AUC=0.5621 acc=0.3283
[ep 007] val_sel AUC=0.5630 acc=0.3605
[ep 008] val_sel AUC=0.5692 acc=0.3849
[ep 009] val_sel AUC=0.5731 acc=0.3800
[ep 010] val_sel AUC=0.5744 acc=0.3797
[ep 011] val_sel AUC=0.6561 acc=0.4419
[ep 012] val_sel AUC=0.6851 acc=0.4585
[ep 013] val_sel AUC=0.6995 acc=0.4525
[ep 014] val_sel AUC=0.7102 acc=0.5037
[ep 015] val_sel AUC=0.7640 acc=0.5417
[ep 016] val_sel AUC=0.7764 acc=0.5413
[ep 017] val_sel AUC=0.7915 acc=0.6024
[ep 018] val_sel AUC=0.8230 acc=0.6471
[ep 019] val_sel AUC=0.8413 acc=0.6713
[ep 020] val_sel AUC=0.8584 acc=0.7006
[ep 021] val_sel AUC=0.8948 acc=0.6899
[ep 022] val_sel AUC=0.8792 acc=0.6981
[ep 023] val_sel AUC=0.8907 acc=0.7288
[ep 024] val_sel AUC=0.9156 acc=0.7843
[ep 025] val_sel AUC=0.9208 acc=0.8031
[ep 026] val_sel AUC=0.9286 acc=0.8129
[ep 027] val_sel AUC=0.9327 acc=0.8239
[ep 028] val_sel AUC=0.9350 acc=0.8320
[ep 029] val_sel AUC=0.9373 acc=0.8353
[ep 030] val_sel AUC=0.9375 acc=0.8360
============================================================
TEST (best val_sel epoch, held-out, evaluated once)
============================================================
TEST AUC : 0.9301  acc 0.8183  f1 0.8132  axion_recall 0.7846
[DONE-QOVT-ABLATION] mode=quantum model_III N=500 seed=50 test_AUC=0.9301 val_sel_AUC=0.9375 per_class=(axion=0.9590 cdm=0.8688 no_sub=0.9626) params=142467 attn_params=384
