[INFO] QOVT-ABLATION D=64 P=8 depth=4 | mode=quantum | data=model_II N/class=500 seed=47 split_seed=0 | params=142467 attn_params=384 qlr=0.01 lr=0.001 | train(1500, 64, 64) val_sel(4455, 64, 64) test(4455, 64, 64) device=cuda
[ep 001] val_sel AUC=0.5253 acc=0.3291
[ep 002] val_sel AUC=0.5241 acc=0.3473
[ep 003] val_sel AUC=0.5193 acc=0.3502
[ep 004] val_sel AUC=0.5202 acc=0.3239
[ep 005] val_sel AUC=0.5306 acc=0.3270
[ep 006] val_sel AUC=0.5419 acc=0.3499
[ep 007] val_sel AUC=0.5537 acc=0.3809
[ep 008] val_sel AUC=0.5576 acc=0.3679
[ep 009] val_sel AUC=0.5611 acc=0.3780
[ep 010] val_sel AUC=0.5623 acc=0.3780
[ep 011] val_sel AUC=0.5881 acc=0.3686
[ep 012] val_sel AUC=0.5801 acc=0.3991
[ep 013] val_sel AUC=0.6061 acc=0.3973
[ep 014] val_sel AUC=0.6734 acc=0.4682
[ep 015] val_sel AUC=0.7348 acc=0.5309
[ep 016] val_sel AUC=0.7155 acc=0.5120
[ep 017] val_sel AUC=0.7927 acc=0.6092
[ep 018] val_sel AUC=0.7698 acc=0.5957
[ep 019] val_sel AUC=0.8108 acc=0.6236
[ep 020] val_sel AUC=0.8750 acc=0.7253
[ep 021] val_sel AUC=0.8483 acc=0.6730
[ep 022] val_sel AUC=0.8778 acc=0.7172
[ep 023] val_sel AUC=0.8856 acc=0.7214
[ep 024] val_sel AUC=0.9042 acc=0.7551
[ep 025] val_sel AUC=0.9052 acc=0.7684
[ep 026] val_sel AUC=0.9179 acc=0.7930
[ep 027] val_sel AUC=0.9213 acc=0.7993
[ep 028] val_sel AUC=0.9225 acc=0.8034
[ep 029] val_sel AUC=0.9243 acc=0.8137
[ep 030] val_sel AUC=0.9242 acc=0.8162
============================================================
TEST (best val_sel epoch, held-out, evaluated once)
============================================================
TEST AUC : 0.9290  acc 0.8283  f1 0.8206  axion_recall 0.8386
[DONE-QOVT-ABLATION] mode=quantum model_II N=500 seed=47 test_AUC=0.9290 val_sel_AUC=0.9243 per_class=(axion=0.9521 cdm=0.8646 no_sub=0.9704) params=142467 attn_params=384
