[INFO] QOVT-ABLATION D=64 P=8 depth=4 | mode=sham | data=model_II N/class=500 seed=46 split_seed=0 | params=174851 attn_params=32768 qlr=0.01 lr=0.001 | train(1500, 64, 64) val_sel(4455, 64, 64) test(4455, 64, 64) device=cuda
[ep 001] val_sel AUC=0.5179 acc=0.3291
[ep 002] val_sel AUC=0.5122 acc=0.3291
[ep 003] val_sel AUC=0.5188 acc=0.3473
[ep 004] val_sel AUC=0.5230 acc=0.3473
[ep 005] val_sel AUC=0.5284 acc=0.3237
[ep 006] val_sel AUC=0.5310 acc=0.3237
[ep 007] val_sel AUC=0.5314 acc=0.3291
[ep 008] val_sel AUC=0.5330 acc=0.3291
[ep 009] val_sel AUC=0.5339 acc=0.3237
[ep 010] val_sel AUC=0.5343 acc=0.3237
[ep 011] val_sel AUC=0.5388 acc=0.3291
[ep 012] val_sel AUC=0.5441 acc=0.3473
[ep 013] val_sel AUC=0.5526 acc=0.3473
[ep 014] val_sel AUC=0.5543 acc=0.3237
[ep 015] val_sel AUC=0.5483 acc=0.3237
[ep 016] val_sel AUC=0.5411 acc=0.3237
[ep 017] val_sel AUC=0.5343 acc=0.3237
[ep 018] val_sel AUC=0.5274 acc=0.3473
[ep 019] val_sel AUC=0.5158 acc=0.3291
[ep 020] val_sel AUC=0.5184 acc=0.3473
[ep 021] val_sel AUC=0.5086 acc=0.3291
[ep 022] val_sel AUC=0.5170 acc=0.3473
[ep 023] val_sel AUC=0.5242 acc=0.3473
[ep 024] val_sel AUC=0.5172 acc=0.3237
[ep 025] val_sel AUC=0.5221 acc=0.3376
[ep 026] val_sel AUC=0.5247 acc=0.3237
[ep 027] val_sel AUC=0.5224 acc=0.3237
[ep 028] val_sel AUC=0.5252 acc=0.3259
[ep 029] val_sel AUC=0.5258 acc=0.3253
[ep 030] val_sel AUC=0.5256 acc=0.3257
============================================================
TEST (best val_sel epoch, held-out, evaluated once)
============================================================
TEST AUC : 0.5473  acc 0.3394  f1 0.1689  axion_recall 1.0000
[DONE-QOVT-ABLATION] mode=sham model_II N=500 seed=46 test_AUC=0.5473 val_sel_AUC=0.5543 per_class=(axion=0.5584 cdm=0.5321 no_sub=0.5514) params=174851 attn_params=32768
