[INFO] QOVT-ABLATION D=64 P=8 depth=4 | mode=sham | data=model_III N/class=500 seed=44 split_seed=0 | params=174851 attn_params=32768 qlr=0.01 lr=0.001 | train(1500, 64, 64) val_sel(4469, 64, 64) test(4470, 64, 64) device=cuda
[ep 001] val_sel AUC=0.5101 acc=0.3336
[ep 002] val_sel AUC=0.5141 acc=0.3285
[ep 003] val_sel AUC=0.5217 acc=0.3285
[ep 004] val_sel AUC=0.5270 acc=0.3285
[ep 005] val_sel AUC=0.5280 acc=0.3283
[ep 006] val_sel AUC=0.5300 acc=0.3433
[ep 007] val_sel AUC=0.5304 acc=0.3283
[ep 008] val_sel AUC=0.5298 acc=0.3285
[ep 009] val_sel AUC=0.5298 acc=0.3433
[ep 010] val_sel AUC=0.5298 acc=0.3433
[ep 011] val_sel AUC=0.5313 acc=0.3424
[ep 012] val_sel AUC=0.5314 acc=0.3285
[ep 013] val_sel AUC=0.5288 acc=0.3285
[ep 014] val_sel AUC=0.5249 acc=0.3283
[ep 015] val_sel AUC=0.5575 acc=0.3283
[ep 016] val_sel AUC=0.5563 acc=0.3283
[ep 017] val_sel AUC=0.5431 acc=0.3433
[ep 018] val_sel AUC=0.5193 acc=0.3433
[ep 019] val_sel AUC=0.5443 acc=0.3531
[ep 020] val_sel AUC=0.6082 acc=0.3867
[ep 021] val_sel AUC=0.6526 acc=0.4312
[ep 022] val_sel AUC=0.7163 acc=0.5276
[ep 023] val_sel AUC=0.7590 acc=0.5637
[ep 024] val_sel AUC=0.7992 acc=0.5903
[ep 025] val_sel AUC=0.8347 acc=0.6767
[ep 026] val_sel AUC=0.8491 acc=0.7006
[ep 027] val_sel AUC=0.8135 acc=0.6388
[ep 028] val_sel AUC=0.8446 acc=0.6838
[ep 029] val_sel AUC=0.8477 acc=0.6990
[ep 030] val_sel AUC=0.8484 acc=0.7008
============================================================
TEST (best val_sel epoch, held-out, evaluated once)
============================================================
TEST AUC : 0.8387  acc 0.6902  f1 0.6858  axion_recall 0.7677
[DONE-QOVT-ABLATION] mode=sham model_III N=500 seed=44 test_AUC=0.8387 val_sel_AUC=0.8491 per_class=(axion=0.9231 cdm=0.7193 no_sub=0.8736) params=174851 attn_params=32768
