[INFO] QOVT-ABLATION D=64 P=8 depth=4 | mode=sham | data=model_III N/class=500 seed=51 split_seed=0 | params=174851 attn_params=32768 qlr=0.01 lr=0.001 | train(1500, 64, 64) val_sel(4469, 64, 64) test(4470, 64, 64) device=cuda
[ep 001] val_sel AUC=0.5197 acc=0.3283
[ep 002] val_sel AUC=0.5262 acc=0.3285
[ep 003] val_sel AUC=0.5330 acc=0.3283
[ep 004] val_sel AUC=0.5335 acc=0.3283
[ep 005] val_sel AUC=0.5313 acc=0.3283
[ep 006] val_sel AUC=0.5303 acc=0.3285
[ep 007] val_sel AUC=0.5287 acc=0.3285
[ep 008] val_sel AUC=0.5271 acc=0.3283
[ep 009] val_sel AUC=0.5265 acc=0.3285
[ep 010] val_sel AUC=0.5262 acc=0.3285
[ep 011] val_sel AUC=0.5171 acc=0.3433
[ep 012] val_sel AUC=0.5136 acc=0.3285
[ep 013] val_sel AUC=0.5206 acc=0.3433
[ep 014] val_sel AUC=0.5303 acc=0.3540
[ep 015] val_sel AUC=0.5313 acc=0.3285
[ep 016] val_sel AUC=0.5317 acc=0.3283
[ep 017] val_sel AUC=0.5324 acc=0.3547
[ep 018] val_sel AUC=0.5208 acc=0.3565
[ep 019] val_sel AUC=0.5302 acc=0.3710
[ep 020] val_sel AUC=0.5210 acc=0.3441
[ep 021] val_sel AUC=0.5418 acc=0.3574
[ep 022] val_sel AUC=0.5517 acc=0.3688
[ep 023] val_sel AUC=0.5520 acc=0.3634
[ep 024] val_sel AUC=0.5593 acc=0.3887
[ep 025] val_sel AUC=0.5714 acc=0.3685
[ep 026] val_sel AUC=0.5794 acc=0.3793
[ep 027] val_sel AUC=0.5908 acc=0.3970
[ep 028] val_sel AUC=0.6015 acc=0.4017
[ep 029] val_sel AUC=0.6058 acc=0.4068
[ep 030] val_sel AUC=0.6116 acc=0.4135
============================================================
TEST (best val_sel epoch, held-out, evaluated once)
============================================================
TEST AUC : 0.6139  acc 0.4217  f1 0.4036  axion_recall 0.5931
[DONE-QOVT-ABLATION] mode=sham model_III N=500 seed=51 test_AUC=0.6139 val_sel_AUC=0.6116 per_class=(axion=0.6465 cdm=0.5387 no_sub=0.6564) params=174851 attn_params=32768
