[INFO] QOVT-ABLATION D=64 P=8 depth=4 | mode=sham | data=model_III N/class=500 seed=50 split_seed=0 | params=174851 attn_params=32768 qlr=0.01 lr=0.001 | train(1500, 64, 64) val_sel(4469, 64, 64) test(4470, 64, 64) device=cuda
[ep 001] val_sel AUC=0.5120 acc=0.3433
[ep 002] val_sel AUC=0.5194 acc=0.3433
[ep 003] val_sel AUC=0.5246 acc=0.3433
[ep 004] val_sel AUC=0.5296 acc=0.3283
[ep 005] val_sel AUC=0.5341 acc=0.3285
[ep 006] val_sel AUC=0.5373 acc=0.3285
[ep 007] val_sel AUC=0.5388 acc=0.3285
[ep 008] val_sel AUC=0.5397 acc=0.3283
[ep 009] val_sel AUC=0.5403 acc=0.3283
[ep 010] val_sel AUC=0.5404 acc=0.3283
[ep 011] val_sel AUC=0.5429 acc=0.3433
[ep 012] val_sel AUC=0.5484 acc=0.3433
[ep 013] val_sel AUC=0.5497 acc=0.3433
[ep 014] val_sel AUC=0.5502 acc=0.3285
[ep 015] val_sel AUC=0.5477 acc=0.3433
[ep 016] val_sel AUC=0.5422 acc=0.3283
[ep 017] val_sel AUC=0.5358 acc=0.3283
[ep 018] val_sel AUC=0.5382 acc=0.3285
[ep 019] val_sel AUC=0.5417 acc=0.3285
[ep 020] val_sel AUC=0.5358 acc=0.3433
[ep 021] val_sel AUC=0.5361 acc=0.3433
[ep 022] val_sel AUC=0.5312 acc=0.3285
[ep 023] val_sel AUC=0.5312 acc=0.3433
[ep 024] val_sel AUC=0.5299 acc=0.3285
[ep 025] val_sel AUC=0.5285 acc=0.3457
[ep 026] val_sel AUC=0.5278 acc=0.3433
[ep 027] val_sel AUC=0.5261 acc=0.3509
[ep 028] val_sel AUC=0.5269 acc=0.3433
[ep 029] val_sel AUC=0.5267 acc=0.3495
[ep 030] val_sel AUC=0.5267 acc=0.3504
============================================================
TEST (best val_sel epoch, held-out, evaluated once)
============================================================
TEST AUC : 0.5418  acc 0.3447  f1 0.1709  axion_recall 1.0000
[DONE-QOVT-ABLATION] mode=sham model_III N=500 seed=50 test_AUC=0.5418 val_sel_AUC=0.5502 per_class=(axion=0.5340 cdm=0.5228 no_sub=0.5684) params=174851 attn_params=32768
