[INFO] QOVT-ABLATION D=64 P=8 depth=4 | mode=sham | data=model_II N/class=500 seed=47 split_seed=0 | params=174851 attn_params=32768 qlr=0.01 lr=0.001 | train(1500, 64, 64) val_sel(4455, 64, 64) test(4455, 64, 64) device=cuda
[ep 001] val_sel AUC=0.5157 acc=0.3473
[ep 002] val_sel AUC=0.5150 acc=0.3473
[ep 003] val_sel AUC=0.5143 acc=0.3511
[ep 004] val_sel AUC=0.5129 acc=0.3515
[ep 005] val_sel AUC=0.5129 acc=0.3237
[ep 006] val_sel AUC=0.5134 acc=0.3237
[ep 007] val_sel AUC=0.5140 acc=0.3466
[ep 008] val_sel AUC=0.5141 acc=0.3468
[ep 009] val_sel AUC=0.5144 acc=0.3387
[ep 010] val_sel AUC=0.5142 acc=0.3398
[ep 011] val_sel AUC=0.5184 acc=0.3288
[ep 012] val_sel AUC=0.5204 acc=0.3396
[ep 013] val_sel AUC=0.5153 acc=0.3506
[ep 014] val_sel AUC=0.5098 acc=0.3473
[ep 015] val_sel AUC=0.5169 acc=0.3291
[ep 016] val_sel AUC=0.5436 acc=0.3248
[ep 017] val_sel AUC=0.5349 acc=0.3473
[ep 018] val_sel AUC=0.5339 acc=0.3560
[ep 019] val_sel AUC=0.5386 acc=0.3473
[ep 020] val_sel AUC=0.5375 acc=0.3582
[ep 021] val_sel AUC=0.5352 acc=0.3565
[ep 022] val_sel AUC=0.5404 acc=0.3571
[ep 023] val_sel AUC=0.5386 acc=0.3600
[ep 024] val_sel AUC=0.5466 acc=0.3652
[ep 025] val_sel AUC=0.5549 acc=0.3672
[ep 026] val_sel AUC=0.5391 acc=0.3594
[ep 027] val_sel AUC=0.5361 acc=0.3607
[ep 028] val_sel AUC=0.5410 acc=0.3652
[ep 029] val_sel AUC=0.5376 acc=0.3625
[ep 030] val_sel AUC=0.5396 acc=0.3623
============================================================
TEST (best val_sel epoch, held-out, evaluated once)
============================================================
TEST AUC : 0.5650  acc 0.3746  f1 0.3438  axion_recall 0.1124
[DONE-QOVT-ABLATION] mode=sham model_II N=500 seed=47 test_AUC=0.5650 val_sel_AUC=0.5549 per_class=(axion=0.5983 cdm=0.5075 no_sub=0.5891) params=174851 attn_params=32768
