[INFO] QOVT-ABLATION D=64 P=8 depth=4 | mode=sham | data=model_II N/class=500 seed=45 split_seed=0 | params=174851 attn_params=32768 qlr=0.01 lr=0.001 | train(1500, 64, 64) val_sel(4455, 64, 64) test(4455, 64, 64) device=cuda
[ep 001] val_sel AUC=0.5077 acc=0.3237
[ep 002] val_sel AUC=0.5119 acc=0.3291
[ep 003] val_sel AUC=0.5125 acc=0.3369
[ep 004] val_sel AUC=0.5135 acc=0.3473
[ep 005] val_sel AUC=0.5136 acc=0.3291
[ep 006] val_sel AUC=0.5142 acc=0.3473
[ep 007] val_sel AUC=0.5143 acc=0.3291
[ep 008] val_sel AUC=0.5143 acc=0.3439
[ep 009] val_sel AUC=0.5143 acc=0.3237
[ep 010] val_sel AUC=0.5144 acc=0.3302
[ep 011] val_sel AUC=0.5170 acc=0.3473
[ep 012] val_sel AUC=0.5175 acc=0.3291
[ep 013] val_sel AUC=0.5205 acc=0.3291
[ep 014] val_sel AUC=0.5224 acc=0.3291
[ep 015] val_sel AUC=0.5278 acc=0.3473
[ep 016] val_sel AUC=0.5059 acc=0.3291
[ep 017] val_sel AUC=0.5177 acc=0.3203
[ep 018] val_sel AUC=0.5144 acc=0.3266
[ep 019] val_sel AUC=0.5230 acc=0.3473
[ep 020] val_sel AUC=0.5276 acc=0.3473
[ep 021] val_sel AUC=0.5349 acc=0.3237
[ep 022] val_sel AUC=0.5359 acc=0.3473
[ep 023] val_sel AUC=0.5383 acc=0.3363
[ep 024] val_sel AUC=0.5395 acc=0.3457
[ep 025] val_sel AUC=0.5407 acc=0.3371
[ep 026] val_sel AUC=0.5395 acc=0.3603
[ep 027] val_sel AUC=0.5391 acc=0.3755
[ep 028] val_sel AUC=0.5403 acc=0.3659
[ep 029] val_sel AUC=0.5402 acc=0.3645
[ep 030] val_sel AUC=0.5400 acc=0.3670
============================================================
TEST (best val_sel epoch, held-out, evaluated once)
============================================================
TEST AUC : 0.5246  acc 0.3558  f1 0.2745  axion_recall 0.7024
[DONE-QOVT-ABLATION] mode=sham model_II N=500 seed=45 test_AUC=0.5246 val_sel_AUC=0.5407 per_class=(axion=0.5234 cdm=0.5069 no_sub=0.5435) params=174851 attn_params=32768
