[INFO] QOVT-ABLATION D=64 P=8 depth=4 | mode=sham | data=model_II N/class=500 seed=51 split_seed=0 | params=174851 attn_params=32768 qlr=0.01 lr=0.001 | train(1500, 64, 64) val_sel(4455, 64, 64) test(4455, 64, 64) device=cuda
[ep 001] val_sel AUC=0.5128 acc=0.3291
[ep 002] val_sel AUC=0.5185 acc=0.3237
[ep 003] val_sel AUC=0.5201 acc=0.3291
[ep 004] val_sel AUC=0.5229 acc=0.3291
[ep 005] val_sel AUC=0.5274 acc=0.3237
[ep 006] val_sel AUC=0.5304 acc=0.3237
[ep 007] val_sel AUC=0.5317 acc=0.3237
[ep 008] val_sel AUC=0.5318 acc=0.3237
[ep 009] val_sel AUC=0.5323 acc=0.3237
[ep 010] val_sel AUC=0.5325 acc=0.3237
[ep 011] val_sel AUC=0.5338 acc=0.3473
[ep 012] val_sel AUC=0.5398 acc=0.3237
[ep 013] val_sel AUC=0.5374 acc=0.3473
[ep 014] val_sel AUC=0.5414 acc=0.3237
[ep 015] val_sel AUC=0.5461 acc=0.3237
[ep 016] val_sel AUC=0.5510 acc=0.3291
[ep 017] val_sel AUC=0.5472 acc=0.3473
[ep 018] val_sel AUC=0.5488 acc=0.3473
[ep 019] val_sel AUC=0.5457 acc=0.3237
[ep 020] val_sel AUC=0.5415 acc=0.3237
[ep 021] val_sel AUC=0.5377 acc=0.3473
[ep 022] val_sel AUC=0.5416 acc=0.3237
[ep 023] val_sel AUC=0.5383 acc=0.3291
[ep 024] val_sel AUC=0.5396 acc=0.3666
[ep 025] val_sel AUC=0.5392 acc=0.3596
[ep 026] val_sel AUC=0.5406 acc=0.3443
[ep 027] val_sel AUC=0.5394 acc=0.3473
[ep 028] val_sel AUC=0.5386 acc=0.3589
[ep 029] val_sel AUC=0.5388 acc=0.3630
[ep 030] val_sel AUC=0.5388 acc=0.3679
============================================================
TEST (best val_sel epoch, held-out, evaluated once)
============================================================
TEST AUC : 0.5548  acc 0.3396  f1 0.1690  axion_recall 0.0000
[DONE-QOVT-ABLATION] mode=sham model_II N=500 seed=51 test_AUC=0.5548 val_sel_AUC=0.5510 per_class=(axion=0.5745 cdm=0.5317 no_sub=0.5581) params=174851 attn_params=32768
