[INFO] QOVT-ABLATION D=64 P=8 depth=4 | mode=sham | data=model_III N/class=500 seed=49 split_seed=0 | params=174851 attn_params=32768 qlr=0.01 lr=0.001 | train(1500, 64, 64) val_sel(4469, 64, 64) test(4470, 64, 64) device=cuda
[ep 001] val_sel AUC=0.5290 acc=0.3285
[ep 002] val_sel AUC=0.5436 acc=0.3285
[ep 003] val_sel AUC=0.5420 acc=0.3518
[ep 004] val_sel AUC=0.5411 acc=0.3433
[ep 005] val_sel AUC=0.5385 acc=0.3298
[ep 006] val_sel AUC=0.5355 acc=0.3556
[ep 007] val_sel AUC=0.5322 acc=0.3538
[ep 008] val_sel AUC=0.5382 acc=0.3620
[ep 009] val_sel AUC=0.5402 acc=0.3748
[ep 010] val_sel AUC=0.5413 acc=0.3721
[ep 011] val_sel AUC=0.5180 acc=0.3354
[ep 012] val_sel AUC=0.5456 acc=0.3520
[ep 013] val_sel AUC=0.5634 acc=0.3699
[ep 014] val_sel AUC=0.5692 acc=0.3706
[ep 015] val_sel AUC=0.5472 acc=0.3694
[ep 016] val_sel AUC=0.5533 acc=0.3620
[ep 017] val_sel AUC=0.5809 acc=0.4019
[ep 018] val_sel AUC=0.5956 acc=0.4158
[ep 019] val_sel AUC=0.5868 acc=0.3737
[ep 020] val_sel AUC=0.5836 acc=0.4090
[ep 021] val_sel AUC=0.6075 acc=0.4384
[ep 022] val_sel AUC=0.6359 acc=0.4495
[ep 023] val_sel AUC=0.6352 acc=0.4540
[ep 024] val_sel AUC=0.6029 acc=0.4164
[ep 025] val_sel AUC=0.6125 acc=0.3882
[ep 026] val_sel AUC=0.6188 acc=0.4478
[ep 027] val_sel AUC=0.6230 acc=0.4504
[ep 028] val_sel AUC=0.6262 acc=0.4596
[ep 029] val_sel AUC=0.6283 acc=0.4621
[ep 030] val_sel AUC=0.6286 acc=0.4643
============================================================
TEST (best val_sel epoch, held-out, evaluated once)
============================================================
TEST AUC : 0.6456  acc 0.4667  f1 0.4287  axion_recall 0.7404
[DONE-QOVT-ABLATION] mode=sham model_III N=500 seed=49 test_AUC=0.6456 val_sel_AUC=0.6359 per_class=(axion=0.7085 cdm=0.5596 no_sub=0.6689) params=174851 attn_params=32768
