[INFO] QOVT-ABLATION D=64 P=8 depth=4 | mode=sham | data=model_III N/class=500 seed=45 split_seed=0 | params=174851 attn_params=32768 qlr=0.01 lr=0.001 | train(1500, 64, 64) val_sel(4469, 64, 64) test(4470, 64, 64) device=cuda
[ep 001] val_sel AUC=0.5301 acc=0.3285
[ep 002] val_sel AUC=0.5488 acc=0.3283
[ep 003] val_sel AUC=0.5511 acc=0.3634
[ep 004] val_sel AUC=0.5516 acc=0.3433
[ep 005] val_sel AUC=0.5566 acc=0.3786
[ep 006] val_sel AUC=0.5515 acc=0.3712
[ep 007] val_sel AUC=0.5610 acc=0.3565
[ep 008] val_sel AUC=0.5676 acc=0.3862
[ep 009] val_sel AUC=0.5687 acc=0.3949
[ep 010] val_sel AUC=0.5708 acc=0.4001
[ep 011] val_sel AUC=0.5631 acc=0.3596
[ep 012] val_sel AUC=0.5717 acc=0.3770
[ep 013] val_sel AUC=0.6010 acc=0.3808
[ep 014] val_sel AUC=0.5645 acc=0.3911
[ep 015] val_sel AUC=0.5641 acc=0.3835
[ep 016] val_sel AUC=0.5801 acc=0.3938
[ep 017] val_sel AUC=0.5920 acc=0.3902
[ep 018] val_sel AUC=0.5996 acc=0.4164
[ep 019] val_sel AUC=0.6154 acc=0.4193
[ep 020] val_sel AUC=0.6302 acc=0.4348
[ep 021] val_sel AUC=0.6465 acc=0.4513
[ep 022] val_sel AUC=0.6467 acc=0.4469
[ep 023] val_sel AUC=0.6839 acc=0.4818
[ep 024] val_sel AUC=0.6973 acc=0.4970
[ep 025] val_sel AUC=0.7185 acc=0.5205
[ep 026] val_sel AUC=0.7208 acc=0.5343
[ep 027] val_sel AUC=0.7285 acc=0.5328
[ep 028] val_sel AUC=0.7332 acc=0.5435
[ep 029] val_sel AUC=0.7372 acc=0.5446
[ep 030] val_sel AUC=0.7393 acc=0.5507
============================================================
TEST (best val_sel epoch, held-out, evaluated once)
============================================================
TEST AUC : 0.7323  acc 0.5553  f1 0.5447  axion_recall 0.6340
[DONE-QOVT-ABLATION] mode=sham model_III N=500 seed=45 test_AUC=0.7323 val_sel_AUC=0.7393 per_class=(axion=0.8139 cdm=0.5886 no_sub=0.7946) params=174851 attn_params=32768
