[INFO] QOVT-ABLATION D=64 P=8 depth=4 | mode=sham | data=model_II N/class=500 seed=44 split_seed=0 | params=174851 attn_params=32768 qlr=0.01 lr=0.001 | train(1500, 64, 64) val_sel(4455, 64, 64) test(4455, 64, 64) device=cuda
[ep 001] val_sel AUC=0.5211 acc=0.3237
[ep 002] val_sel AUC=0.5239 acc=0.3237
[ep 003] val_sel AUC=0.5274 acc=0.3237
[ep 004] val_sel AUC=0.5309 acc=0.3237
[ep 005] val_sel AUC=0.5327 acc=0.3291
[ep 006] val_sel AUC=0.5337 acc=0.3473
[ep 007] val_sel AUC=0.5355 acc=0.3291
[ep 008] val_sel AUC=0.5360 acc=0.3237
[ep 009] val_sel AUC=0.5363 acc=0.3473
[ep 010] val_sel AUC=0.5364 acc=0.3473
[ep 011] val_sel AUC=0.5383 acc=0.3237
[ep 012] val_sel AUC=0.5378 acc=0.3237
[ep 013] val_sel AUC=0.5311 acc=0.3237
[ep 014] val_sel AUC=0.5264 acc=0.3291
[ep 015] val_sel AUC=0.5375 acc=0.3291
[ep 016] val_sel AUC=0.5374 acc=0.3291
[ep 017] val_sel AUC=0.5369 acc=0.3473
[ep 018] val_sel AUC=0.5357 acc=0.3473
[ep 019] val_sel AUC=0.5375 acc=0.3237
[ep 020] val_sel AUC=0.5369 acc=0.3473
[ep 021] val_sel AUC=0.5347 acc=0.3237
[ep 022] val_sel AUC=0.5310 acc=0.3473
[ep 023] val_sel AUC=0.5282 acc=0.3488
[ep 024] val_sel AUC=0.5235 acc=0.3473
[ep 025] val_sel AUC=0.5213 acc=0.3434
[ep 026] val_sel AUC=0.5220 acc=0.3439
[ep 027] val_sel AUC=0.5229 acc=0.3448
[ep 028] val_sel AUC=0.5233 acc=0.3473
[ep 029] val_sel AUC=0.5231 acc=0.3473
[ep 030] val_sel AUC=0.5231 acc=0.3466
============================================================
TEST (best val_sel epoch, held-out, evaluated once)
============================================================
TEST AUC : 0.5216  acc 0.3394  f1 0.1689  axion_recall 1.0000
[DONE-QOVT-ABLATION] mode=sham model_II N=500 seed=44 test_AUC=0.5216 val_sel_AUC=0.5383 per_class=(axion=0.5258 cdm=0.5020 no_sub=0.5370) params=174851 attn_params=32768
