[INFO] QOVT-ABLATION D=64 P=8 depth=4 | mode=sham | data=model_II N/class=500 seed=48 split_seed=0 | params=174851 attn_params=32768 qlr=0.01 lr=0.001 | train(1500, 64, 64) val_sel(4455, 64, 64) test(4455, 64, 64) device=cuda
[ep 001] val_sel AUC=0.5232 acc=0.3473
[ep 002] val_sel AUC=0.5214 acc=0.3291
[ep 003] val_sel AUC=0.5399 acc=0.3291
[ep 004] val_sel AUC=0.5527 acc=0.3237
[ep 005] val_sel AUC=0.5623 acc=0.3291
[ep 006] val_sel AUC=0.5696 acc=0.3473
[ep 007] val_sel AUC=0.5689 acc=0.3291
[ep 008] val_sel AUC=0.5710 acc=0.3237
[ep 009] val_sel AUC=0.5704 acc=0.3237
[ep 010] val_sel AUC=0.5709 acc=0.3237
[ep 011] val_sel AUC=0.5843 acc=0.3291
[ep 012] val_sel AUC=0.5810 acc=0.3237
[ep 013] val_sel AUC=0.5740 acc=0.3237
[ep 014] val_sel AUC=0.5766 acc=0.3237
[ep 015] val_sel AUC=0.5629 acc=0.3237
[ep 016] val_sel AUC=0.5613 acc=0.3237
[ep 017] val_sel AUC=0.5611 acc=0.3291
[ep 018] val_sel AUC=0.5586 acc=0.3473
[ep 019] val_sel AUC=0.5564 acc=0.3473
[ep 020] val_sel AUC=0.5474 acc=0.3291
[ep 021] val_sel AUC=0.5477 acc=0.3473
[ep 022] val_sel AUC=0.5647 acc=0.3473
[ep 023] val_sel AUC=0.5518 acc=0.3439
[ep 024] val_sel AUC=0.5584 acc=0.3684
[ep 025] val_sel AUC=0.5585 acc=0.3690
[ep 026] val_sel AUC=0.5574 acc=0.3785
[ep 027] val_sel AUC=0.5587 acc=0.3751
[ep 028] val_sel AUC=0.5638 acc=0.3816
[ep 029] val_sel AUC=0.5641 acc=0.3785
[ep 030] val_sel AUC=0.5650 acc=0.3791
============================================================
TEST (best val_sel epoch, held-out, evaluated once)
============================================================
TEST AUC : 0.5736  acc 0.3396  f1 0.1690  axion_recall 0.0000
[DONE-QOVT-ABLATION] mode=sham model_II N=500 seed=48 test_AUC=0.5736 val_sel_AUC=0.5843 per_class=(axion=0.6427 cdm=0.5454 no_sub=0.5327) params=174851 attn_params=32768
