[INFO] QOVT-ABLATION D=64 P=8 depth=4 | mode=sham | data=model_III N/class=500 seed=42 split_seed=0 | params=174851 attn_params=32768 qlr=0.01 lr=0.001 | train(1500, 64, 64) val_sel(4469, 64, 64) test(4470, 64, 64) device=cuda
[ep 001] val_sel AUC=0.4986 acc=0.3283
[ep 002] val_sel AUC=0.5098 acc=0.3433
[ep 003] val_sel AUC=0.5167 acc=0.3285
[ep 004] val_sel AUC=0.5258 acc=0.3285
[ep 005] val_sel AUC=0.5290 acc=0.3285
[ep 006] val_sel AUC=0.5285 acc=0.3285
[ep 007] val_sel AUC=0.5258 acc=0.3283
[ep 008] val_sel AUC=0.5239 acc=0.3433
[ep 009] val_sel AUC=0.5251 acc=0.3368
[ep 010] val_sel AUC=0.5251 acc=0.3462
[ep 011] val_sel AUC=0.5386 acc=0.3283
[ep 012] val_sel AUC=0.5321 acc=0.3426
[ep 013] val_sel AUC=0.5454 acc=0.3446
[ep 014] val_sel AUC=0.5424 acc=0.3426
[ep 015] val_sel AUC=0.5468 acc=0.3645
[ep 016] val_sel AUC=0.5329 acc=0.3504
[ep 017] val_sel AUC=0.5229 acc=0.3531
[ep 018] val_sel AUC=0.5295 acc=0.3567
[ep 019] val_sel AUC=0.5133 acc=0.3177
[ep 020] val_sel AUC=0.5139 acc=0.3314
[ep 021] val_sel AUC=0.5247 acc=0.3569
[ep 022] val_sel AUC=0.5226 acc=0.3473
[ep 023] val_sel AUC=0.5241 acc=0.3540
[ep 024] val_sel AUC=0.5261 acc=0.3497
[ep 025] val_sel AUC=0.5229 acc=0.3558
[ep 026] val_sel AUC=0.5246 acc=0.3576
[ep 027] val_sel AUC=0.5243 acc=0.3511
[ep 028] val_sel AUC=0.5240 acc=0.3551
[ep 029] val_sel AUC=0.5238 acc=0.3560
[ep 030] val_sel AUC=0.5239 acc=0.3560
============================================================
TEST (best val_sel epoch, held-out, evaluated once)
============================================================
TEST AUC : 0.5384  acc 0.3416  f1 0.2891  axion_recall 0.2083
[DONE-QOVT-ABLATION] mode=sham model_III N=500 seed=42 test_AUC=0.5384 val_sel_AUC=0.5468 per_class=(axion=0.5548 cdm=0.5290 no_sub=0.5314) params=174851 attn_params=32768
