[INFO] QOVT-ABLATION D=64 P=8 depth=4 | mode=sham | data=model_II N/class=500 seed=50 split_seed=0 | params=174851 attn_params=32768 qlr=0.01 lr=0.001 | train(1500, 64, 64) val_sel(4455, 64, 64) test(4455, 64, 64) device=cuda
[ep 001] val_sel AUC=0.5303 acc=0.3473
[ep 002] val_sel AUC=0.5334 acc=0.3473
[ep 003] val_sel AUC=0.5361 acc=0.3473
[ep 004] val_sel AUC=0.5360 acc=0.3291
[ep 005] val_sel AUC=0.5379 acc=0.3237
[ep 006] val_sel AUC=0.5382 acc=0.3237
[ep 007] val_sel AUC=0.5385 acc=0.3237
[ep 008] val_sel AUC=0.5382 acc=0.3291
[ep 009] val_sel AUC=0.5385 acc=0.3291
[ep 010] val_sel AUC=0.5386 acc=0.3291
[ep 011] val_sel AUC=0.5401 acc=0.3473
[ep 012] val_sel AUC=0.5391 acc=0.3473
[ep 013] val_sel AUC=0.5407 acc=0.3473
[ep 014] val_sel AUC=0.5417 acc=0.3237
[ep 015] val_sel AUC=0.5406 acc=0.3473
[ep 016] val_sel AUC=0.5372 acc=0.3291
[ep 017] val_sel AUC=0.5370 acc=0.3291
[ep 018] val_sel AUC=0.5386 acc=0.3428
[ep 019] val_sel AUC=0.5385 acc=0.3237
[ep 020] val_sel AUC=0.5400 acc=0.3585
[ep 021] val_sel AUC=0.5392 acc=0.3473
[ep 022] val_sel AUC=0.5385 acc=0.3398
[ep 023] val_sel AUC=0.5395 acc=0.3596
[ep 024] val_sel AUC=0.5383 acc=0.3414
[ep 025] val_sel AUC=0.5389 acc=0.3439
[ep 026] val_sel AUC=0.5384 acc=0.3713
[ep 027] val_sel AUC=0.5372 acc=0.3589
[ep 028] val_sel AUC=0.5378 acc=0.3580
[ep 029] val_sel AUC=0.5375 acc=0.3630
[ep 030] val_sel AUC=0.5375 acc=0.3679
============================================================
TEST (best val_sel epoch, held-out, evaluated once)
============================================================
TEST AUC : 0.5372  acc 0.3394  f1 0.1689  axion_recall 1.0000
[DONE-QOVT-ABLATION] mode=sham model_II N=500 seed=50 test_AUC=0.5372 val_sel_AUC=0.5417 per_class=(axion=0.5468 cdm=0.5078 no_sub=0.5570) params=174851 attn_params=32768
