[INFO] QPE2 D=64 P=8 depth=4 | embed=butterfly | data=model_III N/class=250 seed=45 split_seed=0 | params=203652 embed_params=193 lr=0.001 epochs=96 bs=32 | train(750, 64, 64) val_sel(4469, 64, 64) test(4470, 64, 64) device=cuda
[ep 001] val_sel AUC=0.6022 acc=0.3285
[ep 002] val_sel AUC=0.5933 acc=0.3283
[ep 003] val_sel AUC=0.5845 acc=0.3433
[ep 004] val_sel AUC=0.5737 acc=0.3283
[ep 005] val_sel AUC=0.5604 acc=0.3283
[ep 006] val_sel AUC=0.5430 acc=0.3433
[ep 007] val_sel AUC=0.5400 acc=0.3603
[ep 008] val_sel AUC=0.5441 acc=0.3285
[ep 009] val_sel AUC=0.5386 acc=0.3607
[ep 010] val_sel AUC=0.5403 acc=0.3634
[ep 011] val_sel AUC=0.5460 acc=0.3551
[ep 012] val_sel AUC=0.5501 acc=0.3688
[ep 013] val_sel AUC=0.5528 acc=0.3650
[ep 014] val_sel AUC=0.5585 acc=0.3795
[ep 015] val_sel AUC=0.5651 acc=0.3898
[ep 016] val_sel AUC=0.6092 acc=0.3929
[ep 017] val_sel AUC=0.6844 acc=0.4907
[ep 018] val_sel AUC=0.7364 acc=0.5088
[ep 019] val_sel AUC=0.7954 acc=0.5916
[ep 020] val_sel AUC=0.8274 acc=0.6543
[ep 021] val_sel AUC=0.8388 acc=0.6592
[ep 022] val_sel AUC=0.8205 acc=0.5943
[ep 023] val_sel AUC=0.8798 acc=0.7275
[ep 024] val_sel AUC=0.8895 acc=0.7398
[ep 025] val_sel AUC=0.8876 acc=0.7429
[ep 026] val_sel AUC=0.8988 acc=0.7424
[ep 027] val_sel AUC=0.8988 acc=0.7507
[ep 028] val_sel AUC=0.9048 acc=0.7583
[ep 029] val_sel AUC=0.9112 acc=0.7751
[ep 030] val_sel AUC=0.9133 acc=0.7825
[ep 031] val_sel AUC=0.9143 acc=0.7854
[ep 032] val_sel AUC=0.9142 acc=0.7847
[ep 033] val_sel AUC=0.8517 acc=0.6800
[ep 034] val_sel AUC=0.8794 acc=0.7225
[ep 035] val_sel AUC=0.8813 acc=0.7013
[ep 036] val_sel AUC=0.8869 acc=0.7400
[ep 037] val_sel AUC=0.8566 acc=0.6733
[ep 038] val_sel AUC=0.8723 acc=0.7040
[ep 039] val_sel AUC=0.8949 acc=0.7440
[ep 040] val_sel AUC=0.8778 acc=0.7019
[ep 041] val_sel AUC=0.8923 acc=0.7438
[ep 042] val_sel AUC=0.8628 acc=0.6485
[ep 043] val_sel AUC=0.9174 acc=0.7812
[ep 044] val_sel AUC=0.8935 acc=0.7561
[ep 045] val_sel AUC=0.8958 acc=0.6832
[ep 046] val_sel AUC=0.8252 acc=0.6789
[ep 047] val_sel AUC=0.9118 acc=0.7935
[ep 048] val_sel AUC=0.8915 acc=0.7093
[ep 049] val_sel AUC=0.9101 acc=0.7852
[ep 050] val_sel AUC=0.9076 acc=0.7695
[ep 051] val_sel AUC=0.9128 acc=0.7756
[ep 052] val_sel AUC=0.8354 acc=0.5697
[ep 053] val_sel AUC=0.8697 acc=0.6679
[ep 054] val_sel AUC=0.8934 acc=0.7505
[ep 055] val_sel AUC=0.9081 acc=0.7532
[ep 056] val_sel AUC=0.8975 acc=0.7530
[ep 057] val_sel AUC=0.9294 acc=0.8161
[ep 058] val_sel AUC=0.9117 acc=0.7915
[ep 059] val_sel AUC=0.9208 acc=0.8006
[ep 060] val_sel AUC=0.9212 acc=0.7805
[ep 061] val_sel AUC=0.9199 acc=0.7932
[ep 062] val_sel AUC=0.9204 acc=0.8078
[ep 063] val_sel AUC=0.9256 acc=0.8031
[ep 064] val_sel AUC=0.9310 acc=0.8241
[ep 065] val_sel AUC=0.9199 acc=0.8042
[ep 066] val_sel AUC=0.9157 acc=0.7718
[ep 067] val_sel AUC=0.9176 acc=0.7843
[ep 068] val_sel AUC=0.9146 acc=0.7885
[ep 069] val_sel AUC=0.9324 acc=0.8268
[ep 070] val_sel AUC=0.9330 acc=0.8293
[ep 071] val_sel AUC=0.9307 acc=0.8098
[ep 072] val_sel AUC=0.9116 acc=0.7785
[ep 073] val_sel AUC=0.9260 acc=0.8284
[ep 074] val_sel AUC=0.9346 acc=0.8196
[ep 075] val_sel AUC=0.9336 acc=0.8367
[ep 076] val_sel AUC=0.9333 acc=0.8420
[ep 077] val_sel AUC=0.9324 acc=0.8299
[ep 078] val_sel AUC=0.9366 acc=0.8384
[ep 079] val_sel AUC=0.9305 acc=0.8208
[ep 080] val_sel AUC=0.9370 acc=0.8391
[ep 081] val_sel AUC=0.9394 acc=0.8465
[ep 082] val_sel AUC=0.9353 acc=0.8391
[ep 083] val_sel AUC=0.9391 acc=0.8537
[ep 084] val_sel AUC=0.9371 acc=0.8463
[ep 085] val_sel AUC=0.9400 acc=0.8512
[ep 086] val_sel AUC=0.9379 acc=0.8487
[ep 087] val_sel AUC=0.9386 acc=0.8528
[ep 088] val_sel AUC=0.9384 acc=0.8521
[ep 089] val_sel AUC=0.9387 acc=0.8505
[ep 090] val_sel AUC=0.9386 acc=0.8512
[ep 091] val_sel AUC=0.9385 acc=0.8514
[ep 092] val_sel AUC=0.9386 acc=0.8525
[ep 093] val_sel AUC=0.9386 acc=0.8521
[ep 094] val_sel AUC=0.9385 acc=0.8516
[ep 095] val_sel AUC=0.9385 acc=0.8514
[ep 096] val_sel AUC=0.9385 acc=0.8510
============================================================
TEST (best val_sel epoch, held-out, evaluated once)
============================================================
[DONE-QPE2] embed=butterfly model_III N=250 seed=45 test_AUC=0.9315 val_sel_AUC=0.9400 per_class=(axion=0.9376 cdm=0.8750 no_sub=0.9820) params=203652 embed_params=193 R_frob_drift=1.6334221363067627
