[INFO] QPE2 D=64 P=8 depth=4 | embed=butterfly | data=model_III N/class=250 seed=44 split_seed=0 | params=203652 embed_params=193 lr=0.001 epochs=96 bs=32 | train(750, 64, 64) val_sel(4469, 64, 64) test(4470, 64, 64) device=cuda
[ep 001] val_sel AUC=0.5479 acc=0.3441
[ep 002] val_sel AUC=0.5649 acc=0.3283
[ep 003] val_sel AUC=0.5701 acc=0.3283
[ep 004] val_sel AUC=0.5750 acc=0.3283
[ep 005] val_sel AUC=0.5887 acc=0.3433
[ep 006] val_sel AUC=0.5833 acc=0.3433
[ep 007] val_sel AUC=0.5754 acc=0.3285
[ep 008] val_sel AUC=0.6104 acc=0.3285
[ep 009] val_sel AUC=0.5996 acc=0.3433
[ep 010] val_sel AUC=0.6638 acc=0.3421
[ep 011] val_sel AUC=0.6879 acc=0.4829
[ep 012] val_sel AUC=0.7184 acc=0.4699
[ep 013] val_sel AUC=0.8601 acc=0.7033
[ep 014] val_sel AUC=0.7680 acc=0.5417
[ep 015] val_sel AUC=0.8233 acc=0.6406
[ep 016] val_sel AUC=0.8690 acc=0.6896
[ep 017] val_sel AUC=0.8685 acc=0.7313
[ep 018] val_sel AUC=0.8804 acc=0.7310
[ep 019] val_sel AUC=0.8905 acc=0.7281
[ep 020] val_sel AUC=0.8781 acc=0.6919
[ep 021] val_sel AUC=0.9070 acc=0.7637
[ep 022] val_sel AUC=0.9151 acc=0.7941
[ep 023] val_sel AUC=0.9217 acc=0.7968
[ep 024] val_sel AUC=0.9144 acc=0.7836
[ep 025] val_sel AUC=0.9249 acc=0.8246
[ep 026] val_sel AUC=0.9327 acc=0.8268
[ep 027] val_sel AUC=0.9332 acc=0.8277
[ep 028] val_sel AUC=0.9367 acc=0.8407
[ep 029] val_sel AUC=0.9362 acc=0.8384
[ep 030] val_sel AUC=0.9363 acc=0.8398
[ep 031] val_sel AUC=0.9373 acc=0.8429
[ep 032] val_sel AUC=0.9373 acc=0.8431
[ep 033] val_sel AUC=0.8372 acc=0.6431
[ep 034] val_sel AUC=0.9117 acc=0.7433
[ep 035] val_sel AUC=0.8686 acc=0.7154
[ep 036] val_sel AUC=0.8997 acc=0.7552
[ep 037] val_sel AUC=0.9074 acc=0.7760
[ep 038] val_sel AUC=0.9045 acc=0.7357
[ep 039] val_sel AUC=0.8793 acc=0.7116
[ep 040] val_sel AUC=0.9041 acc=0.7608
[ep 041] val_sel AUC=0.9064 acc=0.7785
[ep 042] val_sel AUC=0.9058 acc=0.7624
[ep 043] val_sel AUC=0.9115 acc=0.7823
[ep 044] val_sel AUC=0.9236 acc=0.8114
[ep 045] val_sel AUC=0.9235 acc=0.7863
[ep 046] val_sel AUC=0.8943 acc=0.7586
[ep 047] val_sel AUC=0.9069 acc=0.7843
[ep 048] val_sel AUC=0.9080 acc=0.7865
[ep 049] val_sel AUC=0.9265 acc=0.8165
[ep 050] val_sel AUC=0.9289 acc=0.8221
[ep 051] val_sel AUC=0.9162 acc=0.7628
[ep 052] val_sel AUC=0.9280 acc=0.8145
[ep 053] val_sel AUC=0.9325 acc=0.8293
[ep 054] val_sel AUC=0.8871 acc=0.7098
[ep 055] val_sel AUC=0.9163 acc=0.7852
[ep 056] val_sel AUC=0.9270 acc=0.7832
[ep 057] val_sel AUC=0.8869 acc=0.7463
[ep 058] val_sel AUC=0.8985 acc=0.7261
[ep 059] val_sel AUC=0.9235 acc=0.8038
[ep 060] val_sel AUC=0.9271 acc=0.8091
[ep 061] val_sel AUC=0.9266 acc=0.8194
[ep 062] val_sel AUC=0.9043 acc=0.7445
[ep 063] val_sel AUC=0.9359 acc=0.8257
[ep 064] val_sel AUC=0.9345 acc=0.8333
[ep 065] val_sel AUC=0.9268 acc=0.8138
[ep 066] val_sel AUC=0.9162 acc=0.7979
[ep 067] val_sel AUC=0.9241 acc=0.8120
[ep 068] val_sel AUC=0.9357 acc=0.8328
[ep 069] val_sel AUC=0.9310 acc=0.7979
[ep 070] val_sel AUC=0.9318 acc=0.8248
[ep 071] val_sel AUC=0.9405 acc=0.8496
[ep 072] val_sel AUC=0.9376 acc=0.8409
[ep 073] val_sel AUC=0.9386 acc=0.8510
[ep 074] val_sel AUC=0.9421 acc=0.8541
[ep 075] val_sel AUC=0.9388 acc=0.8371
[ep 076] val_sel AUC=0.9358 acc=0.8326
[ep 077] val_sel AUC=0.9345 acc=0.8431
[ep 078] val_sel AUC=0.9404 acc=0.8521
[ep 079] val_sel AUC=0.9404 acc=0.8590
[ep 080] val_sel AUC=0.9375 acc=0.8422
[ep 081] val_sel AUC=0.9380 acc=0.8469
[ep 082] val_sel AUC=0.9216 acc=0.7959
[ep 083] val_sel AUC=0.9393 acc=0.8501
[ep 084] val_sel AUC=0.9414 acc=0.8537
[ep 085] val_sel AUC=0.9404 acc=0.8561
[ep 086] val_sel AUC=0.9411 acc=0.8534
[ep 087] val_sel AUC=0.9406 acc=0.8554
[ep 088] val_sel AUC=0.9422 acc=0.8577
[ep 089] val_sel AUC=0.9411 acc=0.8566
[ep 090] val_sel AUC=0.9400 acc=0.8570
[ep 091] val_sel AUC=0.9401 acc=0.8575
[ep 092] val_sel AUC=0.9399 acc=0.8601
[ep 093] val_sel AUC=0.9396 acc=0.8579
[ep 094] val_sel AUC=0.9395 acc=0.8588
[ep 095] val_sel AUC=0.9395 acc=0.8577
[ep 096] val_sel AUC=0.9395 acc=0.8579
============================================================
TEST (best val_sel epoch, held-out, evaluated once)
============================================================
[DONE-QPE2] embed=butterfly model_III N=250 seed=44 test_AUC=0.9446 val_sel_AUC=0.9422 per_class=(axion=0.9529 cdm=0.9002 no_sub=0.9807) params=203652 embed_params=193 R_frob_drift=1.5639712810516357
