[INFO] QPE2 D=64 P=8 depth=4 | embed=butterfly | data=model_II N/class=100 seed=58 split_seed=0 | params=203652 embed_params=193 lr=0.001 epochs=96 bs=32 | train(300, 64, 64) val_sel(4455, 64, 64) test(4455, 64, 64) device=cuda
[ep 001] val_sel AUC=0.5420 acc=0.3473
[ep 002] val_sel AUC=0.5310 acc=0.3237
[ep 003] val_sel AUC=0.5318 acc=0.3473
[ep 004] val_sel AUC=0.5344 acc=0.3473
[ep 005] val_sel AUC=0.5349 acc=0.3237
[ep 006] val_sel AUC=0.5393 acc=0.3473
[ep 007] val_sel AUC=0.5432 acc=0.3291
[ep 008] val_sel AUC=0.5428 acc=0.3237
[ep 009] val_sel AUC=0.5432 acc=0.3291
[ep 010] val_sel AUC=0.5417 acc=0.3421
[ep 011] val_sel AUC=0.5390 acc=0.3473
[ep 012] val_sel AUC=0.5355 acc=0.3657
[ep 013] val_sel AUC=0.5331 acc=0.3376
[ep 014] val_sel AUC=0.5328 acc=0.3439
[ep 015] val_sel AUC=0.5330 acc=0.3605
[ep 016] val_sel AUC=0.5335 acc=0.3416
[ep 017] val_sel AUC=0.5347 acc=0.3607
[ep 018] val_sel AUC=0.5390 acc=0.3419
[ep 019] val_sel AUC=0.5389 acc=0.3529
[ep 020] val_sel AUC=0.5454 acc=0.3607
[ep 021] val_sel AUC=0.5463 acc=0.3692
[ep 022] val_sel AUC=0.5476 acc=0.3616
[ep 023] val_sel AUC=0.5491 acc=0.3612
[ep 024] val_sel AUC=0.5464 acc=0.3630
[ep 025] val_sel AUC=0.5498 acc=0.3636
[ep 026] val_sel AUC=0.5505 acc=0.3596
[ep 027] val_sel AUC=0.5522 acc=0.3675
[ep 028] val_sel AUC=0.5514 acc=0.3636
[ep 029] val_sel AUC=0.5524 acc=0.3668
[ep 030] val_sel AUC=0.5526 acc=0.3652
[ep 031] val_sel AUC=0.5526 acc=0.3648
[ep 032] val_sel AUC=0.5526 acc=0.3657
[ep 033] val_sel AUC=0.5607 acc=0.3639
[ep 034] val_sel AUC=0.5587 acc=0.3607
[ep 035] val_sel AUC=0.5706 acc=0.3657
[ep 036] val_sel AUC=0.5771 acc=0.3713
[ep 037] val_sel AUC=0.5779 acc=0.3823
[ep 038] val_sel AUC=0.5908 acc=0.3859
[ep 039] val_sel AUC=0.6166 acc=0.4352
[ep 040] val_sel AUC=0.6229 acc=0.4330
[ep 041] val_sel AUC=0.6195 acc=0.3872
[ep 042] val_sel AUC=0.6401 acc=0.4548
[ep 043] val_sel AUC=0.6493 acc=0.4498
[ep 044] val_sel AUC=0.6362 acc=0.4406
[ep 045] val_sel AUC=0.6422 acc=0.4418
[ep 046] val_sel AUC=0.6641 acc=0.4604
[ep 047] val_sel AUC=0.6737 acc=0.4790
[ep 048] val_sel AUC=0.6982 acc=0.5089
[ep 049] val_sel AUC=0.7105 acc=0.5077
[ep 050] val_sel AUC=0.7203 acc=0.5324
[ep 051] val_sel AUC=0.7086 acc=0.5064
[ep 052] val_sel AUC=0.7388 acc=0.5432
[ep 053] val_sel AUC=0.7335 acc=0.5562
[ep 054] val_sel AUC=0.7018 acc=0.4988
[ep 055] val_sel AUC=0.7431 acc=0.5605
[ep 056] val_sel AUC=0.7350 acc=0.5443
[ep 057] val_sel AUC=0.7542 acc=0.5800
[ep 058] val_sel AUC=0.7854 acc=0.6097
[ep 059] val_sel AUC=0.7818 acc=0.6175
[ep 060] val_sel AUC=0.8122 acc=0.6218
[ep 061] val_sel AUC=0.7995 acc=0.5930
[ep 062] val_sel AUC=0.8194 acc=0.6501
[ep 063] val_sel AUC=0.7928 acc=0.6195
[ep 064] val_sel AUC=0.7993 acc=0.6213
[ep 065] val_sel AUC=0.7989 acc=0.6245
[ep 066] val_sel AUC=0.7843 acc=0.6009
[ep 067] val_sel AUC=0.7874 acc=0.6119
[ep 068] val_sel AUC=0.8103 acc=0.6424
[ep 069] val_sel AUC=0.8234 acc=0.6615
[ep 070] val_sel AUC=0.8236 acc=0.6705
[ep 071] val_sel AUC=0.8335 acc=0.6626
[ep 072] val_sel AUC=0.8322 acc=0.6788
[ep 073] val_sel AUC=0.8338 acc=0.6743
[ep 074] val_sel AUC=0.8240 acc=0.6597
[ep 075] val_sel AUC=0.8386 acc=0.6730
[ep 076] val_sel AUC=0.8429 acc=0.6866
[ep 077] val_sel AUC=0.8320 acc=0.6660
[ep 078] val_sel AUC=0.8409 acc=0.6887
[ep 079] val_sel AUC=0.8341 acc=0.6851
[ep 080] val_sel AUC=0.8336 acc=0.6880
[ep 081] val_sel AUC=0.8376 acc=0.6873
[ep 082] val_sel AUC=0.8399 acc=0.6866
[ep 083] val_sel AUC=0.8371 acc=0.6860
[ep 084] val_sel AUC=0.8381 acc=0.6891
[ep 085] val_sel AUC=0.8383 acc=0.6860
[ep 086] val_sel AUC=0.8393 acc=0.6869
[ep 087] val_sel AUC=0.8401 acc=0.6882
[ep 088] val_sel AUC=0.8404 acc=0.6875
[ep 089] val_sel AUC=0.8402 acc=0.6864
[ep 090] val_sel AUC=0.8398 acc=0.6900
[ep 091] val_sel AUC=0.8401 acc=0.6887
[ep 092] val_sel AUC=0.8400 acc=0.6880
[ep 093] val_sel AUC=0.8400 acc=0.6878
[ep 094] val_sel AUC=0.8401 acc=0.6875
[ep 095] val_sel AUC=0.8401 acc=0.6875
[ep 096] val_sel AUC=0.8401 acc=0.6871
============================================================
TEST (best val_sel epoch, held-out, evaluated once)
============================================================
[DONE-QPE2] embed=butterfly model_II N=100 seed=58 test_AUC=0.8542 val_sel_AUC=0.8429 per_class=(axion=0.8999 cdm=0.7335 no_sub=0.9292) params=203652 embed_params=193 R_frob_drift=1.3316982984542847
