[INFO] QPE2 D=64 P=8 depth=4 | embed=butterfly | data=model_II N/class=250 seed=56 split_seed=0 | params=203652 embed_params=193 lr=0.001 epochs=96 bs=32 | train(750, 64, 64) val_sel(4455, 64, 64) test(4455, 64, 64) device=cuda
[ep 001] val_sel AUC=0.5526 acc=0.3473
[ep 002] val_sel AUC=0.5540 acc=0.3473
[ep 003] val_sel AUC=0.5526 acc=0.3457
[ep 004] val_sel AUC=0.5544 acc=0.3473
[ep 005] val_sel AUC=0.5508 acc=0.3237
[ep 006] val_sel AUC=0.5472 acc=0.3473
[ep 007] val_sel AUC=0.5398 acc=0.3473
[ep 008] val_sel AUC=0.5314 acc=0.3551
[ep 009] val_sel AUC=0.5309 acc=0.3473
[ep 010] val_sel AUC=0.5318 acc=0.3497
[ep 011] val_sel AUC=0.5296 acc=0.3237
[ep 012] val_sel AUC=0.5267 acc=0.3473
[ep 013] val_sel AUC=0.5303 acc=0.3237
[ep 014] val_sel AUC=0.5264 acc=0.3468
[ep 015] val_sel AUC=0.5307 acc=0.3468
[ep 016] val_sel AUC=0.5543 acc=0.3641
[ep 017] val_sel AUC=0.5884 acc=0.3551
[ep 018] val_sel AUC=0.6170 acc=0.3879
[ep 019] val_sel AUC=0.6692 acc=0.4786
[ep 020] val_sel AUC=0.7586 acc=0.5650
[ep 021] val_sel AUC=0.7631 acc=0.5639
[ep 022] val_sel AUC=0.7857 acc=0.5717
[ep 023] val_sel AUC=0.7757 acc=0.5670
[ep 024] val_sel AUC=0.8261 acc=0.6496
[ep 025] val_sel AUC=0.8433 acc=0.6808
[ep 026] val_sel AUC=0.8550 acc=0.6909
[ep 027] val_sel AUC=0.8513 acc=0.6900
[ep 028] val_sel AUC=0.8688 acc=0.7059
[ep 029] val_sel AUC=0.8727 acc=0.7167
[ep 030] val_sel AUC=0.8759 acc=0.7217
[ep 031] val_sel AUC=0.8760 acc=0.7201
[ep 032] val_sel AUC=0.8765 acc=0.7259
[ep 033] val_sel AUC=0.7751 acc=0.5836
[ep 034] val_sel AUC=0.7934 acc=0.5969
[ep 035] val_sel AUC=0.8372 acc=0.6848
[ep 036] val_sel AUC=0.8457 acc=0.6640
[ep 037] val_sel AUC=0.8510 acc=0.6388
[ep 038] val_sel AUC=0.8540 acc=0.6727
[ep 039] val_sel AUC=0.8283 acc=0.6052
[ep 040] val_sel AUC=0.8777 acc=0.7306
[ep 041] val_sel AUC=0.8649 acc=0.7104
[ep 042] val_sel AUC=0.8306 acc=0.5594
[ep 043] val_sel AUC=0.8410 acc=0.6397
[ep 044] val_sel AUC=0.8653 acc=0.7291
[ep 045] val_sel AUC=0.8940 acc=0.7663
[ep 046] val_sel AUC=0.8880 acc=0.7331
[ep 047] val_sel AUC=0.8745 acc=0.7039
[ep 048] val_sel AUC=0.8686 acc=0.7158
[ep 049] val_sel AUC=0.8643 acc=0.6909
[ep 050] val_sel AUC=0.8531 acc=0.6359
[ep 051] val_sel AUC=0.8901 acc=0.7345
[ep 052] val_sel AUC=0.8615 acc=0.7008
[ep 053] val_sel AUC=0.8940 acc=0.7719
[ep 054] val_sel AUC=0.8946 acc=0.7603
[ep 055] val_sel AUC=0.8881 acc=0.7071
[ep 056] val_sel AUC=0.9072 acc=0.7908
[ep 057] val_sel AUC=0.8965 acc=0.7616
[ep 058] val_sel AUC=0.9108 acc=0.7609
[ep 059] val_sel AUC=0.8987 acc=0.7755
[ep 060] val_sel AUC=0.8683 acc=0.6673
[ep 061] val_sel AUC=0.9087 acc=0.7928
[ep 062] val_sel AUC=0.8964 acc=0.7587
[ep 063] val_sel AUC=0.9090 acc=0.8027
[ep 064] val_sel AUC=0.9091 acc=0.8007
[ep 065] val_sel AUC=0.9193 acc=0.8198
[ep 066] val_sel AUC=0.9100 acc=0.8002
[ep 067] val_sel AUC=0.9106 acc=0.7946
[ep 068] val_sel AUC=0.9053 acc=0.7915
[ep 069] val_sel AUC=0.9161 acc=0.8242
[ep 070] val_sel AUC=0.9272 acc=0.8447
[ep 071] val_sel AUC=0.9207 acc=0.8218
[ep 072] val_sel AUC=0.9227 acc=0.8299
[ep 073] val_sel AUC=0.9239 acc=0.8283
[ep 074] val_sel AUC=0.9240 acc=0.8027
[ep 075] val_sel AUC=0.9258 acc=0.8285
[ep 076] val_sel AUC=0.9210 acc=0.8016
[ep 077] val_sel AUC=0.9303 acc=0.8485
[ep 078] val_sel AUC=0.9296 acc=0.8402
[ep 079] val_sel AUC=0.9296 acc=0.8352
[ep 080] val_sel AUC=0.9194 acc=0.8296
[ep 081] val_sel AUC=0.9290 acc=0.8501
[ep 082] val_sel AUC=0.9292 acc=0.8352
[ep 083] val_sel AUC=0.9265 acc=0.8265
[ep 084] val_sel AUC=0.9255 acc=0.8339
[ep 085] val_sel AUC=0.9250 acc=0.8231
[ep 086] val_sel AUC=0.9238 acc=0.8189
[ep 087] val_sel AUC=0.9262 acc=0.8370
[ep 088] val_sel AUC=0.9280 acc=0.8462
[ep 089] val_sel AUC=0.9298 acc=0.8397
[ep 090] val_sel AUC=0.9301 acc=0.8438
[ep 091] val_sel AUC=0.9299 acc=0.8424
[ep 092] val_sel AUC=0.9295 acc=0.8433
[ep 093] val_sel AUC=0.9295 acc=0.8413
[ep 094] val_sel AUC=0.9296 acc=0.8426
[ep 095] val_sel AUC=0.9296 acc=0.8429
[ep 096] val_sel AUC=0.9297 acc=0.8418
============================================================
TEST (best val_sel epoch, held-out, evaluated once)
============================================================
[DONE-QPE2] embed=butterfly model_II N=250 seed=56 test_AUC=0.9309 val_sel_AUC=0.9303 per_class=(axion=0.9372 cdm=0.8741 no_sub=0.9813) params=203652 embed_params=193 R_frob_drift=1.472598910331726
