[INFO] QPE2 D=64 P=8 depth=4 | embed=butterfly | data=model_III N/class=100 seed=56 split_seed=0 | params=203652 embed_params=193 lr=0.001 epochs=96 bs=32 | train(300, 64, 64) val_sel(4469, 64, 64) test(4470, 64, 64) device=cuda
[ep 001] val_sel AUC=0.5758 acc=0.3283
[ep 002] val_sel AUC=0.5664 acc=0.3433
[ep 003] val_sel AUC=0.5604 acc=0.3379
[ep 004] val_sel AUC=0.5565 acc=0.3283
[ep 005] val_sel AUC=0.5548 acc=0.3283
[ep 006] val_sel AUC=0.5493 acc=0.3433
[ep 007] val_sel AUC=0.5508 acc=0.3283
[ep 008] val_sel AUC=0.5439 acc=0.3285
[ep 009] val_sel AUC=0.5457 acc=0.3283
[ep 010] val_sel AUC=0.5407 acc=0.3433
[ep 011] val_sel AUC=0.5348 acc=0.3285
[ep 012] val_sel AUC=0.5296 acc=0.3406
[ep 013] val_sel AUC=0.5244 acc=0.3466
[ep 014] val_sel AUC=0.5315 acc=0.3538
[ep 015] val_sel AUC=0.5357 acc=0.3473
[ep 016] val_sel AUC=0.5478 acc=0.3800
[ep 017] val_sel AUC=0.5532 acc=0.3793
[ep 018] val_sel AUC=0.5545 acc=0.3770
[ep 019] val_sel AUC=0.5553 acc=0.3775
[ep 020] val_sel AUC=0.5566 acc=0.3764
[ep 021] val_sel AUC=0.5573 acc=0.3831
[ep 022] val_sel AUC=0.5582 acc=0.3833
[ep 023] val_sel AUC=0.5591 acc=0.3808
[ep 024] val_sel AUC=0.5597 acc=0.3797
[ep 025] val_sel AUC=0.5607 acc=0.3855
[ep 026] val_sel AUC=0.5615 acc=0.3864
[ep 027] val_sel AUC=0.5622 acc=0.3869
[ep 028] val_sel AUC=0.5629 acc=0.3849
[ep 029] val_sel AUC=0.5633 acc=0.3860
[ep 030] val_sel AUC=0.5635 acc=0.3864
[ep 031] val_sel AUC=0.5636 acc=0.3858
[ep 032] val_sel AUC=0.5637 acc=0.3862
[ep 033] val_sel AUC=0.5770 acc=0.3932
[ep 034] val_sel AUC=0.5864 acc=0.3840
[ep 035] val_sel AUC=0.6165 acc=0.4218
[ep 036] val_sel AUC=0.6123 acc=0.3618
[ep 037] val_sel AUC=0.6149 acc=0.4171
[ep 038] val_sel AUC=0.5934 acc=0.3972
[ep 039] val_sel AUC=0.6392 acc=0.4457
[ep 040] val_sel AUC=0.7191 acc=0.5050
[ep 041] val_sel AUC=0.7285 acc=0.5500
[ep 042] val_sel AUC=0.7732 acc=0.5681
[ep 043] val_sel AUC=0.7259 acc=0.5366
[ep 044] val_sel AUC=0.7389 acc=0.5265
[ep 045] val_sel AUC=0.7885 acc=0.5851
[ep 046] val_sel AUC=0.8045 acc=0.6312
[ep 047] val_sel AUC=0.8091 acc=0.6133
[ep 048] val_sel AUC=0.8251 acc=0.6554
[ep 049] val_sel AUC=0.8199 acc=0.6250
[ep 050] val_sel AUC=0.8353 acc=0.6523
[ep 051] val_sel AUC=0.8228 acc=0.6478
[ep 052] val_sel AUC=0.8389 acc=0.6467
[ep 053] val_sel AUC=0.8285 acc=0.6691
[ep 054] val_sel AUC=0.8208 acc=0.6138
[ep 055] val_sel AUC=0.8398 acc=0.6541
[ep 056] val_sel AUC=0.8385 acc=0.6536
[ep 057] val_sel AUC=0.8449 acc=0.6742
[ep 058] val_sel AUC=0.8487 acc=0.7066
[ep 059] val_sel AUC=0.8435 acc=0.6697
[ep 060] val_sel AUC=0.8652 acc=0.7089
[ep 061] val_sel AUC=0.8319 acc=0.6104
[ep 062] val_sel AUC=0.8663 acc=0.7049
[ep 063] val_sel AUC=0.8451 acc=0.6852
[ep 064] val_sel AUC=0.8751 acc=0.7281
[ep 065] val_sel AUC=0.8723 acc=0.7362
[ep 066] val_sel AUC=0.8767 acc=0.7292
[ep 067] val_sel AUC=0.8746 acc=0.7158
[ep 068] val_sel AUC=0.8814 acc=0.7335
[ep 069] val_sel AUC=0.8840 acc=0.7507
[ep 070] val_sel AUC=0.8860 acc=0.7516
[ep 071] val_sel AUC=0.8934 acc=0.7574
[ep 072] val_sel AUC=0.8763 acc=0.7355
[ep 073] val_sel AUC=0.8615 acc=0.6883
[ep 074] val_sel AUC=0.8600 acc=0.7096
[ep 075] val_sel AUC=0.8781 acc=0.7212
[ep 076] val_sel AUC=0.8845 acc=0.7299
[ep 077] val_sel AUC=0.8851 acc=0.7496
[ep 078] val_sel AUC=0.8911 acc=0.7637
[ep 079] val_sel AUC=0.8938 acc=0.7684
[ep 080] val_sel AUC=0.8917 acc=0.7794
[ep 081] val_sel AUC=0.8916 acc=0.7722
[ep 082] val_sel AUC=0.8964 acc=0.7816
[ep 083] val_sel AUC=0.8950 acc=0.7787
[ep 084] val_sel AUC=0.8931 acc=0.7843
[ep 085] val_sel AUC=0.8933 acc=0.7814
[ep 086] val_sel AUC=0.8946 acc=0.7845
[ep 087] val_sel AUC=0.8949 acc=0.7852
[ep 088] val_sel AUC=0.8950 acc=0.7838
[ep 089] val_sel AUC=0.8955 acc=0.7874
[ep 090] val_sel AUC=0.8952 acc=0.7850
[ep 091] val_sel AUC=0.8951 acc=0.7827
[ep 092] val_sel AUC=0.8955 acc=0.7876
[ep 093] val_sel AUC=0.8955 acc=0.7863
[ep 094] val_sel AUC=0.8953 acc=0.7876
[ep 095] val_sel AUC=0.8951 acc=0.7852
[ep 096] val_sel AUC=0.8951 acc=0.7856
============================================================
TEST (best val_sel epoch, held-out, evaluated once)
============================================================
[DONE-QPE2] embed=butterfly model_III N=100 seed=56 test_AUC=0.8921 val_sel_AUC=0.8964 per_class=(axion=0.9205 cdm=0.8067 no_sub=0.9491) params=203652 embed_params=193 R_frob_drift=1.5331456661224365
