[INFO] QPE2 D=64 P=8 depth=4 | embed=butterfly | data=model_II N/class=250 seed=44 split_seed=0 | params=203652 embed_params=193 lr=0.001 epochs=96 bs=32 | train(750, 64, 64) val_sel(4455, 64, 64) test(4455, 64, 64) device=cuda
[ep 001] val_sel AUC=0.5410 acc=0.3520
[ep 002] val_sel AUC=0.5510 acc=0.3291
[ep 003] val_sel AUC=0.5519 acc=0.3291
[ep 004] val_sel AUC=0.5553 acc=0.3291
[ep 005] val_sel AUC=0.5586 acc=0.3473
[ep 006] val_sel AUC=0.5585 acc=0.3473
[ep 007] val_sel AUC=0.5563 acc=0.3237
[ep 008] val_sel AUC=0.5619 acc=0.3277
[ep 009] val_sel AUC=0.5615 acc=0.3473
[ep 010] val_sel AUC=0.5508 acc=0.3259
[ep 011] val_sel AUC=0.5460 acc=0.3603
[ep 012] val_sel AUC=0.5614 acc=0.3470
[ep 013] val_sel AUC=0.5569 acc=0.3648
[ep 014] val_sel AUC=0.5734 acc=0.3780
[ep 015] val_sel AUC=0.5925 acc=0.3953
[ep 016] val_sel AUC=0.7169 acc=0.4278
[ep 017] val_sel AUC=0.7710 acc=0.5933
[ep 018] val_sel AUC=0.7844 acc=0.5919
[ep 019] val_sel AUC=0.7924 acc=0.5924
[ep 020] val_sel AUC=0.8101 acc=0.6155
[ep 021] val_sel AUC=0.8644 acc=0.7037
[ep 022] val_sel AUC=0.8671 acc=0.6952
[ep 023] val_sel AUC=0.8777 acc=0.7288
[ep 024] val_sel AUC=0.8842 acc=0.7257
[ep 025] val_sel AUC=0.8665 acc=0.7273
[ep 026] val_sel AUC=0.8842 acc=0.7398
[ep 027] val_sel AUC=0.8913 acc=0.7484
[ep 028] val_sel AUC=0.8922 acc=0.7446
[ep 029] val_sel AUC=0.8953 acc=0.7499
[ep 030] val_sel AUC=0.8938 acc=0.7560
[ep 031] val_sel AUC=0.8950 acc=0.7524
[ep 032] val_sel AUC=0.8950 acc=0.7556
[ep 033] val_sel AUC=0.8565 acc=0.6985
[ep 034] val_sel AUC=0.8349 acc=0.6817
[ep 035] val_sel AUC=0.8545 acc=0.6673
[ep 036] val_sel AUC=0.8664 acc=0.6914
[ep 037] val_sel AUC=0.8398 acc=0.6620
[ep 038] val_sel AUC=0.8853 acc=0.7185
[ep 039] val_sel AUC=0.8797 acc=0.7293
[ep 040] val_sel AUC=0.8557 acc=0.6822
[ep 041] val_sel AUC=0.8753 acc=0.7223
[ep 042] val_sel AUC=0.8957 acc=0.7356
[ep 043] val_sel AUC=0.8547 acc=0.6831
[ep 044] val_sel AUC=0.9016 acc=0.7666
[ep 045] val_sel AUC=0.8821 acc=0.7365
[ep 046] val_sel AUC=0.8833 acc=0.7167
[ep 047] val_sel AUC=0.8962 acc=0.7614
[ep 048] val_sel AUC=0.9102 acc=0.7607
[ep 049] val_sel AUC=0.8955 acc=0.7470
[ep 050] val_sel AUC=0.9046 acc=0.7818
[ep 051] val_sel AUC=0.9014 acc=0.7719
[ep 052] val_sel AUC=0.8989 acc=0.7544
[ep 053] val_sel AUC=0.9033 acc=0.7744
[ep 054] val_sel AUC=0.9079 acc=0.7793
[ep 055] val_sel AUC=0.8995 acc=0.7648
[ep 056] val_sel AUC=0.9117 acc=0.7652
[ep 057] val_sel AUC=0.9087 acc=0.7816
[ep 058] val_sel AUC=0.9093 acc=0.7782
[ep 059] val_sel AUC=0.9157 acc=0.7948
[ep 060] val_sel AUC=0.8839 acc=0.7443
[ep 061] val_sel AUC=0.9030 acc=0.7699
[ep 062] val_sel AUC=0.9130 acc=0.7832
[ep 063] val_sel AUC=0.9188 acc=0.7962
[ep 064] val_sel AUC=0.9062 acc=0.7776
[ep 065] val_sel AUC=0.9029 acc=0.7542
[ep 066] val_sel AUC=0.9058 acc=0.7708
[ep 067] val_sel AUC=0.9100 acc=0.7845
[ep 068] val_sel AUC=0.9067 acc=0.7771
[ep 069] val_sel AUC=0.9064 acc=0.7740
[ep 070] val_sel AUC=0.9212 acc=0.8123
[ep 071] val_sel AUC=0.9204 acc=0.7879
[ep 072] val_sel AUC=0.9211 acc=0.8159
[ep 073] val_sel AUC=0.9176 acc=0.8079
[ep 074] val_sel AUC=0.9209 acc=0.8141
[ep 075] val_sel AUC=0.9106 acc=0.7731
[ep 076] val_sel AUC=0.9242 acc=0.8153
[ep 077] val_sel AUC=0.9272 acc=0.8245
[ep 078] val_sel AUC=0.9250 acc=0.8182
[ep 079] val_sel AUC=0.9243 acc=0.8157
[ep 080] val_sel AUC=0.9229 acc=0.8162
[ep 081] val_sel AUC=0.9232 acc=0.8141
[ep 082] val_sel AUC=0.9245 acc=0.8191
[ep 083] val_sel AUC=0.9254 acc=0.8209
[ep 084] val_sel AUC=0.9237 acc=0.8211
[ep 085] val_sel AUC=0.9238 acc=0.8215
[ep 086] val_sel AUC=0.9226 acc=0.8207
[ep 087] val_sel AUC=0.9241 acc=0.8283
[ep 088] val_sel AUC=0.9248 acc=0.8251
[ep 089] val_sel AUC=0.9251 acc=0.8224
[ep 090] val_sel AUC=0.9226 acc=0.8260
[ep 091] val_sel AUC=0.9240 acc=0.8278
[ep 092] val_sel AUC=0.9232 acc=0.8290
[ep 093] val_sel AUC=0.9233 acc=0.8283
[ep 094] val_sel AUC=0.9229 acc=0.8274
[ep 095] val_sel AUC=0.9231 acc=0.8267
[ep 096] val_sel AUC=0.9231 acc=0.8272
============================================================
TEST (best val_sel epoch, held-out, evaluated once)
============================================================
[DONE-QPE2] embed=butterfly model_II N=250 seed=44 test_AUC=0.9327 val_sel_AUC=0.9272 per_class=(axion=0.9477 cdm=0.8753 no_sub=0.9749) params=203652 embed_params=193 R_frob_drift=1.7409870624542236
