[INFO] QPE2 D=64 P=8 depth=4 | embed=butterfly | data=model_II N/class=100 seed=59 split_seed=0 | params=203652 embed_params=193 lr=0.001 epochs=96 bs=32 | train(300, 64, 64) val_sel(4455, 64, 64) test(4455, 64, 64) device=cuda
[ep 001] val_sel AUC=0.4943 acc=0.3473
[ep 002] val_sel AUC=0.5053 acc=0.3237
[ep 003] val_sel AUC=0.5104 acc=0.3473
[ep 004] val_sel AUC=0.5093 acc=0.3237
[ep 005] val_sel AUC=0.5231 acc=0.3291
[ep 006] val_sel AUC=0.5278 acc=0.3473
[ep 007] val_sel AUC=0.5232 acc=0.3237
[ep 008] val_sel AUC=0.5353 acc=0.3473
[ep 009] val_sel AUC=0.5424 acc=0.3291
[ep 010] val_sel AUC=0.5383 acc=0.3237
[ep 011] val_sel AUC=0.5344 acc=0.3473
[ep 012] val_sel AUC=0.5397 acc=0.3291
[ep 013] val_sel AUC=0.5368 acc=0.3473
[ep 014] val_sel AUC=0.5341 acc=0.3237
[ep 015] val_sel AUC=0.5336 acc=0.3291
[ep 016] val_sel AUC=0.5292 acc=0.3401
[ep 017] val_sel AUC=0.5291 acc=0.3623
[ep 018] val_sel AUC=0.5292 acc=0.3237
[ep 019] val_sel AUC=0.5290 acc=0.3448
[ep 020] val_sel AUC=0.5320 acc=0.3452
[ep 021] val_sel AUC=0.5328 acc=0.3574
[ep 022] val_sel AUC=0.5322 acc=0.3607
[ep 023] val_sel AUC=0.5312 acc=0.3594
[ep 024] val_sel AUC=0.5327 acc=0.3652
[ep 025] val_sel AUC=0.5342 acc=0.3618
[ep 026] val_sel AUC=0.5341 acc=0.3596
[ep 027] val_sel AUC=0.5343 acc=0.3668
[ep 028] val_sel AUC=0.5346 acc=0.3609
[ep 029] val_sel AUC=0.5342 acc=0.3636
[ep 030] val_sel AUC=0.5343 acc=0.3632
[ep 031] val_sel AUC=0.5345 acc=0.3627
[ep 032] val_sel AUC=0.5345 acc=0.3625
[ep 033] val_sel AUC=0.5362 acc=0.3578
[ep 034] val_sel AUC=0.5401 acc=0.3582
[ep 035] val_sel AUC=0.5385 acc=0.3670
[ep 036] val_sel AUC=0.5395 acc=0.3367
[ep 037] val_sel AUC=0.5410 acc=0.3585
[ep 038] val_sel AUC=0.5392 acc=0.3455
[ep 039] val_sel AUC=0.5337 acc=0.3603
[ep 040] val_sel AUC=0.5401 acc=0.3477
[ep 041] val_sel AUC=0.5386 acc=0.3567
[ep 042] val_sel AUC=0.5398 acc=0.3578
[ep 043] val_sel AUC=0.5358 acc=0.3452
[ep 044] val_sel AUC=0.5285 acc=0.3488
[ep 045] val_sel AUC=0.5249 acc=0.3502
[ep 046] val_sel AUC=0.5309 acc=0.3490
[ep 047] val_sel AUC=0.5355 acc=0.3598
[ep 048] val_sel AUC=0.5448 acc=0.3906
[ep 049] val_sel AUC=0.5487 acc=0.3735
[ep 050] val_sel AUC=0.5630 acc=0.3841
[ep 051] val_sel AUC=0.5688 acc=0.3697
[ep 052] val_sel AUC=0.5639 acc=0.3737
[ep 053] val_sel AUC=0.5762 acc=0.3816
[ep 054] val_sel AUC=0.5967 acc=0.4211
[ep 055] val_sel AUC=0.6053 acc=0.4137
[ep 056] val_sel AUC=0.6565 acc=0.4662
[ep 057] val_sel AUC=0.6549 acc=0.4651
[ep 058] val_sel AUC=0.6347 acc=0.4548
[ep 059] val_sel AUC=0.6432 acc=0.4772
[ep 060] val_sel AUC=0.6631 acc=0.4734
[ep 061] val_sel AUC=0.6878 acc=0.4734
[ep 062] val_sel AUC=0.7021 acc=0.5082
[ep 063] val_sel AUC=0.7298 acc=0.5360
[ep 064] val_sel AUC=0.7507 acc=0.5394
[ep 065] val_sel AUC=0.7472 acc=0.5336
[ep 066] val_sel AUC=0.7458 acc=0.5131
[ep 067] val_sel AUC=0.7574 acc=0.5443
[ep 068] val_sel AUC=0.7513 acc=0.5650
[ep 069] val_sel AUC=0.7594 acc=0.5607
[ep 070] val_sel AUC=0.7611 acc=0.5699
[ep 071] val_sel AUC=0.7713 acc=0.5910
[ep 072] val_sel AUC=0.7670 acc=0.5787
[ep 073] val_sel AUC=0.7699 acc=0.5856
[ep 074] val_sel AUC=0.7813 acc=0.5973
[ep 075] val_sel AUC=0.7934 acc=0.6207
[ep 076] val_sel AUC=0.7886 acc=0.6090
[ep 077] val_sel AUC=0.7752 acc=0.5892
[ep 078] val_sel AUC=0.7948 acc=0.6175
[ep 079] val_sel AUC=0.7874 acc=0.6215
[ep 080] val_sel AUC=0.7773 acc=0.5805
[ep 081] val_sel AUC=0.8016 acc=0.6343
[ep 082] val_sel AUC=0.7986 acc=0.6402
[ep 083] val_sel AUC=0.7984 acc=0.6384
[ep 084] val_sel AUC=0.7937 acc=0.6339
[ep 085] val_sel AUC=0.7956 acc=0.6368
[ep 086] val_sel AUC=0.7907 acc=0.6364
[ep 087] val_sel AUC=0.7905 acc=0.6323
[ep 088] val_sel AUC=0.7957 acc=0.6433
[ep 089] val_sel AUC=0.7920 acc=0.6314
[ep 090] val_sel AUC=0.7923 acc=0.6366
[ep 091] val_sel AUC=0.7930 acc=0.6379
[ep 092] val_sel AUC=0.7912 acc=0.6348
[ep 093] val_sel AUC=0.7902 acc=0.6364
[ep 094] val_sel AUC=0.7901 acc=0.6355
[ep 095] val_sel AUC=0.7906 acc=0.6368
[ep 096] val_sel AUC=0.7907 acc=0.6368
============================================================
TEST (best val_sel epoch, held-out, evaluated once)
============================================================
[DONE-QPE2] embed=butterfly model_II N=100 seed=59 test_AUC=0.8093 val_sel_AUC=0.8016 per_class=(axion=0.8991 cdm=0.6590 no_sub=0.8699) params=203652 embed_params=193 R_frob_drift=1.6949821710586548
