[INFO] QPE2 D=64 P=8 depth=4 | embed=butterfly | data=model_III N/class=100 seed=57 split_seed=0 | params=203652 embed_params=193 lr=0.001 epochs=96 bs=32 | train(300, 64, 64) val_sel(4469, 64, 64) test(4470, 64, 64) device=cuda
[ep 001] val_sel AUC=0.5106 acc=0.3433
[ep 002] val_sel AUC=0.5120 acc=0.3285
[ep 003] val_sel AUC=0.5141 acc=0.3285
[ep 004] val_sel AUC=0.5186 acc=0.3459
[ep 005] val_sel AUC=0.5237 acc=0.3520
[ep 006] val_sel AUC=0.5254 acc=0.3285
[ep 007] val_sel AUC=0.5305 acc=0.3433
[ep 008] val_sel AUC=0.5355 acc=0.3330
[ep 009] val_sel AUC=0.5373 acc=0.3735
[ep 010] val_sel AUC=0.5385 acc=0.3446
[ep 011] val_sel AUC=0.5396 acc=0.3455
[ep 012] val_sel AUC=0.5423 acc=0.3699
[ep 013] val_sel AUC=0.5473 acc=0.3672
[ep 014] val_sel AUC=0.5454 acc=0.3652
[ep 015] val_sel AUC=0.5683 acc=0.3627
[ep 016] val_sel AUC=0.5737 acc=0.3764
[ep 017] val_sel AUC=0.5741 acc=0.3820
[ep 018] val_sel AUC=0.5769 acc=0.3820
[ep 019] val_sel AUC=0.5806 acc=0.3876
[ep 020] val_sel AUC=0.5851 acc=0.3829
[ep 021] val_sel AUC=0.5823 acc=0.3791
[ep 022] val_sel AUC=0.6009 acc=0.4008
[ep 023] val_sel AUC=0.6073 acc=0.4037
[ep 024] val_sel AUC=0.6286 acc=0.4263
[ep 025] val_sel AUC=0.6387 acc=0.4368
[ep 026] val_sel AUC=0.6487 acc=0.4453
[ep 027] val_sel AUC=0.6549 acc=0.4565
[ep 028] val_sel AUC=0.6664 acc=0.4670
[ep 029] val_sel AUC=0.6729 acc=0.4728
[ep 030] val_sel AUC=0.6757 acc=0.4786
[ep 031] val_sel AUC=0.6768 acc=0.4802
[ep 032] val_sel AUC=0.6774 acc=0.4806
[ep 033] val_sel AUC=0.5971 acc=0.3773
[ep 034] val_sel AUC=0.6330 acc=0.3820
[ep 035] val_sel AUC=0.6372 acc=0.4231
[ep 036] val_sel AUC=0.6465 acc=0.4426
[ep 037] val_sel AUC=0.6585 acc=0.4442
[ep 038] val_sel AUC=0.6809 acc=0.4827
[ep 039] val_sel AUC=0.7063 acc=0.5247
[ep 040] val_sel AUC=0.7228 acc=0.4938
[ep 041] val_sel AUC=0.7386 acc=0.5411
[ep 042] val_sel AUC=0.7432 acc=0.5156
[ep 043] val_sel AUC=0.7111 acc=0.4672
[ep 044] val_sel AUC=0.7466 acc=0.5261
[ep 045] val_sel AUC=0.7632 acc=0.5679
[ep 046] val_sel AUC=0.7829 acc=0.5851
[ep 047] val_sel AUC=0.8019 acc=0.5988
[ep 048] val_sel AUC=0.7803 acc=0.5836
[ep 049] val_sel AUC=0.7926 acc=0.6189
[ep 050] val_sel AUC=0.8026 acc=0.6035
[ep 051] val_sel AUC=0.7918 acc=0.5905
[ep 052] val_sel AUC=0.8120 acc=0.6393
[ep 053] val_sel AUC=0.7993 acc=0.5992
[ep 054] val_sel AUC=0.8439 acc=0.6731
[ep 055] val_sel AUC=0.8389 acc=0.6673
[ep 056] val_sel AUC=0.8026 acc=0.5699
[ep 057] val_sel AUC=0.8320 acc=0.6628
[ep 058] val_sel AUC=0.8354 acc=0.6686
[ep 059] val_sel AUC=0.8522 acc=0.6955
[ep 060] val_sel AUC=0.8723 acc=0.7210
[ep 061] val_sel AUC=0.8080 acc=0.6209
[ep 062] val_sel AUC=0.8189 acc=0.6196
[ep 063] val_sel AUC=0.8379 acc=0.6840
[ep 064] val_sel AUC=0.8694 acc=0.7087
[ep 065] val_sel AUC=0.8469 acc=0.6597
[ep 066] val_sel AUC=0.8623 acc=0.6796
[ep 067] val_sel AUC=0.8840 acc=0.7433
[ep 068] val_sel AUC=0.8592 acc=0.7210
[ep 069] val_sel AUC=0.8713 acc=0.7261
[ep 070] val_sel AUC=0.8595 acc=0.6964
[ep 071] val_sel AUC=0.8634 acc=0.6796
[ep 072] val_sel AUC=0.8758 acc=0.7483
[ep 073] val_sel AUC=0.8603 acc=0.7190
[ep 074] val_sel AUC=0.8748 acc=0.7445
[ep 075] val_sel AUC=0.8778 acc=0.7207
[ep 076] val_sel AUC=0.8752 acc=0.7398
[ep 077] val_sel AUC=0.8863 acc=0.7662
[ep 078] val_sel AUC=0.8766 acc=0.7539
[ep 079] val_sel AUC=0.8740 acc=0.7536
[ep 080] val_sel AUC=0.8758 acc=0.7386
[ep 081] val_sel AUC=0.8690 acc=0.6977
[ep 082] val_sel AUC=0.8830 acc=0.7469
[ep 083] val_sel AUC=0.8759 acc=0.7433
[ep 084] val_sel AUC=0.8777 acc=0.7431
[ep 085] val_sel AUC=0.8788 acc=0.7525
[ep 086] val_sel AUC=0.8807 acc=0.7530
[ep 087] val_sel AUC=0.8809 acc=0.7624
[ep 088] val_sel AUC=0.8814 acc=0.7646
[ep 089] val_sel AUC=0.8827 acc=0.7655
[ep 090] val_sel AUC=0.8820 acc=0.7655
[ep 091] val_sel AUC=0.8819 acc=0.7668
[ep 092] val_sel AUC=0.8817 acc=0.7671
[ep 093] val_sel AUC=0.8812 acc=0.7671
[ep 094] val_sel AUC=0.8811 acc=0.7673
[ep 095] val_sel AUC=0.8812 acc=0.7671
[ep 096] val_sel AUC=0.8812 acc=0.7671
============================================================
TEST (best val_sel epoch, held-out, evaluated once)
============================================================
[DONE-QPE2] embed=butterfly model_III N=100 seed=57 test_AUC=0.8797 val_sel_AUC=0.8863 per_class=(axion=0.9165 cdm=0.7808 no_sub=0.9418) params=203652 embed_params=193 R_frob_drift=1.6262215375900269
