[INFO] QPE2 D=64 P=8 depth=4 | embed=butterfly | data=model_III N/class=250 seed=56 split_seed=0 | params=203652 embed_params=193 lr=0.001 epochs=96 bs=32 | train(750, 64, 64) val_sel(4469, 64, 64) test(4470, 64, 64) device=cuda
[ep 001] val_sel AUC=0.6202 acc=0.3433
[ep 002] val_sel AUC=0.6147 acc=0.3433
[ep 003] val_sel AUC=0.6231 acc=0.3283
[ep 004] val_sel AUC=0.6359 acc=0.3289
[ep 005] val_sel AUC=0.6482 acc=0.3285
[ep 006] val_sel AUC=0.6432 acc=0.3433
[ep 007] val_sel AUC=0.6324 acc=0.3433
[ep 008] val_sel AUC=0.5702 acc=0.3549
[ep 009] val_sel AUC=0.6016 acc=0.3486
[ep 010] val_sel AUC=0.6292 acc=0.3860
[ep 011] val_sel AUC=0.5857 acc=0.3374
[ep 012] val_sel AUC=0.6504 acc=0.4388
[ep 013] val_sel AUC=0.6675 acc=0.4395
[ep 014] val_sel AUC=0.7286 acc=0.4994
[ep 015] val_sel AUC=0.7835 acc=0.5831
[ep 016] val_sel AUC=0.7581 acc=0.5610
[ep 017] val_sel AUC=0.7924 acc=0.5545
[ep 018] val_sel AUC=0.8125 acc=0.6030
[ep 019] val_sel AUC=0.8332 acc=0.6431
[ep 020] val_sel AUC=0.8562 acc=0.6657
[ep 021] val_sel AUC=0.8635 acc=0.6984
[ep 022] val_sel AUC=0.8614 acc=0.7143
[ep 023] val_sel AUC=0.8777 acc=0.7344
[ep 024] val_sel AUC=0.8857 acc=0.7445
[ep 025] val_sel AUC=0.8917 acc=0.7451
[ep 026] val_sel AUC=0.8981 acc=0.7612
[ep 027] val_sel AUC=0.9015 acc=0.7642
[ep 028] val_sel AUC=0.8995 acc=0.7673
[ep 029] val_sel AUC=0.8999 acc=0.7646
[ep 030] val_sel AUC=0.9060 acc=0.7809
[ep 031] val_sel AUC=0.9075 acc=0.7812
[ep 032] val_sel AUC=0.9067 acc=0.7812
[ep 033] val_sel AUC=0.8242 acc=0.6411
[ep 034] val_sel AUC=0.8791 acc=0.7185
[ep 035] val_sel AUC=0.8683 acc=0.6838
[ep 036] val_sel AUC=0.8745 acc=0.6896
[ep 037] val_sel AUC=0.8626 acc=0.7049
[ep 038] val_sel AUC=0.8316 acc=0.6308
[ep 039] val_sel AUC=0.8630 acc=0.6773
[ep 040] val_sel AUC=0.9000 acc=0.7525
[ep 041] val_sel AUC=0.8868 acc=0.7129
[ep 042] val_sel AUC=0.8909 acc=0.7344
[ep 043] val_sel AUC=0.8958 acc=0.7322
[ep 044] val_sel AUC=0.9030 acc=0.7561
[ep 045] val_sel AUC=0.9069 acc=0.7693
[ep 046] val_sel AUC=0.9129 acc=0.7861
[ep 047] val_sel AUC=0.9099 acc=0.7689
[ep 048] val_sel AUC=0.9070 acc=0.7650
[ep 049] val_sel AUC=0.9215 acc=0.7935
[ep 050] val_sel AUC=0.8927 acc=0.7469
[ep 051] val_sel AUC=0.9166 acc=0.7118
[ep 052] val_sel AUC=0.9057 acc=0.7496
[ep 053] val_sel AUC=0.9164 acc=0.7809
[ep 054] val_sel AUC=0.9280 acc=0.8156
[ep 055] val_sel AUC=0.9001 acc=0.7603
[ep 056] val_sel AUC=0.9202 acc=0.7944
[ep 057] val_sel AUC=0.8895 acc=0.7259
[ep 058] val_sel AUC=0.9365 acc=0.8149
[ep 059] val_sel AUC=0.9295 acc=0.8044
[ep 060] val_sel AUC=0.9206 acc=0.7879
[ep 061] val_sel AUC=0.9145 acc=0.7825
[ep 062] val_sel AUC=0.9278 acc=0.8076
[ep 063] val_sel AUC=0.9157 acc=0.7845
[ep 064] val_sel AUC=0.9261 acc=0.8015
[ep 065] val_sel AUC=0.9250 acc=0.7503
[ep 066] val_sel AUC=0.9308 acc=0.7583
[ep 067] val_sel AUC=0.9340 acc=0.8132
[ep 068] val_sel AUC=0.9259 acc=0.8212
[ep 069] val_sel AUC=0.8939 acc=0.7400
[ep 070] val_sel AUC=0.9319 acc=0.8132
[ep 071] val_sel AUC=0.9322 acc=0.8058
[ep 072] val_sel AUC=0.9423 acc=0.8322
[ep 073] val_sel AUC=0.9382 acc=0.8248
[ep 074] val_sel AUC=0.9403 acc=0.8288
[ep 075] val_sel AUC=0.9377 acc=0.8320
[ep 076] val_sel AUC=0.9394 acc=0.8302
[ep 077] val_sel AUC=0.9218 acc=0.7812
[ep 078] val_sel AUC=0.9407 acc=0.8342
[ep 079] val_sel AUC=0.9260 acc=0.7821
[ep 080] val_sel AUC=0.9246 acc=0.7883
[ep 081] val_sel AUC=0.9433 acc=0.8405
[ep 082] val_sel AUC=0.9412 acc=0.8389
[ep 083] val_sel AUC=0.9410 acc=0.8320
[ep 084] val_sel AUC=0.9426 acc=0.8425
[ep 085] val_sel AUC=0.9407 acc=0.8431
[ep 086] val_sel AUC=0.9436 acc=0.8364
[ep 087] val_sel AUC=0.9435 acc=0.8456
[ep 088] val_sel AUC=0.9433 acc=0.8425
[ep 089] val_sel AUC=0.9433 acc=0.8456
[ep 090] val_sel AUC=0.9424 acc=0.8418
[ep 091] val_sel AUC=0.9433 acc=0.8436
[ep 092] val_sel AUC=0.9435 acc=0.8422
[ep 093] val_sel AUC=0.9434 acc=0.8440
[ep 094] val_sel AUC=0.9435 acc=0.8429
[ep 095] val_sel AUC=0.9433 acc=0.8431
[ep 096] val_sel AUC=0.9433 acc=0.8427
============================================================
TEST (best val_sel epoch, held-out, evaluated once)
============================================================
[DONE-QPE2] embed=butterfly model_III N=250 seed=56 test_AUC=0.9395 val_sel_AUC=0.9436 per_class=(axion=0.9463 cdm=0.8888 no_sub=0.9834) params=203652 embed_params=193 R_frob_drift=1.4408332109451294
