[INFO] QPE2 D=64 P=8 depth=4 | embed=butterfly | data=model_II N/class=250 seed=52 split_seed=0 | params=203652 embed_params=193 lr=0.001 epochs=96 bs=32 | train(750, 64, 64) val_sel(4455, 64, 64) test(4455, 64, 64) device=cuda
[ep 001] val_sel AUC=0.5045 acc=0.3237
[ep 002] val_sel AUC=0.5141 acc=0.3291
[ep 003] val_sel AUC=0.5159 acc=0.3473
[ep 004] val_sel AUC=0.5218 acc=0.3291
[ep 005] val_sel AUC=0.5273 acc=0.3237
[ep 006] val_sel AUC=0.5291 acc=0.3473
[ep 007] val_sel AUC=0.5376 acc=0.3291
[ep 008] val_sel AUC=0.5337 acc=0.3237
[ep 009] val_sel AUC=0.5348 acc=0.3383
[ep 010] val_sel AUC=0.5309 acc=0.3405
[ep 011] val_sel AUC=0.5176 acc=0.3291
[ep 012] val_sel AUC=0.5149 acc=0.3309
[ep 013] val_sel AUC=0.5178 acc=0.3392
[ep 014] val_sel AUC=0.5270 acc=0.3448
[ep 015] val_sel AUC=0.5481 acc=0.3643
[ep 016] val_sel AUC=0.5927 acc=0.3998
[ep 017] val_sel AUC=0.5925 acc=0.4343
[ep 018] val_sel AUC=0.6566 acc=0.4824
[ep 019] val_sel AUC=0.7109 acc=0.4911
[ep 020] val_sel AUC=0.7671 acc=0.5942
[ep 021] val_sel AUC=0.7893 acc=0.6034
[ep 022] val_sel AUC=0.7598 acc=0.5598
[ep 023] val_sel AUC=0.8029 acc=0.6092
[ep 024] val_sel AUC=0.8243 acc=0.6570
[ep 025] val_sel AUC=0.8293 acc=0.6505
[ep 026] val_sel AUC=0.8284 acc=0.6483
[ep 027] val_sel AUC=0.8484 acc=0.6754
[ep 028] val_sel AUC=0.8482 acc=0.6678
[ep 029] val_sel AUC=0.8476 acc=0.6781
[ep 030] val_sel AUC=0.8543 acc=0.6831
[ep 031] val_sel AUC=0.8560 acc=0.6844
[ep 032] val_sel AUC=0.8554 acc=0.6824
[ep 033] val_sel AUC=0.7409 acc=0.5333
[ep 034] val_sel AUC=0.8035 acc=0.6523
[ep 035] val_sel AUC=0.7771 acc=0.5773
[ep 036] val_sel AUC=0.8287 acc=0.6474
[ep 037] val_sel AUC=0.8298 acc=0.6671
[ep 038] val_sel AUC=0.8407 acc=0.6624
[ep 039] val_sel AUC=0.8152 acc=0.6611
[ep 040] val_sel AUC=0.8562 acc=0.6891
[ep 041] val_sel AUC=0.8609 acc=0.7010
[ep 042] val_sel AUC=0.8406 acc=0.6678
[ep 043] val_sel AUC=0.8751 acc=0.7259
[ep 044] val_sel AUC=0.8548 acc=0.7008
[ep 045] val_sel AUC=0.8713 acc=0.7302
[ep 046] val_sel AUC=0.8664 acc=0.7131
[ep 047] val_sel AUC=0.8642 acc=0.7266
[ep 048] val_sel AUC=0.8335 acc=0.6355
[ep 049] val_sel AUC=0.8547 acc=0.6916
[ep 050] val_sel AUC=0.8973 acc=0.7614
[ep 051] val_sel AUC=0.8993 acc=0.7652
[ep 052] val_sel AUC=0.8132 acc=0.6162
[ep 053] val_sel AUC=0.8680 acc=0.6783
[ep 054] val_sel AUC=0.8930 acc=0.7549
[ep 055] val_sel AUC=0.8866 acc=0.7504
[ep 056] val_sel AUC=0.8871 acc=0.7461
[ep 057] val_sel AUC=0.8898 acc=0.7506
[ep 058] val_sel AUC=0.8717 acc=0.6837
[ep 059] val_sel AUC=0.8637 acc=0.7331
[ep 060] val_sel AUC=0.8862 acc=0.7401
[ep 061] val_sel AUC=0.8997 acc=0.7661
[ep 062] val_sel AUC=0.9021 acc=0.7780
[ep 063] val_sel AUC=0.9085 acc=0.7872
[ep 064] val_sel AUC=0.8854 acc=0.7304
[ep 065] val_sel AUC=0.9078 acc=0.7890
[ep 066] val_sel AUC=0.8968 acc=0.7551
[ep 067] val_sel AUC=0.8971 acc=0.7710
[ep 068] val_sel AUC=0.8915 acc=0.7520
[ep 069] val_sel AUC=0.9012 acc=0.7446
[ep 070] val_sel AUC=0.9019 acc=0.7717
[ep 071] val_sel AUC=0.9159 acc=0.8056
[ep 072] val_sel AUC=0.9063 acc=0.7903
[ep 073] val_sel AUC=0.9067 acc=0.7847
[ep 074] val_sel AUC=0.9063 acc=0.7838
[ep 075] val_sel AUC=0.9155 acc=0.8031
[ep 076] val_sel AUC=0.9043 acc=0.7881
[ep 077] val_sel AUC=0.8926 acc=0.7551
[ep 078] val_sel AUC=0.9108 acc=0.7975
[ep 079] val_sel AUC=0.9145 acc=0.8085
[ep 080] val_sel AUC=0.9128 acc=0.8085
[ep 081] val_sel AUC=0.9105 acc=0.8016
[ep 082] val_sel AUC=0.9118 acc=0.7933
[ep 083] val_sel AUC=0.9167 acc=0.8139
[ep 084] val_sel AUC=0.9175 acc=0.8173
[ep 085] val_sel AUC=0.9171 acc=0.8157
[ep 086] val_sel AUC=0.9157 acc=0.8108
[ep 087] val_sel AUC=0.9132 acc=0.8045
[ep 088] val_sel AUC=0.9140 acc=0.8090
[ep 089] val_sel AUC=0.9177 acc=0.8184
[ep 090] val_sel AUC=0.9175 acc=0.8171
[ep 091] val_sel AUC=0.9175 acc=0.8198
[ep 092] val_sel AUC=0.9180 acc=0.8215
[ep 093] val_sel AUC=0.9181 acc=0.8209
[ep 094] val_sel AUC=0.9178 acc=0.8209
[ep 095] val_sel AUC=0.9179 acc=0.8204
[ep 096] val_sel AUC=0.9179 acc=0.8202
============================================================
TEST (best val_sel epoch, held-out, evaluated once)
============================================================
[DONE-QPE2] embed=butterfly model_II N=250 seed=52 test_AUC=0.9219 val_sel_AUC=0.9181 per_class=(axion=0.9272 cdm=0.8582 no_sub=0.9801) params=203652 embed_params=193 R_frob_drift=1.5557936429977417
