[INFO] QPE2 D=64 P=8 depth=4 | embed=butterfly | data=model_II N/class=250 seed=60 split_seed=0 | params=203652 embed_params=193 lr=0.001 epochs=96 bs=32 | train(750, 64, 64) val_sel(4455, 64, 64) test(4455, 64, 64) device=cuda
[ep 001] val_sel AUC=0.5321 acc=0.3237
[ep 002] val_sel AUC=0.5325 acc=0.3237
[ep 003] val_sel AUC=0.5292 acc=0.3473
[ep 004] val_sel AUC=0.5290 acc=0.3237
[ep 005] val_sel AUC=0.5296 acc=0.3237
[ep 006] val_sel AUC=0.5283 acc=0.3473
[ep 007] val_sel AUC=0.5294 acc=0.3473
[ep 008] val_sel AUC=0.5259 acc=0.3481
[ep 009] val_sel AUC=0.5283 acc=0.3237
[ep 010] val_sel AUC=0.5222 acc=0.3237
[ep 011] val_sel AUC=0.5171 acc=0.3488
[ep 012] val_sel AUC=0.5163 acc=0.3329
[ep 013] val_sel AUC=0.5167 acc=0.3432
[ep 014] val_sel AUC=0.5167 acc=0.3398
[ep 015] val_sel AUC=0.5229 acc=0.3490
[ep 016] val_sel AUC=0.5251 acc=0.3477
[ep 017] val_sel AUC=0.5550 acc=0.3556
[ep 018] val_sel AUC=0.5681 acc=0.3690
[ep 019] val_sel AUC=0.6030 acc=0.4227
[ep 020] val_sel AUC=0.6444 acc=0.4512
[ep 021] val_sel AUC=0.6665 acc=0.4631
[ep 022] val_sel AUC=0.6882 acc=0.4738
[ep 023] val_sel AUC=0.7628 acc=0.5549
[ep 024] val_sel AUC=0.7900 acc=0.5883
[ep 025] val_sel AUC=0.8090 acc=0.5861
[ep 026] val_sel AUC=0.8258 acc=0.6429
[ep 027] val_sel AUC=0.8422 acc=0.6804
[ep 028] val_sel AUC=0.8528 acc=0.6763
[ep 029] val_sel AUC=0.8568 acc=0.6918
[ep 030] val_sel AUC=0.8648 acc=0.7044
[ep 031] val_sel AUC=0.8666 acc=0.7048
[ep 032] val_sel AUC=0.8671 acc=0.7075
[ep 033] val_sel AUC=0.8055 acc=0.6155
[ep 034] val_sel AUC=0.8131 acc=0.6343
[ep 035] val_sel AUC=0.8202 acc=0.5771
[ep 036] val_sel AUC=0.7968 acc=0.5982
[ep 037] val_sel AUC=0.8293 acc=0.6584
[ep 038] val_sel AUC=0.8263 acc=0.6620
[ep 039] val_sel AUC=0.8436 acc=0.6175
[ep 040] val_sel AUC=0.8205 acc=0.6705
[ep 041] val_sel AUC=0.8805 acc=0.7304
[ep 042] val_sel AUC=0.8667 acc=0.6970
[ep 043] val_sel AUC=0.8824 acc=0.7531
[ep 044] val_sel AUC=0.8894 acc=0.7369
[ep 045] val_sel AUC=0.9035 acc=0.7701
[ep 046] val_sel AUC=0.8953 acc=0.7728
[ep 047] val_sel AUC=0.8796 acc=0.7452
[ep 048] val_sel AUC=0.8779 acc=0.7152
[ep 049] val_sel AUC=0.9164 acc=0.8038
[ep 050] val_sel AUC=0.9074 acc=0.7912
[ep 051] val_sel AUC=0.8870 acc=0.7302
[ep 052] val_sel AUC=0.8968 acc=0.7648
[ep 053] val_sel AUC=0.8753 acc=0.7311
[ep 054] val_sel AUC=0.8951 acc=0.7679
[ep 055] val_sel AUC=0.8939 acc=0.7648
[ep 056] val_sel AUC=0.9102 acc=0.8022
[ep 057] val_sel AUC=0.8917 acc=0.7657
[ep 058] val_sel AUC=0.8898 acc=0.7371
[ep 059] val_sel AUC=0.9138 acc=0.7924
[ep 060] val_sel AUC=0.9108 acc=0.7933
[ep 061] val_sel AUC=0.9072 acc=0.7791
[ep 062] val_sel AUC=0.9095 acc=0.7980
[ep 063] val_sel AUC=0.9102 acc=0.7969
[ep 064] val_sel AUC=0.9134 acc=0.7816
[ep 065] val_sel AUC=0.9121 acc=0.7942
[ep 066] val_sel AUC=0.9207 acc=0.8128
[ep 067] val_sel AUC=0.9222 acc=0.8126
[ep 068] val_sel AUC=0.9229 acc=0.8180
[ep 069] val_sel AUC=0.9198 acc=0.8085
[ep 070] val_sel AUC=0.9215 acc=0.8171
[ep 071] val_sel AUC=0.9248 acc=0.8198
[ep 072] val_sel AUC=0.9233 acc=0.8249
[ep 073] val_sel AUC=0.9152 acc=0.8018
[ep 074] val_sel AUC=0.9244 acc=0.8247
[ep 075] val_sel AUC=0.9179 acc=0.8155
[ep 076] val_sel AUC=0.9250 acc=0.8245
[ep 077] val_sel AUC=0.9231 acc=0.8141
[ep 078] val_sel AUC=0.9226 acc=0.8029
[ep 079] val_sel AUC=0.9216 acc=0.8204
[ep 080] val_sel AUC=0.9232 acc=0.8200
[ep 081] val_sel AUC=0.9192 acc=0.8177
[ep 082] val_sel AUC=0.9209 acc=0.7982
[ep 083] val_sel AUC=0.9231 acc=0.8236
[ep 084] val_sel AUC=0.9228 acc=0.8204
[ep 085] val_sel AUC=0.9219 acc=0.8101
[ep 086] val_sel AUC=0.9196 acc=0.8180
[ep 087] val_sel AUC=0.9206 acc=0.8157
[ep 088] val_sel AUC=0.9196 acc=0.8128
[ep 089] val_sel AUC=0.9186 acc=0.8128
[ep 090] val_sel AUC=0.9196 acc=0.8173
[ep 091] val_sel AUC=0.9215 acc=0.8128
[ep 092] val_sel AUC=0.9198 acc=0.8146
[ep 093] val_sel AUC=0.9198 acc=0.8164
[ep 094] val_sel AUC=0.9198 acc=0.8157
[ep 095] val_sel AUC=0.9196 acc=0.8157
[ep 096] val_sel AUC=0.9196 acc=0.8155
============================================================
TEST (best val_sel epoch, held-out, evaluated once)
============================================================
[DONE-QPE2] embed=butterfly model_II N=250 seed=60 test_AUC=0.9270 val_sel_AUC=0.9250 per_class=(axion=0.9359 cdm=0.8669 no_sub=0.9782) params=203652 embed_params=193 R_frob_drift=1.6043692827224731
