[INFO] QPE2 D=64 P=8 depth=4 | embed=butterfly | data=model_II N/class=250 seed=43 split_seed=0 | params=203652 embed_params=193 lr=0.001 epochs=96 bs=32 | train(750, 64, 64) val_sel(4455, 64, 64) test(4455, 64, 64) device=cuda
[ep 001] val_sel AUC=0.4978 acc=0.3473
[ep 002] val_sel AUC=0.5053 acc=0.3473
[ep 003] val_sel AUC=0.5209 acc=0.3473
[ep 004] val_sel AUC=0.5338 acc=0.3291
[ep 005] val_sel AUC=0.5398 acc=0.3237
[ep 006] val_sel AUC=0.5442 acc=0.3237
[ep 007] val_sel AUC=0.5502 acc=0.3473
[ep 008] val_sel AUC=0.5542 acc=0.3291
[ep 009] val_sel AUC=0.5564 acc=0.3291
[ep 010] val_sel AUC=0.5559 acc=0.3291
[ep 011] val_sel AUC=0.5575 acc=0.3473
[ep 012] val_sel AUC=0.5504 acc=0.3291
[ep 013] val_sel AUC=0.5482 acc=0.3291
[ep 014] val_sel AUC=0.5536 acc=0.3237
[ep 015] val_sel AUC=0.5520 acc=0.3473
[ep 016] val_sel AUC=0.5471 acc=0.3291
[ep 017] val_sel AUC=0.5455 acc=0.3513
[ep 018] val_sel AUC=0.5463 acc=0.3535
[ep 019] val_sel AUC=0.5723 acc=0.3634
[ep 020] val_sel AUC=0.6013 acc=0.4139
[ep 021] val_sel AUC=0.5804 acc=0.4090
[ep 022] val_sel AUC=0.6388 acc=0.4512
[ep 023] val_sel AUC=0.6904 acc=0.5010
[ep 024] val_sel AUC=0.7472 acc=0.5675
[ep 025] val_sel AUC=0.7447 acc=0.5751
[ep 026] val_sel AUC=0.7851 acc=0.6144
[ep 027] val_sel AUC=0.8063 acc=0.6325
[ep 028] val_sel AUC=0.8106 acc=0.6301
[ep 029] val_sel AUC=0.8249 acc=0.6637
[ep 030] val_sel AUC=0.8301 acc=0.6691
[ep 031] val_sel AUC=0.8327 acc=0.6723
[ep 032] val_sel AUC=0.8335 acc=0.6734
[ep 033] val_sel AUC=0.7757 acc=0.5432
[ep 034] val_sel AUC=0.7981 acc=0.6144
[ep 035] val_sel AUC=0.8261 acc=0.6184
[ep 036] val_sel AUC=0.8295 acc=0.6788
[ep 037] val_sel AUC=0.8166 acc=0.6480
[ep 038] val_sel AUC=0.8185 acc=0.6480
[ep 039] val_sel AUC=0.8619 acc=0.7109
[ep 040] val_sel AUC=0.8312 acc=0.6460
[ep 041] val_sel AUC=0.8851 acc=0.7385
[ep 042] val_sel AUC=0.7739 acc=0.4685
[ep 043] val_sel AUC=0.8617 acc=0.6727
[ep 044] val_sel AUC=0.8569 acc=0.7048
[ep 045] val_sel AUC=0.8486 acc=0.7192
[ep 046] val_sel AUC=0.8965 acc=0.7495
[ep 047] val_sel AUC=0.8487 acc=0.6503
[ep 048] val_sel AUC=0.8898 acc=0.7540
[ep 049] val_sel AUC=0.9027 acc=0.7675
[ep 050] val_sel AUC=0.8812 acc=0.7102
[ep 051] val_sel AUC=0.8897 acc=0.6918
[ep 052] val_sel AUC=0.8796 acc=0.7017
[ep 053] val_sel AUC=0.8817 acc=0.7490
[ep 054] val_sel AUC=0.8860 acc=0.7643
[ep 055] val_sel AUC=0.8933 acc=0.7717
[ep 056] val_sel AUC=0.8915 acc=0.7262
[ep 057] val_sel AUC=0.8948 acc=0.7699
[ep 058] val_sel AUC=0.8958 acc=0.7648
[ep 059] val_sel AUC=0.9006 acc=0.7657
[ep 060] val_sel AUC=0.8879 acc=0.7594
[ep 061] val_sel AUC=0.8831 acc=0.7380
[ep 062] val_sel AUC=0.8731 acc=0.7331
[ep 063] val_sel AUC=0.9058 acc=0.7661
[ep 064] val_sel AUC=0.8875 acc=0.7513
[ep 065] val_sel AUC=0.9143 acc=0.8103
[ep 066] val_sel AUC=0.9081 acc=0.7836
[ep 067] val_sel AUC=0.9165 acc=0.7962
[ep 068] val_sel AUC=0.9114 acc=0.8056
[ep 069] val_sel AUC=0.9182 acc=0.8119
[ep 070] val_sel AUC=0.9048 acc=0.7816
[ep 071] val_sel AUC=0.9052 acc=0.7576
[ep 072] val_sel AUC=0.9155 acc=0.8171
[ep 073] val_sel AUC=0.9195 acc=0.8047
[ep 074] val_sel AUC=0.9134 acc=0.7957
[ep 075] val_sel AUC=0.9202 acc=0.8263
[ep 076] val_sel AUC=0.9163 acc=0.8189
[ep 077] val_sel AUC=0.9172 acc=0.8162
[ep 078] val_sel AUC=0.9182 acc=0.8101
[ep 079] val_sel AUC=0.9170 acc=0.8067
[ep 080] val_sel AUC=0.9215 acc=0.8254
[ep 081] val_sel AUC=0.9244 acc=0.8328
[ep 082] val_sel AUC=0.9199 acc=0.8094
[ep 083] val_sel AUC=0.9217 acc=0.8260
[ep 084] val_sel AUC=0.9202 acc=0.8240
[ep 085] val_sel AUC=0.9233 acc=0.8312
[ep 086] val_sel AUC=0.9227 acc=0.8278
[ep 087] val_sel AUC=0.9210 acc=0.8215
[ep 088] val_sel AUC=0.9233 acc=0.8330
[ep 089] val_sel AUC=0.9222 acc=0.8269
[ep 090] val_sel AUC=0.9228 acc=0.8290
[ep 091] val_sel AUC=0.9212 acc=0.8265
[ep 092] val_sel AUC=0.9225 acc=0.8278
[ep 093] val_sel AUC=0.9223 acc=0.8296
[ep 094] val_sel AUC=0.9225 acc=0.8292
[ep 095] val_sel AUC=0.9224 acc=0.8290
[ep 096] val_sel AUC=0.9223 acc=0.8287
============================================================
TEST (best val_sel epoch, held-out, evaluated once)
============================================================
[DONE-QPE2] embed=butterfly model_II N=250 seed=43 test_AUC=0.9274 val_sel_AUC=0.9244 per_class=(axion=0.9370 cdm=0.8676 no_sub=0.9775) params=203652 embed_params=193 R_frob_drift=1.5698883533477783
