[INFO] QPE2 D=64 P=8 depth=4 | embed=butterfly | data=model_III N/class=100 seed=54 split_seed=0 | params=203652 embed_params=193 lr=0.001 epochs=96 bs=32 | train(300, 64, 64) val_sel(4469, 64, 64) test(4470, 64, 64) device=cuda
[ep 001] val_sel AUC=0.5698 acc=0.3283
[ep 002] val_sel AUC=0.5127 acc=0.3280
[ep 003] val_sel AUC=0.5296 acc=0.3283
[ep 004] val_sel AUC=0.5314 acc=0.3433
[ep 005] val_sel AUC=0.5392 acc=0.3433
[ep 006] val_sel AUC=0.5518 acc=0.3285
[ep 007] val_sel AUC=0.5499 acc=0.3383
[ep 008] val_sel AUC=0.5607 acc=0.3283
[ep 009] val_sel AUC=0.5629 acc=0.3285
[ep 010] val_sel AUC=0.5657 acc=0.3283
[ep 011] val_sel AUC=0.5600 acc=0.3372
[ep 012] val_sel AUC=0.5510 acc=0.3285
[ep 013] val_sel AUC=0.5490 acc=0.3283
[ep 014] val_sel AUC=0.5395 acc=0.3433
[ep 015] val_sel AUC=0.5351 acc=0.3271
[ep 016] val_sel AUC=0.5365 acc=0.3332
[ep 017] val_sel AUC=0.5407 acc=0.3283
[ep 018] val_sel AUC=0.5397 acc=0.3433
[ep 019] val_sel AUC=0.5441 acc=0.3576
[ep 020] val_sel AUC=0.5472 acc=0.3542
[ep 021] val_sel AUC=0.5449 acc=0.3596
[ep 022] val_sel AUC=0.5436 acc=0.3497
[ep 023] val_sel AUC=0.5468 acc=0.3721
[ep 024] val_sel AUC=0.5481 acc=0.3909
[ep 025] val_sel AUC=0.5476 acc=0.3495
[ep 026] val_sel AUC=0.5467 acc=0.3569
[ep 027] val_sel AUC=0.5497 acc=0.3459
[ep 028] val_sel AUC=0.5518 acc=0.3500
[ep 029] val_sel AUC=0.5530 acc=0.3504
[ep 030] val_sel AUC=0.5535 acc=0.3509
[ep 031] val_sel AUC=0.5537 acc=0.3506
[ep 032] val_sel AUC=0.5537 acc=0.3509
[ep 033] val_sel AUC=0.5478 acc=0.3779
[ep 034] val_sel AUC=0.5670 acc=0.3692
[ep 035] val_sel AUC=0.5785 acc=0.3475
[ep 036] val_sel AUC=0.5850 acc=0.3880
[ep 037] val_sel AUC=0.6166 acc=0.4193
[ep 038] val_sel AUC=0.6082 acc=0.4099
[ep 039] val_sel AUC=0.5663 acc=0.3824
[ep 040] val_sel AUC=0.5859 acc=0.4030
[ep 041] val_sel AUC=0.6224 acc=0.4052
[ep 042] val_sel AUC=0.5920 acc=0.3576
[ep 043] val_sel AUC=0.6426 acc=0.4677
[ep 044] val_sel AUC=0.6042 acc=0.3766
[ep 045] val_sel AUC=0.6409 acc=0.4093
[ep 046] val_sel AUC=0.6370 acc=0.4252
[ep 047] val_sel AUC=0.6273 acc=0.4444
[ep 048] val_sel AUC=0.6584 acc=0.4522
[ep 049] val_sel AUC=0.6630 acc=0.4585
[ep 050] val_sel AUC=0.6672 acc=0.4413
[ep 051] val_sel AUC=0.6915 acc=0.5102
[ep 052] val_sel AUC=0.6969 acc=0.4968
[ep 053] val_sel AUC=0.7190 acc=0.5100
[ep 054] val_sel AUC=0.7282 acc=0.5449
[ep 055] val_sel AUC=0.7170 acc=0.4836
[ep 056] val_sel AUC=0.7268 acc=0.5245
[ep 057] val_sel AUC=0.7657 acc=0.5959
[ep 058] val_sel AUC=0.7678 acc=0.5907
[ep 059] val_sel AUC=0.7263 acc=0.5133
[ep 060] val_sel AUC=0.7765 acc=0.5928
[ep 061] val_sel AUC=0.7995 acc=0.6218
[ep 062] val_sel AUC=0.7182 acc=0.4545
[ep 063] val_sel AUC=0.8033 acc=0.6209
[ep 064] val_sel AUC=0.8108 acc=0.6185
[ep 065] val_sel AUC=0.8163 acc=0.6418
[ep 066] val_sel AUC=0.8251 acc=0.6541
[ep 067] val_sel AUC=0.8271 acc=0.6682
[ep 068] val_sel AUC=0.8344 acc=0.6764
[ep 069] val_sel AUC=0.8288 acc=0.6814
[ep 070] val_sel AUC=0.8448 acc=0.6742
[ep 071] val_sel AUC=0.8360 acc=0.6509
[ep 072] val_sel AUC=0.8380 acc=0.6299
[ep 073] val_sel AUC=0.8648 acc=0.7214
[ep 074] val_sel AUC=0.8660 acc=0.7346
[ep 075] val_sel AUC=0.8533 acc=0.7026
[ep 076] val_sel AUC=0.8564 acc=0.7143
[ep 077] val_sel AUC=0.8508 acc=0.6796
[ep 078] val_sel AUC=0.8697 acc=0.7348
[ep 079] val_sel AUC=0.8718 acc=0.7299
[ep 080] val_sel AUC=0.8775 acc=0.7505
[ep 081] val_sel AUC=0.8756 acc=0.7424
[ep 082] val_sel AUC=0.8759 acc=0.7315
[ep 083] val_sel AUC=0.8757 acc=0.7420
[ep 084] val_sel AUC=0.8806 acc=0.7449
[ep 085] val_sel AUC=0.8813 acc=0.7485
[ep 086] val_sel AUC=0.8784 acc=0.7427
[ep 087] val_sel AUC=0.8794 acc=0.7494
[ep 088] val_sel AUC=0.8791 acc=0.7476
[ep 089] val_sel AUC=0.8793 acc=0.7483
[ep 090] val_sel AUC=0.8792 acc=0.7492
[ep 091] val_sel AUC=0.8797 acc=0.7485
[ep 092] val_sel AUC=0.8791 acc=0.7485
[ep 093] val_sel AUC=0.8788 acc=0.7478
[ep 094] val_sel AUC=0.8786 acc=0.7465
[ep 095] val_sel AUC=0.8788 acc=0.7476
[ep 096] val_sel AUC=0.8788 acc=0.7476
============================================================
TEST (best val_sel epoch, held-out, evaluated once)
============================================================
[DONE-QPE2] embed=butterfly model_III N=100 seed=54 test_AUC=0.8856 val_sel_AUC=0.8813 per_class=(axion=0.9191 cdm=0.8013 no_sub=0.9364) params=203652 embed_params=193 R_frob_drift=1.7740708589553833
