[INFO] QPE2 D=64 P=8 depth=4 | embed=butterfly | data=model_III N/class=100 seed=60 split_seed=0 | params=203652 embed_params=193 lr=0.001 epochs=96 bs=32 | train(300, 64, 64) val_sel(4469, 64, 64) test(4470, 64, 64) device=cuda
[ep 001] val_sel AUC=0.5416 acc=0.3433
[ep 002] val_sel AUC=0.5652 acc=0.3283
[ep 003] val_sel AUC=0.5604 acc=0.3433
[ep 004] val_sel AUC=0.5620 acc=0.3285
[ep 005] val_sel AUC=0.5668 acc=0.3433
[ep 006] val_sel AUC=0.5530 acc=0.3558
[ep 007] val_sel AUC=0.5472 acc=0.3283
[ep 008] val_sel AUC=0.5457 acc=0.3540
[ep 009] val_sel AUC=0.5458 acc=0.3609
[ep 010] val_sel AUC=0.5528 acc=0.3603
[ep 011] val_sel AUC=0.5551 acc=0.3681
[ep 012] val_sel AUC=0.5665 acc=0.3647
[ep 013] val_sel AUC=0.5807 acc=0.3795
[ep 014] val_sel AUC=0.5905 acc=0.3990
[ep 015] val_sel AUC=0.6008 acc=0.4019
[ep 016] val_sel AUC=0.6259 acc=0.4415
[ep 017] val_sel AUC=0.6326 acc=0.4303
[ep 018] val_sel AUC=0.6580 acc=0.4493
[ep 019] val_sel AUC=0.6971 acc=0.5070
[ep 020] val_sel AUC=0.7724 acc=0.5934
[ep 021] val_sel AUC=0.7860 acc=0.5807
[ep 022] val_sel AUC=0.7829 acc=0.6006
[ep 023] val_sel AUC=0.8046 acc=0.6095
[ep 024] val_sel AUC=0.7880 acc=0.6189
[ep 025] val_sel AUC=0.8081 acc=0.6426
[ep 026] val_sel AUC=0.8157 acc=0.6489
[ep 027] val_sel AUC=0.8155 acc=0.6449
[ep 028] val_sel AUC=0.8157 acc=0.6469
[ep 029] val_sel AUC=0.8194 acc=0.6505
[ep 030] val_sel AUC=0.8194 acc=0.6496
[ep 031] val_sel AUC=0.8201 acc=0.6516
[ep 032] val_sel AUC=0.8200 acc=0.6507
[ep 033] val_sel AUC=0.7570 acc=0.4930
[ep 034] val_sel AUC=0.7854 acc=0.6091
[ep 035] val_sel AUC=0.8007 acc=0.5932
[ep 036] val_sel AUC=0.8308 acc=0.6350
[ep 037] val_sel AUC=0.7875 acc=0.6185
[ep 038] val_sel AUC=0.8166 acc=0.6563
[ep 039] val_sel AUC=0.7974 acc=0.5923
[ep 040] val_sel AUC=0.8415 acc=0.6861
[ep 041] val_sel AUC=0.8169 acc=0.6655
[ep 042] val_sel AUC=0.8317 acc=0.6699
[ep 043] val_sel AUC=0.8301 acc=0.6516
[ep 044] val_sel AUC=0.8318 acc=0.6606
[ep 045] val_sel AUC=0.8444 acc=0.6832
[ep 046] val_sel AUC=0.8345 acc=0.6592
[ep 047] val_sel AUC=0.8201 acc=0.6491
[ep 048] val_sel AUC=0.8454 acc=0.6659
[ep 049] val_sel AUC=0.8340 acc=0.6664
[ep 050] val_sel AUC=0.8571 acc=0.6894
[ep 051] val_sel AUC=0.8668 acc=0.7306
[ep 052] val_sel AUC=0.8629 acc=0.7093
[ep 053] val_sel AUC=0.8661 acc=0.7118
[ep 054] val_sel AUC=0.8495 acc=0.6925
[ep 055] val_sel AUC=0.8566 acc=0.6664
[ep 056] val_sel AUC=0.8759 acc=0.7223
[ep 057] val_sel AUC=0.8791 acc=0.7225
[ep 058] val_sel AUC=0.8848 acc=0.7413
[ep 059] val_sel AUC=0.8855 acc=0.7518
[ep 060] val_sel AUC=0.8564 acc=0.6664
[ep 061] val_sel AUC=0.8726 acc=0.7366
[ep 062] val_sel AUC=0.8720 acc=0.7252
[ep 063] val_sel AUC=0.8797 acc=0.7337
[ep 064] val_sel AUC=0.8792 acc=0.7306
[ep 065] val_sel AUC=0.8837 acc=0.7433
[ep 066] val_sel AUC=0.8720 acc=0.7113
[ep 067] val_sel AUC=0.8869 acc=0.7680
[ep 068] val_sel AUC=0.8839 acc=0.7315
[ep 069] val_sel AUC=0.8744 acc=0.7250
[ep 070] val_sel AUC=0.8648 acc=0.6355
[ep 071] val_sel AUC=0.8770 acc=0.7266
[ep 072] val_sel AUC=0.8817 acc=0.7456
[ep 073] val_sel AUC=0.8878 acc=0.7657
[ep 074] val_sel AUC=0.8781 acc=0.7270
[ep 075] val_sel AUC=0.8903 acc=0.7803
[ep 076] val_sel AUC=0.8912 acc=0.7744
[ep 077] val_sel AUC=0.8907 acc=0.7744
[ep 078] val_sel AUC=0.8846 acc=0.7431
[ep 079] val_sel AUC=0.8916 acc=0.7805
[ep 080] val_sel AUC=0.8896 acc=0.7872
[ep 081] val_sel AUC=0.8878 acc=0.7624
[ep 082] val_sel AUC=0.8921 acc=0.7874
[ep 083] val_sel AUC=0.8907 acc=0.7852
[ep 084] val_sel AUC=0.8890 acc=0.7733
[ep 085] val_sel AUC=0.8923 acc=0.7874
[ep 086] val_sel AUC=0.8903 acc=0.7800
[ep 087] val_sel AUC=0.8915 acc=0.7868
[ep 088] val_sel AUC=0.8909 acc=0.7852
[ep 089] val_sel AUC=0.8911 acc=0.7863
[ep 090] val_sel AUC=0.8917 acc=0.7856
[ep 091] val_sel AUC=0.8924 acc=0.7883
[ep 092] val_sel AUC=0.8926 acc=0.7910
[ep 093] val_sel AUC=0.8923 acc=0.7906
[ep 094] val_sel AUC=0.8917 acc=0.7865
[ep 095] val_sel AUC=0.8916 acc=0.7876
[ep 096] val_sel AUC=0.8918 acc=0.7881
============================================================
TEST (best val_sel epoch, held-out, evaluated once)
============================================================
[DONE-QPE2] embed=butterfly model_III N=100 seed=60 test_AUC=0.8928 val_sel_AUC=0.8926 per_class=(axion=0.9377 cdm=0.7935 no_sub=0.9473) params=203652 embed_params=193 R_frob_drift=1.4107919931411743
