[INFO] QPE2 D=64 P=8 depth=4 | embed=butterfly | data=model_III N/class=100 seed=50 split_seed=0 | params=203652 embed_params=193 lr=0.001 epochs=96 bs=32 | train(300, 64, 64) val_sel(4469, 64, 64) test(4470, 64, 64) device=cuda
[ep 001] val_sel AUC=0.5353 acc=0.3283
[ep 002] val_sel AUC=0.5315 acc=0.3433
[ep 003] val_sel AUC=0.5416 acc=0.3283
[ep 004] val_sel AUC=0.5399 acc=0.3433
[ep 005] val_sel AUC=0.5460 acc=0.3703
[ep 006] val_sel AUC=0.5458 acc=0.3437
[ep 007] val_sel AUC=0.5442 acc=0.3433
[ep 008] val_sel AUC=0.5446 acc=0.3285
[ep 009] val_sel AUC=0.5444 acc=0.3410
[ep 010] val_sel AUC=0.5410 acc=0.3491
[ep 011] val_sel AUC=0.5347 acc=0.3296
[ep 012] val_sel AUC=0.5308 acc=0.3397
[ep 013] val_sel AUC=0.5277 acc=0.3518
[ep 014] val_sel AUC=0.5255 acc=0.3468
[ep 015] val_sel AUC=0.5247 acc=0.3462
[ep 016] val_sel AUC=0.5250 acc=0.3473
[ep 017] val_sel AUC=0.5245 acc=0.3435
[ep 018] val_sel AUC=0.5260 acc=0.3435
[ep 019] val_sel AUC=0.5287 acc=0.3580
[ep 020] val_sel AUC=0.5328 acc=0.3641
[ep 021] val_sel AUC=0.5543 acc=0.3567
[ep 022] val_sel AUC=0.5490 acc=0.3515
[ep 023] val_sel AUC=0.5783 acc=0.3612
[ep 024] val_sel AUC=0.5844 acc=0.4162
[ep 025] val_sel AUC=0.5888 acc=0.3779
[ep 026] val_sel AUC=0.5999 acc=0.4312
[ep 027] val_sel AUC=0.6111 acc=0.4650
[ep 028] val_sel AUC=0.6137 acc=0.4632
[ep 029] val_sel AUC=0.6242 acc=0.4677
[ep 030] val_sel AUC=0.6291 acc=0.4683
[ep 031] val_sel AUC=0.6306 acc=0.4701
[ep 032] val_sel AUC=0.6313 acc=0.4706
[ep 033] val_sel AUC=0.6131 acc=0.3365
[ep 034] val_sel AUC=0.5901 acc=0.3466
[ep 035] val_sel AUC=0.6233 acc=0.4491
[ep 036] val_sel AUC=0.6410 acc=0.4462
[ep 037] val_sel AUC=0.6522 acc=0.4520
[ep 038] val_sel AUC=0.6466 acc=0.4184
[ep 039] val_sel AUC=0.6286 acc=0.4294
[ep 040] val_sel AUC=0.6793 acc=0.4701
[ep 041] val_sel AUC=0.6653 acc=0.4482
[ep 042] val_sel AUC=0.6703 acc=0.4435
[ep 043] val_sel AUC=0.6677 acc=0.4912
[ep 044] val_sel AUC=0.7157 acc=0.4997
[ep 045] val_sel AUC=0.7287 acc=0.5232
[ep 046] val_sel AUC=0.7177 acc=0.5209
[ep 047] val_sel AUC=0.7220 acc=0.5216
[ep 048] val_sel AUC=0.7051 acc=0.5408
[ep 049] val_sel AUC=0.6647 acc=0.4142
[ep 050] val_sel AUC=0.6722 acc=0.4726
[ep 051] val_sel AUC=0.6559 acc=0.4455
[ep 052] val_sel AUC=0.6653 acc=0.4657
[ep 053] val_sel AUC=0.6676 acc=0.4692
[ep 054] val_sel AUC=0.6838 acc=0.4898
[ep 055] val_sel AUC=0.6894 acc=0.4941
[ep 056] val_sel AUC=0.6850 acc=0.4903
[ep 057] val_sel AUC=0.6976 acc=0.5207
[ep 058] val_sel AUC=0.7117 acc=0.5084
[ep 059] val_sel AUC=0.7220 acc=0.5182
[ep 060] val_sel AUC=0.7361 acc=0.5545
[ep 061] val_sel AUC=0.7249 acc=0.5399
[ep 062] val_sel AUC=0.7400 acc=0.5411
[ep 063] val_sel AUC=0.7560 acc=0.5641
[ep 064] val_sel AUC=0.7603 acc=0.5907
[ep 065] val_sel AUC=0.7736 acc=0.5914
[ep 066] val_sel AUC=0.7608 acc=0.5818
[ep 067] val_sel AUC=0.7502 acc=0.5581
[ep 068] val_sel AUC=0.7664 acc=0.5820
[ep 069] val_sel AUC=0.7690 acc=0.5569
[ep 070] val_sel AUC=0.7809 acc=0.6028
[ep 071] val_sel AUC=0.7752 acc=0.6051
[ep 072] val_sel AUC=0.7874 acc=0.5876
[ep 073] val_sel AUC=0.7791 acc=0.6021
[ep 074] val_sel AUC=0.7869 acc=0.6017
[ep 075] val_sel AUC=0.7835 acc=0.6057
[ep 076] val_sel AUC=0.7934 acc=0.6010
[ep 077] val_sel AUC=0.7979 acc=0.6277
[ep 078] val_sel AUC=0.7986 acc=0.6272
[ep 079] val_sel AUC=0.8066 acc=0.6317
[ep 080] val_sel AUC=0.8098 acc=0.6402
[ep 081] val_sel AUC=0.8082 acc=0.6518
[ep 082] val_sel AUC=0.8086 acc=0.6400
[ep 083] val_sel AUC=0.8102 acc=0.6523
[ep 084] val_sel AUC=0.8070 acc=0.6082
[ep 085] val_sel AUC=0.8125 acc=0.6491
[ep 086] val_sel AUC=0.8162 acc=0.6422
[ep 087] val_sel AUC=0.8101 acc=0.6196
[ep 088] val_sel AUC=0.8173 acc=0.6567
[ep 089] val_sel AUC=0.8152 acc=0.6431
[ep 090] val_sel AUC=0.8163 acc=0.6462
[ep 091] val_sel AUC=0.8174 acc=0.6547
[ep 092] val_sel AUC=0.8164 acc=0.6503
[ep 093] val_sel AUC=0.8162 acc=0.6449
[ep 094] val_sel AUC=0.8172 acc=0.6482
[ep 095] val_sel AUC=0.8174 acc=0.6485
[ep 096] val_sel AUC=0.8174 acc=0.6487
============================================================
TEST (best val_sel epoch, held-out, evaluated once)
============================================================
[DONE-QPE2] embed=butterfly model_III N=100 seed=50 test_AUC=0.8151 val_sel_AUC=0.8174 per_class=(axion=0.8856 cdm=0.6689 no_sub=0.8908) params=203652 embed_params=193 R_frob_drift=1.2569454908370972
