[INFO] QPE2 D=64 P=8 depth=4 | embed=butterfly | data=model_II N/class=250 seed=47 split_seed=0 | params=203652 embed_params=193 lr=0.001 epochs=96 bs=32 | train(750, 64, 64) val_sel(4455, 64, 64) test(4455, 64, 64) device=cuda
[ep 001] val_sel AUC=0.5165 acc=0.3473
[ep 002] val_sel AUC=0.5201 acc=0.3237
[ep 003] val_sel AUC=0.5227 acc=0.3237
[ep 004] val_sel AUC=0.5268 acc=0.3499
[ep 005] val_sel AUC=0.5305 acc=0.3473
[ep 006] val_sel AUC=0.5437 acc=0.3473
[ep 007] val_sel AUC=0.5465 acc=0.3473
[ep 008] val_sel AUC=0.5453 acc=0.3237
[ep 009] val_sel AUC=0.5330 acc=0.3291
[ep 010] val_sel AUC=0.5293 acc=0.3376
[ep 011] val_sel AUC=0.5277 acc=0.3291
[ep 012] val_sel AUC=0.5241 acc=0.3412
[ep 013] val_sel AUC=0.5233 acc=0.3365
[ep 014] val_sel AUC=0.5204 acc=0.3237
[ep 015] val_sel AUC=0.5282 acc=0.3582
[ep 016] val_sel AUC=0.5262 acc=0.3641
[ep 017] val_sel AUC=0.5347 acc=0.3354
[ep 018] val_sel AUC=0.5316 acc=0.3652
[ep 019] val_sel AUC=0.5323 acc=0.3641
[ep 020] val_sel AUC=0.5367 acc=0.3654
[ep 021] val_sel AUC=0.5445 acc=0.3596
[ep 022] val_sel AUC=0.5399 acc=0.3670
[ep 023] val_sel AUC=0.5552 acc=0.3713
[ep 024] val_sel AUC=0.5540 acc=0.3836
[ep 025] val_sel AUC=0.5531 acc=0.3796
[ep 026] val_sel AUC=0.5671 acc=0.3787
[ep 027] val_sel AUC=0.5792 acc=0.4013
[ep 028] val_sel AUC=0.5864 acc=0.4081
[ep 029] val_sel AUC=0.6066 acc=0.4088
[ep 030] val_sel AUC=0.6038 acc=0.4238
[ep 031] val_sel AUC=0.6086 acc=0.4287
[ep 032] val_sel AUC=0.6115 acc=0.4290
[ep 033] val_sel AUC=0.6237 acc=0.4135
[ep 034] val_sel AUC=0.6188 acc=0.3515
[ep 035] val_sel AUC=0.6173 acc=0.3603
[ep 036] val_sel AUC=0.6673 acc=0.4418
[ep 037] val_sel AUC=0.6517 acc=0.4348
[ep 038] val_sel AUC=0.6662 acc=0.4164
[ep 039] val_sel AUC=0.7307 acc=0.5320
[ep 040] val_sel AUC=0.7566 acc=0.5100
[ep 041] val_sel AUC=0.7570 acc=0.5255
[ep 042] val_sel AUC=0.7656 acc=0.5486
[ep 043] val_sel AUC=0.7980 acc=0.5980
[ep 044] val_sel AUC=0.8120 acc=0.6130
[ep 045] val_sel AUC=0.7822 acc=0.6011
[ep 046] val_sel AUC=0.8077 acc=0.5946
[ep 047] val_sel AUC=0.8255 acc=0.5820
[ep 048] val_sel AUC=0.8451 acc=0.6658
[ep 049] val_sel AUC=0.8347 acc=0.6357
[ep 050] val_sel AUC=0.8502 acc=0.6633
[ep 051] val_sel AUC=0.8326 acc=0.6146
[ep 052] val_sel AUC=0.8651 acc=0.7008
[ep 053] val_sel AUC=0.8489 acc=0.6718
[ep 054] val_sel AUC=0.8632 acc=0.7035
[ep 055] val_sel AUC=0.8688 acc=0.7194
[ep 056] val_sel AUC=0.8627 acc=0.6983
[ep 057] val_sel AUC=0.8828 acc=0.7349
[ep 058] val_sel AUC=0.8752 acc=0.7428
[ep 059] val_sel AUC=0.8519 acc=0.6485
[ep 060] val_sel AUC=0.8354 acc=0.6754
[ep 061] val_sel AUC=0.8662 acc=0.6979
[ep 062] val_sel AUC=0.8729 acc=0.7228
[ep 063] val_sel AUC=0.8846 acc=0.7488
[ep 064] val_sel AUC=0.8763 acc=0.7432
[ep 065] val_sel AUC=0.8709 acc=0.7120
[ep 066] val_sel AUC=0.8771 acc=0.7356
[ep 067] val_sel AUC=0.8837 acc=0.7376
[ep 068] val_sel AUC=0.8908 acc=0.7497
[ep 069] val_sel AUC=0.8825 acc=0.7506
[ep 070] val_sel AUC=0.8829 acc=0.7479
[ep 071] val_sel AUC=0.8937 acc=0.7585
[ep 072] val_sel AUC=0.8911 acc=0.7621
[ep 073] val_sel AUC=0.8873 acc=0.7560
[ep 074] val_sel AUC=0.9004 acc=0.7816
[ep 075] val_sel AUC=0.8939 acc=0.7760
[ep 076] val_sel AUC=0.8892 acc=0.7363
[ep 077] val_sel AUC=0.8955 acc=0.7863
[ep 078] val_sel AUC=0.8914 acc=0.7609
[ep 079] val_sel AUC=0.8918 acc=0.7710
[ep 080] val_sel AUC=0.8897 acc=0.7838
[ep 081] val_sel AUC=0.8961 acc=0.7814
[ep 082] val_sel AUC=0.8884 acc=0.7661
[ep 083] val_sel AUC=0.8903 acc=0.7717
[ep 084] val_sel AUC=0.8848 acc=0.7452
[ep 085] val_sel AUC=0.8942 acc=0.7751
[ep 086] val_sel AUC=0.8947 acc=0.7886
[ep 087] val_sel AUC=0.8933 acc=0.7859
[ep 088] val_sel AUC=0.8920 acc=0.7800
[ep 089] val_sel AUC=0.8909 acc=0.7749
[ep 090] val_sel AUC=0.8933 acc=0.7850
[ep 091] val_sel AUC=0.8928 acc=0.7841
[ep 092] val_sel AUC=0.8928 acc=0.7865
[ep 093] val_sel AUC=0.8920 acc=0.7829
[ep 094] val_sel AUC=0.8924 acc=0.7834
[ep 095] val_sel AUC=0.8920 acc=0.7836
[ep 096] val_sel AUC=0.8920 acc=0.7827
============================================================
TEST (best val_sel epoch, held-out, evaluated once)
============================================================
[DONE-QPE2] embed=butterfly model_II N=250 seed=47 test_AUC=0.9116 val_sel_AUC=0.9004 per_class=(axion=0.9256 cdm=0.8306 no_sub=0.9786) params=203652 embed_params=193 R_frob_drift=1.7264907360076904
