[INFO] QPE2 D=64 P=8 depth=4 | embed=butterfly | data=model_II N/class=250 seed=48 split_seed=0 | params=203652 embed_params=193 lr=0.001 epochs=96 bs=32 | train(750, 64, 64) val_sel(4455, 64, 64) test(4455, 64, 64) device=cuda
[ep 001] val_sel AUC=0.5559 acc=0.3237
[ep 002] val_sel AUC=0.5510 acc=0.3237
[ep 003] val_sel AUC=0.5672 acc=0.3291
[ep 004] val_sel AUC=0.5605 acc=0.3237
[ep 005] val_sel AUC=0.5705 acc=0.3291
[ep 006] val_sel AUC=0.5641 acc=0.3291
[ep 007] val_sel AUC=0.5507 acc=0.3473
[ep 008] val_sel AUC=0.5383 acc=0.3291
[ep 009] val_sel AUC=0.5333 acc=0.3291
[ep 010] val_sel AUC=0.5263 acc=0.3670
[ep 011] val_sel AUC=0.5245 acc=0.3473
[ep 012] val_sel AUC=0.5261 acc=0.3363
[ep 013] val_sel AUC=0.5343 acc=0.3497
[ep 014] val_sel AUC=0.5409 acc=0.3459
[ep 015] val_sel AUC=0.5505 acc=0.3717
[ep 016] val_sel AUC=0.5568 acc=0.3749
[ep 017] val_sel AUC=0.5614 acc=0.3710
[ep 018] val_sel AUC=0.5685 acc=0.3886
[ep 019] val_sel AUC=0.5989 acc=0.3834
[ep 020] val_sel AUC=0.6653 acc=0.4539
[ep 021] val_sel AUC=0.6697 acc=0.4786
[ep 022] val_sel AUC=0.7530 acc=0.5650
[ep 023] val_sel AUC=0.7585 acc=0.5515
[ep 024] val_sel AUC=0.7926 acc=0.5971
[ep 025] val_sel AUC=0.8175 acc=0.6386
[ep 026] val_sel AUC=0.8486 acc=0.6878
[ep 027] val_sel AUC=0.8403 acc=0.6646
[ep 028] val_sel AUC=0.8535 acc=0.6880
[ep 029] val_sel AUC=0.8549 acc=0.6842
[ep 030] val_sel AUC=0.8609 acc=0.7068
[ep 031] val_sel AUC=0.8612 acc=0.7134
[ep 032] val_sel AUC=0.8640 acc=0.7183
[ep 033] val_sel AUC=0.7371 acc=0.5174
[ep 034] val_sel AUC=0.7840 acc=0.5948
[ep 035] val_sel AUC=0.8255 acc=0.6669
[ep 036] val_sel AUC=0.7798 acc=0.5877
[ep 037] val_sel AUC=0.7967 acc=0.6128
[ep 038] val_sel AUC=0.8394 acc=0.6857
[ep 039] val_sel AUC=0.8156 acc=0.6173
[ep 040] val_sel AUC=0.8345 acc=0.6745
[ep 041] val_sel AUC=0.8165 acc=0.5845
[ep 042] val_sel AUC=0.8744 acc=0.7389
[ep 043] val_sel AUC=0.8604 acc=0.7053
[ep 044] val_sel AUC=0.8049 acc=0.6301
[ep 045] val_sel AUC=0.8818 acc=0.7345
[ep 046] val_sel AUC=0.8396 acc=0.6653
[ep 047] val_sel AUC=0.8556 acc=0.7120
[ep 048] val_sel AUC=0.8492 acc=0.6602
[ep 049] val_sel AUC=0.8606 acc=0.7122
[ep 050] val_sel AUC=0.8783 acc=0.7392
[ep 051] val_sel AUC=0.8848 acc=0.7419
[ep 052] val_sel AUC=0.8903 acc=0.7506
[ep 053] val_sel AUC=0.8894 acc=0.7349
[ep 054] val_sel AUC=0.9138 acc=0.7863
[ep 055] val_sel AUC=0.8936 acc=0.7603
[ep 056] val_sel AUC=0.9011 acc=0.7486
[ep 057] val_sel AUC=0.9056 acc=0.7666
[ep 058] val_sel AUC=0.8746 acc=0.7017
[ep 059] val_sel AUC=0.8870 acc=0.7464
[ep 060] val_sel AUC=0.9048 acc=0.7740
[ep 061] val_sel AUC=0.8912 acc=0.7535
[ep 062] val_sel AUC=0.9086 acc=0.7782
[ep 063] val_sel AUC=0.9087 acc=0.7854
[ep 064] val_sel AUC=0.8951 acc=0.7457
[ep 065] val_sel AUC=0.9080 acc=0.7758
[ep 066] val_sel AUC=0.9012 acc=0.7302
[ep 067] val_sel AUC=0.9139 acc=0.7764
[ep 068] val_sel AUC=0.9145 acc=0.7935
[ep 069] val_sel AUC=0.9019 acc=0.7802
[ep 070] val_sel AUC=0.9191 acc=0.8092
[ep 071] val_sel AUC=0.9175 acc=0.8101
[ep 072] val_sel AUC=0.9204 acc=0.7966
[ep 073] val_sel AUC=0.9218 acc=0.8202
[ep 074] val_sel AUC=0.9178 acc=0.7978
[ep 075] val_sel AUC=0.9123 acc=0.7991
[ep 076] val_sel AUC=0.9210 acc=0.8128
[ep 077] val_sel AUC=0.9199 acc=0.8056
[ep 078] val_sel AUC=0.9260 acc=0.8269
[ep 079] val_sel AUC=0.9093 acc=0.7877
[ep 080] val_sel AUC=0.9230 acc=0.8229
[ep 081] val_sel AUC=0.9157 acc=0.8074
[ep 082] val_sel AUC=0.9237 acc=0.8101
[ep 083] val_sel AUC=0.9155 acc=0.8088
[ep 084] val_sel AUC=0.9210 acc=0.8099
[ep 085] val_sel AUC=0.9183 acc=0.8251
[ep 086] val_sel AUC=0.9213 acc=0.8290
[ep 087] val_sel AUC=0.9199 acc=0.8224
[ep 088] val_sel AUC=0.9200 acc=0.8236
[ep 089] val_sel AUC=0.9161 acc=0.8227
[ep 090] val_sel AUC=0.9187 acc=0.8204
[ep 091] val_sel AUC=0.9195 acc=0.8227
[ep 092] val_sel AUC=0.9193 acc=0.8222
[ep 093] val_sel AUC=0.9199 acc=0.8231
[ep 094] val_sel AUC=0.9201 acc=0.8229
[ep 095] val_sel AUC=0.9196 acc=0.8220
[ep 096] val_sel AUC=0.9198 acc=0.8229
============================================================
TEST (best val_sel epoch, held-out, evaluated once)
============================================================
[DONE-QPE2] embed=butterfly model_II N=250 seed=48 test_AUC=0.9266 val_sel_AUC=0.9260 per_class=(axion=0.9342 cdm=0.8656 no_sub=0.9801) params=203652 embed_params=193 R_frob_drift=1.6016027927398682
