[INFO] QPE2 D=64 P=8 depth=4 | embed=butterfly | data=model_II N/class=100 seed=46 split_seed=0 | params=203652 embed_params=193 lr=0.001 epochs=96 bs=32 | train(300, 64, 64) val_sel(4455, 64, 64) test(4455, 64, 64) device=cuda
[ep 001] val_sel AUC=0.5284 acc=0.3291
[ep 002] val_sel AUC=0.5092 acc=0.3237
[ep 003] val_sel AUC=0.5119 acc=0.3291
[ep 004] val_sel AUC=0.5093 acc=0.3473
[ep 005] val_sel AUC=0.5122 acc=0.3237
[ep 006] val_sel AUC=0.5133 acc=0.3237
[ep 007] val_sel AUC=0.5150 acc=0.3473
[ep 008] val_sel AUC=0.5161 acc=0.3473
[ep 009] val_sel AUC=0.5177 acc=0.3237
[ep 010] val_sel AUC=0.5170 acc=0.3473
[ep 011] val_sel AUC=0.5177 acc=0.3237
[ep 012] val_sel AUC=0.5164 acc=0.3291
[ep 013] val_sel AUC=0.5162 acc=0.3526
[ep 014] val_sel AUC=0.5194 acc=0.3410
[ep 015] val_sel AUC=0.5205 acc=0.3419
[ep 016] val_sel AUC=0.5204 acc=0.3255
[ep 017] val_sel AUC=0.5194 acc=0.3484
[ep 018] val_sel AUC=0.5206 acc=0.3419
[ep 019] val_sel AUC=0.5206 acc=0.3320
[ep 020] val_sel AUC=0.5204 acc=0.3504
[ep 021] val_sel AUC=0.5205 acc=0.3448
[ep 022] val_sel AUC=0.5210 acc=0.3446
[ep 023] val_sel AUC=0.5209 acc=0.3459
[ep 024] val_sel AUC=0.5208 acc=0.3479
[ep 025] val_sel AUC=0.5208 acc=0.3455
[ep 026] val_sel AUC=0.5208 acc=0.3477
[ep 027] val_sel AUC=0.5207 acc=0.3511
[ep 028] val_sel AUC=0.5206 acc=0.3497
[ep 029] val_sel AUC=0.5207 acc=0.3484
[ep 030] val_sel AUC=0.5207 acc=0.3477
[ep 031] val_sel AUC=0.5207 acc=0.3479
[ep 032] val_sel AUC=0.5207 acc=0.3470
[ep 033] val_sel AUC=0.5208 acc=0.3484
[ep 034] val_sel AUC=0.5208 acc=0.3419
[ep 035] val_sel AUC=0.5203 acc=0.3511
[ep 036] val_sel AUC=0.5203 acc=0.3486
[ep 037] val_sel AUC=0.5202 acc=0.3358
[ep 038] val_sel AUC=0.5198 acc=0.3459
[ep 039] val_sel AUC=0.5211 acc=0.3304
[ep 040] val_sel AUC=0.5205 acc=0.3473
[ep 041] val_sel AUC=0.5288 acc=0.3392
[ep 042] val_sel AUC=0.5331 acc=0.3360
[ep 043] val_sel AUC=0.5379 acc=0.3392
[ep 044] val_sel AUC=0.5392 acc=0.3484
[ep 045] val_sel AUC=0.5564 acc=0.3928
[ep 046] val_sel AUC=0.5601 acc=0.3872
[ep 047] val_sel AUC=0.5687 acc=0.4018
[ep 048] val_sel AUC=0.5857 acc=0.4063
[ep 049] val_sel AUC=0.5953 acc=0.4049
[ep 050] val_sel AUC=0.6032 acc=0.4211
[ep 051] val_sel AUC=0.6227 acc=0.4213
[ep 052] val_sel AUC=0.6170 acc=0.4438
[ep 053] val_sel AUC=0.6377 acc=0.4433
[ep 054] val_sel AUC=0.6674 acc=0.4732
[ep 055] val_sel AUC=0.6642 acc=0.4182
[ep 056] val_sel AUC=0.6876 acc=0.4364
[ep 057] val_sel AUC=0.7093 acc=0.5015
[ep 058] val_sel AUC=0.7292 acc=0.5046
[ep 059] val_sel AUC=0.7538 acc=0.5302
[ep 060] val_sel AUC=0.7697 acc=0.5710
[ep 061] val_sel AUC=0.8114 acc=0.6287
[ep 062] val_sel AUC=0.7859 acc=0.6018
[ep 063] val_sel AUC=0.7868 acc=0.6126
[ep 064] val_sel AUC=0.7693 acc=0.5746
[ep 065] val_sel AUC=0.8267 acc=0.6337
[ep 066] val_sel AUC=0.7854 acc=0.5957
[ep 067] val_sel AUC=0.8400 acc=0.6759
[ep 068] val_sel AUC=0.8317 acc=0.6810
[ep 069] val_sel AUC=0.7544 acc=0.5306
[ep 070] val_sel AUC=0.8400 acc=0.6756
[ep 071] val_sel AUC=0.8391 acc=0.6599
[ep 072] val_sel AUC=0.8299 acc=0.6572
[ep 073] val_sel AUC=0.8442 acc=0.6970
[ep 074] val_sel AUC=0.8301 acc=0.6467
[ep 075] val_sel AUC=0.8549 acc=0.6945
[ep 076] val_sel AUC=0.8681 acc=0.7286
[ep 077] val_sel AUC=0.8650 acc=0.7226
[ep 078] val_sel AUC=0.8577 acc=0.7062
[ep 079] val_sel AUC=0.8649 acc=0.7196
[ep 080] val_sel AUC=0.8587 acc=0.7116
[ep 081] val_sel AUC=0.8680 acc=0.7270
[ep 082] val_sel AUC=0.8729 acc=0.7437
[ep 083] val_sel AUC=0.8741 acc=0.7419
[ep 084] val_sel AUC=0.8756 acc=0.7425
[ep 085] val_sel AUC=0.8739 acc=0.7450
[ep 086] val_sel AUC=0.8752 acc=0.7473
[ep 087] val_sel AUC=0.8746 acc=0.7457
[ep 088] val_sel AUC=0.8732 acc=0.7464
[ep 089] val_sel AUC=0.8729 acc=0.7477
[ep 090] val_sel AUC=0.8717 acc=0.7455
[ep 091] val_sel AUC=0.8707 acc=0.7459
[ep 092] val_sel AUC=0.8713 acc=0.7479
[ep 093] val_sel AUC=0.8714 acc=0.7477
[ep 094] val_sel AUC=0.8711 acc=0.7477
[ep 095] val_sel AUC=0.8711 acc=0.7475
[ep 096] val_sel AUC=0.8711 acc=0.7473
============================================================
TEST (best val_sel epoch, held-out, evaluated once)
============================================================
[DONE-QPE2] embed=butterfly model_II N=100 seed=46 test_AUC=0.8841 val_sel_AUC=0.8756 per_class=(axion=0.9116 cdm=0.7856 no_sub=0.9550) params=203652 embed_params=193 R_frob_drift=1.5505982637405396
