[INFO] QPE2 D=64 P=8 depth=4 | embed=butterfly | data=model_III N/class=100 seed=51 split_seed=0 | params=203652 embed_params=193 lr=0.001 epochs=96 bs=32 | train(300, 64, 64) val_sel(4469, 64, 64) test(4470, 64, 64) device=cuda
[ep 001] val_sel AUC=0.4896 acc=0.3433
[ep 002] val_sel AUC=0.5480 acc=0.3283
[ep 003] val_sel AUC=0.5493 acc=0.3433
[ep 004] val_sel AUC=0.5579 acc=0.3285
[ep 005] val_sel AUC=0.5548 acc=0.3433
[ep 006] val_sel AUC=0.5679 acc=0.3283
[ep 007] val_sel AUC=0.5601 acc=0.3285
[ep 008] val_sel AUC=0.5612 acc=0.3334
[ep 009] val_sel AUC=0.5639 acc=0.3723
[ep 010] val_sel AUC=0.5655 acc=0.3433
[ep 011] val_sel AUC=0.5604 acc=0.3448
[ep 012] val_sel AUC=0.5645 acc=0.3283
[ep 013] val_sel AUC=0.5602 acc=0.3574
[ep 014] val_sel AUC=0.5558 acc=0.3629
[ep 015] val_sel AUC=0.5397 acc=0.3430
[ep 016] val_sel AUC=0.5355 acc=0.3386
[ep 017] val_sel AUC=0.5358 acc=0.3428
[ep 018] val_sel AUC=0.5360 acc=0.3397
[ep 019] val_sel AUC=0.5357 acc=0.3453
[ep 020] val_sel AUC=0.5374 acc=0.3401
[ep 021] val_sel AUC=0.5395 acc=0.3672
[ep 022] val_sel AUC=0.5406 acc=0.3667
[ep 023] val_sel AUC=0.5430 acc=0.3556
[ep 024] val_sel AUC=0.5490 acc=0.3739
[ep 025] val_sel AUC=0.5547 acc=0.3761
[ep 026] val_sel AUC=0.5567 acc=0.3652
[ep 027] val_sel AUC=0.5570 acc=0.3784
[ep 028] val_sel AUC=0.5590 acc=0.3784
[ep 029] val_sel AUC=0.5604 acc=0.3800
[ep 030] val_sel AUC=0.5606 acc=0.3782
[ep 031] val_sel AUC=0.5612 acc=0.3817
[ep 032] val_sel AUC=0.5614 acc=0.3811
[ep 033] val_sel AUC=0.5808 acc=0.3869
[ep 034] val_sel AUC=0.5971 acc=0.3992
[ep 035] val_sel AUC=0.5891 acc=0.3840
[ep 036] val_sel AUC=0.5840 acc=0.3862
[ep 037] val_sel AUC=0.5992 acc=0.4048
[ep 038] val_sel AUC=0.6436 acc=0.4265
[ep 039] val_sel AUC=0.6556 acc=0.4392
[ep 040] val_sel AUC=0.6705 acc=0.4482
[ep 041] val_sel AUC=0.6979 acc=0.4896
[ep 042] val_sel AUC=0.6803 acc=0.4797
[ep 043] val_sel AUC=0.6301 acc=0.3849
[ep 044] val_sel AUC=0.7068 acc=0.5198
[ep 045] val_sel AUC=0.7252 acc=0.5290
[ep 046] val_sel AUC=0.6955 acc=0.5030
[ep 047] val_sel AUC=0.7058 acc=0.5077
[ep 048] val_sel AUC=0.7360 acc=0.5335
[ep 049] val_sel AUC=0.7404 acc=0.5281
[ep 050] val_sel AUC=0.7380 acc=0.5619
[ep 051] val_sel AUC=0.7726 acc=0.5842
[ep 052] val_sel AUC=0.7445 acc=0.5167
[ep 053] val_sel AUC=0.7816 acc=0.5923
[ep 054] val_sel AUC=0.7976 acc=0.6149
[ep 055] val_sel AUC=0.7917 acc=0.5849
[ep 056] val_sel AUC=0.7909 acc=0.6192
[ep 057] val_sel AUC=0.8015 acc=0.6355
[ep 058] val_sel AUC=0.7771 acc=0.5995
[ep 059] val_sel AUC=0.8083 acc=0.6476
[ep 060] val_sel AUC=0.7902 acc=0.6084
[ep 061] val_sel AUC=0.7975 acc=0.6362
[ep 062] val_sel AUC=0.8188 acc=0.6471
[ep 063] val_sel AUC=0.8240 acc=0.6579
[ep 064] val_sel AUC=0.8132 acc=0.6368
[ep 065] val_sel AUC=0.8287 acc=0.6646
[ep 066] val_sel AUC=0.8260 acc=0.6677
[ep 067] val_sel AUC=0.8063 acc=0.6397
[ep 068] val_sel AUC=0.8215 acc=0.6684
[ep 069] val_sel AUC=0.8195 acc=0.6241
[ep 070] val_sel AUC=0.7976 acc=0.6223
[ep 071] val_sel AUC=0.8203 acc=0.6675
[ep 072] val_sel AUC=0.8199 acc=0.6579
[ep 073] val_sel AUC=0.8172 acc=0.6489
[ep 074] val_sel AUC=0.8233 acc=0.6697
[ep 075] val_sel AUC=0.8141 acc=0.6594
[ep 076] val_sel AUC=0.8238 acc=0.6552
[ep 077] val_sel AUC=0.8254 acc=0.6722
[ep 078] val_sel AUC=0.8239 acc=0.6619
[ep 079] val_sel AUC=0.8214 acc=0.6650
[ep 080] val_sel AUC=0.8223 acc=0.6684
[ep 081] val_sel AUC=0.8214 acc=0.6686
[ep 082] val_sel AUC=0.8198 acc=0.6601
[ep 083] val_sel AUC=0.8234 acc=0.6684
[ep 084] val_sel AUC=0.8209 acc=0.6666
[ep 085] val_sel AUC=0.8217 acc=0.6706
[ep 086] val_sel AUC=0.8231 acc=0.6738
[ep 087] val_sel AUC=0.8225 acc=0.6697
[ep 088] val_sel AUC=0.8228 acc=0.6738
[ep 089] val_sel AUC=0.8223 acc=0.6720
[ep 090] val_sel AUC=0.8233 acc=0.6733
[ep 091] val_sel AUC=0.8224 acc=0.6744
[ep 092] val_sel AUC=0.8219 acc=0.6731
[ep 093] val_sel AUC=0.8215 acc=0.6733
[ep 094] val_sel AUC=0.8215 acc=0.6726
[ep 095] val_sel AUC=0.8216 acc=0.6738
[ep 096] val_sel AUC=0.8216 acc=0.6731
============================================================
TEST (best val_sel epoch, held-out, evaluated once)
============================================================
[DONE-QPE2] embed=butterfly model_III N=100 seed=51 test_AUC=0.8371 val_sel_AUC=0.8287 per_class=(axion=0.8960 cdm=0.7224 no_sub=0.8930) params=203652 embed_params=193 R_frob_drift=1.391088843345642
