[INFO] QPE2 D=64 P=8 depth=4 | embed=butterfly | data=model_III N/class=100 seed=55 split_seed=0 | params=203652 embed_params=193 lr=0.001 epochs=96 bs=32 | train(300, 64, 64) val_sel(4469, 64, 64) test(4470, 64, 64) device=cuda
[ep 001] val_sel AUC=0.4768 acc=0.3433
[ep 002] val_sel AUC=0.4961 acc=0.3283
[ep 003] val_sel AUC=0.4973 acc=0.3433
[ep 004] val_sel AUC=0.5042 acc=0.3285
[ep 005] val_sel AUC=0.5061 acc=0.3433
[ep 006] val_sel AUC=0.5104 acc=0.3471
[ep 007] val_sel AUC=0.5118 acc=0.3285
[ep 008] val_sel AUC=0.5185 acc=0.3283
[ep 009] val_sel AUC=0.5167 acc=0.3433
[ep 010] val_sel AUC=0.5203 acc=0.3285
[ep 011] val_sel AUC=0.5200 acc=0.3285
[ep 012] val_sel AUC=0.5245 acc=0.3283
[ep 013] val_sel AUC=0.5262 acc=0.3433
[ep 014] val_sel AUC=0.5263 acc=0.3285
[ep 015] val_sel AUC=0.5294 acc=0.3314
[ep 016] val_sel AUC=0.5277 acc=0.3410
[ep 017] val_sel AUC=0.5307 acc=0.3283
[ep 018] val_sel AUC=0.5263 acc=0.3433
[ep 019] val_sel AUC=0.5290 acc=0.3356
[ep 020] val_sel AUC=0.5295 acc=0.3433
[ep 021] val_sel AUC=0.5313 acc=0.3314
[ep 022] val_sel AUC=0.5278 acc=0.3285
[ep 023] val_sel AUC=0.5258 acc=0.3247
[ep 024] val_sel AUC=0.5294 acc=0.3392
[ep 025] val_sel AUC=0.5309 acc=0.3327
[ep 026] val_sel AUC=0.5313 acc=0.3330
[ep 027] val_sel AUC=0.5288 acc=0.3486
[ep 028] val_sel AUC=0.5286 acc=0.3710
[ep 029] val_sel AUC=0.5293 acc=0.3703
[ep 030] val_sel AUC=0.5296 acc=0.3484
[ep 031] val_sel AUC=0.5296 acc=0.3533
[ep 032] val_sel AUC=0.5296 acc=0.3484
[ep 033] val_sel AUC=0.5254 acc=0.3408
[ep 034] val_sel AUC=0.5278 acc=0.3560
[ep 035] val_sel AUC=0.5346 acc=0.3594
[ep 036] val_sel AUC=0.5380 acc=0.3533
[ep 037] val_sel AUC=0.5438 acc=0.3645
[ep 038] val_sel AUC=0.5524 acc=0.3656
[ep 039] val_sel AUC=0.5586 acc=0.3665
[ep 040] val_sel AUC=0.5435 acc=0.3450
[ep 041] val_sel AUC=0.5461 acc=0.3488
[ep 042] val_sel AUC=0.5485 acc=0.3504
[ep 043] val_sel AUC=0.5539 acc=0.3674
[ep 044] val_sel AUC=0.5627 acc=0.3909
[ep 045] val_sel AUC=0.5923 acc=0.3453
[ep 046] val_sel AUC=0.5741 acc=0.3833
[ep 047] val_sel AUC=0.6404 acc=0.4507
[ep 048] val_sel AUC=0.6443 acc=0.4500
[ep 049] val_sel AUC=0.7067 acc=0.5267
[ep 050] val_sel AUC=0.7063 acc=0.5247
[ep 051] val_sel AUC=0.6900 acc=0.4493
[ep 052] val_sel AUC=0.7221 acc=0.5062
[ep 053] val_sel AUC=0.7430 acc=0.5296
[ep 054] val_sel AUC=0.7660 acc=0.5511
[ep 055] val_sel AUC=0.7754 acc=0.5659
[ep 056] val_sel AUC=0.7628 acc=0.5791
[ep 057] val_sel AUC=0.7900 acc=0.5728
[ep 058] val_sel AUC=0.7999 acc=0.6232
[ep 059] val_sel AUC=0.8259 acc=0.6328
[ep 060] val_sel AUC=0.8368 acc=0.6628
[ep 061] val_sel AUC=0.8308 acc=0.6621
[ep 062] val_sel AUC=0.8323 acc=0.6695
[ep 063] val_sel AUC=0.8350 acc=0.6688
[ep 064] val_sel AUC=0.8272 acc=0.6429
[ep 065] val_sel AUC=0.8345 acc=0.6254
[ep 066] val_sel AUC=0.8157 acc=0.5648
[ep 067] val_sel AUC=0.8332 acc=0.6679
[ep 068] val_sel AUC=0.8631 acc=0.7140
[ep 069] val_sel AUC=0.8518 acc=0.7194
[ep 070] val_sel AUC=0.8675 acc=0.7279
[ep 071] val_sel AUC=0.8628 acc=0.6854
[ep 072] val_sel AUC=0.8767 acc=0.7418
[ep 073] val_sel AUC=0.8802 acc=0.7610
[ep 074] val_sel AUC=0.8781 acc=0.7440
[ep 075] val_sel AUC=0.8779 acc=0.7313
[ep 076] val_sel AUC=0.8786 acc=0.7445
[ep 077] val_sel AUC=0.8737 acc=0.7355
[ep 078] val_sel AUC=0.8797 acc=0.7565
[ep 079] val_sel AUC=0.8861 acc=0.7633
[ep 080] val_sel AUC=0.8850 acc=0.7572
[ep 081] val_sel AUC=0.8739 acc=0.7183
[ep 082] val_sel AUC=0.8798 acc=0.7463
[ep 083] val_sel AUC=0.8891 acc=0.7731
[ep 084] val_sel AUC=0.8800 acc=0.7301
[ep 085] val_sel AUC=0.8883 acc=0.7675
[ep 086] val_sel AUC=0.8887 acc=0.7680
[ep 087] val_sel AUC=0.8874 acc=0.7662
[ep 088] val_sel AUC=0.8893 acc=0.7664
[ep 089] val_sel AUC=0.8889 acc=0.7659
[ep 090] val_sel AUC=0.8898 acc=0.7691
[ep 091] val_sel AUC=0.8901 acc=0.7682
[ep 092] val_sel AUC=0.8886 acc=0.7583
[ep 093] val_sel AUC=0.8893 acc=0.7648
[ep 094] val_sel AUC=0.8896 acc=0.7653
[ep 095] val_sel AUC=0.8897 acc=0.7655
[ep 096] val_sel AUC=0.8897 acc=0.7650
============================================================
TEST (best val_sel epoch, held-out, evaluated once)
============================================================
[DONE-QPE2] embed=butterfly model_III N=100 seed=55 test_AUC=0.8918 val_sel_AUC=0.8901 per_class=(axion=0.9229 cdm=0.8039 no_sub=0.9487) params=203652 embed_params=193 R_frob_drift=1.5752323865890503
