[INFO] QPE2 D=64 P=8 depth=4 | embed=butterfly | data=model_II N/class=250 seed=46 split_seed=0 | params=203652 embed_params=193 lr=0.001 epochs=96 bs=32 | train(750, 64, 64) val_sel(4455, 64, 64) test(4455, 64, 64) device=cuda
[ep 001] val_sel AUC=0.5082 acc=0.3237
[ep 002] val_sel AUC=0.5197 acc=0.3473
[ep 003] val_sel AUC=0.5246 acc=0.3473
[ep 004] val_sel AUC=0.5324 acc=0.3291
[ep 005] val_sel AUC=0.5365 acc=0.3237
[ep 006] val_sel AUC=0.5407 acc=0.3291
[ep 007] val_sel AUC=0.5417 acc=0.3473
[ep 008] val_sel AUC=0.5177 acc=0.3291
[ep 009] val_sel AUC=0.5177 acc=0.3371
[ep 010] val_sel AUC=0.5337 acc=0.3533
[ep 011] val_sel AUC=0.5618 acc=0.3661
[ep 012] val_sel AUC=0.5570 acc=0.3291
[ep 013] val_sel AUC=0.5852 acc=0.3740
[ep 014] val_sel AUC=0.5634 acc=0.3641
[ep 015] val_sel AUC=0.6503 acc=0.4988
[ep 016] val_sel AUC=0.7555 acc=0.5944
[ep 017] val_sel AUC=0.7596 acc=0.5167
[ep 018] val_sel AUC=0.8291 acc=0.6377
[ep 019] val_sel AUC=0.8711 acc=0.7322
[ep 020] val_sel AUC=0.8404 acc=0.6622
[ep 021] val_sel AUC=0.8837 acc=0.7291
[ep 022] val_sel AUC=0.8943 acc=0.7511
[ep 023] val_sel AUC=0.8692 acc=0.7064
[ep 024] val_sel AUC=0.8982 acc=0.7672
[ep 025] val_sel AUC=0.9018 acc=0.7726
[ep 026] val_sel AUC=0.9051 acc=0.7881
[ep 027] val_sel AUC=0.9126 acc=0.7888
[ep 028] val_sel AUC=0.9090 acc=0.7816
[ep 029] val_sel AUC=0.9074 acc=0.7811
[ep 030] val_sel AUC=0.9137 acc=0.8045
[ep 031] val_sel AUC=0.9139 acc=0.8020
[ep 032] val_sel AUC=0.9141 acc=0.8040
[ep 033] val_sel AUC=0.8681 acc=0.6985
[ep 034] val_sel AUC=0.8849 acc=0.7349
[ep 035] val_sel AUC=0.8855 acc=0.7405
[ep 036] val_sel AUC=0.8642 acc=0.7064
[ep 037] val_sel AUC=0.8862 acc=0.7571
[ep 038] val_sel AUC=0.8904 acc=0.7643
[ep 039] val_sel AUC=0.9101 acc=0.7728
[ep 040] val_sel AUC=0.8953 acc=0.7834
[ep 041] val_sel AUC=0.8970 acc=0.7490
[ep 042] val_sel AUC=0.9070 acc=0.7531
[ep 043] val_sel AUC=0.8904 acc=0.7441
[ep 044] val_sel AUC=0.8698 acc=0.7239
[ep 045] val_sel AUC=0.9039 acc=0.7749
[ep 046] val_sel AUC=0.8624 acc=0.7131
[ep 047] val_sel AUC=0.9132 acc=0.8047
[ep 048] val_sel AUC=0.9028 acc=0.7309
[ep 049] val_sel AUC=0.9120 acc=0.8121
[ep 050] val_sel AUC=0.8979 acc=0.7526
[ep 051] val_sel AUC=0.9093 acc=0.7903
[ep 052] val_sel AUC=0.8898 acc=0.7477
[ep 053] val_sel AUC=0.9176 acc=0.8040
[ep 054] val_sel AUC=0.9137 acc=0.8117
[ep 055] val_sel AUC=0.9080 acc=0.7740
[ep 056] val_sel AUC=0.8922 acc=0.7479
[ep 057] val_sel AUC=0.9207 acc=0.8238
[ep 058] val_sel AUC=0.9121 acc=0.7996
[ep 059] val_sel AUC=0.9156 acc=0.8103
[ep 060] val_sel AUC=0.9114 acc=0.8007
[ep 061] val_sel AUC=0.9103 acc=0.8029
[ep 062] val_sel AUC=0.9068 acc=0.7713
[ep 063] val_sel AUC=0.9224 acc=0.8296
[ep 064] val_sel AUC=0.9057 acc=0.7807
[ep 065] val_sel AUC=0.9093 acc=0.7984
[ep 066] val_sel AUC=0.9152 acc=0.8097
[ep 067] val_sel AUC=0.9217 acc=0.8139
[ep 068] val_sel AUC=0.9147 acc=0.8117
[ep 069] val_sel AUC=0.9212 acc=0.8220
[ep 070] val_sel AUC=0.9195 acc=0.8272
[ep 071] val_sel AUC=0.9149 acc=0.8097
[ep 072] val_sel AUC=0.9005 acc=0.7657
[ep 073] val_sel AUC=0.9191 acc=0.8144
[ep 074] val_sel AUC=0.9250 acc=0.8370
[ep 075] val_sel AUC=0.9242 acc=0.8350
[ep 076] val_sel AUC=0.9235 acc=0.8373
[ep 077] val_sel AUC=0.9251 acc=0.8435
[ep 078] val_sel AUC=0.9210 acc=0.8305
[ep 079] val_sel AUC=0.9247 acc=0.8384
[ep 080] val_sel AUC=0.9243 acc=0.8402
[ep 081] val_sel AUC=0.9239 acc=0.8337
[ep 082] val_sel AUC=0.9233 acc=0.8343
[ep 083] val_sel AUC=0.9201 acc=0.8260
[ep 084] val_sel AUC=0.9247 acc=0.8325
[ep 085] val_sel AUC=0.9260 acc=0.8402
[ep 086] val_sel AUC=0.9252 acc=0.8382
[ep 087] val_sel AUC=0.9258 acc=0.8413
[ep 088] val_sel AUC=0.9250 acc=0.8388
[ep 089] val_sel AUC=0.9248 acc=0.8397
[ep 090] val_sel AUC=0.9247 acc=0.8400
[ep 091] val_sel AUC=0.9251 acc=0.8413
[ep 092] val_sel AUC=0.9249 acc=0.8406
[ep 093] val_sel AUC=0.9250 acc=0.8413
[ep 094] val_sel AUC=0.9250 acc=0.8411
[ep 095] val_sel AUC=0.9250 acc=0.8411
[ep 096] val_sel AUC=0.9249 acc=0.8413
============================================================
TEST (best val_sel epoch, held-out, evaluated once)
============================================================
[DONE-QPE2] embed=butterfly model_II N=250 seed=46 test_AUC=0.9291 val_sel_AUC=0.9260 per_class=(axion=0.9354 cdm=0.8707 no_sub=0.9813) params=203652 embed_params=193 R_frob_drift=1.813058853149414
