[INFO] QPE2 D=64 P=8 depth=4 | embed=butterfly | data=model_III N/class=100 seed=45 split_seed=0 | params=203652 embed_params=193 lr=0.001 epochs=96 bs=32 | train(300, 64, 64) val_sel(4469, 64, 64) test(4470, 64, 64) device=cuda
[ep 001] val_sel AUC=0.4531 acc=0.3433
[ep 002] val_sel AUC=0.4933 acc=0.3285
[ep 003] val_sel AUC=0.4981 acc=0.3433
[ep 004] val_sel AUC=0.5171 acc=0.3285
[ep 005] val_sel AUC=0.5272 acc=0.3285
[ep 006] val_sel AUC=0.5428 acc=0.3433
[ep 007] val_sel AUC=0.5611 acc=0.3433
[ep 008] val_sel AUC=0.5609 acc=0.3285
[ep 009] val_sel AUC=0.5677 acc=0.3433
[ep 010] val_sel AUC=0.5695 acc=0.3285
[ep 011] val_sel AUC=0.5657 acc=0.3285
[ep 012] val_sel AUC=0.5694 acc=0.3433
[ep 013] val_sel AUC=0.5669 acc=0.3283
[ep 014] val_sel AUC=0.5586 acc=0.3433
[ep 015] val_sel AUC=0.5571 acc=0.3283
[ep 016] val_sel AUC=0.5498 acc=0.3285
[ep 017] val_sel AUC=0.5510 acc=0.3330
[ep 018] val_sel AUC=0.5391 acc=0.3339
[ep 019] val_sel AUC=0.5414 acc=0.3430
[ep 020] val_sel AUC=0.5463 acc=0.3596
[ep 021] val_sel AUC=0.5529 acc=0.3497
[ep 022] val_sel AUC=0.5505 acc=0.3612
[ep 023] val_sel AUC=0.5509 acc=0.3625
[ep 024] val_sel AUC=0.5482 acc=0.3616
[ep 025] val_sel AUC=0.5483 acc=0.3654
[ep 026] val_sel AUC=0.5480 acc=0.3674
[ep 027] val_sel AUC=0.5463 acc=0.3620
[ep 028] val_sel AUC=0.5461 acc=0.3607
[ep 029] val_sel AUC=0.5463 acc=0.3614
[ep 030] val_sel AUC=0.5464 acc=0.3596
[ep 031] val_sel AUC=0.5466 acc=0.3605
[ep 032] val_sel AUC=0.5466 acc=0.3600
[ep 033] val_sel AUC=0.5517 acc=0.3455
[ep 034] val_sel AUC=0.5447 acc=0.3605
[ep 035] val_sel AUC=0.5610 acc=0.3860
[ep 036] val_sel AUC=0.5593 acc=0.3547
[ep 037] val_sel AUC=0.5562 acc=0.3811
[ep 038] val_sel AUC=0.5628 acc=0.3777
[ep 039] val_sel AUC=0.5573 acc=0.3618
[ep 040] val_sel AUC=0.5757 acc=0.3902
[ep 041] val_sel AUC=0.5857 acc=0.3958
[ep 042] val_sel AUC=0.5940 acc=0.4126
[ep 043] val_sel AUC=0.6008 acc=0.4111
[ep 044] val_sel AUC=0.6163 acc=0.4245
[ep 045] val_sel AUC=0.6220 acc=0.4274
[ep 046] val_sel AUC=0.6633 acc=0.4762
[ep 047] val_sel AUC=0.6204 acc=0.4334
[ep 048] val_sel AUC=0.6355 acc=0.4518
[ep 049] val_sel AUC=0.6581 acc=0.4862
[ep 050] val_sel AUC=0.6847 acc=0.4621
[ep 051] val_sel AUC=0.6604 acc=0.4950
[ep 052] val_sel AUC=0.6862 acc=0.5008
[ep 053] val_sel AUC=0.7199 acc=0.5126
[ep 054] val_sel AUC=0.7483 acc=0.5773
[ep 055] val_sel AUC=0.7542 acc=0.5028
[ep 056] val_sel AUC=0.6991 acc=0.5272
[ep 057] val_sel AUC=0.7497 acc=0.5865
[ep 058] val_sel AUC=0.7683 acc=0.6180
[ep 059] val_sel AUC=0.7441 acc=0.5766
[ep 060] val_sel AUC=0.7616 acc=0.5659
[ep 061] val_sel AUC=0.7687 acc=0.6109
[ep 062] val_sel AUC=0.7612 acc=0.6104
[ep 063] val_sel AUC=0.7960 acc=0.6462
[ep 064] val_sel AUC=0.7671 acc=0.5961
[ep 065] val_sel AUC=0.7977 acc=0.6460
[ep 066] val_sel AUC=0.8006 acc=0.6465
[ep 067] val_sel AUC=0.8071 acc=0.6444
[ep 068] val_sel AUC=0.8206 acc=0.6563
[ep 069] val_sel AUC=0.8044 acc=0.6348
[ep 070] val_sel AUC=0.8293 acc=0.6691
[ep 071] val_sel AUC=0.8078 acc=0.6505
[ep 072] val_sel AUC=0.8215 acc=0.6391
[ep 073] val_sel AUC=0.8243 acc=0.6570
[ep 074] val_sel AUC=0.8247 acc=0.6695
[ep 075] val_sel AUC=0.8340 acc=0.6809
[ep 076] val_sel AUC=0.8390 acc=0.6984
[ep 077] val_sel AUC=0.8404 acc=0.6852
[ep 078] val_sel AUC=0.8469 acc=0.7062
[ep 079] val_sel AUC=0.8455 acc=0.6917
[ep 080] val_sel AUC=0.8482 acc=0.7008
[ep 081] val_sel AUC=0.8505 acc=0.6988
[ep 082] val_sel AUC=0.8510 acc=0.7073
[ep 083] val_sel AUC=0.8511 acc=0.7167
[ep 084] val_sel AUC=0.8524 acc=0.7019
[ep 085] val_sel AUC=0.8470 acc=0.7087
[ep 086] val_sel AUC=0.8552 acc=0.7127
[ep 087] val_sel AUC=0.8557 acc=0.7203
[ep 088] val_sel AUC=0.8544 acc=0.7201
[ep 089] val_sel AUC=0.8535 acc=0.7176
[ep 090] val_sel AUC=0.8525 acc=0.7223
[ep 091] val_sel AUC=0.8547 acc=0.7223
[ep 092] val_sel AUC=0.8532 acc=0.7237
[ep 093] val_sel AUC=0.8531 acc=0.7232
[ep 094] val_sel AUC=0.8525 acc=0.7228
[ep 095] val_sel AUC=0.8523 acc=0.7228
[ep 096] val_sel AUC=0.8522 acc=0.7223
============================================================
TEST (best val_sel epoch, held-out, evaluated once)
============================================================
[DONE-QPE2] embed=butterfly model_III N=100 seed=45 test_AUC=0.8609 val_sel_AUC=0.8557 per_class=(axion=0.9138 cdm=0.7547 no_sub=0.9141) params=203652 embed_params=193 R_frob_drift=1.813481092453003
