[INFO] QPE2 D=64 P=8 depth=4 | embed=butterfly | data=model_II N/class=250 seed=59 split_seed=0 | params=203652 embed_params=193 lr=0.001 epochs=96 bs=32 | train(750, 64, 64) val_sel(4455, 64, 64) test(4455, 64, 64) device=cuda
[ep 001] val_sel AUC=0.4559 acc=0.3291
[ep 002] val_sel AUC=0.4769 acc=0.3237
[ep 003] val_sel AUC=0.4966 acc=0.3237
[ep 004] val_sel AUC=0.5149 acc=0.3291
[ep 005] val_sel AUC=0.5222 acc=0.3291
[ep 006] val_sel AUC=0.5275 acc=0.3237
[ep 007] val_sel AUC=0.5231 acc=0.3291
[ep 008] val_sel AUC=0.5235 acc=0.3473
[ep 009] val_sel AUC=0.5238 acc=0.3237
[ep 010] val_sel AUC=0.5246 acc=0.3405
[ep 011] val_sel AUC=0.5267 acc=0.3504
[ep 012] val_sel AUC=0.5278 acc=0.3459
[ep 013] val_sel AUC=0.5293 acc=0.3547
[ep 014] val_sel AUC=0.5328 acc=0.3464
[ep 015] val_sel AUC=0.5383 acc=0.3531
[ep 016] val_sel AUC=0.5423 acc=0.3544
[ep 017] val_sel AUC=0.5549 acc=0.3722
[ep 018] val_sel AUC=0.6214 acc=0.3975
[ep 019] val_sel AUC=0.6187 acc=0.4148
[ep 020] val_sel AUC=0.6248 acc=0.4447
[ep 021] val_sel AUC=0.6912 acc=0.5059
[ep 022] val_sel AUC=0.7320 acc=0.5392
[ep 023] val_sel AUC=0.7289 acc=0.5533
[ep 024] val_sel AUC=0.7877 acc=0.5890
[ep 025] val_sel AUC=0.7953 acc=0.6009
[ep 026] val_sel AUC=0.8048 acc=0.6346
[ep 027] val_sel AUC=0.8199 acc=0.6489
[ep 028] val_sel AUC=0.8284 acc=0.6579
[ep 029] val_sel AUC=0.8319 acc=0.6669
[ep 030] val_sel AUC=0.8314 acc=0.6712
[ep 031] val_sel AUC=0.8336 acc=0.6763
[ep 032] val_sel AUC=0.8333 acc=0.6750
[ep 033] val_sel AUC=0.7840 acc=0.5699
[ep 034] val_sel AUC=0.7979 acc=0.5964
[ep 035] val_sel AUC=0.8161 acc=0.6202
[ep 036] val_sel AUC=0.8142 acc=0.6352
[ep 037] val_sel AUC=0.7953 acc=0.6433
[ep 038] val_sel AUC=0.8519 acc=0.6923
[ep 039] val_sel AUC=0.8527 acc=0.6869
[ep 040] val_sel AUC=0.8452 acc=0.6927
[ep 041] val_sel AUC=0.8646 acc=0.7147
[ep 042] val_sel AUC=0.8519 acc=0.7098
[ep 043] val_sel AUC=0.8482 acc=0.6918
[ep 044] val_sel AUC=0.8342 acc=0.6469
[ep 045] val_sel AUC=0.8887 acc=0.7443
[ep 046] val_sel AUC=0.8913 acc=0.7479
[ep 047] val_sel AUC=0.8805 acc=0.7259
[ep 048] val_sel AUC=0.8675 acc=0.7331
[ep 049] val_sel AUC=0.8716 acc=0.7073
[ep 050] val_sel AUC=0.8826 acc=0.7192
[ep 051] val_sel AUC=0.8864 acc=0.7562
[ep 052] val_sel AUC=0.8855 acc=0.7329
[ep 053] val_sel AUC=0.8871 acc=0.7490
[ep 054] val_sel AUC=0.8854 acc=0.7300
[ep 055] val_sel AUC=0.8921 acc=0.7567
[ep 056] val_sel AUC=0.8832 acc=0.7327
[ep 057] val_sel AUC=0.8863 acc=0.7383
[ep 058] val_sel AUC=0.8856 acc=0.7338
[ep 059] val_sel AUC=0.9093 acc=0.8029
[ep 060] val_sel AUC=0.8945 acc=0.7441
[ep 061] val_sel AUC=0.9048 acc=0.7657
[ep 062] val_sel AUC=0.8650 acc=0.7273
[ep 063] val_sel AUC=0.9025 acc=0.7820
[ep 064] val_sel AUC=0.9111 acc=0.7890
[ep 065] val_sel AUC=0.9087 acc=0.7737
[ep 066] val_sel AUC=0.9133 acc=0.8092
[ep 067] val_sel AUC=0.9197 acc=0.8184
[ep 068] val_sel AUC=0.8912 acc=0.7544
[ep 069] val_sel AUC=0.8951 acc=0.7933
[ep 070] val_sel AUC=0.9207 acc=0.8202
[ep 071] val_sel AUC=0.9005 acc=0.7538
[ep 072] val_sel AUC=0.9149 acc=0.8054
[ep 073] val_sel AUC=0.9024 acc=0.7737
[ep 074] val_sel AUC=0.9182 acc=0.8128
[ep 075] val_sel AUC=0.9209 acc=0.8247
[ep 076] val_sel AUC=0.9207 acc=0.8267
[ep 077] val_sel AUC=0.9166 acc=0.8189
[ep 078] val_sel AUC=0.9166 acc=0.7919
[ep 079] val_sel AUC=0.9185 acc=0.8155
[ep 080] val_sel AUC=0.9171 acc=0.8213
[ep 081] val_sel AUC=0.9162 acc=0.8155
[ep 082] val_sel AUC=0.9206 acc=0.8242
[ep 083] val_sel AUC=0.9200 acc=0.8233
[ep 084] val_sel AUC=0.9223 acc=0.8258
[ep 085] val_sel AUC=0.9198 acc=0.8265
[ep 086] val_sel AUC=0.9225 acc=0.8242
[ep 087] val_sel AUC=0.9217 acc=0.8267
[ep 088] val_sel AUC=0.9223 acc=0.8287
[ep 089] val_sel AUC=0.9222 acc=0.8278
[ep 090] val_sel AUC=0.9216 acc=0.8272
[ep 091] val_sel AUC=0.9216 acc=0.8229
[ep 092] val_sel AUC=0.9218 acc=0.8260
[ep 093] val_sel AUC=0.9218 acc=0.8242
[ep 094] val_sel AUC=0.9217 acc=0.8245
[ep 095] val_sel AUC=0.9216 acc=0.8245
[ep 096] val_sel AUC=0.9216 acc=0.8238
============================================================
TEST (best val_sel epoch, held-out, evaluated once)
============================================================
[DONE-QPE2] embed=butterfly model_II N=250 seed=59 test_AUC=0.9247 val_sel_AUC=0.9225 per_class=(axion=0.9306 cdm=0.8635 no_sub=0.9801) params=203652 embed_params=193 R_frob_drift=1.8388670682907104
