[INFO] QPE2 D=64 P=8 depth=4 | embed=butterfly | data=model_III N/class=100 seed=42 split_seed=0 | params=203652 embed_params=193 lr=0.001 epochs=96 bs=32 | train(300, 64, 64) val_sel(4469, 64, 64) test(4470, 64, 64) device=cuda
[ep 001] val_sel AUC=0.5657 acc=0.3283
[ep 002] val_sel AUC=0.5732 acc=0.3433
[ep 003] val_sel AUC=0.5666 acc=0.3285
[ep 004] val_sel AUC=0.5587 acc=0.3433
[ep 005] val_sel AUC=0.5553 acc=0.3283
[ep 006] val_sel AUC=0.5346 acc=0.3285
[ep 007] val_sel AUC=0.5368 acc=0.3283
[ep 008] val_sel AUC=0.5352 acc=0.3433
[ep 009] val_sel AUC=0.5377 acc=0.3502
[ep 010] val_sel AUC=0.5284 acc=0.3392
[ep 011] val_sel AUC=0.5331 acc=0.3419
[ep 012] val_sel AUC=0.5307 acc=0.3430
[ep 013] val_sel AUC=0.5293 acc=0.3410
[ep 014] val_sel AUC=0.5282 acc=0.3383
[ep 015] val_sel AUC=0.5327 acc=0.3520
[ep 016] val_sel AUC=0.5323 acc=0.3495
[ep 017] val_sel AUC=0.5324 acc=0.3549
[ep 018] val_sel AUC=0.5364 acc=0.3580
[ep 019] val_sel AUC=0.5425 acc=0.3632
[ep 020] val_sel AUC=0.5497 acc=0.3692
[ep 021] val_sel AUC=0.5548 acc=0.3549
[ep 022] val_sel AUC=0.5649 acc=0.3873
[ep 023] val_sel AUC=0.5794 acc=0.3999
[ep 024] val_sel AUC=0.5869 acc=0.4106
[ep 025] val_sel AUC=0.6054 acc=0.4184
[ep 026] val_sel AUC=0.5992 acc=0.4019
[ep 027] val_sel AUC=0.6253 acc=0.4410
[ep 028] val_sel AUC=0.6450 acc=0.4520
[ep 029] val_sel AUC=0.6615 acc=0.4616
[ep 030] val_sel AUC=0.6794 acc=0.4742
[ep 031] val_sel AUC=0.6841 acc=0.4836
[ep 032] val_sel AUC=0.6858 acc=0.4849
[ep 033] val_sel AUC=0.6612 acc=0.4059
[ep 034] val_sel AUC=0.6608 acc=0.4386
[ep 035] val_sel AUC=0.7098 acc=0.4498
[ep 036] val_sel AUC=0.7231 acc=0.3544
[ep 037] val_sel AUC=0.6689 acc=0.4659
[ep 038] val_sel AUC=0.6771 acc=0.3549
[ep 039] val_sel AUC=0.6526 acc=0.3676
[ep 040] val_sel AUC=0.6946 acc=0.5019
[ep 041] val_sel AUC=0.7314 acc=0.4985
[ep 042] val_sel AUC=0.7645 acc=0.5845
[ep 043] val_sel AUC=0.6548 acc=0.3867
[ep 044] val_sel AUC=0.6686 acc=0.4213
[ep 045] val_sel AUC=0.7349 acc=0.5641
[ep 046] val_sel AUC=0.7492 acc=0.5429
[ep 047] val_sel AUC=0.7468 acc=0.5637
[ep 048] val_sel AUC=0.7386 acc=0.4802
[ep 049] val_sel AUC=0.6390 acc=0.3876
[ep 050] val_sel AUC=0.6896 acc=0.4844
[ep 051] val_sel AUC=0.7402 acc=0.5668
[ep 052] val_sel AUC=0.7927 acc=0.6308
[ep 053] val_sel AUC=0.7961 acc=0.5968
[ep 054] val_sel AUC=0.7988 acc=0.5809
[ep 055] val_sel AUC=0.7940 acc=0.6328
[ep 056] val_sel AUC=0.7984 acc=0.6171
[ep 057] val_sel AUC=0.8031 acc=0.6335
[ep 058] val_sel AUC=0.8191 acc=0.6303
[ep 059] val_sel AUC=0.8502 acc=0.6950
[ep 060] val_sel AUC=0.8365 acc=0.6512
[ep 061] val_sel AUC=0.8571 acc=0.6912
[ep 062] val_sel AUC=0.8428 acc=0.6968
[ep 063] val_sel AUC=0.8734 acc=0.7066
[ep 064] val_sel AUC=0.8729 acc=0.7288
[ep 065] val_sel AUC=0.8678 acc=0.7228
[ep 066] val_sel AUC=0.8604 acc=0.6925
[ep 067] val_sel AUC=0.8656 acc=0.7172
[ep 068] val_sel AUC=0.8751 acc=0.7111
[ep 069] val_sel AUC=0.8733 acc=0.7015
[ep 070] val_sel AUC=0.8936 acc=0.7451
[ep 071] val_sel AUC=0.8855 acc=0.7330
[ep 072] val_sel AUC=0.8888 acc=0.7355
[ep 073] val_sel AUC=0.8571 acc=0.7058
[ep 074] val_sel AUC=0.8830 acc=0.7310
[ep 075] val_sel AUC=0.8812 acc=0.7288
[ep 076] val_sel AUC=0.8887 acc=0.7471
[ep 077] val_sel AUC=0.9009 acc=0.7621
[ep 078] val_sel AUC=0.8932 acc=0.7557
[ep 079] val_sel AUC=0.8761 acc=0.7028
[ep 080] val_sel AUC=0.9006 acc=0.7738
[ep 081] val_sel AUC=0.8997 acc=0.7671
[ep 082] val_sel AUC=0.8822 acc=0.7203
[ep 083] val_sel AUC=0.9008 acc=0.7697
[ep 084] val_sel AUC=0.9028 acc=0.7729
[ep 085] val_sel AUC=0.8996 acc=0.7617
[ep 086] val_sel AUC=0.8996 acc=0.7691
[ep 087] val_sel AUC=0.9022 acc=0.7742
[ep 088] val_sel AUC=0.8978 acc=0.7639
[ep 089] val_sel AUC=0.9004 acc=0.7704
[ep 090] val_sel AUC=0.9014 acc=0.7729
[ep 091] val_sel AUC=0.9011 acc=0.7713
[ep 092] val_sel AUC=0.9002 acc=0.7702
[ep 093] val_sel AUC=0.9002 acc=0.7693
[ep 094] val_sel AUC=0.9003 acc=0.7700
[ep 095] val_sel AUC=0.9007 acc=0.7709
[ep 096] val_sel AUC=0.9008 acc=0.7711
============================================================
TEST (best val_sel epoch, held-out, evaluated once)
============================================================
[DONE-QPE2] embed=butterfly model_III N=100 seed=42 test_AUC=0.8971 val_sel_AUC=0.9028 per_class=(axion=0.9254 cdm=0.8054 no_sub=0.9606) params=203652 embed_params=193 R_frob_drift=1.3512691259384155
