[INFO] QPE2 D=64 P=8 depth=4 | embed=butterfly | data=model_III N/class=100 seed=49 split_seed=0 | params=203652 embed_params=193 lr=0.001 epochs=96 bs=32 | train(300, 64, 64) val_sel(4469, 64, 64) test(4470, 64, 64) device=cuda
[ep 001] val_sel AUC=0.5518 acc=0.3433
[ep 002] val_sel AUC=0.5707 acc=0.3283
[ep 003] val_sel AUC=0.5740 acc=0.3433
[ep 004] val_sel AUC=0.5774 acc=0.3285
[ep 005] val_sel AUC=0.5757 acc=0.3433
[ep 006] val_sel AUC=0.5796 acc=0.3283
[ep 007] val_sel AUC=0.5741 acc=0.3576
[ep 008] val_sel AUC=0.5730 acc=0.3576
[ep 009] val_sel AUC=0.5762 acc=0.3283
[ep 010] val_sel AUC=0.5764 acc=0.3285
[ep 011] val_sel AUC=0.5674 acc=0.3433
[ep 012] val_sel AUC=0.5734 acc=0.3323
[ep 013] val_sel AUC=0.5769 acc=0.3285
[ep 014] val_sel AUC=0.5742 acc=0.3406
[ep 015] val_sel AUC=0.5587 acc=0.3513
[ep 016] val_sel AUC=0.5524 acc=0.3576
[ep 017] val_sel AUC=0.5543 acc=0.3591
[ep 018] val_sel AUC=0.5578 acc=0.3511
[ep 019] val_sel AUC=0.5568 acc=0.3562
[ep 020] val_sel AUC=0.5587 acc=0.3647
[ep 021] val_sel AUC=0.5538 acc=0.3520
[ep 022] val_sel AUC=0.5547 acc=0.3650
[ep 023] val_sel AUC=0.5549 acc=0.3578
[ep 024] val_sel AUC=0.5588 acc=0.3665
[ep 025] val_sel AUC=0.5608 acc=0.3703
[ep 026] val_sel AUC=0.5611 acc=0.3706
[ep 027] val_sel AUC=0.5611 acc=0.3683
[ep 028] val_sel AUC=0.5614 acc=0.3661
[ep 029] val_sel AUC=0.5607 acc=0.3663
[ep 030] val_sel AUC=0.5606 acc=0.3656
[ep 031] val_sel AUC=0.5608 acc=0.3661
[ep 032] val_sel AUC=0.5608 acc=0.3659
[ep 033] val_sel AUC=0.5695 acc=0.3616
[ep 034] val_sel AUC=0.5885 acc=0.3594
[ep 035] val_sel AUC=0.5808 acc=0.3719
[ep 036] val_sel AUC=0.6033 acc=0.3831
[ep 037] val_sel AUC=0.6549 acc=0.4605
[ep 038] val_sel AUC=0.6621 acc=0.4274
[ep 039] val_sel AUC=0.6375 acc=0.4258
[ep 040] val_sel AUC=0.7143 acc=0.4950
[ep 041] val_sel AUC=0.7235 acc=0.5122
[ep 042] val_sel AUC=0.7211 acc=0.5023
[ep 043] val_sel AUC=0.6639 acc=0.4565
[ep 044] val_sel AUC=0.7517 acc=0.5451
[ep 045] val_sel AUC=0.7807 acc=0.6039
[ep 046] val_sel AUC=0.8054 acc=0.6236
[ep 047] val_sel AUC=0.8110 acc=0.6230
[ep 048] val_sel AUC=0.8141 acc=0.5634
[ep 049] val_sel AUC=0.8087 acc=0.6243
[ep 050] val_sel AUC=0.8087 acc=0.6288
[ep 051] val_sel AUC=0.8185 acc=0.5735
[ep 052] val_sel AUC=0.8259 acc=0.6621
[ep 053] val_sel AUC=0.8349 acc=0.6565
[ep 054] val_sel AUC=0.8271 acc=0.5990
[ep 055] val_sel AUC=0.8174 acc=0.6418
[ep 056] val_sel AUC=0.8340 acc=0.6688
[ep 057] val_sel AUC=0.8373 acc=0.6086
[ep 058] val_sel AUC=0.8287 acc=0.6652
[ep 059] val_sel AUC=0.8495 acc=0.7058
[ep 060] val_sel AUC=0.8456 acc=0.6997
[ep 061] val_sel AUC=0.8444 acc=0.6751
[ep 062] val_sel AUC=0.8593 acc=0.7234
[ep 063] val_sel AUC=0.8479 acc=0.7028
[ep 064] val_sel AUC=0.8589 acc=0.7096
[ep 065] val_sel AUC=0.8459 acc=0.7190
[ep 066] val_sel AUC=0.8453 acc=0.6778
[ep 067] val_sel AUC=0.8593 acc=0.6997
[ep 068] val_sel AUC=0.8604 acc=0.7089
[ep 069] val_sel AUC=0.8508 acc=0.6997
[ep 070] val_sel AUC=0.8533 acc=0.6995
[ep 071] val_sel AUC=0.8630 acc=0.7369
[ep 072] val_sel AUC=0.8560 acc=0.7066
[ep 073] val_sel AUC=0.8605 acc=0.7216
[ep 074] val_sel AUC=0.8568 acc=0.7011
[ep 075] val_sel AUC=0.8515 acc=0.7033
[ep 076] val_sel AUC=0.8589 acc=0.7245
[ep 077] val_sel AUC=0.8474 acc=0.6838
[ep 078] val_sel AUC=0.8600 acc=0.7104
[ep 079] val_sel AUC=0.8590 acc=0.7190
[ep 080] val_sel AUC=0.8496 acc=0.6896
[ep 081] val_sel AUC=0.8593 acc=0.7252
[ep 082] val_sel AUC=0.8608 acc=0.7259
[ep 083] val_sel AUC=0.8565 acc=0.7145
[ep 084] val_sel AUC=0.8610 acc=0.7219
[ep 085] val_sel AUC=0.8612 acc=0.7216
[ep 086] val_sel AUC=0.8583 acc=0.7187
[ep 087] val_sel AUC=0.8584 acc=0.7225
[ep 088] val_sel AUC=0.8592 acc=0.7263
[ep 089] val_sel AUC=0.8585 acc=0.7252
[ep 090] val_sel AUC=0.8572 acc=0.7181
[ep 091] val_sel AUC=0.8576 acc=0.7185
[ep 092] val_sel AUC=0.8580 acc=0.7207
[ep 093] val_sel AUC=0.8584 acc=0.7223
[ep 094] val_sel AUC=0.8581 acc=0.7214
[ep 095] val_sel AUC=0.8580 acc=0.7194
[ep 096] val_sel AUC=0.8579 acc=0.7190
============================================================
TEST (best val_sel epoch, held-out, evaluated once)
============================================================
[DONE-QPE2] embed=butterfly model_III N=100 seed=49 test_AUC=0.8603 val_sel_AUC=0.8630 per_class=(axion=0.8979 cdm=0.7781 no_sub=0.9049) params=203652 embed_params=193 R_frob_drift=1.3420274257659912
