[INFO] QPE2 D=64 P=8 depth=4 | embed=butterfly | data=model_II N/class=100 seed=52 split_seed=0 | params=203652 embed_params=193 lr=0.001 epochs=96 bs=32 | train(300, 64, 64) val_sel(4455, 64, 64) test(4455, 64, 64) device=cuda
[ep 001] val_sel AUC=0.4765 acc=0.3473
[ep 002] val_sel AUC=0.4944 acc=0.3291
[ep 003] val_sel AUC=0.4931 acc=0.3237
[ep 004] val_sel AUC=0.4984 acc=0.3473
[ep 005] val_sel AUC=0.5084 acc=0.3291
[ep 006] val_sel AUC=0.5105 acc=0.3237
[ep 007] val_sel AUC=0.5124 acc=0.3237
[ep 008] val_sel AUC=0.5231 acc=0.3291
[ep 009] val_sel AUC=0.5258 acc=0.3291
[ep 010] val_sel AUC=0.5307 acc=0.3291
[ep 011] val_sel AUC=0.5307 acc=0.3237
[ep 012] val_sel AUC=0.5377 acc=0.3291
[ep 013] val_sel AUC=0.5419 acc=0.3291
[ep 014] val_sel AUC=0.5425 acc=0.3473
[ep 015] val_sel AUC=0.5494 acc=0.3291
[ep 016] val_sel AUC=0.5530 acc=0.3291
[ep 017] val_sel AUC=0.5518 acc=0.3237
[ep 018] val_sel AUC=0.5538 acc=0.3473
[ep 019] val_sel AUC=0.5544 acc=0.3291
[ep 020] val_sel AUC=0.5554 acc=0.3291
[ep 021] val_sel AUC=0.5527 acc=0.3237
[ep 022] val_sel AUC=0.5535 acc=0.3237
[ep 023] val_sel AUC=0.5549 acc=0.3473
[ep 024] val_sel AUC=0.5543 acc=0.3291
[ep 025] val_sel AUC=0.5543 acc=0.3291
[ep 026] val_sel AUC=0.5536 acc=0.3237
[ep 027] val_sel AUC=0.5541 acc=0.3291
[ep 028] val_sel AUC=0.5541 acc=0.3291
[ep 029] val_sel AUC=0.5540 acc=0.3291
[ep 030] val_sel AUC=0.5539 acc=0.3547
[ep 031] val_sel AUC=0.5538 acc=0.3758
[ep 032] val_sel AUC=0.5538 acc=0.3852
[ep 033] val_sel AUC=0.5518 acc=0.3291
[ep 034] val_sel AUC=0.5514 acc=0.3237
[ep 035] val_sel AUC=0.5518 acc=0.3291
[ep 036] val_sel AUC=0.5497 acc=0.3237
[ep 037] val_sel AUC=0.5531 acc=0.3291
[ep 038] val_sel AUC=0.5534 acc=0.3237
[ep 039] val_sel AUC=0.5552 acc=0.3291
[ep 040] val_sel AUC=0.5552 acc=0.3405
[ep 041] val_sel AUC=0.5513 acc=0.3684
[ep 042] val_sel AUC=0.5495 acc=0.3473
[ep 043] val_sel AUC=0.5512 acc=0.3614
[ep 044] val_sel AUC=0.5573 acc=0.3385
[ep 045] val_sel AUC=0.5521 acc=0.3448
[ep 046] val_sel AUC=0.5470 acc=0.3291
[ep 047] val_sel AUC=0.5458 acc=0.3614
[ep 048] val_sel AUC=0.5446 acc=0.3324
[ep 049] val_sel AUC=0.5424 acc=0.3497
[ep 050] val_sel AUC=0.5435 acc=0.3473
[ep 051] val_sel AUC=0.5478 acc=0.3708
[ep 052] val_sel AUC=0.5436 acc=0.3237
[ep 053] val_sel AUC=0.5469 acc=0.3517
[ep 054] val_sel AUC=0.5436 acc=0.3495
[ep 055] val_sel AUC=0.5483 acc=0.3486
[ep 056] val_sel AUC=0.5494 acc=0.3695
[ep 057] val_sel AUC=0.5605 acc=0.3863
[ep 058] val_sel AUC=0.5686 acc=0.3753
[ep 059] val_sel AUC=0.5732 acc=0.4173
[ep 060] val_sel AUC=0.5791 acc=0.4112
[ep 061] val_sel AUC=0.5815 acc=0.3823
[ep 062] val_sel AUC=0.5856 acc=0.3868
[ep 063] val_sel AUC=0.6130 acc=0.4420
[ep 064] val_sel AUC=0.6416 acc=0.4536
[ep 065] val_sel AUC=0.6576 acc=0.4150
[ep 066] val_sel AUC=0.6431 acc=0.4552
[ep 067] val_sel AUC=0.6621 acc=0.4530
[ep 068] val_sel AUC=0.6735 acc=0.4887
[ep 069] val_sel AUC=0.6874 acc=0.5100
[ep 070] val_sel AUC=0.7134 acc=0.5257
[ep 071] val_sel AUC=0.7247 acc=0.5250
[ep 072] val_sel AUC=0.7439 acc=0.5605
[ep 073] val_sel AUC=0.7287 acc=0.4999
[ep 074] val_sel AUC=0.7582 acc=0.5582
[ep 075] val_sel AUC=0.7488 acc=0.5580
[ep 076] val_sel AUC=0.7491 acc=0.5585
[ep 077] val_sel AUC=0.7673 acc=0.5751
[ep 078] val_sel AUC=0.7737 acc=0.5798
[ep 079] val_sel AUC=0.7865 acc=0.6103
[ep 080] val_sel AUC=0.7968 acc=0.6402
[ep 081] val_sel AUC=0.7984 acc=0.6132
[ep 082] val_sel AUC=0.8053 acc=0.6415
[ep 083] val_sel AUC=0.8105 acc=0.6467
[ep 084] val_sel AUC=0.8146 acc=0.6557
[ep 085] val_sel AUC=0.8156 acc=0.6554
[ep 086] val_sel AUC=0.8205 acc=0.6606
[ep 087] val_sel AUC=0.8165 acc=0.6507
[ep 088] val_sel AUC=0.8163 acc=0.6604
[ep 089] val_sel AUC=0.8241 acc=0.6696
[ep 090] val_sel AUC=0.8235 acc=0.6644
[ep 091] val_sel AUC=0.8226 acc=0.6649
[ep 092] val_sel AUC=0.8219 acc=0.6613
[ep 093] val_sel AUC=0.8228 acc=0.6631
[ep 094] val_sel AUC=0.8230 acc=0.6629
[ep 095] val_sel AUC=0.8230 acc=0.6631
[ep 096] val_sel AUC=0.8232 acc=0.6644
============================================================
TEST (best val_sel epoch, held-out, evaluated once)
============================================================
[DONE-QPE2] embed=butterfly model_II N=100 seed=52 test_AUC=0.8342 val_sel_AUC=0.8241 per_class=(axion=0.8776 cdm=0.7151 no_sub=0.9099) params=203652 embed_params=193 R_frob_drift=1.462704062461853
