[INFO] QPE2 D=64 P=8 depth=4 | embed=butterfly | data=model_III N/class=100 seed=47 split_seed=0 | params=203652 embed_params=193 lr=0.001 epochs=96 bs=32 | train(300, 64, 64) val_sel(4469, 64, 64) test(4470, 64, 64) device=cuda
[ep 001] val_sel AUC=0.5399 acc=0.3283
[ep 002] val_sel AUC=0.5303 acc=0.3285
[ep 003] val_sel AUC=0.5383 acc=0.3433
[ep 004] val_sel AUC=0.5431 acc=0.3285
[ep 005] val_sel AUC=0.5462 acc=0.3433
[ep 006] val_sel AUC=0.5507 acc=0.3283
[ep 007] val_sel AUC=0.5588 acc=0.3285
[ep 008] val_sel AUC=0.5667 acc=0.3663
[ep 009] val_sel AUC=0.5723 acc=0.3433
[ep 010] val_sel AUC=0.5743 acc=0.3283
[ep 011] val_sel AUC=0.5757 acc=0.3285
[ep 012] val_sel AUC=0.5735 acc=0.3433
[ep 013] val_sel AUC=0.5758 acc=0.3285
[ep 014] val_sel AUC=0.5742 acc=0.3283
[ep 015] val_sel AUC=0.5724 acc=0.3433
[ep 016] val_sel AUC=0.5720 acc=0.3433
[ep 017] val_sel AUC=0.5733 acc=0.3450
[ep 018] val_sel AUC=0.5696 acc=0.3399
[ep 019] val_sel AUC=0.5711 acc=0.3350
[ep 020] val_sel AUC=0.5717 acc=0.3433
[ep 021] val_sel AUC=0.5732 acc=0.3441
[ep 022] val_sel AUC=0.5702 acc=0.3533
[ep 023] val_sel AUC=0.5720 acc=0.3701
[ep 024] val_sel AUC=0.5722 acc=0.3795
[ep 025] val_sel AUC=0.5714 acc=0.3878
[ep 026] val_sel AUC=0.5717 acc=0.3791
[ep 027] val_sel AUC=0.5725 acc=0.3779
[ep 028] val_sel AUC=0.5730 acc=0.3766
[ep 029] val_sel AUC=0.5735 acc=0.3782
[ep 030] val_sel AUC=0.5736 acc=0.3753
[ep 031] val_sel AUC=0.5738 acc=0.3761
[ep 032] val_sel AUC=0.5738 acc=0.3766
[ep 033] val_sel AUC=0.5809 acc=0.3858
[ep 034] val_sel AUC=0.6221 acc=0.3994
[ep 035] val_sel AUC=0.6142 acc=0.4126
[ep 036] val_sel AUC=0.6122 acc=0.3994
[ep 037] val_sel AUC=0.6407 acc=0.4218
[ep 038] val_sel AUC=0.7146 acc=0.5238
[ep 039] val_sel AUC=0.7245 acc=0.5032
[ep 040] val_sel AUC=0.7142 acc=0.4930
[ep 041] val_sel AUC=0.7383 acc=0.5370
[ep 042] val_sel AUC=0.7370 acc=0.5272
[ep 043] val_sel AUC=0.7733 acc=0.5413
[ep 044] val_sel AUC=0.7816 acc=0.5811
[ep 045] val_sel AUC=0.7870 acc=0.5907
[ep 046] val_sel AUC=0.7965 acc=0.6048
[ep 047] val_sel AUC=0.7944 acc=0.6288
[ep 048] val_sel AUC=0.7909 acc=0.5972
[ep 049] val_sel AUC=0.8065 acc=0.6245
[ep 050] val_sel AUC=0.8166 acc=0.6456
[ep 051] val_sel AUC=0.7982 acc=0.5923
[ep 052] val_sel AUC=0.7902 acc=0.6098
[ep 053] val_sel AUC=0.8140 acc=0.6411
[ep 054] val_sel AUC=0.8417 acc=0.6910
[ep 055] val_sel AUC=0.8227 acc=0.6158
[ep 056] val_sel AUC=0.8282 acc=0.6673
[ep 057] val_sel AUC=0.8462 acc=0.6793
[ep 058] val_sel AUC=0.8535 acc=0.6955
[ep 059] val_sel AUC=0.8382 acc=0.6646
[ep 060] val_sel AUC=0.8487 acc=0.6811
[ep 061] val_sel AUC=0.8510 acc=0.6742
[ep 062] val_sel AUC=0.8496 acc=0.6999
[ep 063] val_sel AUC=0.8413 acc=0.6469
[ep 064] val_sel AUC=0.8534 acc=0.7093
[ep 065] val_sel AUC=0.8544 acc=0.7002
[ep 066] val_sel AUC=0.8662 acc=0.7366
[ep 067] val_sel AUC=0.8734 acc=0.7400
[ep 068] val_sel AUC=0.8715 acc=0.7395
[ep 069] val_sel AUC=0.8766 acc=0.7492
[ep 070] val_sel AUC=0.8747 acc=0.7487
[ep 071] val_sel AUC=0.8735 acc=0.7393
[ep 072] val_sel AUC=0.8591 acc=0.6970
[ep 073] val_sel AUC=0.8588 acc=0.7147
[ep 074] val_sel AUC=0.8475 acc=0.7104
[ep 075] val_sel AUC=0.8690 acc=0.7375
[ep 076] val_sel AUC=0.8764 acc=0.7467
[ep 077] val_sel AUC=0.8753 acc=0.7521
[ep 078] val_sel AUC=0.8777 acc=0.7525
[ep 079] val_sel AUC=0.8752 acc=0.7420
[ep 080] val_sel AUC=0.8803 acc=0.7523
[ep 081] val_sel AUC=0.8761 acc=0.7530
[ep 082] val_sel AUC=0.8799 acc=0.7586
[ep 083] val_sel AUC=0.8760 acc=0.7496
[ep 084] val_sel AUC=0.8789 acc=0.7536
[ep 085] val_sel AUC=0.8781 acc=0.7568
[ep 086] val_sel AUC=0.8791 acc=0.7557
[ep 087] val_sel AUC=0.8795 acc=0.7525
[ep 088] val_sel AUC=0.8783 acc=0.7583
[ep 089] val_sel AUC=0.8783 acc=0.7545
[ep 090] val_sel AUC=0.8786 acc=0.7577
[ep 091] val_sel AUC=0.8774 acc=0.7550
[ep 092] val_sel AUC=0.8784 acc=0.7572
[ep 093] val_sel AUC=0.8777 acc=0.7559
[ep 094] val_sel AUC=0.8778 acc=0.7565
[ep 095] val_sel AUC=0.8778 acc=0.7568
[ep 096] val_sel AUC=0.8778 acc=0.7572
============================================================
TEST (best val_sel epoch, held-out, evaluated once)
============================================================
[DONE-QPE2] embed=butterfly model_III N=100 seed=47 test_AUC=0.8876 val_sel_AUC=0.8803 per_class=(axion=0.9200 cdm=0.7978 no_sub=0.9452) params=203652 embed_params=193 R_frob_drift=1.7202579975128174
