[INFO] QPE2 D=64 P=8 depth=4 | embed=butterfly | data=model_II N/class=250 seed=61 split_seed=0 | params=203652 embed_params=193 lr=0.001 epochs=96 bs=32 | train(750, 64, 64) val_sel(4455, 64, 64) test(4455, 64, 64) device=cuda
[ep 001] val_sel AUC=0.5430 acc=0.3291
[ep 002] val_sel AUC=0.5504 acc=0.3291
[ep 003] val_sel AUC=0.5469 acc=0.3237
[ep 004] val_sel AUC=0.5408 acc=0.3237
[ep 005] val_sel AUC=0.5408 acc=0.3291
[ep 006] val_sel AUC=0.5342 acc=0.3473
[ep 007] val_sel AUC=0.5277 acc=0.3473
[ep 008] val_sel AUC=0.5215 acc=0.3412
[ep 009] val_sel AUC=0.5217 acc=0.3270
[ep 010] val_sel AUC=0.5228 acc=0.3524
[ep 011] val_sel AUC=0.5233 acc=0.3560
[ep 012] val_sel AUC=0.5267 acc=0.3461
[ep 013] val_sel AUC=0.5324 acc=0.3407
[ep 014] val_sel AUC=0.5555 acc=0.3412
[ep 015] val_sel AUC=0.6121 acc=0.3776
[ep 016] val_sel AUC=0.7308 acc=0.5246
[ep 017] val_sel AUC=0.7579 acc=0.5677
[ep 018] val_sel AUC=0.7859 acc=0.5892
[ep 019] val_sel AUC=0.8040 acc=0.6263
[ep 020] val_sel AUC=0.8466 acc=0.6891
[ep 021] val_sel AUC=0.8493 acc=0.6788
[ep 022] val_sel AUC=0.8719 acc=0.7147
[ep 023] val_sel AUC=0.8785 acc=0.7345
[ep 024] val_sel AUC=0.8696 acc=0.6954
[ep 025] val_sel AUC=0.8703 acc=0.7199
[ep 026] val_sel AUC=0.8829 acc=0.7333
[ep 027] val_sel AUC=0.8900 acc=0.7475
[ep 028] val_sel AUC=0.8930 acc=0.7549
[ep 029] val_sel AUC=0.8929 acc=0.7567
[ep 030] val_sel AUC=0.8924 acc=0.7486
[ep 031] val_sel AUC=0.8934 acc=0.7542
[ep 032] val_sel AUC=0.8935 acc=0.7544
[ep 033] val_sel AUC=0.8819 acc=0.7439
[ep 034] val_sel AUC=0.8765 acc=0.7378
[ep 035] val_sel AUC=0.8254 acc=0.6137
[ep 036] val_sel AUC=0.8882 acc=0.7443
[ep 037] val_sel AUC=0.8771 acc=0.7300
[ep 038] val_sel AUC=0.8713 acc=0.6965
[ep 039] val_sel AUC=0.8986 acc=0.7630
[ep 040] val_sel AUC=0.8803 acc=0.7125
[ep 041] val_sel AUC=0.8778 acc=0.7120
[ep 042] val_sel AUC=0.8396 acc=0.6007
[ep 043] val_sel AUC=0.8952 acc=0.7574
[ep 044] val_sel AUC=0.8870 acc=0.7490
[ep 045] val_sel AUC=0.9088 acc=0.7975
[ep 046] val_sel AUC=0.9046 acc=0.7609
[ep 047] val_sel AUC=0.8798 acc=0.7226
[ep 048] val_sel AUC=0.8923 acc=0.7248
[ep 049] val_sel AUC=0.9073 acc=0.7627
[ep 050] val_sel AUC=0.9023 acc=0.7641
[ep 051] val_sel AUC=0.8939 acc=0.7578
[ep 052] val_sel AUC=0.8939 acc=0.7473
[ep 053] val_sel AUC=0.9151 acc=0.8061
[ep 054] val_sel AUC=0.9079 acc=0.7872
[ep 055] val_sel AUC=0.9051 acc=0.7886
[ep 056] val_sel AUC=0.8995 acc=0.7486
[ep 057] val_sel AUC=0.9005 acc=0.7818
[ep 058] val_sel AUC=0.8768 acc=0.7311
[ep 059] val_sel AUC=0.9121 acc=0.7771
[ep 060] val_sel AUC=0.8986 acc=0.7596
[ep 061] val_sel AUC=0.9190 acc=0.7877
[ep 062] val_sel AUC=0.9224 acc=0.8004
[ep 063] val_sel AUC=0.8996 acc=0.7513
[ep 064] val_sel AUC=0.8409 acc=0.6698
[ep 065] val_sel AUC=0.8984 acc=0.7327
[ep 066] val_sel AUC=0.9084 acc=0.7863
[ep 067] val_sel AUC=0.9170 acc=0.7944
[ep 068] val_sel AUC=0.9213 acc=0.8047
[ep 069] val_sel AUC=0.9185 acc=0.8117
[ep 070] val_sel AUC=0.9150 acc=0.8054
[ep 071] val_sel AUC=0.9026 acc=0.7475
[ep 072] val_sel AUC=0.9186 acc=0.8065
[ep 073] val_sel AUC=0.9199 acc=0.8126
[ep 074] val_sel AUC=0.9211 acc=0.8162
[ep 075] val_sel AUC=0.9216 acc=0.8047
[ep 076] val_sel AUC=0.9238 acc=0.8166
[ep 077] val_sel AUC=0.9219 acc=0.8148
[ep 078] val_sel AUC=0.9221 acc=0.8079
[ep 079] val_sel AUC=0.9220 acc=0.8193
[ep 080] val_sel AUC=0.9194 acc=0.8139
[ep 081] val_sel AUC=0.9241 acc=0.8236
[ep 082] val_sel AUC=0.9240 acc=0.8233
[ep 083] val_sel AUC=0.9242 acc=0.8301
[ep 084] val_sel AUC=0.9209 acc=0.8200
[ep 085] val_sel AUC=0.9214 acc=0.8195
[ep 086] val_sel AUC=0.9223 acc=0.8182
[ep 087] val_sel AUC=0.9225 acc=0.8191
[ep 088] val_sel AUC=0.9232 acc=0.8233
[ep 089] val_sel AUC=0.9230 acc=0.8245
[ep 090] val_sel AUC=0.9227 acc=0.8242
[ep 091] val_sel AUC=0.9222 acc=0.8220
[ep 092] val_sel AUC=0.9220 acc=0.8238
[ep 093] val_sel AUC=0.9223 acc=0.8240
[ep 094] val_sel AUC=0.9220 acc=0.8242
[ep 095] val_sel AUC=0.9220 acc=0.8238
[ep 096] val_sel AUC=0.9220 acc=0.8236
============================================================
TEST (best val_sel epoch, held-out, evaluated once)
============================================================
[DONE-QPE2] embed=butterfly model_II N=250 seed=61 test_AUC=0.9271 val_sel_AUC=0.9242 per_class=(axion=0.9421 cdm=0.8647 no_sub=0.9746) params=203652 embed_params=193 R_frob_drift=1.7063592672348022
