[INFO] QPE2 D=64 P=8 depth=4 | embed=butterfly | data=model_III N/class=250 seed=61 split_seed=0 | params=203652 embed_params=193 lr=0.001 epochs=96 bs=32 | train(750, 64, 64) val_sel(4469, 64, 64) test(4470, 64, 64) device=cuda
[ep 001] val_sel AUC=0.5488 acc=0.3437
[ep 002] val_sel AUC=0.5600 acc=0.3283
[ep 003] val_sel AUC=0.5637 acc=0.3285
[ep 004] val_sel AUC=0.5524 acc=0.3285
[ep 005] val_sel AUC=0.5461 acc=0.3283
[ep 006] val_sel AUC=0.5442 acc=0.3661
[ep 007] val_sel AUC=0.5501 acc=0.3629
[ep 008] val_sel AUC=0.5647 acc=0.3732
[ep 009] val_sel AUC=0.6070 acc=0.3717
[ep 010] val_sel AUC=0.6456 acc=0.4529
[ep 011] val_sel AUC=0.7805 acc=0.5934
[ep 012] val_sel AUC=0.8373 acc=0.6626
[ep 013] val_sel AUC=0.8509 acc=0.6652
[ep 014] val_sel AUC=0.8494 acc=0.6845
[ep 015] val_sel AUC=0.8354 acc=0.6261
[ep 016] val_sel AUC=0.8714 acc=0.7004
[ep 017] val_sel AUC=0.8842 acc=0.7313
[ep 018] val_sel AUC=0.8869 acc=0.7626
[ep 019] val_sel AUC=0.8700 acc=0.6574
[ep 020] val_sel AUC=0.8974 acc=0.7760
[ep 021] val_sel AUC=0.8992 acc=0.7427
[ep 022] val_sel AUC=0.8962 acc=0.7642
[ep 023] val_sel AUC=0.9035 acc=0.7982
[ep 024] val_sel AUC=0.9104 acc=0.8000
[ep 025] val_sel AUC=0.9117 acc=0.7845
[ep 026] val_sel AUC=0.9135 acc=0.8029
[ep 027] val_sel AUC=0.9214 acc=0.8205
[ep 028] val_sel AUC=0.9230 acc=0.8273
[ep 029] val_sel AUC=0.9234 acc=0.8246
[ep 030] val_sel AUC=0.9240 acc=0.8297
[ep 031] val_sel AUC=0.9254 acc=0.8335
[ep 032] val_sel AUC=0.9254 acc=0.8340
[ep 033] val_sel AUC=0.8991 acc=0.7908
[ep 034] val_sel AUC=0.8780 acc=0.7207
[ep 035] val_sel AUC=0.8802 acc=0.6903
[ep 036] val_sel AUC=0.9120 acc=0.7718
[ep 037] val_sel AUC=0.8639 acc=0.6684
[ep 038] val_sel AUC=0.9043 acc=0.7680
[ep 039] val_sel AUC=0.8962 acc=0.7671
[ep 040] val_sel AUC=0.8648 acc=0.6865
[ep 041] val_sel AUC=0.8903 acc=0.7510
[ep 042] val_sel AUC=0.8624 acc=0.6986
[ep 043] val_sel AUC=0.9057 acc=0.7382
[ep 044] val_sel AUC=0.9069 acc=0.7818
[ep 045] val_sel AUC=0.9093 acc=0.7369
[ep 046] val_sel AUC=0.8526 acc=0.6874
[ep 047] val_sel AUC=0.9132 acc=0.7715
[ep 048] val_sel AUC=0.9111 acc=0.7682
[ep 049] val_sel AUC=0.9219 acc=0.8185
[ep 050] val_sel AUC=0.8953 acc=0.7353
[ep 051] val_sel AUC=0.9048 acc=0.7391
[ep 052] val_sel AUC=0.8953 acc=0.7416
[ep 053] val_sel AUC=0.8978 acc=0.7521
[ep 054] val_sel AUC=0.9232 acc=0.8029
[ep 055] val_sel AUC=0.8971 acc=0.6827
[ep 056] val_sel AUC=0.9243 acc=0.8149
[ep 057] val_sel AUC=0.9256 acc=0.8105
[ep 058] val_sel AUC=0.9243 acc=0.8022
[ep 059] val_sel AUC=0.9081 acc=0.7897
[ep 060] val_sel AUC=0.9259 acc=0.8190
[ep 061] val_sel AUC=0.9261 acc=0.8087
[ep 062] val_sel AUC=0.9234 acc=0.8062
[ep 063] val_sel AUC=0.9235 acc=0.8111
[ep 064] val_sel AUC=0.9232 acc=0.8145
[ep 065] val_sel AUC=0.9242 acc=0.7966
[ep 066] val_sel AUC=0.9233 acc=0.8060
[ep 067] val_sel AUC=0.9303 acc=0.8346
[ep 068] val_sel AUC=0.9302 acc=0.8080
[ep 069] val_sel AUC=0.9348 acc=0.8328
[ep 070] val_sel AUC=0.9112 acc=0.7630
[ep 071] val_sel AUC=0.9185 acc=0.8060
[ep 072] val_sel AUC=0.9261 acc=0.7932
[ep 073] val_sel AUC=0.9337 acc=0.8422
[ep 074] val_sel AUC=0.9269 acc=0.8089
[ep 075] val_sel AUC=0.9269 acc=0.8067
[ep 076] val_sel AUC=0.9348 acc=0.8353
[ep 077] val_sel AUC=0.9337 acc=0.8286
[ep 078] val_sel AUC=0.9331 acc=0.8445
[ep 079] val_sel AUC=0.9312 acc=0.8360
[ep 080] val_sel AUC=0.9353 acc=0.8364
[ep 081] val_sel AUC=0.9278 acc=0.8290
[ep 082] val_sel AUC=0.9333 acc=0.8449
[ep 083] val_sel AUC=0.9311 acc=0.8342
[ep 084] val_sel AUC=0.9335 acc=0.8420
[ep 085] val_sel AUC=0.9304 acc=0.8438
[ep 086] val_sel AUC=0.9321 acc=0.8452
[ep 087] val_sel AUC=0.9308 acc=0.8384
[ep 088] val_sel AUC=0.9316 acc=0.8458
[ep 089] val_sel AUC=0.9316 acc=0.8458
[ep 090] val_sel AUC=0.9309 acc=0.8431
[ep 091] val_sel AUC=0.9316 acc=0.8440
[ep 092] val_sel AUC=0.9314 acc=0.8452
[ep 093] val_sel AUC=0.9312 acc=0.8452
[ep 094] val_sel AUC=0.9311 acc=0.8458
[ep 095] val_sel AUC=0.9310 acc=0.8456
[ep 096] val_sel AUC=0.9310 acc=0.8454
============================================================
TEST (best val_sel epoch, held-out, evaluated once)
============================================================
[DONE-QPE2] embed=butterfly model_III N=250 seed=61 test_AUC=0.9313 val_sel_AUC=0.9353 per_class=(axion=0.9449 cdm=0.8729 no_sub=0.9759) params=203652 embed_params=193 R_frob_drift=2.2977654933929443
