[INFO] QPE2 D=64 P=8 depth=4 | embed=butterfly | data=model_III N/class=250 seed=47 split_seed=0 | params=203652 embed_params=193 lr=0.001 epochs=96 bs=32 | train(750, 64, 64) val_sel(4469, 64, 64) test(4470, 64, 64) device=cuda
[ep 001] val_sel AUC=0.5297 acc=0.3433
[ep 002] val_sel AUC=0.5315 acc=0.3285
[ep 003] val_sel AUC=0.5298 acc=0.3285
[ep 004] val_sel AUC=0.5215 acc=0.3372
[ep 005] val_sel AUC=0.5209 acc=0.3433
[ep 006] val_sel AUC=0.5273 acc=0.3471
[ep 007] val_sel AUC=0.5549 acc=0.3585
[ep 008] val_sel AUC=0.7034 acc=0.4390
[ep 009] val_sel AUC=0.8093 acc=0.6319
[ep 010] val_sel AUC=0.7946 acc=0.6169
[ep 011] val_sel AUC=0.8239 acc=0.6346
[ep 012] val_sel AUC=0.8074 acc=0.6062
[ep 013] val_sel AUC=0.8836 acc=0.7295
[ep 014] val_sel AUC=0.8420 acc=0.6462
[ep 015] val_sel AUC=0.8882 acc=0.7250
[ep 016] val_sel AUC=0.8868 acc=0.7351
[ep 017] val_sel AUC=0.9059 acc=0.7785
[ep 018] val_sel AUC=0.9050 acc=0.7809
[ep 019] val_sel AUC=0.8905 acc=0.7639
[ep 020] val_sel AUC=0.9165 acc=0.7953
[ep 021] val_sel AUC=0.9182 acc=0.7859
[ep 022] val_sel AUC=0.9228 acc=0.7865
[ep 023] val_sel AUC=0.9253 acc=0.8149
[ep 024] val_sel AUC=0.9279 acc=0.8192
[ep 025] val_sel AUC=0.9287 acc=0.8221
[ep 026] val_sel AUC=0.9313 acc=0.8252
[ep 027] val_sel AUC=0.9277 acc=0.8172
[ep 028] val_sel AUC=0.9278 acc=0.8190
[ep 029] val_sel AUC=0.9326 acc=0.8259
[ep 030] val_sel AUC=0.9328 acc=0.8306
[ep 031] val_sel AUC=0.9333 acc=0.8311
[ep 032] val_sel AUC=0.9334 acc=0.8322
[ep 033] val_sel AUC=0.8227 acc=0.6086
[ep 034] val_sel AUC=0.8869 acc=0.7339
[ep 035] val_sel AUC=0.9064 acc=0.7715
[ep 036] val_sel AUC=0.8963 acc=0.7458
[ep 037] val_sel AUC=0.9175 acc=0.7910
[ep 038] val_sel AUC=0.9225 acc=0.8080
[ep 039] val_sel AUC=0.9096 acc=0.7718
[ep 040] val_sel AUC=0.9230 acc=0.8013
[ep 041] val_sel AUC=0.8891 acc=0.7485
[ep 042] val_sel AUC=0.9134 acc=0.7832
[ep 043] val_sel AUC=0.9335 acc=0.8158
[ep 044] val_sel AUC=0.9072 acc=0.7391
[ep 045] val_sel AUC=0.7148 acc=0.5035
[ep 046] val_sel AUC=0.8266 acc=0.6594
[ep 047] val_sel AUC=0.8700 acc=0.6970
[ep 048] val_sel AUC=0.9014 acc=0.7579
[ep 049] val_sel AUC=0.9242 acc=0.8009
[ep 050] val_sel AUC=0.9238 acc=0.7865
[ep 051] val_sel AUC=0.9284 acc=0.8163
[ep 052] val_sel AUC=0.9256 acc=0.8006
[ep 053] val_sel AUC=0.9328 acc=0.8120
[ep 054] val_sel AUC=0.9281 acc=0.7932
[ep 055] val_sel AUC=0.9187 acc=0.7888
[ep 056] val_sel AUC=0.9291 acc=0.8136
[ep 057] val_sel AUC=0.9170 acc=0.7973
[ep 058] val_sel AUC=0.9375 acc=0.8344
[ep 059] val_sel AUC=0.9395 acc=0.8447
[ep 060] val_sel AUC=0.9350 acc=0.8297
[ep 061] val_sel AUC=0.9382 acc=0.8378
[ep 062] val_sel AUC=0.9335 acc=0.8398
[ep 063] val_sel AUC=0.9316 acc=0.8141
[ep 064] val_sel AUC=0.9275 acc=0.7861
[ep 065] val_sel AUC=0.9237 acc=0.8109
[ep 066] val_sel AUC=0.9350 acc=0.8331
[ep 067] val_sel AUC=0.9379 acc=0.8456
[ep 068] val_sel AUC=0.9414 acc=0.8373
[ep 069] val_sel AUC=0.9254 acc=0.8212
[ep 070] val_sel AUC=0.9405 acc=0.8409
[ep 071] val_sel AUC=0.9336 acc=0.8154
[ep 072] val_sel AUC=0.9347 acc=0.8203
[ep 073] val_sel AUC=0.9414 acc=0.8543
[ep 074] val_sel AUC=0.9427 acc=0.8584
[ep 075] val_sel AUC=0.9337 acc=0.8277
[ep 076] val_sel AUC=0.9363 acc=0.8317
[ep 077] val_sel AUC=0.9365 acc=0.8396
[ep 078] val_sel AUC=0.9428 acc=0.8675
[ep 079] val_sel AUC=0.9374 acc=0.8438
[ep 080] val_sel AUC=0.9412 acc=0.8597
[ep 081] val_sel AUC=0.9346 acc=0.8396
[ep 082] val_sel AUC=0.9441 acc=0.8617
[ep 083] val_sel AUC=0.9404 acc=0.8409
[ep 084] val_sel AUC=0.9403 acc=0.8624
[ep 085] val_sel AUC=0.9402 acc=0.8593
[ep 086] val_sel AUC=0.9423 acc=0.8577
[ep 087] val_sel AUC=0.9402 acc=0.8577
[ep 088] val_sel AUC=0.9398 acc=0.8619
[ep 089] val_sel AUC=0.9397 acc=0.8599
[ep 090] val_sel AUC=0.9388 acc=0.8593
[ep 091] val_sel AUC=0.9395 acc=0.8604
[ep 092] val_sel AUC=0.9398 acc=0.8610
[ep 093] val_sel AUC=0.9393 acc=0.8604
[ep 094] val_sel AUC=0.9392 acc=0.8599
[ep 095] val_sel AUC=0.9391 acc=0.8606
[ep 096] val_sel AUC=0.9391 acc=0.8606
============================================================
TEST (best val_sel epoch, held-out, evaluated once)
============================================================
[DONE-QPE2] embed=butterfly model_III N=250 seed=47 test_AUC=0.9390 val_sel_AUC=0.9441 per_class=(axion=0.9504 cdm=0.8883 no_sub=0.9783) params=203652 embed_params=193 R_frob_drift=1.8775826692581177
