[INFO] QPE2 D=64 P=8 depth=4 | embed=butterfly | data=model_III N/class=250 seed=54 split_seed=0 | params=203652 embed_params=193 lr=0.001 epochs=96 bs=32 | train(750, 64, 64) val_sel(4469, 64, 64) test(4470, 64, 64) device=cuda
[ep 001] val_sel AUC=0.5219 acc=0.3285
[ep 002] val_sel AUC=0.5269 acc=0.3285
[ep 003] val_sel AUC=0.5276 acc=0.3285
[ep 004] val_sel AUC=0.5281 acc=0.3285
[ep 005] val_sel AUC=0.5283 acc=0.3433
[ep 006] val_sel AUC=0.5279 acc=0.3515
[ep 007] val_sel AUC=0.5331 acc=0.3511
[ep 008] val_sel AUC=0.5585 acc=0.3587
[ep 009] val_sel AUC=0.5954 acc=0.4099
[ep 010] val_sel AUC=0.6405 acc=0.3773
[ep 011] val_sel AUC=0.6545 acc=0.4663
[ep 012] val_sel AUC=0.7287 acc=0.5460
[ep 013] val_sel AUC=0.7118 acc=0.4885
[ep 014] val_sel AUC=0.7782 acc=0.6107
[ep 015] val_sel AUC=0.7404 acc=0.5178
[ep 016] val_sel AUC=0.7690 acc=0.5999
[ep 017] val_sel AUC=0.8241 acc=0.6516
[ep 018] val_sel AUC=0.8311 acc=0.6666
[ep 019] val_sel AUC=0.8433 acc=0.6648
[ep 020] val_sel AUC=0.8491 acc=0.6547
[ep 021] val_sel AUC=0.8780 acc=0.7404
[ep 022] val_sel AUC=0.8833 acc=0.7407
[ep 023] val_sel AUC=0.8987 acc=0.7838
[ep 024] val_sel AUC=0.8887 acc=0.7610
[ep 025] val_sel AUC=0.8983 acc=0.7888
[ep 026] val_sel AUC=0.9015 acc=0.7742
[ep 027] val_sel AUC=0.8998 acc=0.7930
[ep 028] val_sel AUC=0.9097 acc=0.7850
[ep 029] val_sel AUC=0.9127 acc=0.8073
[ep 030] val_sel AUC=0.9126 acc=0.8114
[ep 031] val_sel AUC=0.9131 acc=0.8152
[ep 032] val_sel AUC=0.9129 acc=0.8132
[ep 033] val_sel AUC=0.7943 acc=0.5827
[ep 034] val_sel AUC=0.8634 acc=0.7346
[ep 035] val_sel AUC=0.8797 acc=0.7210
[ep 036] val_sel AUC=0.8862 acc=0.7503
[ep 037] val_sel AUC=0.8278 acc=0.6592
[ep 038] val_sel AUC=0.8961 acc=0.7176
[ep 039] val_sel AUC=0.9044 acc=0.7879
[ep 040] val_sel AUC=0.9057 acc=0.7847
[ep 041] val_sel AUC=0.8810 acc=0.6785
[ep 042] val_sel AUC=0.8778 acc=0.7234
[ep 043] val_sel AUC=0.8296 acc=0.6583
[ep 044] val_sel AUC=0.8396 acc=0.6431
[ep 045] val_sel AUC=0.9047 acc=0.7816
[ep 046] val_sel AUC=0.8950 acc=0.7377
[ep 047] val_sel AUC=0.8674 acc=0.7111
[ep 048] val_sel AUC=0.9003 acc=0.7711
[ep 049] val_sel AUC=0.9068 acc=0.7780
[ep 050] val_sel AUC=0.8867 acc=0.7503
[ep 051] val_sel AUC=0.9034 acc=0.7700
[ep 052] val_sel AUC=0.9214 acc=0.8161
[ep 053] val_sel AUC=0.9127 acc=0.8085
[ep 054] val_sel AUC=0.9081 acc=0.7854
[ep 055] val_sel AUC=0.9240 acc=0.8167
[ep 056] val_sel AUC=0.9115 acc=0.7944
[ep 057] val_sel AUC=0.8707 acc=0.7102
[ep 058] val_sel AUC=0.9068 acc=0.7588
[ep 059] val_sel AUC=0.9095 acc=0.8017
[ep 060] val_sel AUC=0.8701 acc=0.7049
[ep 061] val_sel AUC=0.8969 acc=0.7232
[ep 062] val_sel AUC=0.8974 acc=0.7787
[ep 063] val_sel AUC=0.9119 acc=0.8055
[ep 064] val_sel AUC=0.8955 acc=0.7897
[ep 065] val_sel AUC=0.9134 acc=0.7935
[ep 066] val_sel AUC=0.9029 acc=0.7803
[ep 067] val_sel AUC=0.9266 acc=0.8308
[ep 068] val_sel AUC=0.9137 acc=0.8161
[ep 069] val_sel AUC=0.9211 acc=0.8228
[ep 070] val_sel AUC=0.9069 acc=0.7807
[ep 071] val_sel AUC=0.9006 acc=0.7856
[ep 072] val_sel AUC=0.9301 acc=0.8324
[ep 073] val_sel AUC=0.9187 acc=0.8228
[ep 074] val_sel AUC=0.8933 acc=0.7727
[ep 075] val_sel AUC=0.9067 acc=0.7977
[ep 076] val_sel AUC=0.9220 acc=0.8033
[ep 077] val_sel AUC=0.9220 acc=0.8055
[ep 078] val_sel AUC=0.9210 acc=0.8210
[ep 079] val_sel AUC=0.9247 acc=0.8221
[ep 080] val_sel AUC=0.9253 acc=0.8340
[ep 081] val_sel AUC=0.9200 acc=0.8190
[ep 082] val_sel AUC=0.9226 acc=0.8306
[ep 083] val_sel AUC=0.9267 acc=0.8284
[ep 084] val_sel AUC=0.9116 acc=0.7995
[ep 085] val_sel AUC=0.9266 acc=0.8364
[ep 086] val_sel AUC=0.9248 acc=0.8279
[ep 087] val_sel AUC=0.9253 acc=0.8407
[ep 088] val_sel AUC=0.9245 acc=0.8393
[ep 089] val_sel AUC=0.9255 acc=0.8389
[ep 090] val_sel AUC=0.9260 acc=0.8369
[ep 091] val_sel AUC=0.9254 acc=0.8409
[ep 092] val_sel AUC=0.9255 acc=0.8371
[ep 093] val_sel AUC=0.9257 acc=0.8389
[ep 094] val_sel AUC=0.9255 acc=0.8384
[ep 095] val_sel AUC=0.9254 acc=0.8396
[ep 096] val_sel AUC=0.9253 acc=0.8400
============================================================
TEST (best val_sel epoch, held-out, evaluated once)
============================================================
[DONE-QPE2] embed=butterfly model_III N=250 seed=54 test_AUC=0.9311 val_sel_AUC=0.9301 per_class=(axion=0.9403 cdm=0.8718 no_sub=0.9810) params=203652 embed_params=193 R_frob_drift=1.8164162635803223
