[INFO] QPE2 D=64 P=8 depth=4 | embed=butterfly | data=model_II N/class=100 seed=61 split_seed=0 | params=203652 embed_params=193 lr=0.001 epochs=96 bs=32 | train(300, 64, 64) val_sel(4455, 64, 64) test(4455, 64, 64) device=cuda
[ep 001] val_sel AUC=0.4888 acc=0.3237
[ep 002] val_sel AUC=0.5344 acc=0.3291
[ep 003] val_sel AUC=0.5458 acc=0.3237
[ep 004] val_sel AUC=0.5542 acc=0.3473
[ep 005] val_sel AUC=0.5577 acc=0.3419
[ep 006] val_sel AUC=0.5572 acc=0.3473
[ep 007] val_sel AUC=0.5590 acc=0.3291
[ep 008] val_sel AUC=0.5545 acc=0.3473
[ep 009] val_sel AUC=0.5547 acc=0.3237
[ep 010] val_sel AUC=0.5521 acc=0.3490
[ep 011] val_sel AUC=0.5493 acc=0.3473
[ep 012] val_sel AUC=0.5458 acc=0.3237
[ep 013] val_sel AUC=0.5509 acc=0.3291
[ep 014] val_sel AUC=0.5476 acc=0.3237
[ep 015] val_sel AUC=0.5453 acc=0.3291
[ep 016] val_sel AUC=0.5430 acc=0.3587
[ep 017] val_sel AUC=0.5399 acc=0.3255
[ep 018] val_sel AUC=0.5408 acc=0.3439
[ep 019] val_sel AUC=0.5414 acc=0.3621
[ep 020] val_sel AUC=0.5411 acc=0.3473
[ep 021] val_sel AUC=0.5461 acc=0.3524
[ep 022] val_sel AUC=0.5523 acc=0.3571
[ep 023] val_sel AUC=0.5460 acc=0.3562
[ep 024] val_sel AUC=0.5522 acc=0.3580
[ep 025] val_sel AUC=0.5623 acc=0.3690
[ep 026] val_sel AUC=0.5622 acc=0.3802
[ep 027] val_sel AUC=0.5623 acc=0.3666
[ep 028] val_sel AUC=0.5646 acc=0.3648
[ep 029] val_sel AUC=0.5647 acc=0.3643
[ep 030] val_sel AUC=0.5652 acc=0.3648
[ep 031] val_sel AUC=0.5655 acc=0.3648
[ep 032] val_sel AUC=0.5656 acc=0.3659
[ep 033] val_sel AUC=0.5669 acc=0.3854
[ep 034] val_sel AUC=0.5662 acc=0.3798
[ep 035] val_sel AUC=0.5885 acc=0.3926
[ep 036] val_sel AUC=0.5919 acc=0.3946
[ep 037] val_sel AUC=0.6435 acc=0.4137
[ep 038] val_sel AUC=0.6036 acc=0.3912
[ep 039] val_sel AUC=0.6401 acc=0.4316
[ep 040] val_sel AUC=0.6212 acc=0.4220
[ep 041] val_sel AUC=0.6794 acc=0.4884
[ep 042] val_sel AUC=0.6726 acc=0.4660
[ep 043] val_sel AUC=0.7125 acc=0.5156
[ep 044] val_sel AUC=0.7203 acc=0.5158
[ep 045] val_sel AUC=0.7640 acc=0.5657
[ep 046] val_sel AUC=0.7486 acc=0.4853
[ep 047] val_sel AUC=0.6702 acc=0.4611
[ep 048] val_sel AUC=0.7205 acc=0.4914
[ep 049] val_sel AUC=0.8068 acc=0.6137
[ep 050] val_sel AUC=0.6832 acc=0.4792
[ep 051] val_sel AUC=0.7201 acc=0.5138
[ep 052] val_sel AUC=0.7322 acc=0.5291
[ep 053] val_sel AUC=0.7900 acc=0.6303
[ep 054] val_sel AUC=0.8050 acc=0.6132
[ep 055] val_sel AUC=0.8445 acc=0.6792
[ep 056] val_sel AUC=0.7613 acc=0.5524
[ep 057] val_sel AUC=0.8561 acc=0.6988
[ep 058] val_sel AUC=0.8286 acc=0.6563
[ep 059] val_sel AUC=0.8609 acc=0.7199
[ep 060] val_sel AUC=0.8323 acc=0.6685
[ep 061] val_sel AUC=0.8160 acc=0.6541
[ep 062] val_sel AUC=0.8361 acc=0.6907
[ep 063] val_sel AUC=0.8658 acc=0.7181
[ep 064] val_sel AUC=0.8553 acc=0.7113
[ep 065] val_sel AUC=0.8730 acc=0.7336
[ep 066] val_sel AUC=0.8670 acc=0.7100
[ep 067] val_sel AUC=0.8483 acc=0.6893
[ep 068] val_sel AUC=0.8561 acc=0.7042
[ep 069] val_sel AUC=0.8651 acc=0.6947
[ep 070] val_sel AUC=0.8832 acc=0.7441
[ep 071] val_sel AUC=0.8570 acc=0.6925
[ep 072] val_sel AUC=0.8814 acc=0.7515
[ep 073] val_sel AUC=0.8807 acc=0.7405
[ep 074] val_sel AUC=0.8892 acc=0.7544
[ep 075] val_sel AUC=0.8846 acc=0.7365
[ep 076] val_sel AUC=0.8806 acc=0.7410
[ep 077] val_sel AUC=0.8874 acc=0.7589
[ep 078] val_sel AUC=0.8747 acc=0.7223
[ep 079] val_sel AUC=0.8928 acc=0.7681
[ep 080] val_sel AUC=0.8951 acc=0.7697
[ep 081] val_sel AUC=0.8926 acc=0.7643
[ep 082] val_sel AUC=0.8933 acc=0.7679
[ep 083] val_sel AUC=0.8942 acc=0.7605
[ep 084] val_sel AUC=0.8871 acc=0.7574
[ep 085] val_sel AUC=0.8945 acc=0.7515
[ep 086] val_sel AUC=0.8953 acc=0.7796
[ep 087] val_sel AUC=0.8969 acc=0.7787
[ep 088] val_sel AUC=0.8975 acc=0.7749
[ep 089] val_sel AUC=0.8964 acc=0.7771
[ep 090] val_sel AUC=0.8970 acc=0.7811
[ep 091] val_sel AUC=0.8970 acc=0.7820
[ep 092] val_sel AUC=0.8968 acc=0.7836
[ep 093] val_sel AUC=0.8971 acc=0.7809
[ep 094] val_sel AUC=0.8970 acc=0.7791
[ep 095] val_sel AUC=0.8970 acc=0.7798
[ep 096] val_sel AUC=0.8970 acc=0.7793
============================================================
TEST (best val_sel epoch, held-out, evaluated once)
============================================================
[DONE-QPE2] embed=butterfly model_II N=100 seed=61 test_AUC=0.9034 val_sel_AUC=0.8975 per_class=(axion=0.9348 cdm=0.8153 no_sub=0.9601) params=203652 embed_params=193 R_frob_drift=1.346376895904541
