[INFO] QPE2 D=64 P=8 depth=4 | embed=butterfly | data=model_III N/class=100 seed=58 split_seed=0 | params=203652 embed_params=193 lr=0.001 epochs=96 bs=32 | train(300, 64, 64) val_sel(4469, 64, 64) test(4470, 64, 64) device=cuda
[ep 001] val_sel AUC=0.5281 acc=0.3433
[ep 002] val_sel AUC=0.5860 acc=0.3283
[ep 003] val_sel AUC=0.5709 acc=0.3433
[ep 004] val_sel AUC=0.5742 acc=0.3433
[ep 005] val_sel AUC=0.5766 acc=0.3283
[ep 006] val_sel AUC=0.5779 acc=0.3433
[ep 007] val_sel AUC=0.5751 acc=0.3283
[ep 008] val_sel AUC=0.5655 acc=0.3285
[ep 009] val_sel AUC=0.5675 acc=0.3433
[ep 010] val_sel AUC=0.5667 acc=0.3446
[ep 011] val_sel AUC=0.5607 acc=0.3433
[ep 012] val_sel AUC=0.5502 acc=0.3558
[ep 013] val_sel AUC=0.5480 acc=0.3399
[ep 014] val_sel AUC=0.5450 acc=0.3717
[ep 015] val_sel AUC=0.5445 acc=0.3529
[ep 016] val_sel AUC=0.5509 acc=0.3712
[ep 017] val_sel AUC=0.5507 acc=0.3497
[ep 018] val_sel AUC=0.5460 acc=0.3285
[ep 019] val_sel AUC=0.5506 acc=0.3471
[ep 020] val_sel AUC=0.5514 acc=0.3674
[ep 021] val_sel AUC=0.5541 acc=0.3737
[ep 022] val_sel AUC=0.5560 acc=0.3788
[ep 023] val_sel AUC=0.5581 acc=0.3802
[ep 024] val_sel AUC=0.5591 acc=0.3748
[ep 025] val_sel AUC=0.5618 acc=0.3808
[ep 026] val_sel AUC=0.5635 acc=0.3793
[ep 027] val_sel AUC=0.5661 acc=0.3838
[ep 028] val_sel AUC=0.5684 acc=0.3842
[ep 029] val_sel AUC=0.5701 acc=0.3882
[ep 030] val_sel AUC=0.5710 acc=0.3880
[ep 031] val_sel AUC=0.5712 acc=0.3887
[ep 032] val_sel AUC=0.5713 acc=0.3873
[ep 033] val_sel AUC=0.5782 acc=0.4059
[ep 034] val_sel AUC=0.6282 acc=0.4240
[ep 035] val_sel AUC=0.6611 acc=0.4390
[ep 036] val_sel AUC=0.6402 acc=0.4216
[ep 037] val_sel AUC=0.6429 acc=0.4422
[ep 038] val_sel AUC=0.7003 acc=0.5144
[ep 039] val_sel AUC=0.6987 acc=0.4495
[ep 040] val_sel AUC=0.6806 acc=0.4898
[ep 041] val_sel AUC=0.7312 acc=0.4820
[ep 042] val_sel AUC=0.7430 acc=0.5480
[ep 043] val_sel AUC=0.7044 acc=0.4771
[ep 044] val_sel AUC=0.7741 acc=0.5652
[ep 045] val_sel AUC=0.7455 acc=0.5274
[ep 046] val_sel AUC=0.6854 acc=0.4849
[ep 047] val_sel AUC=0.7448 acc=0.4469
[ep 048] val_sel AUC=0.7605 acc=0.5838
[ep 049] val_sel AUC=0.7848 acc=0.6223
[ep 050] val_sel AUC=0.7823 acc=0.5948
[ep 051] val_sel AUC=0.8124 acc=0.6321
[ep 052] val_sel AUC=0.8174 acc=0.6514
[ep 053] val_sel AUC=0.8373 acc=0.6426
[ep 054] val_sel AUC=0.8535 acc=0.6885
[ep 055] val_sel AUC=0.8621 acc=0.6921
[ep 056] val_sel AUC=0.8353 acc=0.6825
[ep 057] val_sel AUC=0.8359 acc=0.6355
[ep 058] val_sel AUC=0.8735 acc=0.7297
[ep 059] val_sel AUC=0.8310 acc=0.6932
[ep 060] val_sel AUC=0.8424 acc=0.6704
[ep 061] val_sel AUC=0.8652 acc=0.7219
[ep 062] val_sel AUC=0.8759 acc=0.7243
[ep 063] val_sel AUC=0.8790 acc=0.7234
[ep 064] val_sel AUC=0.8745 acc=0.7442
[ep 065] val_sel AUC=0.8713 acc=0.7210
[ep 066] val_sel AUC=0.8777 acc=0.7232
[ep 067] val_sel AUC=0.8566 acc=0.6489
[ep 068] val_sel AUC=0.8512 acc=0.6729
[ep 069] val_sel AUC=0.8600 acc=0.7107
[ep 070] val_sel AUC=0.8703 acc=0.7104
[ep 071] val_sel AUC=0.8925 acc=0.7608
[ep 072] val_sel AUC=0.8941 acc=0.7588
[ep 073] val_sel AUC=0.8883 acc=0.7413
[ep 074] val_sel AUC=0.8807 acc=0.7610
[ep 075] val_sel AUC=0.8857 acc=0.7505
[ep 076] val_sel AUC=0.8971 acc=0.7715
[ep 077] val_sel AUC=0.8922 acc=0.7530
[ep 078] val_sel AUC=0.8960 acc=0.7740
[ep 079] val_sel AUC=0.8890 acc=0.7420
[ep 080] val_sel AUC=0.8966 acc=0.7724
[ep 081] val_sel AUC=0.8997 acc=0.7736
[ep 082] val_sel AUC=0.8990 acc=0.7742
[ep 083] val_sel AUC=0.8969 acc=0.7715
[ep 084] val_sel AUC=0.8974 acc=0.7727
[ep 085] val_sel AUC=0.8906 acc=0.7590
[ep 086] val_sel AUC=0.8948 acc=0.7695
[ep 087] val_sel AUC=0.8915 acc=0.7713
[ep 088] val_sel AUC=0.8955 acc=0.7744
[ep 089] val_sel AUC=0.8938 acc=0.7749
[ep 090] val_sel AUC=0.8939 acc=0.7736
[ep 091] val_sel AUC=0.8942 acc=0.7733
[ep 092] val_sel AUC=0.8934 acc=0.7778
[ep 093] val_sel AUC=0.8939 acc=0.7753
[ep 094] val_sel AUC=0.8939 acc=0.7756
[ep 095] val_sel AUC=0.8939 acc=0.7760
[ep 096] val_sel AUC=0.8938 acc=0.7758
============================================================
TEST (best val_sel epoch, held-out, evaluated once)
============================================================
[DONE-QPE2] embed=butterfly model_III N=100 seed=58 test_AUC=0.8981 val_sel_AUC=0.8997 per_class=(axion=0.9297 cdm=0.8076 no_sub=0.9570) params=203652 embed_params=193 R_frob_drift=1.433039903640747
