[INFO] QPE2 D=64 P=8 depth=4 | embed=butterfly | data=model_III N/class=250 seed=49 split_seed=0 | params=203652 embed_params=193 lr=0.001 epochs=96 bs=32 | train(750, 64, 64) val_sel(4469, 64, 64) test(4470, 64, 64) device=cuda
[ep 001] val_sel AUC=0.5287 acc=0.3283
[ep 002] val_sel AUC=0.5310 acc=0.3433
[ep 003] val_sel AUC=0.5318 acc=0.3285
[ep 004] val_sel AUC=0.5340 acc=0.3607
[ep 005] val_sel AUC=0.5343 acc=0.3433
[ep 006] val_sel AUC=0.5384 acc=0.3285
[ep 007] val_sel AUC=0.5324 acc=0.3283
[ep 008] val_sel AUC=0.5287 acc=0.3283
[ep 009] val_sel AUC=0.5320 acc=0.3480
[ep 010] val_sel AUC=0.5527 acc=0.3356
[ep 011] val_sel AUC=0.5966 acc=0.3932
[ep 012] val_sel AUC=0.6724 acc=0.4809
[ep 013] val_sel AUC=0.7352 acc=0.5068
[ep 014] val_sel AUC=0.7614 acc=0.5744
[ep 015] val_sel AUC=0.8279 acc=0.6628
[ep 016] val_sel AUC=0.8086 acc=0.6344
[ep 017] val_sel AUC=0.8361 acc=0.6731
[ep 018] val_sel AUC=0.8090 acc=0.6321
[ep 019] val_sel AUC=0.8585 acc=0.7129
[ep 020] val_sel AUC=0.8524 acc=0.6673
[ep 021] val_sel AUC=0.8817 acc=0.7463
[ep 022] val_sel AUC=0.8939 acc=0.7400
[ep 023] val_sel AUC=0.8958 acc=0.7740
[ep 024] val_sel AUC=0.8914 acc=0.7682
[ep 025] val_sel AUC=0.9001 acc=0.7778
[ep 026] val_sel AUC=0.9081 acc=0.7836
[ep 027] val_sel AUC=0.9087 acc=0.8020
[ep 028] val_sel AUC=0.9088 acc=0.8053
[ep 029] val_sel AUC=0.9091 acc=0.7995
[ep 030] val_sel AUC=0.9106 acc=0.8067
[ep 031] val_sel AUC=0.9105 acc=0.8055
[ep 032] val_sel AUC=0.9108 acc=0.8076
[ep 033] val_sel AUC=0.8469 acc=0.6832
[ep 034] val_sel AUC=0.8676 acc=0.7248
[ep 035] val_sel AUC=0.8378 acc=0.6867
[ep 036] val_sel AUC=0.8579 acc=0.6937
[ep 037] val_sel AUC=0.8745 acc=0.7275
[ep 038] val_sel AUC=0.8719 acc=0.7071
[ep 039] val_sel AUC=0.8830 acc=0.7315
[ep 040] val_sel AUC=0.8867 acc=0.7603
[ep 041] val_sel AUC=0.8404 acc=0.6496
[ep 042] val_sel AUC=0.8449 acc=0.6312
[ep 043] val_sel AUC=0.8720 acc=0.7344
[ep 044] val_sel AUC=0.8976 acc=0.7727
[ep 045] val_sel AUC=0.8838 acc=0.7548
[ep 046] val_sel AUC=0.8889 acc=0.7505
[ep 047] val_sel AUC=0.8837 acc=0.7424
[ep 048] val_sel AUC=0.8957 acc=0.7680
[ep 049] val_sel AUC=0.9093 acc=0.7937
[ep 050] val_sel AUC=0.8931 acc=0.7228
[ep 051] val_sel AUC=0.9160 acc=0.8098
[ep 052] val_sel AUC=0.8879 acc=0.7740
[ep 053] val_sel AUC=0.9206 acc=0.8067
[ep 054] val_sel AUC=0.9130 acc=0.7991
[ep 055] val_sel AUC=0.9102 acc=0.7868
[ep 056] val_sel AUC=0.9107 acc=0.7953
[ep 057] val_sel AUC=0.9133 acc=0.7923
[ep 058] val_sel AUC=0.8917 acc=0.7257
[ep 059] val_sel AUC=0.9122 acc=0.8038
[ep 060] val_sel AUC=0.9097 acc=0.7751
[ep 061] val_sel AUC=0.9164 acc=0.7885
[ep 062] val_sel AUC=0.9148 acc=0.8078
[ep 063] val_sel AUC=0.9031 acc=0.7850
[ep 064] val_sel AUC=0.9075 acc=0.7892
[ep 065] val_sel AUC=0.9003 acc=0.7671
[ep 066] val_sel AUC=0.9041 acc=0.7673
[ep 067] val_sel AUC=0.9158 acc=0.8094
[ep 068] val_sel AUC=0.9138 acc=0.8011
[ep 069] val_sel AUC=0.9140 acc=0.7995
[ep 070] val_sel AUC=0.9109 acc=0.8049
[ep 071] val_sel AUC=0.9170 acc=0.8118
[ep 072] val_sel AUC=0.9109 acc=0.8064
[ep 073] val_sel AUC=0.9182 acc=0.8185
[ep 074] val_sel AUC=0.9113 acc=0.7928
[ep 075] val_sel AUC=0.9122 acc=0.7888
[ep 076] val_sel AUC=0.9080 acc=0.7995
[ep 077] val_sel AUC=0.9112 acc=0.8013
[ep 078] val_sel AUC=0.9214 acc=0.8221
[ep 079] val_sel AUC=0.9135 acc=0.8170
[ep 080] val_sel AUC=0.9207 acc=0.8243
[ep 081] val_sel AUC=0.9144 acc=0.8047
[ep 082] val_sel AUC=0.9179 acc=0.8127
[ep 083] val_sel AUC=0.9187 acc=0.8069
[ep 084] val_sel AUC=0.9169 acc=0.8141
[ep 085] val_sel AUC=0.9182 acc=0.8167
[ep 086] val_sel AUC=0.9181 acc=0.8111
[ep 087] val_sel AUC=0.9153 acc=0.8152
[ep 088] val_sel AUC=0.9153 acc=0.8170
[ep 089] val_sel AUC=0.9163 acc=0.8073
[ep 090] val_sel AUC=0.9149 acc=0.8125
[ep 091] val_sel AUC=0.9164 acc=0.8085
[ep 092] val_sel AUC=0.9161 acc=0.8105
[ep 093] val_sel AUC=0.9156 acc=0.8132
[ep 094] val_sel AUC=0.9156 acc=0.8116
[ep 095] val_sel AUC=0.9156 acc=0.8129
[ep 096] val_sel AUC=0.9156 acc=0.8125
============================================================
TEST (best val_sel epoch, held-out, evaluated once)
============================================================
[DONE-QPE2] embed=butterfly model_III N=250 seed=49 test_AUC=0.9221 val_sel_AUC=0.9214 per_class=(axion=0.9347 cdm=0.8629 no_sub=0.9688) params=203652 embed_params=193 R_frob_drift=1.8302345275878906
