[INFO] QPE2 D=64 P=8 depth=4 | embed=butterfly | data=model_II N/class=250 seed=50 split_seed=0 | params=203652 embed_params=193 lr=0.001 epochs=96 bs=32 | train(750, 64, 64) val_sel(4455, 64, 64) test(4455, 64, 64) device=cuda
[ep 001] val_sel AUC=0.5700 acc=0.3473
[ep 002] val_sel AUC=0.5784 acc=0.3291
[ep 003] val_sel AUC=0.5773 acc=0.3237
[ep 004] val_sel AUC=0.5767 acc=0.3291
[ep 005] val_sel AUC=0.5741 acc=0.3473
[ep 006] val_sel AUC=0.5706 acc=0.3473
[ep 007] val_sel AUC=0.5614 acc=0.3237
[ep 008] val_sel AUC=0.5539 acc=0.3237
[ep 009] val_sel AUC=0.5453 acc=0.3291
[ep 010] val_sel AUC=0.5449 acc=0.3237
[ep 011] val_sel AUC=0.5363 acc=0.3291
[ep 012] val_sel AUC=0.5374 acc=0.3363
[ep 013] val_sel AUC=0.5364 acc=0.3473
[ep 014] val_sel AUC=0.5297 acc=0.3558
[ep 015] val_sel AUC=0.5313 acc=0.3560
[ep 016] val_sel AUC=0.5295 acc=0.3569
[ep 017] val_sel AUC=0.5213 acc=0.3405
[ep 018] val_sel AUC=0.5217 acc=0.3403
[ep 019] val_sel AUC=0.5216 acc=0.3618
[ep 020] val_sel AUC=0.5196 acc=0.3446
[ep 021] val_sel AUC=0.5179 acc=0.3466
[ep 022] val_sel AUC=0.5169 acc=0.3562
[ep 023] val_sel AUC=0.5161 acc=0.3412
[ep 024] val_sel AUC=0.5174 acc=0.3497
[ep 025] val_sel AUC=0.5171 acc=0.3502
[ep 026] val_sel AUC=0.5179 acc=0.3504
[ep 027] val_sel AUC=0.5169 acc=0.3484
[ep 028] val_sel AUC=0.5171 acc=0.3558
[ep 029] val_sel AUC=0.5188 acc=0.3538
[ep 030] val_sel AUC=0.5188 acc=0.3538
[ep 031] val_sel AUC=0.5187 acc=0.3526
[ep 032] val_sel AUC=0.5187 acc=0.3526
[ep 033] val_sel AUC=0.5335 acc=0.3484
[ep 034] val_sel AUC=0.5335 acc=0.3446
[ep 035] val_sel AUC=0.5249 acc=0.3484
[ep 036] val_sel AUC=0.5415 acc=0.3621
[ep 037] val_sel AUC=0.5573 acc=0.3663
[ep 038] val_sel AUC=0.5664 acc=0.3870
[ep 039] val_sel AUC=0.5499 acc=0.3616
[ep 040] val_sel AUC=0.5504 acc=0.3515
[ep 041] val_sel AUC=0.6197 acc=0.4094
[ep 042] val_sel AUC=0.6425 acc=0.4449
[ep 043] val_sel AUC=0.6165 acc=0.3621
[ep 044] val_sel AUC=0.7025 acc=0.5113
[ep 045] val_sel AUC=0.7708 acc=0.5562
[ep 046] val_sel AUC=0.7562 acc=0.5531
[ep 047] val_sel AUC=0.8050 acc=0.6287
[ep 048] val_sel AUC=0.7693 acc=0.5948
[ep 049] val_sel AUC=0.7948 acc=0.6018
[ep 050] val_sel AUC=0.8077 acc=0.6352
[ep 051] val_sel AUC=0.8198 acc=0.6559
[ep 052] val_sel AUC=0.8046 acc=0.5769
[ep 053] val_sel AUC=0.8022 acc=0.5715
[ep 054] val_sel AUC=0.8380 acc=0.6691
[ep 055] val_sel AUC=0.8466 acc=0.6714
[ep 056] val_sel AUC=0.8589 acc=0.7059
[ep 057] val_sel AUC=0.8651 acc=0.7125
[ep 058] val_sel AUC=0.8241 acc=0.6397
[ep 059] val_sel AUC=0.8678 acc=0.7086
[ep 060] val_sel AUC=0.8686 acc=0.6905
[ep 061] val_sel AUC=0.8955 acc=0.7567
[ep 062] val_sel AUC=0.8943 acc=0.7630
[ep 063] val_sel AUC=0.8937 acc=0.7596
[ep 064] val_sel AUC=0.8790 acc=0.7140
[ep 065] val_sel AUC=0.9002 acc=0.7670
[ep 066] val_sel AUC=0.8942 acc=0.7455
[ep 067] val_sel AUC=0.8662 acc=0.6754
[ep 068] val_sel AUC=0.9016 acc=0.7762
[ep 069] val_sel AUC=0.8982 acc=0.7639
[ep 070] val_sel AUC=0.8977 acc=0.7717
[ep 071] val_sel AUC=0.9024 acc=0.7758
[ep 072] val_sel AUC=0.9088 acc=0.7944
[ep 073] val_sel AUC=0.9067 acc=0.7859
[ep 074] val_sel AUC=0.9114 acc=0.7989
[ep 075] val_sel AUC=0.9039 acc=0.7746
[ep 076] val_sel AUC=0.9083 acc=0.7912
[ep 077] val_sel AUC=0.9080 acc=0.7917
[ep 078] val_sel AUC=0.9055 acc=0.7859
[ep 079] val_sel AUC=0.9123 acc=0.8020
[ep 080] val_sel AUC=0.9096 acc=0.7982
[ep 081] val_sel AUC=0.9105 acc=0.7989
[ep 082] val_sel AUC=0.9132 acc=0.8067
[ep 083] val_sel AUC=0.9084 acc=0.7915
[ep 084] val_sel AUC=0.9095 acc=0.7998
[ep 085] val_sel AUC=0.9122 acc=0.8043
[ep 086] val_sel AUC=0.9104 acc=0.8067
[ep 087] val_sel AUC=0.9099 acc=0.8022
[ep 088] val_sel AUC=0.9099 acc=0.8029
[ep 089] val_sel AUC=0.9093 acc=0.8034
[ep 090] val_sel AUC=0.9096 acc=0.8027
[ep 091] val_sel AUC=0.9095 acc=0.8029
[ep 092] val_sel AUC=0.9091 acc=0.8013
[ep 093] val_sel AUC=0.9092 acc=0.8022
[ep 094] val_sel AUC=0.9090 acc=0.8016
[ep 095] val_sel AUC=0.9090 acc=0.8013
[ep 096] val_sel AUC=0.9090 acc=0.8011
============================================================
TEST (best val_sel epoch, held-out, evaluated once)
============================================================
[DONE-QPE2] embed=butterfly model_II N=250 seed=50 test_AUC=0.9211 val_sel_AUC=0.9132 per_class=(axion=0.9331 cdm=0.8561 no_sub=0.9740) params=203652 embed_params=193 R_frob_drift=2.029644012451172
