[INFO] QPE2 D=64 P=8 depth=4 | embed=butterfly | data=model_III N/class=250 seed=55 split_seed=0 | params=203652 embed_params=193 lr=0.001 epochs=96 bs=32 | train(750, 64, 64) val_sel(4469, 64, 64) test(4470, 64, 64) device=cuda
[ep 001] val_sel AUC=0.4966 acc=0.3285
[ep 002] val_sel AUC=0.5192 acc=0.3433
[ep 003] val_sel AUC=0.5559 acc=0.3283
[ep 004] val_sel AUC=0.5781 acc=0.3283
[ep 005] val_sel AUC=0.5750 acc=0.3433
[ep 006] val_sel AUC=0.5807 acc=0.3285
[ep 007] val_sel AUC=0.5836 acc=0.3285
[ep 008] val_sel AUC=0.5798 acc=0.3283
[ep 009] val_sel AUC=0.5735 acc=0.3596
[ep 010] val_sel AUC=0.5701 acc=0.3433
[ep 011] val_sel AUC=0.5712 acc=0.3433
[ep 012] val_sel AUC=0.5521 acc=0.3283
[ep 013] val_sel AUC=0.5582 acc=0.3433
[ep 014] val_sel AUC=0.5334 acc=0.3334
[ep 015] val_sel AUC=0.5354 acc=0.3283
[ep 016] val_sel AUC=0.5264 acc=0.3415
[ep 017] val_sel AUC=0.5333 acc=0.3394
[ep 018] val_sel AUC=0.5512 acc=0.3535
[ep 019] val_sel AUC=0.5669 acc=0.3650
[ep 020] val_sel AUC=0.6138 acc=0.4386
[ep 021] val_sel AUC=0.6597 acc=0.3860
[ep 022] val_sel AUC=0.6855 acc=0.5070
[ep 023] val_sel AUC=0.7260 acc=0.4963
[ep 024] val_sel AUC=0.7517 acc=0.5693
[ep 025] val_sel AUC=0.8009 acc=0.6100
[ep 026] val_sel AUC=0.8170 acc=0.6156
[ep 027] val_sel AUC=0.8412 acc=0.6628
[ep 028] val_sel AUC=0.8578 acc=0.6928
[ep 029] val_sel AUC=0.8697 acc=0.6972
[ep 030] val_sel AUC=0.8762 acc=0.7104
[ep 031] val_sel AUC=0.8781 acc=0.7219
[ep 032] val_sel AUC=0.8790 acc=0.7181
[ep 033] val_sel AUC=0.7872 acc=0.5856
[ep 034] val_sel AUC=0.8372 acc=0.6538
[ep 035] val_sel AUC=0.8626 acc=0.6914
[ep 036] val_sel AUC=0.8676 acc=0.7073
[ep 037] val_sel AUC=0.8113 acc=0.5780
[ep 038] val_sel AUC=0.8642 acc=0.6948
[ep 039] val_sel AUC=0.8269 acc=0.6312
[ep 040] val_sel AUC=0.8437 acc=0.6543
[ep 041] val_sel AUC=0.8631 acc=0.7026
[ep 042] val_sel AUC=0.8568 acc=0.6588
[ep 043] val_sel AUC=0.8780 acc=0.7207
[ep 044] val_sel AUC=0.8804 acc=0.6404
[ep 045] val_sel AUC=0.8796 acc=0.7192
[ep 046] val_sel AUC=0.8631 acc=0.7044
[ep 047] val_sel AUC=0.8914 acc=0.7310
[ep 048] val_sel AUC=0.9117 acc=0.7655
[ep 049] val_sel AUC=0.8924 acc=0.7263
[ep 050] val_sel AUC=0.8501 acc=0.6939
[ep 051] val_sel AUC=0.8957 acc=0.7590
[ep 052] val_sel AUC=0.9210 acc=0.7946
[ep 053] val_sel AUC=0.9078 acc=0.7536
[ep 054] val_sel AUC=0.9017 acc=0.7136
[ep 055] val_sel AUC=0.9029 acc=0.7720
[ep 056] val_sel AUC=0.9167 acc=0.7935
[ep 057] val_sel AUC=0.9188 acc=0.7550
[ep 058] val_sel AUC=0.9261 acc=0.8096
[ep 059] val_sel AUC=0.9279 acc=0.8000
[ep 060] val_sel AUC=0.9261 acc=0.8154
[ep 061] val_sel AUC=0.9098 acc=0.7503
[ep 062] val_sel AUC=0.9270 acc=0.8114
[ep 063] val_sel AUC=0.9173 acc=0.7859
[ep 064] val_sel AUC=0.9213 acc=0.7514
[ep 065] val_sel AUC=0.9326 acc=0.8051
[ep 066] val_sel AUC=0.9304 acc=0.8147
[ep 067] val_sel AUC=0.9313 acc=0.8205
[ep 068] val_sel AUC=0.9329 acc=0.8221
[ep 069] val_sel AUC=0.9261 acc=0.8091
[ep 070] val_sel AUC=0.9327 acc=0.8183
[ep 071] val_sel AUC=0.9246 acc=0.7845
[ep 072] val_sel AUC=0.9333 acc=0.8190
[ep 073] val_sel AUC=0.9258 acc=0.7803
[ep 074] val_sel AUC=0.9301 acc=0.8129
[ep 075] val_sel AUC=0.9353 acc=0.7957
[ep 076] val_sel AUC=0.9379 acc=0.8367
[ep 077] val_sel AUC=0.9344 acc=0.8239
[ep 078] val_sel AUC=0.9283 acc=0.7944
[ep 079] val_sel AUC=0.9371 acc=0.8418
[ep 080] val_sel AUC=0.9368 acc=0.8252
[ep 081] val_sel AUC=0.9340 acc=0.8306
[ep 082] val_sel AUC=0.9381 acc=0.8405
[ep 083] val_sel AUC=0.9387 acc=0.8445
[ep 084] val_sel AUC=0.9409 acc=0.8492
[ep 085] val_sel AUC=0.9402 acc=0.8469
[ep 086] val_sel AUC=0.9390 acc=0.8474
[ep 087] val_sel AUC=0.9402 acc=0.8420
[ep 088] val_sel AUC=0.9372 acc=0.8467
[ep 089] val_sel AUC=0.9368 acc=0.8425
[ep 090] val_sel AUC=0.9385 acc=0.8436
[ep 091] val_sel AUC=0.9386 acc=0.8422
[ep 092] val_sel AUC=0.9376 acc=0.8465
[ep 093] val_sel AUC=0.9381 acc=0.8449
[ep 094] val_sel AUC=0.9381 acc=0.8461
[ep 095] val_sel AUC=0.9379 acc=0.8458
[ep 096] val_sel AUC=0.9379 acc=0.8463
============================================================
TEST (best val_sel epoch, held-out, evaluated once)
============================================================
[DONE-QPE2] embed=butterfly model_III N=250 seed=55 test_AUC=0.9356 val_sel_AUC=0.9409 per_class=(axion=0.9471 cdm=0.8818 no_sub=0.9780) params=203652 embed_params=193 R_frob_drift=1.926089882850647
