[INFO] QPE2 D=64 P=8 depth=4 | embed=butterfly | data=model_II N/class=250 seed=42 split_seed=0 | params=203652 embed_params=193 lr=0.001 epochs=96 bs=32 | train(750, 64, 64) val_sel(4455, 64, 64) test(4455, 64, 64) device=cuda
[ep 001] val_sel AUC=0.5373 acc=0.3237
[ep 002] val_sel AUC=0.5410 acc=0.3291
[ep 003] val_sel AUC=0.5417 acc=0.3291
[ep 004] val_sel AUC=0.5454 acc=0.3291
[ep 005] val_sel AUC=0.5454 acc=0.3237
[ep 006] val_sel AUC=0.5431 acc=0.3291
[ep 007] val_sel AUC=0.5340 acc=0.3473
[ep 008] val_sel AUC=0.5227 acc=0.3459
[ep 009] val_sel AUC=0.5273 acc=0.3473
[ep 010] val_sel AUC=0.5226 acc=0.3396
[ep 011] val_sel AUC=0.5261 acc=0.3504
[ep 012] val_sel AUC=0.5271 acc=0.3392
[ep 013] val_sel AUC=0.5357 acc=0.3513
[ep 014] val_sel AUC=0.5382 acc=0.3475
[ep 015] val_sel AUC=0.5571 acc=0.3466
[ep 016] val_sel AUC=0.5704 acc=0.3845
[ep 017] val_sel AUC=0.5822 acc=0.3989
[ep 018] val_sel AUC=0.6040 acc=0.4308
[ep 019] val_sel AUC=0.6406 acc=0.4685
[ep 020] val_sel AUC=0.6441 acc=0.4429
[ep 021] val_sel AUC=0.6966 acc=0.5273
[ep 022] val_sel AUC=0.6921 acc=0.5059
[ep 023] val_sel AUC=0.7185 acc=0.5331
[ep 024] val_sel AUC=0.7407 acc=0.5529
[ep 025] val_sel AUC=0.7551 acc=0.5675
[ep 026] val_sel AUC=0.7532 acc=0.5547
[ep 027] val_sel AUC=0.7637 acc=0.5746
[ep 028] val_sel AUC=0.7728 acc=0.5890
[ep 029] val_sel AUC=0.7763 acc=0.5903
[ep 030] val_sel AUC=0.7796 acc=0.5973
[ep 031] val_sel AUC=0.7796 acc=0.5998
[ep 032] val_sel AUC=0.7799 acc=0.6000
[ep 033] val_sel AUC=0.7382 acc=0.5466
[ep 034] val_sel AUC=0.7330 acc=0.5535
[ep 035] val_sel AUC=0.7141 acc=0.5380
[ep 036] val_sel AUC=0.7627 acc=0.5371
[ep 037] val_sel AUC=0.7366 acc=0.5616
[ep 038] val_sel AUC=0.8148 acc=0.6332
[ep 039] val_sel AUC=0.7948 acc=0.5960
[ep 040] val_sel AUC=0.8224 acc=0.6316
[ep 041] val_sel AUC=0.8325 acc=0.6453
[ep 042] val_sel AUC=0.7971 acc=0.6166
[ep 043] val_sel AUC=0.8683 acc=0.7012
[ep 044] val_sel AUC=0.8484 acc=0.6768
[ep 045] val_sel AUC=0.8514 acc=0.6705
[ep 046] val_sel AUC=0.8843 acc=0.7414
[ep 047] val_sel AUC=0.7963 acc=0.6022
[ep 048] val_sel AUC=0.8641 acc=0.7158
[ep 049] val_sel AUC=0.8625 acc=0.7080
[ep 050] val_sel AUC=0.8948 acc=0.7614
[ep 051] val_sel AUC=0.8886 acc=0.7520
[ep 052] val_sel AUC=0.8761 acc=0.7104
[ep 053] val_sel AUC=0.8855 acc=0.6831
[ep 054] val_sel AUC=0.8679 acc=0.7012
[ep 055] val_sel AUC=0.9013 acc=0.7744
[ep 056] val_sel AUC=0.8825 acc=0.7403
[ep 057] val_sel AUC=0.9080 acc=0.7746
[ep 058] val_sel AUC=0.9016 acc=0.7569
[ep 059] val_sel AUC=0.9026 acc=0.7562
[ep 060] val_sel AUC=0.9153 acc=0.7886
[ep 061] val_sel AUC=0.9064 acc=0.7870
[ep 062] val_sel AUC=0.9013 acc=0.7654
[ep 063] val_sel AUC=0.9218 acc=0.8128
[ep 064] val_sel AUC=0.8992 acc=0.7695
[ep 065] val_sel AUC=0.9160 acc=0.8081
[ep 066] val_sel AUC=0.8996 acc=0.7684
[ep 067] val_sel AUC=0.8875 acc=0.7540
[ep 068] val_sel AUC=0.8909 acc=0.7461
[ep 069] val_sel AUC=0.9107 acc=0.7829
[ep 070] val_sel AUC=0.9189 acc=0.8020
[ep 071] val_sel AUC=0.9217 acc=0.8056
[ep 072] val_sel AUC=0.9191 acc=0.8013
[ep 073] val_sel AUC=0.9224 acc=0.7935
[ep 074] val_sel AUC=0.9231 acc=0.8224
[ep 075] val_sel AUC=0.9253 acc=0.8263
[ep 076] val_sel AUC=0.9236 acc=0.8114
[ep 077] val_sel AUC=0.9220 acc=0.8148
[ep 078] val_sel AUC=0.9256 acc=0.8132
[ep 079] val_sel AUC=0.9211 acc=0.8164
[ep 080] val_sel AUC=0.9185 acc=0.8079
[ep 081] val_sel AUC=0.9195 acc=0.8025
[ep 082] val_sel AUC=0.9245 acc=0.8260
[ep 083] val_sel AUC=0.9258 acc=0.8263
[ep 084] val_sel AUC=0.9242 acc=0.8285
[ep 085] val_sel AUC=0.9244 acc=0.8260
[ep 086] val_sel AUC=0.9252 acc=0.8254
[ep 087] val_sel AUC=0.9211 acc=0.8218
[ep 088] val_sel AUC=0.9241 acc=0.8305
[ep 089] val_sel AUC=0.9236 acc=0.8267
[ep 090] val_sel AUC=0.9222 acc=0.8267
[ep 091] val_sel AUC=0.9221 acc=0.8240
[ep 092] val_sel AUC=0.9216 acc=0.8238
[ep 093] val_sel AUC=0.9215 acc=0.8256
[ep 094] val_sel AUC=0.9213 acc=0.8245
[ep 095] val_sel AUC=0.9213 acc=0.8242
[ep 096] val_sel AUC=0.9212 acc=0.8238
============================================================
TEST (best val_sel epoch, held-out, evaluated once)
============================================================
[DONE-QPE2] embed=butterfly model_II N=250 seed=42 test_AUC=0.9297 val_sel_AUC=0.9258 per_class=(axion=0.9349 cdm=0.8693 no_sub=0.9849) params=203652 embed_params=193 R_frob_drift=1.537866234779358
