[INFO] QPE2 D=64 P=8 depth=4 | embed=butterfly | data=model_III N/class=100 seed=48 split_seed=0 | params=203652 embed_params=193 lr=0.001 epochs=96 bs=32 | train(300, 64, 64) val_sel(4469, 64, 64) test(4470, 64, 64) device=cuda
[ep 001] val_sel AUC=0.5816 acc=0.3283
[ep 002] val_sel AUC=0.5901 acc=0.3285
[ep 003] val_sel AUC=0.5993 acc=0.3283
[ep 004] val_sel AUC=0.6080 acc=0.3283
[ep 005] val_sel AUC=0.6122 acc=0.3285
[ep 006] val_sel AUC=0.6220 acc=0.3433
[ep 007] val_sel AUC=0.6222 acc=0.3285
[ep 008] val_sel AUC=0.6220 acc=0.3285
[ep 009] val_sel AUC=0.6254 acc=0.3433
[ep 010] val_sel AUC=0.6197 acc=0.3285
[ep 011] val_sel AUC=0.6218 acc=0.3283
[ep 012] val_sel AUC=0.6135 acc=0.3433
[ep 013] val_sel AUC=0.6125 acc=0.3285
[ep 014] val_sel AUC=0.6151 acc=0.3283
[ep 015] val_sel AUC=0.6032 acc=0.3433
[ep 016] val_sel AUC=0.6000 acc=0.3285
[ep 017] val_sel AUC=0.5969 acc=0.3283
[ep 018] val_sel AUC=0.5869 acc=0.3433
[ep 019] val_sel AUC=0.5826 acc=0.3327
[ep 020] val_sel AUC=0.5756 acc=0.3285
[ep 021] val_sel AUC=0.5660 acc=0.3612
[ep 022] val_sel AUC=0.5663 acc=0.3694
[ep 023] val_sel AUC=0.5686 acc=0.3885
[ep 024] val_sel AUC=0.5684 acc=0.3761
[ep 025] val_sel AUC=0.5685 acc=0.3909
[ep 026] val_sel AUC=0.5687 acc=0.3723
[ep 027] val_sel AUC=0.5690 acc=0.3569
[ep 028] val_sel AUC=0.5692 acc=0.3692
[ep 029] val_sel AUC=0.5697 acc=0.3708
[ep 030] val_sel AUC=0.5700 acc=0.3663
[ep 031] val_sel AUC=0.5702 acc=0.3672
[ep 032] val_sel AUC=0.5703 acc=0.3681
[ep 033] val_sel AUC=0.6093 acc=0.3927
[ep 034] val_sel AUC=0.5808 acc=0.3502
[ep 035] val_sel AUC=0.5867 acc=0.3685
[ep 036] val_sel AUC=0.5962 acc=0.3712
[ep 037] val_sel AUC=0.6382 acc=0.4269
[ep 038] val_sel AUC=0.6827 acc=0.4930
[ep 039] val_sel AUC=0.6490 acc=0.4312
[ep 040] val_sel AUC=0.7189 acc=0.4437
[ep 041] val_sel AUC=0.7481 acc=0.5413
[ep 042] val_sel AUC=0.7221 acc=0.5149
[ep 043] val_sel AUC=0.7446 acc=0.5578
[ep 044] val_sel AUC=0.7945 acc=0.5970
[ep 045] val_sel AUC=0.8013 acc=0.6458
[ep 046] val_sel AUC=0.7818 acc=0.5957
[ep 047] val_sel AUC=0.7923 acc=0.5986
[ep 048] val_sel AUC=0.7736 acc=0.5639
[ep 049] val_sel AUC=0.8232 acc=0.6462
[ep 050] val_sel AUC=0.8033 acc=0.6317
[ep 051] val_sel AUC=0.8436 acc=0.6838
[ep 052] val_sel AUC=0.8291 acc=0.6746
[ep 053] val_sel AUC=0.8314 acc=0.6545
[ep 054] val_sel AUC=0.8125 acc=0.6456
[ep 055] val_sel AUC=0.8279 acc=0.6567
[ep 056] val_sel AUC=0.8395 acc=0.6621
[ep 057] val_sel AUC=0.8228 acc=0.6532
[ep 058] val_sel AUC=0.8478 acc=0.6921
[ep 059] val_sel AUC=0.8470 acc=0.6923
[ep 060] val_sel AUC=0.8502 acc=0.7002
[ep 061] val_sel AUC=0.8504 acc=0.6999
[ep 062] val_sel AUC=0.8456 acc=0.6713
[ep 063] val_sel AUC=0.8535 acc=0.7031
[ep 064] val_sel AUC=0.8563 acc=0.7006
[ep 065] val_sel AUC=0.8591 acc=0.7113
[ep 066] val_sel AUC=0.8527 acc=0.6603
[ep 067] val_sel AUC=0.8567 acc=0.7080
[ep 068] val_sel AUC=0.8579 acc=0.7109
[ep 069] val_sel AUC=0.8605 acc=0.7122
[ep 070] val_sel AUC=0.8494 acc=0.7042
[ep 071] val_sel AUC=0.8466 acc=0.7040
[ep 072] val_sel AUC=0.8568 acc=0.7033
[ep 073] val_sel AUC=0.8677 acc=0.7140
[ep 074] val_sel AUC=0.8560 acc=0.6867
[ep 075] val_sel AUC=0.8607 acc=0.7214
[ep 076] val_sel AUC=0.8552 acc=0.7111
[ep 077] val_sel AUC=0.8528 acc=0.7113
[ep 078] val_sel AUC=0.8540 acc=0.7053
[ep 079] val_sel AUC=0.8607 acc=0.7178
[ep 080] val_sel AUC=0.8661 acc=0.7295
[ep 081] val_sel AUC=0.8654 acc=0.7205
[ep 082] val_sel AUC=0.8659 acc=0.7232
[ep 083] val_sel AUC=0.8670 acc=0.7306
[ep 084] val_sel AUC=0.8662 acc=0.7243
[ep 085] val_sel AUC=0.8657 acc=0.7210
[ep 086] val_sel AUC=0.8669 acc=0.7335
[ep 087] val_sel AUC=0.8665 acc=0.7290
[ep 088] val_sel AUC=0.8654 acc=0.7281
[ep 089] val_sel AUC=0.8655 acc=0.7277
[ep 090] val_sel AUC=0.8656 acc=0.7306
[ep 091] val_sel AUC=0.8654 acc=0.7279
[ep 092] val_sel AUC=0.8655 acc=0.7310
[ep 093] val_sel AUC=0.8655 acc=0.7279
[ep 094] val_sel AUC=0.8655 acc=0.7286
[ep 095] val_sel AUC=0.8655 acc=0.7288
[ep 096] val_sel AUC=0.8655 acc=0.7290
============================================================
TEST (best val_sel epoch, held-out, evaluated once)
============================================================
[DONE-QPE2] embed=butterfly model_III N=100 seed=48 test_AUC=0.8703 val_sel_AUC=0.8677 per_class=(axion=0.9162 cdm=0.7695 no_sub=0.9250) params=203652 embed_params=193 R_frob_drift=1.6224396228790283
