[INFO] QPE2 D=64 P=8 depth=4 | embed=butterfly | data=model_III N/class=100 seed=46 split_seed=0 | params=203652 embed_params=193 lr=0.001 epochs=96 bs=32 | train(300, 64, 64) val_sel(4469, 64, 64) test(4470, 64, 64) device=cuda
[ep 001] val_sel AUC=0.5367 acc=0.3283
[ep 002] val_sel AUC=0.4973 acc=0.3433
[ep 003] val_sel AUC=0.5253 acc=0.3283
[ep 004] val_sel AUC=0.5193 acc=0.3433
[ep 005] val_sel AUC=0.5259 acc=0.3285
[ep 006] val_sel AUC=0.5367 acc=0.3285
[ep 007] val_sel AUC=0.5446 acc=0.3433
[ep 008] val_sel AUC=0.5473 acc=0.3433
[ep 009] val_sel AUC=0.5383 acc=0.3285
[ep 010] val_sel AUC=0.5426 acc=0.3388
[ep 011] val_sel AUC=0.5422 acc=0.3285
[ep 012] val_sel AUC=0.5475 acc=0.3283
[ep 013] val_sel AUC=0.5429 acc=0.3439
[ep 014] val_sel AUC=0.5460 acc=0.3527
[ep 015] val_sel AUC=0.5465 acc=0.3600
[ep 016] val_sel AUC=0.5519 acc=0.3629
[ep 017] val_sel AUC=0.5536 acc=0.3647
[ep 018] val_sel AUC=0.5548 acc=0.3723
[ep 019] val_sel AUC=0.5586 acc=0.3688
[ep 020] val_sel AUC=0.5643 acc=0.3688
[ep 021] val_sel AUC=0.5646 acc=0.3800
[ep 022] val_sel AUC=0.5759 acc=0.3860
[ep 023] val_sel AUC=0.5841 acc=0.3878
[ep 024] val_sel AUC=0.5903 acc=0.3911
[ep 025] val_sel AUC=0.5912 acc=0.4012
[ep 026] val_sel AUC=0.5977 acc=0.3934
[ep 027] val_sel AUC=0.6037 acc=0.4113
[ep 028] val_sel AUC=0.6031 acc=0.4086
[ep 029] val_sel AUC=0.6098 acc=0.4050
[ep 030] val_sel AUC=0.6142 acc=0.4126
[ep 031] val_sel AUC=0.6157 acc=0.4146
[ep 032] val_sel AUC=0.6161 acc=0.4146
[ep 033] val_sel AUC=0.5982 acc=0.3616
[ep 034] val_sel AUC=0.5968 acc=0.3321
[ep 035] val_sel AUC=0.5901 acc=0.3788
[ep 036] val_sel AUC=0.6049 acc=0.4046
[ep 037] val_sel AUC=0.6291 acc=0.4437
[ep 038] val_sel AUC=0.6702 acc=0.4348
[ep 039] val_sel AUC=0.6530 acc=0.3551
[ep 040] val_sel AUC=0.6680 acc=0.4554
[ep 041] val_sel AUC=0.7220 acc=0.5180
[ep 042] val_sel AUC=0.7338 acc=0.5299
[ep 043] val_sel AUC=0.7049 acc=0.5341
[ep 044] val_sel AUC=0.7373 acc=0.5117
[ep 045] val_sel AUC=0.7818 acc=0.5939
[ep 046] val_sel AUC=0.7936 acc=0.6091
[ep 047] val_sel AUC=0.8120 acc=0.6082
[ep 048] val_sel AUC=0.8489 acc=0.6717
[ep 049] val_sel AUC=0.8144 acc=0.6080
[ep 050] val_sel AUC=0.8221 acc=0.6268
[ep 051] val_sel AUC=0.8087 acc=0.5932
[ep 052] val_sel AUC=0.8514 acc=0.6787
[ep 053] val_sel AUC=0.8504 acc=0.6798
[ep 054] val_sel AUC=0.8410 acc=0.6852
[ep 055] val_sel AUC=0.8291 acc=0.6516
[ep 056] val_sel AUC=0.8543 acc=0.6840
[ep 057] val_sel AUC=0.8744 acc=0.6981
[ep 058] val_sel AUC=0.8589 acc=0.6977
[ep 059] val_sel AUC=0.8691 acc=0.7266
[ep 060] val_sel AUC=0.8731 acc=0.7156
[ep 061] val_sel AUC=0.8868 acc=0.7501
[ep 062] val_sel AUC=0.8812 acc=0.7118
[ep 063] val_sel AUC=0.8827 acc=0.7395
[ep 064] val_sel AUC=0.8784 acc=0.7427
[ep 065] val_sel AUC=0.8891 acc=0.7581
[ep 066] val_sel AUC=0.8962 acc=0.7572
[ep 067] val_sel AUC=0.8860 acc=0.7431
[ep 068] val_sel AUC=0.8913 acc=0.7516
[ep 069] val_sel AUC=0.8850 acc=0.7534
[ep 070] val_sel AUC=0.8859 acc=0.7420
[ep 071] val_sel AUC=0.8953 acc=0.7536
[ep 072] val_sel AUC=0.8968 acc=0.7666
[ep 073] val_sel AUC=0.9031 acc=0.7747
[ep 074] val_sel AUC=0.8950 acc=0.7521
[ep 075] val_sel AUC=0.8936 acc=0.7744
[ep 076] val_sel AUC=0.8915 acc=0.7505
[ep 077] val_sel AUC=0.8889 acc=0.7621
[ep 078] val_sel AUC=0.9057 acc=0.7863
[ep 079] val_sel AUC=0.9046 acc=0.7894
[ep 080] val_sel AUC=0.9048 acc=0.7847
[ep 081] val_sel AUC=0.9002 acc=0.7883
[ep 082] val_sel AUC=0.8943 acc=0.7677
[ep 083] val_sel AUC=0.8906 acc=0.7608
[ep 084] val_sel AUC=0.9054 acc=0.7888
[ep 085] val_sel AUC=0.9092 acc=0.8002
[ep 086] val_sel AUC=0.9085 acc=0.7986
[ep 087] val_sel AUC=0.9074 acc=0.7959
[ep 088] val_sel AUC=0.9058 acc=0.7948
[ep 089] val_sel AUC=0.9057 acc=0.7917
[ep 090] val_sel AUC=0.9055 acc=0.7906
[ep 091] val_sel AUC=0.9055 acc=0.7915
[ep 092] val_sel AUC=0.9054 acc=0.7919
[ep 093] val_sel AUC=0.9056 acc=0.7899
[ep 094] val_sel AUC=0.9056 acc=0.7899
[ep 095] val_sel AUC=0.9055 acc=0.7897
[ep 096] val_sel AUC=0.9055 acc=0.7899
============================================================
TEST (best val_sel epoch, held-out, evaluated once)
============================================================
[DONE-QPE2] embed=butterfly model_III N=100 seed=46 test_AUC=0.9119 val_sel_AUC=0.9092 per_class=(axion=0.9362 cdm=0.8359 no_sub=0.9637) params=203652 embed_params=193 R_frob_drift=1.3629869222640991
