[INFO] QPE2 D=64 P=8 depth=4 | embed=butterfly | data=model_III N/class=100 seed=43 split_seed=0 | params=203652 embed_params=193 lr=0.001 epochs=96 bs=32 | train(300, 64, 64) val_sel(4469, 64, 64) test(4470, 64, 64) device=cuda
[ep 001] val_sel AUC=0.5118 acc=0.3433
[ep 002] val_sel AUC=0.5125 acc=0.3285
[ep 003] val_sel AUC=0.5205 acc=0.3283
[ep 004] val_sel AUC=0.5234 acc=0.3285
[ep 005] val_sel AUC=0.5265 acc=0.3433
[ep 006] val_sel AUC=0.5296 acc=0.3283
[ep 007] val_sel AUC=0.5312 acc=0.3285
[ep 008] val_sel AUC=0.5328 acc=0.3285
[ep 009] val_sel AUC=0.5336 acc=0.3433
[ep 010] val_sel AUC=0.5350 acc=0.3283
[ep 011] val_sel AUC=0.5362 acc=0.3497
[ep 012] val_sel AUC=0.5327 acc=0.3285
[ep 013] val_sel AUC=0.5275 acc=0.3283
[ep 014] val_sel AUC=0.5301 acc=0.3285
[ep 015] val_sel AUC=0.5250 acc=0.3283
[ep 016] val_sel AUC=0.5251 acc=0.3480
[ep 017] val_sel AUC=0.5270 acc=0.3435
[ep 018] val_sel AUC=0.5266 acc=0.3457
[ep 019] val_sel AUC=0.5238 acc=0.3477
[ep 020] val_sel AUC=0.5254 acc=0.3439
[ep 021] val_sel AUC=0.5276 acc=0.3477
[ep 022] val_sel AUC=0.5388 acc=0.3529
[ep 023] val_sel AUC=0.5244 acc=0.3495
[ep 024] val_sel AUC=0.5246 acc=0.3518
[ep 025] val_sel AUC=0.5243 acc=0.3482
[ep 026] val_sel AUC=0.5249 acc=0.3511
[ep 027] val_sel AUC=0.5251 acc=0.3515
[ep 028] val_sel AUC=0.5254 acc=0.3491
[ep 029] val_sel AUC=0.5255 acc=0.3468
[ep 030] val_sel AUC=0.5255 acc=0.3484
[ep 031] val_sel AUC=0.5255 acc=0.3486
[ep 032] val_sel AUC=0.5255 acc=0.3493
[ep 033] val_sel AUC=0.5326 acc=0.3520
[ep 034] val_sel AUC=0.5348 acc=0.3527
[ep 035] val_sel AUC=0.5762 acc=0.3764
[ep 036] val_sel AUC=0.5729 acc=0.3674
[ep 037] val_sel AUC=0.6083 acc=0.4565
[ep 038] val_sel AUC=0.6285 acc=0.4426
[ep 039] val_sel AUC=0.6260 acc=0.4039
[ep 040] val_sel AUC=0.5908 acc=0.3808
[ep 041] val_sel AUC=0.6714 acc=0.4867
[ep 042] val_sel AUC=0.6874 acc=0.5263
[ep 043] val_sel AUC=0.7364 acc=0.5531
[ep 044] val_sel AUC=0.7384 acc=0.5422
[ep 045] val_sel AUC=0.7522 acc=0.5281
[ep 046] val_sel AUC=0.7362 acc=0.5176
[ep 047] val_sel AUC=0.7861 acc=0.5974
[ep 048] val_sel AUC=0.7923 acc=0.5916
[ep 049] val_sel AUC=0.7946 acc=0.5972
[ep 050] val_sel AUC=0.7865 acc=0.5829
[ep 051] val_sel AUC=0.8025 acc=0.6066
[ep 052] val_sel AUC=0.8136 acc=0.6241
[ep 053] val_sel AUC=0.8228 acc=0.6194
[ep 054] val_sel AUC=0.8050 acc=0.6098
[ep 055] val_sel AUC=0.8092 acc=0.6039
[ep 056] val_sel AUC=0.8292 acc=0.6588
[ep 057] val_sel AUC=0.8343 acc=0.6451
[ep 058] val_sel AUC=0.8301 acc=0.6299
[ep 059] val_sel AUC=0.8346 acc=0.6339
[ep 060] val_sel AUC=0.8509 acc=0.6697
[ep 061] val_sel AUC=0.8545 acc=0.7028
[ep 062] val_sel AUC=0.8364 acc=0.6796
[ep 063] val_sel AUC=0.8637 acc=0.7113
[ep 064] val_sel AUC=0.8613 acc=0.6986
[ep 065] val_sel AUC=0.8580 acc=0.7160
[ep 066] val_sel AUC=0.8691 acc=0.7230
[ep 067] val_sel AUC=0.8644 acc=0.7055
[ep 068] val_sel AUC=0.8669 acc=0.7297
[ep 069] val_sel AUC=0.8668 acc=0.7192
[ep 070] val_sel AUC=0.8757 acc=0.7429
[ep 071] val_sel AUC=0.8651 acc=0.7174
[ep 072] val_sel AUC=0.8730 acc=0.7245
[ep 073] val_sel AUC=0.8777 acc=0.7380
[ep 074] val_sel AUC=0.8782 acc=0.7190
[ep 075] val_sel AUC=0.8809 acc=0.7507
[ep 076] val_sel AUC=0.8752 acc=0.7465
[ep 077] val_sel AUC=0.8719 acc=0.7008
[ep 078] val_sel AUC=0.8732 acc=0.7570
[ep 079] val_sel AUC=0.8795 acc=0.7606
[ep 080] val_sel AUC=0.8809 acc=0.7577
[ep 081] val_sel AUC=0.8768 acc=0.7628
[ep 082] val_sel AUC=0.8742 acc=0.7633
[ep 083] val_sel AUC=0.8746 acc=0.7642
[ep 084] val_sel AUC=0.8746 acc=0.7476
[ep 085] val_sel AUC=0.8717 acc=0.7642
[ep 086] val_sel AUC=0.8716 acc=0.7489
[ep 087] val_sel AUC=0.8764 acc=0.7697
[ep 088] val_sel AUC=0.8746 acc=0.7637
[ep 089] val_sel AUC=0.8751 acc=0.7706
[ep 090] val_sel AUC=0.8739 acc=0.7689
[ep 091] val_sel AUC=0.8743 acc=0.7677
[ep 092] val_sel AUC=0.8743 acc=0.7650
[ep 093] val_sel AUC=0.8744 acc=0.7662
[ep 094] val_sel AUC=0.8746 acc=0.7680
[ep 095] val_sel AUC=0.8746 acc=0.7684
[ep 096] val_sel AUC=0.8746 acc=0.7677
============================================================
TEST (best val_sel epoch, held-out, evaluated once)
============================================================
[DONE-QPE2] embed=butterfly model_III N=100 seed=43 test_AUC=0.8726 val_sel_AUC=0.8809 per_class=(axion=0.9084 cdm=0.7670 no_sub=0.9425) params=203652 embed_params=193 R_frob_drift=1.4463468790054321
