[INFO] QPE2 D=64 P=8 depth=4 | embed=butterfly | data=model_II N/class=250 seed=57 split_seed=0 | params=203652 embed_params=193 lr=0.001 epochs=96 bs=32 | train(750, 64, 64) val_sel(4455, 64, 64) test(4455, 64, 64) device=cuda
[ep 001] val_sel AUC=0.5201 acc=0.3237
[ep 002] val_sel AUC=0.5272 acc=0.3558
[ep 003] val_sel AUC=0.5360 acc=0.3237
[ep 004] val_sel AUC=0.5359 acc=0.3432
[ep 005] val_sel AUC=0.5320 acc=0.3477
[ep 006] val_sel AUC=0.5212 acc=0.3398
[ep 007] val_sel AUC=0.5385 acc=0.3464
[ep 008] val_sel AUC=0.5398 acc=0.3473
[ep 009] val_sel AUC=0.5584 acc=0.3338
[ep 010] val_sel AUC=0.5816 acc=0.3771
[ep 011] val_sel AUC=0.5797 acc=0.3778
[ep 012] val_sel AUC=0.6623 acc=0.4848
[ep 013] val_sel AUC=0.7227 acc=0.5401
[ep 014] val_sel AUC=0.7236 acc=0.4866
[ep 015] val_sel AUC=0.7832 acc=0.5587
[ep 016] val_sel AUC=0.8058 acc=0.6215
[ep 017] val_sel AUC=0.8028 acc=0.6355
[ep 018] val_sel AUC=0.8264 acc=0.6671
[ep 019] val_sel AUC=0.8475 acc=0.6871
[ep 020] val_sel AUC=0.8379 acc=0.6855
[ep 021] val_sel AUC=0.8213 acc=0.6673
[ep 022] val_sel AUC=0.8660 acc=0.7158
[ep 023] val_sel AUC=0.8600 acc=0.7109
[ep 024] val_sel AUC=0.8748 acc=0.7338
[ep 025] val_sel AUC=0.8798 acc=0.7396
[ep 026] val_sel AUC=0.8834 acc=0.7531
[ep 027] val_sel AUC=0.8843 acc=0.7542
[ep 028] val_sel AUC=0.8790 acc=0.7499
[ep 029] val_sel AUC=0.8864 acc=0.7636
[ep 030] val_sel AUC=0.8824 acc=0.7612
[ep 031] val_sel AUC=0.8860 acc=0.7641
[ep 032] val_sel AUC=0.8860 acc=0.7657
[ep 033] val_sel AUC=0.7570 acc=0.5758
[ep 034] val_sel AUC=0.8212 acc=0.6527
[ep 035] val_sel AUC=0.8229 acc=0.6602
[ep 036] val_sel AUC=0.8422 acc=0.6842
[ep 037] val_sel AUC=0.8607 acc=0.6790
[ep 038] val_sel AUC=0.7803 acc=0.5645
[ep 039] val_sel AUC=0.8413 acc=0.6840
[ep 040] val_sel AUC=0.8239 acc=0.6027
[ep 041] val_sel AUC=0.8695 acc=0.7324
[ep 042] val_sel AUC=0.8831 acc=0.7634
[ep 043] val_sel AUC=0.8643 acc=0.7134
[ep 044] val_sel AUC=0.8651 acc=0.7205
[ep 045] val_sel AUC=0.8886 acc=0.7670
[ep 046] val_sel AUC=0.8734 acc=0.7686
[ep 047] val_sel AUC=0.8232 acc=0.6525
[ep 048] val_sel AUC=0.8543 acc=0.7021
[ep 049] val_sel AUC=0.8539 acc=0.6934
[ep 050] val_sel AUC=0.8701 acc=0.7363
[ep 051] val_sel AUC=0.8997 acc=0.7701
[ep 052] val_sel AUC=0.8874 acc=0.7641
[ep 053] val_sel AUC=0.8768 acc=0.7488
[ep 054] val_sel AUC=0.8927 acc=0.7623
[ep 055] val_sel AUC=0.8941 acc=0.7645
[ep 056] val_sel AUC=0.9092 acc=0.8009
[ep 057] val_sel AUC=0.8971 acc=0.7850
[ep 058] val_sel AUC=0.8153 acc=0.6853
[ep 059] val_sel AUC=0.8916 acc=0.7675
[ep 060] val_sel AUC=0.9097 acc=0.7993
[ep 061] val_sel AUC=0.8961 acc=0.7897
[ep 062] val_sel AUC=0.8984 acc=0.7816
[ep 063] val_sel AUC=0.9064 acc=0.7984
[ep 064] val_sel AUC=0.9065 acc=0.7991
[ep 065] val_sel AUC=0.9015 acc=0.7854
[ep 066] val_sel AUC=0.9023 acc=0.8072
[ep 067] val_sel AUC=0.8935 acc=0.7616
[ep 068] val_sel AUC=0.9059 acc=0.7991
[ep 069] val_sel AUC=0.9103 acc=0.7971
[ep 070] val_sel AUC=0.9151 acc=0.8209
[ep 071] val_sel AUC=0.9120 acc=0.7966
[ep 072] val_sel AUC=0.8862 acc=0.7668
[ep 073] val_sel AUC=0.9072 acc=0.7939
[ep 074] val_sel AUC=0.9142 acc=0.8202
[ep 075] val_sel AUC=0.9137 acc=0.8256
[ep 076] val_sel AUC=0.8866 acc=0.7753
[ep 077] val_sel AUC=0.9110 acc=0.8117
[ep 078] val_sel AUC=0.9134 acc=0.8191
[ep 079] val_sel AUC=0.9139 acc=0.8263
[ep 080] val_sel AUC=0.9135 acc=0.8207
[ep 081] val_sel AUC=0.9144 acc=0.8198
[ep 082] val_sel AUC=0.9096 acc=0.8198
[ep 083] val_sel AUC=0.9164 acc=0.8132
[ep 084] val_sel AUC=0.9138 acc=0.8083
[ep 085] val_sel AUC=0.9091 acc=0.8209
[ep 086] val_sel AUC=0.9143 acc=0.8222
[ep 087] val_sel AUC=0.9121 acc=0.8249
[ep 088] val_sel AUC=0.9137 acc=0.8274
[ep 089] val_sel AUC=0.9138 acc=0.8292
[ep 090] val_sel AUC=0.9132 acc=0.8260
[ep 091] val_sel AUC=0.9146 acc=0.8305
[ep 092] val_sel AUC=0.9137 acc=0.8281
[ep 093] val_sel AUC=0.9137 acc=0.8276
[ep 094] val_sel AUC=0.9132 acc=0.8283
[ep 095] val_sel AUC=0.9132 acc=0.8283
[ep 096] val_sel AUC=0.9132 acc=0.8276
============================================================
TEST (best val_sel epoch, held-out, evaluated once)
============================================================
[DONE-QPE2] embed=butterfly model_II N=250 seed=57 test_AUC=0.9209 val_sel_AUC=0.9164 per_class=(axion=0.9312 cdm=0.8546 no_sub=0.9770) params=203652 embed_params=193 R_frob_drift=1.482043743133545
