[INFO] QPE2 D=64 P=8 depth=4 | embed=butterfly | data=model_II N/class=100 seed=42 split_seed=0 | params=203652 embed_params=193 lr=0.001 epochs=96 bs=32 | train(300, 64, 64) val_sel(4455, 64, 64) test(4455, 64, 64) device=cuda
[ep 001] val_sel AUC=0.5600 acc=0.3291
[ep 002] val_sel AUC=0.5533 acc=0.3473
[ep 003] val_sel AUC=0.5504 acc=0.3237
[ep 004] val_sel AUC=0.5464 acc=0.3473
[ep 005] val_sel AUC=0.5460 acc=0.3291
[ep 006] val_sel AUC=0.5433 acc=0.3237
[ep 007] val_sel AUC=0.5381 acc=0.3293
[ep 008] val_sel AUC=0.5333 acc=0.3473
[ep 009] val_sel AUC=0.5338 acc=0.3291
[ep 010] val_sel AUC=0.5306 acc=0.3244
[ep 011] val_sel AUC=0.5199 acc=0.3291
[ep 012] val_sel AUC=0.5063 acc=0.3354
[ep 013] val_sel AUC=0.4999 acc=0.3481
[ep 014] val_sel AUC=0.5193 acc=0.3457
[ep 015] val_sel AUC=0.5092 acc=0.3324
[ep 016] val_sel AUC=0.4966 acc=0.3327
[ep 017] val_sel AUC=0.5085 acc=0.3318
[ep 018] val_sel AUC=0.5069 acc=0.3259
[ep 019] val_sel AUC=0.5094 acc=0.3356
[ep 020] val_sel AUC=0.5138 acc=0.3517
[ep 021] val_sel AUC=0.5174 acc=0.3452
[ep 022] val_sel AUC=0.5257 acc=0.3591
[ep 023] val_sel AUC=0.5232 acc=0.3486
[ep 024] val_sel AUC=0.5267 acc=0.3511
[ep 025] val_sel AUC=0.5276 acc=0.3531
[ep 026] val_sel AUC=0.5266 acc=0.3511
[ep 027] val_sel AUC=0.5293 acc=0.3538
[ep 028] val_sel AUC=0.5311 acc=0.3596
[ep 029] val_sel AUC=0.5311 acc=0.3569
[ep 030] val_sel AUC=0.5313 acc=0.3538
[ep 031] val_sel AUC=0.5317 acc=0.3542
[ep 032] val_sel AUC=0.5318 acc=0.3547
[ep 033] val_sel AUC=0.5588 acc=0.3856
[ep 034] val_sel AUC=0.5668 acc=0.3782
[ep 035] val_sel AUC=0.5890 acc=0.4193
[ep 036] val_sel AUC=0.6009 acc=0.3796
[ep 037] val_sel AUC=0.5410 acc=0.3571
[ep 038] val_sel AUC=0.5158 acc=0.3297
[ep 039] val_sel AUC=0.5314 acc=0.3239
[ep 040] val_sel AUC=0.5240 acc=0.3282
[ep 041] val_sel AUC=0.5393 acc=0.3652
[ep 042] val_sel AUC=0.5362 acc=0.3605
[ep 043] val_sel AUC=0.5483 acc=0.3859
[ep 044] val_sel AUC=0.5565 acc=0.3807
[ep 045] val_sel AUC=0.5756 acc=0.4070
[ep 046] val_sel AUC=0.5832 acc=0.3886
[ep 047] val_sel AUC=0.6082 acc=0.4195
[ep 048] val_sel AUC=0.6372 acc=0.4512
[ep 049] val_sel AUC=0.6354 acc=0.4267
[ep 050] val_sel AUC=0.6862 acc=0.4941
[ep 051] val_sel AUC=0.6865 acc=0.4662
[ep 052] val_sel AUC=0.6733 acc=0.4168
[ep 053] val_sel AUC=0.6825 acc=0.4536
[ep 054] val_sel AUC=0.6885 acc=0.4449
[ep 055] val_sel AUC=0.7068 acc=0.4750
[ep 056] val_sel AUC=0.7080 acc=0.4875
[ep 057] val_sel AUC=0.7213 acc=0.4976
[ep 058] val_sel AUC=0.7212 acc=0.4920
[ep 059] val_sel AUC=0.7358 acc=0.5187
[ep 060] val_sel AUC=0.7426 acc=0.5556
[ep 061] val_sel AUC=0.7542 acc=0.5522
[ep 062] val_sel AUC=0.7414 acc=0.5466
[ep 063] val_sel AUC=0.7615 acc=0.5670
[ep 064] val_sel AUC=0.7706 acc=0.5609
[ep 065] val_sel AUC=0.7814 acc=0.5834
[ep 066] val_sel AUC=0.7774 acc=0.5928
[ep 067] val_sel AUC=0.7794 acc=0.5863
[ep 068] val_sel AUC=0.7742 acc=0.5654
[ep 069] val_sel AUC=0.7880 acc=0.5946
[ep 070] val_sel AUC=0.7638 acc=0.5468
[ep 071] val_sel AUC=0.7924 acc=0.6274
[ep 072] val_sel AUC=0.7961 acc=0.6177
[ep 073] val_sel AUC=0.7980 acc=0.6323
[ep 074] val_sel AUC=0.8012 acc=0.6278
[ep 075] val_sel AUC=0.8061 acc=0.6305
[ep 076] val_sel AUC=0.7899 acc=0.5881
[ep 077] val_sel AUC=0.8042 acc=0.6388
[ep 078] val_sel AUC=0.8052 acc=0.6292
[ep 079] val_sel AUC=0.8102 acc=0.6269
[ep 080] val_sel AUC=0.8035 acc=0.6377
[ep 081] val_sel AUC=0.8129 acc=0.6541
[ep 082] val_sel AUC=0.7998 acc=0.6135
[ep 083] val_sel AUC=0.8065 acc=0.6361
[ep 084] val_sel AUC=0.8102 acc=0.6404
[ep 085] val_sel AUC=0.8103 acc=0.6411
[ep 086] val_sel AUC=0.8108 acc=0.6507
[ep 087] val_sel AUC=0.8118 acc=0.6498
[ep 088] val_sel AUC=0.8113 acc=0.6548
[ep 089] val_sel AUC=0.8114 acc=0.6552
[ep 090] val_sel AUC=0.8118 acc=0.6543
[ep 091] val_sel AUC=0.8119 acc=0.6577
[ep 092] val_sel AUC=0.8117 acc=0.6545
[ep 093] val_sel AUC=0.8114 acc=0.6579
[ep 094] val_sel AUC=0.8113 acc=0.6581
[ep 095] val_sel AUC=0.8113 acc=0.6581
[ep 096] val_sel AUC=0.8114 acc=0.6584
============================================================
TEST (best val_sel epoch, held-out, evaluated once)
============================================================
[DONE-QPE2] embed=butterfly model_II N=100 seed=42 test_AUC=0.8151 val_sel_AUC=0.8129 per_class=(axion=0.8868 cdm=0.6806 no_sub=0.8778) params=203652 embed_params=193 R_frob_drift=1.4664212465286255
