[INFO] QPE2 D=64 P=8 depth=4 | embed=butterfly | data=model_II N/class=100 seed=55 split_seed=0 | params=203652 embed_params=193 lr=0.001 epochs=96 bs=32 | train(300, 64, 64) val_sel(4455, 64, 64) test(4455, 64, 64) device=cuda
[ep 001] val_sel AUC=0.4964 acc=0.3473
[ep 002] val_sel AUC=0.5338 acc=0.3291
[ep 003] val_sel AUC=0.5370 acc=0.3473
[ep 004] val_sel AUC=0.5395 acc=0.3237
[ep 005] val_sel AUC=0.5338 acc=0.3473
[ep 006] val_sel AUC=0.5289 acc=0.3513
[ep 007] val_sel AUC=0.5252 acc=0.3237
[ep 008] val_sel AUC=0.5217 acc=0.3291
[ep 009] val_sel AUC=0.5197 acc=0.3473
[ep 010] val_sel AUC=0.5167 acc=0.3387
[ep 011] val_sel AUC=0.5150 acc=0.3421
[ep 012] val_sel AUC=0.5135 acc=0.3340
[ep 013] val_sel AUC=0.5131 acc=0.3389
[ep 014] val_sel AUC=0.5125 acc=0.3423
[ep 015] val_sel AUC=0.5123 acc=0.3358
[ep 016] val_sel AUC=0.5126 acc=0.3464
[ep 017] val_sel AUC=0.5121 acc=0.3336
[ep 018] val_sel AUC=0.5115 acc=0.3405
[ep 019] val_sel AUC=0.5127 acc=0.3311
[ep 020] val_sel AUC=0.5133 acc=0.3387
[ep 021] val_sel AUC=0.5151 acc=0.3333
[ep 022] val_sel AUC=0.5129 acc=0.3421
[ep 023] val_sel AUC=0.5131 acc=0.3441
[ep 024] val_sel AUC=0.5166 acc=0.3342
[ep 025] val_sel AUC=0.5164 acc=0.3351
[ep 026] val_sel AUC=0.5168 acc=0.3338
[ep 027] val_sel AUC=0.5139 acc=0.3443
[ep 028] val_sel AUC=0.5147 acc=0.3398
[ep 029] val_sel AUC=0.5154 acc=0.3385
[ep 030] val_sel AUC=0.5160 acc=0.3389
[ep 031] val_sel AUC=0.5161 acc=0.3387
[ep 032] val_sel AUC=0.5161 acc=0.3383
[ep 033] val_sel AUC=0.5197 acc=0.3389
[ep 034] val_sel AUC=0.5233 acc=0.3443
[ep 035] val_sel AUC=0.5295 acc=0.3504
[ep 036] val_sel AUC=0.5273 acc=0.3403
[ep 037] val_sel AUC=0.5319 acc=0.3533
[ep 038] val_sel AUC=0.5408 acc=0.3468
[ep 039] val_sel AUC=0.5404 acc=0.3517
[ep 040] val_sel AUC=0.5666 acc=0.3524
[ep 041] val_sel AUC=0.5617 acc=0.3504
[ep 042] val_sel AUC=0.5801 acc=0.3675
[ep 043] val_sel AUC=0.5752 acc=0.3724
[ep 044] val_sel AUC=0.5743 acc=0.3872
[ep 045] val_sel AUC=0.5942 acc=0.3928
[ep 046] val_sel AUC=0.6278 acc=0.4337
[ep 047] val_sel AUC=0.6117 acc=0.4141
[ep 048] val_sel AUC=0.6270 acc=0.4384
[ep 049] val_sel AUC=0.6341 acc=0.4510
[ep 050] val_sel AUC=0.6545 acc=0.4465
[ep 051] val_sel AUC=0.6822 acc=0.4620
[ep 052] val_sel AUC=0.6951 acc=0.4516
[ep 053] val_sel AUC=0.7184 acc=0.5116
[ep 054] val_sel AUC=0.7256 acc=0.4941
[ep 055] val_sel AUC=0.7147 acc=0.5136
[ep 056] val_sel AUC=0.7455 acc=0.5609
[ep 057] val_sel AUC=0.7553 acc=0.5464
[ep 058] val_sel AUC=0.7473 acc=0.5547
[ep 059] val_sel AUC=0.7660 acc=0.5782
[ep 060] val_sel AUC=0.7717 acc=0.5740
[ep 061] val_sel AUC=0.7915 acc=0.5749
[ep 062] val_sel AUC=0.8015 acc=0.6164
[ep 063] val_sel AUC=0.7168 acc=0.4691
[ep 064] val_sel AUC=0.7984 acc=0.6330
[ep 065] val_sel AUC=0.7974 acc=0.6222
[ep 066] val_sel AUC=0.8075 acc=0.6424
[ep 067] val_sel AUC=0.8137 acc=0.6483
[ep 068] val_sel AUC=0.8107 acc=0.6092
[ep 069] val_sel AUC=0.8069 acc=0.6415
[ep 070] val_sel AUC=0.8226 acc=0.6637
[ep 071] val_sel AUC=0.8260 acc=0.6613
[ep 072] val_sel AUC=0.8125 acc=0.6561
[ep 073] val_sel AUC=0.8285 acc=0.6732
[ep 074] val_sel AUC=0.8278 acc=0.6714
[ep 075] val_sel AUC=0.8049 acc=0.6305
[ep 076] val_sel AUC=0.8240 acc=0.6714
[ep 077] val_sel AUC=0.8302 acc=0.6763
[ep 078] val_sel AUC=0.8358 acc=0.6873
[ep 079] val_sel AUC=0.8392 acc=0.6943
[ep 080] val_sel AUC=0.8375 acc=0.6909
[ep 081] val_sel AUC=0.8360 acc=0.6855
[ep 082] val_sel AUC=0.8338 acc=0.6949
[ep 083] val_sel AUC=0.8348 acc=0.6911
[ep 084] val_sel AUC=0.8377 acc=0.6967
[ep 085] val_sel AUC=0.8388 acc=0.7024
[ep 086] val_sel AUC=0.8360 acc=0.6997
[ep 087] val_sel AUC=0.8358 acc=0.6976
[ep 088] val_sel AUC=0.8335 acc=0.6956
[ep 089] val_sel AUC=0.8343 acc=0.6947
[ep 090] val_sel AUC=0.8367 acc=0.6965
[ep 091] val_sel AUC=0.8368 acc=0.6979
[ep 092] val_sel AUC=0.8363 acc=0.6972
[ep 093] val_sel AUC=0.8358 acc=0.6979
[ep 094] val_sel AUC=0.8357 acc=0.6976
[ep 095] val_sel AUC=0.8356 acc=0.6976
[ep 096] val_sel AUC=0.8355 acc=0.6972
============================================================
TEST (best val_sel epoch, held-out, evaluated once)
============================================================
[DONE-QPE2] embed=butterfly model_II N=100 seed=55 test_AUC=0.8512 val_sel_AUC=0.8392 per_class=(axion=0.9041 cdm=0.7262 no_sub=0.9234) params=203652 embed_params=193 R_frob_drift=1.6150020360946655
