[INFO] QPE2 D=64 P=8 depth=4 | embed=butterfly | data=model_III N/class=100 seed=61 split_seed=0 | params=203652 embed_params=193 lr=0.001 epochs=96 bs=32 | train(300, 64, 64) val_sel(4469, 64, 64) test(4470, 64, 64) device=cuda
[ep 001] val_sel AUC=0.4871 acc=0.3285
[ep 002] val_sel AUC=0.5144 acc=0.3283
[ep 003] val_sel AUC=0.5255 acc=0.3285
[ep 004] val_sel AUC=0.5242 acc=0.3433
[ep 005] val_sel AUC=0.5177 acc=0.3339
[ep 006] val_sel AUC=0.5138 acc=0.3433
[ep 007] val_sel AUC=0.5087 acc=0.3283
[ep 008] val_sel AUC=0.5035 acc=0.3394
[ep 009] val_sel AUC=0.5049 acc=0.3318
[ep 010] val_sel AUC=0.5068 acc=0.3412
[ep 011] val_sel AUC=0.5104 acc=0.3480
[ep 012] val_sel AUC=0.5176 acc=0.3341
[ep 013] val_sel AUC=0.5254 acc=0.3352
[ep 014] val_sel AUC=0.5276 acc=0.3289
[ep 015] val_sel AUC=0.5327 acc=0.3363
[ep 016] val_sel AUC=0.5414 acc=0.3475
[ep 017] val_sel AUC=0.5523 acc=0.3457
[ep 018] val_sel AUC=0.5681 acc=0.3815
[ep 019] val_sel AUC=0.5802 acc=0.3949
[ep 020] val_sel AUC=0.6446 acc=0.4345
[ep 021] val_sel AUC=0.6753 acc=0.4927
[ep 022] val_sel AUC=0.7043 acc=0.4925
[ep 023] val_sel AUC=0.7292 acc=0.4930
[ep 024] val_sel AUC=0.7003 acc=0.4567
[ep 025] val_sel AUC=0.7658 acc=0.5775
[ep 026] val_sel AUC=0.7796 acc=0.6113
[ep 027] val_sel AUC=0.7863 acc=0.6048
[ep 028] val_sel AUC=0.8004 acc=0.6319
[ep 029] val_sel AUC=0.8052 acc=0.6395
[ep 030] val_sel AUC=0.8098 acc=0.6462
[ep 031] val_sel AUC=0.8096 acc=0.6388
[ep 032] val_sel AUC=0.8098 acc=0.6384
[ep 033] val_sel AUC=0.5853 acc=0.3829
[ep 034] val_sel AUC=0.5609 acc=0.3497
[ep 035] val_sel AUC=0.5745 acc=0.3728
[ep 036] val_sel AUC=0.5821 acc=0.3656
[ep 037] val_sel AUC=0.5981 acc=0.4028
[ep 038] val_sel AUC=0.6397 acc=0.4057
[ep 039] val_sel AUC=0.7057 acc=0.5531
[ep 040] val_sel AUC=0.7878 acc=0.6489
[ep 041] val_sel AUC=0.7851 acc=0.5601
[ep 042] val_sel AUC=0.7856 acc=0.5496
[ep 043] val_sel AUC=0.7793 acc=0.4867
[ep 044] val_sel AUC=0.7951 acc=0.5420
[ep 045] val_sel AUC=0.8326 acc=0.6657
[ep 046] val_sel AUC=0.8215 acc=0.6467
[ep 047] val_sel AUC=0.8131 acc=0.6476
[ep 048] val_sel AUC=0.8390 acc=0.6711
[ep 049] val_sel AUC=0.8429 acc=0.6755
[ep 050] val_sel AUC=0.8691 acc=0.7089
[ep 051] val_sel AUC=0.8515 acc=0.6823
[ep 052] val_sel AUC=0.8437 acc=0.6885
[ep 053] val_sel AUC=0.8750 acc=0.7181
[ep 054] val_sel AUC=0.8774 acc=0.7183
[ep 055] val_sel AUC=0.8677 acc=0.7351
[ep 056] val_sel AUC=0.8725 acc=0.7122
[ep 057] val_sel AUC=0.8698 acc=0.7203
[ep 058] val_sel AUC=0.8891 acc=0.7485
[ep 059] val_sel AUC=0.8565 acc=0.6836
[ep 060] val_sel AUC=0.8791 acc=0.7228
[ep 061] val_sel AUC=0.8795 acc=0.7239
[ep 062] val_sel AUC=0.8922 acc=0.7487
[ep 063] val_sel AUC=0.8697 acc=0.7017
[ep 064] val_sel AUC=0.8537 acc=0.6675
[ep 065] val_sel AUC=0.8894 acc=0.7588
[ep 066] val_sel AUC=0.8871 acc=0.7344
[ep 067] val_sel AUC=0.8768 acc=0.7429
[ep 068] val_sel AUC=0.8829 acc=0.7263
[ep 069] val_sel AUC=0.8823 acc=0.7301
[ep 070] val_sel AUC=0.8914 acc=0.7541
[ep 071] val_sel AUC=0.9000 acc=0.7630
[ep 072] val_sel AUC=0.8907 acc=0.7536
[ep 073] val_sel AUC=0.8848 acc=0.7389
[ep 074] val_sel AUC=0.8993 acc=0.7731
[ep 075] val_sel AUC=0.8945 acc=0.7662
[ep 076] val_sel AUC=0.8964 acc=0.7615
[ep 077] val_sel AUC=0.8909 acc=0.7581
[ep 078] val_sel AUC=0.8914 acc=0.7456
[ep 079] val_sel AUC=0.9024 acc=0.7686
[ep 080] val_sel AUC=0.8907 acc=0.7518
[ep 081] val_sel AUC=0.8976 acc=0.7711
[ep 082] val_sel AUC=0.8984 acc=0.7633
[ep 083] val_sel AUC=0.8997 acc=0.7727
[ep 084] val_sel AUC=0.8981 acc=0.7704
[ep 085] val_sel AUC=0.8944 acc=0.7610
[ep 086] val_sel AUC=0.8968 acc=0.7675
[ep 087] val_sel AUC=0.8974 acc=0.7700
[ep 088] val_sel AUC=0.8956 acc=0.7664
[ep 089] val_sel AUC=0.8949 acc=0.7675
[ep 090] val_sel AUC=0.8946 acc=0.7666
[ep 091] val_sel AUC=0.8941 acc=0.7635
[ep 092] val_sel AUC=0.8950 acc=0.7653
[ep 093] val_sel AUC=0.8948 acc=0.7659
[ep 094] val_sel AUC=0.8948 acc=0.7653
[ep 095] val_sel AUC=0.8948 acc=0.7657
[ep 096] val_sel AUC=0.8948 acc=0.7657
============================================================
TEST (best val_sel epoch, held-out, evaluated once)
============================================================
[DONE-QPE2] embed=butterfly model_III N=100 seed=61 test_AUC=0.9050 val_sel_AUC=0.9024 per_class=(axion=0.9303 cdm=0.8212 no_sub=0.9635) params=203652 embed_params=193 R_frob_drift=1.1516941785812378
