[INFO] QPE2 D=64 P=8 depth=4 | embed=butterfly | data=model_II N/class=100 seed=56 split_seed=0 | params=203652 embed_params=193 lr=0.001 epochs=96 bs=32 | train(300, 64, 64) val_sel(4455, 64, 64) test(4455, 64, 64) device=cuda
[ep 001] val_sel AUC=0.5479 acc=0.3291
[ep 002] val_sel AUC=0.5331 acc=0.3473
[ep 003] val_sel AUC=0.5389 acc=0.3473
[ep 004] val_sel AUC=0.5477 acc=0.3681
[ep 005] val_sel AUC=0.5481 acc=0.3291
[ep 006] val_sel AUC=0.5459 acc=0.3437
[ep 007] val_sel AUC=0.5488 acc=0.3291
[ep 008] val_sel AUC=0.5443 acc=0.3237
[ep 009] val_sel AUC=0.5479 acc=0.3291
[ep 010] val_sel AUC=0.5442 acc=0.3473
[ep 011] val_sel AUC=0.5450 acc=0.3237
[ep 012] val_sel AUC=0.5516 acc=0.3291
[ep 013] val_sel AUC=0.5494 acc=0.3237
[ep 014] val_sel AUC=0.5498 acc=0.3473
[ep 015] val_sel AUC=0.5524 acc=0.3291
[ep 016] val_sel AUC=0.5508 acc=0.3358
[ep 017] val_sel AUC=0.5506 acc=0.3473
[ep 018] val_sel AUC=0.5529 acc=0.3237
[ep 019] val_sel AUC=0.5492 acc=0.3403
[ep 020] val_sel AUC=0.5453 acc=0.3719
[ep 021] val_sel AUC=0.5502 acc=0.3338
[ep 022] val_sel AUC=0.5509 acc=0.3574
[ep 023] val_sel AUC=0.5529 acc=0.3614
[ep 024] val_sel AUC=0.5530 acc=0.3675
[ep 025] val_sel AUC=0.5557 acc=0.3630
[ep 026] val_sel AUC=0.5580 acc=0.3672
[ep 027] val_sel AUC=0.5595 acc=0.3639
[ep 028] val_sel AUC=0.5610 acc=0.3692
[ep 029] val_sel AUC=0.5629 acc=0.3670
[ep 030] val_sel AUC=0.5639 acc=0.3639
[ep 031] val_sel AUC=0.5643 acc=0.3699
[ep 032] val_sel AUC=0.5645 acc=0.3701
[ep 033] val_sel AUC=0.6000 acc=0.3764
[ep 034] val_sel AUC=0.6181 acc=0.4198
[ep 035] val_sel AUC=0.6285 acc=0.3935
[ep 036] val_sel AUC=0.5539 acc=0.3796
[ep 037] val_sel AUC=0.5401 acc=0.3522
[ep 038] val_sel AUC=0.5471 acc=0.3560
[ep 039] val_sel AUC=0.5477 acc=0.3663
[ep 040] val_sel AUC=0.5488 acc=0.3558
[ep 041] val_sel AUC=0.5554 acc=0.3587
[ep 042] val_sel AUC=0.5848 acc=0.3423
[ep 043] val_sel AUC=0.6115 acc=0.4146
[ep 044] val_sel AUC=0.6312 acc=0.4453
[ep 045] val_sel AUC=0.6079 acc=0.3993
[ep 046] val_sel AUC=0.5873 acc=0.3877
[ep 047] val_sel AUC=0.6259 acc=0.4171
[ep 048] val_sel AUC=0.6383 acc=0.4420
[ep 049] val_sel AUC=0.6604 acc=0.4848
[ep 050] val_sel AUC=0.6759 acc=0.4696
[ep 051] val_sel AUC=0.6923 acc=0.4941
[ep 052] val_sel AUC=0.7031 acc=0.5241
[ep 053] val_sel AUC=0.7567 acc=0.5666
[ep 054] val_sel AUC=0.7656 acc=0.5569
[ep 055] val_sel AUC=0.7257 acc=0.4795
[ep 056] val_sel AUC=0.7596 acc=0.5618
[ep 057] val_sel AUC=0.7725 acc=0.5728
[ep 058] val_sel AUC=0.7652 acc=0.5776
[ep 059] val_sel AUC=0.8236 acc=0.6474
[ep 060] val_sel AUC=0.8137 acc=0.6442
[ep 061] val_sel AUC=0.8006 acc=0.5991
[ep 062] val_sel AUC=0.7588 acc=0.5127
[ep 063] val_sel AUC=0.7965 acc=0.6227
[ep 064] val_sel AUC=0.8224 acc=0.6741
[ep 065] val_sel AUC=0.8348 acc=0.6696
[ep 066] val_sel AUC=0.8372 acc=0.6954
[ep 067] val_sel AUC=0.8315 acc=0.6272
[ep 068] val_sel AUC=0.8414 acc=0.6631
[ep 069] val_sel AUC=0.8379 acc=0.6337
[ep 070] val_sel AUC=0.8496 acc=0.6862
[ep 071] val_sel AUC=0.8428 acc=0.6734
[ep 072] val_sel AUC=0.8573 acc=0.7127
[ep 073] val_sel AUC=0.8468 acc=0.6761
[ep 074] val_sel AUC=0.8495 acc=0.6947
[ep 075] val_sel AUC=0.8595 acc=0.7176
[ep 076] val_sel AUC=0.8576 acc=0.7174
[ep 077] val_sel AUC=0.8560 acc=0.7156
[ep 078] val_sel AUC=0.8561 acc=0.7241
[ep 079] val_sel AUC=0.8583 acc=0.7239
[ep 080] val_sel AUC=0.8489 acc=0.6878
[ep 081] val_sel AUC=0.8488 acc=0.7064
[ep 082] val_sel AUC=0.8579 acc=0.7253
[ep 083] val_sel AUC=0.8559 acc=0.7196
[ep 084] val_sel AUC=0.8585 acc=0.7235
[ep 085] val_sel AUC=0.8558 acc=0.7257
[ep 086] val_sel AUC=0.8532 acc=0.7232
[ep 087] val_sel AUC=0.8535 acc=0.7262
[ep 088] val_sel AUC=0.8550 acc=0.7273
[ep 089] val_sel AUC=0.8535 acc=0.7250
[ep 090] val_sel AUC=0.8522 acc=0.7284
[ep 091] val_sel AUC=0.8512 acc=0.7244
[ep 092] val_sel AUC=0.8507 acc=0.7279
[ep 093] val_sel AUC=0.8502 acc=0.7284
[ep 094] val_sel AUC=0.8501 acc=0.7286
[ep 095] val_sel AUC=0.8500 acc=0.7288
[ep 096] val_sel AUC=0.8501 acc=0.7291
============================================================
TEST (best val_sel epoch, held-out, evaluated once)
============================================================
[DONE-QPE2] embed=butterfly model_II N=100 seed=56 test_AUC=0.8697 val_sel_AUC=0.8595 per_class=(axion=0.9079 cdm=0.7592 no_sub=0.9422) params=203652 embed_params=193 R_frob_drift=1.499510645866394
