[INFO] QPE2 D=64 P=8 depth=4 | embed=butterfly | data=model_III N/class=250 seed=53 split_seed=0 | params=203652 embed_params=193 lr=0.001 epochs=96 bs=32 | train(750, 64, 64) val_sel(4469, 64, 64) test(4470, 64, 64) device=cuda
[ep 001] val_sel AUC=0.5331 acc=0.3283
[ep 002] val_sel AUC=0.5347 acc=0.3283
[ep 003] val_sel AUC=0.5309 acc=0.3283
[ep 004] val_sel AUC=0.5267 acc=0.3511
[ep 005] val_sel AUC=0.5267 acc=0.3421
[ep 006] val_sel AUC=0.5279 acc=0.3433
[ep 007] val_sel AUC=0.5293 acc=0.3433
[ep 008] val_sel AUC=0.5314 acc=0.3433
[ep 009] val_sel AUC=0.5309 acc=0.3433
[ep 010] val_sel AUC=0.5277 acc=0.3435
[ep 011] val_sel AUC=0.5284 acc=0.3428
[ep 012] val_sel AUC=0.5330 acc=0.3529
[ep 013] val_sel AUC=0.5338 acc=0.3448
[ep 014] val_sel AUC=0.5365 acc=0.3582
[ep 015] val_sel AUC=0.5386 acc=0.3643
[ep 016] val_sel AUC=0.5502 acc=0.3659
[ep 017] val_sel AUC=0.5573 acc=0.3712
[ep 018] val_sel AUC=0.5811 acc=0.3992
[ep 019] val_sel AUC=0.6269 acc=0.3784
[ep 020] val_sel AUC=0.6912 acc=0.5160
[ep 021] val_sel AUC=0.7448 acc=0.5863
[ep 022] val_sel AUC=0.7857 acc=0.6236
[ep 023] val_sel AUC=0.8133 acc=0.6424
[ep 024] val_sel AUC=0.8405 acc=0.6684
[ep 025] val_sel AUC=0.8643 acc=0.6946
[ep 026] val_sel AUC=0.8589 acc=0.6827
[ep 027] val_sel AUC=0.8797 acc=0.7122
[ep 028] val_sel AUC=0.8699 acc=0.6970
[ep 029] val_sel AUC=0.8876 acc=0.7409
[ep 030] val_sel AUC=0.8880 acc=0.7348
[ep 031] val_sel AUC=0.8913 acc=0.7420
[ep 032] val_sel AUC=0.8909 acc=0.7407
[ep 033] val_sel AUC=0.7828 acc=0.6346
[ep 034] val_sel AUC=0.8390 acc=0.6682
[ep 035] val_sel AUC=0.8484 acc=0.6845
[ep 036] val_sel AUC=0.8610 acc=0.7066
[ep 037] val_sel AUC=0.8704 acc=0.6836
[ep 038] val_sel AUC=0.8476 acc=0.6583
[ep 039] val_sel AUC=0.8663 acc=0.7028
[ep 040] val_sel AUC=0.8537 acc=0.6863
[ep 041] val_sel AUC=0.9037 acc=0.7809
[ep 042] val_sel AUC=0.8856 acc=0.7384
[ep 043] val_sel AUC=0.8614 acc=0.7127
[ep 044] val_sel AUC=0.8832 acc=0.7259
[ep 045] val_sel AUC=0.8938 acc=0.7615
[ep 046] val_sel AUC=0.9105 acc=0.7758
[ep 047] val_sel AUC=0.8620 acc=0.6995
[ep 048] val_sel AUC=0.9156 acc=0.7966
[ep 049] val_sel AUC=0.9160 acc=0.7874
[ep 050] val_sel AUC=0.8811 acc=0.7019
[ep 051] val_sel AUC=0.8874 acc=0.7463
[ep 052] val_sel AUC=0.8790 acc=0.7272
[ep 053] val_sel AUC=0.9129 acc=0.7921
[ep 054] val_sel AUC=0.8935 acc=0.7404
[ep 055] val_sel AUC=0.9172 acc=0.7915
[ep 056] val_sel AUC=0.9260 acc=0.7982
[ep 057] val_sel AUC=0.8955 acc=0.7657
[ep 058] val_sel AUC=0.9136 acc=0.7915
[ep 059] val_sel AUC=0.9116 acc=0.7818
[ep 060] val_sel AUC=0.9182 acc=0.8134
[ep 061] val_sel AUC=0.9162 acc=0.7950
[ep 062] val_sel AUC=0.9300 acc=0.8239
[ep 063] val_sel AUC=0.9230 acc=0.8035
[ep 064] val_sel AUC=0.9175 acc=0.8042
[ep 065] val_sel AUC=0.9191 acc=0.8080
[ep 066] val_sel AUC=0.9180 acc=0.8040
[ep 067] val_sel AUC=0.9136 acc=0.7932
[ep 068] val_sel AUC=0.9084 acc=0.7724
[ep 069] val_sel AUC=0.9251 acc=0.8201
[ep 070] val_sel AUC=0.9156 acc=0.7901
[ep 071] val_sel AUC=0.9221 acc=0.8127
[ep 072] val_sel AUC=0.9309 acc=0.8342
[ep 073] val_sel AUC=0.9175 acc=0.8203
[ep 074] val_sel AUC=0.9197 acc=0.7957
[ep 075] val_sel AUC=0.9253 acc=0.8252
[ep 076] val_sel AUC=0.9254 acc=0.8259
[ep 077] val_sel AUC=0.9143 acc=0.8109
[ep 078] val_sel AUC=0.9261 acc=0.8266
[ep 079] val_sel AUC=0.9270 acc=0.8299
[ep 080] val_sel AUC=0.9296 acc=0.8389
[ep 081] val_sel AUC=0.9162 acc=0.8163
[ep 082] val_sel AUC=0.9293 acc=0.8384
[ep 083] val_sel AUC=0.9272 acc=0.8288
[ep 084] val_sel AUC=0.9282 acc=0.8333
[ep 085] val_sel AUC=0.9295 acc=0.8313
[ep 086] val_sel AUC=0.9267 acc=0.8340
[ep 087] val_sel AUC=0.9239 acc=0.8243
[ep 088] val_sel AUC=0.9279 acc=0.8331
[ep 089] val_sel AUC=0.9287 acc=0.8358
[ep 090] val_sel AUC=0.9292 acc=0.8380
[ep 091] val_sel AUC=0.9285 acc=0.8360
[ep 092] val_sel AUC=0.9285 acc=0.8355
[ep 093] val_sel AUC=0.9284 acc=0.8353
[ep 094] val_sel AUC=0.9286 acc=0.8367
[ep 095] val_sel AUC=0.9283 acc=0.8353
[ep 096] val_sel AUC=0.9283 acc=0.8351
============================================================
TEST (best val_sel epoch, held-out, evaluated once)
============================================================
[DONE-QPE2] embed=butterfly model_III N=250 seed=53 test_AUC=0.9282 val_sel_AUC=0.9309 per_class=(axion=0.9427 cdm=0.8673 no_sub=0.9747) params=203652 embed_params=193 R_frob_drift=1.6509641408920288
