[INFO] QPE2 D=64 P=8 depth=4 | embed=butterfly | data=model_II N/class=250 seed=53 split_seed=0 | params=203652 embed_params=193 lr=0.001 epochs=96 bs=32 | train(750, 64, 64) val_sel(4455, 64, 64) test(4455, 64, 64) device=cuda
[ep 001] val_sel AUC=0.5086 acc=0.3291
[ep 002] val_sel AUC=0.5237 acc=0.3291
[ep 003] val_sel AUC=0.5234 acc=0.3291
[ep 004] val_sel AUC=0.5180 acc=0.3387
[ep 005] val_sel AUC=0.5198 acc=0.3237
[ep 006] val_sel AUC=0.5159 acc=0.3473
[ep 007] val_sel AUC=0.5121 acc=0.3486
[ep 008] val_sel AUC=0.5124 acc=0.3473
[ep 009] val_sel AUC=0.5153 acc=0.3473
[ep 010] val_sel AUC=0.5137 acc=0.3354
[ep 011] val_sel AUC=0.5150 acc=0.3401
[ep 012] val_sel AUC=0.5207 acc=0.3540
[ep 013] val_sel AUC=0.5221 acc=0.3428
[ep 014] val_sel AUC=0.5235 acc=0.3589
[ep 015] val_sel AUC=0.5252 acc=0.3589
[ep 016] val_sel AUC=0.5272 acc=0.3578
[ep 017] val_sel AUC=0.5354 acc=0.3544
[ep 018] val_sel AUC=0.5414 acc=0.3560
[ep 019] val_sel AUC=0.5467 acc=0.3668
[ep 020] val_sel AUC=0.5595 acc=0.3717
[ep 021] val_sel AUC=0.5677 acc=0.3883
[ep 022] val_sel AUC=0.6598 acc=0.4902
[ep 023] val_sel AUC=0.6949 acc=0.5044
[ep 024] val_sel AUC=0.7301 acc=0.5428
[ep 025] val_sel AUC=0.7594 acc=0.5776
[ep 026] val_sel AUC=0.7845 acc=0.6146
[ep 027] val_sel AUC=0.7938 acc=0.6314
[ep 028] val_sel AUC=0.8031 acc=0.6370
[ep 029] val_sel AUC=0.8103 acc=0.6487
[ep 030] val_sel AUC=0.8132 acc=0.6534
[ep 031] val_sel AUC=0.8172 acc=0.6579
[ep 032] val_sel AUC=0.8172 acc=0.6602
[ep 033] val_sel AUC=0.6302 acc=0.4099
[ep 034] val_sel AUC=0.7078 acc=0.5080
[ep 035] val_sel AUC=0.7438 acc=0.4862
[ep 036] val_sel AUC=0.7740 acc=0.5767
[ep 037] val_sel AUC=0.7563 acc=0.5529
[ep 038] val_sel AUC=0.7692 acc=0.6002
[ep 039] val_sel AUC=0.8505 acc=0.6772
[ep 040] val_sel AUC=0.8200 acc=0.6377
[ep 041] val_sel AUC=0.8427 acc=0.6613
[ep 042] val_sel AUC=0.8196 acc=0.6310
[ep 043] val_sel AUC=0.8488 acc=0.6519
[ep 044] val_sel AUC=0.8274 acc=0.5933
[ep 045] val_sel AUC=0.8789 acc=0.7374
[ep 046] val_sel AUC=0.8681 acc=0.7169
[ep 047] val_sel AUC=0.8854 acc=0.7302
[ep 048] val_sel AUC=0.8791 acc=0.7160
[ep 049] val_sel AUC=0.8631 acc=0.7071
[ep 050] val_sel AUC=0.8775 acc=0.7349
[ep 051] val_sel AUC=0.8207 acc=0.6274
[ep 052] val_sel AUC=0.8727 acc=0.7279
[ep 053] val_sel AUC=0.8524 acc=0.6974
[ep 054] val_sel AUC=0.8544 acc=0.6797
[ep 055] val_sel AUC=0.9086 acc=0.7560
[ep 056] val_sel AUC=0.8942 acc=0.7652
[ep 057] val_sel AUC=0.8802 acc=0.7425
[ep 058] val_sel AUC=0.8969 acc=0.7634
[ep 059] val_sel AUC=0.9142 acc=0.7807
[ep 060] val_sel AUC=0.8989 acc=0.7715
[ep 061] val_sel AUC=0.9094 acc=0.7832
[ep 062] val_sel AUC=0.8874 acc=0.7587
[ep 063] val_sel AUC=0.9018 acc=0.7533
[ep 064] val_sel AUC=0.9020 acc=0.7868
[ep 065] val_sel AUC=0.8877 acc=0.7091
[ep 066] val_sel AUC=0.9013 acc=0.7701
[ep 067] val_sel AUC=0.9190 acc=0.7969
[ep 068] val_sel AUC=0.9136 acc=0.8132
[ep 069] val_sel AUC=0.9214 acc=0.7908
[ep 070] val_sel AUC=0.9196 acc=0.7964
[ep 071] val_sel AUC=0.9109 acc=0.8025
[ep 072] val_sel AUC=0.9229 acc=0.8007
[ep 073] val_sel AUC=0.9214 acc=0.7993
[ep 074] val_sel AUC=0.9258 acc=0.8209
[ep 075] val_sel AUC=0.9257 acc=0.7980
[ep 076] val_sel AUC=0.9280 acc=0.8337
[ep 077] val_sel AUC=0.9195 acc=0.8123
[ep 078] val_sel AUC=0.9233 acc=0.8063
[ep 079] val_sel AUC=0.9275 acc=0.8126
[ep 080] val_sel AUC=0.9220 acc=0.8155
[ep 081] val_sel AUC=0.9238 acc=0.8045
[ep 082] val_sel AUC=0.9279 acc=0.8332
[ep 083] val_sel AUC=0.9308 acc=0.8215
[ep 084] val_sel AUC=0.9257 acc=0.8249
[ep 085] val_sel AUC=0.9291 acc=0.8305
[ep 086] val_sel AUC=0.9298 acc=0.8296
[ep 087] val_sel AUC=0.9289 acc=0.8339
[ep 088] val_sel AUC=0.9285 acc=0.8323
[ep 089] val_sel AUC=0.9298 acc=0.8294
[ep 090] val_sel AUC=0.9298 acc=0.8312
[ep 091] val_sel AUC=0.9300 acc=0.8308
[ep 092] val_sel AUC=0.9299 acc=0.8294
[ep 093] val_sel AUC=0.9297 acc=0.8323
[ep 094] val_sel AUC=0.9298 acc=0.8319
[ep 095] val_sel AUC=0.9297 acc=0.8314
[ep 096] val_sel AUC=0.9297 acc=0.8316
============================================================
TEST (best val_sel epoch, held-out, evaluated once)
============================================================
[DONE-QPE2] embed=butterfly model_II N=250 seed=53 test_AUC=0.9325 val_sel_AUC=0.9308 per_class=(axion=0.9410 cdm=0.8740 no_sub=0.9827) params=203652 embed_params=193 R_frob_drift=1.7008470296859741
