[INFO] QPE2 D=64 P=8 depth=4 | embed=butterfly | data=model_III N/class=100 seed=59 split_seed=0 | params=203652 embed_params=193 lr=0.001 epochs=96 bs=32 | train(300, 64, 64) val_sel(4469, 64, 64) test(4470, 64, 64) device=cuda
[ep 001] val_sel AUC=0.4441 acc=0.3433
[ep 002] val_sel AUC=0.4711 acc=0.3285
[ep 003] val_sel AUC=0.4967 acc=0.3433
[ep 004] val_sel AUC=0.5043 acc=0.3285
[ep 005] val_sel AUC=0.5223 acc=0.3283
[ep 006] val_sel AUC=0.5238 acc=0.3433
[ep 007] val_sel AUC=0.5237 acc=0.3285
[ep 008] val_sel AUC=0.5256 acc=0.3379
[ep 009] val_sel AUC=0.5256 acc=0.3283
[ep 010] val_sel AUC=0.5185 acc=0.3285
[ep 011] val_sel AUC=0.5153 acc=0.3433
[ep 012] val_sel AUC=0.5150 acc=0.3283
[ep 013] val_sel AUC=0.5139 acc=0.3372
[ep 014] val_sel AUC=0.5127 acc=0.3421
[ep 015] val_sel AUC=0.5134 acc=0.3531
[ep 016] val_sel AUC=0.5160 acc=0.3365
[ep 017] val_sel AUC=0.5173 acc=0.3506
[ep 018] val_sel AUC=0.5161 acc=0.3475
[ep 019] val_sel AUC=0.5168 acc=0.3388
[ep 020] val_sel AUC=0.5196 acc=0.3473
[ep 021] val_sel AUC=0.5189 acc=0.3502
[ep 022] val_sel AUC=0.5187 acc=0.3459
[ep 023] val_sel AUC=0.5199 acc=0.3468
[ep 024] val_sel AUC=0.5228 acc=0.3506
[ep 025] val_sel AUC=0.5300 acc=0.3562
[ep 026] val_sel AUC=0.5299 acc=0.3506
[ep 027] val_sel AUC=0.5315 acc=0.3535
[ep 028] val_sel AUC=0.5335 acc=0.3553
[ep 029] val_sel AUC=0.5334 acc=0.3549
[ep 030] val_sel AUC=0.5344 acc=0.3560
[ep 031] val_sel AUC=0.5352 acc=0.3565
[ep 032] val_sel AUC=0.5353 acc=0.3567
[ep 033] val_sel AUC=0.5517 acc=0.3596
[ep 034] val_sel AUC=0.5384 acc=0.3596
[ep 035] val_sel AUC=0.5791 acc=0.4052
[ep 036] val_sel AUC=0.6397 acc=0.4603
[ep 037] val_sel AUC=0.6619 acc=0.4755
[ep 038] val_sel AUC=0.7080 acc=0.5281
[ep 039] val_sel AUC=0.7046 acc=0.4301
[ep 040] val_sel AUC=0.6533 acc=0.4213
[ep 041] val_sel AUC=0.7505 acc=0.5010
[ep 042] val_sel AUC=0.7291 acc=0.5274
[ep 043] val_sel AUC=0.7572 acc=0.5769
[ep 044] val_sel AUC=0.7559 acc=0.5632
[ep 045] val_sel AUC=0.7572 acc=0.5675
[ep 046] val_sel AUC=0.8082 acc=0.6147
[ep 047] val_sel AUC=0.8200 acc=0.6107
[ep 048] val_sel AUC=0.7978 acc=0.5420
[ep 049] val_sel AUC=0.8442 acc=0.7062
[ep 050] val_sel AUC=0.8336 acc=0.6440
[ep 051] val_sel AUC=0.8292 acc=0.6619
[ep 052] val_sel AUC=0.8442 acc=0.6800
[ep 053] val_sel AUC=0.8135 acc=0.5417
[ep 054] val_sel AUC=0.8402 acc=0.6480
[ep 055] val_sel AUC=0.8589 acc=0.7053
[ep 056] val_sel AUC=0.8491 acc=0.6928
[ep 057] val_sel AUC=0.8732 acc=0.7026
[ep 058] val_sel AUC=0.8679 acc=0.7192
[ep 059] val_sel AUC=0.8888 acc=0.7548
[ep 060] val_sel AUC=0.8713 acc=0.7214
[ep 061] val_sel AUC=0.8636 acc=0.6796
[ep 062] val_sel AUC=0.8662 acc=0.6760
[ep 063] val_sel AUC=0.8998 acc=0.7673
[ep 064] val_sel AUC=0.9064 acc=0.7897
[ep 065] val_sel AUC=0.9061 acc=0.7597
[ep 066] val_sel AUC=0.8896 acc=0.7597
[ep 067] val_sel AUC=0.9058 acc=0.7635
[ep 068] val_sel AUC=0.9035 acc=0.7800
[ep 069] val_sel AUC=0.9076 acc=0.7807
[ep 070] val_sel AUC=0.9006 acc=0.7821
[ep 071] val_sel AUC=0.9131 acc=0.7709
[ep 072] val_sel AUC=0.8975 acc=0.7330
[ep 073] val_sel AUC=0.9094 acc=0.7970
[ep 074] val_sel AUC=0.9089 acc=0.7861
[ep 075] val_sel AUC=0.9157 acc=0.8129
[ep 076] val_sel AUC=0.9175 acc=0.8141
[ep 077] val_sel AUC=0.9191 acc=0.8017
[ep 078] val_sel AUC=0.9173 acc=0.7968
[ep 079] val_sel AUC=0.9128 acc=0.7843
[ep 080] val_sel AUC=0.9212 acc=0.8190
[ep 081] val_sel AUC=0.9200 acc=0.8183
[ep 082] val_sel AUC=0.9219 acc=0.8172
[ep 083] val_sel AUC=0.9221 acc=0.8226
[ep 084] val_sel AUC=0.9225 acc=0.8284
[ep 085] val_sel AUC=0.9153 acc=0.8076
[ep 086] val_sel AUC=0.9193 acc=0.8185
[ep 087] val_sel AUC=0.9181 acc=0.8208
[ep 088] val_sel AUC=0.9193 acc=0.8241
[ep 089] val_sel AUC=0.9189 acc=0.8230
[ep 090] val_sel AUC=0.9180 acc=0.8241
[ep 091] val_sel AUC=0.9181 acc=0.8257
[ep 092] val_sel AUC=0.9183 acc=0.8246
[ep 093] val_sel AUC=0.9175 acc=0.8250
[ep 094] val_sel AUC=0.9174 acc=0.8235
[ep 095] val_sel AUC=0.9177 acc=0.8241
[ep 096] val_sel AUC=0.9177 acc=0.8243
============================================================
TEST (best val_sel epoch, held-out, evaluated once)
============================================================
[DONE-QPE2] embed=butterfly model_III N=100 seed=59 test_AUC=0.9212 val_sel_AUC=0.9225 per_class=(axion=0.9383 cdm=0.8533 no_sub=0.9721) params=203652 embed_params=193 R_frob_drift=1.7140908241271973
