[INFO] QPE2 D=64 P=8 depth=4 | embed=butterfly | data=model_III N/class=250 seed=42 split_seed=0 | params=203652 embed_params=193 lr=0.001 epochs=96 bs=32 | train(750, 64, 64) val_sel(4469, 64, 64) test(4470, 64, 64) device=cuda
[ep 001] val_sel AUC=0.5595 acc=0.3285
[ep 002] val_sel AUC=0.5695 acc=0.3283
[ep 003] val_sel AUC=0.5658 acc=0.3283
[ep 004] val_sel AUC=0.5714 acc=0.3283
[ep 005] val_sel AUC=0.5722 acc=0.3285
[ep 006] val_sel AUC=0.5707 acc=0.3283
[ep 007] val_sel AUC=0.5622 acc=0.3433
[ep 008] val_sel AUC=0.5684 acc=0.3433
[ep 009] val_sel AUC=0.5581 acc=0.3433
[ep 010] val_sel AUC=0.5529 acc=0.3468
[ep 011] val_sel AUC=0.5456 acc=0.3433
[ep 012] val_sel AUC=0.5459 acc=0.3582
[ep 013] val_sel AUC=0.5966 acc=0.4133
[ep 014] val_sel AUC=0.6694 acc=0.4968
[ep 015] val_sel AUC=0.7651 acc=0.5652
[ep 016] val_sel AUC=0.8193 acc=0.6498
[ep 017] val_sel AUC=0.8418 acc=0.6635
[ep 018] val_sel AUC=0.8477 acc=0.6914
[ep 019] val_sel AUC=0.8622 acc=0.6787
[ep 020] val_sel AUC=0.8612 acc=0.6802
[ep 021] val_sel AUC=0.8880 acc=0.7467
[ep 022] val_sel AUC=0.8908 acc=0.7429
[ep 023] val_sel AUC=0.9035 acc=0.7467
[ep 024] val_sel AUC=0.9044 acc=0.7747
[ep 025] val_sel AUC=0.9163 acc=0.8011
[ep 026] val_sel AUC=0.9072 acc=0.7791
[ep 027] val_sel AUC=0.9196 acc=0.8051
[ep 028] val_sel AUC=0.9238 acc=0.8152
[ep 029] val_sel AUC=0.9248 acc=0.8221
[ep 030] val_sel AUC=0.9256 acc=0.8185
[ep 031] val_sel AUC=0.9251 acc=0.8235
[ep 032] val_sel AUC=0.9255 acc=0.8261
[ep 033] val_sel AUC=0.7911 acc=0.6138
[ep 034] val_sel AUC=0.8424 acc=0.6583
[ep 035] val_sel AUC=0.8919 acc=0.7492
[ep 036] val_sel AUC=0.9062 acc=0.7715
[ep 037] val_sel AUC=0.9092 acc=0.7756
[ep 038] val_sel AUC=0.8865 acc=0.7505
[ep 039] val_sel AUC=0.9070 acc=0.7776
[ep 040] val_sel AUC=0.9063 acc=0.7633
[ep 041] val_sel AUC=0.8698 acc=0.7272
[ep 042] val_sel AUC=0.8976 acc=0.7521
[ep 043] val_sel AUC=0.8976 acc=0.7469
[ep 044] val_sel AUC=0.9205 acc=0.7935
[ep 045] val_sel AUC=0.9072 acc=0.7642
[ep 046] val_sel AUC=0.8971 acc=0.7565
[ep 047] val_sel AUC=0.9087 acc=0.7680
[ep 048] val_sel AUC=0.9273 acc=0.8212
[ep 049] val_sel AUC=0.9118 acc=0.7854
[ep 050] val_sel AUC=0.9215 acc=0.7919
[ep 051] val_sel AUC=0.9283 acc=0.7953
[ep 052] val_sel AUC=0.9212 acc=0.7644
[ep 053] val_sel AUC=0.9282 acc=0.8237
[ep 054] val_sel AUC=0.9168 acc=0.7870
[ep 055] val_sel AUC=0.9009 acc=0.7771
[ep 056] val_sel AUC=0.9010 acc=0.7503
[ep 057] val_sel AUC=0.9269 acc=0.8009
[ep 058] val_sel AUC=0.9361 acc=0.8232
[ep 059] val_sel AUC=0.9151 acc=0.7646
[ep 060] val_sel AUC=0.9197 acc=0.7899
[ep 061] val_sel AUC=0.9337 acc=0.8212
[ep 062] val_sel AUC=0.9347 acc=0.8134
[ep 063] val_sel AUC=0.9238 acc=0.7975
[ep 064] val_sel AUC=0.9371 acc=0.8375
[ep 065] val_sel AUC=0.9397 acc=0.8261
[ep 066] val_sel AUC=0.9328 acc=0.8281
[ep 067] val_sel AUC=0.9297 acc=0.8275
[ep 068] val_sel AUC=0.9275 acc=0.8132
[ep 069] val_sel AUC=0.9354 acc=0.8324
[ep 070] val_sel AUC=0.9419 acc=0.8514
[ep 071] val_sel AUC=0.9303 acc=0.8400
[ep 072] val_sel AUC=0.8992 acc=0.7203
[ep 073] val_sel AUC=0.9386 acc=0.8465
[ep 074] val_sel AUC=0.9418 acc=0.8503
[ep 075] val_sel AUC=0.9403 acc=0.8349
[ep 076] val_sel AUC=0.9422 acc=0.8436
[ep 077] val_sel AUC=0.9357 acc=0.8427
[ep 078] val_sel AUC=0.9384 acc=0.8443
[ep 079] val_sel AUC=0.9426 acc=0.8570
[ep 080] val_sel AUC=0.9445 acc=0.8496
[ep 081] val_sel AUC=0.9419 acc=0.8550
[ep 082] val_sel AUC=0.9438 acc=0.8505
[ep 083] val_sel AUC=0.9442 acc=0.8559
[ep 084] val_sel AUC=0.9423 acc=0.8554
[ep 085] val_sel AUC=0.9456 acc=0.8584
[ep 086] val_sel AUC=0.9428 acc=0.8539
[ep 087] val_sel AUC=0.9448 acc=0.8597
[ep 088] val_sel AUC=0.9435 acc=0.8608
[ep 089] val_sel AUC=0.9449 acc=0.8617
[ep 090] val_sel AUC=0.9444 acc=0.8606
[ep 091] val_sel AUC=0.9435 acc=0.8593
[ep 092] val_sel AUC=0.9441 acc=0.8613
[ep 093] val_sel AUC=0.9432 acc=0.8572
[ep 094] val_sel AUC=0.9444 acc=0.8615
[ep 095] val_sel AUC=0.9443 acc=0.8608
[ep 096] val_sel AUC=0.9442 acc=0.8610
============================================================
TEST (best val_sel epoch, held-out, evaluated once)
============================================================
[DONE-QPE2] embed=butterfly model_III N=250 seed=42 test_AUC=0.9419 val_sel_AUC=0.9456 per_class=(axion=0.9546 cdm=0.8936 no_sub=0.9776) params=203652 embed_params=193 R_frob_drift=1.603485107421875
