[INFO] QPE2 D=64 P=8 depth=4 | embed=butterfly | data=model_II N/class=250 seed=51 split_seed=0 | params=203652 embed_params=193 lr=0.001 epochs=96 bs=32 | train(750, 64, 64) val_sel(4455, 64, 64) test(4455, 64, 64) device=cuda
[ep 001] val_sel AUC=0.5144 acc=0.3473
[ep 002] val_sel AUC=0.5330 acc=0.3237
[ep 003] val_sel AUC=0.5373 acc=0.3473
[ep 004] val_sel AUC=0.5435 acc=0.3473
[ep 005] val_sel AUC=0.5487 acc=0.3473
[ep 006] val_sel AUC=0.5513 acc=0.3473
[ep 007] val_sel AUC=0.5512 acc=0.3473
[ep 008] val_sel AUC=0.5538 acc=0.3237
[ep 009] val_sel AUC=0.5523 acc=0.3549
[ep 010] val_sel AUC=0.5473 acc=0.3291
[ep 011] val_sel AUC=0.5434 acc=0.3295
[ep 012] val_sel AUC=0.5330 acc=0.3291
[ep 013] val_sel AUC=0.5391 acc=0.3459
[ep 014] val_sel AUC=0.5375 acc=0.3291
[ep 015] val_sel AUC=0.5349 acc=0.3441
[ep 016] val_sel AUC=0.5422 acc=0.3394
[ep 017] val_sel AUC=0.5341 acc=0.3497
[ep 018] val_sel AUC=0.5382 acc=0.3291
[ep 019] val_sel AUC=0.5358 acc=0.3576
[ep 020] val_sel AUC=0.5414 acc=0.3609
[ep 021] val_sel AUC=0.5531 acc=0.3627
[ep 022] val_sel AUC=0.5381 acc=0.3531
[ep 023] val_sel AUC=0.5511 acc=0.3632
[ep 024] val_sel AUC=0.5455 acc=0.3666
[ep 025] val_sel AUC=0.5588 acc=0.3737
[ep 026] val_sel AUC=0.5612 acc=0.3585
[ep 027] val_sel AUC=0.5809 acc=0.4047
[ep 028] val_sel AUC=0.5804 acc=0.3751
[ep 029] val_sel AUC=0.5923 acc=0.3915
[ep 030] val_sel AUC=0.5967 acc=0.3892
[ep 031] val_sel AUC=0.5974 acc=0.3951
[ep 032] val_sel AUC=0.5971 acc=0.3939
[ep 033] val_sel AUC=0.5568 acc=0.3291
[ep 034] val_sel AUC=0.5543 acc=0.3338
[ep 035] val_sel AUC=0.5644 acc=0.3827
[ep 036] val_sel AUC=0.6048 acc=0.4330
[ep 037] val_sel AUC=0.6873 acc=0.5042
[ep 038] val_sel AUC=0.7350 acc=0.4682
[ep 039] val_sel AUC=0.7563 acc=0.5672
[ep 040] val_sel AUC=0.7824 acc=0.5385
[ep 041] val_sel AUC=0.8378 acc=0.6997
[ep 042] val_sel AUC=0.8417 acc=0.6831
[ep 043] val_sel AUC=0.8154 acc=0.6112
[ep 044] val_sel AUC=0.8647 acc=0.7042
[ep 045] val_sel AUC=0.8499 acc=0.6878
[ep 046] val_sel AUC=0.8618 acc=0.6712
[ep 047] val_sel AUC=0.8786 acc=0.7306
[ep 048] val_sel AUC=0.8700 acc=0.7174
[ep 049] val_sel AUC=0.8806 acc=0.7466
[ep 050] val_sel AUC=0.8754 acc=0.6732
[ep 051] val_sel AUC=0.8497 acc=0.6732
[ep 052] val_sel AUC=0.8690 acc=0.7033
[ep 053] val_sel AUC=0.8724 acc=0.7320
[ep 054] val_sel AUC=0.8975 acc=0.7670
[ep 055] val_sel AUC=0.8435 acc=0.6985
[ep 056] val_sel AUC=0.8851 acc=0.7582
[ep 057] val_sel AUC=0.9045 acc=0.7895
[ep 058] val_sel AUC=0.8956 acc=0.7544
[ep 059] val_sel AUC=0.8981 acc=0.7728
[ep 060] val_sel AUC=0.8947 acc=0.7376
[ep 061] val_sel AUC=0.8903 acc=0.7230
[ep 062] val_sel AUC=0.9012 acc=0.7755
[ep 063] val_sel AUC=0.8818 acc=0.7248
[ep 064] val_sel AUC=0.9023 acc=0.7708
[ep 065] val_sel AUC=0.8945 acc=0.7603
[ep 066] val_sel AUC=0.8952 acc=0.7639
[ep 067] val_sel AUC=0.9001 acc=0.7690
[ep 068] val_sel AUC=0.9109 acc=0.7897
[ep 069] val_sel AUC=0.8765 acc=0.6768
[ep 070] val_sel AUC=0.9085 acc=0.7829
[ep 071] val_sel AUC=0.8892 acc=0.7277
[ep 072] val_sel AUC=0.9089 acc=0.7886
[ep 073] val_sel AUC=0.9063 acc=0.7737
[ep 074] val_sel AUC=0.9066 acc=0.7899
[ep 075] val_sel AUC=0.9023 acc=0.7755
[ep 076] val_sel AUC=0.9066 acc=0.7897
[ep 077] val_sel AUC=0.9076 acc=0.7785
[ep 078] val_sel AUC=0.9029 acc=0.7834
[ep 079] val_sel AUC=0.9054 acc=0.7746
[ep 080] val_sel AUC=0.9040 acc=0.7809
[ep 081] val_sel AUC=0.9060 acc=0.7834
[ep 082] val_sel AUC=0.9052 acc=0.7648
[ep 083] val_sel AUC=0.9072 acc=0.7802
[ep 084] val_sel AUC=0.9068 acc=0.7845
[ep 085] val_sel AUC=0.9067 acc=0.7807
[ep 086] val_sel AUC=0.9055 acc=0.7737
[ep 087] val_sel AUC=0.9042 acc=0.7735
[ep 088] val_sel AUC=0.9048 acc=0.7764
[ep 089] val_sel AUC=0.9046 acc=0.7789
[ep 090] val_sel AUC=0.9037 acc=0.7773
[ep 091] val_sel AUC=0.9037 acc=0.7778
[ep 092] val_sel AUC=0.9032 acc=0.7755
[ep 093] val_sel AUC=0.9029 acc=0.7760
[ep 094] val_sel AUC=0.9028 acc=0.7771
[ep 095] val_sel AUC=0.9028 acc=0.7769
[ep 096] val_sel AUC=0.9028 acc=0.7767
============================================================
TEST (best val_sel epoch, held-out, evaluated once)
============================================================
[DONE-QPE2] embed=butterfly model_II N=250 seed=51 test_AUC=0.9147 val_sel_AUC=0.9109 per_class=(axion=0.9276 cdm=0.8428 no_sub=0.9736) params=203652 embed_params=193 R_frob_drift=2.0520291328430176
