[INFO] QPE2 D=64 P=8 depth=4 | embed=butterfly | data=model_III N/class=250 seed=50 split_seed=0 | params=203652 embed_params=193 lr=0.001 epochs=96 bs=32 | train(750, 64, 64) val_sel(4469, 64, 64) test(4470, 64, 64) device=cuda
[ep 001] val_sel AUC=0.5646 acc=0.3283
[ep 002] val_sel AUC=0.5702 acc=0.3283
[ep 003] val_sel AUC=0.5636 acc=0.3285
[ep 004] val_sel AUC=0.5634 acc=0.3283
[ep 005] val_sel AUC=0.5624 acc=0.3433
[ep 006] val_sel AUC=0.5602 acc=0.3433
[ep 007] val_sel AUC=0.5551 acc=0.3285
[ep 008] val_sel AUC=0.5537 acc=0.3285
[ep 009] val_sel AUC=0.5487 acc=0.3283
[ep 010] val_sel AUC=0.5384 acc=0.3285
[ep 011] val_sel AUC=0.5325 acc=0.3283
[ep 012] val_sel AUC=0.5336 acc=0.3283
[ep 013] val_sel AUC=0.5304 acc=0.3433
[ep 014] val_sel AUC=0.5386 acc=0.3504
[ep 015] val_sel AUC=0.6093 acc=0.3835
[ep 016] val_sel AUC=0.6817 acc=0.4930
[ep 017] val_sel AUC=0.7711 acc=0.5778
[ep 018] val_sel AUC=0.8354 acc=0.6697
[ep 019] val_sel AUC=0.8379 acc=0.6529
[ep 020] val_sel AUC=0.8449 acc=0.6415
[ep 021] val_sel AUC=0.8696 acc=0.6995
[ep 022] val_sel AUC=0.8950 acc=0.7317
[ep 023] val_sel AUC=0.8939 acc=0.7313
[ep 024] val_sel AUC=0.8844 acc=0.7252
[ep 025] val_sel AUC=0.8992 acc=0.7507
[ep 026] val_sel AUC=0.9120 acc=0.7872
[ep 027] val_sel AUC=0.9136 acc=0.7892
[ep 028] val_sel AUC=0.9150 acc=0.7796
[ep 029] val_sel AUC=0.9147 acc=0.7798
[ep 030] val_sel AUC=0.9159 acc=0.7852
[ep 031] val_sel AUC=0.9161 acc=0.7834
[ep 032] val_sel AUC=0.9162 acc=0.7861
[ep 033] val_sel AUC=0.8369 acc=0.6720
[ep 034] val_sel AUC=0.8977 acc=0.7512
[ep 035] val_sel AUC=0.8807 acc=0.6988
[ep 036] val_sel AUC=0.8981 acc=0.7487
[ep 037] val_sel AUC=0.8775 acc=0.7198
[ep 038] val_sel AUC=0.9053 acc=0.7785
[ep 039] val_sel AUC=0.8831 acc=0.6993
[ep 040] val_sel AUC=0.9194 acc=0.7890
[ep 041] val_sel AUC=0.9091 acc=0.7662
[ep 042] val_sel AUC=0.9121 acc=0.7682
[ep 043] val_sel AUC=0.8951 acc=0.7557
[ep 044] val_sel AUC=0.8790 acc=0.7073
[ep 045] val_sel AUC=0.8941 acc=0.7165
[ep 046] val_sel AUC=0.9040 acc=0.7845
[ep 047] val_sel AUC=0.9175 acc=0.7975
[ep 048] val_sel AUC=0.8823 acc=0.7214
[ep 049] val_sel AUC=0.9186 acc=0.7659
[ep 050] val_sel AUC=0.9149 acc=0.7908
[ep 051] val_sel AUC=0.9150 acc=0.7841
[ep 052] val_sel AUC=0.9129 acc=0.7836
[ep 053] val_sel AUC=0.9277 acc=0.8060
[ep 054] val_sel AUC=0.9196 acc=0.7950
[ep 055] val_sel AUC=0.9200 acc=0.7977
[ep 056] val_sel AUC=0.9314 acc=0.8011
[ep 057] val_sel AUC=0.9255 acc=0.7973
[ep 058] val_sel AUC=0.9151 acc=0.7742
[ep 059] val_sel AUC=0.9247 acc=0.7783
[ep 060] val_sel AUC=0.9069 acc=0.7675
[ep 061] val_sel AUC=0.9172 acc=0.7856
[ep 062] val_sel AUC=0.9320 acc=0.8091
[ep 063] val_sel AUC=0.9228 acc=0.7923
[ep 064] val_sel AUC=0.9312 acc=0.8087
[ep 065] val_sel AUC=0.9258 acc=0.8004
[ep 066] val_sel AUC=0.9324 acc=0.8259
[ep 067] val_sel AUC=0.9320 acc=0.8172
[ep 068] val_sel AUC=0.9358 acc=0.8279
[ep 069] val_sel AUC=0.9363 acc=0.8302
[ep 070] val_sel AUC=0.9299 acc=0.8123
[ep 071] val_sel AUC=0.9317 acc=0.8132
[ep 072] val_sel AUC=0.9194 acc=0.7957
[ep 073] val_sel AUC=0.9341 acc=0.8266
[ep 074] val_sel AUC=0.9359 acc=0.8380
[ep 075] val_sel AUC=0.9409 acc=0.8436
[ep 076] val_sel AUC=0.9361 acc=0.8248
[ep 077] val_sel AUC=0.9397 acc=0.8375
[ep 078] val_sel AUC=0.9397 acc=0.8416
[ep 079] val_sel AUC=0.9359 acc=0.8355
[ep 080] val_sel AUC=0.9303 acc=0.8277
[ep 081] val_sel AUC=0.9373 acc=0.8369
[ep 082] val_sel AUC=0.9374 acc=0.8487
[ep 083] val_sel AUC=0.9377 acc=0.8452
[ep 084] val_sel AUC=0.9326 acc=0.8237
[ep 085] val_sel AUC=0.9361 acc=0.8447
[ep 086] val_sel AUC=0.9326 acc=0.8326
[ep 087] val_sel AUC=0.9363 acc=0.8461
[ep 088] val_sel AUC=0.9357 acc=0.8463
[ep 089] val_sel AUC=0.9374 acc=0.8490
[ep 090] val_sel AUC=0.9358 acc=0.8494
[ep 091] val_sel AUC=0.9342 acc=0.8434
[ep 092] val_sel AUC=0.9360 acc=0.8485
[ep 093] val_sel AUC=0.9360 acc=0.8501
[ep 094] val_sel AUC=0.9351 acc=0.8469
[ep 095] val_sel AUC=0.9351 acc=0.8476
[ep 096] val_sel AUC=0.9352 acc=0.8483
============================================================
TEST (best val_sel epoch, held-out, evaluated once)
============================================================
[DONE-QPE2] embed=butterfly model_III N=250 seed=50 test_AUC=0.9391 val_sel_AUC=0.9409 per_class=(axion=0.9437 cdm=0.8920 no_sub=0.9817) params=203652 embed_params=193 R_frob_drift=1.7624543905258179
