[INFO] QPE2 D=64 P=8 depth=4 | embed=butterfly | data=model_III N/class=250 seed=59 split_seed=0 | params=203652 embed_params=193 lr=0.001 epochs=96 bs=32 | train(750, 64, 64) val_sel(4469, 64, 64) test(4470, 64, 64) device=cuda
[ep 001] val_sel AUC=0.4812 acc=0.3283
[ep 002] val_sel AUC=0.4983 acc=0.3285
[ep 003] val_sel AUC=0.5144 acc=0.3285
[ep 004] val_sel AUC=0.5294 acc=0.3283
[ep 005] val_sel AUC=0.5425 acc=0.3283
[ep 006] val_sel AUC=0.5502 acc=0.3285
[ep 007] val_sel AUC=0.5623 acc=0.3283
[ep 008] val_sel AUC=0.5578 acc=0.3433
[ep 009] val_sel AUC=0.5629 acc=0.3285
[ep 010] val_sel AUC=0.5707 acc=0.3283
[ep 011] val_sel AUC=0.5661 acc=0.3285
[ep 012] val_sel AUC=0.5623 acc=0.3433
[ep 013] val_sel AUC=0.5684 acc=0.3285
[ep 014] val_sel AUC=0.5585 acc=0.3428
[ep 015] val_sel AUC=0.5535 acc=0.3285
[ep 016] val_sel AUC=0.5600 acc=0.3497
[ep 017] val_sel AUC=0.5910 acc=0.3981
[ep 018] val_sel AUC=0.6193 acc=0.4048
[ep 019] val_sel AUC=0.7085 acc=0.5124
[ep 020] val_sel AUC=0.7605 acc=0.5520
[ep 021] val_sel AUC=0.8292 acc=0.6635
[ep 022] val_sel AUC=0.8325 acc=0.6373
[ep 023] val_sel AUC=0.8488 acc=0.6986
[ep 024] val_sel AUC=0.8479 acc=0.6995
[ep 025] val_sel AUC=0.8689 acc=0.7183
[ep 026] val_sel AUC=0.8750 acc=0.7239
[ep 027] val_sel AUC=0.8775 acc=0.7411
[ep 028] val_sel AUC=0.8803 acc=0.7422
[ep 029] val_sel AUC=0.8819 acc=0.7451
[ep 030] val_sel AUC=0.8845 acc=0.7505
[ep 031] val_sel AUC=0.8850 acc=0.7530
[ep 032] val_sel AUC=0.8850 acc=0.7525
[ep 033] val_sel AUC=0.8568 acc=0.6984
[ep 034] val_sel AUC=0.8027 acc=0.5816
[ep 035] val_sel AUC=0.8774 acc=0.7319
[ep 036] val_sel AUC=0.8831 acc=0.7333
[ep 037] val_sel AUC=0.8456 acc=0.6178
[ep 038] val_sel AUC=0.8832 acc=0.7237
[ep 039] val_sel AUC=0.8321 acc=0.6554
[ep 040] val_sel AUC=0.9033 acc=0.7545
[ep 041] val_sel AUC=0.9015 acc=0.7364
[ep 042] val_sel AUC=0.8848 acc=0.7489
[ep 043] val_sel AUC=0.8934 acc=0.7548
[ep 044] val_sel AUC=0.8842 acc=0.7402
[ep 045] val_sel AUC=0.9091 acc=0.7539
[ep 046] val_sel AUC=0.9233 acc=0.8004
[ep 047] val_sel AUC=0.9111 acc=0.7975
[ep 048] val_sel AUC=0.9160 acc=0.7910
[ep 049] val_sel AUC=0.8725 acc=0.7098
[ep 050] val_sel AUC=0.9003 acc=0.7203
[ep 051] val_sel AUC=0.9134 acc=0.7615
[ep 052] val_sel AUC=0.9236 acc=0.8163
[ep 053] val_sel AUC=0.9170 acc=0.7689
[ep 054] val_sel AUC=0.9049 acc=0.7637
[ep 055] val_sel AUC=0.9089 acc=0.7292
[ep 056] val_sel AUC=0.9038 acc=0.7780
[ep 057] val_sel AUC=0.9106 acc=0.7633
[ep 058] val_sel AUC=0.9142 acc=0.7838
[ep 059] val_sel AUC=0.9241 acc=0.8024
[ep 060] val_sel AUC=0.9198 acc=0.7852
[ep 061] val_sel AUC=0.9223 acc=0.7986
[ep 062] val_sel AUC=0.9172 acc=0.7774
[ep 063] val_sel AUC=0.9240 acc=0.8105
[ep 064] val_sel AUC=0.9270 acc=0.8114
[ep 065] val_sel AUC=0.9229 acc=0.8094
[ep 066] val_sel AUC=0.9163 acc=0.7876
[ep 067] val_sel AUC=0.9093 acc=0.7805
[ep 068] val_sel AUC=0.9292 acc=0.8286
[ep 069] val_sel AUC=0.9343 acc=0.8320
[ep 070] val_sel AUC=0.9284 acc=0.8017
[ep 071] val_sel AUC=0.9306 acc=0.8114
[ep 072] val_sel AUC=0.9325 acc=0.8176
[ep 073] val_sel AUC=0.9312 acc=0.8188
[ep 074] val_sel AUC=0.9341 acc=0.8367
[ep 075] val_sel AUC=0.9309 acc=0.8172
[ep 076] val_sel AUC=0.9379 acc=0.8481
[ep 077] val_sel AUC=0.9376 acc=0.8387
[ep 078] val_sel AUC=0.9388 acc=0.8467
[ep 079] val_sel AUC=0.9354 acc=0.8179
[ep 080] val_sel AUC=0.9375 acc=0.8456
[ep 081] val_sel AUC=0.9368 acc=0.8420
[ep 082] val_sel AUC=0.9399 acc=0.8514
[ep 083] val_sel AUC=0.9408 acc=0.8516
[ep 084] val_sel AUC=0.9389 acc=0.8552
[ep 085] val_sel AUC=0.9398 acc=0.8566
[ep 086] val_sel AUC=0.9395 acc=0.8541
[ep 087] val_sel AUC=0.9400 acc=0.8548
[ep 088] val_sel AUC=0.9405 acc=0.8548
[ep 089] val_sel AUC=0.9403 acc=0.8537
[ep 090] val_sel AUC=0.9403 acc=0.8563
[ep 091] val_sel AUC=0.9408 acc=0.8579
[ep 092] val_sel AUC=0.9410 acc=0.8577
[ep 093] val_sel AUC=0.9408 acc=0.8588
[ep 094] val_sel AUC=0.9409 acc=0.8588
[ep 095] val_sel AUC=0.9409 acc=0.8590
[ep 096] val_sel AUC=0.9409 acc=0.8584
============================================================
TEST (best val_sel epoch, held-out, evaluated once)
============================================================
[DONE-QPE2] embed=butterfly model_III N=250 seed=59 test_AUC=0.9351 val_sel_AUC=0.9410 per_class=(axion=0.9465 cdm=0.8821 no_sub=0.9765) params=203652 embed_params=193 R_frob_drift=1.928971290588379
