[INFO] QPE2 D=64 P=8 depth=4 | embed=butterfly | data=model_III N/class=100 seed=44 split_seed=0 | params=203652 embed_params=193 lr=0.001 epochs=96 bs=32 | train(300, 64, 64) val_sel(4469, 64, 64) test(4470, 64, 64) device=cuda
[ep 001] val_sel AUC=0.5218 acc=0.3285
[ep 002] val_sel AUC=0.5033 acc=0.3316
[ep 003] val_sel AUC=0.5097 acc=0.3283
[ep 004] val_sel AUC=0.5124 acc=0.3285
[ep 005] val_sel AUC=0.5158 acc=0.3283
[ep 006] val_sel AUC=0.5185 acc=0.3433
[ep 007] val_sel AUC=0.5204 acc=0.3374
[ep 008] val_sel AUC=0.5241 acc=0.3330
[ep 009] val_sel AUC=0.5246 acc=0.3433
[ep 010] val_sel AUC=0.5260 acc=0.3433
[ep 011] val_sel AUC=0.5243 acc=0.3301
[ep 012] val_sel AUC=0.5221 acc=0.3283
[ep 013] val_sel AUC=0.5208 acc=0.3433
[ep 014] val_sel AUC=0.5232 acc=0.3283
[ep 015] val_sel AUC=0.5227 acc=0.3296
[ep 016] val_sel AUC=0.5238 acc=0.3433
[ep 017] val_sel AUC=0.5256 acc=0.3368
[ep 018] val_sel AUC=0.5281 acc=0.3513
[ep 019] val_sel AUC=0.5295 acc=0.3549
[ep 020] val_sel AUC=0.5341 acc=0.3708
[ep 021] val_sel AUC=0.5394 acc=0.3417
[ep 022] val_sel AUC=0.5438 acc=0.3813
[ep 023] val_sel AUC=0.5483 acc=0.3663
[ep 024] val_sel AUC=0.5518 acc=0.3569
[ep 025] val_sel AUC=0.5623 acc=0.3833
[ep 026] val_sel AUC=0.5684 acc=0.3804
[ep 027] val_sel AUC=0.5724 acc=0.3806
[ep 028] val_sel AUC=0.5748 acc=0.3851
[ep 029] val_sel AUC=0.5752 acc=0.3759
[ep 030] val_sel AUC=0.5759 acc=0.3817
[ep 031] val_sel AUC=0.5761 acc=0.3811
[ep 032] val_sel AUC=0.5762 acc=0.3820
[ep 033] val_sel AUC=0.5707 acc=0.3412
[ep 034] val_sel AUC=0.6445 acc=0.3614
[ep 035] val_sel AUC=0.6428 acc=0.4366
[ep 036] val_sel AUC=0.5927 acc=0.3672
[ep 037] val_sel AUC=0.6211 acc=0.3549
[ep 038] val_sel AUC=0.6647 acc=0.4589
[ep 039] val_sel AUC=0.7037 acc=0.4692
[ep 040] val_sel AUC=0.7059 acc=0.5057
[ep 041] val_sel AUC=0.7443 acc=0.5623
[ep 042] val_sel AUC=0.7212 acc=0.4417
[ep 043] val_sel AUC=0.7613 acc=0.6021
[ep 044] val_sel AUC=0.7334 acc=0.4661
[ep 045] val_sel AUC=0.7435 acc=0.5538
[ep 046] val_sel AUC=0.7629 acc=0.4994
[ep 047] val_sel AUC=0.7592 acc=0.5164
[ep 048] val_sel AUC=0.7724 acc=0.5784
[ep 049] val_sel AUC=0.7845 acc=0.5610
[ep 050] val_sel AUC=0.7472 acc=0.5507
[ep 051] val_sel AUC=0.7824 acc=0.6109
[ep 052] val_sel AUC=0.7694 acc=0.5502
[ep 053] val_sel AUC=0.7833 acc=0.5695
[ep 054] val_sel AUC=0.8008 acc=0.6415
[ep 055] val_sel AUC=0.8183 acc=0.6614
[ep 056] val_sel AUC=0.8186 acc=0.6767
[ep 057] val_sel AUC=0.8287 acc=0.6498
[ep 058] val_sel AUC=0.8099 acc=0.6176
[ep 059] val_sel AUC=0.8306 acc=0.6706
[ep 060] val_sel AUC=0.8067 acc=0.6174
[ep 061] val_sel AUC=0.8123 acc=0.6098
[ep 062] val_sel AUC=0.8205 acc=0.6142
[ep 063] val_sel AUC=0.8337 acc=0.6749
[ep 064] val_sel AUC=0.8256 acc=0.6655
[ep 065] val_sel AUC=0.8412 acc=0.6925
[ep 066] val_sel AUC=0.8401 acc=0.6946
[ep 067] val_sel AUC=0.8509 acc=0.7134
[ep 068] val_sel AUC=0.8467 acc=0.6910
[ep 069] val_sel AUC=0.8480 acc=0.6955
[ep 070] val_sel AUC=0.8443 acc=0.6919
[ep 071] val_sel AUC=0.8531 acc=0.7138
[ep 072] val_sel AUC=0.8347 acc=0.6811
[ep 073] val_sel AUC=0.8521 acc=0.6925
[ep 074] val_sel AUC=0.8606 acc=0.7185
[ep 075] val_sel AUC=0.8636 acc=0.7169
[ep 076] val_sel AUC=0.8656 acc=0.7317
[ep 077] val_sel AUC=0.8678 acc=0.7301
[ep 078] val_sel AUC=0.8647 acc=0.7089
[ep 079] val_sel AUC=0.8704 acc=0.7357
[ep 080] val_sel AUC=0.8554 acc=0.6829
[ep 081] val_sel AUC=0.8685 acc=0.7261
[ep 082] val_sel AUC=0.8712 acc=0.7373
[ep 083] val_sel AUC=0.8699 acc=0.7322
[ep 084] val_sel AUC=0.8727 acc=0.7384
[ep 085] val_sel AUC=0.8724 acc=0.7384
[ep 086] val_sel AUC=0.8736 acc=0.7400
[ep 087] val_sel AUC=0.8729 acc=0.7362
[ep 088] val_sel AUC=0.8736 acc=0.7393
[ep 089] val_sel AUC=0.8732 acc=0.7382
[ep 090] val_sel AUC=0.8729 acc=0.7377
[ep 091] val_sel AUC=0.8727 acc=0.7384
[ep 092] val_sel AUC=0.8730 acc=0.7355
[ep 093] val_sel AUC=0.8732 acc=0.7389
[ep 094] val_sel AUC=0.8733 acc=0.7377
[ep 095] val_sel AUC=0.8732 acc=0.7382
[ep 096] val_sel AUC=0.8732 acc=0.7375
============================================================
TEST (best val_sel epoch, held-out, evaluated once)
============================================================
[DONE-QPE2] embed=butterfly model_III N=100 seed=44 test_AUC=0.8679 val_sel_AUC=0.8736 per_class=(axion=0.9134 cdm=0.7688 no_sub=0.9214) params=203652 embed_params=193 R_frob_drift=1.5056390762329102
