[INFO] QPE2 D=64 P=8 depth=4 | embed=butterfly | data=model_II N/class=250 seed=49 split_seed=0 | params=203652 embed_params=193 lr=0.001 epochs=96 bs=32 | train(750, 64, 64) val_sel(4455, 64, 64) test(4455, 64, 64) device=cuda
[ep 001] val_sel AUC=0.5560 acc=0.3291
[ep 002] val_sel AUC=0.5649 acc=0.3473
[ep 003] val_sel AUC=0.5616 acc=0.3237
[ep 004] val_sel AUC=0.5621 acc=0.3291
[ep 005] val_sel AUC=0.5557 acc=0.3473
[ep 006] val_sel AUC=0.5500 acc=0.3237
[ep 007] val_sel AUC=0.5413 acc=0.3291
[ep 008] val_sel AUC=0.5389 acc=0.3291
[ep 009] val_sel AUC=0.5340 acc=0.3410
[ep 010] val_sel AUC=0.5300 acc=0.3374
[ep 011] val_sel AUC=0.5374 acc=0.3574
[ep 012] val_sel AUC=0.5419 acc=0.3596
[ep 013] val_sel AUC=0.5531 acc=0.3614
[ep 014] val_sel AUC=0.5777 acc=0.3719
[ep 015] val_sel AUC=0.6022 acc=0.3414
[ep 016] val_sel AUC=0.6319 acc=0.4132
[ep 017] val_sel AUC=0.7102 acc=0.5046
[ep 018] val_sel AUC=0.7391 acc=0.5342
[ep 019] val_sel AUC=0.8061 acc=0.6168
[ep 020] val_sel AUC=0.8328 acc=0.6770
[ep 021] val_sel AUC=0.8278 acc=0.6355
[ep 022] val_sel AUC=0.8654 acc=0.6999
[ep 023] val_sel AUC=0.8650 acc=0.7131
[ep 024] val_sel AUC=0.8796 acc=0.7286
[ep 025] val_sel AUC=0.8783 acc=0.7389
[ep 026] val_sel AUC=0.8840 acc=0.7410
[ep 027] val_sel AUC=0.8856 acc=0.7495
[ep 028] val_sel AUC=0.8871 acc=0.7502
[ep 029] val_sel AUC=0.8888 acc=0.7455
[ep 030] val_sel AUC=0.8887 acc=0.7522
[ep 031] val_sel AUC=0.8904 acc=0.7493
[ep 032] val_sel AUC=0.8904 acc=0.7502
[ep 033] val_sel AUC=0.8269 acc=0.6339
[ep 034] val_sel AUC=0.8733 acc=0.7006
[ep 035] val_sel AUC=0.8826 acc=0.7457
[ep 036] val_sel AUC=0.8885 acc=0.7432
[ep 037] val_sel AUC=0.8670 acc=0.7506
[ep 038] val_sel AUC=0.8793 acc=0.7531
[ep 039] val_sel AUC=0.8283 acc=0.6438
[ep 040] val_sel AUC=0.8893 acc=0.7342
[ep 041] val_sel AUC=0.9044 acc=0.7526
[ep 042] val_sel AUC=0.8949 acc=0.7569
[ep 043] val_sel AUC=0.8661 acc=0.6927
[ep 044] val_sel AUC=0.8961 acc=0.7733
[ep 045] val_sel AUC=0.8338 acc=0.6460
[ep 046] val_sel AUC=0.9144 acc=0.7912
[ep 047] val_sel AUC=0.8654 acc=0.7439
[ep 048] val_sel AUC=0.9129 acc=0.7926
[ep 049] val_sel AUC=0.8904 acc=0.7569
[ep 050] val_sel AUC=0.8951 acc=0.7663
[ep 051] val_sel AUC=0.9126 acc=0.7841
[ep 052] val_sel AUC=0.8901 acc=0.7697
[ep 053] val_sel AUC=0.9134 acc=0.7966
[ep 054] val_sel AUC=0.9093 acc=0.7971
[ep 055] val_sel AUC=0.9156 acc=0.7829
[ep 056] val_sel AUC=0.9154 acc=0.7930
[ep 057] val_sel AUC=0.9243 acc=0.7897
[ep 058] val_sel AUC=0.8462 acc=0.6620
[ep 059] val_sel AUC=0.9071 acc=0.7715
[ep 060] val_sel AUC=0.9105 acc=0.7596
[ep 061] val_sel AUC=0.9279 acc=0.8144
[ep 062] val_sel AUC=0.9138 acc=0.7946
[ep 063] val_sel AUC=0.9186 acc=0.7942
[ep 064] val_sel AUC=0.9246 acc=0.8180
[ep 065] val_sel AUC=0.9207 acc=0.8088
[ep 066] val_sel AUC=0.9116 acc=0.7921
[ep 067] val_sel AUC=0.9165 acc=0.8002
[ep 068] val_sel AUC=0.9207 acc=0.8173
[ep 069] val_sel AUC=0.9297 acc=0.8294
[ep 070] val_sel AUC=0.9273 acc=0.8278
[ep 071] val_sel AUC=0.8818 acc=0.7524
[ep 072] val_sel AUC=0.9284 acc=0.8332
[ep 073] val_sel AUC=0.9283 acc=0.8373
[ep 074] val_sel AUC=0.9287 acc=0.8310
[ep 075] val_sel AUC=0.9279 acc=0.8377
[ep 076] val_sel AUC=0.9304 acc=0.8395
[ep 077] val_sel AUC=0.9267 acc=0.8254
[ep 078] val_sel AUC=0.9232 acc=0.8040
[ep 079] val_sel AUC=0.9304 acc=0.8469
[ep 080] val_sel AUC=0.9310 acc=0.8384
[ep 081] val_sel AUC=0.9330 acc=0.8377
[ep 082] val_sel AUC=0.9284 acc=0.8361
[ep 083] val_sel AUC=0.9284 acc=0.8236
[ep 084] val_sel AUC=0.9329 acc=0.8474
[ep 085] val_sel AUC=0.9309 acc=0.8370
[ep 086] val_sel AUC=0.9329 acc=0.8467
[ep 087] val_sel AUC=0.9322 acc=0.8400
[ep 088] val_sel AUC=0.9321 acc=0.8395
[ep 089] val_sel AUC=0.9308 acc=0.8364
[ep 090] val_sel AUC=0.9320 acc=0.8406
[ep 091] val_sel AUC=0.9313 acc=0.8375
[ep 092] val_sel AUC=0.9315 acc=0.8382
[ep 093] val_sel AUC=0.9317 acc=0.8393
[ep 094] val_sel AUC=0.9317 acc=0.8391
[ep 095] val_sel AUC=0.9315 acc=0.8388
[ep 096] val_sel AUC=0.9315 acc=0.8386
============================================================
TEST (best val_sel epoch, held-out, evaluated once)
============================================================
[DONE-QPE2] embed=butterfly model_II N=250 seed=49 test_AUC=0.9355 val_sel_AUC=0.9330 per_class=(axion=0.9410 cdm=0.8808 no_sub=0.9847) params=203652 embed_params=193 R_frob_drift=1.540177345275879
