[INFO] QPE2 D=64 P=8 depth=4 | embed=butterfly | data=model_III N/class=250 seed=51 split_seed=0 | params=203652 embed_params=193 lr=0.001 epochs=96 bs=32 | train(750, 64, 64) val_sel(4469, 64, 64) test(4470, 64, 64) device=cuda
[ep 001] val_sel AUC=0.4941 acc=0.3433
[ep 002] val_sel AUC=0.5354 acc=0.3285
[ep 003] val_sel AUC=0.5436 acc=0.3433
[ep 004] val_sel AUC=0.5536 acc=0.3433
[ep 005] val_sel AUC=0.5612 acc=0.3433
[ep 006] val_sel AUC=0.5609 acc=0.3433
[ep 007] val_sel AUC=0.5499 acc=0.3491
[ep 008] val_sel AUC=0.5416 acc=0.3285
[ep 009] val_sel AUC=0.5322 acc=0.3578
[ep 010] val_sel AUC=0.5277 acc=0.3386
[ep 011] val_sel AUC=0.5331 acc=0.3531
[ep 012] val_sel AUC=0.5447 acc=0.3356
[ep 013] val_sel AUC=0.5811 acc=0.3562
[ep 014] val_sel AUC=0.6225 acc=0.4274
[ep 015] val_sel AUC=0.6553 acc=0.4549
[ep 016] val_sel AUC=0.6713 acc=0.4422
[ep 017] val_sel AUC=0.7330 acc=0.5290
[ep 018] val_sel AUC=0.7679 acc=0.5489
[ep 019] val_sel AUC=0.7855 acc=0.5898
[ep 020] val_sel AUC=0.8003 acc=0.6084
[ep 021] val_sel AUC=0.8061 acc=0.6075
[ep 022] val_sel AUC=0.8260 acc=0.6426
[ep 023] val_sel AUC=0.8388 acc=0.6471
[ep 024] val_sel AUC=0.8533 acc=0.6657
[ep 025] val_sel AUC=0.8396 acc=0.6921
[ep 026] val_sel AUC=0.8929 acc=0.7395
[ep 027] val_sel AUC=0.8915 acc=0.7639
[ep 028] val_sel AUC=0.8944 acc=0.7552
[ep 029] val_sel AUC=0.8988 acc=0.7624
[ep 030] val_sel AUC=0.9010 acc=0.7778
[ep 031] val_sel AUC=0.9006 acc=0.7756
[ep 032] val_sel AUC=0.9009 acc=0.7731
[ep 033] val_sel AUC=0.8075 acc=0.5820
[ep 034] val_sel AUC=0.8820 acc=0.7127
[ep 035] val_sel AUC=0.8768 acc=0.7241
[ep 036] val_sel AUC=0.8600 acc=0.6955
[ep 037] val_sel AUC=0.8677 acc=0.6449
[ep 038] val_sel AUC=0.8727 acc=0.7362
[ep 039] val_sel AUC=0.8433 acc=0.6053
[ep 040] val_sel AUC=0.8851 acc=0.7225
[ep 041] val_sel AUC=0.8818 acc=0.7194
[ep 042] val_sel AUC=0.8545 acc=0.7091
[ep 043] val_sel AUC=0.8873 acc=0.7104
[ep 044] val_sel AUC=0.8800 acc=0.6874
[ep 045] val_sel AUC=0.8878 acc=0.6836
[ep 046] val_sel AUC=0.8923 acc=0.7424
[ep 047] val_sel AUC=0.9010 acc=0.7505
[ep 048] val_sel AUC=0.9093 acc=0.7783
[ep 049] val_sel AUC=0.8703 acc=0.7167
[ep 050] val_sel AUC=0.9018 acc=0.7718
[ep 051] val_sel AUC=0.8893 acc=0.7031
[ep 052] val_sel AUC=0.9131 acc=0.8029
[ep 053] val_sel AUC=0.9126 acc=0.7885
[ep 054] val_sel AUC=0.8844 acc=0.7525
[ep 055] val_sel AUC=0.9036 acc=0.7476
[ep 056] val_sel AUC=0.9166 acc=0.7805
[ep 057] val_sel AUC=0.9208 acc=0.8067
[ep 058] val_sel AUC=0.9231 acc=0.8145
[ep 059] val_sel AUC=0.9036 acc=0.7850
[ep 060] val_sel AUC=0.9157 acc=0.7702
[ep 061] val_sel AUC=0.9063 acc=0.7715
[ep 062] val_sel AUC=0.9236 acc=0.8136
[ep 063] val_sel AUC=0.9186 acc=0.8143
[ep 064] val_sel AUC=0.9092 acc=0.7903
[ep 065] val_sel AUC=0.9198 acc=0.8105
[ep 066] val_sel AUC=0.9242 acc=0.8290
[ep 067] val_sel AUC=0.9219 acc=0.8201
[ep 068] val_sel AUC=0.9203 acc=0.8176
[ep 069] val_sel AUC=0.9218 acc=0.8185
[ep 070] val_sel AUC=0.8969 acc=0.7577
[ep 071] val_sel AUC=0.9236 acc=0.8239
[ep 072] val_sel AUC=0.9241 acc=0.8091
[ep 073] val_sel AUC=0.9267 acc=0.8100
[ep 074] val_sel AUC=0.9254 acc=0.8145
[ep 075] val_sel AUC=0.9264 acc=0.8246
[ep 076] val_sel AUC=0.9166 acc=0.7966
[ep 077] val_sel AUC=0.9241 acc=0.8212
[ep 078] val_sel AUC=0.9299 acc=0.8490
[ep 079] val_sel AUC=0.9280 acc=0.8344
[ep 080] val_sel AUC=0.9254 acc=0.8378
[ep 081] val_sel AUC=0.9283 acc=0.8396
[ep 082] val_sel AUC=0.9259 acc=0.8293
[ep 083] val_sel AUC=0.9295 acc=0.8449
[ep 084] val_sel AUC=0.9293 acc=0.8398
[ep 085] val_sel AUC=0.9314 acc=0.8467
[ep 086] val_sel AUC=0.9301 acc=0.8405
[ep 087] val_sel AUC=0.9301 acc=0.8456
[ep 088] val_sel AUC=0.9298 acc=0.8461
[ep 089] val_sel AUC=0.9308 acc=0.8496
[ep 090] val_sel AUC=0.9312 acc=0.8481
[ep 091] val_sel AUC=0.9305 acc=0.8472
[ep 092] val_sel AUC=0.9303 acc=0.8483
[ep 093] val_sel AUC=0.9304 acc=0.8481
[ep 094] val_sel AUC=0.9303 acc=0.8476
[ep 095] val_sel AUC=0.9303 acc=0.8469
[ep 096] val_sel AUC=0.9303 acc=0.8474
============================================================
TEST (best val_sel epoch, held-out, evaluated once)
============================================================
[DONE-QPE2] embed=butterfly model_III N=250 seed=51 test_AUC=0.9240 val_sel_AUC=0.9314 per_class=(axion=0.9351 cdm=0.8584 no_sub=0.9785) params=203652 embed_params=193 R_frob_drift=1.7927862405776978
