[INFO] QPE2 D=64 P=8 depth=4 | embed=butterfly | data=model_II N/class=250 seed=54 split_seed=0 | params=203652 embed_params=193 lr=0.001 epochs=96 bs=32 | train(750, 64, 64) val_sel(4455, 64, 64) test(4455, 64, 64) device=cuda
[ep 001] val_sel AUC=0.5085 acc=0.3237
[ep 002] val_sel AUC=0.5133 acc=0.3237
[ep 003] val_sel AUC=0.5162 acc=0.3237
[ep 004] val_sel AUC=0.5198 acc=0.3237
[ep 005] val_sel AUC=0.5195 acc=0.3473
[ep 006] val_sel AUC=0.5222 acc=0.3473
[ep 007] val_sel AUC=0.5249 acc=0.3291
[ep 008] val_sel AUC=0.5229 acc=0.3473
[ep 009] val_sel AUC=0.5239 acc=0.3473
[ep 010] val_sel AUC=0.5226 acc=0.3473
[ep 011] val_sel AUC=0.5219 acc=0.3414
[ep 012] val_sel AUC=0.5272 acc=0.3356
[ep 013] val_sel AUC=0.5311 acc=0.3490
[ep 014] val_sel AUC=0.5305 acc=0.3526
[ep 015] val_sel AUC=0.5378 acc=0.3241
[ep 016] val_sel AUC=0.5381 acc=0.3596
[ep 017] val_sel AUC=0.5384 acc=0.3473
[ep 018] val_sel AUC=0.5617 acc=0.3915
[ep 019] val_sel AUC=0.5776 acc=0.4074
[ep 020] val_sel AUC=0.6266 acc=0.4651
[ep 021] val_sel AUC=0.7080 acc=0.4905
[ep 022] val_sel AUC=0.7266 acc=0.5026
[ep 023] val_sel AUC=0.7457 acc=0.5504
[ep 024] val_sel AUC=0.7441 acc=0.5450
[ep 025] val_sel AUC=0.7678 acc=0.5589
[ep 026] val_sel AUC=0.7729 acc=0.5636
[ep 027] val_sel AUC=0.7898 acc=0.6103
[ep 028] val_sel AUC=0.7959 acc=0.6382
[ep 029] val_sel AUC=0.8078 acc=0.6290
[ep 030] val_sel AUC=0.8136 acc=0.6516
[ep 031] val_sel AUC=0.8145 acc=0.6521
[ep 032] val_sel AUC=0.8152 acc=0.6501
[ep 033] val_sel AUC=0.8069 acc=0.5856
[ep 034] val_sel AUC=0.7236 acc=0.4911
[ep 035] val_sel AUC=0.7783 acc=0.4815
[ep 036] val_sel AUC=0.7800 acc=0.5755
[ep 037] val_sel AUC=0.8135 acc=0.6157
[ep 038] val_sel AUC=0.7861 acc=0.5890
[ep 039] val_sel AUC=0.8360 acc=0.6631
[ep 040] val_sel AUC=0.8259 acc=0.6590
[ep 041] val_sel AUC=0.7904 acc=0.5517
[ep 042] val_sel AUC=0.8660 acc=0.7044
[ep 043] val_sel AUC=0.8756 acc=0.7145
[ep 044] val_sel AUC=0.8663 acc=0.7351
[ep 045] val_sel AUC=0.8762 acc=0.6718
[ep 046] val_sel AUC=0.7780 acc=0.5185
[ep 047] val_sel AUC=0.8737 acc=0.7356
[ep 048] val_sel AUC=0.8934 acc=0.7600
[ep 049] val_sel AUC=0.8828 acc=0.7295
[ep 050] val_sel AUC=0.8967 acc=0.7504
[ep 051] val_sel AUC=0.8395 acc=0.6631
[ep 052] val_sel AUC=0.8894 acc=0.7259
[ep 053] val_sel AUC=0.9074 acc=0.7877
[ep 054] val_sel AUC=0.8921 acc=0.7621
[ep 055] val_sel AUC=0.8853 acc=0.7612
[ep 056] val_sel AUC=0.8927 acc=0.7383
[ep 057] val_sel AUC=0.9095 acc=0.7937
[ep 058] val_sel AUC=0.9134 acc=0.8018
[ep 059] val_sel AUC=0.9082 acc=0.8022
[ep 060] val_sel AUC=0.9056 acc=0.7847
[ep 061] val_sel AUC=0.8997 acc=0.7946
[ep 062] val_sel AUC=0.9206 acc=0.8099
[ep 063] val_sel AUC=0.9026 acc=0.7856
[ep 064] val_sel AUC=0.9171 acc=0.8074
[ep 065] val_sel AUC=0.9173 acc=0.8094
[ep 066] val_sel AUC=0.9128 acc=0.8110
[ep 067] val_sel AUC=0.9051 acc=0.7944
[ep 068] val_sel AUC=0.9009 acc=0.7524
[ep 069] val_sel AUC=0.9174 acc=0.8108
[ep 070] val_sel AUC=0.9205 acc=0.8193
[ep 071] val_sel AUC=0.9247 acc=0.8328
[ep 072] val_sel AUC=0.9225 acc=0.8249
[ep 073] val_sel AUC=0.8925 acc=0.7603
[ep 074] val_sel AUC=0.9248 acc=0.8287
[ep 075] val_sel AUC=0.9232 acc=0.8269
[ep 076] val_sel AUC=0.9238 acc=0.8224
[ep 077] val_sel AUC=0.9250 acc=0.8341
[ep 078] val_sel AUC=0.9253 acc=0.8393
[ep 079] val_sel AUC=0.9280 acc=0.8438
[ep 080] val_sel AUC=0.9266 acc=0.8388
[ep 081] val_sel AUC=0.9171 acc=0.8171
[ep 082] val_sel AUC=0.9267 acc=0.8456
[ep 083] val_sel AUC=0.9266 acc=0.8424
[ep 084] val_sel AUC=0.9234 acc=0.8350
[ep 085] val_sel AUC=0.9244 acc=0.8366
[ep 086] val_sel AUC=0.9248 acc=0.8308
[ep 087] val_sel AUC=0.9275 acc=0.8415
[ep 088] val_sel AUC=0.9286 acc=0.8453
[ep 089] val_sel AUC=0.9280 acc=0.8415
[ep 090] val_sel AUC=0.9278 acc=0.8447
[ep 091] val_sel AUC=0.9274 acc=0.8440
[ep 092] val_sel AUC=0.9277 acc=0.8438
[ep 093] val_sel AUC=0.9275 acc=0.8449
[ep 094] val_sel AUC=0.9275 acc=0.8447
[ep 095] val_sel AUC=0.9275 acc=0.8440
[ep 096] val_sel AUC=0.9275 acc=0.8449
============================================================
TEST (best val_sel epoch, held-out, evaluated once)
============================================================
[DONE-QPE2] embed=butterfly model_II N=250 seed=54 test_AUC=0.9338 val_sel_AUC=0.9286 per_class=(axion=0.9334 cdm=0.8814 no_sub=0.9866) params=203652 embed_params=193 R_frob_drift=1.4999653100967407
