[INFO] QPE2 D=64 P=8 depth=4 | embed=butterfly | data=model_III N/class=250 seed=46 split_seed=0 | params=203652 embed_params=193 lr=0.001 epochs=96 bs=32 | train(750, 64, 64) val_sel(4469, 64, 64) test(4470, 64, 64) device=cuda
[ep 001] val_sel AUC=0.5122 acc=0.3285
[ep 002] val_sel AUC=0.5448 acc=0.3433
[ep 003] val_sel AUC=0.5699 acc=0.3433
[ep 004] val_sel AUC=0.5938 acc=0.3283
[ep 005] val_sel AUC=0.6133 acc=0.3285
[ep 006] val_sel AUC=0.5771 acc=0.3361
[ep 007] val_sel AUC=0.5826 acc=0.3755
[ep 008] val_sel AUC=0.6414 acc=0.4773
[ep 009] val_sel AUC=0.6338 acc=0.4399
[ep 010] val_sel AUC=0.7597 acc=0.5440
[ep 011] val_sel AUC=0.8248 acc=0.6509
[ep 012] val_sel AUC=0.7579 acc=0.5943
[ep 013] val_sel AUC=0.8125 acc=0.5842
[ep 014] val_sel AUC=0.8531 acc=0.6796
[ep 015] val_sel AUC=0.8480 acc=0.6802
[ep 016] val_sel AUC=0.8630 acc=0.6993
[ep 017] val_sel AUC=0.8784 acc=0.7035
[ep 018] val_sel AUC=0.8915 acc=0.7223
[ep 019] val_sel AUC=0.8578 acc=0.6312
[ep 020] val_sel AUC=0.8870 acc=0.7536
[ep 021] val_sel AUC=0.8985 acc=0.7715
[ep 022] val_sel AUC=0.9087 acc=0.7812
[ep 023] val_sel AUC=0.9100 acc=0.7836
[ep 024] val_sel AUC=0.9170 acc=0.8109
[ep 025] val_sel AUC=0.9178 acc=0.8049
[ep 026] val_sel AUC=0.9176 acc=0.8089
[ep 027] val_sel AUC=0.9142 acc=0.8035
[ep 028] val_sel AUC=0.9155 acc=0.7979
[ep 029] val_sel AUC=0.9227 acc=0.8188
[ep 030] val_sel AUC=0.9227 acc=0.8190
[ep 031] val_sel AUC=0.9226 acc=0.8188
[ep 032] val_sel AUC=0.9227 acc=0.8181
[ep 033] val_sel AUC=0.8658 acc=0.7091
[ep 034] val_sel AUC=0.8859 acc=0.7427
[ep 035] val_sel AUC=0.8760 acc=0.6939
[ep 036] val_sel AUC=0.9145 acc=0.7977
[ep 037] val_sel AUC=0.8833 acc=0.7292
[ep 038] val_sel AUC=0.9138 acc=0.7977
[ep 039] val_sel AUC=0.8815 acc=0.7147
[ep 040] val_sel AUC=0.9130 acc=0.7691
[ep 041] val_sel AUC=0.8933 acc=0.7610
[ep 042] val_sel AUC=0.8747 acc=0.7355
[ep 043] val_sel AUC=0.9126 acc=0.7836
[ep 044] val_sel AUC=0.8996 acc=0.7281
[ep 045] val_sel AUC=0.8927 acc=0.7483
[ep 046] val_sel AUC=0.8957 acc=0.7677
[ep 047] val_sel AUC=0.9230 acc=0.7966
[ep 048] val_sel AUC=0.9081 acc=0.7885
[ep 049] val_sel AUC=0.9167 acc=0.8069
[ep 050] val_sel AUC=0.8798 acc=0.7073
[ep 051] val_sel AUC=0.9288 acc=0.8022
[ep 052] val_sel AUC=0.9198 acc=0.8105
[ep 053] val_sel AUC=0.8901 acc=0.7151
[ep 054] val_sel AUC=0.9118 acc=0.7827
[ep 055] val_sel AUC=0.9230 acc=0.7715
[ep 056] val_sel AUC=0.9282 acc=0.8295
[ep 057] val_sel AUC=0.9202 acc=0.8076
[ep 058] val_sel AUC=0.9216 acc=0.7991
[ep 059] val_sel AUC=0.9143 acc=0.7760
[ep 060] val_sel AUC=0.9077 acc=0.7568
[ep 061] val_sel AUC=0.9289 acc=0.8232
[ep 062] val_sel AUC=0.9345 acc=0.8302
[ep 063] val_sel AUC=0.9374 acc=0.8322
[ep 064] val_sel AUC=0.9268 acc=0.8042
[ep 065] val_sel AUC=0.9338 acc=0.8190
[ep 066] val_sel AUC=0.9048 acc=0.7476
[ep 067] val_sel AUC=0.9231 acc=0.8239
[ep 068] val_sel AUC=0.9240 acc=0.8223
[ep 069] val_sel AUC=0.9241 acc=0.8208
[ep 070] val_sel AUC=0.9226 acc=0.8205
[ep 071] val_sel AUC=0.9294 acc=0.8326
[ep 072] val_sel AUC=0.9099 acc=0.7550
[ep 073] val_sel AUC=0.9237 acc=0.8132
[ep 074] val_sel AUC=0.9296 acc=0.8275
[ep 075] val_sel AUC=0.9335 acc=0.8248
[ep 076] val_sel AUC=0.9325 acc=0.8409
[ep 077] val_sel AUC=0.9288 acc=0.8449
[ep 078] val_sel AUC=0.9362 acc=0.8378
[ep 079] val_sel AUC=0.9315 acc=0.8463
[ep 080] val_sel AUC=0.9308 acc=0.8461
[ep 081] val_sel AUC=0.9355 acc=0.8503
[ep 082] val_sel AUC=0.9411 acc=0.8613
[ep 083] val_sel AUC=0.9335 acc=0.8427
[ep 084] val_sel AUC=0.9314 acc=0.8443
[ep 085] val_sel AUC=0.9375 acc=0.8546
[ep 086] val_sel AUC=0.9345 acc=0.8449
[ep 087] val_sel AUC=0.9355 acc=0.8561
[ep 088] val_sel AUC=0.9347 acc=0.8548
[ep 089] val_sel AUC=0.9352 acc=0.8543
[ep 090] val_sel AUC=0.9357 acc=0.8548
[ep 091] val_sel AUC=0.9352 acc=0.8537
[ep 092] val_sel AUC=0.9344 acc=0.8530
[ep 093] val_sel AUC=0.9345 acc=0.8532
[ep 094] val_sel AUC=0.9345 acc=0.8532
[ep 095] val_sel AUC=0.9344 acc=0.8532
[ep 096] val_sel AUC=0.9344 acc=0.8534
============================================================
TEST (best val_sel epoch, held-out, evaluated once)
============================================================
[DONE-QPE2] embed=butterfly model_III N=250 seed=46 test_AUC=0.9392 val_sel_AUC=0.9411 per_class=(axion=0.9484 cdm=0.8900 no_sub=0.9791) params=203652 embed_params=193 R_frob_drift=2.148446798324585
