[INFO] QPE2 D=64 P=8 depth=4 | embed=butterfly | data=model_II N/class=100 seed=43 split_seed=0 | params=203652 embed_params=193 lr=0.001 epochs=96 bs=32 | train(300, 64, 64) val_sel(4455, 64, 64) test(4455, 64, 64) device=cuda
[ep 001] val_sel AUC=0.4862 acc=0.3473
[ep 002] val_sel AUC=0.4707 acc=0.3237
[ep 003] val_sel AUC=0.4771 acc=0.3291
[ep 004] val_sel AUC=0.4800 acc=0.3473
[ep 005] val_sel AUC=0.4848 acc=0.3473
[ep 006] val_sel AUC=0.4912 acc=0.3291
[ep 007] val_sel AUC=0.4939 acc=0.3237
[ep 008] val_sel AUC=0.4984 acc=0.3237
[ep 009] val_sel AUC=0.5001 acc=0.3473
[ep 010] val_sel AUC=0.5024 acc=0.3291
[ep 011] val_sel AUC=0.5035 acc=0.3473
[ep 012] val_sel AUC=0.5034 acc=0.3237
[ep 013] val_sel AUC=0.5056 acc=0.3291
[ep 014] val_sel AUC=0.5042 acc=0.3237
[ep 015] val_sel AUC=0.5051 acc=0.3291
[ep 016] val_sel AUC=0.5068 acc=0.3473
[ep 017] val_sel AUC=0.5052 acc=0.3237
[ep 018] val_sel AUC=0.5055 acc=0.3473
[ep 019] val_sel AUC=0.5072 acc=0.3477
[ep 020] val_sel AUC=0.5061 acc=0.3237
[ep 021] val_sel AUC=0.5070 acc=0.3291
[ep 022] val_sel AUC=0.5060 acc=0.3473
[ep 023] val_sel AUC=0.5063 acc=0.3324
[ep 024] val_sel AUC=0.5067 acc=0.3605
[ep 025] val_sel AUC=0.5071 acc=0.3300
[ep 026] val_sel AUC=0.5065 acc=0.3313
[ep 027] val_sel AUC=0.5063 acc=0.3495
[ep 028] val_sel AUC=0.5057 acc=0.3230
[ep 029] val_sel AUC=0.5052 acc=0.3239
[ep 030] val_sel AUC=0.5054 acc=0.3192
[ep 031] val_sel AUC=0.5054 acc=0.3214
[ep 032] val_sel AUC=0.5054 acc=0.3217
[ep 033] val_sel AUC=0.4984 acc=0.3237
[ep 034] val_sel AUC=0.5021 acc=0.3473
[ep 035] val_sel AUC=0.5092 acc=0.3291
[ep 036] val_sel AUC=0.5090 acc=0.3473
[ep 037] val_sel AUC=0.5105 acc=0.3329
[ep 038] val_sel AUC=0.5150 acc=0.3259
[ep 039] val_sel AUC=0.5116 acc=0.3291
[ep 040] val_sel AUC=0.5131 acc=0.3356
[ep 041] val_sel AUC=0.5100 acc=0.3309
[ep 042] val_sel AUC=0.5205 acc=0.3652
[ep 043] val_sel AUC=0.5101 acc=0.3293
[ep 044] val_sel AUC=0.5129 acc=0.3255
[ep 045] val_sel AUC=0.5186 acc=0.3358
[ep 046] val_sel AUC=0.5182 acc=0.3419
[ep 047] val_sel AUC=0.5172 acc=0.3387
[ep 048] val_sel AUC=0.5181 acc=0.3389
[ep 049] val_sel AUC=0.5192 acc=0.3336
[ep 050] val_sel AUC=0.5170 acc=0.3277
[ep 051] val_sel AUC=0.5206 acc=0.3347
[ep 052] val_sel AUC=0.5254 acc=0.3502
[ep 053] val_sel AUC=0.5446 acc=0.3661
[ep 054] val_sel AUC=0.5516 acc=0.3807
[ep 055] val_sel AUC=0.5343 acc=0.3533
[ep 056] val_sel AUC=0.5555 acc=0.3605
[ep 057] val_sel AUC=0.5665 acc=0.3659
[ep 058] val_sel AUC=0.5659 acc=0.3948
[ep 059] val_sel AUC=0.5695 acc=0.3807
[ep 060] val_sel AUC=0.5923 acc=0.4072
[ep 061] val_sel AUC=0.6005 acc=0.4213
[ep 062] val_sel AUC=0.6213 acc=0.4370
[ep 063] val_sel AUC=0.6453 acc=0.4642
[ep 064] val_sel AUC=0.6317 acc=0.4514
[ep 065] val_sel AUC=0.6421 acc=0.4364
[ep 066] val_sel AUC=0.6386 acc=0.4595
[ep 067] val_sel AUC=0.6364 acc=0.4694
[ep 068] val_sel AUC=0.6590 acc=0.4914
[ep 069] val_sel AUC=0.6908 acc=0.5120
[ep 070] val_sel AUC=0.6842 acc=0.5015
[ep 071] val_sel AUC=0.6806 acc=0.5152
[ep 072] val_sel AUC=0.6954 acc=0.5125
[ep 073] val_sel AUC=0.6860 acc=0.4689
[ep 074] val_sel AUC=0.7052 acc=0.5349
[ep 075] val_sel AUC=0.7277 acc=0.5520
[ep 076] val_sel AUC=0.7392 acc=0.5697
[ep 077] val_sel AUC=0.7325 acc=0.5571
[ep 078] val_sel AUC=0.7520 acc=0.5820
[ep 079] val_sel AUC=0.7616 acc=0.5971
[ep 080] val_sel AUC=0.7545 acc=0.5852
[ep 081] val_sel AUC=0.7594 acc=0.5829
[ep 082] val_sel AUC=0.7655 acc=0.6105
[ep 083] val_sel AUC=0.7641 acc=0.5980
[ep 084] val_sel AUC=0.7652 acc=0.6016
[ep 085] val_sel AUC=0.7696 acc=0.6108
[ep 086] val_sel AUC=0.7637 acc=0.6004
[ep 087] val_sel AUC=0.7707 acc=0.6101
[ep 088] val_sel AUC=0.7669 acc=0.6036
[ep 089] val_sel AUC=0.7741 acc=0.6204
[ep 090] val_sel AUC=0.7687 acc=0.6058
[ep 091] val_sel AUC=0.7709 acc=0.6146
[ep 092] val_sel AUC=0.7701 acc=0.6123
[ep 093] val_sel AUC=0.7707 acc=0.6139
[ep 094] val_sel AUC=0.7711 acc=0.6139
[ep 095] val_sel AUC=0.7716 acc=0.6164
[ep 096] val_sel AUC=0.7714 acc=0.6146
============================================================
TEST (best val_sel epoch, held-out, evaluated once)
============================================================
[DONE-QPE2] embed=butterfly model_II N=100 seed=43 test_AUC=0.7827 val_sel_AUC=0.7741 per_class=(axion=0.8330 cdm=0.6515 no_sub=0.8636) params=203652 embed_params=193 R_frob_drift=1.8503472805023193
