[INFO] QPE2 D=64 P=8 depth=4 | embed=butterfly | data=model_III N/class=250 seed=52 split_seed=0 | params=203652 embed_params=193 lr=0.001 epochs=96 bs=32 | train(750, 64, 64) val_sel(4469, 64, 64) test(4470, 64, 64) device=cuda
[ep 001] val_sel AUC=0.5179 acc=0.3285
[ep 002] val_sel AUC=0.5378 acc=0.3283
[ep 003] val_sel AUC=0.5407 acc=0.3433
[ep 004] val_sel AUC=0.5447 acc=0.3283
[ep 005] val_sel AUC=0.5410 acc=0.3285
[ep 006] val_sel AUC=0.5395 acc=0.3379
[ep 007] val_sel AUC=0.5347 acc=0.3283
[ep 008] val_sel AUC=0.5271 acc=0.3285
[ep 009] val_sel AUC=0.5257 acc=0.3285
[ep 010] val_sel AUC=0.5218 acc=0.3408
[ep 011] val_sel AUC=0.5251 acc=0.3283
[ep 012] val_sel AUC=0.5247 acc=0.3484
[ep 013] val_sel AUC=0.5286 acc=0.3459
[ep 014] val_sel AUC=0.5455 acc=0.3638
[ep 015] val_sel AUC=0.5697 acc=0.3817
[ep 016] val_sel AUC=0.5916 acc=0.3983
[ep 017] val_sel AUC=0.6495 acc=0.4643
[ep 018] val_sel AUC=0.7432 acc=0.5337
[ep 019] val_sel AUC=0.7635 acc=0.5285
[ep 020] val_sel AUC=0.7897 acc=0.6140
[ep 021] val_sel AUC=0.8493 acc=0.6623
[ep 022] val_sel AUC=0.8551 acc=0.6816
[ep 023] val_sel AUC=0.8648 acc=0.7033
[ep 024] val_sel AUC=0.8666 acc=0.6858
[ep 025] val_sel AUC=0.8982 acc=0.7617
[ep 026] val_sel AUC=0.9053 acc=0.7731
[ep 027] val_sel AUC=0.8980 acc=0.7671
[ep 028] val_sel AUC=0.8784 acc=0.6961
[ep 029] val_sel AUC=0.9109 acc=0.7807
[ep 030] val_sel AUC=0.9125 acc=0.7856
[ep 031] val_sel AUC=0.9102 acc=0.7816
[ep 032] val_sel AUC=0.9116 acc=0.7854
[ep 033] val_sel AUC=0.8265 acc=0.6646
[ep 034] val_sel AUC=0.8854 acc=0.7313
[ep 035] val_sel AUC=0.8844 acc=0.7360
[ep 036] val_sel AUC=0.8965 acc=0.7581
[ep 037] val_sel AUC=0.8900 acc=0.7487
[ep 038] val_sel AUC=0.8755 acc=0.7315
[ep 039] val_sel AUC=0.8427 acc=0.6505
[ep 040] val_sel AUC=0.8786 acc=0.6946
[ep 041] val_sel AUC=0.9131 acc=0.7776
[ep 042] val_sel AUC=0.8996 acc=0.7597
[ep 043] val_sel AUC=0.8807 acc=0.7512
[ep 044] val_sel AUC=0.8832 acc=0.7360
[ep 045] val_sel AUC=0.8691 acc=0.6818
[ep 046] val_sel AUC=0.8855 acc=0.7299
[ep 047] val_sel AUC=0.9013 acc=0.7903
[ep 048] val_sel AUC=0.8932 acc=0.7478
[ep 049] val_sel AUC=0.9059 acc=0.7554
[ep 050] val_sel AUC=0.8913 acc=0.7516
[ep 051] val_sel AUC=0.8958 acc=0.7268
[ep 052] val_sel AUC=0.9135 acc=0.7814
[ep 053] val_sel AUC=0.9077 acc=0.7852
[ep 054] val_sel AUC=0.9130 acc=0.7946
[ep 055] val_sel AUC=0.9103 acc=0.7863
[ep 056] val_sel AUC=0.9085 acc=0.7747
[ep 057] val_sel AUC=0.8974 acc=0.7458
[ep 058] val_sel AUC=0.9181 acc=0.8080
[ep 059] val_sel AUC=0.9154 acc=0.8031
[ep 060] val_sel AUC=0.8560 acc=0.6507
[ep 061] val_sel AUC=0.9204 acc=0.8091
[ep 062] val_sel AUC=0.9150 acc=0.7919
[ep 063] val_sel AUC=0.9143 acc=0.7892
[ep 064] val_sel AUC=0.9126 acc=0.7863
[ep 065] val_sel AUC=0.9035 acc=0.7756
[ep 066] val_sel AUC=0.9148 acc=0.7944
[ep 067] val_sel AUC=0.9216 acc=0.8192
[ep 068] val_sel AUC=0.9306 acc=0.8335
[ep 069] val_sel AUC=0.9271 acc=0.8232
[ep 070] val_sel AUC=0.9127 acc=0.7883
[ep 071] val_sel AUC=0.9322 acc=0.7984
[ep 072] val_sel AUC=0.9253 acc=0.8154
[ep 073] val_sel AUC=0.9284 acc=0.8261
[ep 074] val_sel AUC=0.9277 acc=0.8306
[ep 075] val_sel AUC=0.9260 acc=0.8078
[ep 076] val_sel AUC=0.9258 acc=0.8089
[ep 077] val_sel AUC=0.9201 acc=0.8024
[ep 078] val_sel AUC=0.9338 acc=0.8163
[ep 079] val_sel AUC=0.9343 acc=0.8454
[ep 080] val_sel AUC=0.9320 acc=0.8304
[ep 081] val_sel AUC=0.9306 acc=0.8306
[ep 082] val_sel AUC=0.9331 acc=0.8409
[ep 083] val_sel AUC=0.9285 acc=0.8416
[ep 084] val_sel AUC=0.9317 acc=0.8472
[ep 085] val_sel AUC=0.9278 acc=0.8393
[ep 086] val_sel AUC=0.9314 acc=0.8358
[ep 087] val_sel AUC=0.9300 acc=0.8400
[ep 088] val_sel AUC=0.9290 acc=0.8400
[ep 089] val_sel AUC=0.9312 acc=0.8380
[ep 090] val_sel AUC=0.9297 acc=0.8344
[ep 091] val_sel AUC=0.9292 acc=0.8382
[ep 092] val_sel AUC=0.9296 acc=0.8396
[ep 093] val_sel AUC=0.9297 acc=0.8387
[ep 094] val_sel AUC=0.9297 acc=0.8396
[ep 095] val_sel AUC=0.9295 acc=0.8389
[ep 096] val_sel AUC=0.9294 acc=0.8396
============================================================
TEST (best val_sel epoch, held-out, evaluated once)
============================================================
[DONE-QPE2] embed=butterfly model_III N=250 seed=52 test_AUC=0.9330 val_sel_AUC=0.9343 per_class=(axion=0.9414 cdm=0.8739 no_sub=0.9839) params=203652 embed_params=193 R_frob_drift=1.6433137655258179
