[INFO] QPE2 D=64 P=8 depth=4 | embed=butterfly | data=model_III N/class=250 seed=57 split_seed=0 | params=203652 embed_params=193 lr=0.001 epochs=96 bs=32 | train(750, 64, 64) val_sel(4469, 64, 64) test(4470, 64, 64) device=cuda
[ep 001] val_sel AUC=0.5131 acc=0.3285
[ep 002] val_sel AUC=0.5399 acc=0.3433
[ep 003] val_sel AUC=0.5629 acc=0.3285
[ep 004] val_sel AUC=0.5720 acc=0.3285
[ep 005] val_sel AUC=0.5511 acc=0.3285
[ep 006] val_sel AUC=0.5402 acc=0.3341
[ep 007] val_sel AUC=0.5364 acc=0.3576
[ep 008] val_sel AUC=0.5362 acc=0.3515
[ep 009] val_sel AUC=0.5659 acc=0.3618
[ep 010] val_sel AUC=0.5752 acc=0.3712
[ep 011] val_sel AUC=0.6243 acc=0.4072
[ep 012] val_sel AUC=0.6169 acc=0.4368
[ep 013] val_sel AUC=0.7012 acc=0.4730
[ep 014] val_sel AUC=0.7680 acc=0.5552
[ep 015] val_sel AUC=0.8259 acc=0.6218
[ep 016] val_sel AUC=0.8417 acc=0.6670
[ep 017] val_sel AUC=0.8617 acc=0.7116
[ep 018] val_sel AUC=0.8865 acc=0.7196
[ep 019] val_sel AUC=0.8806 acc=0.7304
[ep 020] val_sel AUC=0.8535 acc=0.6758
[ep 021] val_sel AUC=0.9022 acc=0.7727
[ep 022] val_sel AUC=0.9097 acc=0.7400
[ep 023] val_sel AUC=0.9127 acc=0.7753
[ep 024] val_sel AUC=0.9119 acc=0.7762
[ep 025] val_sel AUC=0.8914 acc=0.7709
[ep 026] val_sel AUC=0.9121 acc=0.7872
[ep 027] val_sel AUC=0.9204 acc=0.8170
[ep 028] val_sel AUC=0.9225 acc=0.7966
[ep 029] val_sel AUC=0.9238 acc=0.8257
[ep 030] val_sel AUC=0.9233 acc=0.8284
[ep 031] val_sel AUC=0.9240 acc=0.8286
[ep 032] val_sel AUC=0.9239 acc=0.8299
[ep 033] val_sel AUC=0.8816 acc=0.6686
[ep 034] val_sel AUC=0.8888 acc=0.7480
[ep 035] val_sel AUC=0.8834 acc=0.7409
[ep 036] val_sel AUC=0.9066 acc=0.7894
[ep 037] val_sel AUC=0.8455 acc=0.6149
[ep 038] val_sel AUC=0.8991 acc=0.6946
[ep 039] val_sel AUC=0.8974 acc=0.7682
[ep 040] val_sel AUC=0.9010 acc=0.7548
[ep 041] val_sel AUC=0.8805 acc=0.7183
[ep 042] val_sel AUC=0.9119 acc=0.7838
[ep 043] val_sel AUC=0.9147 acc=0.7852
[ep 044] val_sel AUC=0.9114 acc=0.7727
[ep 045] val_sel AUC=0.9172 acc=0.7592
[ep 046] val_sel AUC=0.8907 acc=0.7413
[ep 047] val_sel AUC=0.9007 acc=0.7548
[ep 048] val_sel AUC=0.9195 acc=0.8091
[ep 049] val_sel AUC=0.8931 acc=0.7420
[ep 050] val_sel AUC=0.9084 acc=0.7959
[ep 051] val_sel AUC=0.8740 acc=0.6923
[ep 052] val_sel AUC=0.8770 acc=0.7295
[ep 053] val_sel AUC=0.9146 acc=0.7874
[ep 054] val_sel AUC=0.9025 acc=0.7476
[ep 055] val_sel AUC=0.9195 acc=0.8161
[ep 056] val_sel AUC=0.9298 acc=0.8212
[ep 057] val_sel AUC=0.9087 acc=0.7838
[ep 058] val_sel AUC=0.9182 acc=0.8129
[ep 059] val_sel AUC=0.9241 acc=0.8134
[ep 060] val_sel AUC=0.9107 acc=0.8071
[ep 061] val_sel AUC=0.9321 acc=0.8384
[ep 062] val_sel AUC=0.9260 acc=0.8243
[ep 063] val_sel AUC=0.9291 acc=0.8324
[ep 064] val_sel AUC=0.9001 acc=0.7796
[ep 065] val_sel AUC=0.9169 acc=0.8176
[ep 066] val_sel AUC=0.9262 acc=0.8138
[ep 067] val_sel AUC=0.9197 acc=0.7903
[ep 068] val_sel AUC=0.9284 acc=0.8273
[ep 069] val_sel AUC=0.9117 acc=0.7872
[ep 070] val_sel AUC=0.9314 acc=0.8434
[ep 071] val_sel AUC=0.9315 acc=0.8340
[ep 072] val_sel AUC=0.9141 acc=0.8190
[ep 073] val_sel AUC=0.9275 acc=0.8461
[ep 074] val_sel AUC=0.9211 acc=0.8127
[ep 075] val_sel AUC=0.9309 acc=0.8268
[ep 076] val_sel AUC=0.9287 acc=0.8203
[ep 077] val_sel AUC=0.9332 acc=0.8496
[ep 078] val_sel AUC=0.9245 acc=0.8190
[ep 079] val_sel AUC=0.9292 acc=0.8382
[ep 080] val_sel AUC=0.9318 acc=0.8414
[ep 081] val_sel AUC=0.9325 acc=0.8494
[ep 082] val_sel AUC=0.9289 acc=0.8409
[ep 083] val_sel AUC=0.9317 acc=0.8472
[ep 084] val_sel AUC=0.9239 acc=0.8261
[ep 085] val_sel AUC=0.9256 acc=0.8409
[ep 086] val_sel AUC=0.9304 acc=0.8425
[ep 087] val_sel AUC=0.9284 acc=0.8416
[ep 088] val_sel AUC=0.9281 acc=0.8391
[ep 089] val_sel AUC=0.9297 acc=0.8443
[ep 090] val_sel AUC=0.9279 acc=0.8387
[ep 091] val_sel AUC=0.9283 acc=0.8414
[ep 092] val_sel AUC=0.9276 acc=0.8398
[ep 093] val_sel AUC=0.9276 acc=0.8418
[ep 094] val_sel AUC=0.9272 acc=0.8409
[ep 095] val_sel AUC=0.9275 acc=0.8409
[ep 096] val_sel AUC=0.9275 acc=0.8409
============================================================
TEST (best val_sel epoch, held-out, evaluated once)
============================================================
[DONE-QPE2] embed=butterfly model_III N=250 seed=57 test_AUC=0.9280 val_sel_AUC=0.9332 per_class=(axion=0.9440 cdm=0.8665 no_sub=0.9735) params=203652 embed_params=193 R_frob_drift=1.6549111604690552
