[INFO] QPE2 D=64 P=8 depth=4 | embed=butterfly | data=model_II N/class=100 seed=57 split_seed=0 | params=203652 embed_params=193 lr=0.001 epochs=96 bs=32 | train(300, 64, 64) val_sel(4455, 64, 64) test(4455, 64, 64) device=cuda
[ep 001] val_sel AUC=0.5279 acc=0.3473
[ep 002] val_sel AUC=0.5241 acc=0.3237
[ep 003] val_sel AUC=0.5268 acc=0.3237
[ep 004] val_sel AUC=0.5277 acc=0.3473
[ep 005] val_sel AUC=0.5327 acc=0.3291
[ep 006] val_sel AUC=0.5377 acc=0.3237
[ep 007] val_sel AUC=0.5416 acc=0.3473
[ep 008] val_sel AUC=0.5456 acc=0.3237
[ep 009] val_sel AUC=0.5489 acc=0.3291
[ep 010] val_sel AUC=0.5457 acc=0.3473
[ep 011] val_sel AUC=0.5487 acc=0.3291
[ep 012] val_sel AUC=0.5456 acc=0.3473
[ep 013] val_sel AUC=0.5421 acc=0.3473
[ep 014] val_sel AUC=0.5414 acc=0.3473
[ep 015] val_sel AUC=0.5393 acc=0.3237
[ep 016] val_sel AUC=0.5364 acc=0.3291
[ep 017] val_sel AUC=0.5373 acc=0.3237
[ep 018] val_sel AUC=0.5325 acc=0.3540
[ep 019] val_sel AUC=0.5309 acc=0.3407
[ep 020] val_sel AUC=0.5312 acc=0.3457
[ep 021] val_sel AUC=0.5332 acc=0.3439
[ep 022] val_sel AUC=0.5330 acc=0.3470
[ep 023] val_sel AUC=0.5304 acc=0.3468
[ep 024] val_sel AUC=0.5293 acc=0.3459
[ep 025] val_sel AUC=0.5291 acc=0.3484
[ep 026] val_sel AUC=0.5288 acc=0.3547
[ep 027] val_sel AUC=0.5289 acc=0.3464
[ep 028] val_sel AUC=0.5288 acc=0.3466
[ep 029] val_sel AUC=0.5286 acc=0.3459
[ep 030] val_sel AUC=0.5286 acc=0.3461
[ep 031] val_sel AUC=0.5285 acc=0.3457
[ep 032] val_sel AUC=0.5286 acc=0.3455
[ep 033] val_sel AUC=0.5269 acc=0.3481
[ep 034] val_sel AUC=0.5264 acc=0.3481
[ep 035] val_sel AUC=0.5299 acc=0.3425
[ep 036] val_sel AUC=0.5305 acc=0.3237
[ep 037] val_sel AUC=0.5320 acc=0.3416
[ep 038] val_sel AUC=0.5304 acc=0.3571
[ep 039] val_sel AUC=0.5300 acc=0.3387
[ep 040] val_sel AUC=0.5275 acc=0.3524
[ep 041] val_sel AUC=0.5273 acc=0.3461
[ep 042] val_sel AUC=0.5275 acc=0.3434
[ep 043] val_sel AUC=0.5289 acc=0.3569
[ep 044] val_sel AUC=0.5275 acc=0.3540
[ep 045] val_sel AUC=0.5263 acc=0.3345
[ep 046] val_sel AUC=0.5233 acc=0.3520
[ep 047] val_sel AUC=0.5271 acc=0.3428
[ep 048] val_sel AUC=0.5279 acc=0.3502
[ep 049] val_sel AUC=0.5330 acc=0.3565
[ep 050] val_sel AUC=0.5393 acc=0.3623
[ep 051] val_sel AUC=0.5543 acc=0.3596
[ep 052] val_sel AUC=0.5680 acc=0.3899
[ep 053] val_sel AUC=0.5853 acc=0.3991
[ep 054] val_sel AUC=0.6208 acc=0.4204
[ep 055] val_sel AUC=0.6111 acc=0.4204
[ep 056] val_sel AUC=0.6246 acc=0.3796
[ep 057] val_sel AUC=0.6246 acc=0.4155
[ep 058] val_sel AUC=0.6557 acc=0.3632
[ep 059] val_sel AUC=0.5962 acc=0.3621
[ep 060] val_sel AUC=0.6393 acc=0.4025
[ep 061] val_sel AUC=0.6510 acc=0.4721
[ep 062] val_sel AUC=0.6660 acc=0.4680
[ep 063] val_sel AUC=0.6969 acc=0.5062
[ep 064] val_sel AUC=0.6700 acc=0.4332
[ep 065] val_sel AUC=0.7102 acc=0.5086
[ep 066] val_sel AUC=0.7413 acc=0.5580
[ep 067] val_sel AUC=0.7592 acc=0.5129
[ep 068] val_sel AUC=0.7831 acc=0.5686
[ep 069] val_sel AUC=0.7922 acc=0.6038
[ep 070] val_sel AUC=0.8028 acc=0.6233
[ep 071] val_sel AUC=0.8042 acc=0.5964
[ep 072] val_sel AUC=0.8158 acc=0.6296
[ep 073] val_sel AUC=0.7995 acc=0.6103
[ep 074] val_sel AUC=0.8198 acc=0.6496
[ep 075] val_sel AUC=0.8286 acc=0.6626
[ep 076] val_sel AUC=0.8258 acc=0.6810
[ep 077] val_sel AUC=0.8346 acc=0.6691
[ep 078] val_sel AUC=0.8391 acc=0.6655
[ep 079] val_sel AUC=0.8473 acc=0.6929
[ep 080] val_sel AUC=0.8358 acc=0.6777
[ep 081] val_sel AUC=0.8355 acc=0.6637
[ep 082] val_sel AUC=0.8452 acc=0.6992
[ep 083] val_sel AUC=0.8478 acc=0.6923
[ep 084] val_sel AUC=0.8513 acc=0.6965
[ep 085] val_sel AUC=0.8526 acc=0.7118
[ep 086] val_sel AUC=0.8548 acc=0.7125
[ep 087] val_sel AUC=0.8547 acc=0.7154
[ep 088] val_sel AUC=0.8560 acc=0.7145
[ep 089] val_sel AUC=0.8542 acc=0.7156
[ep 090] val_sel AUC=0.8550 acc=0.7169
[ep 091] val_sel AUC=0.8551 acc=0.7165
[ep 092] val_sel AUC=0.8553 acc=0.7158
[ep 093] val_sel AUC=0.8550 acc=0.7156
[ep 094] val_sel AUC=0.8549 acc=0.7156
[ep 095] val_sel AUC=0.8550 acc=0.7160
[ep 096] val_sel AUC=0.8551 acc=0.7165
============================================================
TEST (best val_sel epoch, held-out, evaluated once)
============================================================
[DONE-QPE2] embed=butterfly model_II N=100 seed=57 test_AUC=0.8671 val_sel_AUC=0.8560 per_class=(axion=0.9159 cdm=0.7490 no_sub=0.9365) params=203652 embed_params=193 R_frob_drift=1.6148167848587036
