[INFO] QPE2 D=64 P=8 depth=4 | embed=butterfly | data=model_II N/class=100 seed=48 split_seed=0 | params=203652 embed_params=193 lr=0.001 epochs=96 bs=32 | train(300, 64, 64) val_sel(4455, 64, 64) test(4455, 64, 64) device=cuda
[ep 001] val_sel AUC=0.5435 acc=0.3291
[ep 002] val_sel AUC=0.5141 acc=0.3237
[ep 003] val_sel AUC=0.5272 acc=0.3291
[ep 004] val_sel AUC=0.5312 acc=0.3291
[ep 005] val_sel AUC=0.5284 acc=0.3237
[ep 006] val_sel AUC=0.5332 acc=0.3473
[ep 007] val_sel AUC=0.5328 acc=0.3506
[ep 008] val_sel AUC=0.5345 acc=0.3237
[ep 009] val_sel AUC=0.5328 acc=0.3473
[ep 010] val_sel AUC=0.5391 acc=0.3237
[ep 011] val_sel AUC=0.5388 acc=0.3466
[ep 012] val_sel AUC=0.5347 acc=0.3473
[ep 013] val_sel AUC=0.5359 acc=0.3237
[ep 014] val_sel AUC=0.5369 acc=0.3291
[ep 015] val_sel AUC=0.5331 acc=0.3473
[ep 016] val_sel AUC=0.5289 acc=0.3237
[ep 017] val_sel AUC=0.5273 acc=0.3291
[ep 018] val_sel AUC=0.5266 acc=0.3446
[ep 019] val_sel AUC=0.5246 acc=0.3223
[ep 020] val_sel AUC=0.5277 acc=0.3244
[ep 021] val_sel AUC=0.5259 acc=0.3336
[ep 022] val_sel AUC=0.5207 acc=0.3405
[ep 023] val_sel AUC=0.5133 acc=0.3396
[ep 024] val_sel AUC=0.5134 acc=0.3495
[ep 025] val_sel AUC=0.5125 acc=0.3531
[ep 026] val_sel AUC=0.5138 acc=0.3367
[ep 027] val_sel AUC=0.5055 acc=0.3293
[ep 028] val_sel AUC=0.5005 acc=0.3349
[ep 029] val_sel AUC=0.4988 acc=0.3385
[ep 030] val_sel AUC=0.4982 acc=0.3354
[ep 031] val_sel AUC=0.4984 acc=0.3315
[ep 032] val_sel AUC=0.4986 acc=0.3327
[ep 033] val_sel AUC=0.5134 acc=0.3497
[ep 034] val_sel AUC=0.5127 acc=0.3358
[ep 035] val_sel AUC=0.5000 acc=0.3311
[ep 036] val_sel AUC=0.5021 acc=0.3479
[ep 037] val_sel AUC=0.5173 acc=0.3268
[ep 038] val_sel AUC=0.5157 acc=0.3434
[ep 039] val_sel AUC=0.5278 acc=0.3311
[ep 040] val_sel AUC=0.5328 acc=0.3425
[ep 041] val_sel AUC=0.5388 acc=0.3524
[ep 042] val_sel AUC=0.5439 acc=0.3596
[ep 043] val_sel AUC=0.5448 acc=0.3425
[ep 044] val_sel AUC=0.5457 acc=0.3762
[ep 045] val_sel AUC=0.5505 acc=0.3529
[ep 046] val_sel AUC=0.5523 acc=0.3755
[ep 047] val_sel AUC=0.5573 acc=0.3625
[ep 048] val_sel AUC=0.5600 acc=0.3641
[ep 049] val_sel AUC=0.5800 acc=0.3529
[ep 050] val_sel AUC=0.5985 acc=0.4029
[ep 051] val_sel AUC=0.6017 acc=0.3908
[ep 052] val_sel AUC=0.6607 acc=0.4451
[ep 053] val_sel AUC=0.6462 acc=0.4346
[ep 054] val_sel AUC=0.6755 acc=0.4855
[ep 055] val_sel AUC=0.6432 acc=0.4415
[ep 056] val_sel AUC=0.7157 acc=0.5349
[ep 057] val_sel AUC=0.7111 acc=0.5264
[ep 058] val_sel AUC=0.7554 acc=0.5892
[ep 059] val_sel AUC=0.7630 acc=0.5865
[ep 060] val_sel AUC=0.7534 acc=0.5809
[ep 061] val_sel AUC=0.7331 acc=0.5089
[ep 062] val_sel AUC=0.7675 acc=0.6114
[ep 063] val_sel AUC=0.7758 acc=0.6054
[ep 064] val_sel AUC=0.7809 acc=0.6227
[ep 065] val_sel AUC=0.7867 acc=0.6305
[ep 066] val_sel AUC=0.7909 acc=0.6267
[ep 067] val_sel AUC=0.7931 acc=0.6254
[ep 068] val_sel AUC=0.7568 acc=0.5690
[ep 069] val_sel AUC=0.7950 acc=0.6141
[ep 070] val_sel AUC=0.7861 acc=0.6415
[ep 071] val_sel AUC=0.7655 acc=0.5955
[ep 072] val_sel AUC=0.7898 acc=0.6388
[ep 073] val_sel AUC=0.7994 acc=0.6334
[ep 074] val_sel AUC=0.7932 acc=0.6108
[ep 075] val_sel AUC=0.7987 acc=0.6404
[ep 076] val_sel AUC=0.8030 acc=0.6510
[ep 077] val_sel AUC=0.8109 acc=0.6545
[ep 078] val_sel AUC=0.8053 acc=0.6415
[ep 079] val_sel AUC=0.8073 acc=0.6514
[ep 080] val_sel AUC=0.8112 acc=0.6590
[ep 081] val_sel AUC=0.8095 acc=0.6572
[ep 082] val_sel AUC=0.8063 acc=0.6519
[ep 083] val_sel AUC=0.8084 acc=0.6545
[ep 084] val_sel AUC=0.8069 acc=0.6496
[ep 085] val_sel AUC=0.8079 acc=0.6620
[ep 086] val_sel AUC=0.8098 acc=0.6624
[ep 087] val_sel AUC=0.8097 acc=0.6615
[ep 088] val_sel AUC=0.8084 acc=0.6629
[ep 089] val_sel AUC=0.8062 acc=0.6552
[ep 090] val_sel AUC=0.8063 acc=0.6552
[ep 091] val_sel AUC=0.8068 acc=0.6599
[ep 092] val_sel AUC=0.8070 acc=0.6595
[ep 093] val_sel AUC=0.8071 acc=0.6584
[ep 094] val_sel AUC=0.8071 acc=0.6570
[ep 095] val_sel AUC=0.8071 acc=0.6570
[ep 096] val_sel AUC=0.8072 acc=0.6575
============================================================
TEST (best val_sel epoch, held-out, evaluated once)
============================================================
[DONE-QPE2] embed=butterfly model_II N=100 seed=48 test_AUC=0.8346 val_sel_AUC=0.8112 per_class=(axion=0.8870 cdm=0.7007 no_sub=0.9160) params=203652 embed_params=193 R_frob_drift=1.7038465738296509
