[INFO] QPE2 D=64 P=8 depth=4 | embed=butterfly | data=model_II N/class=100 seed=53 split_seed=0 | params=203652 embed_params=193 lr=0.001 epochs=96 bs=32 | train(300, 64, 64) val_sel(4455, 64, 64) test(4455, 64, 64) device=cuda
[ep 001] val_sel AUC=0.4821 acc=0.3237
[ep 002] val_sel AUC=0.4890 acc=0.3291
[ep 003] val_sel AUC=0.4873 acc=0.3237
[ep 004] val_sel AUC=0.4965 acc=0.3291
[ep 005] val_sel AUC=0.4923 acc=0.3473
[ep 006] val_sel AUC=0.4990 acc=0.3291
[ep 007] val_sel AUC=0.4987 acc=0.3237
[ep 008] val_sel AUC=0.5024 acc=0.3473
[ep 009] val_sel AUC=0.5025 acc=0.3237
[ep 010] val_sel AUC=0.5029 acc=0.3237
[ep 011] val_sel AUC=0.5077 acc=0.3291
[ep 012] val_sel AUC=0.5086 acc=0.3473
[ep 013] val_sel AUC=0.5099 acc=0.3237
[ep 014] val_sel AUC=0.5127 acc=0.3473
[ep 015] val_sel AUC=0.5128 acc=0.3286
[ep 016] val_sel AUC=0.5135 acc=0.3315
[ep 017] val_sel AUC=0.5124 acc=0.3473
[ep 018] val_sel AUC=0.5144 acc=0.3450
[ep 019] val_sel AUC=0.5148 acc=0.3396
[ep 020] val_sel AUC=0.5135 acc=0.3329
[ep 021] val_sel AUC=0.5131 acc=0.3297
[ep 022] val_sel AUC=0.5146 acc=0.3425
[ep 023] val_sel AUC=0.5153 acc=0.3490
[ep 024] val_sel AUC=0.5150 acc=0.3383
[ep 025] val_sel AUC=0.5158 acc=0.3506
[ep 026] val_sel AUC=0.5160 acc=0.3356
[ep 027] val_sel AUC=0.5158 acc=0.3369
[ep 028] val_sel AUC=0.5159 acc=0.3360
[ep 029] val_sel AUC=0.5163 acc=0.3419
[ep 030] val_sel AUC=0.5165 acc=0.3425
[ep 031] val_sel AUC=0.5166 acc=0.3410
[ep 032] val_sel AUC=0.5166 acc=0.3428
[ep 033] val_sel AUC=0.5150 acc=0.3369
[ep 034] val_sel AUC=0.5206 acc=0.3387
[ep 035] val_sel AUC=0.5193 acc=0.3490
[ep 036] val_sel AUC=0.5208 acc=0.3455
[ep 037] val_sel AUC=0.5362 acc=0.3407
[ep 038] val_sel AUC=0.5335 acc=0.3369
[ep 039] val_sel AUC=0.5340 acc=0.3515
[ep 040] val_sel AUC=0.5271 acc=0.3477
[ep 041] val_sel AUC=0.5229 acc=0.3540
[ep 042] val_sel AUC=0.5225 acc=0.3495
[ep 043] val_sel AUC=0.5202 acc=0.3235
[ep 044] val_sel AUC=0.5324 acc=0.3535
[ep 045] val_sel AUC=0.5292 acc=0.3407
[ep 046] val_sel AUC=0.5268 acc=0.3567
[ep 047] val_sel AUC=0.5319 acc=0.3549
[ep 048] val_sel AUC=0.5413 acc=0.3535
[ep 049] val_sel AUC=0.5539 acc=0.3580
[ep 050] val_sel AUC=0.5496 acc=0.3403
[ep 051] val_sel AUC=0.5531 acc=0.3479
[ep 052] val_sel AUC=0.5446 acc=0.3596
[ep 053] val_sel AUC=0.5519 acc=0.3816
[ep 054] val_sel AUC=0.5753 acc=0.3836
[ep 055] val_sel AUC=0.5629 acc=0.3787
[ep 056] val_sel AUC=0.5739 acc=0.3921
[ep 057] val_sel AUC=0.5878 acc=0.4105
[ep 058] val_sel AUC=0.5998 acc=0.4121
[ep 059] val_sel AUC=0.6028 acc=0.4070
[ep 060] val_sel AUC=0.6399 acc=0.4752
[ep 061] val_sel AUC=0.6243 acc=0.4431
[ep 062] val_sel AUC=0.6446 acc=0.4521
[ep 063] val_sel AUC=0.6661 acc=0.4891
[ep 064] val_sel AUC=0.7045 acc=0.5143
[ep 065] val_sel AUC=0.7267 acc=0.5430
[ep 066] val_sel AUC=0.7030 acc=0.5075
[ep 067] val_sel AUC=0.7124 acc=0.5302
[ep 068] val_sel AUC=0.7273 acc=0.5412
[ep 069] val_sel AUC=0.7423 acc=0.5616
[ep 070] val_sel AUC=0.7636 acc=0.5719
[ep 071] val_sel AUC=0.7621 acc=0.5946
[ep 072] val_sel AUC=0.7659 acc=0.5939
[ep 073] val_sel AUC=0.7791 acc=0.6164
[ep 074] val_sel AUC=0.7846 acc=0.6213
[ep 075] val_sel AUC=0.7832 acc=0.6189
[ep 076] val_sel AUC=0.7771 acc=0.6013
[ep 077] val_sel AUC=0.7861 acc=0.6227
[ep 078] val_sel AUC=0.7885 acc=0.6332
[ep 079] val_sel AUC=0.7808 acc=0.6123
[ep 080] val_sel AUC=0.7816 acc=0.6247
[ep 081] val_sel AUC=0.7916 acc=0.6370
[ep 082] val_sel AUC=0.7854 acc=0.6159
[ep 083] val_sel AUC=0.7861 acc=0.6141
[ep 084] val_sel AUC=0.7735 acc=0.5841
[ep 085] val_sel AUC=0.7799 acc=0.6049
[ep 086] val_sel AUC=0.7807 acc=0.6198
[ep 087] val_sel AUC=0.7894 acc=0.6328
[ep 088] val_sel AUC=0.7882 acc=0.6316
[ep 089] val_sel AUC=0.7919 acc=0.6334
[ep 090] val_sel AUC=0.7932 acc=0.6355
[ep 091] val_sel AUC=0.7923 acc=0.6341
[ep 092] val_sel AUC=0.7936 acc=0.6343
[ep 093] val_sel AUC=0.7943 acc=0.6357
[ep 094] val_sel AUC=0.7945 acc=0.6370
[ep 095] val_sel AUC=0.7943 acc=0.6377
[ep 096] val_sel AUC=0.7943 acc=0.6370
============================================================
TEST (best val_sel epoch, held-out, evaluated once)
============================================================
[DONE-QPE2] embed=butterfly model_II N=100 seed=53 test_AUC=0.7896 val_sel_AUC=0.7945 per_class=(axion=0.8312 cdm=0.6396 no_sub=0.8981) params=203652 embed_params=193 R_frob_drift=1.9923827648162842
