[INFO] QPE2 D=64 P=8 depth=4 | embed=butterfly | data=model_III N/class=100 seed=52 split_seed=0 | params=203652 embed_params=193 lr=0.001 epochs=96 bs=32 | train(300, 64, 64) val_sel(4469, 64, 64) test(4470, 64, 64) device=cuda
[ep 001] val_sel AUC=0.4309 acc=0.3433
[ep 002] val_sel AUC=0.5053 acc=0.3283
[ep 003] val_sel AUC=0.5069 acc=0.3285
[ep 004] val_sel AUC=0.5074 acc=0.3433
[ep 005] val_sel AUC=0.5192 acc=0.3283
[ep 006] val_sel AUC=0.5224 acc=0.3285
[ep 007] val_sel AUC=0.5209 acc=0.3285
[ep 008] val_sel AUC=0.5283 acc=0.3283
[ep 009] val_sel AUC=0.5293 acc=0.3283
[ep 010] val_sel AUC=0.5332 acc=0.3283
[ep 011] val_sel AUC=0.5325 acc=0.3285
[ep 012] val_sel AUC=0.5366 acc=0.3283
[ep 013] val_sel AUC=0.5371 acc=0.3283
[ep 014] val_sel AUC=0.5352 acc=0.3433
[ep 015] val_sel AUC=0.5383 acc=0.3388
[ep 016] val_sel AUC=0.5403 acc=0.3283
[ep 017] val_sel AUC=0.5403 acc=0.3285
[ep 018] val_sel AUC=0.5425 acc=0.3433
[ep 019] val_sel AUC=0.5426 acc=0.3609
[ep 020] val_sel AUC=0.5448 acc=0.3283
[ep 021] val_sel AUC=0.5439 acc=0.3285
[ep 022] val_sel AUC=0.5446 acc=0.3441
[ep 023] val_sel AUC=0.5473 acc=0.3433
[ep 024] val_sel AUC=0.5472 acc=0.3283
[ep 025] val_sel AUC=0.5483 acc=0.3283
[ep 026] val_sel AUC=0.5482 acc=0.3285
[ep 027] val_sel AUC=0.5487 acc=0.3283
[ep 028] val_sel AUC=0.5490 acc=0.3283
[ep 029] val_sel AUC=0.5492 acc=0.3283
[ep 030] val_sel AUC=0.5492 acc=0.3706
[ep 031] val_sel AUC=0.5493 acc=0.3815
[ep 032] val_sel AUC=0.5493 acc=0.3840
[ep 033] val_sel AUC=0.5572 acc=0.3283
[ep 034] val_sel AUC=0.5655 acc=0.3285
[ep 035] val_sel AUC=0.5720 acc=0.3283
[ep 036] val_sel AUC=0.5926 acc=0.3285
[ep 037] val_sel AUC=0.5852 acc=0.3283
[ep 038] val_sel AUC=0.5799 acc=0.3285
[ep 039] val_sel AUC=0.5661 acc=0.3283
[ep 040] val_sel AUC=0.5653 acc=0.3748
[ep 041] val_sel AUC=0.5620 acc=0.3701
[ep 042] val_sel AUC=0.5691 acc=0.3710
[ep 043] val_sel AUC=0.5957 acc=0.3804
[ep 044] val_sel AUC=0.5961 acc=0.3934
[ep 045] val_sel AUC=0.6088 acc=0.4151
[ep 046] val_sel AUC=0.6288 acc=0.4299
[ep 047] val_sel AUC=0.6377 acc=0.4368
[ep 048] val_sel AUC=0.7075 acc=0.5023
[ep 049] val_sel AUC=0.7385 acc=0.5583
[ep 050] val_sel AUC=0.7696 acc=0.5361
[ep 051] val_sel AUC=0.7543 acc=0.5122
[ep 052] val_sel AUC=0.8017 acc=0.5569
[ep 053] val_sel AUC=0.7973 acc=0.5995
[ep 054] val_sel AUC=0.8180 acc=0.5851
[ep 055] val_sel AUC=0.8235 acc=0.6192
[ep 056] val_sel AUC=0.8066 acc=0.6060
[ep 057] val_sel AUC=0.8216 acc=0.6422
[ep 058] val_sel AUC=0.7832 acc=0.5733
[ep 059] val_sel AUC=0.8068 acc=0.5983
[ep 060] val_sel AUC=0.8198 acc=0.6431
[ep 061] val_sel AUC=0.8487 acc=0.6731
[ep 062] val_sel AUC=0.8525 acc=0.6858
[ep 063] val_sel AUC=0.8494 acc=0.6773
[ep 064] val_sel AUC=0.8351 acc=0.6664
[ep 065] val_sel AUC=0.8477 acc=0.6529
[ep 066] val_sel AUC=0.8570 acc=0.6925
[ep 067] val_sel AUC=0.8546 acc=0.6961
[ep 068] val_sel AUC=0.8625 acc=0.6946
[ep 069] val_sel AUC=0.8665 acc=0.7196
[ep 070] val_sel AUC=0.8685 acc=0.7230
[ep 071] val_sel AUC=0.8716 acc=0.7167
[ep 072] val_sel AUC=0.8745 acc=0.7223
[ep 073] val_sel AUC=0.8778 acc=0.7424
[ep 074] val_sel AUC=0.8711 acc=0.6921
[ep 075] val_sel AUC=0.8770 acc=0.7250
[ep 076] val_sel AUC=0.8795 acc=0.7324
[ep 077] val_sel AUC=0.8767 acc=0.7424
[ep 078] val_sel AUC=0.8815 acc=0.7512
[ep 079] val_sel AUC=0.8789 acc=0.7295
[ep 080] val_sel AUC=0.8818 acc=0.7389
[ep 081] val_sel AUC=0.8840 acc=0.7574
[ep 082] val_sel AUC=0.8791 acc=0.7270
[ep 083] val_sel AUC=0.8930 acc=0.7662
[ep 084] val_sel AUC=0.8829 acc=0.7523
[ep 085] val_sel AUC=0.8889 acc=0.7586
[ep 086] val_sel AUC=0.8888 acc=0.7525
[ep 087] val_sel AUC=0.8898 acc=0.7570
[ep 088] val_sel AUC=0.8898 acc=0.7599
[ep 089] val_sel AUC=0.8911 acc=0.7601
[ep 090] val_sel AUC=0.8905 acc=0.7597
[ep 091] val_sel AUC=0.8899 acc=0.7601
[ep 092] val_sel AUC=0.8904 acc=0.7612
[ep 093] val_sel AUC=0.8899 acc=0.7601
[ep 094] val_sel AUC=0.8898 acc=0.7603
[ep 095] val_sel AUC=0.8897 acc=0.7610
[ep 096] val_sel AUC=0.8898 acc=0.7610
============================================================
TEST (best val_sel epoch, held-out, evaluated once)
============================================================
[DONE-QPE2] embed=butterfly model_III N=100 seed=52 test_AUC=0.8951 val_sel_AUC=0.8930 per_class=(axion=0.9364 cdm=0.8085 no_sub=0.9405) params=203652 embed_params=193 R_frob_drift=1.7944849729537964
