[INFO] QPE2 D=64 P=8 depth=4 | embed=butterfly | data=model_II N/class=100 seed=47 split_seed=0 | params=203652 embed_params=193 lr=0.001 epochs=96 bs=32 | train(300, 64, 64) val_sel(4455, 64, 64) test(4455, 64, 64) device=cuda
[ep 001] val_sel AUC=0.5215 acc=0.3291
[ep 002] val_sel AUC=0.5039 acc=0.3237
[ep 003] val_sel AUC=0.5045 acc=0.3473
[ep 004] val_sel AUC=0.5043 acc=0.3237
[ep 005] val_sel AUC=0.5064 acc=0.3473
[ep 006] val_sel AUC=0.5078 acc=0.3291
[ep 007] val_sel AUC=0.5091 acc=0.3237
[ep 008] val_sel AUC=0.5099 acc=0.3437
[ep 009] val_sel AUC=0.5098 acc=0.3473
[ep 010] val_sel AUC=0.5101 acc=0.3291
[ep 011] val_sel AUC=0.5108 acc=0.3237
[ep 012] val_sel AUC=0.5105 acc=0.3473
[ep 013] val_sel AUC=0.5108 acc=0.3237
[ep 014] val_sel AUC=0.5102 acc=0.3291
[ep 015] val_sel AUC=0.5090 acc=0.3473
[ep 016] val_sel AUC=0.5092 acc=0.3538
[ep 017] val_sel AUC=0.5080 acc=0.3569
[ep 018] val_sel AUC=0.5078 acc=0.3297
[ep 019] val_sel AUC=0.5086 acc=0.3194
[ep 020] val_sel AUC=0.5084 acc=0.3493
[ep 021] val_sel AUC=0.5082 acc=0.3154
[ep 022] val_sel AUC=0.5083 acc=0.3430
[ep 023] val_sel AUC=0.5099 acc=0.3473
[ep 024] val_sel AUC=0.5096 acc=0.3275
[ep 025] val_sel AUC=0.5111 acc=0.3405
[ep 026] val_sel AUC=0.5108 acc=0.3419
[ep 027] val_sel AUC=0.5103 acc=0.3423
[ep 028] val_sel AUC=0.5105 acc=0.3387
[ep 029] val_sel AUC=0.5105 acc=0.3421
[ep 030] val_sel AUC=0.5107 acc=0.3407
[ep 031] val_sel AUC=0.5106 acc=0.3414
[ep 032] val_sel AUC=0.5106 acc=0.3423
[ep 033] val_sel AUC=0.5127 acc=0.3201
[ep 034] val_sel AUC=0.5192 acc=0.3358
[ep 035] val_sel AUC=0.5218 acc=0.3461
[ep 036] val_sel AUC=0.5269 acc=0.3773
[ep 037] val_sel AUC=0.5286 acc=0.3473
[ep 038] val_sel AUC=0.5303 acc=0.3540
[ep 039] val_sel AUC=0.5505 acc=0.3547
[ep 040] val_sel AUC=0.5369 acc=0.3740
[ep 041] val_sel AUC=0.5395 acc=0.3614
[ep 042] val_sel AUC=0.5507 acc=0.3598
[ep 043] val_sel AUC=0.5525 acc=0.3549
[ep 044] val_sel AUC=0.5886 acc=0.3726
[ep 045] val_sel AUC=0.6157 acc=0.4058
[ep 046] val_sel AUC=0.6683 acc=0.4575
[ep 047] val_sel AUC=0.6366 acc=0.4532
[ep 048] val_sel AUC=0.6974 acc=0.4824
[ep 049] val_sel AUC=0.7299 acc=0.5520
[ep 050] val_sel AUC=0.7399 acc=0.5493
[ep 051] val_sel AUC=0.7356 acc=0.5558
[ep 052] val_sel AUC=0.7320 acc=0.5623
[ep 053] val_sel AUC=0.7326 acc=0.5486
[ep 054] val_sel AUC=0.7646 acc=0.5847
[ep 055] val_sel AUC=0.7697 acc=0.6072
[ep 056] val_sel AUC=0.7608 acc=0.5654
[ep 057] val_sel AUC=0.7729 acc=0.5589
[ep 058] val_sel AUC=0.7784 acc=0.6007
[ep 059] val_sel AUC=0.7879 acc=0.6105
[ep 060] val_sel AUC=0.7867 acc=0.6058
[ep 061] val_sel AUC=0.7669 acc=0.5910
[ep 062] val_sel AUC=0.7879 acc=0.5962
[ep 063] val_sel AUC=0.8214 acc=0.6523
[ep 064] val_sel AUC=0.8169 acc=0.6395
[ep 065] val_sel AUC=0.8205 acc=0.6406
[ep 066] val_sel AUC=0.8240 acc=0.6301
[ep 067] val_sel AUC=0.8282 acc=0.6620
[ep 068] val_sel AUC=0.8279 acc=0.6660
[ep 069] val_sel AUC=0.8320 acc=0.6871
[ep 070] val_sel AUC=0.8414 acc=0.7037
[ep 071] val_sel AUC=0.8120 acc=0.6534
[ep 072] val_sel AUC=0.8388 acc=0.7055
[ep 073] val_sel AUC=0.8349 acc=0.6644
[ep 074] val_sel AUC=0.8516 acc=0.6896
[ep 075] val_sel AUC=0.8474 acc=0.7172
[ep 076] val_sel AUC=0.8520 acc=0.6889
[ep 077] val_sel AUC=0.8469 acc=0.7226
[ep 078] val_sel AUC=0.8529 acc=0.7163
[ep 079] val_sel AUC=0.8446 acc=0.6815
[ep 080] val_sel AUC=0.8558 acc=0.7192
[ep 081] val_sel AUC=0.8576 acc=0.7369
[ep 082] val_sel AUC=0.8550 acc=0.7219
[ep 083] val_sel AUC=0.8578 acc=0.7416
[ep 084] val_sel AUC=0.8580 acc=0.7374
[ep 085] val_sel AUC=0.8562 acc=0.7363
[ep 086] val_sel AUC=0.8581 acc=0.7419
[ep 087] val_sel AUC=0.8575 acc=0.7378
[ep 088] val_sel AUC=0.8578 acc=0.7421
[ep 089] val_sel AUC=0.8572 acc=0.7412
[ep 090] val_sel AUC=0.8569 acc=0.7437
[ep 091] val_sel AUC=0.8562 acc=0.7385
[ep 092] val_sel AUC=0.8564 acc=0.7452
[ep 093] val_sel AUC=0.8560 acc=0.7437
[ep 094] val_sel AUC=0.8557 acc=0.7432
[ep 095] val_sel AUC=0.8558 acc=0.7430
[ep 096] val_sel AUC=0.8557 acc=0.7414
============================================================
TEST (best val_sel epoch, held-out, evaluated once)
============================================================
[DONE-QPE2] embed=butterfly model_II N=100 seed=47 test_AUC=0.8713 val_sel_AUC=0.8581 per_class=(axion=0.9205 cdm=0.7657 no_sub=0.9276) params=203652 embed_params=193 R_frob_drift=1.598189115524292
