[INFO] QPE2 D=64 P=8 depth=4 | embed=butterfly | data=model_II N/class=100 seed=60 split_seed=0 | params=203652 embed_params=193 lr=0.001 epochs=96 bs=32 | train(300, 64, 64) val_sel(4455, 64, 64) test(4455, 64, 64) device=cuda
[ep 001] val_sel AUC=0.5178 acc=0.3473
[ep 002] val_sel AUC=0.5270 acc=0.3237
[ep 003] val_sel AUC=0.5252 acc=0.3291
[ep 004] val_sel AUC=0.5202 acc=0.3237
[ep 005] val_sel AUC=0.5173 acc=0.3473
[ep 006] val_sel AUC=0.5115 acc=0.3473
[ep 007] val_sel AUC=0.5095 acc=0.3291
[ep 008] val_sel AUC=0.5066 acc=0.3331
[ep 009] val_sel AUC=0.5011 acc=0.3473
[ep 010] val_sel AUC=0.5015 acc=0.3291
[ep 011] val_sel AUC=0.4946 acc=0.3473
[ep 012] val_sel AUC=0.4999 acc=0.3154
[ep 013] val_sel AUC=0.4967 acc=0.3167
[ep 014] val_sel AUC=0.4956 acc=0.3401
[ep 015] val_sel AUC=0.4961 acc=0.3255
[ep 016] val_sel AUC=0.4950 acc=0.3111
[ep 017] val_sel AUC=0.4968 acc=0.3080
[ep 018] val_sel AUC=0.4958 acc=0.3120
[ep 019] val_sel AUC=0.4974 acc=0.3169
[ep 020] val_sel AUC=0.4972 acc=0.3113
[ep 021] val_sel AUC=0.4983 acc=0.3138
[ep 022] val_sel AUC=0.4985 acc=0.3244
[ep 023] val_sel AUC=0.4995 acc=0.3160
[ep 024] val_sel AUC=0.5015 acc=0.3190
[ep 025] val_sel AUC=0.5024 acc=0.3235
[ep 026] val_sel AUC=0.5038 acc=0.3266
[ep 027] val_sel AUC=0.5037 acc=0.3273
[ep 028] val_sel AUC=0.5044 acc=0.3333
[ep 029] val_sel AUC=0.5046 acc=0.3363
[ep 030] val_sel AUC=0.5050 acc=0.3389
[ep 031] val_sel AUC=0.5051 acc=0.3387
[ep 032] val_sel AUC=0.5050 acc=0.3383
[ep 033] val_sel AUC=0.5033 acc=0.3497
[ep 034] val_sel AUC=0.5217 acc=0.3342
[ep 035] val_sel AUC=0.5297 acc=0.3477
[ep 036] val_sel AUC=0.5395 acc=0.3551
[ep 037] val_sel AUC=0.5411 acc=0.3549
[ep 038] val_sel AUC=0.5463 acc=0.3811
[ep 039] val_sel AUC=0.5437 acc=0.3320
[ep 040] val_sel AUC=0.5522 acc=0.3829
[ep 041] val_sel AUC=0.5585 acc=0.3668
[ep 042] val_sel AUC=0.5670 acc=0.3870
[ep 043] val_sel AUC=0.5757 acc=0.3912
[ep 044] val_sel AUC=0.5854 acc=0.3816
[ep 045] val_sel AUC=0.6210 acc=0.4285
[ep 046] val_sel AUC=0.6185 acc=0.4247
[ep 047] val_sel AUC=0.6286 acc=0.4431
[ep 048] val_sel AUC=0.6518 acc=0.4501
[ep 049] val_sel AUC=0.6614 acc=0.4420
[ep 050] val_sel AUC=0.6225 acc=0.4525
[ep 051] val_sel AUC=0.6557 acc=0.4613
[ep 052] val_sel AUC=0.6766 acc=0.4961
[ep 053] val_sel AUC=0.7229 acc=0.5365
[ep 054] val_sel AUC=0.7128 acc=0.4730
[ep 055] val_sel AUC=0.7075 acc=0.5358
[ep 056] val_sel AUC=0.7366 acc=0.5403
[ep 057] val_sel AUC=0.7362 acc=0.5394
[ep 058] val_sel AUC=0.7408 acc=0.5003
[ep 059] val_sel AUC=0.7429 acc=0.5571
[ep 060] val_sel AUC=0.7715 acc=0.5870
[ep 061] val_sel AUC=0.7740 acc=0.5933
[ep 062] val_sel AUC=0.7540 acc=0.5502
[ep 063] val_sel AUC=0.7774 acc=0.5829
[ep 064] val_sel AUC=0.7870 acc=0.6148
[ep 065] val_sel AUC=0.7804 acc=0.5787
[ep 066] val_sel AUC=0.7785 acc=0.5926
[ep 067] val_sel AUC=0.7958 acc=0.6218
[ep 068] val_sel AUC=0.7948 acc=0.6047
[ep 069] val_sel AUC=0.7676 acc=0.5360
[ep 070] val_sel AUC=0.7878 acc=0.5809
[ep 071] val_sel AUC=0.7907 acc=0.6119
[ep 072] val_sel AUC=0.8070 acc=0.6375
[ep 073] val_sel AUC=0.7983 acc=0.6063
[ep 074] val_sel AUC=0.8071 acc=0.6325
[ep 075] val_sel AUC=0.8045 acc=0.6402
[ep 076] val_sel AUC=0.8092 acc=0.6397
[ep 077] val_sel AUC=0.8205 acc=0.6420
[ep 078] val_sel AUC=0.8132 acc=0.6299
[ep 079] val_sel AUC=0.8201 acc=0.6413
[ep 080] val_sel AUC=0.8210 acc=0.6480
[ep 081] val_sel AUC=0.8076 acc=0.6121
[ep 082] val_sel AUC=0.8158 acc=0.6431
[ep 083] val_sel AUC=0.8073 acc=0.6128
[ep 084] val_sel AUC=0.8180 acc=0.6516
[ep 085] val_sel AUC=0.8160 acc=0.6429
[ep 086] val_sel AUC=0.8195 acc=0.6521
[ep 087] val_sel AUC=0.8197 acc=0.6492
[ep 088] val_sel AUC=0.8201 acc=0.6545
[ep 089] val_sel AUC=0.8206 acc=0.6548
[ep 090] val_sel AUC=0.8195 acc=0.6489
[ep 091] val_sel AUC=0.8198 acc=0.6501
[ep 092] val_sel AUC=0.8212 acc=0.6545
[ep 093] val_sel AUC=0.8204 acc=0.6521
[ep 094] val_sel AUC=0.8202 acc=0.6510
[ep 095] val_sel AUC=0.8202 acc=0.6510
[ep 096] val_sel AUC=0.8202 acc=0.6514
============================================================
TEST (best val_sel epoch, held-out, evaluated once)
============================================================
[DONE-QPE2] embed=butterfly model_II N=100 seed=60 test_AUC=0.8291 val_sel_AUC=0.8212 per_class=(axion=0.8923 cdm=0.6777 no_sub=0.9172) params=203652 embed_params=193 R_frob_drift=1.7518904209136963
