[INFO] QPE2 D=64 P=8 depth=4 | embed=butterfly | data=model_III N/class=100 seed=53 split_seed=0 | params=203652 embed_params=193 lr=0.001 epochs=96 bs=32 | train(300, 64, 64) val_sel(4469, 64, 64) test(4470, 64, 64) device=cuda
[ep 001] val_sel AUC=0.5131 acc=0.3285
[ep 002] val_sel AUC=0.5319 acc=0.3283
[ep 003] val_sel AUC=0.5330 acc=0.3271
[ep 004] val_sel AUC=0.5500 acc=0.3283
[ep 005] val_sel AUC=0.5400 acc=0.3433
[ep 006] val_sel AUC=0.5507 acc=0.3283
[ep 007] val_sel AUC=0.5472 acc=0.3285
[ep 008] val_sel AUC=0.5531 acc=0.3433
[ep 009] val_sel AUC=0.5486 acc=0.3285
[ep 010] val_sel AUC=0.5462 acc=0.3285
[ep 011] val_sel AUC=0.5488 acc=0.3283
[ep 012] val_sel AUC=0.5456 acc=0.3433
[ep 013] val_sel AUC=0.5437 acc=0.3285
[ep 014] val_sel AUC=0.5462 acc=0.3433
[ep 015] val_sel AUC=0.5438 acc=0.3341
[ep 016] val_sel AUC=0.5416 acc=0.3343
[ep 017] val_sel AUC=0.5368 acc=0.3433
[ep 018] val_sel AUC=0.5358 acc=0.3433
[ep 019] val_sel AUC=0.5343 acc=0.3502
[ep 020] val_sel AUC=0.5334 acc=0.3388
[ep 021] val_sel AUC=0.5309 acc=0.3330
[ep 022] val_sel AUC=0.5284 acc=0.3509
[ep 023] val_sel AUC=0.5266 acc=0.3502
[ep 024] val_sel AUC=0.5261 acc=0.3401
[ep 025] val_sel AUC=0.5252 acc=0.3542
[ep 026] val_sel AUC=0.5260 acc=0.3370
[ep 027] val_sel AUC=0.5273 acc=0.3417
[ep 028] val_sel AUC=0.5282 acc=0.3426
[ep 029] val_sel AUC=0.5293 acc=0.3450
[ep 030] val_sel AUC=0.5298 acc=0.3468
[ep 031] val_sel AUC=0.5298 acc=0.3477
[ep 032] val_sel AUC=0.5299 acc=0.3475
[ep 033] val_sel AUC=0.5511 acc=0.3394
[ep 034] val_sel AUC=0.5538 acc=0.3540
[ep 035] val_sel AUC=0.5514 acc=0.3864
[ep 036] val_sel AUC=0.5564 acc=0.3424
[ep 037] val_sel AUC=0.5948 acc=0.3495
[ep 038] val_sel AUC=0.5897 acc=0.4099
[ep 039] val_sel AUC=0.6214 acc=0.4415
[ep 040] val_sel AUC=0.6662 acc=0.4762
[ep 041] val_sel AUC=0.6803 acc=0.4708
[ep 042] val_sel AUC=0.6678 acc=0.4914
[ep 043] val_sel AUC=0.7288 acc=0.5343
[ep 044] val_sel AUC=0.7351 acc=0.5106
[ep 045] val_sel AUC=0.7398 acc=0.5173
[ep 046] val_sel AUC=0.7756 acc=0.5637
[ep 047] val_sel AUC=0.8000 acc=0.6272
[ep 048] val_sel AUC=0.8321 acc=0.6543
[ep 049] val_sel AUC=0.8159 acc=0.5719
[ep 050] val_sel AUC=0.8333 acc=0.6946
[ep 051] val_sel AUC=0.8074 acc=0.6406
[ep 052] val_sel AUC=0.8319 acc=0.6706
[ep 053] val_sel AUC=0.8292 acc=0.6746
[ep 054] val_sel AUC=0.8378 acc=0.6952
[ep 055] val_sel AUC=0.8523 acc=0.7091
[ep 056] val_sel AUC=0.8623 acc=0.7252
[ep 057] val_sel AUC=0.8311 acc=0.6758
[ep 058] val_sel AUC=0.8628 acc=0.7310
[ep 059] val_sel AUC=0.8191 acc=0.6516
[ep 060] val_sel AUC=0.8669 acc=0.7330
[ep 061] val_sel AUC=0.8635 acc=0.7082
[ep 062] val_sel AUC=0.8800 acc=0.7176
[ep 063] val_sel AUC=0.8756 acc=0.7436
[ep 064] val_sel AUC=0.8799 acc=0.7335
[ep 065] val_sel AUC=0.8624 acc=0.6626
[ep 066] val_sel AUC=0.8883 acc=0.7597
[ep 067] val_sel AUC=0.8883 acc=0.7628
[ep 068] val_sel AUC=0.8855 acc=0.7487
[ep 069] val_sel AUC=0.8768 acc=0.7422
[ep 070] val_sel AUC=0.8921 acc=0.7704
[ep 071] val_sel AUC=0.8138 acc=0.6160
[ep 072] val_sel AUC=0.8410 acc=0.6874
[ep 073] val_sel AUC=0.8773 acc=0.7391
[ep 074] val_sel AUC=0.8872 acc=0.7478
[ep 075] val_sel AUC=0.8894 acc=0.7539
[ep 076] val_sel AUC=0.8836 acc=0.7521
[ep 077] val_sel AUC=0.8894 acc=0.7650
[ep 078] val_sel AUC=0.8902 acc=0.7621
[ep 079] val_sel AUC=0.8933 acc=0.7724
[ep 080] val_sel AUC=0.8700 acc=0.7169
[ep 081] val_sel AUC=0.8920 acc=0.7639
[ep 082] val_sel AUC=0.8913 acc=0.7673
[ep 083] val_sel AUC=0.8925 acc=0.7740
[ep 084] val_sel AUC=0.8919 acc=0.7771
[ep 085] val_sel AUC=0.8900 acc=0.7731
[ep 086] val_sel AUC=0.8916 acc=0.7753
[ep 087] val_sel AUC=0.8921 acc=0.7742
[ep 088] val_sel AUC=0.8923 acc=0.7778
[ep 089] val_sel AUC=0.8910 acc=0.7762
[ep 090] val_sel AUC=0.8904 acc=0.7727
[ep 091] val_sel AUC=0.8913 acc=0.7758
[ep 092] val_sel AUC=0.8910 acc=0.7751
[ep 093] val_sel AUC=0.8915 acc=0.7769
[ep 094] val_sel AUC=0.8918 acc=0.7774
[ep 095] val_sel AUC=0.8915 acc=0.7765
[ep 096] val_sel AUC=0.8914 acc=0.7760
============================================================
TEST (best val_sel epoch, held-out, evaluated once)
============================================================
[DONE-QPE2] embed=butterfly model_III N=100 seed=53 test_AUC=0.8958 val_sel_AUC=0.8933 per_class=(axion=0.9311 cdm=0.8035 no_sub=0.9527) params=203652 embed_params=193 R_frob_drift=1.6094647645950317
