[INFO] QPE2 D=64 P=8 depth=4 | embed=butterfly | data=model_II N/class=100 seed=49 split_seed=0 | params=203652 embed_params=193 lr=0.001 epochs=96 bs=32 | train(300, 64, 64) val_sel(4455, 64, 64) test(4455, 64, 64) device=cuda
[ep 001] val_sel AUC=0.5236 acc=0.3473
[ep 002] val_sel AUC=0.5131 acc=0.3291
[ep 003] val_sel AUC=0.5056 acc=0.3473
[ep 004] val_sel AUC=0.5042 acc=0.3237
[ep 005] val_sel AUC=0.5012 acc=0.3473
[ep 006] val_sel AUC=0.4997 acc=0.3291
[ep 007] val_sel AUC=0.4957 acc=0.3300
[ep 008] val_sel AUC=0.4924 acc=0.3455
[ep 009] val_sel AUC=0.4906 acc=0.3315
[ep 010] val_sel AUC=0.4927 acc=0.3443
[ep 011] val_sel AUC=0.4965 acc=0.3275
[ep 012] val_sel AUC=0.4955 acc=0.3403
[ep 013] val_sel AUC=0.4977 acc=0.3504
[ep 014] val_sel AUC=0.5010 acc=0.3270
[ep 015] val_sel AUC=0.5026 acc=0.3407
[ep 016] val_sel AUC=0.5020 acc=0.3387
[ep 017] val_sel AUC=0.5048 acc=0.3448
[ep 018] val_sel AUC=0.5095 acc=0.3571
[ep 019] val_sel AUC=0.5021 acc=0.3461
[ep 020] val_sel AUC=0.5092 acc=0.3578
[ep 021] val_sel AUC=0.5136 acc=0.3495
[ep 022] val_sel AUC=0.5141 acc=0.3486
[ep 023] val_sel AUC=0.5150 acc=0.3477
[ep 024] val_sel AUC=0.5191 acc=0.3596
[ep 025] val_sel AUC=0.5190 acc=0.3511
[ep 026] val_sel AUC=0.5203 acc=0.3531
[ep 027] val_sel AUC=0.5210 acc=0.3544
[ep 028] val_sel AUC=0.5221 acc=0.3531
[ep 029] val_sel AUC=0.5226 acc=0.3531
[ep 030] val_sel AUC=0.5228 acc=0.3526
[ep 031] val_sel AUC=0.5230 acc=0.3529
[ep 032] val_sel AUC=0.5231 acc=0.3531
[ep 033] val_sel AUC=0.5244 acc=0.3403
[ep 034] val_sel AUC=0.5403 acc=0.3787
[ep 035] val_sel AUC=0.5167 acc=0.3582
[ep 036] val_sel AUC=0.5241 acc=0.3549
[ep 037] val_sel AUC=0.5376 acc=0.3688
[ep 038] val_sel AUC=0.5566 acc=0.3746
[ep 039] val_sel AUC=0.5632 acc=0.3832
[ep 040] val_sel AUC=0.5868 acc=0.3989
[ep 041] val_sel AUC=0.6387 acc=0.4453
[ep 042] val_sel AUC=0.6518 acc=0.4256
[ep 043] val_sel AUC=0.6452 acc=0.4554
[ep 044] val_sel AUC=0.6532 acc=0.4476
[ep 045] val_sel AUC=0.5433 acc=0.3535
[ep 046] val_sel AUC=0.5406 acc=0.3493
[ep 047] val_sel AUC=0.5388 acc=0.3380
[ep 048] val_sel AUC=0.5442 acc=0.3726
[ep 049] val_sel AUC=0.5409 acc=0.3670
[ep 050] val_sel AUC=0.5774 acc=0.4088
[ep 051] val_sel AUC=0.5913 acc=0.3980
[ep 052] val_sel AUC=0.6462 acc=0.4640
[ep 053] val_sel AUC=0.6703 acc=0.4795
[ep 054] val_sel AUC=0.6801 acc=0.4685
[ep 055] val_sel AUC=0.6967 acc=0.4869
[ep 056] val_sel AUC=0.6594 acc=0.4361
[ep 057] val_sel AUC=0.7188 acc=0.5001
[ep 058] val_sel AUC=0.7201 acc=0.5021
[ep 059] val_sel AUC=0.7353 acc=0.5360
[ep 060] val_sel AUC=0.7477 acc=0.5538
[ep 061] val_sel AUC=0.7904 acc=0.6022
[ep 062] val_sel AUC=0.8077 acc=0.6076
[ep 063] val_sel AUC=0.8008 acc=0.6043
[ep 064] val_sel AUC=0.7807 acc=0.6137
[ep 065] val_sel AUC=0.7924 acc=0.6099
[ep 066] val_sel AUC=0.8160 acc=0.5881
[ep 067] val_sel AUC=0.7964 acc=0.6040
[ep 068] val_sel AUC=0.8082 acc=0.6166
[ep 069] val_sel AUC=0.8317 acc=0.6588
[ep 070] val_sel AUC=0.8448 acc=0.6837
[ep 071] val_sel AUC=0.8304 acc=0.6420
[ep 072] val_sel AUC=0.8505 acc=0.6646
[ep 073] val_sel AUC=0.8525 acc=0.6840
[ep 074] val_sel AUC=0.8571 acc=0.6629
[ep 075] val_sel AUC=0.8490 acc=0.6572
[ep 076] val_sel AUC=0.8401 acc=0.6265
[ep 077] val_sel AUC=0.8483 acc=0.6918
[ep 078] val_sel AUC=0.8561 acc=0.6949
[ep 079] val_sel AUC=0.8576 acc=0.7073
[ep 080] val_sel AUC=0.8554 acc=0.6961
[ep 081] val_sel AUC=0.8574 acc=0.6947
[ep 082] val_sel AUC=0.8580 acc=0.7077
[ep 083] val_sel AUC=0.8579 acc=0.6981
[ep 084] val_sel AUC=0.8578 acc=0.7104
[ep 085] val_sel AUC=0.8587 acc=0.7125
[ep 086] val_sel AUC=0.8595 acc=0.7003
[ep 087] val_sel AUC=0.8573 acc=0.7012
[ep 088] val_sel AUC=0.8585 acc=0.6974
[ep 089] val_sel AUC=0.8579 acc=0.7021
[ep 090] val_sel AUC=0.8571 acc=0.7033
[ep 091] val_sel AUC=0.8576 acc=0.7051
[ep 092] val_sel AUC=0.8581 acc=0.7051
[ep 093] val_sel AUC=0.8586 acc=0.7062
[ep 094] val_sel AUC=0.8588 acc=0.7066
[ep 095] val_sel AUC=0.8587 acc=0.7080
[ep 096] val_sel AUC=0.8586 acc=0.7073
============================================================
TEST (best val_sel epoch, held-out, evaluated once)
============================================================
[DONE-QPE2] embed=butterfly model_II N=100 seed=49 test_AUC=0.8707 val_sel_AUC=0.8595 per_class=(axion=0.9034 cdm=0.7612 no_sub=0.9474) params=203652 embed_params=193 R_frob_drift=1.6397384405136108
