[INFO] QPE2 D=64 P=8 depth=4 | embed=butterfly | data=model_II N/class=250 seed=45 split_seed=0 | params=203652 embed_params=193 lr=0.001 epochs=96 bs=32 | train(750, 64, 64) val_sel(4455, 64, 64) test(4455, 64, 64) device=cuda
[ep 001] val_sel AUC=0.5346 acc=0.3237
[ep 002] val_sel AUC=0.5534 acc=0.3291
[ep 003] val_sel AUC=0.5473 acc=0.3473
[ep 004] val_sel AUC=0.5558 acc=0.3291
[ep 005] val_sel AUC=0.5577 acc=0.3291
[ep 006] val_sel AUC=0.5568 acc=0.3473
[ep 007] val_sel AUC=0.5568 acc=0.3291
[ep 008] val_sel AUC=0.5526 acc=0.3237
[ep 009] val_sel AUC=0.5512 acc=0.3473
[ep 010] val_sel AUC=0.5515 acc=0.3371
[ep 011] val_sel AUC=0.5455 acc=0.3291
[ep 012] val_sel AUC=0.5476 acc=0.3490
[ep 013] val_sel AUC=0.5440 acc=0.3291
[ep 014] val_sel AUC=0.5481 acc=0.3291
[ep 015] val_sel AUC=0.5420 acc=0.3603
[ep 016] val_sel AUC=0.5512 acc=0.3549
[ep 017] val_sel AUC=0.5564 acc=0.3733
[ep 018] val_sel AUC=0.5667 acc=0.3832
[ep 019] val_sel AUC=0.5869 acc=0.4180
[ep 020] val_sel AUC=0.6221 acc=0.4276
[ep 021] val_sel AUC=0.6579 acc=0.4714
[ep 022] val_sel AUC=0.6925 acc=0.4831
[ep 023] val_sel AUC=0.7199 acc=0.5578
[ep 024] val_sel AUC=0.7462 acc=0.5558
[ep 025] val_sel AUC=0.7900 acc=0.6249
[ep 026] val_sel AUC=0.8021 acc=0.6334
[ep 027] val_sel AUC=0.7998 acc=0.6263
[ep 028] val_sel AUC=0.8079 acc=0.6341
[ep 029] val_sel AUC=0.8155 acc=0.6431
[ep 030] val_sel AUC=0.8227 acc=0.6561
[ep 031] val_sel AUC=0.8225 acc=0.6530
[ep 032] val_sel AUC=0.8232 acc=0.6536
[ep 033] val_sel AUC=0.6766 acc=0.5192
[ep 034] val_sel AUC=0.7424 acc=0.5859
[ep 035] val_sel AUC=0.8129 acc=0.6456
[ep 036] val_sel AUC=0.8490 acc=0.6907
[ep 037] val_sel AUC=0.8555 acc=0.6788
[ep 038] val_sel AUC=0.8462 acc=0.6788
[ep 039] val_sel AUC=0.8239 acc=0.6743
[ep 040] val_sel AUC=0.8123 acc=0.5764
[ep 041] val_sel AUC=0.8524 acc=0.6941
[ep 042] val_sel AUC=0.8583 acc=0.7008
[ep 043] val_sel AUC=0.8284 acc=0.6171
[ep 044] val_sel AUC=0.8531 acc=0.6884
[ep 045] val_sel AUC=0.8492 acc=0.5719
[ep 046] val_sel AUC=0.8607 acc=0.6667
[ep 047] val_sel AUC=0.8704 acc=0.7394
[ep 048] val_sel AUC=0.8054 acc=0.5138
[ep 049] val_sel AUC=0.8920 acc=0.7403
[ep 050] val_sel AUC=0.9058 acc=0.7612
[ep 051] val_sel AUC=0.8497 acc=0.6967
[ep 052] val_sel AUC=0.8914 acc=0.7416
[ep 053] val_sel AUC=0.8927 acc=0.7356
[ep 054] val_sel AUC=0.8916 acc=0.7515
[ep 055] val_sel AUC=0.9000 acc=0.7793
[ep 056] val_sel AUC=0.8737 acc=0.6911
[ep 057] val_sel AUC=0.9059 acc=0.7798
[ep 058] val_sel AUC=0.9159 acc=0.8034
[ep 059] val_sel AUC=0.9005 acc=0.7863
[ep 060] val_sel AUC=0.9097 acc=0.7740
[ep 061] val_sel AUC=0.9143 acc=0.7897
[ep 062] val_sel AUC=0.8947 acc=0.7535
[ep 063] val_sel AUC=0.9196 acc=0.7921
[ep 064] val_sel AUC=0.9131 acc=0.7850
[ep 065] val_sel AUC=0.9092 acc=0.8018
[ep 066] val_sel AUC=0.9108 acc=0.7951
[ep 067] val_sel AUC=0.9122 acc=0.7955
[ep 068] val_sel AUC=0.9215 acc=0.8139
[ep 069] val_sel AUC=0.9119 acc=0.7834
[ep 070] val_sel AUC=0.9197 acc=0.8058
[ep 071] val_sel AUC=0.9295 acc=0.8281
[ep 072] val_sel AUC=0.9203 acc=0.8045
[ep 073] val_sel AUC=0.8864 acc=0.7468
[ep 074] val_sel AUC=0.9270 acc=0.8265
[ep 075] val_sel AUC=0.9245 acc=0.8072
[ep 076] val_sel AUC=0.9201 acc=0.8054
[ep 077] val_sel AUC=0.9250 acc=0.8171
[ep 078] val_sel AUC=0.9244 acc=0.8148
[ep 079] val_sel AUC=0.9286 acc=0.8213
[ep 080] val_sel AUC=0.9304 acc=0.8200
[ep 081] val_sel AUC=0.9247 acc=0.8175
[ep 082] val_sel AUC=0.9302 acc=0.8263
[ep 083] val_sel AUC=0.9293 acc=0.8292
[ep 084] val_sel AUC=0.9297 acc=0.8299
[ep 085] val_sel AUC=0.9261 acc=0.8211
[ep 086] val_sel AUC=0.9275 acc=0.8256
[ep 087] val_sel AUC=0.9267 acc=0.8233
[ep 088] val_sel AUC=0.9289 acc=0.8292
[ep 089] val_sel AUC=0.9304 acc=0.8323
[ep 090] val_sel AUC=0.9296 acc=0.8294
[ep 091] val_sel AUC=0.9300 acc=0.8316
[ep 092] val_sel AUC=0.9293 acc=0.8305
[ep 093] val_sel AUC=0.9300 acc=0.8316
[ep 094] val_sel AUC=0.9297 acc=0.8303
[ep 095] val_sel AUC=0.9299 acc=0.8321
[ep 096] val_sel AUC=0.9299 acc=0.8319
============================================================
TEST (best val_sel epoch, held-out, evaluated once)
============================================================
[DONE-QPE2] embed=butterfly model_II N=250 seed=45 test_AUC=0.9304 val_sel_AUC=0.9304 per_class=(axion=0.9386 cdm=0.8706 no_sub=0.9820) params=203652 embed_params=193 R_frob_drift=1.7585151195526123
