[INFO] QPE2 D=64 P=8 depth=4 | embed=butterfly | data=model_III N/class=250 seed=58 split_seed=0 | params=203652 embed_params=193 lr=0.001 epochs=96 bs=32 | train(750, 64, 64) val_sel(4469, 64, 64) test(4470, 64, 64) device=cuda
[ep 001] val_sel AUC=0.5621 acc=0.3283
[ep 002] val_sel AUC=0.5801 acc=0.3285
[ep 003] val_sel AUC=0.5757 acc=0.3285
[ep 004] val_sel AUC=0.5815 acc=0.3283
[ep 005] val_sel AUC=0.5846 acc=0.3437
[ep 006] val_sel AUC=0.5543 acc=0.3477
[ep 007] val_sel AUC=0.5529 acc=0.3504
[ep 008] val_sel AUC=0.5668 acc=0.3285
[ep 009] val_sel AUC=0.5898 acc=0.3567
[ep 010] val_sel AUC=0.6354 acc=0.4339
[ep 011] val_sel AUC=0.7247 acc=0.4947
[ep 012] val_sel AUC=0.7812 acc=0.5467
[ep 013] val_sel AUC=0.8020 acc=0.5856
[ep 014] val_sel AUC=0.8544 acc=0.6968
[ep 015] val_sel AUC=0.8265 acc=0.6288
[ep 016] val_sel AUC=0.8895 acc=0.7539
[ep 017] val_sel AUC=0.8884 acc=0.7433
[ep 018] val_sel AUC=0.9094 acc=0.7944
[ep 019] val_sel AUC=0.8992 acc=0.7590
[ep 020] val_sel AUC=0.8945 acc=0.7577
[ep 021] val_sel AUC=0.9207 acc=0.8181
[ep 022] val_sel AUC=0.9151 acc=0.7991
[ep 023] val_sel AUC=0.9030 acc=0.7653
[ep 024] val_sel AUC=0.9155 acc=0.8040
[ep 025] val_sel AUC=0.9221 acc=0.8154
[ep 026] val_sel AUC=0.9234 acc=0.8201
[ep 027] val_sel AUC=0.9262 acc=0.8328
[ep 028] val_sel AUC=0.9233 acc=0.8293
[ep 029] val_sel AUC=0.9272 acc=0.8355
[ep 030] val_sel AUC=0.9268 acc=0.8402
[ep 031] val_sel AUC=0.9264 acc=0.8391
[ep 032] val_sel AUC=0.9265 acc=0.8398
[ep 033] val_sel AUC=0.8556 acc=0.7100
[ep 034] val_sel AUC=0.9090 acc=0.7740
[ep 035] val_sel AUC=0.9160 acc=0.7897
[ep 036] val_sel AUC=0.8926 acc=0.7498
[ep 037] val_sel AUC=0.8873 acc=0.7205
[ep 038] val_sel AUC=0.9103 acc=0.7845
[ep 039] val_sel AUC=0.9254 acc=0.8176
[ep 040] val_sel AUC=0.8897 acc=0.7480
[ep 041] val_sel AUC=0.9176 acc=0.7932
[ep 042] val_sel AUC=0.8995 acc=0.7471
[ep 043] val_sel AUC=0.8784 acc=0.7042
[ep 044] val_sel AUC=0.9123 acc=0.7879
[ep 045] val_sel AUC=0.9218 acc=0.8085
[ep 046] val_sel AUC=0.9196 acc=0.8026
[ep 047] val_sel AUC=0.8999 acc=0.7664
[ep 048] val_sel AUC=0.9198 acc=0.8268
[ep 049] val_sel AUC=0.9022 acc=0.7476
[ep 050] val_sel AUC=0.9235 acc=0.8205
[ep 051] val_sel AUC=0.9194 acc=0.8035
[ep 052] val_sel AUC=0.9253 acc=0.8174
[ep 053] val_sel AUC=0.9230 acc=0.8264
[ep 054] val_sel AUC=0.9080 acc=0.7812
[ep 055] val_sel AUC=0.9191 acc=0.8123
[ep 056] val_sel AUC=0.9139 acc=0.8089
[ep 057] val_sel AUC=0.9177 acc=0.7984
[ep 058] val_sel AUC=0.9215 acc=0.8067
[ep 059] val_sel AUC=0.9265 acc=0.8326
[ep 060] val_sel AUC=0.9247 acc=0.8264
[ep 061] val_sel AUC=0.9294 acc=0.8306
[ep 062] val_sel AUC=0.9316 acc=0.8416
[ep 063] val_sel AUC=0.9301 acc=0.8288
[ep 064] val_sel AUC=0.9225 acc=0.8333
[ep 065] val_sel AUC=0.9017 acc=0.7970
[ep 066] val_sel AUC=0.9292 acc=0.8485
[ep 067] val_sel AUC=0.9123 acc=0.7845
[ep 068] val_sel AUC=0.9235 acc=0.8022
[ep 069] val_sel AUC=0.9197 acc=0.8076
[ep 070] val_sel AUC=0.9280 acc=0.8371
[ep 071] val_sel AUC=0.9234 acc=0.8221
[ep 072] val_sel AUC=0.9230 acc=0.8266
[ep 073] val_sel AUC=0.9331 acc=0.8472
[ep 074] val_sel AUC=0.9198 acc=0.8096
[ep 075] val_sel AUC=0.9295 acc=0.8367
[ep 076] val_sel AUC=0.9296 acc=0.8501
[ep 077] val_sel AUC=0.9280 acc=0.8364
[ep 078] val_sel AUC=0.9279 acc=0.8467
[ep 079] val_sel AUC=0.9319 acc=0.8463
[ep 080] val_sel AUC=0.9277 acc=0.8449
[ep 081] val_sel AUC=0.9291 acc=0.8299
[ep 082] val_sel AUC=0.9258 acc=0.8420
[ep 083] val_sel AUC=0.9289 acc=0.8391
[ep 084] val_sel AUC=0.9234 acc=0.8270
[ep 085] val_sel AUC=0.9306 acc=0.8440
[ep 086] val_sel AUC=0.9284 acc=0.8431
[ep 087] val_sel AUC=0.9289 acc=0.8322
[ep 088] val_sel AUC=0.9277 acc=0.8436
[ep 089] val_sel AUC=0.9268 acc=0.8358
[ep 090] val_sel AUC=0.9270 acc=0.8364
[ep 091] val_sel AUC=0.9257 acc=0.8322
[ep 092] val_sel AUC=0.9255 acc=0.8315
[ep 093] val_sel AUC=0.9258 acc=0.8328
[ep 094] val_sel AUC=0.9255 acc=0.8315
[ep 095] val_sel AUC=0.9256 acc=0.8315
[ep 096] val_sel AUC=0.9255 acc=0.8315
============================================================
TEST (best val_sel epoch, held-out, evaluated once)
============================================================
[DONE-QPE2] embed=butterfly model_III N=250 seed=58 test_AUC=0.9298 val_sel_AUC=0.9331 per_class=(axion=0.9431 cdm=0.8697 no_sub=0.9764) params=203652 embed_params=193 R_frob_drift=1.6502119302749634
