[INFO] QPE2 D=64 P=8 depth=4 | embed=butterfly | data=model_II N/class=250 seed=55 split_seed=0 | params=203652 embed_params=193 lr=0.001 epochs=96 bs=32 | train(750, 64, 64) val_sel(4455, 64, 64) test(4455, 64, 64) device=cuda
[ep 001] val_sel AUC=0.5204 acc=0.3237
[ep 002] val_sel AUC=0.5430 acc=0.3239
[ep 003] val_sel AUC=0.5570 acc=0.3291
[ep 004] val_sel AUC=0.5608 acc=0.3291
[ep 005] val_sel AUC=0.5531 acc=0.3473
[ep 006] val_sel AUC=0.5426 acc=0.3237
[ep 007] val_sel AUC=0.5264 acc=0.3320
[ep 008] val_sel AUC=0.5265 acc=0.3376
[ep 009] val_sel AUC=0.5311 acc=0.3354
[ep 010] val_sel AUC=0.5407 acc=0.3473
[ep 011] val_sel AUC=0.5223 acc=0.3473
[ep 012] val_sel AUC=0.5383 acc=0.3517
[ep 013] val_sel AUC=0.5313 acc=0.3571
[ep 014] val_sel AUC=0.5440 acc=0.3623
[ep 015] val_sel AUC=0.5388 acc=0.3484
[ep 016] val_sel AUC=0.5554 acc=0.3704
[ep 017] val_sel AUC=0.5931 acc=0.4112
[ep 018] val_sel AUC=0.6305 acc=0.4651
[ep 019] val_sel AUC=0.6382 acc=0.4536
[ep 020] val_sel AUC=0.6729 acc=0.4745
[ep 021] val_sel AUC=0.7287 acc=0.5450
[ep 022] val_sel AUC=0.7776 acc=0.6083
[ep 023] val_sel AUC=0.7639 acc=0.5538
[ep 024] val_sel AUC=0.7986 acc=0.6175
[ep 025] val_sel AUC=0.8342 acc=0.6743
[ep 026] val_sel AUC=0.8510 acc=0.7059
[ep 027] val_sel AUC=0.8504 acc=0.6880
[ep 028] val_sel AUC=0.8649 acc=0.7239
[ep 029] val_sel AUC=0.8692 acc=0.7270
[ep 030] val_sel AUC=0.8714 acc=0.7378
[ep 031] val_sel AUC=0.8724 acc=0.7363
[ep 032] val_sel AUC=0.8735 acc=0.7369
[ep 033] val_sel AUC=0.6628 acc=0.3389
[ep 034] val_sel AUC=0.7399 acc=0.6103
[ep 035] val_sel AUC=0.8040 acc=0.6155
[ep 036] val_sel AUC=0.7503 acc=0.5376
[ep 037] val_sel AUC=0.8282 acc=0.6788
[ep 038] val_sel AUC=0.8279 acc=0.6617
[ep 039] val_sel AUC=0.8072 acc=0.5746
[ep 040] val_sel AUC=0.8645 acc=0.6853
[ep 041] val_sel AUC=0.8032 acc=0.6366
[ep 042] val_sel AUC=0.8890 acc=0.7367
[ep 043] val_sel AUC=0.8780 acc=0.7273
[ep 044] val_sel AUC=0.9039 acc=0.7805
[ep 045] val_sel AUC=0.8989 acc=0.7612
[ep 046] val_sel AUC=0.8925 acc=0.7419
[ep 047] val_sel AUC=0.9045 acc=0.7778
[ep 048] val_sel AUC=0.8785 acc=0.6967
[ep 049] val_sel AUC=0.8848 acc=0.7524
[ep 050] val_sel AUC=0.9025 acc=0.7708
[ep 051] val_sel AUC=0.9137 acc=0.7912
[ep 052] val_sel AUC=0.8827 acc=0.7255
[ep 053] val_sel AUC=0.8790 acc=0.6880
[ep 054] val_sel AUC=0.9015 acc=0.7742
[ep 055] val_sel AUC=0.9033 acc=0.7823
[ep 056] val_sel AUC=0.8892 acc=0.7320
[ep 057] val_sel AUC=0.8888 acc=0.7455
[ep 058] val_sel AUC=0.8973 acc=0.7820
[ep 059] val_sel AUC=0.9069 acc=0.7879
[ep 060] val_sel AUC=0.9186 acc=0.8146
[ep 061] val_sel AUC=0.9144 acc=0.7890
[ep 062] val_sel AUC=0.8967 acc=0.7576
[ep 063] val_sel AUC=0.9116 acc=0.7890
[ep 064] val_sel AUC=0.9164 acc=0.7791
[ep 065] val_sel AUC=0.9105 acc=0.7850
[ep 066] val_sel AUC=0.9014 acc=0.7663
[ep 067] val_sel AUC=0.9229 acc=0.8112
[ep 068] val_sel AUC=0.9216 acc=0.8079
[ep 069] val_sel AUC=0.9248 acc=0.8148
[ep 070] val_sel AUC=0.9265 acc=0.8290
[ep 071] val_sel AUC=0.9142 acc=0.7695
[ep 072] val_sel AUC=0.9245 acc=0.8213
[ep 073] val_sel AUC=0.9042 acc=0.7643
[ep 074] val_sel AUC=0.9254 acc=0.8103
[ep 075] val_sel AUC=0.9279 acc=0.8189
[ep 076] val_sel AUC=0.9270 acc=0.8227
[ep 077] val_sel AUC=0.9249 acc=0.8278
[ep 078] val_sel AUC=0.9286 acc=0.8292
[ep 079] val_sel AUC=0.9212 acc=0.8175
[ep 080] val_sel AUC=0.9258 acc=0.8233
[ep 081] val_sel AUC=0.9285 acc=0.8290
[ep 082] val_sel AUC=0.9283 acc=0.8319
[ep 083] val_sel AUC=0.9266 acc=0.8285
[ep 084] val_sel AUC=0.9262 acc=0.8238
[ep 085] val_sel AUC=0.9288 acc=0.8346
[ep 086] val_sel AUC=0.9265 acc=0.8305
[ep 087] val_sel AUC=0.9277 acc=0.8330
[ep 088] val_sel AUC=0.9265 acc=0.8308
[ep 089] val_sel AUC=0.9262 acc=0.8308
[ep 090] val_sel AUC=0.9266 acc=0.8321
[ep 091] val_sel AUC=0.9266 acc=0.8310
[ep 092] val_sel AUC=0.9266 acc=0.8292
[ep 093] val_sel AUC=0.9265 acc=0.8287
[ep 094] val_sel AUC=0.9263 acc=0.8303
[ep 095] val_sel AUC=0.9263 acc=0.8308
[ep 096] val_sel AUC=0.9263 acc=0.8308
============================================================
TEST (best val_sel epoch, held-out, evaluated once)
============================================================
[DONE-QPE2] embed=butterfly model_II N=250 seed=55 test_AUC=0.9365 val_sel_AUC=0.9288 per_class=(axion=0.9435 cdm=0.8825 no_sub=0.9834) params=203652 embed_params=193 R_frob_drift=1.8824620246887207
