[INFO] QPE2 D=64 P=8 depth=4 | embed=butterfly | data=model_II N/class=250 seed=58 split_seed=0 | params=203652 embed_params=193 lr=0.001 epochs=96 bs=32 | train(750, 64, 64) val_sel(4455, 64, 64) test(4455, 64, 64) device=cuda
[ep 001] val_sel AUC=0.5385 acc=0.3237
[ep 002] val_sel AUC=0.5471 acc=0.3237
[ep 003] val_sel AUC=0.5499 acc=0.3237
[ep 004] val_sel AUC=0.5518 acc=0.3291
[ep 005] val_sel AUC=0.5503 acc=0.3473
[ep 006] val_sel AUC=0.5470 acc=0.3473
[ep 007] val_sel AUC=0.5435 acc=0.3589
[ep 008] val_sel AUC=0.5452 acc=0.3237
[ep 009] val_sel AUC=0.5428 acc=0.3535
[ep 010] val_sel AUC=0.5554 acc=0.3672
[ep 011] val_sel AUC=0.5755 acc=0.3868
[ep 012] val_sel AUC=0.5913 acc=0.3989
[ep 013] val_sel AUC=0.6325 acc=0.4040
[ep 014] val_sel AUC=0.6686 acc=0.4557
[ep 015] val_sel AUC=0.7299 acc=0.5086
[ep 016] val_sel AUC=0.7384 acc=0.5441
[ep 017] val_sel AUC=0.7807 acc=0.5881
[ep 018] val_sel AUC=0.8230 acc=0.6438
[ep 019] val_sel AUC=0.8331 acc=0.6808
[ep 020] val_sel AUC=0.8316 acc=0.6388
[ep 021] val_sel AUC=0.8669 acc=0.6943
[ep 022] val_sel AUC=0.8739 acc=0.7338
[ep 023] val_sel AUC=0.8691 acc=0.7221
[ep 024] val_sel AUC=0.8824 acc=0.7378
[ep 025] val_sel AUC=0.8823 acc=0.7217
[ep 026] val_sel AUC=0.8947 acc=0.7650
[ep 027] val_sel AUC=0.9004 acc=0.7704
[ep 028] val_sel AUC=0.8988 acc=0.7652
[ep 029] val_sel AUC=0.9024 acc=0.7771
[ep 030] val_sel AUC=0.9023 acc=0.7740
[ep 031] val_sel AUC=0.9026 acc=0.7724
[ep 032] val_sel AUC=0.9026 acc=0.7742
[ep 033] val_sel AUC=0.7411 acc=0.5612
[ep 034] val_sel AUC=0.8301 acc=0.6429
[ep 035] val_sel AUC=0.8880 acc=0.7425
[ep 036] val_sel AUC=0.8378 acc=0.6613
[ep 037] val_sel AUC=0.8716 acc=0.7262
[ep 038] val_sel AUC=0.8642 acc=0.7071
[ep 039] val_sel AUC=0.8415 acc=0.6539
[ep 040] val_sel AUC=0.8572 acc=0.6806
[ep 041] val_sel AUC=0.8856 acc=0.7351
[ep 042] val_sel AUC=0.8569 acc=0.7030
[ep 043] val_sel AUC=0.8705 acc=0.7051
[ep 044] val_sel AUC=0.8625 acc=0.7024
[ep 045] val_sel AUC=0.8938 acc=0.7569
[ep 046] val_sel AUC=0.8723 acc=0.7439
[ep 047] val_sel AUC=0.9008 acc=0.7760
[ep 048] val_sel AUC=0.8875 acc=0.7517
[ep 049] val_sel AUC=0.9003 acc=0.7746
[ep 050] val_sel AUC=0.8984 acc=0.7708
[ep 051] val_sel AUC=0.8934 acc=0.7365
[ep 052] val_sel AUC=0.9048 acc=0.7861
[ep 053] val_sel AUC=0.8433 acc=0.6916
[ep 054] val_sel AUC=0.8968 acc=0.7522
[ep 055] val_sel AUC=0.8940 acc=0.7749
[ep 056] val_sel AUC=0.9080 acc=0.7906
[ep 057] val_sel AUC=0.8858 acc=0.7475
[ep 058] val_sel AUC=0.8974 acc=0.7771
[ep 059] val_sel AUC=0.9109 acc=0.7879
[ep 060] val_sel AUC=0.9113 acc=0.7879
[ep 061] val_sel AUC=0.8964 acc=0.7731
[ep 062] val_sel AUC=0.9112 acc=0.7924
[ep 063] val_sel AUC=0.9191 acc=0.8052
[ep 064] val_sel AUC=0.9102 acc=0.7771
[ep 065] val_sel AUC=0.9049 acc=0.7841
[ep 066] val_sel AUC=0.9175 acc=0.8047
[ep 067] val_sel AUC=0.9226 acc=0.8121
[ep 068] val_sel AUC=0.9153 acc=0.7928
[ep 069] val_sel AUC=0.9182 acc=0.8054
[ep 070] val_sel AUC=0.9109 acc=0.7939
[ep 071] val_sel AUC=0.9225 acc=0.8119
[ep 072] val_sel AUC=0.9140 acc=0.7937
[ep 073] val_sel AUC=0.9146 acc=0.7964
[ep 074] val_sel AUC=0.9155 acc=0.7996
[ep 075] val_sel AUC=0.9202 acc=0.8130
[ep 076] val_sel AUC=0.9224 acc=0.8256
[ep 077] val_sel AUC=0.9159 acc=0.8108
[ep 078] val_sel AUC=0.9177 acc=0.8144
[ep 079] val_sel AUC=0.9157 acc=0.8040
[ep 080] val_sel AUC=0.9220 acc=0.8274
[ep 081] val_sel AUC=0.9232 acc=0.8281
[ep 082] val_sel AUC=0.9234 acc=0.8258
[ep 083] val_sel AUC=0.9236 acc=0.8303
[ep 084] val_sel AUC=0.9223 acc=0.8260
[ep 085] val_sel AUC=0.9212 acc=0.8265
[ep 086] val_sel AUC=0.9227 acc=0.8310
[ep 087] val_sel AUC=0.9232 acc=0.8325
[ep 088] val_sel AUC=0.9229 acc=0.8330
[ep 089] val_sel AUC=0.9250 acc=0.8368
[ep 090] val_sel AUC=0.9219 acc=0.8294
[ep 091] val_sel AUC=0.9249 acc=0.8357
[ep 092] val_sel AUC=0.9236 acc=0.8321
[ep 093] val_sel AUC=0.9247 acc=0.8341
[ep 094] val_sel AUC=0.9243 acc=0.8343
[ep 095] val_sel AUC=0.9240 acc=0.8332
[ep 096] val_sel AUC=0.9241 acc=0.8330
============================================================
TEST (best val_sel epoch, held-out, evaluated once)
============================================================
[DONE-QPE2] embed=butterfly model_II N=250 seed=58 test_AUC=0.9364 val_sel_AUC=0.9250 per_class=(axion=0.9454 cdm=0.8802 no_sub=0.9834) params=203652 embed_params=193 R_frob_drift=1.4811782836914062
