[INFO] QPE2 D=64 P=8 depth=4 | embed=butterfly | data=model_II N/class=100 seed=50 split_seed=0 | params=203652 embed_params=193 lr=0.001 epochs=96 bs=32 | train(300, 64, 64) val_sel(4455, 64, 64) test(4455, 64, 64) device=cuda
[ep 001] val_sel AUC=0.5333 acc=0.3291
[ep 002] val_sel AUC=0.5470 acc=0.3473
[ep 003] val_sel AUC=0.5544 acc=0.3291
[ep 004] val_sel AUC=0.5592 acc=0.3473
[ep 005] val_sel AUC=0.5573 acc=0.3279
[ep 006] val_sel AUC=0.5548 acc=0.3473
[ep 007] val_sel AUC=0.5531 acc=0.3473
[ep 008] val_sel AUC=0.5531 acc=0.3237
[ep 009] val_sel AUC=0.5507 acc=0.3609
[ep 010] val_sel AUC=0.5498 acc=0.3291
[ep 011] val_sel AUC=0.5486 acc=0.3237
[ep 012] val_sel AUC=0.5462 acc=0.3291
[ep 013] val_sel AUC=0.5445 acc=0.3800
[ep 014] val_sel AUC=0.5424 acc=0.3291
[ep 015] val_sel AUC=0.5387 acc=0.3374
[ep 016] val_sel AUC=0.5379 acc=0.3621
[ep 017] val_sel AUC=0.5363 acc=0.3389
[ep 018] val_sel AUC=0.5357 acc=0.3508
[ep 019] val_sel AUC=0.5356 acc=0.3504
[ep 020] val_sel AUC=0.5348 acc=0.3448
[ep 021] val_sel AUC=0.5347 acc=0.3560
[ep 022] val_sel AUC=0.5341 acc=0.3547
[ep 023] val_sel AUC=0.5342 acc=0.3450
[ep 024] val_sel AUC=0.5337 acc=0.3495
[ep 025] val_sel AUC=0.5345 acc=0.3488
[ep 026] val_sel AUC=0.5347 acc=0.3538
[ep 027] val_sel AUC=0.5348 acc=0.3560
[ep 028] val_sel AUC=0.5350 acc=0.3553
[ep 029] val_sel AUC=0.5350 acc=0.3553
[ep 030] val_sel AUC=0.5350 acc=0.3558
[ep 031] val_sel AUC=0.5350 acc=0.3531
[ep 032] val_sel AUC=0.5350 acc=0.3529
[ep 033] val_sel AUC=0.5281 acc=0.3428
[ep 034] val_sel AUC=0.5342 acc=0.3542
[ep 035] val_sel AUC=0.5375 acc=0.3522
[ep 036] val_sel AUC=0.5373 acc=0.3529
[ep 037] val_sel AUC=0.5350 acc=0.3468
[ep 038] val_sel AUC=0.5387 acc=0.3556
[ep 039] val_sel AUC=0.5469 acc=0.3724
[ep 040] val_sel AUC=0.5533 acc=0.3780
[ep 041] val_sel AUC=0.5627 acc=0.4074
[ep 042] val_sel AUC=0.5689 acc=0.3769
[ep 043] val_sel AUC=0.5573 acc=0.3708
[ep 044] val_sel AUC=0.5621 acc=0.3616
[ep 045] val_sel AUC=0.5725 acc=0.4004
[ep 046] val_sel AUC=0.5711 acc=0.3856
[ep 047] val_sel AUC=0.5705 acc=0.3899
[ep 048] val_sel AUC=0.6265 acc=0.4341
[ep 049] val_sel AUC=0.6267 acc=0.4000
[ep 050] val_sel AUC=0.6463 acc=0.4534
[ep 051] val_sel AUC=0.6545 acc=0.4449
[ep 052] val_sel AUC=0.6441 acc=0.4404
[ep 053] val_sel AUC=0.6655 acc=0.4584
[ep 054] val_sel AUC=0.6882 acc=0.4721
[ep 055] val_sel AUC=0.7032 acc=0.4813
[ep 056] val_sel AUC=0.7072 acc=0.5293
[ep 057] val_sel AUC=0.7116 acc=0.5026
[ep 058] val_sel AUC=0.7206 acc=0.5311
[ep 059] val_sel AUC=0.7688 acc=0.5948
[ep 060] val_sel AUC=0.7489 acc=0.5596
[ep 061] val_sel AUC=0.7191 acc=0.5351
[ep 062] val_sel AUC=0.7390 acc=0.5026
[ep 063] val_sel AUC=0.7584 acc=0.5811
[ep 064] val_sel AUC=0.7588 acc=0.5886
[ep 065] val_sel AUC=0.7212 acc=0.5403
[ep 066] val_sel AUC=0.7326 acc=0.5333
[ep 067] val_sel AUC=0.7620 acc=0.5847
[ep 068] val_sel AUC=0.7564 acc=0.5587
[ep 069] val_sel AUC=0.7822 acc=0.6189
[ep 070] val_sel AUC=0.7809 acc=0.6007
[ep 071] val_sel AUC=0.7884 acc=0.6177
[ep 072] val_sel AUC=0.7759 acc=0.5935
[ep 073] val_sel AUC=0.7939 acc=0.6332
[ep 074] val_sel AUC=0.7850 acc=0.6112
[ep 075] val_sel AUC=0.7936 acc=0.6011
[ep 076] val_sel AUC=0.7901 acc=0.6184
[ep 077] val_sel AUC=0.8061 acc=0.6444
[ep 078] val_sel AUC=0.8060 acc=0.6429
[ep 079] val_sel AUC=0.7836 acc=0.6108
[ep 080] val_sel AUC=0.8069 acc=0.6469
[ep 081] val_sel AUC=0.7977 acc=0.6373
[ep 082] val_sel AUC=0.8059 acc=0.6449
[ep 083] val_sel AUC=0.8044 acc=0.6420
[ep 084] val_sel AUC=0.7966 acc=0.6364
[ep 085] val_sel AUC=0.7991 acc=0.6393
[ep 086] val_sel AUC=0.7938 acc=0.6240
[ep 087] val_sel AUC=0.7959 acc=0.6366
[ep 088] val_sel AUC=0.7955 acc=0.6391
[ep 089] val_sel AUC=0.7958 acc=0.6400
[ep 090] val_sel AUC=0.7966 acc=0.6411
[ep 091] val_sel AUC=0.7952 acc=0.6395
[ep 092] val_sel AUC=0.7957 acc=0.6386
[ep 093] val_sel AUC=0.7958 acc=0.6404
[ep 094] val_sel AUC=0.7958 acc=0.6388
[ep 095] val_sel AUC=0.7956 acc=0.6379
[ep 096] val_sel AUC=0.7956 acc=0.6379
============================================================
TEST (best val_sel epoch, held-out, evaluated once)
============================================================
[DONE-QPE2] embed=butterfly model_II N=100 seed=50 test_AUC=0.8039 val_sel_AUC=0.8069 per_class=(axion=0.8675 cdm=0.6688 no_sub=0.8755) params=203652 embed_params=193 R_frob_drift=1.338563323020935
