[INFO] QPE2 D=64 P=8 depth=4 | embed=butterfly | data=model_II N/class=100 seed=44 split_seed=0 | params=203652 embed_params=193 lr=0.001 epochs=96 bs=32 | train(300, 64, 64) val_sel(4455, 64, 64) test(4455, 64, 64) device=cuda
[ep 001] val_sel AUC=0.5215 acc=0.3237
[ep 002] val_sel AUC=0.5371 acc=0.3291
[ep 003] val_sel AUC=0.5388 acc=0.3291
[ep 004] val_sel AUC=0.5386 acc=0.3473
[ep 005] val_sel AUC=0.5421 acc=0.3291
[ep 006] val_sel AUC=0.5402 acc=0.3473
[ep 007] val_sel AUC=0.5407 acc=0.3291
[ep 008] val_sel AUC=0.5400 acc=0.3324
[ep 009] val_sel AUC=0.5405 acc=0.3473
[ep 010] val_sel AUC=0.5399 acc=0.3473
[ep 011] val_sel AUC=0.5398 acc=0.3412
[ep 012] val_sel AUC=0.5392 acc=0.3291
[ep 013] val_sel AUC=0.5394 acc=0.3473
[ep 014] val_sel AUC=0.5405 acc=0.3291
[ep 015] val_sel AUC=0.5406 acc=0.3464
[ep 016] val_sel AUC=0.5417 acc=0.3614
[ep 017] val_sel AUC=0.5427 acc=0.3502
[ep 018] val_sel AUC=0.5429 acc=0.3722
[ep 019] val_sel AUC=0.5449 acc=0.3659
[ep 020] val_sel AUC=0.5445 acc=0.3580
[ep 021] val_sel AUC=0.5491 acc=0.3551
[ep 022] val_sel AUC=0.5533 acc=0.3625
[ep 023] val_sel AUC=0.5594 acc=0.3771
[ep 024] val_sel AUC=0.5627 acc=0.3767
[ep 025] val_sel AUC=0.5685 acc=0.3778
[ep 026] val_sel AUC=0.5892 acc=0.4009
[ep 027] val_sel AUC=0.5907 acc=0.4233
[ep 028] val_sel AUC=0.5991 acc=0.4283
[ep 029] val_sel AUC=0.6067 acc=0.4164
[ep 030] val_sel AUC=0.6069 acc=0.4332
[ep 031] val_sel AUC=0.6088 acc=0.4316
[ep 032] val_sel AUC=0.6091 acc=0.4325
[ep 033] val_sel AUC=0.6240 acc=0.3679
[ep 034] val_sel AUC=0.5601 acc=0.3776
[ep 035] val_sel AUC=0.5592 acc=0.3758
[ep 036] val_sel AUC=0.5716 acc=0.3785
[ep 037] val_sel AUC=0.5879 acc=0.3879
[ep 038] val_sel AUC=0.6359 acc=0.4352
[ep 039] val_sel AUC=0.5862 acc=0.3982
[ep 040] val_sel AUC=0.5683 acc=0.3843
[ep 041] val_sel AUC=0.5693 acc=0.3883
[ep 042] val_sel AUC=0.5857 acc=0.4004
[ep 043] val_sel AUC=0.6380 acc=0.4653
[ep 044] val_sel AUC=0.6841 acc=0.4426
[ep 045] val_sel AUC=0.6884 acc=0.4976
[ep 046] val_sel AUC=0.7296 acc=0.4985
[ep 047] val_sel AUC=0.7245 acc=0.4759
[ep 048] val_sel AUC=0.7441 acc=0.5461
[ep 049] val_sel AUC=0.7066 acc=0.4808
[ep 050] val_sel AUC=0.7121 acc=0.5071
[ep 051] val_sel AUC=0.7459 acc=0.5149
[ep 052] val_sel AUC=0.7861 acc=0.6141
[ep 053] val_sel AUC=0.8348 acc=0.6370
[ep 054] val_sel AUC=0.8080 acc=0.5890
[ep 055] val_sel AUC=0.8068 acc=0.6620
[ep 056] val_sel AUC=0.8212 acc=0.6274
[ep 057] val_sel AUC=0.8379 acc=0.6714
[ep 058] val_sel AUC=0.8209 acc=0.6195
[ep 059] val_sel AUC=0.8154 acc=0.6128
[ep 060] val_sel AUC=0.7942 acc=0.6029
[ep 061] val_sel AUC=0.7954 acc=0.6150
[ep 062] val_sel AUC=0.8162 acc=0.6400
[ep 063] val_sel AUC=0.8007 acc=0.6213
[ep 064] val_sel AUC=0.8595 acc=0.7241
[ep 065] val_sel AUC=0.8350 acc=0.6745
[ep 066] val_sel AUC=0.8628 acc=0.7107
[ep 067] val_sel AUC=0.8577 acc=0.7006
[ep 068] val_sel AUC=0.8792 acc=0.7490
[ep 069] val_sel AUC=0.8626 acc=0.7293
[ep 070] val_sel AUC=0.8674 acc=0.7270
[ep 071] val_sel AUC=0.8532 acc=0.7187
[ep 072] val_sel AUC=0.8719 acc=0.7167
[ep 073] val_sel AUC=0.8703 acc=0.6932
[ep 074] val_sel AUC=0.8837 acc=0.7596
[ep 075] val_sel AUC=0.8690 acc=0.7403
[ep 076] val_sel AUC=0.8880 acc=0.7681
[ep 077] val_sel AUC=0.8871 acc=0.7654
[ep 078] val_sel AUC=0.8888 acc=0.7679
[ep 079] val_sel AUC=0.8865 acc=0.7639
[ep 080] val_sel AUC=0.8901 acc=0.7722
[ep 081] val_sel AUC=0.8935 acc=0.7751
[ep 082] val_sel AUC=0.8915 acc=0.7749
[ep 083] val_sel AUC=0.8861 acc=0.7618
[ep 084] val_sel AUC=0.8950 acc=0.7769
[ep 085] val_sel AUC=0.8891 acc=0.7625
[ep 086] val_sel AUC=0.8915 acc=0.7791
[ep 087] val_sel AUC=0.8873 acc=0.7701
[ep 088] val_sel AUC=0.8919 acc=0.7710
[ep 089] val_sel AUC=0.8931 acc=0.7735
[ep 090] val_sel AUC=0.8938 acc=0.7816
[ep 091] val_sel AUC=0.8938 acc=0.7798
[ep 092] val_sel AUC=0.8920 acc=0.7733
[ep 093] val_sel AUC=0.8939 acc=0.7800
[ep 094] val_sel AUC=0.8934 acc=0.7787
[ep 095] val_sel AUC=0.8935 acc=0.7791
[ep 096] val_sel AUC=0.8935 acc=0.7793
============================================================
TEST (best val_sel epoch, held-out, evaluated once)
============================================================
[DONE-QPE2] embed=butterfly model_II N=100 seed=44 test_AUC=0.8970 val_sel_AUC=0.8950 per_class=(axion=0.9236 cdm=0.8026 no_sub=0.9649) params=203652 embed_params=193 R_frob_drift=1.1303367614746094
