[INFO] QPE2 D=64 P=8 depth=4 | embed=butterfly | data=model_II N/class=100 seed=54 split_seed=0 | params=203652 embed_params=193 lr=0.001 epochs=96 bs=32 | train(300, 64, 64) val_sel(4455, 64, 64) test(4455, 64, 64) device=cuda
[ep 001] val_sel AUC=0.5032 acc=0.3291
[ep 002] val_sel AUC=0.4944 acc=0.3237
[ep 003] val_sel AUC=0.4938 acc=0.3291
[ep 004] val_sel AUC=0.4941 acc=0.3473
[ep 005] val_sel AUC=0.4960 acc=0.3473
[ep 006] val_sel AUC=0.4997 acc=0.3237
[ep 007] val_sel AUC=0.4999 acc=0.3111
[ep 008] val_sel AUC=0.5022 acc=0.3237
[ep 009] val_sel AUC=0.5034 acc=0.3221
[ep 010] val_sel AUC=0.5056 acc=0.3291
[ep 011] val_sel AUC=0.5064 acc=0.3291
[ep 012] val_sel AUC=0.5064 acc=0.3237
[ep 013] val_sel AUC=0.5079 acc=0.3291
[ep 014] val_sel AUC=0.5082 acc=0.3396
[ep 015] val_sel AUC=0.5086 acc=0.3237
[ep 016] val_sel AUC=0.5095 acc=0.3389
[ep 017] val_sel AUC=0.5112 acc=0.3347
[ep 018] val_sel AUC=0.5100 acc=0.3473
[ep 019] val_sel AUC=0.5103 acc=0.3268
[ep 020] val_sel AUC=0.5111 acc=0.3358
[ep 021] val_sel AUC=0.5108 acc=0.3416
[ep 022] val_sel AUC=0.5111 acc=0.3259
[ep 023] val_sel AUC=0.5117 acc=0.3421
[ep 024] val_sel AUC=0.5121 acc=0.3412
[ep 025] val_sel AUC=0.5122 acc=0.3419
[ep 026] val_sel AUC=0.5122 acc=0.3419
[ep 027] val_sel AUC=0.5121 acc=0.3439
[ep 028] val_sel AUC=0.5123 acc=0.3419
[ep 029] val_sel AUC=0.5123 acc=0.3401
[ep 030] val_sel AUC=0.5123 acc=0.3428
[ep 031] val_sel AUC=0.5124 acc=0.3430
[ep 032] val_sel AUC=0.5124 acc=0.3428
[ep 033] val_sel AUC=0.5131 acc=0.3455
[ep 034] val_sel AUC=0.5140 acc=0.3434
[ep 035] val_sel AUC=0.5255 acc=0.3396
[ep 036] val_sel AUC=0.5213 acc=0.3410
[ep 037] val_sel AUC=0.5173 acc=0.3473
[ep 038] val_sel AUC=0.5332 acc=0.3520
[ep 039] val_sel AUC=0.5289 acc=0.3446
[ep 040] val_sel AUC=0.5319 acc=0.3363
[ep 041] val_sel AUC=0.5366 acc=0.3457
[ep 042] val_sel AUC=0.5398 acc=0.3616
[ep 043] val_sel AUC=0.5663 acc=0.3753
[ep 044] val_sel AUC=0.5704 acc=0.3785
[ep 045] val_sel AUC=0.5906 acc=0.4056
[ep 046] val_sel AUC=0.6503 acc=0.4521
[ep 047] val_sel AUC=0.6472 acc=0.4640
[ep 048] val_sel AUC=0.6688 acc=0.4819
[ep 049] val_sel AUC=0.7532 acc=0.5475
[ep 050] val_sel AUC=0.6685 acc=0.4691
[ep 051] val_sel AUC=0.7214 acc=0.5320
[ep 052] val_sel AUC=0.7148 acc=0.5255
[ep 053] val_sel AUC=0.7372 acc=0.5349
[ep 054] val_sel AUC=0.7699 acc=0.5688
[ep 055] val_sel AUC=0.7347 acc=0.4932
[ep 056] val_sel AUC=0.7480 acc=0.5547
[ep 057] val_sel AUC=0.7779 acc=0.5760
[ep 058] val_sel AUC=0.7778 acc=0.5892
[ep 059] val_sel AUC=0.7940 acc=0.6164
[ep 060] val_sel AUC=0.8064 acc=0.6539
[ep 061] val_sel AUC=0.7835 acc=0.5713
[ep 062] val_sel AUC=0.7654 acc=0.5899
[ep 063] val_sel AUC=0.7853 acc=0.5874
[ep 064] val_sel AUC=0.8034 acc=0.6063
[ep 065] val_sel AUC=0.8221 acc=0.6460
[ep 066] val_sel AUC=0.8166 acc=0.6263
[ep 067] val_sel AUC=0.8260 acc=0.6532
[ep 068] val_sel AUC=0.8282 acc=0.6709
[ep 069] val_sel AUC=0.8167 acc=0.6123
[ep 070] val_sel AUC=0.8238 acc=0.6287
[ep 071] val_sel AUC=0.8295 acc=0.6624
[ep 072] val_sel AUC=0.8549 acc=0.6997
[ep 073] val_sel AUC=0.8458 acc=0.6828
[ep 074] val_sel AUC=0.8535 acc=0.6932
[ep 075] val_sel AUC=0.8592 acc=0.7095
[ep 076] val_sel AUC=0.8616 acc=0.7057
[ep 077] val_sel AUC=0.8595 acc=0.7084
[ep 078] val_sel AUC=0.8615 acc=0.7109
[ep 079] val_sel AUC=0.8622 acc=0.7073
[ep 080] val_sel AUC=0.8599 acc=0.7208
[ep 081] val_sel AUC=0.8627 acc=0.7093
[ep 082] val_sel AUC=0.8580 acc=0.7122
[ep 083] val_sel AUC=0.8659 acc=0.7199
[ep 084] val_sel AUC=0.8648 acc=0.7241
[ep 085] val_sel AUC=0.8673 acc=0.7293
[ep 086] val_sel AUC=0.8715 acc=0.7347
[ep 087] val_sel AUC=0.8687 acc=0.7333
[ep 088] val_sel AUC=0.8689 acc=0.7293
[ep 089] val_sel AUC=0.8676 acc=0.7309
[ep 090] val_sel AUC=0.8677 acc=0.7333
[ep 091] val_sel AUC=0.8693 acc=0.7318
[ep 092] val_sel AUC=0.8688 acc=0.7313
[ep 093] val_sel AUC=0.8685 acc=0.7311
[ep 094] val_sel AUC=0.8684 acc=0.7302
[ep 095] val_sel AUC=0.8683 acc=0.7302
[ep 096] val_sel AUC=0.8683 acc=0.7304
============================================================
TEST (best val_sel epoch, held-out, evaluated once)
============================================================
[DONE-QPE2] embed=butterfly model_II N=100 seed=54 test_AUC=0.8686 val_sel_AUC=0.8715 per_class=(axion=0.9058 cdm=0.7614 no_sub=0.9386) params=203652 embed_params=193 R_frob_drift=1.5749157667160034
