[INFO] QPE2 D=64 P=8 depth=4 | embed=butterfly | data=model_II N/class=100 seed=45 split_seed=0 | params=203652 embed_params=193 lr=0.001 epochs=96 bs=32 | train(300, 64, 64) val_sel(4455, 64, 64) test(4455, 64, 64) device=cuda
[ep 001] val_sel AUC=0.5012 acc=0.3473
[ep 002] val_sel AUC=0.5197 acc=0.3237
[ep 003] val_sel AUC=0.5155 acc=0.3473
[ep 004] val_sel AUC=0.5232 acc=0.3237
[ep 005] val_sel AUC=0.5211 acc=0.3473
[ep 006] val_sel AUC=0.5255 acc=0.3473
[ep 007] val_sel AUC=0.5300 acc=0.3360
[ep 008] val_sel AUC=0.5336 acc=0.3237
[ep 009] val_sel AUC=0.5309 acc=0.3473
[ep 010] val_sel AUC=0.5338 acc=0.3237
[ep 011] val_sel AUC=0.5328 acc=0.3237
[ep 012] val_sel AUC=0.5361 acc=0.3432
[ep 013] val_sel AUC=0.5392 acc=0.3291
[ep 014] val_sel AUC=0.5369 acc=0.3473
[ep 015] val_sel AUC=0.5392 acc=0.3291
[ep 016] val_sel AUC=0.5383 acc=0.3237
[ep 017] val_sel AUC=0.5382 acc=0.3291
[ep 018] val_sel AUC=0.5365 acc=0.3237
[ep 019] val_sel AUC=0.5361 acc=0.3237
[ep 020] val_sel AUC=0.5377 acc=0.3473
[ep 021] val_sel AUC=0.5395 acc=0.3291
[ep 022] val_sel AUC=0.5392 acc=0.3291
[ep 023] val_sel AUC=0.5388 acc=0.3473
[ep 024] val_sel AUC=0.5390 acc=0.3473
[ep 025] val_sel AUC=0.5396 acc=0.3237
[ep 026] val_sel AUC=0.5402 acc=0.3291
[ep 027] val_sel AUC=0.5396 acc=0.3291
[ep 028] val_sel AUC=0.5394 acc=0.3291
[ep 029] val_sel AUC=0.5392 acc=0.3291
[ep 030] val_sel AUC=0.5392 acc=0.3291
[ep 031] val_sel AUC=0.5393 acc=0.3291
[ep 032] val_sel AUC=0.5392 acc=0.3291
[ep 033] val_sel AUC=0.5386 acc=0.3291
[ep 034] val_sel AUC=0.5378 acc=0.3481
[ep 035] val_sel AUC=0.5324 acc=0.3318
[ep 036] val_sel AUC=0.5297 acc=0.3291
[ep 037] val_sel AUC=0.5281 acc=0.3466
[ep 038] val_sel AUC=0.5313 acc=0.3535
[ep 039] val_sel AUC=0.5394 acc=0.3291
[ep 040] val_sel AUC=0.5533 acc=0.3596
[ep 041] val_sel AUC=0.5460 acc=0.3587
[ep 042] val_sel AUC=0.5518 acc=0.3580
[ep 043] val_sel AUC=0.5529 acc=0.3657
[ep 044] val_sel AUC=0.5538 acc=0.3367
[ep 045] val_sel AUC=0.5477 acc=0.3618
[ep 046] val_sel AUC=0.5603 acc=0.3699
[ep 047] val_sel AUC=0.5600 acc=0.3585
[ep 048] val_sel AUC=0.5621 acc=0.3616
[ep 049] val_sel AUC=0.5483 acc=0.3531
[ep 050] val_sel AUC=0.5630 acc=0.3726
[ep 051] val_sel AUC=0.5796 acc=0.3825
[ep 052] val_sel AUC=0.5900 acc=0.4029
[ep 053] val_sel AUC=0.5453 acc=0.3497
[ep 054] val_sel AUC=0.6105 acc=0.3791
[ep 055] val_sel AUC=0.5956 acc=0.3630
[ep 056] val_sel AUC=0.6143 acc=0.4325
[ep 057] val_sel AUC=0.6482 acc=0.4667
[ep 058] val_sel AUC=0.6760 acc=0.4770
[ep 059] val_sel AUC=0.6972 acc=0.5051
[ep 060] val_sel AUC=0.7096 acc=0.4961
[ep 061] val_sel AUC=0.7191 acc=0.4588
[ep 062] val_sel AUC=0.6861 acc=0.3966
[ep 063] val_sel AUC=0.7070 acc=0.4469
[ep 064] val_sel AUC=0.7408 acc=0.5513
[ep 065] val_sel AUC=0.7865 acc=0.6191
[ep 066] val_sel AUC=0.7683 acc=0.5351
[ep 067] val_sel AUC=0.7624 acc=0.5946
[ep 068] val_sel AUC=0.7886 acc=0.6011
[ep 069] val_sel AUC=0.7997 acc=0.6144
[ep 070] val_sel AUC=0.8144 acc=0.6456
[ep 071] val_sel AUC=0.8198 acc=0.6581
[ep 072] val_sel AUC=0.8362 acc=0.6687
[ep 073] val_sel AUC=0.8337 acc=0.6552
[ep 074] val_sel AUC=0.8396 acc=0.6786
[ep 075] val_sel AUC=0.8470 acc=0.6853
[ep 076] val_sel AUC=0.8412 acc=0.6777
[ep 077] val_sel AUC=0.8608 acc=0.6972
[ep 078] val_sel AUC=0.8564 acc=0.7084
[ep 079] val_sel AUC=0.8497 acc=0.6822
[ep 080] val_sel AUC=0.8672 acc=0.7199
[ep 081] val_sel AUC=0.8656 acc=0.7214
[ep 082] val_sel AUC=0.8721 acc=0.7327
[ep 083] val_sel AUC=0.8725 acc=0.7266
[ep 084] val_sel AUC=0.8546 acc=0.7068
[ep 085] val_sel AUC=0.8683 acc=0.7282
[ep 086] val_sel AUC=0.8683 acc=0.7230
[ep 087] val_sel AUC=0.8723 acc=0.7237
[ep 088] val_sel AUC=0.8740 acc=0.7306
[ep 089] val_sel AUC=0.8756 acc=0.7327
[ep 090] val_sel AUC=0.8731 acc=0.7288
[ep 091] val_sel AUC=0.8751 acc=0.7309
[ep 092] val_sel AUC=0.8750 acc=0.7309
[ep 093] val_sel AUC=0.8744 acc=0.7318
[ep 094] val_sel AUC=0.8751 acc=0.7302
[ep 095] val_sel AUC=0.8751 acc=0.7304
[ep 096] val_sel AUC=0.8748 acc=0.7311
============================================================
TEST (best val_sel epoch, held-out, evaluated once)
============================================================
[DONE-QPE2] embed=butterfly model_II N=100 seed=45 test_AUC=0.8828 val_sel_AUC=0.8756 per_class=(axion=0.9188 cdm=0.7807 no_sub=0.9490) params=203652 embed_params=193 R_frob_drift=1.7273861169815063
