[INFO] QPE2 D=64 P=8 depth=4 | embed=butterfly | data=model_II N/class=100 seed=51 split_seed=0 | params=203652 embed_params=193 lr=0.001 epochs=96 bs=32 | train(300, 64, 64) val_sel(4455, 64, 64) test(4455, 64, 64) device=cuda
[ep 001] val_sel AUC=0.5038 acc=0.3473
[ep 002] val_sel AUC=0.5255 acc=0.3291
[ep 003] val_sel AUC=0.5283 acc=0.3457
[ep 004] val_sel AUC=0.5271 acc=0.3237
[ep 005] val_sel AUC=0.5239 acc=0.3473
[ep 006] val_sel AUC=0.5224 acc=0.3291
[ep 007] val_sel AUC=0.5215 acc=0.3237
[ep 008] val_sel AUC=0.5199 acc=0.3452
[ep 009] val_sel AUC=0.5175 acc=0.3522
[ep 010] val_sel AUC=0.5214 acc=0.3304
[ep 011] val_sel AUC=0.5265 acc=0.3441
[ep 012] val_sel AUC=0.5276 acc=0.3580
[ep 013] val_sel AUC=0.5257 acc=0.3448
[ep 014] val_sel AUC=0.5236 acc=0.3434
[ep 015] val_sel AUC=0.5245 acc=0.3416
[ep 016] val_sel AUC=0.5231 acc=0.3464
[ep 017] val_sel AUC=0.5256 acc=0.3477
[ep 018] val_sel AUC=0.5247 acc=0.3490
[ep 019] val_sel AUC=0.5271 acc=0.3502
[ep 020] val_sel AUC=0.5297 acc=0.3560
[ep 021] val_sel AUC=0.5275 acc=0.3490
[ep 022] val_sel AUC=0.5285 acc=0.3477
[ep 023] val_sel AUC=0.5288 acc=0.3499
[ep 024] val_sel AUC=0.5295 acc=0.3481
[ep 025] val_sel AUC=0.5306 acc=0.3511
[ep 026] val_sel AUC=0.5301 acc=0.3513
[ep 027] val_sel AUC=0.5300 acc=0.3488
[ep 028] val_sel AUC=0.5302 acc=0.3508
[ep 029] val_sel AUC=0.5304 acc=0.3515
[ep 030] val_sel AUC=0.5304 acc=0.3504
[ep 031] val_sel AUC=0.5305 acc=0.3504
[ep 032] val_sel AUC=0.5305 acc=0.3508
[ep 033] val_sel AUC=0.5320 acc=0.3475
[ep 034] val_sel AUC=0.5380 acc=0.3666
[ep 035] val_sel AUC=0.5370 acc=0.3762
[ep 036] val_sel AUC=0.5418 acc=0.3605
[ep 037] val_sel AUC=0.5482 acc=0.3668
[ep 038] val_sel AUC=0.5412 acc=0.3571
[ep 039] val_sel AUC=0.5462 acc=0.3623
[ep 040] val_sel AUC=0.5440 acc=0.3704
[ep 041] val_sel AUC=0.5475 acc=0.3751
[ep 042] val_sel AUC=0.5415 acc=0.3625
[ep 043] val_sel AUC=0.5466 acc=0.3675
[ep 044] val_sel AUC=0.5539 acc=0.3710
[ep 045] val_sel AUC=0.5615 acc=0.3948
[ep 046] val_sel AUC=0.5637 acc=0.3791
[ep 047] val_sel AUC=0.6127 acc=0.4193
[ep 048] val_sel AUC=0.5771 acc=0.3679
[ep 049] val_sel AUC=0.5638 acc=0.3578
[ep 050] val_sel AUC=0.5900 acc=0.3886
[ep 051] val_sel AUC=0.6011 acc=0.4085
[ep 052] val_sel AUC=0.6459 acc=0.4258
[ep 053] val_sel AUC=0.6559 acc=0.4848
[ep 054] val_sel AUC=0.6916 acc=0.4258
[ep 055] val_sel AUC=0.7057 acc=0.4510
[ep 056] val_sel AUC=0.7061 acc=0.5125
[ep 057] val_sel AUC=0.6767 acc=0.4754
[ep 058] val_sel AUC=0.7021 acc=0.5010
[ep 059] val_sel AUC=0.7361 acc=0.5468
[ep 060] val_sel AUC=0.7474 acc=0.5542
[ep 061] val_sel AUC=0.7696 acc=0.5657
[ep 062] val_sel AUC=0.7806 acc=0.6141
[ep 063] val_sel AUC=0.8045 acc=0.6418
[ep 064] val_sel AUC=0.7932 acc=0.6004
[ep 065] val_sel AUC=0.7705 acc=0.5805
[ep 066] val_sel AUC=0.7808 acc=0.5975
[ep 067] val_sel AUC=0.7895 acc=0.6337
[ep 068] val_sel AUC=0.7888 acc=0.6146
[ep 069] val_sel AUC=0.8053 acc=0.6539
[ep 070] val_sel AUC=0.8142 acc=0.6718
[ep 071] val_sel AUC=0.8075 acc=0.6260
[ep 072] val_sel AUC=0.7733 acc=0.5623
[ep 073] val_sel AUC=0.8150 acc=0.6613
[ep 074] val_sel AUC=0.8215 acc=0.6860
[ep 075] val_sel AUC=0.7983 acc=0.6355
[ep 076] val_sel AUC=0.8268 acc=0.6916
[ep 077] val_sel AUC=0.8262 acc=0.6700
[ep 078] val_sel AUC=0.8285 acc=0.6956
[ep 079] val_sel AUC=0.8347 acc=0.6810
[ep 080] val_sel AUC=0.8429 acc=0.7102
[ep 081] val_sel AUC=0.8359 acc=0.6945
[ep 082] val_sel AUC=0.8397 acc=0.7051
[ep 083] val_sel AUC=0.8421 acc=0.7104
[ep 084] val_sel AUC=0.8450 acc=0.7134
[ep 085] val_sel AUC=0.8394 acc=0.7015
[ep 086] val_sel AUC=0.8439 acc=0.7156
[ep 087] val_sel AUC=0.8439 acc=0.7093
[ep 088] val_sel AUC=0.8449 acc=0.7111
[ep 089] val_sel AUC=0.8447 acc=0.7134
[ep 090] val_sel AUC=0.8457 acc=0.7152
[ep 091] val_sel AUC=0.8462 acc=0.7147
[ep 092] val_sel AUC=0.8467 acc=0.7147
[ep 093] val_sel AUC=0.8464 acc=0.7143
[ep 094] val_sel AUC=0.8466 acc=0.7149
[ep 095] val_sel AUC=0.8465 acc=0.7136
[ep 096] val_sel AUC=0.8465 acc=0.7143
============================================================
TEST (best val_sel epoch, held-out, evaluated once)
============================================================
[DONE-QPE2] embed=butterfly model_II N=100 seed=51 test_AUC=0.8582 val_sel_AUC=0.8467 per_class=(axion=0.8835 cdm=0.7386 no_sub=0.9525) params=203652 embed_params=193 R_frob_drift=1.2964403629302979
