[INFO] QPE2 D=64 P=8 depth=4 | embed=butterfly | data=model_III N/class=250 seed=43 split_seed=0 | params=203652 embed_params=193 lr=0.001 epochs=96 bs=32 | train(750, 64, 64) val_sel(4469, 64, 64) test(4470, 64, 64) device=cuda
[ep 001] val_sel AUC=0.4968 acc=0.3433
[ep 002] val_sel AUC=0.5120 acc=0.3433
[ep 003] val_sel AUC=0.5228 acc=0.3433
[ep 004] val_sel AUC=0.5250 acc=0.3283
[ep 005] val_sel AUC=0.5313 acc=0.3285
[ep 006] val_sel AUC=0.5290 acc=0.3285
[ep 007] val_sel AUC=0.5265 acc=0.3433
[ep 008] val_sel AUC=0.5333 acc=0.3439
[ep 009] val_sel AUC=0.5669 acc=0.3439
[ep 010] val_sel AUC=0.6006 acc=0.3661
[ep 011] val_sel AUC=0.6903 acc=0.4742
[ep 012] val_sel AUC=0.7201 acc=0.5073
[ep 013] val_sel AUC=0.7744 acc=0.5623
[ep 014] val_sel AUC=0.8248 acc=0.6310
[ep 015] val_sel AUC=0.7855 acc=0.5534
[ep 016] val_sel AUC=0.8421 acc=0.6487
[ep 017] val_sel AUC=0.8533 acc=0.6753
[ep 018] val_sel AUC=0.8417 acc=0.6635
[ep 019] val_sel AUC=0.8859 acc=0.7413
[ep 020] val_sel AUC=0.8740 acc=0.6753
[ep 021] val_sel AUC=0.9036 acc=0.7843
[ep 022] val_sel AUC=0.8965 acc=0.7720
[ep 023] val_sel AUC=0.8904 acc=0.7682
[ep 024] val_sel AUC=0.9039 acc=0.7711
[ep 025] val_sel AUC=0.9083 acc=0.7740
[ep 026] val_sel AUC=0.9141 acc=0.7986
[ep 027] val_sel AUC=0.9170 acc=0.8076
[ep 028] val_sel AUC=0.9168 acc=0.8029
[ep 029] val_sel AUC=0.9183 acc=0.8116
[ep 030] val_sel AUC=0.9201 acc=0.8145
[ep 031] val_sel AUC=0.9204 acc=0.8152
[ep 032] val_sel AUC=0.9204 acc=0.8172
[ep 033] val_sel AUC=0.8679 acc=0.6429
[ep 034] val_sel AUC=0.8937 acc=0.7512
[ep 035] val_sel AUC=0.9031 acc=0.7465
[ep 036] val_sel AUC=0.9019 acc=0.7554
[ep 037] val_sel AUC=0.8782 acc=0.6556
[ep 038] val_sel AUC=0.8730 acc=0.7241
[ep 039] val_sel AUC=0.8949 acc=0.7608
[ep 040] val_sel AUC=0.8942 acc=0.7160
[ep 041] val_sel AUC=0.8958 acc=0.7552
[ep 042] val_sel AUC=0.8783 acc=0.6570
[ep 043] val_sel AUC=0.9262 acc=0.8055
[ep 044] val_sel AUC=0.9253 acc=0.8201
[ep 045] val_sel AUC=0.9149 acc=0.7930
[ep 046] val_sel AUC=0.8986 acc=0.7151
[ep 047] val_sel AUC=0.9261 acc=0.8002
[ep 048] val_sel AUC=0.9201 acc=0.7937
[ep 049] val_sel AUC=0.9224 acc=0.7926
[ep 050] val_sel AUC=0.8812 acc=0.7433
[ep 051] val_sel AUC=0.9216 acc=0.7975
[ep 052] val_sel AUC=0.9186 acc=0.8080
[ep 053] val_sel AUC=0.9297 acc=0.8203
[ep 054] val_sel AUC=0.9206 acc=0.8006
[ep 055] val_sel AUC=0.9216 acc=0.7758
[ep 056] val_sel AUC=0.9276 acc=0.8268
[ep 057] val_sel AUC=0.9154 acc=0.7928
[ep 058] val_sel AUC=0.9152 acc=0.7923
[ep 059] val_sel AUC=0.9228 acc=0.8181
[ep 060] val_sel AUC=0.9265 acc=0.8228
[ep 061] val_sel AUC=0.9113 acc=0.8042
[ep 062] val_sel AUC=0.9300 acc=0.8147
[ep 063] val_sel AUC=0.9383 acc=0.8469
[ep 064] val_sel AUC=0.9363 acc=0.8371
[ep 065] val_sel AUC=0.9277 acc=0.8089
[ep 066] val_sel AUC=0.9054 acc=0.7744
[ep 067] val_sel AUC=0.9269 acc=0.8313
[ep 068] val_sel AUC=0.9348 acc=0.8389
[ep 069] val_sel AUC=0.9370 acc=0.8387
[ep 070] val_sel AUC=0.9138 acc=0.7749
[ep 071] val_sel AUC=0.9394 acc=0.8396
[ep 072] val_sel AUC=0.9360 acc=0.8443
[ep 073] val_sel AUC=0.9356 acc=0.8465
[ep 074] val_sel AUC=0.9404 acc=0.8469
[ep 075] val_sel AUC=0.9344 acc=0.8328
[ep 076] val_sel AUC=0.9272 acc=0.8020
[ep 077] val_sel AUC=0.9330 acc=0.8382
[ep 078] val_sel AUC=0.9372 acc=0.8478
[ep 079] val_sel AUC=0.9367 acc=0.8458
[ep 080] val_sel AUC=0.9307 acc=0.8273
[ep 081] val_sel AUC=0.9370 acc=0.8478
[ep 082] val_sel AUC=0.9334 acc=0.8472
[ep 083] val_sel AUC=0.9322 acc=0.8398
[ep 084] val_sel AUC=0.9309 acc=0.8456
[ep 085] val_sel AUC=0.9343 acc=0.8516
[ep 086] val_sel AUC=0.9347 acc=0.8405
[ep 087] val_sel AUC=0.9336 acc=0.8505
[ep 088] val_sel AUC=0.9355 acc=0.8501
[ep 089] val_sel AUC=0.9328 acc=0.8487
[ep 090] val_sel AUC=0.9329 acc=0.8481
[ep 091] val_sel AUC=0.9342 acc=0.8492
[ep 092] val_sel AUC=0.9332 acc=0.8490
[ep 093] val_sel AUC=0.9337 acc=0.8499
[ep 094] val_sel AUC=0.9336 acc=0.8501
[ep 095] val_sel AUC=0.9335 acc=0.8492
[ep 096] val_sel AUC=0.9336 acc=0.8496
============================================================
TEST (best val_sel epoch, held-out, evaluated once)
============================================================
[DONE-QPE2] embed=butterfly model_III N=250 seed=43 test_AUC=0.9388 val_sel_AUC=0.9404 per_class=(axion=0.9447 cdm=0.8900 no_sub=0.9818) params=203652 embed_params=193 R_frob_drift=1.9530268907546997
