[INFO] QPE2 D=64 P=8 depth=4 | embed=butterfly | data=model_III N/class=250 seed=60 split_seed=0 | params=203652 embed_params=193 lr=0.001 epochs=96 bs=32 | train(750, 64, 64) val_sel(4469, 64, 64) test(4470, 64, 64) device=cuda
[ep 001] val_sel AUC=0.5621 acc=0.3283
[ep 002] val_sel AUC=0.5697 acc=0.3285
[ep 003] val_sel AUC=0.5619 acc=0.3433
[ep 004] val_sel AUC=0.5595 acc=0.3285
[ep 005] val_sel AUC=0.5506 acc=0.3285
[ep 006] val_sel AUC=0.5491 acc=0.3433
[ep 007] val_sel AUC=0.5337 acc=0.3433
[ep 008] val_sel AUC=0.5401 acc=0.3515
[ep 009] val_sel AUC=0.5835 acc=0.3285
[ep 010] val_sel AUC=0.5731 acc=0.3285
[ep 011] val_sel AUC=0.5801 acc=0.3896
[ep 012] val_sel AUC=0.6142 acc=0.4097
[ep 013] val_sel AUC=0.6745 acc=0.4462
[ep 014] val_sel AUC=0.7322 acc=0.5429
[ep 015] val_sel AUC=0.7767 acc=0.5599
[ep 016] val_sel AUC=0.8638 acc=0.6818
[ep 017] val_sel AUC=0.8626 acc=0.7143
[ep 018] val_sel AUC=0.8954 acc=0.7416
[ep 019] val_sel AUC=0.9024 acc=0.7375
[ep 020] val_sel AUC=0.8987 acc=0.7306
[ep 021] val_sel AUC=0.9105 acc=0.7742
[ep 022] val_sel AUC=0.9131 acc=0.7510
[ep 023] val_sel AUC=0.9211 acc=0.7702
[ep 024] val_sel AUC=0.9238 acc=0.8040
[ep 025] val_sel AUC=0.9153 acc=0.7718
[ep 026] val_sel AUC=0.9139 acc=0.7769
[ep 027] val_sel AUC=0.9268 acc=0.8167
[ep 028] val_sel AUC=0.9264 acc=0.8214
[ep 029] val_sel AUC=0.9248 acc=0.8105
[ep 030] val_sel AUC=0.9295 acc=0.8239
[ep 031] val_sel AUC=0.9292 acc=0.8266
[ep 032] val_sel AUC=0.9291 acc=0.8255
[ep 033] val_sel AUC=0.9034 acc=0.7644
[ep 034] val_sel AUC=0.9213 acc=0.7955
[ep 035] val_sel AUC=0.8772 acc=0.7006
[ep 036] val_sel AUC=0.8956 acc=0.7650
[ep 037] val_sel AUC=0.8697 acc=0.7049
[ep 038] val_sel AUC=0.9244 acc=0.8078
[ep 039] val_sel AUC=0.8988 acc=0.7597
[ep 040] val_sel AUC=0.9208 acc=0.7758
[ep 041] val_sel AUC=0.9185 acc=0.7859
[ep 042] val_sel AUC=0.8956 acc=0.7284
[ep 043] val_sel AUC=0.9143 acc=0.7574
[ep 044] val_sel AUC=0.9057 acc=0.7574
[ep 045] val_sel AUC=0.9038 acc=0.7577
[ep 046] val_sel AUC=0.9160 acc=0.7789
[ep 047] val_sel AUC=0.8932 acc=0.7422
[ep 048] val_sel AUC=0.9245 acc=0.8085
[ep 049] val_sel AUC=0.8947 acc=0.7550
[ep 050] val_sel AUC=0.8989 acc=0.7243
[ep 051] val_sel AUC=0.8686 acc=0.6729
[ep 052] val_sel AUC=0.9278 acc=0.8107
[ep 053] val_sel AUC=0.9176 acc=0.7926
[ep 054] val_sel AUC=0.9199 acc=0.7724
[ep 055] val_sel AUC=0.9081 acc=0.7583
[ep 056] val_sel AUC=0.9299 acc=0.7863
[ep 057] val_sel AUC=0.8988 acc=0.7518
[ep 058] val_sel AUC=0.9224 acc=0.8102
[ep 059] val_sel AUC=0.9355 acc=0.8217
[ep 060] val_sel AUC=0.8892 acc=0.7440
[ep 061] val_sel AUC=0.9286 acc=0.8181
[ep 062] val_sel AUC=0.9211 acc=0.8143
[ep 063] val_sel AUC=0.9185 acc=0.7843
[ep 064] val_sel AUC=0.9309 acc=0.8199
[ep 065] val_sel AUC=0.9274 acc=0.8167
[ep 066] val_sel AUC=0.9345 acc=0.8290
[ep 067] val_sel AUC=0.9278 acc=0.8199
[ep 068] val_sel AUC=0.9144 acc=0.7306
[ep 069] val_sel AUC=0.9370 acc=0.8333
[ep 070] val_sel AUC=0.9328 acc=0.8322
[ep 071] val_sel AUC=0.9337 acc=0.8389
[ep 072] val_sel AUC=0.9301 acc=0.8141
[ep 073] val_sel AUC=0.9254 acc=0.8109
[ep 074] val_sel AUC=0.9260 acc=0.8105
[ep 075] val_sel AUC=0.9310 acc=0.8313
[ep 076] val_sel AUC=0.9277 acc=0.8241
[ep 077] val_sel AUC=0.9361 acc=0.8358
[ep 078] val_sel AUC=0.9373 acc=0.8422
[ep 079] val_sel AUC=0.9332 acc=0.8322
[ep 080] val_sel AUC=0.9379 acc=0.8452
[ep 081] val_sel AUC=0.9327 acc=0.8360
[ep 082] val_sel AUC=0.9334 acc=0.8317
[ep 083] val_sel AUC=0.9385 acc=0.8342
[ep 084] val_sel AUC=0.9377 acc=0.8438
[ep 085] val_sel AUC=0.9361 acc=0.8474
[ep 086] val_sel AUC=0.9374 acc=0.8510
[ep 087] val_sel AUC=0.9349 acc=0.8465
[ep 088] val_sel AUC=0.9357 acc=0.8452
[ep 089] val_sel AUC=0.9360 acc=0.8472
[ep 090] val_sel AUC=0.9357 acc=0.8456
[ep 091] val_sel AUC=0.9353 acc=0.8452
[ep 092] val_sel AUC=0.9344 acc=0.8434
[ep 093] val_sel AUC=0.9352 acc=0.8440
[ep 094] val_sel AUC=0.9349 acc=0.8445
[ep 095] val_sel AUC=0.9347 acc=0.8443
[ep 096] val_sel AUC=0.9347 acc=0.8440
============================================================
TEST (best val_sel epoch, held-out, evaluated once)
============================================================
[DONE-QPE2] embed=butterfly model_III N=250 seed=60 test_AUC=0.9320 val_sel_AUC=0.9385 per_class=(axion=0.9458 cdm=0.8745 no_sub=0.9758) params=203652 embed_params=193 R_frob_drift=1.9170734882354736
