[INFO] QPE2 D=64 P=8 depth=4 | embed=butterfly | data=model_III N/class=250 seed=48 split_seed=0 | params=203652 embed_params=193 lr=0.001 epochs=96 bs=32 | train(750, 64, 64) val_sel(4469, 64, 64) test(4470, 64, 64) device=cuda
[ep 001] val_sel AUC=0.5571 acc=0.3285
[ep 002] val_sel AUC=0.5602 acc=0.3285
[ep 003] val_sel AUC=0.5779 acc=0.3283
[ep 004] val_sel AUC=0.5433 acc=0.3285
[ep 005] val_sel AUC=0.5413 acc=0.3439
[ep 006] val_sel AUC=0.5554 acc=0.3430
[ep 007] val_sel AUC=0.5792 acc=0.3679
[ep 008] val_sel AUC=0.6414 acc=0.4652
[ep 009] val_sel AUC=0.6496 acc=0.4648
[ep 010] val_sel AUC=0.7455 acc=0.5498
[ep 011] val_sel AUC=0.7919 acc=0.5643
[ep 012] val_sel AUC=0.8324 acc=0.6509
[ep 013] val_sel AUC=0.8436 acc=0.6912
[ep 014] val_sel AUC=0.8315 acc=0.6738
[ep 015] val_sel AUC=0.8463 acc=0.6970
[ep 016] val_sel AUC=0.8449 acc=0.6565
[ep 017] val_sel AUC=0.8780 acc=0.7107
[ep 018] val_sel AUC=0.8914 acc=0.7330
[ep 019] val_sel AUC=0.8600 acc=0.6843
[ep 020] val_sel AUC=0.8941 acc=0.7548
[ep 021] val_sel AUC=0.9056 acc=0.7892
[ep 022] val_sel AUC=0.9025 acc=0.7657
[ep 023] val_sel AUC=0.9091 acc=0.7803
[ep 024] val_sel AUC=0.9111 acc=0.7977
[ep 025] val_sel AUC=0.9191 acc=0.8011
[ep 026] val_sel AUC=0.9199 acc=0.7993
[ep 027] val_sel AUC=0.9236 acc=0.8165
[ep 028] val_sel AUC=0.9267 acc=0.8210
[ep 029] val_sel AUC=0.9265 acc=0.8217
[ep 030] val_sel AUC=0.9275 acc=0.8243
[ep 031] val_sel AUC=0.9285 acc=0.8210
[ep 032] val_sel AUC=0.9284 acc=0.8237
[ep 033] val_sel AUC=0.8943 acc=0.7228
[ep 034] val_sel AUC=0.8788 acc=0.7391
[ep 035] val_sel AUC=0.8788 acc=0.7203
[ep 036] val_sel AUC=0.8312 acc=0.6044
[ep 037] val_sel AUC=0.9051 acc=0.7682
[ep 038] val_sel AUC=0.8856 acc=0.7288
[ep 039] val_sel AUC=0.8779 acc=0.7129
[ep 040] val_sel AUC=0.9159 acc=0.7879
[ep 041] val_sel AUC=0.8625 acc=0.6878
[ep 042] val_sel AUC=0.8945 acc=0.7429
[ep 043] val_sel AUC=0.9121 acc=0.7664
[ep 044] val_sel AUC=0.9198 acc=0.7991
[ep 045] val_sel AUC=0.9152 acc=0.7814
[ep 046] val_sel AUC=0.8994 acc=0.7539
[ep 047] val_sel AUC=0.9088 acc=0.7778
[ep 048] val_sel AUC=0.9044 acc=0.7906
[ep 049] val_sel AUC=0.9166 acc=0.7968
[ep 050] val_sel AUC=0.9109 acc=0.7856
[ep 051] val_sel AUC=0.9246 acc=0.8085
[ep 052] val_sel AUC=0.9241 acc=0.7796
[ep 053] val_sel AUC=0.8960 acc=0.6968
[ep 054] val_sel AUC=0.9246 acc=0.8109
[ep 055] val_sel AUC=0.9288 acc=0.8176
[ep 056] val_sel AUC=0.9356 acc=0.8313
[ep 057] val_sel AUC=0.9119 acc=0.7736
[ep 058] val_sel AUC=0.9164 acc=0.7639
[ep 059] val_sel AUC=0.9314 acc=0.8203
[ep 060] val_sel AUC=0.9273 acc=0.8235
[ep 061] val_sel AUC=0.9264 acc=0.8006
[ep 062] val_sel AUC=0.9271 acc=0.8145
[ep 063] val_sel AUC=0.9188 acc=0.7959
[ep 064] val_sel AUC=0.9312 acc=0.8120
[ep 065] val_sel AUC=0.9352 acc=0.8302
[ep 066] val_sel AUC=0.9350 acc=0.8270
[ep 067] val_sel AUC=0.9342 acc=0.8129
[ep 068] val_sel AUC=0.9397 acc=0.8322
[ep 069] val_sel AUC=0.9357 acc=0.8304
[ep 070] val_sel AUC=0.9366 acc=0.8257
[ep 071] val_sel AUC=0.9327 acc=0.8257
[ep 072] val_sel AUC=0.9343 acc=0.8331
[ep 073] val_sel AUC=0.9384 acc=0.8373
[ep 074] val_sel AUC=0.9368 acc=0.8425
[ep 075] val_sel AUC=0.9373 acc=0.8349
[ep 076] val_sel AUC=0.9345 acc=0.8205
[ep 077] val_sel AUC=0.9312 acc=0.8270
[ep 078] val_sel AUC=0.9329 acc=0.8360
[ep 079] val_sel AUC=0.9372 acc=0.8367
[ep 080] val_sel AUC=0.9373 acc=0.8411
[ep 081] val_sel AUC=0.9350 acc=0.8299
[ep 082] val_sel AUC=0.9393 acc=0.8467
[ep 083] val_sel AUC=0.9396 acc=0.8454
[ep 084] val_sel AUC=0.9373 acc=0.8436
[ep 085] val_sel AUC=0.9371 acc=0.8454
[ep 086] val_sel AUC=0.9360 acc=0.8405
[ep 087] val_sel AUC=0.9364 acc=0.8465
[ep 088] val_sel AUC=0.9361 acc=0.8449
[ep 089] val_sel AUC=0.9347 acc=0.8463
[ep 090] val_sel AUC=0.9348 acc=0.8463
[ep 091] val_sel AUC=0.9342 acc=0.8467
[ep 092] val_sel AUC=0.9340 acc=0.8465
[ep 093] val_sel AUC=0.9340 acc=0.8467
[ep 094] val_sel AUC=0.9338 acc=0.8467
[ep 095] val_sel AUC=0.9337 acc=0.8465
[ep 096] val_sel AUC=0.9337 acc=0.8463
============================================================
TEST (best val_sel epoch, held-out, evaluated once)
============================================================
[DONE-QPE2] embed=butterfly model_III N=250 seed=48 test_AUC=0.9383 val_sel_AUC=0.9397 per_class=(axion=0.9499 cdm=0.8872 no_sub=0.9778) params=203652 embed_params=193 R_frob_drift=1.702551007270813
