[INFO] QPE2 D=64 P=8 depth=4 | embed=cayley | data=model_III N/class=250 seed=43 split_seed=0 | params=205476 embed_params=2017 lr=0.001 epochs=96 bs=32 | train(750, 64, 64) val_sel(4469, 64, 64) test(4470, 64, 64) device=cuda
[ep 001] val_sel AUC=0.4959 acc=0.3433
[ep 002] val_sel AUC=0.5102 acc=0.3433
[ep 003] val_sel AUC=0.5235 acc=0.3433
[ep 004] val_sel AUC=0.5267 acc=0.3283
[ep 005] val_sel AUC=0.5359 acc=0.3285
[ep 006] val_sel AUC=0.5332 acc=0.3285
[ep 007] val_sel AUC=0.5276 acc=0.3433
[ep 008] val_sel AUC=0.5371 acc=0.3388
[ep 009] val_sel AUC=0.5676 acc=0.3453
[ep 010] val_sel AUC=0.6235 acc=0.3893
[ep 011] val_sel AUC=0.7005 acc=0.5015
[ep 012] val_sel AUC=0.6581 acc=0.4160
[ep 013] val_sel AUC=0.7569 acc=0.5614
[ep 014] val_sel AUC=0.7909 acc=0.6075
[ep 015] val_sel AUC=0.8068 acc=0.6261
[ep 016] val_sel AUC=0.8427 acc=0.6724
[ep 017] val_sel AUC=0.8340 acc=0.6433
[ep 018] val_sel AUC=0.8083 acc=0.6277
[ep 019] val_sel AUC=0.8793 acc=0.7284
[ep 020] val_sel AUC=0.8566 acc=0.7015
[ep 021] val_sel AUC=0.8905 acc=0.7480
[ep 022] val_sel AUC=0.8878 acc=0.7563
[ep 023] val_sel AUC=0.8982 acc=0.7673
[ep 024] val_sel AUC=0.8926 acc=0.7577
[ep 025] val_sel AUC=0.8997 acc=0.7603
[ep 026] val_sel AUC=0.9142 acc=0.7870
[ep 027] val_sel AUC=0.9152 acc=0.7939
[ep 028] val_sel AUC=0.9152 acc=0.7894
[ep 029] val_sel AUC=0.9133 acc=0.7870
[ep 030] val_sel AUC=0.9192 acc=0.8002
[ep 031] val_sel AUC=0.9187 acc=0.7982
[ep 032] val_sel AUC=0.9188 acc=0.7997
[ep 033] val_sel AUC=0.8063 acc=0.5435
[ep 034] val_sel AUC=0.8947 acc=0.7062
[ep 035] val_sel AUC=0.8950 acc=0.7523
[ep 036] val_sel AUC=0.9059 acc=0.7369
[ep 037] val_sel AUC=0.8592 acc=0.6632
[ep 038] val_sel AUC=0.9074 acc=0.7787
[ep 039] val_sel AUC=0.9193 acc=0.8109
[ep 040] val_sel AUC=0.9237 acc=0.7962
[ep 041] val_sel AUC=0.8479 acc=0.6744
[ep 042] val_sel AUC=0.8717 acc=0.6800
[ep 043] val_sel AUC=0.9202 acc=0.8040
[ep 044] val_sel AUC=0.9186 acc=0.7977
[ep 045] val_sel AUC=0.9159 acc=0.7570
[ep 046] val_sel AUC=0.9030 acc=0.7516
[ep 047] val_sel AUC=0.9237 acc=0.7796
[ep 048] val_sel AUC=0.9338 acc=0.8161
[ep 049] val_sel AUC=0.9153 acc=0.7962
[ep 050] val_sel AUC=0.9310 acc=0.8259
[ep 051] val_sel AUC=0.9272 acc=0.8141
[ep 052] val_sel AUC=0.9087 acc=0.7601
[ep 053] val_sel AUC=0.9168 acc=0.7917
[ep 054] val_sel AUC=0.9293 acc=0.8183
[ep 055] val_sel AUC=0.9157 acc=0.7769
[ep 056] val_sel AUC=0.9233 acc=0.8100
[ep 057] val_sel AUC=0.9361 acc=0.8335
[ep 058] val_sel AUC=0.9339 acc=0.8190
[ep 059] val_sel AUC=0.9245 acc=0.7995
[ep 060] val_sel AUC=0.9187 acc=0.7901
[ep 061] val_sel AUC=0.9315 acc=0.8156
[ep 062] val_sel AUC=0.9166 acc=0.7915
[ep 063] val_sel AUC=0.9257 acc=0.8188
[ep 064] val_sel AUC=0.9243 acc=0.7986
[ep 065] val_sel AUC=0.9363 acc=0.8259
[ep 066] val_sel AUC=0.9303 acc=0.8183
[ep 067] val_sel AUC=0.9259 acc=0.8286
[ep 068] val_sel AUC=0.9376 acc=0.8382
[ep 069] val_sel AUC=0.9404 acc=0.8402
[ep 070] val_sel AUC=0.9366 acc=0.8279
[ep 071] val_sel AUC=0.9405 acc=0.8405
[ep 072] val_sel AUC=0.9374 acc=0.8273
[ep 073] val_sel AUC=0.9213 acc=0.7859
[ep 074] val_sel AUC=0.9375 acc=0.8367
[ep 075] val_sel AUC=0.9396 acc=0.8353
[ep 076] val_sel AUC=0.9323 acc=0.8393
[ep 077] val_sel AUC=0.9247 acc=0.8114
[ep 078] val_sel AUC=0.9312 acc=0.8317
[ep 079] val_sel AUC=0.9410 acc=0.8463
[ep 080] val_sel AUC=0.9301 acc=0.8326
[ep 081] val_sel AUC=0.9395 acc=0.8492
[ep 082] val_sel AUC=0.9384 acc=0.8492
[ep 083] val_sel AUC=0.9424 acc=0.8519
[ep 084] val_sel AUC=0.9403 acc=0.8478
[ep 085] val_sel AUC=0.9370 acc=0.8483
[ep 086] val_sel AUC=0.9340 acc=0.8400
[ep 087] val_sel AUC=0.9373 acc=0.8505
[ep 088] val_sel AUC=0.9389 acc=0.8499
[ep 089] val_sel AUC=0.9374 acc=0.8507
[ep 090] val_sel AUC=0.9361 acc=0.8490
[ep 091] val_sel AUC=0.9370 acc=0.8510
[ep 092] val_sel AUC=0.9373 acc=0.8505
[ep 093] val_sel AUC=0.9371 acc=0.8505
[ep 094] val_sel AUC=0.9371 acc=0.8501
[ep 095] val_sel AUC=0.9370 acc=0.8503
[ep 096] val_sel AUC=0.9371 acc=0.8507
============================================================
TEST (best val_sel epoch, held-out, evaluated once)
============================================================
[DONE-QPE2] embed=cayley model_III N=250 seed=43 test_AUC=0.9416 val_sel_AUC=0.9424 per_class=(axion=0.9477 cdm=0.8958 no_sub=0.9813) params=205476 embed_params=2017 R_frob_drift=4.148138046264648
