[INFO] QPE2 D=64 P=8 depth=4 | embed=cayley | data=model_II N/class=250 seed=42 split_seed=0 | params=205476 embed_params=2017 lr=0.001 epochs=96 bs=32 | train(750, 64, 64) val_sel(4455, 64, 64) test(4455, 64, 64) device=cuda
[ep 001] val_sel AUC=0.5310 acc=0.3237
[ep 002] val_sel AUC=0.5344 acc=0.3291
[ep 003] val_sel AUC=0.5354 acc=0.3365
[ep 004] val_sel AUC=0.5405 acc=0.3291
[ep 005] val_sel AUC=0.5396 acc=0.3237
[ep 006] val_sel AUC=0.5406 acc=0.3291
[ep 007] val_sel AUC=0.5340 acc=0.3473
[ep 008] val_sel AUC=0.5238 acc=0.3477
[ep 009] val_sel AUC=0.5282 acc=0.3473
[ep 010] val_sel AUC=0.5211 acc=0.3464
[ep 011] val_sel AUC=0.5328 acc=0.3522
[ep 012] val_sel AUC=0.5329 acc=0.3556
[ep 013] val_sel AUC=0.5449 acc=0.3596
[ep 014] val_sel AUC=0.5597 acc=0.3493
[ep 015] val_sel AUC=0.5770 acc=0.3798
[ep 016] val_sel AUC=0.5914 acc=0.4027
[ep 017] val_sel AUC=0.6423 acc=0.4678
[ep 018] val_sel AUC=0.6580 acc=0.4673
[ep 019] val_sel AUC=0.6420 acc=0.4586
[ep 020] val_sel AUC=0.6746 acc=0.5077
[ep 021] val_sel AUC=0.7126 acc=0.5385
[ep 022] val_sel AUC=0.7308 acc=0.5684
[ep 023] val_sel AUC=0.7449 acc=0.5993
[ep 024] val_sel AUC=0.7661 acc=0.5903
[ep 025] val_sel AUC=0.7509 acc=0.5652
[ep 026] val_sel AUC=0.7723 acc=0.5850
[ep 027] val_sel AUC=0.7844 acc=0.6072
[ep 028] val_sel AUC=0.7897 acc=0.6112
[ep 029] val_sel AUC=0.7973 acc=0.6258
[ep 030] val_sel AUC=0.7988 acc=0.6236
[ep 031] val_sel AUC=0.7995 acc=0.6256
[ep 032] val_sel AUC=0.8002 acc=0.6285
[ep 033] val_sel AUC=0.7175 acc=0.5059
[ep 034] val_sel AUC=0.7645 acc=0.5793
[ep 035] val_sel AUC=0.6756 acc=0.4900
[ep 036] val_sel AUC=0.7259 acc=0.5309
[ep 037] val_sel AUC=0.7761 acc=0.6011
[ep 038] val_sel AUC=0.7709 acc=0.5722
[ep 039] val_sel AUC=0.7450 acc=0.5354
[ep 040] val_sel AUC=0.7999 acc=0.6063
[ep 041] val_sel AUC=0.7907 acc=0.6047
[ep 042] val_sel AUC=0.8126 acc=0.6301
[ep 043] val_sel AUC=0.7774 acc=0.5984
[ep 044] val_sel AUC=0.7822 acc=0.6108
[ep 045] val_sel AUC=0.8077 acc=0.6251
[ep 046] val_sel AUC=0.8124 acc=0.6483
[ep 047] val_sel AUC=0.8065 acc=0.6321
[ep 048] val_sel AUC=0.8370 acc=0.6474
[ep 049] val_sel AUC=0.8218 acc=0.6559
[ep 050] val_sel AUC=0.8156 acc=0.6409
[ep 051] val_sel AUC=0.8301 acc=0.6660
[ep 052] val_sel AUC=0.8574 acc=0.7044
[ep 053] val_sel AUC=0.8214 acc=0.6186
[ep 054] val_sel AUC=0.8151 acc=0.6285
[ep 055] val_sel AUC=0.8481 acc=0.6721
[ep 056] val_sel AUC=0.7973 acc=0.6220
[ep 057] val_sel AUC=0.8439 acc=0.6763
[ep 058] val_sel AUC=0.8610 acc=0.7178
[ep 059] val_sel AUC=0.8286 acc=0.6869
[ep 060] val_sel AUC=0.8388 acc=0.6361
[ep 061] val_sel AUC=0.8670 acc=0.7187
[ep 062] val_sel AUC=0.8671 acc=0.7295
[ep 063] val_sel AUC=0.7983 acc=0.6159
[ep 064] val_sel AUC=0.8427 acc=0.6929
[ep 065] val_sel AUC=0.8664 acc=0.7311
[ep 066] val_sel AUC=0.8553 acc=0.6965
[ep 067] val_sel AUC=0.8739 acc=0.7342
[ep 068] val_sel AUC=0.8846 acc=0.7497
[ep 069] val_sel AUC=0.8802 acc=0.7524
[ep 070] val_sel AUC=0.8641 acc=0.7311
[ep 071] val_sel AUC=0.8861 acc=0.7488
[ep 072] val_sel AUC=0.8835 acc=0.7506
[ep 073] val_sel AUC=0.8888 acc=0.7324
[ep 074] val_sel AUC=0.8904 acc=0.7603
[ep 075] val_sel AUC=0.9025 acc=0.7888
[ep 076] val_sel AUC=0.8967 acc=0.7688
[ep 077] val_sel AUC=0.9026 acc=0.7841
[ep 078] val_sel AUC=0.9022 acc=0.7836
[ep 079] val_sel AUC=0.8951 acc=0.7713
[ep 080] val_sel AUC=0.8857 acc=0.7591
[ep 081] val_sel AUC=0.9016 acc=0.7872
[ep 082] val_sel AUC=0.9028 acc=0.7863
[ep 083] val_sel AUC=0.9026 acc=0.7809
[ep 084] val_sel AUC=0.9039 acc=0.7872
[ep 085] val_sel AUC=0.9041 acc=0.7897
[ep 086] val_sel AUC=0.9053 acc=0.7962
[ep 087] val_sel AUC=0.9062 acc=0.7960
[ep 088] val_sel AUC=0.9068 acc=0.7957
[ep 089] val_sel AUC=0.9068 acc=0.7960
[ep 090] val_sel AUC=0.9062 acc=0.7960
[ep 091] val_sel AUC=0.9066 acc=0.7982
[ep 092] val_sel AUC=0.9066 acc=0.7964
[ep 093] val_sel AUC=0.9066 acc=0.7969
[ep 094] val_sel AUC=0.9066 acc=0.7971
[ep 095] val_sel AUC=0.9066 acc=0.7978
[ep 096] val_sel AUC=0.9066 acc=0.7973
============================================================
TEST (best val_sel epoch, held-out, evaluated once)
============================================================
[DONE-QPE2] embed=cayley model_II N=250 seed=42 test_AUC=0.9148 val_sel_AUC=0.9068 per_class=(axion=0.9200 cdm=0.8448 no_sub=0.9795) params=205476 embed_params=2017 R_frob_drift=3.9694137573242188
