[INFO] QPE2 D=64 P=8 depth=4 | embed=cayley | data=model_III N/class=250 seed=42 split_seed=0 | params=205476 embed_params=2017 lr=0.001 epochs=96 bs=32 | train(750, 64, 64) val_sel(4469, 64, 64) test(4470, 64, 64) device=cuda
[ep 001] val_sel AUC=0.5529 acc=0.3285
[ep 002] val_sel AUC=0.5636 acc=0.3283
[ep 003] val_sel AUC=0.5644 acc=0.3283
[ep 004] val_sel AUC=0.5729 acc=0.3283
[ep 005] val_sel AUC=0.5762 acc=0.3285
[ep 006] val_sel AUC=0.5759 acc=0.3283
[ep 007] val_sel AUC=0.5691 acc=0.3433
[ep 008] val_sel AUC=0.5763 acc=0.3433
[ep 009] val_sel AUC=0.5567 acc=0.3433
[ep 010] val_sel AUC=0.5493 acc=0.3473
[ep 011] val_sel AUC=0.5481 acc=0.3433
[ep 012] val_sel AUC=0.5461 acc=0.3607
[ep 013] val_sel AUC=0.5702 acc=0.3688
[ep 014] val_sel AUC=0.6101 acc=0.3970
[ep 015] val_sel AUC=0.7409 acc=0.5140
[ep 016] val_sel AUC=0.7684 acc=0.5744
[ep 017] val_sel AUC=0.8519 acc=0.6740
[ep 018] val_sel AUC=0.8308 acc=0.6563
[ep 019] val_sel AUC=0.8381 acc=0.6154
[ep 020] val_sel AUC=0.8861 acc=0.7053
[ep 021] val_sel AUC=0.8966 acc=0.7758
[ep 022] val_sel AUC=0.8421 acc=0.6046
[ep 023] val_sel AUC=0.8933 acc=0.7154
[ep 024] val_sel AUC=0.9134 acc=0.7818
[ep 025] val_sel AUC=0.9136 acc=0.7932
[ep 026] val_sel AUC=0.9172 acc=0.7964
[ep 027] val_sel AUC=0.9198 acc=0.7988
[ep 028] val_sel AUC=0.9209 acc=0.8004
[ep 029] val_sel AUC=0.9212 acc=0.8105
[ep 030] val_sel AUC=0.9227 acc=0.8067
[ep 031] val_sel AUC=0.9210 acc=0.8094
[ep 032] val_sel AUC=0.9220 acc=0.8109
[ep 033] val_sel AUC=0.8547 acc=0.7143
[ep 034] val_sel AUC=0.8998 acc=0.7644
[ep 035] val_sel AUC=0.9026 acc=0.7644
[ep 036] val_sel AUC=0.8968 acc=0.7216
[ep 037] val_sel AUC=0.8955 acc=0.7286
[ep 038] val_sel AUC=0.8738 acc=0.7223
[ep 039] val_sel AUC=0.9043 acc=0.7577
[ep 040] val_sel AUC=0.8283 acc=0.6344
[ep 041] val_sel AUC=0.9040 acc=0.7214
[ep 042] val_sel AUC=0.9061 acc=0.7671
[ep 043] val_sel AUC=0.8707 acc=0.7351
[ep 044] val_sel AUC=0.8930 acc=0.7389
[ep 045] val_sel AUC=0.8969 acc=0.7586
[ep 046] val_sel AUC=0.9002 acc=0.7633
[ep 047] val_sel AUC=0.9190 acc=0.7968
[ep 048] val_sel AUC=0.9041 acc=0.7429
[ep 049] val_sel AUC=0.8915 acc=0.6988
[ep 050] val_sel AUC=0.8872 acc=0.7389
[ep 051] val_sel AUC=0.9121 acc=0.7939
[ep 052] val_sel AUC=0.9150 acc=0.7512
[ep 053] val_sel AUC=0.9107 acc=0.7809
[ep 054] val_sel AUC=0.8816 acc=0.7109
[ep 055] val_sel AUC=0.8948 acc=0.7360
[ep 056] val_sel AUC=0.9082 acc=0.7451
[ep 057] val_sel AUC=0.9211 acc=0.8062
[ep 058] val_sel AUC=0.9086 acc=0.7668
[ep 059] val_sel AUC=0.9267 acc=0.8087
[ep 060] val_sel AUC=0.8919 acc=0.7626
[ep 061] val_sel AUC=0.9061 acc=0.7744
[ep 062] val_sel AUC=0.9319 acc=0.8322
[ep 063] val_sel AUC=0.9216 acc=0.8192
[ep 064] val_sel AUC=0.9143 acc=0.7850
[ep 065] val_sel AUC=0.9197 acc=0.8060
[ep 066] val_sel AUC=0.9305 acc=0.8328
[ep 067] val_sel AUC=0.8870 acc=0.7440
[ep 068] val_sel AUC=0.9259 acc=0.8290
[ep 069] val_sel AUC=0.9259 acc=0.8284
[ep 070] val_sel AUC=0.9318 acc=0.8391
[ep 071] val_sel AUC=0.9245 acc=0.8199
[ep 072] val_sel AUC=0.9263 acc=0.7991
[ep 073] val_sel AUC=0.9359 acc=0.8478
[ep 074] val_sel AUC=0.9250 acc=0.8102
[ep 075] val_sel AUC=0.9176 acc=0.8080
[ep 076] val_sel AUC=0.9311 acc=0.8429
[ep 077] val_sel AUC=0.9286 acc=0.8431
[ep 078] val_sel AUC=0.9310 acc=0.8387
[ep 079] val_sel AUC=0.9325 acc=0.8461
[ep 080] val_sel AUC=0.9240 acc=0.8239
[ep 081] val_sel AUC=0.9267 acc=0.8304
[ep 082] val_sel AUC=0.9329 acc=0.8438
[ep 083] val_sel AUC=0.9331 acc=0.8474
[ep 084] val_sel AUC=0.9332 acc=0.8501
[ep 085] val_sel AUC=0.9293 acc=0.8427
[ep 086] val_sel AUC=0.9305 acc=0.8476
[ep 087] val_sel AUC=0.9263 acc=0.8507
[ep 088] val_sel AUC=0.9269 acc=0.8519
[ep 089] val_sel AUC=0.9265 acc=0.8541
[ep 090] val_sel AUC=0.9271 acc=0.8539
[ep 091] val_sel AUC=0.9255 acc=0.8541
[ep 092] val_sel AUC=0.9273 acc=0.8543
[ep 093] val_sel AUC=0.9263 acc=0.8543
[ep 094] val_sel AUC=0.9265 acc=0.8539
[ep 095] val_sel AUC=0.9265 acc=0.8546
[ep 096] val_sel AUC=0.9263 acc=0.8543
============================================================
TEST (best val_sel epoch, held-out, evaluated once)
============================================================
[DONE-QPE2] embed=cayley model_III N=250 seed=42 test_AUC=0.9335 val_sel_AUC=0.9359 per_class=(axion=0.9492 cdm=0.8786 no_sub=0.9728) params=205476 embed_params=2017 R_frob_drift=3.936267375946045
