[INFO] QPE2 D=64 P=8 depth=4 | embed=cayley | data=model_III N/class=250 seed=61 split_seed=0 | params=205476 embed_params=2017 lr=0.001 epochs=96 bs=32 | train(750, 64, 64) val_sel(4469, 64, 64) test(4470, 64, 64) device=cuda
[ep 001] val_sel AUC=0.5447 acc=0.3578
[ep 002] val_sel AUC=0.5555 acc=0.3283
[ep 003] val_sel AUC=0.5595 acc=0.3285
[ep 004] val_sel AUC=0.5570 acc=0.3285
[ep 005] val_sel AUC=0.5436 acc=0.3283
[ep 006] val_sel AUC=0.5441 acc=0.3497
[ep 007] val_sel AUC=0.5459 acc=0.3663
[ep 008] val_sel AUC=0.5615 acc=0.3690
[ep 009] val_sel AUC=0.5817 acc=0.3764
[ep 010] val_sel AUC=0.6197 acc=0.4209
[ep 011] val_sel AUC=0.7186 acc=0.5048
[ep 012] val_sel AUC=0.7950 acc=0.5449
[ep 013] val_sel AUC=0.7865 acc=0.5928
[ep 014] val_sel AUC=0.8145 acc=0.5684
[ep 015] val_sel AUC=0.8386 acc=0.6619
[ep 016] val_sel AUC=0.8608 acc=0.7212
[ep 017] val_sel AUC=0.8890 acc=0.7521
[ep 018] val_sel AUC=0.8976 acc=0.7655
[ep 019] val_sel AUC=0.8798 acc=0.7442
[ep 020] val_sel AUC=0.8828 acc=0.7324
[ep 021] val_sel AUC=0.9147 acc=0.8040
[ep 022] val_sel AUC=0.9075 acc=0.7729
[ep 023] val_sel AUC=0.9090 acc=0.7854
[ep 024] val_sel AUC=0.9004 acc=0.7697
[ep 025] val_sel AUC=0.9166 acc=0.8002
[ep 026] val_sel AUC=0.9276 acc=0.8161
[ep 027] val_sel AUC=0.9279 acc=0.8161
[ep 028] val_sel AUC=0.9280 acc=0.8290
[ep 029] val_sel AUC=0.9300 acc=0.8387
[ep 030] val_sel AUC=0.9296 acc=0.8391
[ep 031] val_sel AUC=0.9298 acc=0.8391
[ep 032] val_sel AUC=0.9298 acc=0.8400
[ep 033] val_sel AUC=0.8362 acc=0.6523
[ep 034] val_sel AUC=0.8781 acc=0.6870
[ep 035] val_sel AUC=0.8818 acc=0.7075
[ep 036] val_sel AUC=0.9038 acc=0.7147
[ep 037] val_sel AUC=0.8928 acc=0.7487
[ep 038] val_sel AUC=0.9062 acc=0.7874
[ep 039] val_sel AUC=0.9104 acc=0.7816
[ep 040] val_sel AUC=0.8612 acc=0.6744
[ep 041] val_sel AUC=0.9071 acc=0.7693
[ep 042] val_sel AUC=0.9035 acc=0.7749
[ep 043] val_sel AUC=0.9096 acc=0.7702
[ep 044] val_sel AUC=0.8961 acc=0.7281
[ep 045] val_sel AUC=0.9039 acc=0.7644
[ep 046] val_sel AUC=0.9208 acc=0.8058
[ep 047] val_sel AUC=0.8829 acc=0.7131
[ep 048] val_sel AUC=0.9236 acc=0.8076
[ep 049] val_sel AUC=0.9217 acc=0.7733
[ep 050] val_sel AUC=0.8887 acc=0.7465
[ep 051] val_sel AUC=0.8988 acc=0.7608
[ep 052] val_sel AUC=0.9194 acc=0.7756
[ep 053] val_sel AUC=0.8841 acc=0.7301
[ep 054] val_sel AUC=0.9083 acc=0.7767
[ep 055] val_sel AUC=0.8918 acc=0.6905
[ep 056] val_sel AUC=0.9263 acc=0.7838
[ep 057] val_sel AUC=0.9265 acc=0.8127
[ep 058] val_sel AUC=0.9289 acc=0.8243
[ep 059] val_sel AUC=0.8874 acc=0.7418
[ep 060] val_sel AUC=0.9185 acc=0.7850
[ep 061] val_sel AUC=0.9259 acc=0.7897
[ep 062] val_sel AUC=0.9090 acc=0.7852
[ep 063] val_sel AUC=0.9232 acc=0.7946
[ep 064] val_sel AUC=0.9253 acc=0.8174
[ep 065] val_sel AUC=0.9279 acc=0.8277
[ep 066] val_sel AUC=0.9342 acc=0.8132
[ep 067] val_sel AUC=0.9279 acc=0.8116
[ep 068] val_sel AUC=0.9330 acc=0.8196
[ep 069] val_sel AUC=0.9354 acc=0.8145
[ep 070] val_sel AUC=0.9144 acc=0.7592
[ep 071] val_sel AUC=0.9144 acc=0.7937
[ep 072] val_sel AUC=0.9326 acc=0.7897
[ep 073] val_sel AUC=0.9302 acc=0.8188
[ep 074] val_sel AUC=0.9339 acc=0.8311
[ep 075] val_sel AUC=0.9366 acc=0.8105
[ep 076] val_sel AUC=0.9371 acc=0.8217
[ep 077] val_sel AUC=0.9302 acc=0.8328
[ep 078] val_sel AUC=0.9361 acc=0.8461
[ep 079] val_sel AUC=0.9355 acc=0.8434
[ep 080] val_sel AUC=0.9394 acc=0.8393
[ep 081] val_sel AUC=0.9346 acc=0.8436
[ep 082] val_sel AUC=0.9331 acc=0.8384
[ep 083] val_sel AUC=0.9349 acc=0.8438
[ep 084] val_sel AUC=0.9364 acc=0.8440
[ep 085] val_sel AUC=0.9342 acc=0.8389
[ep 086] val_sel AUC=0.9349 acc=0.8402
[ep 087] val_sel AUC=0.9336 acc=0.8402
[ep 088] val_sel AUC=0.9327 acc=0.8440
[ep 089] val_sel AUC=0.9346 acc=0.8445
[ep 090] val_sel AUC=0.9340 acc=0.8443
[ep 091] val_sel AUC=0.9338 acc=0.8440
[ep 092] val_sel AUC=0.9334 acc=0.8438
[ep 093] val_sel AUC=0.9334 acc=0.8445
[ep 094] val_sel AUC=0.9332 acc=0.8452
[ep 095] val_sel AUC=0.9331 acc=0.8438
[ep 096] val_sel AUC=0.9331 acc=0.8440
============================================================
TEST (best val_sel epoch, held-out, evaluated once)
============================================================
[DONE-QPE2] embed=cayley model_III N=250 seed=61 test_AUC=0.9360 val_sel_AUC=0.9394 per_class=(axion=0.9475 cdm=0.8816 no_sub=0.9790) params=205476 embed_params=2017 R_frob_drift=4.117851734161377
