[INFO] QPE2 D=64 P=8 depth=4 | embed=cayley | data=model_II N/class=100 seed=48 split_seed=0 | params=205476 embed_params=2017 lr=0.001 epochs=96 bs=32 | train(300, 64, 64) val_sel(4455, 64, 64) test(4455, 64, 64) device=cuda
[ep 001] val_sel AUC=0.5418 acc=0.3291
[ep 002] val_sel AUC=0.5147 acc=0.3237
[ep 003] val_sel AUC=0.5285 acc=0.3291
[ep 004] val_sel AUC=0.5330 acc=0.3291
[ep 005] val_sel AUC=0.5277 acc=0.3237
[ep 006] val_sel AUC=0.5318 acc=0.3473
[ep 007] val_sel AUC=0.5302 acc=0.3401
[ep 008] val_sel AUC=0.5313 acc=0.3237
[ep 009] val_sel AUC=0.5283 acc=0.3473
[ep 010] val_sel AUC=0.5352 acc=0.3237
[ep 011] val_sel AUC=0.5327 acc=0.3360
[ep 012] val_sel AUC=0.5264 acc=0.3473
[ep 013] val_sel AUC=0.5248 acc=0.3237
[ep 014] val_sel AUC=0.5243 acc=0.3403
[ep 015] val_sel AUC=0.5177 acc=0.3473
[ep 016] val_sel AUC=0.5138 acc=0.3237
[ep 017] val_sel AUC=0.5123 acc=0.3318
[ep 018] val_sel AUC=0.5064 acc=0.3414
[ep 019] val_sel AUC=0.5032 acc=0.3064
[ep 020] val_sel AUC=0.5058 acc=0.3239
[ep 021] val_sel AUC=0.5013 acc=0.3176
[ep 022] val_sel AUC=0.4964 acc=0.3257
[ep 023] val_sel AUC=0.4933 acc=0.3392
[ep 024] val_sel AUC=0.4947 acc=0.3392
[ep 025] val_sel AUC=0.4948 acc=0.3421
[ep 026] val_sel AUC=0.4959 acc=0.3392
[ep 027] val_sel AUC=0.4939 acc=0.3376
[ep 028] val_sel AUC=0.4941 acc=0.3392
[ep 029] val_sel AUC=0.4942 acc=0.3392
[ep 030] val_sel AUC=0.4942 acc=0.3354
[ep 031] val_sel AUC=0.4942 acc=0.3354
[ep 032] val_sel AUC=0.4943 acc=0.3367
[ep 033] val_sel AUC=0.5055 acc=0.3349
[ep 034] val_sel AUC=0.5007 acc=0.3412
[ep 035] val_sel AUC=0.4969 acc=0.3266
[ep 036] val_sel AUC=0.5072 acc=0.3513
[ep 037] val_sel AUC=0.5111 acc=0.3275
[ep 038] val_sel AUC=0.5164 acc=0.3499
[ep 039] val_sel AUC=0.5210 acc=0.3385
[ep 040] val_sel AUC=0.5156 acc=0.3630
[ep 041] val_sel AUC=0.5216 acc=0.3437
[ep 042] val_sel AUC=0.5300 acc=0.3473
[ep 043] val_sel AUC=0.5390 acc=0.3526
[ep 044] val_sel AUC=0.5249 acc=0.3262
[ep 045] val_sel AUC=0.5247 acc=0.3378
[ep 046] val_sel AUC=0.5188 acc=0.3461
[ep 047] val_sel AUC=0.5321 acc=0.3578
[ep 048] val_sel AUC=0.5352 acc=0.3585
[ep 049] val_sel AUC=0.5452 acc=0.3499
[ep 050] val_sel AUC=0.5550 acc=0.3701
[ep 051] val_sel AUC=0.5764 acc=0.3805
[ep 052] val_sel AUC=0.5794 acc=0.3782
[ep 053] val_sel AUC=0.5767 acc=0.3708
[ep 054] val_sel AUC=0.5850 acc=0.3899
[ep 055] val_sel AUC=0.5836 acc=0.4137
[ep 056] val_sel AUC=0.5905 acc=0.4054
[ep 057] val_sel AUC=0.6143 acc=0.4036
[ep 058] val_sel AUC=0.6244 acc=0.4204
[ep 059] val_sel AUC=0.6215 acc=0.4299
[ep 060] val_sel AUC=0.6074 acc=0.4097
[ep 061] val_sel AUC=0.5934 acc=0.4108
[ep 062] val_sel AUC=0.6207 acc=0.4498
[ep 063] val_sel AUC=0.6213 acc=0.4249
[ep 064] val_sel AUC=0.6343 acc=0.4548
[ep 065] val_sel AUC=0.6421 acc=0.4620
[ep 066] val_sel AUC=0.6557 acc=0.4743
[ep 067] val_sel AUC=0.6551 acc=0.4462
[ep 068] val_sel AUC=0.6663 acc=0.4810
[ep 069] val_sel AUC=0.6805 acc=0.4979
[ep 070] val_sel AUC=0.6504 acc=0.4290
[ep 071] val_sel AUC=0.6615 acc=0.4900
[ep 072] val_sel AUC=0.6827 acc=0.4642
[ep 073] val_sel AUC=0.6865 acc=0.5098
[ep 074] val_sel AUC=0.6916 acc=0.4900
[ep 075] val_sel AUC=0.6778 acc=0.4588
[ep 076] val_sel AUC=0.6756 acc=0.4680
[ep 077] val_sel AUC=0.6928 acc=0.4703
[ep 078] val_sel AUC=0.6957 acc=0.5210
[ep 079] val_sel AUC=0.7043 acc=0.5201
[ep 080] val_sel AUC=0.7118 acc=0.5356
[ep 081] val_sel AUC=0.7043 acc=0.5371
[ep 082] val_sel AUC=0.7018 acc=0.5093
[ep 083] val_sel AUC=0.7058 acc=0.5369
[ep 084] val_sel AUC=0.7076 acc=0.5190
[ep 085] val_sel AUC=0.7114 acc=0.5459
[ep 086] val_sel AUC=0.7096 acc=0.5194
[ep 087] val_sel AUC=0.7123 acc=0.5398
[ep 088] val_sel AUC=0.7143 acc=0.5282
[ep 089] val_sel AUC=0.7163 acc=0.5378
[ep 090] val_sel AUC=0.7165 acc=0.5403
[ep 091] val_sel AUC=0.7168 acc=0.5398
[ep 092] val_sel AUC=0.7166 acc=0.5338
[ep 093] val_sel AUC=0.7166 acc=0.5349
[ep 094] val_sel AUC=0.7165 acc=0.5354
[ep 095] val_sel AUC=0.7166 acc=0.5340
[ep 096] val_sel AUC=0.7166 acc=0.5342
============================================================
TEST (best val_sel epoch, held-out, evaluated once)
============================================================
[DONE-QPE2] embed=cayley model_II N=100 seed=48 test_AUC=0.7266 val_sel_AUC=0.7168 per_class=(axion=0.8029 cdm=0.5841 no_sub=0.7929) params=205476 embed_params=2017 R_frob_drift=3.754324197769165
