[INFO] QPE2 D=64 P=8 depth=4 | embed=cayley | data=model_II N/class=100 seed=55 split_seed=0 | params=205476 embed_params=2017 lr=0.001 epochs=96 bs=32 | train(300, 64, 64) val_sel(4455, 64, 64) test(4455, 64, 64) device=cuda
[ep 001] val_sel AUC=0.4948 acc=0.3473
[ep 002] val_sel AUC=0.5309 acc=0.3291
[ep 003] val_sel AUC=0.5334 acc=0.3473
[ep 004] val_sel AUC=0.5362 acc=0.3237
[ep 005] val_sel AUC=0.5299 acc=0.3473
[ep 006] val_sel AUC=0.5254 acc=0.3520
[ep 007] val_sel AUC=0.5229 acc=0.3237
[ep 008] val_sel AUC=0.5195 acc=0.3291
[ep 009] val_sel AUC=0.5186 acc=0.3473
[ep 010] val_sel AUC=0.5160 acc=0.3389
[ep 011] val_sel AUC=0.5144 acc=0.3358
[ep 012] val_sel AUC=0.5130 acc=0.3324
[ep 013] val_sel AUC=0.5128 acc=0.3383
[ep 014] val_sel AUC=0.5124 acc=0.3369
[ep 015] val_sel AUC=0.5119 acc=0.3407
[ep 016] val_sel AUC=0.5118 acc=0.3376
[ep 017] val_sel AUC=0.5114 acc=0.3336
[ep 018] val_sel AUC=0.5118 acc=0.3365
[ep 019] val_sel AUC=0.5142 acc=0.3398
[ep 020] val_sel AUC=0.5192 acc=0.3405
[ep 021] val_sel AUC=0.5215 acc=0.3473
[ep 022] val_sel AUC=0.5215 acc=0.3459
[ep 023] val_sel AUC=0.5183 acc=0.3479
[ep 024] val_sel AUC=0.5201 acc=0.3461
[ep 025] val_sel AUC=0.5224 acc=0.3457
[ep 026] val_sel AUC=0.5216 acc=0.3437
[ep 027] val_sel AUC=0.5220 acc=0.3457
[ep 028] val_sel AUC=0.5228 acc=0.3441
[ep 029] val_sel AUC=0.5238 acc=0.3455
[ep 030] val_sel AUC=0.5241 acc=0.3461
[ep 031] val_sel AUC=0.5241 acc=0.3475
[ep 032] val_sel AUC=0.5241 acc=0.3455
[ep 033] val_sel AUC=0.5270 acc=0.3531
[ep 034] val_sel AUC=0.5357 acc=0.3648
[ep 035] val_sel AUC=0.5387 acc=0.3688
[ep 036] val_sel AUC=0.5387 acc=0.3490
[ep 037] val_sel AUC=0.5379 acc=0.3621
[ep 038] val_sel AUC=0.5335 acc=0.3508
[ep 039] val_sel AUC=0.5404 acc=0.3648
[ep 040] val_sel AUC=0.5448 acc=0.3591
[ep 041] val_sel AUC=0.5658 acc=0.3704
[ep 042] val_sel AUC=0.5370 acc=0.3551
[ep 043] val_sel AUC=0.5675 acc=0.3868
[ep 044] val_sel AUC=0.5553 acc=0.3722
[ep 045] val_sel AUC=0.5565 acc=0.3621
[ep 046] val_sel AUC=0.5613 acc=0.3843
[ep 047] val_sel AUC=0.5748 acc=0.3908
[ep 048] val_sel AUC=0.6116 acc=0.4162
[ep 049] val_sel AUC=0.6033 acc=0.4189
[ep 050] val_sel AUC=0.6428 acc=0.4265
[ep 051] val_sel AUC=0.6236 acc=0.4065
[ep 052] val_sel AUC=0.6232 acc=0.4180
[ep 053] val_sel AUC=0.6548 acc=0.4523
[ep 054] val_sel AUC=0.6225 acc=0.4375
[ep 055] val_sel AUC=0.5826 acc=0.3773
[ep 056] val_sel AUC=0.6001 acc=0.3863
[ep 057] val_sel AUC=0.5880 acc=0.3935
[ep 058] val_sel AUC=0.6053 acc=0.4031
[ep 059] val_sel AUC=0.6436 acc=0.4608
[ep 060] val_sel AUC=0.6984 acc=0.4777
[ep 061] val_sel AUC=0.7026 acc=0.5053
[ep 062] val_sel AUC=0.6833 acc=0.4763
[ep 063] val_sel AUC=0.7067 acc=0.4992
[ep 064] val_sel AUC=0.7266 acc=0.4999
[ep 065] val_sel AUC=0.7330 acc=0.5311
[ep 066] val_sel AUC=0.7279 acc=0.5295
[ep 067] val_sel AUC=0.7618 acc=0.5740
[ep 068] val_sel AUC=0.7654 acc=0.5701
[ep 069] val_sel AUC=0.7560 acc=0.5551
[ep 070] val_sel AUC=0.7771 acc=0.5899
[ep 071] val_sel AUC=0.7541 acc=0.5484
[ep 072] val_sel AUC=0.7518 acc=0.5587
[ep 073] val_sel AUC=0.7699 acc=0.5710
[ep 074] val_sel AUC=0.7700 acc=0.5666
[ep 075] val_sel AUC=0.7656 acc=0.5562
[ep 076] val_sel AUC=0.7872 acc=0.6088
[ep 077] val_sel AUC=0.7946 acc=0.6285
[ep 078] val_sel AUC=0.7965 acc=0.6211
[ep 079] val_sel AUC=0.7949 acc=0.6189
[ep 080] val_sel AUC=0.7934 acc=0.6222
[ep 081] val_sel AUC=0.7953 acc=0.6168
[ep 082] val_sel AUC=0.8028 acc=0.6402
[ep 083] val_sel AUC=0.8014 acc=0.6413
[ep 084] val_sel AUC=0.8010 acc=0.6370
[ep 085] val_sel AUC=0.8076 acc=0.6516
[ep 086] val_sel AUC=0.8098 acc=0.6510
[ep 087] val_sel AUC=0.8092 acc=0.6519
[ep 088] val_sel AUC=0.8117 acc=0.6545
[ep 089] val_sel AUC=0.8090 acc=0.6534
[ep 090] val_sel AUC=0.8113 acc=0.6568
[ep 091] val_sel AUC=0.8111 acc=0.6586
[ep 092] val_sel AUC=0.8114 acc=0.6543
[ep 093] val_sel AUC=0.8111 acc=0.6561
[ep 094] val_sel AUC=0.8112 acc=0.6563
[ep 095] val_sel AUC=0.8112 acc=0.6563
[ep 096] val_sel AUC=0.8112 acc=0.6568
============================================================
TEST (best val_sel epoch, held-out, evaluated once)
============================================================
[DONE-QPE2] embed=cayley model_II N=100 seed=55 test_AUC=0.8151 val_sel_AUC=0.8117 per_class=(axion=0.8591 cdm=0.6725 no_sub=0.9136) params=205476 embed_params=2017 R_frob_drift=3.0995407104492188
