[INFO] QPE2 D=64 P=8 depth=4 | embed=cayley | data=model_III N/class=100 seed=50 split_seed=0 | params=205476 embed_params=2017 lr=0.001 epochs=96 bs=32 | train(300, 64, 64) val_sel(4469, 64, 64) test(4470, 64, 64) device=cuda
[ep 001] val_sel AUC=0.5327 acc=0.3283
[ep 002] val_sel AUC=0.5315 acc=0.3433
[ep 003] val_sel AUC=0.5402 acc=0.3283
[ep 004] val_sel AUC=0.5389 acc=0.3433
[ep 005] val_sel AUC=0.5451 acc=0.3426
[ep 006] val_sel AUC=0.5444 acc=0.3433
[ep 007] val_sel AUC=0.5434 acc=0.3433
[ep 008] val_sel AUC=0.5449 acc=0.3285
[ep 009] val_sel AUC=0.5438 acc=0.3444
[ep 010] val_sel AUC=0.5437 acc=0.3426
[ep 011] val_sel AUC=0.5383 acc=0.3285
[ep 012] val_sel AUC=0.5329 acc=0.3386
[ep 013] val_sel AUC=0.5305 acc=0.3491
[ep 014] val_sel AUC=0.5271 acc=0.3562
[ep 015] val_sel AUC=0.5239 acc=0.3455
[ep 016] val_sel AUC=0.5215 acc=0.3450
[ep 017] val_sel AUC=0.5196 acc=0.3419
[ep 018] val_sel AUC=0.5214 acc=0.3455
[ep 019] val_sel AUC=0.5236 acc=0.3600
[ep 020] val_sel AUC=0.5381 acc=0.3670
[ep 021] val_sel AUC=0.5671 acc=0.3598
[ep 022] val_sel AUC=0.5590 acc=0.3462
[ep 023] val_sel AUC=0.5743 acc=0.3500
[ep 024] val_sel AUC=0.5827 acc=0.3893
[ep 025] val_sel AUC=0.5901 acc=0.3730
[ep 026] val_sel AUC=0.5995 acc=0.4171
[ep 027] val_sel AUC=0.6139 acc=0.4384
[ep 028] val_sel AUC=0.6241 acc=0.4464
[ep 029] val_sel AUC=0.6332 acc=0.4565
[ep 030] val_sel AUC=0.6380 acc=0.4639
[ep 031] val_sel AUC=0.6401 acc=0.4634
[ep 032] val_sel AUC=0.6409 acc=0.4618
[ep 033] val_sel AUC=0.6227 acc=0.4229
[ep 034] val_sel AUC=0.6353 acc=0.3797
[ep 035] val_sel AUC=0.6457 acc=0.4090
[ep 036] val_sel AUC=0.6942 acc=0.5053
[ep 037] val_sel AUC=0.6837 acc=0.4612
[ep 038] val_sel AUC=0.7043 acc=0.4820
[ep 039] val_sel AUC=0.6520 acc=0.4444
[ep 040] val_sel AUC=0.6984 acc=0.5267
[ep 041] val_sel AUC=0.7304 acc=0.5285
[ep 042] val_sel AUC=0.7067 acc=0.5113
[ep 043] val_sel AUC=0.7651 acc=0.5966
[ep 044] val_sel AUC=0.7952 acc=0.6294
[ep 045] val_sel AUC=0.7495 acc=0.5561
[ep 046] val_sel AUC=0.8028 acc=0.6160
[ep 047] val_sel AUC=0.8166 acc=0.6444
[ep 048] val_sel AUC=0.7955 acc=0.6198
[ep 049] val_sel AUC=0.8159 acc=0.6646
[ep 050] val_sel AUC=0.8097 acc=0.6362
[ep 051] val_sel AUC=0.7982 acc=0.6082
[ep 052] val_sel AUC=0.7837 acc=0.5068
[ep 053] val_sel AUC=0.8190 acc=0.6617
[ep 054] val_sel AUC=0.8111 acc=0.6109
[ep 055] val_sel AUC=0.7988 acc=0.6104
[ep 056] val_sel AUC=0.8273 acc=0.6617
[ep 057] val_sel AUC=0.8442 acc=0.6917
[ep 058] val_sel AUC=0.8237 acc=0.6444
[ep 059] val_sel AUC=0.8413 acc=0.7022
[ep 060] val_sel AUC=0.8377 acc=0.6738
[ep 061] val_sel AUC=0.8186 acc=0.6518
[ep 062] val_sel AUC=0.8496 acc=0.7017
[ep 063] val_sel AUC=0.8504 acc=0.7120
[ep 064] val_sel AUC=0.8535 acc=0.7071
[ep 065] val_sel AUC=0.8461 acc=0.7026
[ep 066] val_sel AUC=0.8588 acc=0.7143
[ep 067] val_sel AUC=0.8625 acc=0.7380
[ep 068] val_sel AUC=0.8492 acc=0.7019
[ep 069] val_sel AUC=0.8670 acc=0.7288
[ep 070] val_sel AUC=0.8530 acc=0.7181
[ep 071] val_sel AUC=0.8560 acc=0.7064
[ep 072] val_sel AUC=0.8664 acc=0.7230
[ep 073] val_sel AUC=0.8645 acc=0.7416
[ep 074] val_sel AUC=0.8636 acc=0.7091
[ep 075] val_sel AUC=0.8611 acc=0.7288
[ep 076] val_sel AUC=0.8575 acc=0.7275
[ep 077] val_sel AUC=0.8656 acc=0.7313
[ep 078] val_sel AUC=0.8671 acc=0.7290
[ep 079] val_sel AUC=0.8611 acc=0.7223
[ep 080] val_sel AUC=0.8663 acc=0.7259
[ep 081] val_sel AUC=0.8664 acc=0.7333
[ep 082] val_sel AUC=0.8640 acc=0.7301
[ep 083] val_sel AUC=0.8645 acc=0.7301
[ep 084] val_sel AUC=0.8636 acc=0.7254
[ep 085] val_sel AUC=0.8652 acc=0.7328
[ep 086] val_sel AUC=0.8628 acc=0.7319
[ep 087] val_sel AUC=0.8635 acc=0.7322
[ep 088] val_sel AUC=0.8635 acc=0.7326
[ep 089] val_sel AUC=0.8618 acc=0.7279
[ep 090] val_sel AUC=0.8611 acc=0.7270
[ep 091] val_sel AUC=0.8623 acc=0.7301
[ep 092] val_sel AUC=0.8610 acc=0.7268
[ep 093] val_sel AUC=0.8606 acc=0.7263
[ep 094] val_sel AUC=0.8607 acc=0.7263
[ep 095] val_sel AUC=0.8606 acc=0.7263
[ep 096] val_sel AUC=0.8607 acc=0.7266
============================================================
TEST (best val_sel epoch, held-out, evaluated once)
============================================================
[DONE-QPE2] embed=cayley model_III N=100 seed=50 test_AUC=0.8698 val_sel_AUC=0.8671 per_class=(axion=0.9203 cdm=0.7579 no_sub=0.9311) params=205476 embed_params=2017 R_frob_drift=3.3283140659332275
