[INFO] QPE2 D=64 P=8 depth=4 | embed=cayley | data=model_III N/class=250 seed=55 split_seed=0 | params=205476 embed_params=2017 lr=0.001 epochs=96 bs=32 | train(750, 64, 64) val_sel(4469, 64, 64) test(4470, 64, 64) device=cuda
[ep 001] val_sel AUC=0.4957 acc=0.3285
[ep 002] val_sel AUC=0.5169 acc=0.3433
[ep 003] val_sel AUC=0.5490 acc=0.3283
[ep 004] val_sel AUC=0.5701 acc=0.3283
[ep 005] val_sel AUC=0.5716 acc=0.3433
[ep 006] val_sel AUC=0.5790 acc=0.3285
[ep 007] val_sel AUC=0.5824 acc=0.3285
[ep 008] val_sel AUC=0.5793 acc=0.3283
[ep 009] val_sel AUC=0.5748 acc=0.3612
[ep 010] val_sel AUC=0.5728 acc=0.3433
[ep 011] val_sel AUC=0.5739 acc=0.3433
[ep 012] val_sel AUC=0.5603 acc=0.3283
[ep 013] val_sel AUC=0.5634 acc=0.3433
[ep 014] val_sel AUC=0.5409 acc=0.3283
[ep 015] val_sel AUC=0.5406 acc=0.3283
[ep 016] val_sel AUC=0.5286 acc=0.3412
[ep 017] val_sel AUC=0.5301 acc=0.3377
[ep 018] val_sel AUC=0.5408 acc=0.3551
[ep 019] val_sel AUC=0.5414 acc=0.3591
[ep 020] val_sel AUC=0.5895 acc=0.3889
[ep 021] val_sel AUC=0.6276 acc=0.3987
[ep 022] val_sel AUC=0.6487 acc=0.3627
[ep 023] val_sel AUC=0.6909 acc=0.4726
[ep 024] val_sel AUC=0.7364 acc=0.5511
[ep 025] val_sel AUC=0.7653 acc=0.5903
[ep 026] val_sel AUC=0.7560 acc=0.5661
[ep 027] val_sel AUC=0.8198 acc=0.6337
[ep 028] val_sel AUC=0.8306 acc=0.6371
[ep 029] val_sel AUC=0.8451 acc=0.6686
[ep 030] val_sel AUC=0.8506 acc=0.6771
[ep 031] val_sel AUC=0.8536 acc=0.6807
[ep 032] val_sel AUC=0.8541 acc=0.6827
[ep 033] val_sel AUC=0.7721 acc=0.6008
[ep 034] val_sel AUC=0.8364 acc=0.6292
[ep 035] val_sel AUC=0.8264 acc=0.6458
[ep 036] val_sel AUC=0.7952 acc=0.6037
[ep 037] val_sel AUC=0.7974 acc=0.6122
[ep 038] val_sel AUC=0.7720 acc=0.5885
[ep 039] val_sel AUC=0.7951 acc=0.5608
[ep 040] val_sel AUC=0.8401 acc=0.6628
[ep 041] val_sel AUC=0.8295 acc=0.6169
[ep 042] val_sel AUC=0.8424 acc=0.6845
[ep 043] val_sel AUC=0.8592 acc=0.6930
[ep 044] val_sel AUC=0.8636 acc=0.6418
[ep 045] val_sel AUC=0.8716 acc=0.6852
[ep 046] val_sel AUC=0.8776 acc=0.7266
[ep 047] val_sel AUC=0.8568 acc=0.6512
[ep 048] val_sel AUC=0.8973 acc=0.7628
[ep 049] val_sel AUC=0.8800 acc=0.6988
[ep 050] val_sel AUC=0.8858 acc=0.7454
[ep 051] val_sel AUC=0.9020 acc=0.7684
[ep 052] val_sel AUC=0.9025 acc=0.7612
[ep 053] val_sel AUC=0.8637 acc=0.7212
[ep 054] val_sel AUC=0.8705 acc=0.7163
[ep 055] val_sel AUC=0.8967 acc=0.7621
[ep 056] val_sel AUC=0.9114 acc=0.7680
[ep 057] val_sel AUC=0.9058 acc=0.7650
[ep 058] val_sel AUC=0.9088 acc=0.7756
[ep 059] val_sel AUC=0.9229 acc=0.8002
[ep 060] val_sel AUC=0.9127 acc=0.7744
[ep 061] val_sel AUC=0.9158 acc=0.7731
[ep 062] val_sel AUC=0.9242 acc=0.8029
[ep 063] val_sel AUC=0.8994 acc=0.7485
[ep 064] val_sel AUC=0.9152 acc=0.7765
[ep 065] val_sel AUC=0.9248 acc=0.8015
[ep 066] val_sel AUC=0.9302 acc=0.8259
[ep 067] val_sel AUC=0.9041 acc=0.7666
[ep 068] val_sel AUC=0.9111 acc=0.7921
[ep 069] val_sel AUC=0.9302 acc=0.7993
[ep 070] val_sel AUC=0.9270 acc=0.8123
[ep 071] val_sel AUC=0.9318 acc=0.8228
[ep 072] val_sel AUC=0.9283 acc=0.8118
[ep 073] val_sel AUC=0.9287 acc=0.8147
[ep 074] val_sel AUC=0.9131 acc=0.7523
[ep 075] val_sel AUC=0.9191 acc=0.7507
[ep 076] val_sel AUC=0.9249 acc=0.8100
[ep 077] val_sel AUC=0.9309 acc=0.8257
[ep 078] val_sel AUC=0.9336 acc=0.8167
[ep 079] val_sel AUC=0.9300 acc=0.8185
[ep 080] val_sel AUC=0.9301 acc=0.8149
[ep 081] val_sel AUC=0.9343 acc=0.8331
[ep 082] val_sel AUC=0.9341 acc=0.8299
[ep 083] val_sel AUC=0.9352 acc=0.8331
[ep 084] val_sel AUC=0.9358 acc=0.8360
[ep 085] val_sel AUC=0.9370 acc=0.8393
[ep 086] val_sel AUC=0.9357 acc=0.8360
[ep 087] val_sel AUC=0.9352 acc=0.8331
[ep 088] val_sel AUC=0.9341 acc=0.8317
[ep 089] val_sel AUC=0.9352 acc=0.8407
[ep 090] val_sel AUC=0.9352 acc=0.8371
[ep 091] val_sel AUC=0.9352 acc=0.8364
[ep 092] val_sel AUC=0.9344 acc=0.8380
[ep 093] val_sel AUC=0.9346 acc=0.8384
[ep 094] val_sel AUC=0.9345 acc=0.8387
[ep 095] val_sel AUC=0.9345 acc=0.8384
[ep 096] val_sel AUC=0.9346 acc=0.8393
============================================================
TEST (best val_sel epoch, held-out, evaluated once)
============================================================
[DONE-QPE2] embed=cayley model_III N=250 seed=55 test_AUC=0.9335 val_sel_AUC=0.9370 per_class=(axion=0.9499 cdm=0.8755 no_sub=0.9752) params=205476 embed_params=2017 R_frob_drift=4.012402057647705
