[INFO] QPE2 D=64 P=8 depth=4 | embed=cayley | data=model_III N/class=100 seed=61 split_seed=0 | params=205476 embed_params=2017 lr=0.001 epochs=96 bs=32 | train(300, 64, 64) val_sel(4469, 64, 64) test(4470, 64, 64) device=cuda
[ep 001] val_sel AUC=0.4874 acc=0.3285
[ep 002] val_sel AUC=0.5122 acc=0.3283
[ep 003] val_sel AUC=0.5243 acc=0.3285
[ep 004] val_sel AUC=0.5238 acc=0.3433
[ep 005] val_sel AUC=0.5181 acc=0.3370
[ep 006] val_sel AUC=0.5145 acc=0.3433
[ep 007] val_sel AUC=0.5095 acc=0.3283
[ep 008] val_sel AUC=0.5039 acc=0.3433
[ep 009] val_sel AUC=0.5049 acc=0.3316
[ep 010] val_sel AUC=0.5056 acc=0.3287
[ep 011] val_sel AUC=0.5075 acc=0.3412
[ep 012] val_sel AUC=0.5128 acc=0.3307
[ep 013] val_sel AUC=0.5192 acc=0.3374
[ep 014] val_sel AUC=0.5186 acc=0.3280
[ep 015] val_sel AUC=0.5224 acc=0.3348
[ep 016] val_sel AUC=0.5285 acc=0.3352
[ep 017] val_sel AUC=0.5273 acc=0.3327
[ep 018] val_sel AUC=0.5354 acc=0.3509
[ep 019] val_sel AUC=0.5512 acc=0.3417
[ep 020] val_sel AUC=0.5781 acc=0.3822
[ep 021] val_sel AUC=0.5913 acc=0.3773
[ep 022] val_sel AUC=0.6598 acc=0.4330
[ep 023] val_sel AUC=0.6972 acc=0.4985
[ep 024] val_sel AUC=0.7273 acc=0.5576
[ep 025] val_sel AUC=0.7346 acc=0.4999
[ep 026] val_sel AUC=0.7852 acc=0.6279
[ep 027] val_sel AUC=0.7519 acc=0.5578
[ep 028] val_sel AUC=0.7901 acc=0.6176
[ep 029] val_sel AUC=0.7821 acc=0.6091
[ep 030] val_sel AUC=0.7993 acc=0.6310
[ep 031] val_sel AUC=0.8002 acc=0.6312
[ep 032] val_sel AUC=0.7995 acc=0.6308
[ep 033] val_sel AUC=0.6644 acc=0.4625
[ep 034] val_sel AUC=0.6494 acc=0.4422
[ep 035] val_sel AUC=0.6746 acc=0.3965
[ep 036] val_sel AUC=0.7287 acc=0.4912
[ep 037] val_sel AUC=0.7498 acc=0.4596
[ep 038] val_sel AUC=0.7787 acc=0.5339
[ep 039] val_sel AUC=0.7573 acc=0.5726
[ep 040] val_sel AUC=0.7723 acc=0.5724
[ep 041] val_sel AUC=0.7915 acc=0.6042
[ep 042] val_sel AUC=0.7711 acc=0.5207
[ep 043] val_sel AUC=0.7911 acc=0.6133
[ep 044] val_sel AUC=0.7986 acc=0.5449
[ep 045] val_sel AUC=0.8067 acc=0.5961
[ep 046] val_sel AUC=0.8414 acc=0.6856
[ep 047] val_sel AUC=0.8153 acc=0.6451
[ep 048] val_sel AUC=0.8545 acc=0.6872
[ep 049] val_sel AUC=0.8603 acc=0.7033
[ep 050] val_sel AUC=0.8416 acc=0.6746
[ep 051] val_sel AUC=0.8538 acc=0.7031
[ep 052] val_sel AUC=0.8256 acc=0.6017
[ep 053] val_sel AUC=0.8397 acc=0.6612
[ep 054] val_sel AUC=0.8713 acc=0.7093
[ep 055] val_sel AUC=0.8494 acc=0.6995
[ep 056] val_sel AUC=0.8607 acc=0.6809
[ep 057] val_sel AUC=0.8674 acc=0.7017
[ep 058] val_sel AUC=0.8657 acc=0.6950
[ep 059] val_sel AUC=0.8661 acc=0.7004
[ep 060] val_sel AUC=0.8607 acc=0.6928
[ep 061] val_sel AUC=0.8761 acc=0.7205
[ep 062] val_sel AUC=0.8423 acc=0.6845
[ep 063] val_sel AUC=0.8600 acc=0.6912
[ep 064] val_sel AUC=0.8540 acc=0.7046
[ep 065] val_sel AUC=0.8794 acc=0.7319
[ep 066] val_sel AUC=0.8718 acc=0.7140
[ep 067] val_sel AUC=0.8723 acc=0.7328
[ep 068] val_sel AUC=0.8867 acc=0.7478
[ep 069] val_sel AUC=0.8797 acc=0.7326
[ep 070] val_sel AUC=0.8747 acc=0.7337
[ep 071] val_sel AUC=0.8807 acc=0.7407
[ep 072] val_sel AUC=0.8731 acc=0.7192
[ep 073] val_sel AUC=0.8632 acc=0.6827
[ep 074] val_sel AUC=0.8879 acc=0.7586
[ep 075] val_sel AUC=0.8853 acc=0.7501
[ep 076] val_sel AUC=0.8792 acc=0.7407
[ep 077] val_sel AUC=0.8808 acc=0.7514
[ep 078] val_sel AUC=0.8865 acc=0.7454
[ep 079] val_sel AUC=0.8982 acc=0.7695
[ep 080] val_sel AUC=0.8819 acc=0.7257
[ep 081] val_sel AUC=0.8891 acc=0.7512
[ep 082] val_sel AUC=0.8921 acc=0.7644
[ep 083] val_sel AUC=0.8909 acc=0.7624
[ep 084] val_sel AUC=0.8846 acc=0.7532
[ep 085] val_sel AUC=0.8854 acc=0.7592
[ep 086] val_sel AUC=0.8849 acc=0.7592
[ep 087] val_sel AUC=0.8841 acc=0.7579
[ep 088] val_sel AUC=0.8850 acc=0.7603
[ep 089] val_sel AUC=0.8852 acc=0.7612
[ep 090] val_sel AUC=0.8836 acc=0.7590
[ep 091] val_sel AUC=0.8826 acc=0.7583
[ep 092] val_sel AUC=0.8830 acc=0.7592
[ep 093] val_sel AUC=0.8823 acc=0.7574
[ep 094] val_sel AUC=0.8826 acc=0.7579
[ep 095] val_sel AUC=0.8827 acc=0.7588
[ep 096] val_sel AUC=0.8827 acc=0.7588
============================================================
TEST (best val_sel epoch, held-out, evaluated once)
============================================================
[DONE-QPE2] embed=cayley model_III N=100 seed=61 test_AUC=0.8978 val_sel_AUC=0.8982 per_class=(axion=0.9269 cdm=0.8142 no_sub=0.9522) params=205476 embed_params=2017 R_frob_drift=2.924975633621216
