[INFO] QPE2 D=64 P=8 depth=4 | embed=cayley | data=model_II N/class=250 seed=51 split_seed=0 | params=205476 embed_params=2017 lr=0.001 epochs=96 bs=32 | train(750, 64, 64) val_sel(4455, 64, 64) test(4455, 64, 64) device=cuda
[ep 001] val_sel AUC=0.5158 acc=0.3473
[ep 002] val_sel AUC=0.5344 acc=0.3237
[ep 003] val_sel AUC=0.5393 acc=0.3473
[ep 004] val_sel AUC=0.5451 acc=0.3473
[ep 005] val_sel AUC=0.5500 acc=0.3473
[ep 006] val_sel AUC=0.5517 acc=0.3473
[ep 007] val_sel AUC=0.5509 acc=0.3473
[ep 008] val_sel AUC=0.5527 acc=0.3237
[ep 009] val_sel AUC=0.5500 acc=0.3455
[ep 010] val_sel AUC=0.5443 acc=0.3291
[ep 011] val_sel AUC=0.5396 acc=0.3618
[ep 012] val_sel AUC=0.5294 acc=0.3291
[ep 013] val_sel AUC=0.5317 acc=0.3354
[ep 014] val_sel AUC=0.5301 acc=0.3291
[ep 015] val_sel AUC=0.5271 acc=0.3508
[ep 016] val_sel AUC=0.5258 acc=0.3524
[ep 017] val_sel AUC=0.5256 acc=0.3403
[ep 018] val_sel AUC=0.5250 acc=0.3331
[ep 019] val_sel AUC=0.5277 acc=0.3596
[ep 020] val_sel AUC=0.5359 acc=0.3556
[ep 021] val_sel AUC=0.5499 acc=0.3560
[ep 022] val_sel AUC=0.5522 acc=0.3657
[ep 023] val_sel AUC=0.5737 acc=0.3547
[ep 024] val_sel AUC=0.5917 acc=0.3912
[ep 025] val_sel AUC=0.6058 acc=0.4056
[ep 026] val_sel AUC=0.6113 acc=0.3865
[ep 027] val_sel AUC=0.6289 acc=0.4218
[ep 028] val_sel AUC=0.6396 acc=0.4559
[ep 029] val_sel AUC=0.6449 acc=0.4418
[ep 030] val_sel AUC=0.6520 acc=0.4655
[ep 031] val_sel AUC=0.6527 acc=0.4680
[ep 032] val_sel AUC=0.6535 acc=0.4669
[ep 033] val_sel AUC=0.5694 acc=0.3421
[ep 034] val_sel AUC=0.5867 acc=0.3493
[ep 035] val_sel AUC=0.6518 acc=0.4642
[ep 036] val_sel AUC=0.6362 acc=0.4184
[ep 037] val_sel AUC=0.7383 acc=0.5288
[ep 038] val_sel AUC=0.6882 acc=0.4629
[ep 039] val_sel AUC=0.7915 acc=0.6027
[ep 040] val_sel AUC=0.7713 acc=0.5726
[ep 041] val_sel AUC=0.7922 acc=0.5861
[ep 042] val_sel AUC=0.8300 acc=0.6575
[ep 043] val_sel AUC=0.8536 acc=0.7033
[ep 044] val_sel AUC=0.8124 acc=0.5984
[ep 045] val_sel AUC=0.8415 acc=0.6696
[ep 046] val_sel AUC=0.8487 acc=0.6806
[ep 047] val_sel AUC=0.8831 acc=0.7556
[ep 048] val_sel AUC=0.8578 acc=0.7001
[ep 049] val_sel AUC=0.8552 acc=0.6941
[ep 050] val_sel AUC=0.8388 acc=0.6655
[ep 051] val_sel AUC=0.8905 acc=0.7612
[ep 052] val_sel AUC=0.8638 acc=0.7017
[ep 053] val_sel AUC=0.8813 acc=0.7403
[ep 054] val_sel AUC=0.8954 acc=0.7497
[ep 055] val_sel AUC=0.8731 acc=0.7293
[ep 056] val_sel AUC=0.8852 acc=0.7403
[ep 057] val_sel AUC=0.8987 acc=0.7805
[ep 058] val_sel AUC=0.8969 acc=0.7574
[ep 059] val_sel AUC=0.8949 acc=0.7499
[ep 060] val_sel AUC=0.9093 acc=0.7948
[ep 061] val_sel AUC=0.8765 acc=0.7071
[ep 062] val_sel AUC=0.9035 acc=0.7614
[ep 063] val_sel AUC=0.9071 acc=0.7675
[ep 064] val_sel AUC=0.9135 acc=0.8063
[ep 065] val_sel AUC=0.8970 acc=0.7502
[ep 066] val_sel AUC=0.9021 acc=0.7562
[ep 067] val_sel AUC=0.8990 acc=0.7549
[ep 068] val_sel AUC=0.9109 acc=0.7919
[ep 069] val_sel AUC=0.9088 acc=0.7791
[ep 070] val_sel AUC=0.9023 acc=0.7883
[ep 071] val_sel AUC=0.8939 acc=0.7470
[ep 072] val_sel AUC=0.9078 acc=0.7917
[ep 073] val_sel AUC=0.9098 acc=0.7834
[ep 074] val_sel AUC=0.9118 acc=0.7901
[ep 075] val_sel AUC=0.9163 acc=0.8036
[ep 076] val_sel AUC=0.9128 acc=0.8007
[ep 077] val_sel AUC=0.9174 acc=0.8011
[ep 078] val_sel AUC=0.9195 acc=0.8195
[ep 079] val_sel AUC=0.9114 acc=0.8007
[ep 080] val_sel AUC=0.9168 acc=0.8137
[ep 081] val_sel AUC=0.9077 acc=0.7818
[ep 082] val_sel AUC=0.9180 acc=0.8072
[ep 083] val_sel AUC=0.9138 acc=0.8043
[ep 084] val_sel AUC=0.9174 acc=0.8049
[ep 085] val_sel AUC=0.9160 acc=0.8025
[ep 086] val_sel AUC=0.9192 acc=0.8108
[ep 087] val_sel AUC=0.9135 acc=0.8016
[ep 088] val_sel AUC=0.9181 acc=0.8144
[ep 089] val_sel AUC=0.9178 acc=0.8119
[ep 090] val_sel AUC=0.9171 acc=0.8126
[ep 091] val_sel AUC=0.9171 acc=0.8117
[ep 092] val_sel AUC=0.9169 acc=0.8112
[ep 093] val_sel AUC=0.9166 acc=0.8119
[ep 094] val_sel AUC=0.9165 acc=0.8110
[ep 095] val_sel AUC=0.9165 acc=0.8105
[ep 096] val_sel AUC=0.9164 acc=0.8103
============================================================
TEST (best val_sel epoch, held-out, evaluated once)
============================================================
[DONE-QPE2] embed=cayley model_II N=250 seed=51 test_AUC=0.9259 val_sel_AUC=0.9195 per_class=(axion=0.9386 cdm=0.8622 no_sub=0.9768) params=205476 embed_params=2017 R_frob_drift=4.139104843139648
