[INFO] QPE2 D=64 P=8 depth=4 | embed=cayley | data=model_III N/class=100 seed=51 split_seed=0 | params=205476 embed_params=2017 lr=0.001 epochs=96 bs=32 | train(300, 64, 64) val_sel(4469, 64, 64) test(4470, 64, 64) device=cuda
[ep 001] val_sel AUC=0.4900 acc=0.3433
[ep 002] val_sel AUC=0.5406 acc=0.3283
[ep 003] val_sel AUC=0.5396 acc=0.3433
[ep 004] val_sel AUC=0.5482 acc=0.3285
[ep 005] val_sel AUC=0.5470 acc=0.3433
[ep 006] val_sel AUC=0.5580 acc=0.3283
[ep 007] val_sel AUC=0.5526 acc=0.3285
[ep 008] val_sel AUC=0.5542 acc=0.3289
[ep 009] val_sel AUC=0.5571 acc=0.3710
[ep 010] val_sel AUC=0.5590 acc=0.3433
[ep 011] val_sel AUC=0.5549 acc=0.3488
[ep 012] val_sel AUC=0.5566 acc=0.3283
[ep 013] val_sel AUC=0.5516 acc=0.3417
[ep 014] val_sel AUC=0.5487 acc=0.3285
[ep 015] val_sel AUC=0.5354 acc=0.3464
[ep 016] val_sel AUC=0.5275 acc=0.3392
[ep 017] val_sel AUC=0.5266 acc=0.3488
[ep 018] val_sel AUC=0.5276 acc=0.3397
[ep 019] val_sel AUC=0.5257 acc=0.3495
[ep 020] val_sel AUC=0.5262 acc=0.3473
[ep 021] val_sel AUC=0.5290 acc=0.3538
[ep 022] val_sel AUC=0.5331 acc=0.3582
[ep 023] val_sel AUC=0.5385 acc=0.3540
[ep 024] val_sel AUC=0.5391 acc=0.3679
[ep 025] val_sel AUC=0.5446 acc=0.3618
[ep 026] val_sel AUC=0.5478 acc=0.3674
[ep 027] val_sel AUC=0.5495 acc=0.3699
[ep 028] val_sel AUC=0.5506 acc=0.3741
[ep 029] val_sel AUC=0.5518 acc=0.3739
[ep 030] val_sel AUC=0.5523 acc=0.3735
[ep 031] val_sel AUC=0.5529 acc=0.3748
[ep 032] val_sel AUC=0.5531 acc=0.3750
[ep 033] val_sel AUC=0.5619 acc=0.3804
[ep 034] val_sel AUC=0.5773 acc=0.3755
[ep 035] val_sel AUC=0.5664 acc=0.3773
[ep 036] val_sel AUC=0.5902 acc=0.4088
[ep 037] val_sel AUC=0.6030 acc=0.4222
[ep 038] val_sel AUC=0.6040 acc=0.4140
[ep 039] val_sel AUC=0.6659 acc=0.4780
[ep 040] val_sel AUC=0.6759 acc=0.4728
[ep 041] val_sel AUC=0.6960 acc=0.5129
[ep 042] val_sel AUC=0.7266 acc=0.4883
[ep 043] val_sel AUC=0.7122 acc=0.4482
[ep 044] val_sel AUC=0.7277 acc=0.5227
[ep 045] val_sel AUC=0.7366 acc=0.5509
[ep 046] val_sel AUC=0.6779 acc=0.4728
[ep 047] val_sel AUC=0.7241 acc=0.5106
[ep 048] val_sel AUC=0.7291 acc=0.5247
[ep 049] val_sel AUC=0.7722 acc=0.5842
[ep 050] val_sel AUC=0.7606 acc=0.5728
[ep 051] val_sel AUC=0.7804 acc=0.5910
[ep 052] val_sel AUC=0.7910 acc=0.6147
[ep 053] val_sel AUC=0.8296 acc=0.6608
[ep 054] val_sel AUC=0.8133 acc=0.5901
[ep 055] val_sel AUC=0.8040 acc=0.5753
[ep 056] val_sel AUC=0.8307 acc=0.6512
[ep 057] val_sel AUC=0.8405 acc=0.6769
[ep 058] val_sel AUC=0.8493 acc=0.6751
[ep 059] val_sel AUC=0.8090 acc=0.6424
[ep 060] val_sel AUC=0.8269 acc=0.6395
[ep 061] val_sel AUC=0.8359 acc=0.6764
[ep 062] val_sel AUC=0.8269 acc=0.6494
[ep 063] val_sel AUC=0.8440 acc=0.6673
[ep 064] val_sel AUC=0.8582 acc=0.7042
[ep 065] val_sel AUC=0.8678 acc=0.7131
[ep 066] val_sel AUC=0.8652 acc=0.7062
[ep 067] val_sel AUC=0.8717 acc=0.7275
[ep 068] val_sel AUC=0.8485 acc=0.6854
[ep 069] val_sel AUC=0.8563 acc=0.6964
[ep 070] val_sel AUC=0.8661 acc=0.7198
[ep 071] val_sel AUC=0.8647 acc=0.7098
[ep 072] val_sel AUC=0.8621 acc=0.7111
[ep 073] val_sel AUC=0.8693 acc=0.7100
[ep 074] val_sel AUC=0.8777 acc=0.7324
[ep 075] val_sel AUC=0.8666 acc=0.7254
[ep 076] val_sel AUC=0.8693 acc=0.7219
[ep 077] val_sel AUC=0.8682 acc=0.7380
[ep 078] val_sel AUC=0.8657 acc=0.7205
[ep 079] val_sel AUC=0.8669 acc=0.7167
[ep 080] val_sel AUC=0.8561 acc=0.7107
[ep 081] val_sel AUC=0.8686 acc=0.7116
[ep 082] val_sel AUC=0.8711 acc=0.7342
[ep 083] val_sel AUC=0.8710 acc=0.7277
[ep 084] val_sel AUC=0.8719 acc=0.7319
[ep 085] val_sel AUC=0.8700 acc=0.7418
[ep 086] val_sel AUC=0.8710 acc=0.7330
[ep 087] val_sel AUC=0.8702 acc=0.7297
[ep 088] val_sel AUC=0.8703 acc=0.7313
[ep 089] val_sel AUC=0.8695 acc=0.7290
[ep 090] val_sel AUC=0.8692 acc=0.7288
[ep 091] val_sel AUC=0.8692 acc=0.7292
[ep 092] val_sel AUC=0.8689 acc=0.7310
[ep 093] val_sel AUC=0.8688 acc=0.7297
[ep 094] val_sel AUC=0.8688 acc=0.7295
[ep 095] val_sel AUC=0.8689 acc=0.7297
[ep 096] val_sel AUC=0.8689 acc=0.7297
============================================================
TEST (best val_sel epoch, held-out, evaluated once)
============================================================
[DONE-QPE2] embed=cayley model_III N=100 seed=51 test_AUC=0.8766 val_sel_AUC=0.8777 per_class=(axion=0.9226 cdm=0.7761 no_sub=0.9309) params=205476 embed_params=2017 R_frob_drift=3.726012945175171
