[INFO] QPE2 D=64 P=8 depth=4 | embed=cayley | data=model_III N/class=100 seed=56 split_seed=0 | params=205476 embed_params=2017 lr=0.001 epochs=96 bs=32 | train(300, 64, 64) val_sel(4469, 64, 64) test(4470, 64, 64) device=cuda
[ep 001] val_sel AUC=0.5764 acc=0.3283
[ep 002] val_sel AUC=0.5665 acc=0.3433
[ep 003] val_sel AUC=0.5590 acc=0.3377
[ep 004] val_sel AUC=0.5555 acc=0.3283
[ep 005] val_sel AUC=0.5543 acc=0.3283
[ep 006] val_sel AUC=0.5491 acc=0.3433
[ep 007] val_sel AUC=0.5505 acc=0.3283
[ep 008] val_sel AUC=0.5440 acc=0.3285
[ep 009] val_sel AUC=0.5455 acc=0.3283
[ep 010] val_sel AUC=0.5407 acc=0.3433
[ep 011] val_sel AUC=0.5353 acc=0.3285
[ep 012] val_sel AUC=0.5294 acc=0.3368
[ep 013] val_sel AUC=0.5220 acc=0.3399
[ep 014] val_sel AUC=0.5235 acc=0.3486
[ep 015] val_sel AUC=0.5216 acc=0.3363
[ep 016] val_sel AUC=0.5305 acc=0.3535
[ep 017] val_sel AUC=0.5412 acc=0.3703
[ep 018] val_sel AUC=0.5484 acc=0.3708
[ep 019] val_sel AUC=0.5502 acc=0.3761
[ep 020] val_sel AUC=0.5568 acc=0.3735
[ep 021] val_sel AUC=0.5586 acc=0.3833
[ep 022] val_sel AUC=0.5594 acc=0.3835
[ep 023] val_sel AUC=0.5625 acc=0.3802
[ep 024] val_sel AUC=0.5638 acc=0.3802
[ep 025] val_sel AUC=0.5657 acc=0.3871
[ep 026] val_sel AUC=0.5678 acc=0.3898
[ep 027] val_sel AUC=0.5691 acc=0.3896
[ep 028] val_sel AUC=0.5704 acc=0.3878
[ep 029] val_sel AUC=0.5713 acc=0.3880
[ep 030] val_sel AUC=0.5716 acc=0.3876
[ep 031] val_sel AUC=0.5719 acc=0.3882
[ep 032] val_sel AUC=0.5719 acc=0.3880
[ep 033] val_sel AUC=0.5825 acc=0.3943
[ep 034] val_sel AUC=0.5870 acc=0.3822
[ep 035] val_sel AUC=0.5856 acc=0.4090
[ep 036] val_sel AUC=0.5815 acc=0.3954
[ep 037] val_sel AUC=0.6082 acc=0.4068
[ep 038] val_sel AUC=0.6466 acc=0.4513
[ep 039] val_sel AUC=0.6893 acc=0.5070
[ep 040] val_sel AUC=0.7307 acc=0.5283
[ep 041] val_sel AUC=0.6912 acc=0.5106
[ep 042] val_sel AUC=0.6757 acc=0.4513
[ep 043] val_sel AUC=0.7088 acc=0.4507
[ep 044] val_sel AUC=0.7526 acc=0.5596
[ep 045] val_sel AUC=0.7801 acc=0.6053
[ep 046] val_sel AUC=0.7894 acc=0.5522
[ep 047] val_sel AUC=0.8250 acc=0.6303
[ep 048] val_sel AUC=0.8120 acc=0.6241
[ep 049] val_sel AUC=0.7990 acc=0.6122
[ep 050] val_sel AUC=0.8099 acc=0.6234
[ep 051] val_sel AUC=0.8238 acc=0.6525
[ep 052] val_sel AUC=0.8506 acc=0.6854
[ep 053] val_sel AUC=0.8561 acc=0.7131
[ep 054] val_sel AUC=0.8614 acc=0.7207
[ep 055] val_sel AUC=0.8616 acc=0.6959
[ep 056] val_sel AUC=0.8686 acc=0.7127
[ep 057] val_sel AUC=0.8605 acc=0.7116
[ep 058] val_sel AUC=0.8684 acc=0.6923
[ep 059] val_sel AUC=0.8798 acc=0.7069
[ep 060] val_sel AUC=0.8636 acc=0.7174
[ep 061] val_sel AUC=0.8888 acc=0.7483
[ep 062] val_sel AUC=0.8804 acc=0.7429
[ep 063] val_sel AUC=0.8803 acc=0.7386
[ep 064] val_sel AUC=0.8709 acc=0.7192
[ep 065] val_sel AUC=0.8727 acc=0.7357
[ep 066] val_sel AUC=0.8857 acc=0.7588
[ep 067] val_sel AUC=0.8736 acc=0.6858
[ep 068] val_sel AUC=0.8815 acc=0.7467
[ep 069] val_sel AUC=0.8782 acc=0.7183
[ep 070] val_sel AUC=0.8808 acc=0.7539
[ep 071] val_sel AUC=0.8903 acc=0.7675
[ep 072] val_sel AUC=0.8779 acc=0.7136
[ep 073] val_sel AUC=0.8727 acc=0.7120
[ep 074] val_sel AUC=0.8618 acc=0.6686
[ep 075] val_sel AUC=0.8885 acc=0.7563
[ep 076] val_sel AUC=0.8899 acc=0.7541
[ep 077] val_sel AUC=0.8926 acc=0.7767
[ep 078] val_sel AUC=0.8909 acc=0.7774
[ep 079] val_sel AUC=0.8885 acc=0.7733
[ep 080] val_sel AUC=0.8842 acc=0.7639
[ep 081] val_sel AUC=0.8858 acc=0.7747
[ep 082] val_sel AUC=0.8885 acc=0.7791
[ep 083] val_sel AUC=0.8853 acc=0.7563
[ep 084] val_sel AUC=0.8898 acc=0.7818
[ep 085] val_sel AUC=0.8882 acc=0.7800
[ep 086] val_sel AUC=0.8872 acc=0.7829
[ep 087] val_sel AUC=0.8860 acc=0.7821
[ep 088] val_sel AUC=0.8864 acc=0.7843
[ep 089] val_sel AUC=0.8864 acc=0.7825
[ep 090] val_sel AUC=0.8845 acc=0.7796
[ep 091] val_sel AUC=0.8852 acc=0.7807
[ep 092] val_sel AUC=0.8862 acc=0.7821
[ep 093] val_sel AUC=0.8865 acc=0.7834
[ep 094] val_sel AUC=0.8858 acc=0.7794
[ep 095] val_sel AUC=0.8853 acc=0.7794
[ep 096] val_sel AUC=0.8853 acc=0.7796
============================================================
TEST (best val_sel epoch, held-out, evaluated once)
============================================================
[DONE-QPE2] embed=cayley model_III N=100 seed=56 test_AUC=0.8808 val_sel_AUC=0.8926 per_class=(axion=0.9121 cdm=0.7903 no_sub=0.9399) params=205476 embed_params=2017 R_frob_drift=3.584752082824707
