[INFO] QPE2 D=64 P=8 depth=4 | embed=cayley | data=model_III N/class=250 seed=54 split_seed=0 | params=205476 embed_params=2017 lr=0.001 epochs=96 bs=32 | train(750, 64, 64) val_sel(4469, 64, 64) test(4470, 64, 64) device=cuda
[ep 001] val_sel AUC=0.5189 acc=0.3285
[ep 002] val_sel AUC=0.5243 acc=0.3285
[ep 003] val_sel AUC=0.5265 acc=0.3285
[ep 004] val_sel AUC=0.5278 acc=0.3285
[ep 005] val_sel AUC=0.5289 acc=0.3433
[ep 006] val_sel AUC=0.5275 acc=0.3433
[ep 007] val_sel AUC=0.5341 acc=0.3531
[ep 008] val_sel AUC=0.5408 acc=0.3585
[ep 009] val_sel AUC=0.5752 acc=0.3764
[ep 010] val_sel AUC=0.6277 acc=0.4272
[ep 011] val_sel AUC=0.6515 acc=0.4909
[ep 012] val_sel AUC=0.7106 acc=0.5332
[ep 013] val_sel AUC=0.7207 acc=0.5164
[ep 014] val_sel AUC=0.7072 acc=0.5070
[ep 015] val_sel AUC=0.7420 acc=0.5379
[ep 016] val_sel AUC=0.7639 acc=0.5885
[ep 017] val_sel AUC=0.7709 acc=0.5820
[ep 018] val_sel AUC=0.8000 acc=0.6200
[ep 019] val_sel AUC=0.8363 acc=0.6720
[ep 020] val_sel AUC=0.8172 acc=0.6263
[ep 021] val_sel AUC=0.8512 acc=0.6988
[ep 022] val_sel AUC=0.8640 acc=0.7066
[ep 023] val_sel AUC=0.8785 acc=0.7310
[ep 024] val_sel AUC=0.8821 acc=0.7344
[ep 025] val_sel AUC=0.8821 acc=0.7400
[ep 026] val_sel AUC=0.8844 acc=0.7427
[ep 027] val_sel AUC=0.8897 acc=0.7568
[ep 028] val_sel AUC=0.8967 acc=0.7736
[ep 029] val_sel AUC=0.8972 acc=0.7684
[ep 030] val_sel AUC=0.8975 acc=0.7749
[ep 031] val_sel AUC=0.8984 acc=0.7706
[ep 032] val_sel AUC=0.8989 acc=0.7747
[ep 033] val_sel AUC=0.8477 acc=0.6787
[ep 034] val_sel AUC=0.8580 acc=0.7084
[ep 035] val_sel AUC=0.8838 acc=0.7498
[ep 036] val_sel AUC=0.8641 acc=0.7386
[ep 037] val_sel AUC=0.8601 acc=0.6903
[ep 038] val_sel AUC=0.8878 acc=0.7474
[ep 039] val_sel AUC=0.8999 acc=0.7677
[ep 040] val_sel AUC=0.8950 acc=0.7590
[ep 041] val_sel AUC=0.8509 acc=0.6507
[ep 042] val_sel AUC=0.8648 acc=0.6684
[ep 043] val_sel AUC=0.8847 acc=0.7494
[ep 044] val_sel AUC=0.8910 acc=0.7413
[ep 045] val_sel AUC=0.8669 acc=0.6932
[ep 046] val_sel AUC=0.8965 acc=0.7646
[ep 047] val_sel AUC=0.9018 acc=0.7807
[ep 048] val_sel AUC=0.8760 acc=0.7308
[ep 049] val_sel AUC=0.8965 acc=0.7615
[ep 050] val_sel AUC=0.8771 acc=0.7348
[ep 051] val_sel AUC=0.9053 acc=0.7344
[ep 052] val_sel AUC=0.8860 acc=0.7237
[ep 053] val_sel AUC=0.9034 acc=0.7724
[ep 054] val_sel AUC=0.9058 acc=0.7838
[ep 055] val_sel AUC=0.9053 acc=0.8009
[ep 056] val_sel AUC=0.9142 acc=0.8011
[ep 057] val_sel AUC=0.8857 acc=0.7353
[ep 058] val_sel AUC=0.9109 acc=0.7928
[ep 059] val_sel AUC=0.9179 acc=0.8064
[ep 060] val_sel AUC=0.8822 acc=0.7411
[ep 061] val_sel AUC=0.9083 acc=0.7899
[ep 062] val_sel AUC=0.8982 acc=0.6968
[ep 063] val_sel AUC=0.9148 acc=0.7919
[ep 064] val_sel AUC=0.9090 acc=0.8149
[ep 065] val_sel AUC=0.8926 acc=0.7789
[ep 066] val_sel AUC=0.9059 acc=0.7852
[ep 067] val_sel AUC=0.9141 acc=0.7823
[ep 068] val_sel AUC=0.9023 acc=0.7780
[ep 069] val_sel AUC=0.9146 acc=0.8089
[ep 070] val_sel AUC=0.9166 acc=0.8138
[ep 071] val_sel AUC=0.9240 acc=0.8333
[ep 072] val_sel AUC=0.9203 acc=0.8047
[ep 073] val_sel AUC=0.9061 acc=0.7894
[ep 074] val_sel AUC=0.9148 acc=0.8165
[ep 075] val_sel AUC=0.9209 acc=0.8194
[ep 076] val_sel AUC=0.9248 acc=0.8295
[ep 077] val_sel AUC=0.9083 acc=0.7785
[ep 078] val_sel AUC=0.9114 acc=0.8100
[ep 079] val_sel AUC=0.9186 acc=0.8208
[ep 080] val_sel AUC=0.9228 acc=0.8349
[ep 081] val_sel AUC=0.9209 acc=0.8281
[ep 082] val_sel AUC=0.9190 acc=0.8306
[ep 083] val_sel AUC=0.9189 acc=0.8288
[ep 084] val_sel AUC=0.9176 acc=0.8340
[ep 085] val_sel AUC=0.9246 acc=0.8364
[ep 086] val_sel AUC=0.9196 acc=0.8264
[ep 087] val_sel AUC=0.9210 acc=0.8273
[ep 088] val_sel AUC=0.9222 acc=0.8311
[ep 089] val_sel AUC=0.9158 acc=0.8313
[ep 090] val_sel AUC=0.9161 acc=0.8326
[ep 091] val_sel AUC=0.9172 acc=0.8326
[ep 092] val_sel AUC=0.9195 acc=0.8304
[ep 093] val_sel AUC=0.9161 acc=0.8324
[ep 094] val_sel AUC=0.9176 acc=0.8317
[ep 095] val_sel AUC=0.9174 acc=0.8326
[ep 096] val_sel AUC=0.9175 acc=0.8320
============================================================
TEST (best val_sel epoch, held-out, evaluated once)
============================================================
[DONE-QPE2] embed=cayley model_III N=250 seed=54 test_AUC=0.9244 val_sel_AUC=0.9248 per_class=(axion=0.9383 cdm=0.8598 no_sub=0.9750) params=205476 embed_params=2017 R_frob_drift=3.7503366470336914
