[INFO] QPE2 D=64 P=8 depth=4 | embed=cayley | data=model_II N/class=250 seed=61 split_seed=0 | params=205476 embed_params=2017 lr=0.001 epochs=96 bs=32 | train(750, 64, 64) val_sel(4455, 64, 64) test(4455, 64, 64) device=cuda
[ep 001] val_sel AUC=0.5400 acc=0.3291
[ep 002] val_sel AUC=0.5461 acc=0.3291
[ep 003] val_sel AUC=0.5432 acc=0.3237
[ep 004] val_sel AUC=0.5380 acc=0.3237
[ep 005] val_sel AUC=0.5368 acc=0.3291
[ep 006] val_sel AUC=0.5304 acc=0.3473
[ep 007] val_sel AUC=0.5265 acc=0.3473
[ep 008] val_sel AUC=0.5218 acc=0.3358
[ep 009] val_sel AUC=0.5236 acc=0.3284
[ep 010] val_sel AUC=0.5271 acc=0.3493
[ep 011] val_sel AUC=0.5375 acc=0.3623
[ep 012] val_sel AUC=0.5575 acc=0.3515
[ep 013] val_sel AUC=0.5887 acc=0.4103
[ep 014] val_sel AUC=0.6255 acc=0.4285
[ep 015] val_sel AUC=0.6956 acc=0.4898
[ep 016] val_sel AUC=0.7187 acc=0.4341
[ep 017] val_sel AUC=0.7624 acc=0.5937
[ep 018] val_sel AUC=0.7858 acc=0.6231
[ep 019] val_sel AUC=0.8071 acc=0.6209
[ep 020] val_sel AUC=0.8346 acc=0.6932
[ep 021] val_sel AUC=0.8142 acc=0.6049
[ep 022] val_sel AUC=0.8786 acc=0.7196
[ep 023] val_sel AUC=0.8843 acc=0.7484
[ep 024] val_sel AUC=0.8816 acc=0.7320
[ep 025] val_sel AUC=0.8821 acc=0.7522
[ep 026] val_sel AUC=0.8882 acc=0.7490
[ep 027] val_sel AUC=0.8904 acc=0.7751
[ep 028] val_sel AUC=0.8990 acc=0.7654
[ep 029] val_sel AUC=0.9037 acc=0.7861
[ep 030] val_sel AUC=0.9052 acc=0.7895
[ep 031] val_sel AUC=0.9045 acc=0.7897
[ep 032] val_sel AUC=0.9046 acc=0.7874
[ep 033] val_sel AUC=0.8597 acc=0.7010
[ep 034] val_sel AUC=0.8802 acc=0.7367
[ep 035] val_sel AUC=0.7636 acc=0.5439
[ep 036] val_sel AUC=0.8575 acc=0.6777
[ep 037] val_sel AUC=0.8760 acc=0.7154
[ep 038] val_sel AUC=0.8785 acc=0.7219
[ep 039] val_sel AUC=0.8831 acc=0.7414
[ep 040] val_sel AUC=0.8777 acc=0.7407
[ep 041] val_sel AUC=0.8710 acc=0.7039
[ep 042] val_sel AUC=0.8851 acc=0.7448
[ep 043] val_sel AUC=0.8840 acc=0.7461
[ep 044] val_sel AUC=0.8898 acc=0.7686
[ep 045] val_sel AUC=0.8914 acc=0.7614
[ep 046] val_sel AUC=0.8779 acc=0.6721
[ep 047] val_sel AUC=0.8711 acc=0.7392
[ep 048] val_sel AUC=0.8732 acc=0.7077
[ep 049] val_sel AUC=0.8897 acc=0.7329
[ep 050] val_sel AUC=0.8880 acc=0.7446
[ep 051] val_sel AUC=0.9127 acc=0.8004
[ep 052] val_sel AUC=0.8983 acc=0.7446
[ep 053] val_sel AUC=0.8986 acc=0.7569
[ep 054] val_sel AUC=0.9044 acc=0.7701
[ep 055] val_sel AUC=0.9165 acc=0.7928
[ep 056] val_sel AUC=0.8953 acc=0.7616
[ep 057] val_sel AUC=0.8869 acc=0.7457
[ep 058] val_sel AUC=0.9036 acc=0.7713
[ep 059] val_sel AUC=0.9201 acc=0.7854
[ep 060] val_sel AUC=0.8135 acc=0.5897
[ep 061] val_sel AUC=0.9116 acc=0.7677
[ep 062] val_sel AUC=0.9143 acc=0.7829
[ep 063] val_sel AUC=0.9194 acc=0.8171
[ep 064] val_sel AUC=0.8577 acc=0.7003
[ep 065] val_sel AUC=0.9031 acc=0.7618
[ep 066] val_sel AUC=0.9172 acc=0.7951
[ep 067] val_sel AUC=0.9219 acc=0.7971
[ep 068] val_sel AUC=0.9193 acc=0.8195
[ep 069] val_sel AUC=0.9133 acc=0.7895
[ep 070] val_sel AUC=0.9187 acc=0.7978
[ep 071] val_sel AUC=0.9151 acc=0.7906
[ep 072] val_sel AUC=0.9234 acc=0.8119
[ep 073] val_sel AUC=0.9219 acc=0.8247
[ep 074] val_sel AUC=0.9228 acc=0.8141
[ep 075] val_sel AUC=0.9002 acc=0.7791
[ep 076] val_sel AUC=0.9216 acc=0.8211
[ep 077] val_sel AUC=0.9259 acc=0.8339
[ep 078] val_sel AUC=0.9131 acc=0.7845
[ep 079] val_sel AUC=0.9215 acc=0.8231
[ep 080] val_sel AUC=0.9243 acc=0.8274
[ep 081] val_sel AUC=0.9257 acc=0.8312
[ep 082] val_sel AUC=0.9190 acc=0.8128
[ep 083] val_sel AUC=0.9194 acc=0.8256
[ep 084] val_sel AUC=0.9205 acc=0.8184
[ep 085] val_sel AUC=0.9250 acc=0.8312
[ep 086] val_sel AUC=0.9243 acc=0.8310
[ep 087] val_sel AUC=0.9254 acc=0.8334
[ep 088] val_sel AUC=0.9254 acc=0.8350
[ep 089] val_sel AUC=0.9255 acc=0.8341
[ep 090] val_sel AUC=0.9248 acc=0.8310
[ep 091] val_sel AUC=0.9247 acc=0.8312
[ep 092] val_sel AUC=0.9243 acc=0.8299
[ep 093] val_sel AUC=0.9249 acc=0.8314
[ep 094] val_sel AUC=0.9246 acc=0.8296
[ep 095] val_sel AUC=0.9247 acc=0.8292
[ep 096] val_sel AUC=0.9247 acc=0.8296
============================================================
TEST (best val_sel epoch, held-out, evaluated once)
============================================================
[DONE-QPE2] embed=cayley model_II N=250 seed=61 test_AUC=0.9285 val_sel_AUC=0.9259 per_class=(axion=0.9433 cdm=0.8665 no_sub=0.9757) params=205476 embed_params=2017 R_frob_drift=3.594379425048828
