[INFO] QPE2 D=64 P=8 depth=4 | embed=cayley | data=model_III N/class=100 seed=52 split_seed=0 | params=205476 embed_params=2017 lr=0.001 epochs=96 bs=32 | train(300, 64, 64) val_sel(4469, 64, 64) test(4470, 64, 64) device=cuda
[ep 001] val_sel AUC=0.4324 acc=0.3433
[ep 002] val_sel AUC=0.5042 acc=0.3283
[ep 003] val_sel AUC=0.5076 acc=0.3285
[ep 004] val_sel AUC=0.5085 acc=0.3433
[ep 005] val_sel AUC=0.5198 acc=0.3283
[ep 006] val_sel AUC=0.5233 acc=0.3285
[ep 007] val_sel AUC=0.5223 acc=0.3285
[ep 008] val_sel AUC=0.5291 acc=0.3283
[ep 009] val_sel AUC=0.5303 acc=0.3283
[ep 010] val_sel AUC=0.5342 acc=0.3283
[ep 011] val_sel AUC=0.5341 acc=0.3285
[ep 012] val_sel AUC=0.5383 acc=0.3283
[ep 013] val_sel AUC=0.5395 acc=0.3283
[ep 014] val_sel AUC=0.5381 acc=0.3433
[ep 015] val_sel AUC=0.5415 acc=0.3283
[ep 016] val_sel AUC=0.5437 acc=0.3283
[ep 017] val_sel AUC=0.5446 acc=0.3285
[ep 018] val_sel AUC=0.5473 acc=0.3433
[ep 019] val_sel AUC=0.5476 acc=0.3708
[ep 020] val_sel AUC=0.5500 acc=0.3283
[ep 021] val_sel AUC=0.5505 acc=0.3285
[ep 022] val_sel AUC=0.5515 acc=0.3450
[ep 023] val_sel AUC=0.5546 acc=0.3433
[ep 024] val_sel AUC=0.5553 acc=0.3283
[ep 025] val_sel AUC=0.5568 acc=0.3283
[ep 026] val_sel AUC=0.5574 acc=0.3285
[ep 027] val_sel AUC=0.5580 acc=0.3283
[ep 028] val_sel AUC=0.5585 acc=0.3283
[ep 029] val_sel AUC=0.5589 acc=0.3283
[ep 030] val_sel AUC=0.5591 acc=0.3983
[ep 031] val_sel AUC=0.5592 acc=0.4122
[ep 032] val_sel AUC=0.5592 acc=0.4153
[ep 033] val_sel AUC=0.5713 acc=0.3283
[ep 034] val_sel AUC=0.5821 acc=0.3285
[ep 035] val_sel AUC=0.5883 acc=0.3283
[ep 036] val_sel AUC=0.5936 acc=0.3285
[ep 037] val_sel AUC=0.5805 acc=0.3283
[ep 038] val_sel AUC=0.5784 acc=0.3285
[ep 039] val_sel AUC=0.5712 acc=0.3283
[ep 040] val_sel AUC=0.5694 acc=0.3759
[ep 041] val_sel AUC=0.5758 acc=0.3788
[ep 042] val_sel AUC=0.6074 acc=0.4137
[ep 043] val_sel AUC=0.6366 acc=0.4198
[ep 044] val_sel AUC=0.6426 acc=0.3386
[ep 045] val_sel AUC=0.5819 acc=0.3386
[ep 046] val_sel AUC=0.5879 acc=0.3665
[ep 047] val_sel AUC=0.6187 acc=0.3867
[ep 048] val_sel AUC=0.6468 acc=0.4630
[ep 049] val_sel AUC=0.6532 acc=0.4583
[ep 050] val_sel AUC=0.6736 acc=0.4469
[ep 051] val_sel AUC=0.6260 acc=0.3876
[ep 052] val_sel AUC=0.6872 acc=0.4654
[ep 053] val_sel AUC=0.7089 acc=0.4784
[ep 054] val_sel AUC=0.7297 acc=0.5160
[ep 055] val_sel AUC=0.7459 acc=0.5599
[ep 056] val_sel AUC=0.7801 acc=0.5959
[ep 057] val_sel AUC=0.7772 acc=0.5661
[ep 058] val_sel AUC=0.8076 acc=0.6230
[ep 059] val_sel AUC=0.7862 acc=0.6028
[ep 060] val_sel AUC=0.8164 acc=0.6543
[ep 061] val_sel AUC=0.8034 acc=0.6333
[ep 062] val_sel AUC=0.8174 acc=0.6411
[ep 063] val_sel AUC=0.8403 acc=0.6554
[ep 064] val_sel AUC=0.8504 acc=0.6717
[ep 065] val_sel AUC=0.8303 acc=0.6292
[ep 066] val_sel AUC=0.8478 acc=0.6612
[ep 067] val_sel AUC=0.8439 acc=0.6482
[ep 068] val_sel AUC=0.8296 acc=0.5977
[ep 069] val_sel AUC=0.8510 acc=0.7022
[ep 070] val_sel AUC=0.8524 acc=0.6977
[ep 071] val_sel AUC=0.8527 acc=0.6814
[ep 072] val_sel AUC=0.8548 acc=0.6961
[ep 073] val_sel AUC=0.8593 acc=0.7104
[ep 074] val_sel AUC=0.8501 acc=0.6811
[ep 075] val_sel AUC=0.8544 acc=0.7237
[ep 076] val_sel AUC=0.8633 acc=0.7167
[ep 077] val_sel AUC=0.8603 acc=0.6769
[ep 078] val_sel AUC=0.8635 acc=0.7196
[ep 079] val_sel AUC=0.8678 acc=0.7198
[ep 080] val_sel AUC=0.8692 acc=0.7445
[ep 081] val_sel AUC=0.8688 acc=0.7384
[ep 082] val_sel AUC=0.8675 acc=0.7400
[ep 083] val_sel AUC=0.8684 acc=0.7172
[ep 084] val_sel AUC=0.8675 acc=0.7395
[ep 085] val_sel AUC=0.8659 acc=0.7230
[ep 086] val_sel AUC=0.8678 acc=0.7427
[ep 087] val_sel AUC=0.8685 acc=0.7250
[ep 088] val_sel AUC=0.8685 acc=0.7431
[ep 089] val_sel AUC=0.8700 acc=0.7463
[ep 090] val_sel AUC=0.8705 acc=0.7416
[ep 091] val_sel AUC=0.8704 acc=0.7438
[ep 092] val_sel AUC=0.8697 acc=0.7456
[ep 093] val_sel AUC=0.8697 acc=0.7463
[ep 094] val_sel AUC=0.8697 acc=0.7454
[ep 095] val_sel AUC=0.8697 acc=0.7429
[ep 096] val_sel AUC=0.8697 acc=0.7427
============================================================
TEST (best val_sel epoch, held-out, evaluated once)
============================================================
[DONE-QPE2] embed=cayley model_III N=100 seed=52 test_AUC=0.8716 val_sel_AUC=0.8705 per_class=(axion=0.9138 cdm=0.7717 no_sub=0.9295) params=205476 embed_params=2017 R_frob_drift=3.820645809173584
