[INFO] QPE2 D=64 P=8 depth=4 | embed=cayley | data=model_III N/class=250 seed=49 split_seed=0 | params=205476 embed_params=2017 lr=0.001 epochs=96 bs=32 | train(750, 64, 64) val_sel(4469, 64, 64) test(4470, 64, 64) device=cuda
[ep 001] val_sel AUC=0.5264 acc=0.3283
[ep 002] val_sel AUC=0.5293 acc=0.3433
[ep 003] val_sel AUC=0.5303 acc=0.3285
[ep 004] val_sel AUC=0.5326 acc=0.3654
[ep 005] val_sel AUC=0.5326 acc=0.3433
[ep 006] val_sel AUC=0.5360 acc=0.3285
[ep 007] val_sel AUC=0.5334 acc=0.3283
[ep 008] val_sel AUC=0.5363 acc=0.3283
[ep 009] val_sel AUC=0.5299 acc=0.3493
[ep 010] val_sel AUC=0.5489 acc=0.3339
[ep 011] val_sel AUC=0.5908 acc=0.4066
[ep 012] val_sel AUC=0.7193 acc=0.5169
[ep 013] val_sel AUC=0.7361 acc=0.5370
[ep 014] val_sel AUC=0.7698 acc=0.5699
[ep 015] val_sel AUC=0.7497 acc=0.5460
[ep 016] val_sel AUC=0.8417 acc=0.6961
[ep 017] val_sel AUC=0.8367 acc=0.6668
[ep 018] val_sel AUC=0.8104 acc=0.6438
[ep 019] val_sel AUC=0.8603 acc=0.7109
[ep 020] val_sel AUC=0.8781 acc=0.7160
[ep 021] val_sel AUC=0.9031 acc=0.7639
[ep 022] val_sel AUC=0.8862 acc=0.7288
[ep 023] val_sel AUC=0.8972 acc=0.7668
[ep 024] val_sel AUC=0.9018 acc=0.7794
[ep 025] val_sel AUC=0.9104 acc=0.7791
[ep 026] val_sel AUC=0.9088 acc=0.7809
[ep 027] val_sel AUC=0.9147 acc=0.8080
[ep 028] val_sel AUC=0.9155 acc=0.8255
[ep 029] val_sel AUC=0.9200 acc=0.8275
[ep 030] val_sel AUC=0.9196 acc=0.8290
[ep 031] val_sel AUC=0.9200 acc=0.8295
[ep 032] val_sel AUC=0.9198 acc=0.8293
[ep 033] val_sel AUC=0.8815 acc=0.7207
[ep 034] val_sel AUC=0.9027 acc=0.7794
[ep 035] val_sel AUC=0.8772 acc=0.7328
[ep 036] val_sel AUC=0.8706 acc=0.7337
[ep 037] val_sel AUC=0.8582 acc=0.6832
[ep 038] val_sel AUC=0.8827 acc=0.7145
[ep 039] val_sel AUC=0.8997 acc=0.7483
[ep 040] val_sel AUC=0.8647 acc=0.6950
[ep 041] val_sel AUC=0.8902 acc=0.7554
[ep 042] val_sel AUC=0.9112 acc=0.7870
[ep 043] val_sel AUC=0.9042 acc=0.7677
[ep 044] val_sel AUC=0.8799 acc=0.7064
[ep 045] val_sel AUC=0.9081 acc=0.7783
[ep 046] val_sel AUC=0.9049 acc=0.7740
[ep 047] val_sel AUC=0.8931 acc=0.7865
[ep 048] val_sel AUC=0.9015 acc=0.7550
[ep 049] val_sel AUC=0.8855 acc=0.7360
[ep 050] val_sel AUC=0.9147 acc=0.7814
[ep 051] val_sel AUC=0.9162 acc=0.7984
[ep 052] val_sel AUC=0.9049 acc=0.7691
[ep 053] val_sel AUC=0.8938 acc=0.7675
[ep 054] val_sel AUC=0.8740 acc=0.6610
[ep 055] val_sel AUC=0.9015 acc=0.7612
[ep 056] val_sel AUC=0.9157 acc=0.7655
[ep 057] val_sel AUC=0.9124 acc=0.7610
[ep 058] val_sel AUC=0.9019 acc=0.7476
[ep 059] val_sel AUC=0.9168 acc=0.8100
[ep 060] val_sel AUC=0.9224 acc=0.8058
[ep 061] val_sel AUC=0.9181 acc=0.7856
[ep 062] val_sel AUC=0.9172 acc=0.7765
[ep 063] val_sel AUC=0.8723 acc=0.7212
[ep 064] val_sel AUC=0.9207 acc=0.8179
[ep 065] val_sel AUC=0.9033 acc=0.7409
[ep 066] val_sel AUC=0.9164 acc=0.7783
[ep 067] val_sel AUC=0.9247 acc=0.8259
[ep 068] val_sel AUC=0.9259 acc=0.8264
[ep 069] val_sel AUC=0.9077 acc=0.7686
[ep 070] val_sel AUC=0.9166 acc=0.8062
[ep 071] val_sel AUC=0.9293 acc=0.8087
[ep 072] val_sel AUC=0.9216 acc=0.8080
[ep 073] val_sel AUC=0.9212 acc=0.8297
[ep 074] val_sel AUC=0.9253 acc=0.8165
[ep 075] val_sel AUC=0.9172 acc=0.8033
[ep 076] val_sel AUC=0.9264 acc=0.8284
[ep 077] val_sel AUC=0.9242 acc=0.8313
[ep 078] val_sel AUC=0.9081 acc=0.7798
[ep 079] val_sel AUC=0.9228 acc=0.8051
[ep 080] val_sel AUC=0.9243 acc=0.8295
[ep 081] val_sel AUC=0.9188 acc=0.8205
[ep 082] val_sel AUC=0.9245 acc=0.8288
[ep 083] val_sel AUC=0.9259 acc=0.8273
[ep 084] val_sel AUC=0.9254 acc=0.8335
[ep 085] val_sel AUC=0.9258 acc=0.8331
[ep 086] val_sel AUC=0.9268 acc=0.8320
[ep 087] val_sel AUC=0.9270 acc=0.8340
[ep 088] val_sel AUC=0.9262 acc=0.8340
[ep 089] val_sel AUC=0.9259 acc=0.8344
[ep 090] val_sel AUC=0.9257 acc=0.8362
[ep 091] val_sel AUC=0.9271 acc=0.8342
[ep 092] val_sel AUC=0.9260 acc=0.8346
[ep 093] val_sel AUC=0.9264 acc=0.8362
[ep 094] val_sel AUC=0.9266 acc=0.8349
[ep 095] val_sel AUC=0.9264 acc=0.8342
[ep 096] val_sel AUC=0.9263 acc=0.8344
============================================================
TEST (best val_sel epoch, held-out, evaluated once)
============================================================
[DONE-QPE2] embed=cayley model_III N=250 seed=49 test_AUC=0.9304 val_sel_AUC=0.9293 per_class=(axion=0.9470 cdm=0.8739 no_sub=0.9703) params=205476 embed_params=2017 R_frob_drift=3.773416519165039
