[INFO] QPE2 D=64 P=8 depth=4 | embed=cayley | data=model_II N/class=100 seed=43 split_seed=0 | params=205476 embed_params=2017 lr=0.001 epochs=96 bs=32 | train(300, 64, 64) val_sel(4455, 64, 64) test(4455, 64, 64) device=cuda
[ep 001] val_sel AUC=0.4875 acc=0.3473
[ep 002] val_sel AUC=0.4747 acc=0.3237
[ep 003] val_sel AUC=0.4805 acc=0.3291
[ep 004] val_sel AUC=0.4833 acc=0.3473
[ep 005] val_sel AUC=0.4884 acc=0.3473
[ep 006] val_sel AUC=0.4951 acc=0.3291
[ep 007] val_sel AUC=0.4976 acc=0.3237
[ep 008] val_sel AUC=0.5018 acc=0.3237
[ep 009] val_sel AUC=0.5028 acc=0.3473
[ep 010] val_sel AUC=0.5038 acc=0.3291
[ep 011] val_sel AUC=0.5049 acc=0.3473
[ep 012] val_sel AUC=0.5048 acc=0.3237
[ep 013] val_sel AUC=0.5063 acc=0.3291
[ep 014] val_sel AUC=0.5052 acc=0.3237
[ep 015] val_sel AUC=0.5053 acc=0.3291
[ep 016] val_sel AUC=0.5065 acc=0.3473
[ep 017] val_sel AUC=0.5047 acc=0.3237
[ep 018] val_sel AUC=0.5045 acc=0.3473
[ep 019] val_sel AUC=0.5055 acc=0.3497
[ep 020] val_sel AUC=0.5040 acc=0.3275
[ep 021] val_sel AUC=0.5045 acc=0.3342
[ep 022] val_sel AUC=0.5030 acc=0.3473
[ep 023] val_sel AUC=0.5029 acc=0.3208
[ep 024] val_sel AUC=0.5030 acc=0.3605
[ep 025] val_sel AUC=0.5028 acc=0.3246
[ep 026] val_sel AUC=0.5020 acc=0.3246
[ep 027] val_sel AUC=0.5015 acc=0.3340
[ep 028] val_sel AUC=0.5009 acc=0.3235
[ep 029] val_sel AUC=0.5004 acc=0.3239
[ep 030] val_sel AUC=0.5005 acc=0.3196
[ep 031] val_sel AUC=0.5005 acc=0.3226
[ep 032] val_sel AUC=0.5005 acc=0.3221
[ep 033] val_sel AUC=0.4983 acc=0.3270
[ep 034] val_sel AUC=0.4984 acc=0.3616
[ep 035] val_sel AUC=0.5075 acc=0.3291
[ep 036] val_sel AUC=0.5026 acc=0.3473
[ep 037] val_sel AUC=0.5144 acc=0.3340
[ep 038] val_sel AUC=0.5107 acc=0.3235
[ep 039] val_sel AUC=0.5136 acc=0.3336
[ep 040] val_sel AUC=0.5055 acc=0.3244
[ep 041] val_sel AUC=0.5059 acc=0.3385
[ep 042] val_sel AUC=0.5059 acc=0.3475
[ep 043] val_sel AUC=0.5109 acc=0.3244
[ep 044] val_sel AUC=0.5123 acc=0.3470
[ep 045] val_sel AUC=0.5123 acc=0.3367
[ep 046] val_sel AUC=0.5273 acc=0.3538
[ep 047] val_sel AUC=0.5545 acc=0.3749
[ep 048] val_sel AUC=0.5342 acc=0.3654
[ep 049] val_sel AUC=0.5326 acc=0.3490
[ep 050] val_sel AUC=0.5419 acc=0.3666
[ep 051] val_sel AUC=0.5480 acc=0.3722
[ep 052] val_sel AUC=0.5543 acc=0.3699
[ep 053] val_sel AUC=0.5755 acc=0.3764
[ep 054] val_sel AUC=0.5816 acc=0.3865
[ep 055] val_sel AUC=0.6011 acc=0.4092
[ep 056] val_sel AUC=0.5760 acc=0.3805
[ep 057] val_sel AUC=0.6065 acc=0.4177
[ep 058] val_sel AUC=0.6219 acc=0.4299
[ep 059] val_sel AUC=0.6225 acc=0.4314
[ep 060] val_sel AUC=0.6364 acc=0.4498
[ep 061] val_sel AUC=0.6237 acc=0.4200
[ep 062] val_sel AUC=0.6524 acc=0.4581
[ep 063] val_sel AUC=0.6486 acc=0.4602
[ep 064] val_sel AUC=0.6623 acc=0.4617
[ep 065] val_sel AUC=0.6469 acc=0.4366
[ep 066] val_sel AUC=0.6742 acc=0.4763
[ep 067] val_sel AUC=0.6904 acc=0.4965
[ep 068] val_sel AUC=0.7133 acc=0.5407
[ep 069] val_sel AUC=0.6961 acc=0.5100
[ep 070] val_sel AUC=0.6985 acc=0.4958
[ep 071] val_sel AUC=0.7209 acc=0.5311
[ep 072] val_sel AUC=0.7410 acc=0.5600
[ep 073] val_sel AUC=0.7342 acc=0.5538
[ep 074] val_sel AUC=0.7394 acc=0.5448
[ep 075] val_sel AUC=0.7564 acc=0.5657
[ep 076] val_sel AUC=0.7516 acc=0.5524
[ep 077] val_sel AUC=0.7548 acc=0.5715
[ep 078] val_sel AUC=0.7508 acc=0.5672
[ep 079] val_sel AUC=0.7527 acc=0.5684
[ep 080] val_sel AUC=0.7526 acc=0.5737
[ep 081] val_sel AUC=0.7634 acc=0.5975
[ep 082] val_sel AUC=0.7677 acc=0.5863
[ep 083] val_sel AUC=0.7643 acc=0.5962
[ep 084] val_sel AUC=0.7565 acc=0.5859
[ep 085] val_sel AUC=0.7633 acc=0.5906
[ep 086] val_sel AUC=0.7674 acc=0.5930
[ep 087] val_sel AUC=0.7700 acc=0.6002
[ep 088] val_sel AUC=0.7685 acc=0.6002
[ep 089] val_sel AUC=0.7693 acc=0.6034
[ep 090] val_sel AUC=0.7711 acc=0.6061
[ep 091] val_sel AUC=0.7713 acc=0.6061
[ep 092] val_sel AUC=0.7692 acc=0.6074
[ep 093] val_sel AUC=0.7708 acc=0.6058
[ep 094] val_sel AUC=0.7706 acc=0.6072
[ep 095] val_sel AUC=0.7704 acc=0.6072
[ep 096] val_sel AUC=0.7702 acc=0.6076
============================================================
TEST (best val_sel epoch, held-out, evaluated once)
============================================================
[DONE-QPE2] embed=cayley model_II N=100 seed=43 test_AUC=0.7712 val_sel_AUC=0.7713 per_class=(axion=0.8287 cdm=0.6342 no_sub=0.8508) params=205476 embed_params=2017 R_frob_drift=4.111451148986816
