[INFO] QPE2 D=64 P=8 depth=4 | embed=cayley | data=model_III N/class=100 seed=42 split_seed=0 | params=205476 embed_params=2017 lr=0.001 epochs=96 bs=32 | train(300, 64, 64) val_sel(4469, 64, 64) test(4470, 64, 64) device=cuda
[ep 001] val_sel AUC=0.5649 acc=0.3283
[ep 002] val_sel AUC=0.5756 acc=0.3433
[ep 003] val_sel AUC=0.5695 acc=0.3285
[ep 004] val_sel AUC=0.5612 acc=0.3433
[ep 005] val_sel AUC=0.5591 acc=0.3283
[ep 006] val_sel AUC=0.5412 acc=0.3285
[ep 007] val_sel AUC=0.5415 acc=0.3283
[ep 008] val_sel AUC=0.5386 acc=0.3433
[ep 009] val_sel AUC=0.5371 acc=0.3473
[ep 010] val_sel AUC=0.5285 acc=0.3419
[ep 011] val_sel AUC=0.5321 acc=0.3410
[ep 012] val_sel AUC=0.5300 acc=0.3428
[ep 013] val_sel AUC=0.5280 acc=0.3433
[ep 014] val_sel AUC=0.5275 acc=0.3394
[ep 015] val_sel AUC=0.5320 acc=0.3506
[ep 016] val_sel AUC=0.5318 acc=0.3540
[ep 017] val_sel AUC=0.5316 acc=0.3553
[ep 018] val_sel AUC=0.5339 acc=0.3605
[ep 019] val_sel AUC=0.5417 acc=0.3540
[ep 020] val_sel AUC=0.5584 acc=0.3815
[ep 021] val_sel AUC=0.5666 acc=0.3544
[ep 022] val_sel AUC=0.5747 acc=0.4032
[ep 023] val_sel AUC=0.5872 acc=0.3972
[ep 024] val_sel AUC=0.6067 acc=0.4229
[ep 025] val_sel AUC=0.6314 acc=0.4252
[ep 026] val_sel AUC=0.6501 acc=0.4639
[ep 027] val_sel AUC=0.6904 acc=0.4909
[ep 028] val_sel AUC=0.7222 acc=0.5173
[ep 029] val_sel AUC=0.7422 acc=0.5531
[ep 030] val_sel AUC=0.7553 acc=0.5699
[ep 031] val_sel AUC=0.7611 acc=0.5798
[ep 032] val_sel AUC=0.7630 acc=0.5847
[ep 033] val_sel AUC=0.7823 acc=0.5487
[ep 034] val_sel AUC=0.7455 acc=0.5715
[ep 035] val_sel AUC=0.7435 acc=0.5330
[ep 036] val_sel AUC=0.7866 acc=0.6171
[ep 037] val_sel AUC=0.8041 acc=0.6373
[ep 038] val_sel AUC=0.8105 acc=0.6308
[ep 039] val_sel AUC=0.7584 acc=0.5238
[ep 040] val_sel AUC=0.8433 acc=0.6744
[ep 041] val_sel AUC=0.8365 acc=0.6704
[ep 042] val_sel AUC=0.7932 acc=0.5968
[ep 043] val_sel AUC=0.7830 acc=0.6066
[ep 044] val_sel AUC=0.7950 acc=0.5748
[ep 045] val_sel AUC=0.8311 acc=0.6585
[ep 046] val_sel AUC=0.8340 acc=0.6606
[ep 047] val_sel AUC=0.8587 acc=0.7143
[ep 048] val_sel AUC=0.8346 acc=0.6720
[ep 049] val_sel AUC=0.8410 acc=0.6431
[ep 050] val_sel AUC=0.8522 acc=0.6840
[ep 051] val_sel AUC=0.8505 acc=0.6708
[ep 052] val_sel AUC=0.8022 acc=0.6151
[ep 053] val_sel AUC=0.8285 acc=0.6400
[ep 054] val_sel AUC=0.8295 acc=0.6550
[ep 055] val_sel AUC=0.8418 acc=0.6760
[ep 056] val_sel AUC=0.8617 acc=0.6858
[ep 057] val_sel AUC=0.8728 acc=0.7192
[ep 058] val_sel AUC=0.8462 acc=0.6820
[ep 059] val_sel AUC=0.8678 acc=0.7263
[ep 060] val_sel AUC=0.8585 acc=0.6950
[ep 061] val_sel AUC=0.8720 acc=0.7268
[ep 062] val_sel AUC=0.8898 acc=0.7404
[ep 063] val_sel AUC=0.8931 acc=0.7342
[ep 064] val_sel AUC=0.8764 acc=0.7257
[ep 065] val_sel AUC=0.8938 acc=0.7469
[ep 066] val_sel AUC=0.8926 acc=0.7532
[ep 067] val_sel AUC=0.8835 acc=0.7326
[ep 068] val_sel AUC=0.8768 acc=0.7042
[ep 069] val_sel AUC=0.8963 acc=0.7653
[ep 070] val_sel AUC=0.8969 acc=0.7438
[ep 071] val_sel AUC=0.9026 acc=0.7733
[ep 072] val_sel AUC=0.9028 acc=0.7583
[ep 073] val_sel AUC=0.8948 acc=0.7597
[ep 074] val_sel AUC=0.8851 acc=0.7308
[ep 075] val_sel AUC=0.9005 acc=0.7744
[ep 076] val_sel AUC=0.8995 acc=0.7624
[ep 077] val_sel AUC=0.8977 acc=0.7695
[ep 078] val_sel AUC=0.8970 acc=0.7709
[ep 079] val_sel AUC=0.8954 acc=0.7666
[ep 080] val_sel AUC=0.9064 acc=0.7872
[ep 081] val_sel AUC=0.9032 acc=0.7805
[ep 082] val_sel AUC=0.9057 acc=0.7876
[ep 083] val_sel AUC=0.9024 acc=0.7812
[ep 084] val_sel AUC=0.9043 acc=0.7861
[ep 085] val_sel AUC=0.9031 acc=0.7868
[ep 086] val_sel AUC=0.9028 acc=0.7874
[ep 087] val_sel AUC=0.8996 acc=0.7785
[ep 088] val_sel AUC=0.9031 acc=0.7845
[ep 089] val_sel AUC=0.9030 acc=0.7876
[ep 090] val_sel AUC=0.9033 acc=0.7872
[ep 091] val_sel AUC=0.9049 acc=0.7915
[ep 092] val_sel AUC=0.9035 acc=0.7883
[ep 093] val_sel AUC=0.9033 acc=0.7865
[ep 094] val_sel AUC=0.9033 acc=0.7863
[ep 095] val_sel AUC=0.9035 acc=0.7861
[ep 096] val_sel AUC=0.9036 acc=0.7865
============================================================
TEST (best val_sel epoch, held-out, evaluated once)
============================================================
[DONE-QPE2] embed=cayley model_III N=100 seed=42 test_AUC=0.9001 val_sel_AUC=0.9064 per_class=(axion=0.9301 cdm=0.8103 no_sub=0.9598) params=205476 embed_params=2017 R_frob_drift=3.374084949493408
