[INFO] QPE2 D=64 P=8 depth=4 | embed=cayley | data=model_II N/class=100 seed=49 split_seed=0 | params=205476 embed_params=2017 lr=0.001 epochs=96 bs=32 | train(300, 64, 64) val_sel(4455, 64, 64) test(4455, 64, 64) device=cuda
[ep 001] val_sel AUC=0.5228 acc=0.3473
[ep 002] val_sel AUC=0.5125 acc=0.3291
[ep 003] val_sel AUC=0.5047 acc=0.3473
[ep 004] val_sel AUC=0.5038 acc=0.3237
[ep 005] val_sel AUC=0.5017 acc=0.3473
[ep 006] val_sel AUC=0.5003 acc=0.3291
[ep 007] val_sel AUC=0.4961 acc=0.3264
[ep 008] val_sel AUC=0.4928 acc=0.3434
[ep 009] val_sel AUC=0.4918 acc=0.3306
[ep 010] val_sel AUC=0.4926 acc=0.3452
[ep 011] val_sel AUC=0.4977 acc=0.3284
[ep 012] val_sel AUC=0.4960 acc=0.3369
[ep 013] val_sel AUC=0.4978 acc=0.3511
[ep 014] val_sel AUC=0.5005 acc=0.3313
[ep 015] val_sel AUC=0.5020 acc=0.3392
[ep 016] val_sel AUC=0.5005 acc=0.3369
[ep 017] val_sel AUC=0.5036 acc=0.3423
[ep 018] val_sel AUC=0.5079 acc=0.3533
[ep 019] val_sel AUC=0.5015 acc=0.3437
[ep 020] val_sel AUC=0.5084 acc=0.3421
[ep 021] val_sel AUC=0.5122 acc=0.3464
[ep 022] val_sel AUC=0.5128 acc=0.3464
[ep 023] val_sel AUC=0.5142 acc=0.3488
[ep 024] val_sel AUC=0.5178 acc=0.3585
[ep 025] val_sel AUC=0.5173 acc=0.3522
[ep 026] val_sel AUC=0.5188 acc=0.3511
[ep 027] val_sel AUC=0.5198 acc=0.3497
[ep 028] val_sel AUC=0.5212 acc=0.3504
[ep 029] val_sel AUC=0.5219 acc=0.3506
[ep 030] val_sel AUC=0.5222 acc=0.3504
[ep 031] val_sel AUC=0.5224 acc=0.3499
[ep 032] val_sel AUC=0.5225 acc=0.3502
[ep 033] val_sel AUC=0.5324 acc=0.3419
[ep 034] val_sel AUC=0.5375 acc=0.3582
[ep 035] val_sel AUC=0.5224 acc=0.3547
[ep 036] val_sel AUC=0.5267 acc=0.3459
[ep 037] val_sel AUC=0.5471 acc=0.3818
[ep 038] val_sel AUC=0.5586 acc=0.3542
[ep 039] val_sel AUC=0.5811 acc=0.4045
[ep 040] val_sel AUC=0.5878 acc=0.3825
[ep 041] val_sel AUC=0.5517 acc=0.3338
[ep 042] val_sel AUC=0.5931 acc=0.3367
[ep 043] val_sel AUC=0.6063 acc=0.4364
[ep 044] val_sel AUC=0.6362 acc=0.4691
[ep 045] val_sel AUC=0.6343 acc=0.4462
[ep 046] val_sel AUC=0.6464 acc=0.4386
[ep 047] val_sel AUC=0.6887 acc=0.5017
[ep 048] val_sel AUC=0.6923 acc=0.4846
[ep 049] val_sel AUC=0.7204 acc=0.5230
[ep 050] val_sel AUC=0.6828 acc=0.4505
[ep 051] val_sel AUC=0.7191 acc=0.4631
[ep 052] val_sel AUC=0.7184 acc=0.5208
[ep 053] val_sel AUC=0.7294 acc=0.5217
[ep 054] val_sel AUC=0.7250 acc=0.5490
[ep 055] val_sel AUC=0.7332 acc=0.5080
[ep 056] val_sel AUC=0.7081 acc=0.5185
[ep 057] val_sel AUC=0.7509 acc=0.5578
[ep 058] val_sel AUC=0.7692 acc=0.5948
[ep 059] val_sel AUC=0.7779 acc=0.5944
[ep 060] val_sel AUC=0.7950 acc=0.6079
[ep 061] val_sel AUC=0.7554 acc=0.5475
[ep 062] val_sel AUC=0.7458 acc=0.5477
[ep 063] val_sel AUC=0.7803 acc=0.5793
[ep 064] val_sel AUC=0.7778 acc=0.5746
[ep 065] val_sel AUC=0.7933 acc=0.5847
[ep 066] val_sel AUC=0.8008 acc=0.5899
[ep 067] val_sel AUC=0.7830 acc=0.5883
[ep 068] val_sel AUC=0.7883 acc=0.5870
[ep 069] val_sel AUC=0.7855 acc=0.5892
[ep 070] val_sel AUC=0.8047 acc=0.5917
[ep 071] val_sel AUC=0.7971 acc=0.6063
[ep 072] val_sel AUC=0.8109 acc=0.6135
[ep 073] val_sel AUC=0.8016 acc=0.6222
[ep 074] val_sel AUC=0.8152 acc=0.6308
[ep 075] val_sel AUC=0.8233 acc=0.6503
[ep 076] val_sel AUC=0.8171 acc=0.6476
[ep 077] val_sel AUC=0.8114 acc=0.6330
[ep 078] val_sel AUC=0.8058 acc=0.6382
[ep 079] val_sel AUC=0.8213 acc=0.6458
[ep 080] val_sel AUC=0.8219 acc=0.6597
[ep 081] val_sel AUC=0.8198 acc=0.6512
[ep 082] val_sel AUC=0.8179 acc=0.6512
[ep 083] val_sel AUC=0.8138 acc=0.6409
[ep 084] val_sel AUC=0.8133 acc=0.6438
[ep 085] val_sel AUC=0.8186 acc=0.6485
[ep 086] val_sel AUC=0.8216 acc=0.6602
[ep 087] val_sel AUC=0.8197 acc=0.6521
[ep 088] val_sel AUC=0.8214 acc=0.6566
[ep 089] val_sel AUC=0.8192 acc=0.6492
[ep 090] val_sel AUC=0.8186 acc=0.6469
[ep 091] val_sel AUC=0.8196 acc=0.6510
[ep 092] val_sel AUC=0.8197 acc=0.6516
[ep 093] val_sel AUC=0.8194 acc=0.6485
[ep 094] val_sel AUC=0.8195 acc=0.6496
[ep 095] val_sel AUC=0.8195 acc=0.6496
[ep 096] val_sel AUC=0.8194 acc=0.6498
============================================================
TEST (best val_sel epoch, held-out, evaluated once)
============================================================
[DONE-QPE2] embed=cayley model_II N=100 seed=49 test_AUC=0.8339 val_sel_AUC=0.8233 per_class=(axion=0.8879 cdm=0.7117 no_sub=0.9020) params=205476 embed_params=2017 R_frob_drift=4.104673862457275
