[INFO] QPE2 D=64 P=8 depth=4 | embed=cayley | data=model_III N/class=250 seed=57 split_seed=0 | params=205476 embed_params=2017 lr=0.001 epochs=96 bs=32 | train(750, 64, 64) val_sel(4469, 64, 64) test(4470, 64, 64) device=cuda
[ep 001] val_sel AUC=0.5073 acc=0.3285
[ep 002] val_sel AUC=0.5331 acc=0.3433
[ep 003] val_sel AUC=0.5560 acc=0.3285
[ep 004] val_sel AUC=0.5680 acc=0.3285
[ep 005] val_sel AUC=0.5541 acc=0.3285
[ep 006] val_sel AUC=0.5424 acc=0.3307
[ep 007] val_sel AUC=0.5407 acc=0.3596
[ep 008] val_sel AUC=0.5391 acc=0.3484
[ep 009] val_sel AUC=0.5627 acc=0.3674
[ep 010] val_sel AUC=0.6703 acc=0.3902
[ep 011] val_sel AUC=0.6309 acc=0.4231
[ep 012] val_sel AUC=0.7617 acc=0.5556
[ep 013] val_sel AUC=0.7953 acc=0.5628
[ep 014] val_sel AUC=0.8343 acc=0.6239
[ep 015] val_sel AUC=0.8500 acc=0.6089
[ep 016] val_sel AUC=0.8678 acc=0.6950
[ep 017] val_sel AUC=0.8732 acc=0.7268
[ep 018] val_sel AUC=0.8917 acc=0.7454
[ep 019] val_sel AUC=0.8902 acc=0.7281
[ep 020] val_sel AUC=0.9004 acc=0.7727
[ep 021] val_sel AUC=0.8980 acc=0.7684
[ep 022] val_sel AUC=0.9044 acc=0.7568
[ep 023] val_sel AUC=0.9051 acc=0.7762
[ep 024] val_sel AUC=0.9120 acc=0.8105
[ep 025] val_sel AUC=0.9122 acc=0.8145
[ep 026] val_sel AUC=0.9120 acc=0.8087
[ep 027] val_sel AUC=0.9182 acc=0.8194
[ep 028] val_sel AUC=0.9166 acc=0.7979
[ep 029] val_sel AUC=0.9199 acc=0.8261
[ep 030] val_sel AUC=0.9186 acc=0.8270
[ep 031] val_sel AUC=0.9209 acc=0.8279
[ep 032] val_sel AUC=0.9209 acc=0.8295
[ep 033] val_sel AUC=0.7812 acc=0.5413
[ep 034] val_sel AUC=0.8512 acc=0.6393
[ep 035] val_sel AUC=0.8167 acc=0.6169
[ep 036] val_sel AUC=0.8864 acc=0.7442
[ep 037] val_sel AUC=0.8519 acc=0.6062
[ep 038] val_sel AUC=0.8697 acc=0.7100
[ep 039] val_sel AUC=0.8944 acc=0.7744
[ep 040] val_sel AUC=0.8373 acc=0.6677
[ep 041] val_sel AUC=0.8742 acc=0.7196
[ep 042] val_sel AUC=0.8841 acc=0.7431
[ep 043] val_sel AUC=0.8974 acc=0.7619
[ep 044] val_sel AUC=0.9160 acc=0.8026
[ep 045] val_sel AUC=0.9016 acc=0.7765
[ep 046] val_sel AUC=0.8701 acc=0.6856
[ep 047] val_sel AUC=0.8989 acc=0.7574
[ep 048] val_sel AUC=0.9167 acc=0.8031
[ep 049] val_sel AUC=0.9163 acc=0.7928
[ep 050] val_sel AUC=0.8749 acc=0.7324
[ep 051] val_sel AUC=0.9142 acc=0.7736
[ep 052] val_sel AUC=0.9155 acc=0.8026
[ep 053] val_sel AUC=0.8907 acc=0.7532
[ep 054] val_sel AUC=0.9203 acc=0.8100
[ep 055] val_sel AUC=0.8963 acc=0.7136
[ep 056] val_sel AUC=0.9035 acc=0.7646
[ep 057] val_sel AUC=0.9247 acc=0.8076
[ep 058] val_sel AUC=0.9251 acc=0.8129
[ep 059] val_sel AUC=0.8853 acc=0.7167
[ep 060] val_sel AUC=0.9193 acc=0.7964
[ep 061] val_sel AUC=0.9319 acc=0.8116
[ep 062] val_sel AUC=0.9324 acc=0.8152
[ep 063] val_sel AUC=0.9178 acc=0.8026
[ep 064] val_sel AUC=0.9146 acc=0.7827
[ep 065] val_sel AUC=0.9189 acc=0.8087
[ep 066] val_sel AUC=0.9201 acc=0.7964
[ep 067] val_sel AUC=0.9337 acc=0.8315
[ep 068] val_sel AUC=0.9328 acc=0.8355
[ep 069] val_sel AUC=0.9276 acc=0.8181
[ep 070] val_sel AUC=0.9318 acc=0.8387
[ep 071] val_sel AUC=0.9309 acc=0.8190
[ep 072] val_sel AUC=0.9181 acc=0.8172
[ep 073] val_sel AUC=0.9257 acc=0.8221
[ep 074] val_sel AUC=0.9249 acc=0.8167
[ep 075] val_sel AUC=0.9345 acc=0.8447
[ep 076] val_sel AUC=0.9356 acc=0.8476
[ep 077] val_sel AUC=0.9345 acc=0.8452
[ep 078] val_sel AUC=0.9319 acc=0.8425
[ep 079] val_sel AUC=0.9352 acc=0.8490
[ep 080] val_sel AUC=0.9346 acc=0.8449
[ep 081] val_sel AUC=0.9366 acc=0.8474
[ep 082] val_sel AUC=0.9351 acc=0.8505
[ep 083] val_sel AUC=0.9375 acc=0.8570
[ep 084] val_sel AUC=0.9317 acc=0.8454
[ep 085] val_sel AUC=0.9331 acc=0.8474
[ep 086] val_sel AUC=0.9357 acc=0.8512
[ep 087] val_sel AUC=0.9343 acc=0.8465
[ep 088] val_sel AUC=0.9337 acc=0.8496
[ep 089] val_sel AUC=0.9346 acc=0.8492
[ep 090] val_sel AUC=0.9353 acc=0.8469
[ep 091] val_sel AUC=0.9350 acc=0.8478
[ep 092] val_sel AUC=0.9349 acc=0.8494
[ep 093] val_sel AUC=0.9350 acc=0.8496
[ep 094] val_sel AUC=0.9346 acc=0.8492
[ep 095] val_sel AUC=0.9347 acc=0.8487
[ep 096] val_sel AUC=0.9346 acc=0.8483
============================================================
TEST (best val_sel epoch, held-out, evaluated once)
============================================================
[DONE-QPE2] embed=cayley model_III N=250 seed=57 test_AUC=0.9356 val_sel_AUC=0.9375 per_class=(axion=0.9446 cdm=0.8812 no_sub=0.9810) params=205476 embed_params=2017 R_frob_drift=3.8481366634368896
