[INFO] QPE2 D=64 P=8 depth=4 | embed=cayley | data=model_II N/class=100 seed=50 split_seed=0 | params=205476 embed_params=2017 lr=0.001 epochs=96 bs=32 | train(300, 64, 64) val_sel(4455, 64, 64) test(4455, 64, 64) device=cuda
[ep 001] val_sel AUC=0.5322 acc=0.3291
[ep 002] val_sel AUC=0.5450 acc=0.3473
[ep 003] val_sel AUC=0.5517 acc=0.3291
[ep 004] val_sel AUC=0.5566 acc=0.3473
[ep 005] val_sel AUC=0.5550 acc=0.3237
[ep 006] val_sel AUC=0.5537 acc=0.3473
[ep 007] val_sel AUC=0.5523 acc=0.3473
[ep 008] val_sel AUC=0.5528 acc=0.3237
[ep 009] val_sel AUC=0.5512 acc=0.3609
[ep 010] val_sel AUC=0.5507 acc=0.3291
[ep 011] val_sel AUC=0.5503 acc=0.3237
[ep 012] val_sel AUC=0.5475 acc=0.3291
[ep 013] val_sel AUC=0.5461 acc=0.3670
[ep 014] val_sel AUC=0.5446 acc=0.3291
[ep 015] val_sel AUC=0.5415 acc=0.3349
[ep 016] val_sel AUC=0.5401 acc=0.3612
[ep 017] val_sel AUC=0.5373 acc=0.3291
[ep 018] val_sel AUC=0.5364 acc=0.3558
[ep 019] val_sel AUC=0.5349 acc=0.3490
[ep 020] val_sel AUC=0.5354 acc=0.3425
[ep 021] val_sel AUC=0.5339 acc=0.3549
[ep 022] val_sel AUC=0.5339 acc=0.3522
[ep 023] val_sel AUC=0.5341 acc=0.3464
[ep 024] val_sel AUC=0.5318 acc=0.3551
[ep 025] val_sel AUC=0.5339 acc=0.3504
[ep 026] val_sel AUC=0.5346 acc=0.3533
[ep 027] val_sel AUC=0.5343 acc=0.3529
[ep 028] val_sel AUC=0.5340 acc=0.3540
[ep 029] val_sel AUC=0.5341 acc=0.3549
[ep 030] val_sel AUC=0.5341 acc=0.3533
[ep 031] val_sel AUC=0.5340 acc=0.3533
[ep 032] val_sel AUC=0.5339 acc=0.3531
[ep 033] val_sel AUC=0.5301 acc=0.3434
[ep 034] val_sel AUC=0.5379 acc=0.3571
[ep 035] val_sel AUC=0.5410 acc=0.3520
[ep 036] val_sel AUC=0.5423 acc=0.3614
[ep 037] val_sel AUC=0.5432 acc=0.3632
[ep 038] val_sel AUC=0.5477 acc=0.3733
[ep 039] val_sel AUC=0.5442 acc=0.3879
[ep 040] val_sel AUC=0.5530 acc=0.3744
[ep 041] val_sel AUC=0.5629 acc=0.3807
[ep 042] val_sel AUC=0.5732 acc=0.3582
[ep 043] val_sel AUC=0.5563 acc=0.3636
[ep 044] val_sel AUC=0.5785 acc=0.3901
[ep 045] val_sel AUC=0.5796 acc=0.4052
[ep 046] val_sel AUC=0.5886 acc=0.3969
[ep 047] val_sel AUC=0.6238 acc=0.4186
[ep 048] val_sel AUC=0.6120 acc=0.4281
[ep 049] val_sel AUC=0.6284 acc=0.3984
[ep 050] val_sel AUC=0.6262 acc=0.4258
[ep 051] val_sel AUC=0.6442 acc=0.4624
[ep 052] val_sel AUC=0.6182 acc=0.4180
[ep 053] val_sel AUC=0.6471 acc=0.4575
[ep 054] val_sel AUC=0.6897 acc=0.4777
[ep 055] val_sel AUC=0.6984 acc=0.5120
[ep 056] val_sel AUC=0.7031 acc=0.5055
[ep 057] val_sel AUC=0.7136 acc=0.5190
[ep 058] val_sel AUC=0.7298 acc=0.5001
[ep 059] val_sel AUC=0.7512 acc=0.5618
[ep 060] val_sel AUC=0.7546 acc=0.5701
[ep 061] val_sel AUC=0.7405 acc=0.5515
[ep 062] val_sel AUC=0.7346 acc=0.5277
[ep 063] val_sel AUC=0.7130 acc=0.5329
[ep 064] val_sel AUC=0.7367 acc=0.5378
[ep 065] val_sel AUC=0.7521 acc=0.5740
[ep 066] val_sel AUC=0.7624 acc=0.5816
[ep 067] val_sel AUC=0.7783 acc=0.5948
[ep 068] val_sel AUC=0.7720 acc=0.5785
[ep 069] val_sel AUC=0.7850 acc=0.5897
[ep 070] val_sel AUC=0.7886 acc=0.6229
[ep 071] val_sel AUC=0.7880 acc=0.5937
[ep 072] val_sel AUC=0.7704 acc=0.5865
[ep 073] val_sel AUC=0.7953 acc=0.6319
[ep 074] val_sel AUC=0.7958 acc=0.6144
[ep 075] val_sel AUC=0.7988 acc=0.6375
[ep 076] val_sel AUC=0.7977 acc=0.6285
[ep 077] val_sel AUC=0.7961 acc=0.6310
[ep 078] val_sel AUC=0.7978 acc=0.6292
[ep 079] val_sel AUC=0.7972 acc=0.6341
[ep 080] val_sel AUC=0.7975 acc=0.6375
[ep 081] val_sel AUC=0.8016 acc=0.6451
[ep 082] val_sel AUC=0.8022 acc=0.6460
[ep 083] val_sel AUC=0.7974 acc=0.6368
[ep 084] val_sel AUC=0.7993 acc=0.6444
[ep 085] val_sel AUC=0.8013 acc=0.6503
[ep 086] val_sel AUC=0.7998 acc=0.6415
[ep 087] val_sel AUC=0.8019 acc=0.6492
[ep 088] val_sel AUC=0.8015 acc=0.6458
[ep 089] val_sel AUC=0.8014 acc=0.6467
[ep 090] val_sel AUC=0.8012 acc=0.6480
[ep 091] val_sel AUC=0.8002 acc=0.6469
[ep 092] val_sel AUC=0.8003 acc=0.6467
[ep 093] val_sel AUC=0.8004 acc=0.6474
[ep 094] val_sel AUC=0.8005 acc=0.6465
[ep 095] val_sel AUC=0.8005 acc=0.6453
[ep 096] val_sel AUC=0.8005 acc=0.6460
============================================================
TEST (best val_sel epoch, held-out, evaluated once)
============================================================
[DONE-QPE2] embed=cayley model_II N=100 seed=50 test_AUC=0.8084 val_sel_AUC=0.8022 per_class=(axion=0.8630 cdm=0.6772 no_sub=0.8849) params=205476 embed_params=2017 R_frob_drift=3.9208426475524902
