[INFO] QPE2 D=64 P=8 depth=4 | embed=cayley | data=model_III N/class=100 seed=46 split_seed=0 | params=205476 embed_params=2017 lr=0.001 epochs=96 bs=32 | train(300, 64, 64) val_sel(4469, 64, 64) test(4470, 64, 64) device=cuda
[ep 001] val_sel AUC=0.5397 acc=0.3283
[ep 002] val_sel AUC=0.5056 acc=0.3410
[ep 003] val_sel AUC=0.5316 acc=0.3283
[ep 004] val_sel AUC=0.5249 acc=0.3433
[ep 005] val_sel AUC=0.5299 acc=0.3285
[ep 006] val_sel AUC=0.5388 acc=0.3285
[ep 007] val_sel AUC=0.5420 acc=0.3433
[ep 008] val_sel AUC=0.5413 acc=0.3433
[ep 009] val_sel AUC=0.5356 acc=0.3285
[ep 010] val_sel AUC=0.5390 acc=0.3424
[ep 011] val_sel AUC=0.5378 acc=0.3285
[ep 012] val_sel AUC=0.5428 acc=0.3283
[ep 013] val_sel AUC=0.5388 acc=0.3450
[ep 014] val_sel AUC=0.5427 acc=0.3544
[ep 015] val_sel AUC=0.5425 acc=0.3522
[ep 016] val_sel AUC=0.5506 acc=0.3594
[ep 017] val_sel AUC=0.5490 acc=0.3679
[ep 018] val_sel AUC=0.5470 acc=0.3688
[ep 019] val_sel AUC=0.5543 acc=0.3641
[ep 020] val_sel AUC=0.5537 acc=0.3627
[ep 021] val_sel AUC=0.5561 acc=0.3782
[ep 022] val_sel AUC=0.5571 acc=0.3757
[ep 023] val_sel AUC=0.5597 acc=0.3753
[ep 024] val_sel AUC=0.5606 acc=0.3804
[ep 025] val_sel AUC=0.5627 acc=0.3800
[ep 026] val_sel AUC=0.5626 acc=0.3797
[ep 027] val_sel AUC=0.5623 acc=0.3824
[ep 028] val_sel AUC=0.5641 acc=0.3844
[ep 029] val_sel AUC=0.5645 acc=0.3804
[ep 030] val_sel AUC=0.5653 acc=0.3833
[ep 031] val_sel AUC=0.5656 acc=0.3831
[ep 032] val_sel AUC=0.5657 acc=0.3824
[ep 033] val_sel AUC=0.5864 acc=0.3867
[ep 034] val_sel AUC=0.5912 acc=0.3923
[ep 035] val_sel AUC=0.5855 acc=0.4064
[ep 036] val_sel AUC=0.5907 acc=0.4041
[ep 037] val_sel AUC=0.6054 acc=0.3970
[ep 038] val_sel AUC=0.6297 acc=0.4171
[ep 039] val_sel AUC=0.6441 acc=0.4397
[ep 040] val_sel AUC=0.6815 acc=0.4885
[ep 041] val_sel AUC=0.6592 acc=0.4831
[ep 042] val_sel AUC=0.6848 acc=0.4576
[ep 043] val_sel AUC=0.7044 acc=0.4748
[ep 044] val_sel AUC=0.7956 acc=0.5151
[ep 045] val_sel AUC=0.8114 acc=0.5807
[ep 046] val_sel AUC=0.7691 acc=0.5337
[ep 047] val_sel AUC=0.7845 acc=0.4836
[ep 048] val_sel AUC=0.7997 acc=0.5860
[ep 049] val_sel AUC=0.8431 acc=0.5950
[ep 050] val_sel AUC=0.8122 acc=0.6337
[ep 051] val_sel AUC=0.8392 acc=0.6601
[ep 052] val_sel AUC=0.8267 acc=0.6268
[ep 053] val_sel AUC=0.8673 acc=0.7151
[ep 054] val_sel AUC=0.8553 acc=0.7214
[ep 055] val_sel AUC=0.8778 acc=0.7339
[ep 056] val_sel AUC=0.8401 acc=0.6438
[ep 057] val_sel AUC=0.8651 acc=0.6697
[ep 058] val_sel AUC=0.8616 acc=0.6852
[ep 059] val_sel AUC=0.8854 acc=0.7510
[ep 060] val_sel AUC=0.8744 acc=0.7248
[ep 061] val_sel AUC=0.8767 acc=0.7266
[ep 062] val_sel AUC=0.8399 acc=0.6646
[ep 063] val_sel AUC=0.8813 acc=0.7178
[ep 064] val_sel AUC=0.8992 acc=0.7480
[ep 065] val_sel AUC=0.8913 acc=0.7505
[ep 066] val_sel AUC=0.8864 acc=0.7259
[ep 067] val_sel AUC=0.8896 acc=0.7335
[ep 068] val_sel AUC=0.8787 acc=0.7407
[ep 069] val_sel AUC=0.8904 acc=0.7554
[ep 070] val_sel AUC=0.8915 acc=0.7333
[ep 071] val_sel AUC=0.8907 acc=0.7395
[ep 072] val_sel AUC=0.8886 acc=0.7080
[ep 073] val_sel AUC=0.9041 acc=0.7854
[ep 074] val_sel AUC=0.8938 acc=0.7577
[ep 075] val_sel AUC=0.9115 acc=0.7742
[ep 076] val_sel AUC=0.8959 acc=0.7664
[ep 077] val_sel AUC=0.9076 acc=0.7829
[ep 078] val_sel AUC=0.9126 acc=0.7890
[ep 079] val_sel AUC=0.9067 acc=0.7894
[ep 080] val_sel AUC=0.9133 acc=0.8009
[ep 081] val_sel AUC=0.9117 acc=0.7982
[ep 082] val_sel AUC=0.9069 acc=0.7930
[ep 083] val_sel AUC=0.9042 acc=0.7955
[ep 084] val_sel AUC=0.9087 acc=0.8009
[ep 085] val_sel AUC=0.9121 acc=0.8044
[ep 086] val_sel AUC=0.9136 acc=0.8042
[ep 087] val_sel AUC=0.9131 acc=0.8044
[ep 088] val_sel AUC=0.9137 acc=0.8038
[ep 089] val_sel AUC=0.9126 acc=0.8009
[ep 090] val_sel AUC=0.9123 acc=0.8011
[ep 091] val_sel AUC=0.9130 acc=0.8022
[ep 092] val_sel AUC=0.9128 acc=0.8017
[ep 093] val_sel AUC=0.9121 acc=0.8004
[ep 094] val_sel AUC=0.9123 acc=0.8009
[ep 095] val_sel AUC=0.9124 acc=0.8009
[ep 096] val_sel AUC=0.9124 acc=0.8009
============================================================
TEST (best val_sel epoch, held-out, evaluated once)
============================================================
[DONE-QPE2] embed=cayley model_III N=100 seed=46 test_AUC=0.9126 val_sel_AUC=0.9137 per_class=(axion=0.9399 cdm=0.8366 no_sub=0.9613) params=205476 embed_params=2017 R_frob_drift=3.536809206008911
