[INFO] QPE2 D=64 P=8 depth=4 | embed=cayley | data=model_III N/class=100 seed=48 split_seed=0 | params=205476 embed_params=2017 lr=0.001 epochs=96 bs=32 | train(300, 64, 64) val_sel(4469, 64, 64) test(4470, 64, 64) device=cuda
[ep 001] val_sel AUC=0.5833 acc=0.3283
[ep 002] val_sel AUC=0.5953 acc=0.3285
[ep 003] val_sel AUC=0.6043 acc=0.3283
[ep 004] val_sel AUC=0.6127 acc=0.3283
[ep 005] val_sel AUC=0.6165 acc=0.3285
[ep 006] val_sel AUC=0.6264 acc=0.3433
[ep 007] val_sel AUC=0.6264 acc=0.3285
[ep 008] val_sel AUC=0.6263 acc=0.3285
[ep 009] val_sel AUC=0.6293 acc=0.3433
[ep 010] val_sel AUC=0.6236 acc=0.3285
[ep 011] val_sel AUC=0.6243 acc=0.3283
[ep 012] val_sel AUC=0.6150 acc=0.3433
[ep 013] val_sel AUC=0.6146 acc=0.3285
[ep 014] val_sel AUC=0.6158 acc=0.3283
[ep 015] val_sel AUC=0.6043 acc=0.3433
[ep 016] val_sel AUC=0.5993 acc=0.3285
[ep 017] val_sel AUC=0.5960 acc=0.3283
[ep 018] val_sel AUC=0.5853 acc=0.3433
[ep 019] val_sel AUC=0.5780 acc=0.3285
[ep 020] val_sel AUC=0.5720 acc=0.3285
[ep 021] val_sel AUC=0.5624 acc=0.3598
[ep 022] val_sel AUC=0.5612 acc=0.3775
[ep 023] val_sel AUC=0.5656 acc=0.3515
[ep 024] val_sel AUC=0.5739 acc=0.3641
[ep 025] val_sel AUC=0.5727 acc=0.3623
[ep 026] val_sel AUC=0.5708 acc=0.3578
[ep 027] val_sel AUC=0.5710 acc=0.3441
[ep 028] val_sel AUC=0.5701 acc=0.3527
[ep 029] val_sel AUC=0.5692 acc=0.3744
[ep 030] val_sel AUC=0.5689 acc=0.3697
[ep 031] val_sel AUC=0.5689 acc=0.3667
[ep 032] val_sel AUC=0.5688 acc=0.3659
[ep 033] val_sel AUC=0.5598 acc=0.3580
[ep 034] val_sel AUC=0.5706 acc=0.3659
[ep 035] val_sel AUC=0.5595 acc=0.3728
[ep 036] val_sel AUC=0.5774 acc=0.3773
[ep 037] val_sel AUC=0.5959 acc=0.3902
[ep 038] val_sel AUC=0.6234 acc=0.4332
[ep 039] val_sel AUC=0.5766 acc=0.3484
[ep 040] val_sel AUC=0.5473 acc=0.3285
[ep 041] val_sel AUC=0.5602 acc=0.3764
[ep 042] val_sel AUC=0.5659 acc=0.3793
[ep 043] val_sel AUC=0.5627 acc=0.3759
[ep 044] val_sel AUC=0.5830 acc=0.3882
[ep 045] val_sel AUC=0.5725 acc=0.3397
[ep 046] val_sel AUC=0.5651 acc=0.3616
[ep 047] val_sel AUC=0.5631 acc=0.3520
[ep 048] val_sel AUC=0.5592 acc=0.3578
[ep 049] val_sel AUC=0.5622 acc=0.3439
[ep 050] val_sel AUC=0.5667 acc=0.3918
[ep 051] val_sel AUC=0.5717 acc=0.3596
[ep 052] val_sel AUC=0.5675 acc=0.3764
[ep 053] val_sel AUC=0.5814 acc=0.3880
[ep 054] val_sel AUC=0.5831 acc=0.3869
[ep 055] val_sel AUC=0.5919 acc=0.4245
[ep 056] val_sel AUC=0.5896 acc=0.4111
[ep 057] val_sel AUC=0.6069 acc=0.4017
[ep 058] val_sel AUC=0.6322 acc=0.4169
[ep 059] val_sel AUC=0.6850 acc=0.4970
[ep 060] val_sel AUC=0.7103 acc=0.5129
[ep 061] val_sel AUC=0.6910 acc=0.5279
[ep 062] val_sel AUC=0.7369 acc=0.5757
[ep 063] val_sel AUC=0.7337 acc=0.5426
[ep 064] val_sel AUC=0.7699 acc=0.5863
[ep 065] val_sel AUC=0.7785 acc=0.5836
[ep 066] val_sel AUC=0.7791 acc=0.5961
[ep 067] val_sel AUC=0.7802 acc=0.6268
[ep 068] val_sel AUC=0.8041 acc=0.6080
[ep 069] val_sel AUC=0.8310 acc=0.6632
[ep 070] val_sel AUC=0.7986 acc=0.6062
[ep 071] val_sel AUC=0.7845 acc=0.6071
[ep 072] val_sel AUC=0.8215 acc=0.6628
[ep 073] val_sel AUC=0.8482 acc=0.6854
[ep 074] val_sel AUC=0.8523 acc=0.6773
[ep 075] val_sel AUC=0.8412 acc=0.6442
[ep 076] val_sel AUC=0.8345 acc=0.6346
[ep 077] val_sel AUC=0.8612 acc=0.7058
[ep 078] val_sel AUC=0.8458 acc=0.6919
[ep 079] val_sel AUC=0.8690 acc=0.7261
[ep 080] val_sel AUC=0.8646 acc=0.7100
[ep 081] val_sel AUC=0.8726 acc=0.7181
[ep 082] val_sel AUC=0.8710 acc=0.7198
[ep 083] val_sel AUC=0.8658 acc=0.7015
[ep 084] val_sel AUC=0.8745 acc=0.7328
[ep 085] val_sel AUC=0.8716 acc=0.7317
[ep 086] val_sel AUC=0.8716 acc=0.7299
[ep 087] val_sel AUC=0.8716 acc=0.7239
[ep 088] val_sel AUC=0.8692 acc=0.7275
[ep 089] val_sel AUC=0.8688 acc=0.7270
[ep 090] val_sel AUC=0.8707 acc=0.7326
[ep 091] val_sel AUC=0.8698 acc=0.7301
[ep 092] val_sel AUC=0.8692 acc=0.7261
[ep 093] val_sel AUC=0.8686 acc=0.7266
[ep 094] val_sel AUC=0.8692 acc=0.7272
[ep 095] val_sel AUC=0.8695 acc=0.7286
[ep 096] val_sel AUC=0.8695 acc=0.7284
============================================================
TEST (best val_sel epoch, held-out, evaluated once)
============================================================
[DONE-QPE2] embed=cayley model_III N=100 seed=48 test_AUC=0.8739 val_sel_AUC=0.8745 per_class=(axion=0.9321 cdm=0.7677 no_sub=0.9218) params=205476 embed_params=2017 R_frob_drift=3.917501449584961
