[INFO] QPE2 D=64 P=8 depth=4 | embed=cayley | data=model_III N/class=100 seed=54 split_seed=0 | params=205476 embed_params=2017 lr=0.001 epochs=96 bs=32 | train(300, 64, 64) val_sel(4469, 64, 64) test(4470, 64, 64) device=cuda
[ep 001] val_sel AUC=0.5712 acc=0.3283
[ep 002] val_sel AUC=0.5182 acc=0.3379
[ep 003] val_sel AUC=0.5335 acc=0.3283
[ep 004] val_sel AUC=0.5343 acc=0.3433
[ep 005] val_sel AUC=0.5410 acc=0.3433
[ep 006] val_sel AUC=0.5524 acc=0.3285
[ep 007] val_sel AUC=0.5503 acc=0.3356
[ep 008] val_sel AUC=0.5590 acc=0.3283
[ep 009] val_sel AUC=0.5627 acc=0.3285
[ep 010] val_sel AUC=0.5682 acc=0.3283
[ep 011] val_sel AUC=0.5649 acc=0.3354
[ep 012] val_sel AUC=0.5597 acc=0.3285
[ep 013] val_sel AUC=0.5555 acc=0.3283
[ep 014] val_sel AUC=0.5444 acc=0.3383
[ep 015] val_sel AUC=0.5379 acc=0.3285
[ep 016] val_sel AUC=0.5377 acc=0.3280
[ep 017] val_sel AUC=0.5404 acc=0.3283
[ep 018] val_sel AUC=0.5390 acc=0.3433
[ep 019] val_sel AUC=0.5427 acc=0.3600
[ep 020] val_sel AUC=0.5478 acc=0.3450
[ep 021] val_sel AUC=0.5449 acc=0.3585
[ep 022] val_sel AUC=0.5427 acc=0.3495
[ep 023] val_sel AUC=0.5454 acc=0.3672
[ep 024] val_sel AUC=0.5461 acc=0.3808
[ep 025] val_sel AUC=0.5454 acc=0.3520
[ep 026] val_sel AUC=0.5445 acc=0.3589
[ep 027] val_sel AUC=0.5460 acc=0.3504
[ep 028] val_sel AUC=0.5469 acc=0.3491
[ep 029] val_sel AUC=0.5474 acc=0.3500
[ep 030] val_sel AUC=0.5477 acc=0.3504
[ep 031] val_sel AUC=0.5478 acc=0.3500
[ep 032] val_sel AUC=0.5478 acc=0.3504
[ep 033] val_sel AUC=0.5616 acc=0.3596
[ep 034] val_sel AUC=0.5787 acc=0.3788
[ep 035] val_sel AUC=0.5651 acc=0.3558
[ep 036] val_sel AUC=0.5663 acc=0.3844
[ep 037] val_sel AUC=0.5876 acc=0.3981
[ep 038] val_sel AUC=0.6203 acc=0.4133
[ep 039] val_sel AUC=0.6252 acc=0.4175
[ep 040] val_sel AUC=0.6367 acc=0.3902
[ep 041] val_sel AUC=0.6082 acc=0.4207
[ep 042] val_sel AUC=0.6682 acc=0.4265
[ep 043] val_sel AUC=0.6402 acc=0.4222
[ep 044] val_sel AUC=0.5684 acc=0.3506
[ep 045] val_sel AUC=0.5732 acc=0.3439
[ep 046] val_sel AUC=0.5801 acc=0.3710
[ep 047] val_sel AUC=0.5925 acc=0.4151
[ep 048] val_sel AUC=0.6271 acc=0.3867
[ep 049] val_sel AUC=0.6279 acc=0.3976
[ep 050] val_sel AUC=0.6261 acc=0.4323
[ep 051] val_sel AUC=0.6424 acc=0.4256
[ep 052] val_sel AUC=0.6503 acc=0.4759
[ep 053] val_sel AUC=0.6680 acc=0.4820
[ep 054] val_sel AUC=0.7007 acc=0.5261
[ep 055] val_sel AUC=0.6849 acc=0.4594
[ep 056] val_sel AUC=0.7463 acc=0.5554
[ep 057] val_sel AUC=0.7358 acc=0.5390
[ep 058] val_sel AUC=0.7700 acc=0.5952
[ep 059] val_sel AUC=0.7778 acc=0.6167
[ep 060] val_sel AUC=0.7758 acc=0.5693
[ep 061] val_sel AUC=0.7833 acc=0.6021
[ep 062] val_sel AUC=0.8243 acc=0.6666
[ep 063] val_sel AUC=0.8073 acc=0.6341
[ep 064] val_sel AUC=0.8009 acc=0.6239
[ep 065] val_sel AUC=0.8238 acc=0.6724
[ep 066] val_sel AUC=0.8206 acc=0.6814
[ep 067] val_sel AUC=0.8430 acc=0.6901
[ep 068] val_sel AUC=0.8124 acc=0.6411
[ep 069] val_sel AUC=0.8265 acc=0.6247
[ep 070] val_sel AUC=0.8289 acc=0.6585
[ep 071] val_sel AUC=0.8298 acc=0.6514
[ep 072] val_sel AUC=0.8202 acc=0.5961
[ep 073] val_sel AUC=0.8532 acc=0.7071
[ep 074] val_sel AUC=0.8573 acc=0.7069
[ep 075] val_sel AUC=0.8593 acc=0.7073
[ep 076] val_sel AUC=0.8598 acc=0.6984
[ep 077] val_sel AUC=0.8543 acc=0.6959
[ep 078] val_sel AUC=0.8599 acc=0.6981
[ep 079] val_sel AUC=0.8556 acc=0.6997
[ep 080] val_sel AUC=0.8608 acc=0.7172
[ep 081] val_sel AUC=0.8675 acc=0.7203
[ep 082] val_sel AUC=0.8598 acc=0.6968
[ep 083] val_sel AUC=0.8707 acc=0.7328
[ep 084] val_sel AUC=0.8628 acc=0.7073
[ep 085] val_sel AUC=0.8553 acc=0.6827
[ep 086] val_sel AUC=0.8681 acc=0.7185
[ep 087] val_sel AUC=0.8650 acc=0.7313
[ep 088] val_sel AUC=0.8729 acc=0.7326
[ep 089] val_sel AUC=0.8695 acc=0.7380
[ep 090] val_sel AUC=0.8714 acc=0.7373
[ep 091] val_sel AUC=0.8710 acc=0.7364
[ep 092] val_sel AUC=0.8712 acc=0.7377
[ep 093] val_sel AUC=0.8714 acc=0.7369
[ep 094] val_sel AUC=0.8713 acc=0.7375
[ep 095] val_sel AUC=0.8712 acc=0.7373
[ep 096] val_sel AUC=0.8712 acc=0.7375
============================================================
TEST (best val_sel epoch, held-out, evaluated once)
============================================================
[DONE-QPE2] embed=cayley model_III N=100 seed=54 test_AUC=0.8758 val_sel_AUC=0.8729 per_class=(axion=0.9087 cdm=0.7829 no_sub=0.9359) params=205476 embed_params=2017 R_frob_drift=3.8651154041290283
