[INFO] QPE2 D=64 P=8 depth=4 | embed=cayley | data=model_III N/class=250 seed=44 split_seed=0 | params=205476 embed_params=2017 lr=0.001 epochs=96 bs=32 | train(750, 64, 64) val_sel(4469, 64, 64) test(4470, 64, 64) device=cuda
[ep 001] val_sel AUC=0.5478 acc=0.3683
[ep 002] val_sel AUC=0.5630 acc=0.3283
[ep 003] val_sel AUC=0.5687 acc=0.3283
[ep 004] val_sel AUC=0.5732 acc=0.3283
[ep 005] val_sel AUC=0.5855 acc=0.3433
[ep 006] val_sel AUC=0.5809 acc=0.3433
[ep 007] val_sel AUC=0.5682 acc=0.3285
[ep 008] val_sel AUC=0.6019 acc=0.3285
[ep 009] val_sel AUC=0.5883 acc=0.3433
[ep 010] val_sel AUC=0.6707 acc=0.3383
[ep 011] val_sel AUC=0.6973 acc=0.5032
[ep 012] val_sel AUC=0.7364 acc=0.4594
[ep 013] val_sel AUC=0.8370 acc=0.6341
[ep 014] val_sel AUC=0.7899 acc=0.5966
[ep 015] val_sel AUC=0.8555 acc=0.6901
[ep 016] val_sel AUC=0.8642 acc=0.6930
[ep 017] val_sel AUC=0.8636 acc=0.7297
[ep 018] val_sel AUC=0.8573 acc=0.6661
[ep 019] val_sel AUC=0.9039 acc=0.7720
[ep 020] val_sel AUC=0.8900 acc=0.7286
[ep 021] val_sel AUC=0.8967 acc=0.7395
[ep 022] val_sel AUC=0.9244 acc=0.8149
[ep 023] val_sel AUC=0.9160 acc=0.8033
[ep 024] val_sel AUC=0.9181 acc=0.7919
[ep 025] val_sel AUC=0.9244 acc=0.8102
[ep 026] val_sel AUC=0.9309 acc=0.8235
[ep 027] val_sel AUC=0.9324 acc=0.8342
[ep 028] val_sel AUC=0.9305 acc=0.8270
[ep 029] val_sel AUC=0.9318 acc=0.8266
[ep 030] val_sel AUC=0.9331 acc=0.8322
[ep 031] val_sel AUC=0.9328 acc=0.8315
[ep 032] val_sel AUC=0.9331 acc=0.8328
[ep 033] val_sel AUC=0.7565 acc=0.5171
[ep 034] val_sel AUC=0.8386 acc=0.6713
[ep 035] val_sel AUC=0.8616 acc=0.6787
[ep 036] val_sel AUC=0.8384 acc=0.6272
[ep 037] val_sel AUC=0.8410 acc=0.6847
[ep 038] val_sel AUC=0.8902 acc=0.7075
[ep 039] val_sel AUC=0.9066 acc=0.7756
[ep 040] val_sel AUC=0.8956 acc=0.7281
[ep 041] val_sel AUC=0.8996 acc=0.7489
[ep 042] val_sel AUC=0.9209 acc=0.7872
[ep 043] val_sel AUC=0.9243 acc=0.8176
[ep 044] val_sel AUC=0.9217 acc=0.7912
[ep 045] val_sel AUC=0.9014 acc=0.7456
[ep 046] val_sel AUC=0.9019 acc=0.7536
[ep 047] val_sel AUC=0.9218 acc=0.8038
[ep 048] val_sel AUC=0.8753 acc=0.7203
[ep 049] val_sel AUC=0.9281 acc=0.8120
[ep 050] val_sel AUC=0.9228 acc=0.8132
[ep 051] val_sel AUC=0.9170 acc=0.8006
[ep 052] val_sel AUC=0.8619 acc=0.6590
[ep 053] val_sel AUC=0.9242 acc=0.8076
[ep 054] val_sel AUC=0.9054 acc=0.7351
[ep 055] val_sel AUC=0.9083 acc=0.7610
[ep 056] val_sel AUC=0.9184 acc=0.7861
[ep 057] val_sel AUC=0.9077 acc=0.7686
[ep 058] val_sel AUC=0.9148 acc=0.7930
[ep 059] val_sel AUC=0.8878 acc=0.7463
[ep 060] val_sel AUC=0.9297 acc=0.8243
[ep 061] val_sel AUC=0.9293 acc=0.8297
[ep 062] val_sel AUC=0.9210 acc=0.8194
[ep 063] val_sel AUC=0.9326 acc=0.8210
[ep 064] val_sel AUC=0.9284 acc=0.8239
[ep 065] val_sel AUC=0.9352 acc=0.8221
[ep 066] val_sel AUC=0.9282 acc=0.8044
[ep 067] val_sel AUC=0.8975 acc=0.7279
[ep 068] val_sel AUC=0.9196 acc=0.8071
[ep 069] val_sel AUC=0.9246 acc=0.7953
[ep 070] val_sel AUC=0.9349 acc=0.8349
[ep 071] val_sel AUC=0.9330 acc=0.8266
[ep 072] val_sel AUC=0.9328 acc=0.8355
[ep 073] val_sel AUC=0.9352 acc=0.8371
[ep 074] val_sel AUC=0.9378 acc=0.8467
[ep 075] val_sel AUC=0.9360 acc=0.8425
[ep 076] val_sel AUC=0.9412 acc=0.8566
[ep 077] val_sel AUC=0.9380 acc=0.8525
[ep 078] val_sel AUC=0.9309 acc=0.8322
[ep 079] val_sel AUC=0.9348 acc=0.8416
[ep 080] val_sel AUC=0.9398 acc=0.8478
[ep 081] val_sel AUC=0.9391 acc=0.8534
[ep 082] val_sel AUC=0.9395 acc=0.8523
[ep 083] val_sel AUC=0.9376 acc=0.8483
[ep 084] val_sel AUC=0.9355 acc=0.8326
[ep 085] val_sel AUC=0.9370 acc=0.8467
[ep 086] val_sel AUC=0.9368 acc=0.8514
[ep 087] val_sel AUC=0.9380 acc=0.8507
[ep 088] val_sel AUC=0.9384 acc=0.8510
[ep 089] val_sel AUC=0.9387 acc=0.8523
[ep 090] val_sel AUC=0.9388 acc=0.8519
[ep 091] val_sel AUC=0.9389 acc=0.8519
[ep 092] val_sel AUC=0.9386 acc=0.8512
[ep 093] val_sel AUC=0.9393 acc=0.8532
[ep 094] val_sel AUC=0.9387 acc=0.8512
[ep 095] val_sel AUC=0.9390 acc=0.8516
[ep 096] val_sel AUC=0.9389 acc=0.8523
============================================================
TEST (best val_sel epoch, held-out, evaluated once)
============================================================
[DONE-QPE2] embed=cayley model_III N=250 seed=44 test_AUC=0.9434 val_sel_AUC=0.9412 per_class=(axion=0.9561 cdm=0.8960 no_sub=0.9780) params=205476 embed_params=2017 R_frob_drift=3.857487678527832
