[INFO] QPE2 D=64 P=8 depth=4 | embed=cayley | data=model_III N/class=250 seed=50 split_seed=0 | params=205476 embed_params=2017 lr=0.001 epochs=96 bs=32 | train(750, 64, 64) val_sel(4469, 64, 64) test(4470, 64, 64) device=cuda
[ep 001] val_sel AUC=0.5590 acc=0.3283
[ep 002] val_sel AUC=0.5661 acc=0.3283
[ep 003] val_sel AUC=0.5604 acc=0.3285
[ep 004] val_sel AUC=0.5610 acc=0.3283
[ep 005] val_sel AUC=0.5612 acc=0.3433
[ep 006] val_sel AUC=0.5580 acc=0.3433
[ep 007] val_sel AUC=0.5527 acc=0.3285
[ep 008] val_sel AUC=0.5520 acc=0.3285
[ep 009] val_sel AUC=0.5481 acc=0.3283
[ep 010] val_sel AUC=0.5375 acc=0.3285
[ep 011] val_sel AUC=0.5331 acc=0.3283
[ep 012] val_sel AUC=0.5402 acc=0.3283
[ep 013] val_sel AUC=0.5320 acc=0.3433
[ep 014] val_sel AUC=0.5371 acc=0.3565
[ep 015] val_sel AUC=0.5939 acc=0.3495
[ep 016] val_sel AUC=0.6626 acc=0.4820
[ep 017] val_sel AUC=0.7315 acc=0.5021
[ep 018] val_sel AUC=0.8017 acc=0.5825
[ep 019] val_sel AUC=0.8011 acc=0.5986
[ep 020] val_sel AUC=0.8733 acc=0.6885
[ep 021] val_sel AUC=0.8838 acc=0.7234
[ep 022] val_sel AUC=0.9027 acc=0.7463
[ep 023] val_sel AUC=0.9094 acc=0.7662
[ep 024] val_sel AUC=0.8920 acc=0.7478
[ep 025] val_sel AUC=0.9112 acc=0.7599
[ep 026] val_sel AUC=0.9222 acc=0.8076
[ep 027] val_sel AUC=0.9232 acc=0.8098
[ep 028] val_sel AUC=0.9257 acc=0.8147
[ep 029] val_sel AUC=0.9256 acc=0.8147
[ep 030] val_sel AUC=0.9259 acc=0.8158
[ep 031] val_sel AUC=0.9256 acc=0.8100
[ep 032] val_sel AUC=0.9261 acc=0.8152
[ep 033] val_sel AUC=0.8844 acc=0.7216
[ep 034] val_sel AUC=0.8948 acc=0.7431
[ep 035] val_sel AUC=0.8351 acc=0.5518
[ep 036] val_sel AUC=0.8756 acc=0.7143
[ep 037] val_sel AUC=0.8972 acc=0.7353
[ep 038] val_sel AUC=0.9086 acc=0.7709
[ep 039] val_sel AUC=0.8641 acc=0.6740
[ep 040] val_sel AUC=0.9195 acc=0.7847
[ep 041] val_sel AUC=0.9007 acc=0.7413
[ep 042] val_sel AUC=0.9156 acc=0.7794
[ep 043] val_sel AUC=0.9149 acc=0.7762
[ep 044] val_sel AUC=0.9264 acc=0.7926
[ep 045] val_sel AUC=0.9200 acc=0.7469
[ep 046] val_sel AUC=0.9188 acc=0.7617
[ep 047] val_sel AUC=0.9315 acc=0.8026
[ep 048] val_sel AUC=0.8930 acc=0.7091
[ep 049] val_sel AUC=0.9076 acc=0.7525
[ep 050] val_sel AUC=0.9243 acc=0.7932
[ep 051] val_sel AUC=0.9225 acc=0.8015
[ep 052] val_sel AUC=0.9107 acc=0.7706
[ep 053] val_sel AUC=0.9216 acc=0.7890
[ep 054] val_sel AUC=0.9310 acc=0.8201
[ep 055] val_sel AUC=0.9116 acc=0.7635
[ep 056] val_sel AUC=0.9215 acc=0.7729
[ep 057] val_sel AUC=0.9340 acc=0.8179
[ep 058] val_sel AUC=0.9164 acc=0.7888
[ep 059] val_sel AUC=0.9289 acc=0.7829
[ep 060] val_sel AUC=0.9370 acc=0.8322
[ep 061] val_sel AUC=0.9284 acc=0.8158
[ep 062] val_sel AUC=0.9370 acc=0.8194
[ep 063] val_sel AUC=0.9349 acc=0.8266
[ep 064] val_sel AUC=0.9302 acc=0.8109
[ep 065] val_sel AUC=0.9220 acc=0.7991
[ep 066] val_sel AUC=0.9379 acc=0.8407
[ep 067] val_sel AUC=0.9369 acc=0.8062
[ep 068] val_sel AUC=0.9356 acc=0.8241
[ep 069] val_sel AUC=0.9257 acc=0.8165
[ep 070] val_sel AUC=0.9365 acc=0.8324
[ep 071] val_sel AUC=0.9118 acc=0.7552
[ep 072] val_sel AUC=0.9238 acc=0.8058
[ep 073] val_sel AUC=0.9319 acc=0.8201
[ep 074] val_sel AUC=0.9404 acc=0.8469
[ep 075] val_sel AUC=0.9389 acc=0.8340
[ep 076] val_sel AUC=0.9330 acc=0.8080
[ep 077] val_sel AUC=0.9406 acc=0.8514
[ep 078] val_sel AUC=0.9406 acc=0.8420
[ep 079] val_sel AUC=0.9393 acc=0.8405
[ep 080] val_sel AUC=0.9397 acc=0.8452
[ep 081] val_sel AUC=0.9380 acc=0.8409
[ep 082] val_sel AUC=0.9370 acc=0.8438
[ep 083] val_sel AUC=0.9391 acc=0.8418
[ep 084] val_sel AUC=0.9391 acc=0.8485
[ep 085] val_sel AUC=0.9388 acc=0.8405
[ep 086] val_sel AUC=0.9356 acc=0.8355
[ep 087] val_sel AUC=0.9348 acc=0.8418
[ep 088] val_sel AUC=0.9346 acc=0.8440
[ep 089] val_sel AUC=0.9356 acc=0.8414
[ep 090] val_sel AUC=0.9326 acc=0.8402
[ep 091] val_sel AUC=0.9344 acc=0.8429
[ep 092] val_sel AUC=0.9332 acc=0.8418
[ep 093] val_sel AUC=0.9336 acc=0.8414
[ep 094] val_sel AUC=0.9333 acc=0.8402
[ep 095] val_sel AUC=0.9331 acc=0.8402
[ep 096] val_sel AUC=0.9330 acc=0.8409
============================================================
TEST (best val_sel epoch, held-out, evaluated once)
============================================================
[DONE-QPE2] embed=cayley model_III N=250 seed=50 test_AUC=0.9373 val_sel_AUC=0.9406 per_class=(axion=0.9453 cdm=0.8837 no_sub=0.9830) params=205476 embed_params=2017 R_frob_drift=3.854297399520874
