[INFO] QPE2 D=64 P=8 depth=4 | embed=cayley | data=model_III N/class=100 seed=55 split_seed=0 | params=205476 embed_params=2017 lr=0.001 epochs=96 bs=32 | train(300, 64, 64) val_sel(4469, 64, 64) test(4470, 64, 64) device=cuda
[ep 001] val_sel AUC=0.4754 acc=0.3433
[ep 002] val_sel AUC=0.4934 acc=0.3283
[ep 003] val_sel AUC=0.4942 acc=0.3433
[ep 004] val_sel AUC=0.5011 acc=0.3285
[ep 005] val_sel AUC=0.5030 acc=0.3433
[ep 006] val_sel AUC=0.5073 acc=0.3486
[ep 007] val_sel AUC=0.5092 acc=0.3285
[ep 008] val_sel AUC=0.5155 acc=0.3283
[ep 009] val_sel AUC=0.5141 acc=0.3433
[ep 010] val_sel AUC=0.5179 acc=0.3285
[ep 011] val_sel AUC=0.5180 acc=0.3285
[ep 012] val_sel AUC=0.5221 acc=0.3283
[ep 013] val_sel AUC=0.5235 acc=0.3433
[ep 014] val_sel AUC=0.5244 acc=0.3285
[ep 015] val_sel AUC=0.5272 acc=0.3316
[ep 016] val_sel AUC=0.5262 acc=0.3390
[ep 017] val_sel AUC=0.5287 acc=0.3283
[ep 018] val_sel AUC=0.5257 acc=0.3433
[ep 019] val_sel AUC=0.5282 acc=0.3352
[ep 020] val_sel AUC=0.5287 acc=0.3433
[ep 021] val_sel AUC=0.5297 acc=0.3307
[ep 022] val_sel AUC=0.5276 acc=0.3285
[ep 023] val_sel AUC=0.5263 acc=0.3267
[ep 024] val_sel AUC=0.5285 acc=0.3410
[ep 025] val_sel AUC=0.5291 acc=0.3363
[ep 026] val_sel AUC=0.5293 acc=0.3334
[ep 027] val_sel AUC=0.5280 acc=0.3625
[ep 028] val_sel AUC=0.5279 acc=0.3663
[ep 029] val_sel AUC=0.5281 acc=0.3620
[ep 030] val_sel AUC=0.5282 acc=0.3471
[ep 031] val_sel AUC=0.5282 acc=0.3509
[ep 032] val_sel AUC=0.5282 acc=0.3466
[ep 033] val_sel AUC=0.5259 acc=0.3370
[ep 034] val_sel AUC=0.5277 acc=0.3569
[ep 035] val_sel AUC=0.5332 acc=0.3620
[ep 036] val_sel AUC=0.5323 acc=0.3488
[ep 037] val_sel AUC=0.5407 acc=0.3603
[ep 038] val_sel AUC=0.5570 acc=0.3620
[ep 039] val_sel AUC=0.5690 acc=0.3876
[ep 040] val_sel AUC=0.5483 acc=0.3471
[ep 041] val_sel AUC=0.5571 acc=0.3285
[ep 042] val_sel AUC=0.5533 acc=0.3556
[ep 043] val_sel AUC=0.5568 acc=0.3721
[ep 044] val_sel AUC=0.5658 acc=0.3846
[ep 045] val_sel AUC=0.5718 acc=0.3652
[ep 046] val_sel AUC=0.5953 acc=0.4213
[ep 047] val_sel AUC=0.6250 acc=0.4287
[ep 048] val_sel AUC=0.6523 acc=0.4507
[ep 049] val_sel AUC=0.6909 acc=0.3990
[ep 050] val_sel AUC=0.6627 acc=0.4113
[ep 051] val_sel AUC=0.6330 acc=0.4124
[ep 052] val_sel AUC=0.6721 acc=0.4692
[ep 053] val_sel AUC=0.7100 acc=0.5393
[ep 054] val_sel AUC=0.7235 acc=0.5109
[ep 055] val_sel AUC=0.7277 acc=0.5359
[ep 056] val_sel AUC=0.7050 acc=0.4979
[ep 057] val_sel AUC=0.7189 acc=0.5220
[ep 058] val_sel AUC=0.7554 acc=0.5825
[ep 059] val_sel AUC=0.7516 acc=0.5303
[ep 060] val_sel AUC=0.7430 acc=0.5536
[ep 061] val_sel AUC=0.7693 acc=0.5881
[ep 062] val_sel AUC=0.8069 acc=0.6476
[ep 063] val_sel AUC=0.8092 acc=0.6221
[ep 064] val_sel AUC=0.8032 acc=0.6120
[ep 065] val_sel AUC=0.8199 acc=0.6534
[ep 066] val_sel AUC=0.8071 acc=0.6268
[ep 067] val_sel AUC=0.8432 acc=0.6782
[ep 068] val_sel AUC=0.8374 acc=0.6648
[ep 069] val_sel AUC=0.8337 acc=0.6702
[ep 070] val_sel AUC=0.8487 acc=0.6977
[ep 071] val_sel AUC=0.8514 acc=0.7015
[ep 072] val_sel AUC=0.8648 acc=0.7058
[ep 073] val_sel AUC=0.8343 acc=0.6520
[ep 074] val_sel AUC=0.8583 acc=0.6874
[ep 075] val_sel AUC=0.8411 acc=0.6686
[ep 076] val_sel AUC=0.8561 acc=0.7026
[ep 077] val_sel AUC=0.8627 acc=0.7239
[ep 078] val_sel AUC=0.8751 acc=0.7375
[ep 079] val_sel AUC=0.8763 acc=0.7337
[ep 080] val_sel AUC=0.8707 acc=0.7241
[ep 081] val_sel AUC=0.8794 acc=0.7373
[ep 082] val_sel AUC=0.8699 acc=0.7250
[ep 083] val_sel AUC=0.8799 acc=0.7299
[ep 084] val_sel AUC=0.8830 acc=0.7364
[ep 085] val_sel AUC=0.8795 acc=0.7328
[ep 086] val_sel AUC=0.8807 acc=0.7369
[ep 087] val_sel AUC=0.8822 acc=0.7351
[ep 088] val_sel AUC=0.8844 acc=0.7478
[ep 089] val_sel AUC=0.8833 acc=0.7407
[ep 090] val_sel AUC=0.8823 acc=0.7386
[ep 091] val_sel AUC=0.8817 acc=0.7384
[ep 092] val_sel AUC=0.8798 acc=0.7335
[ep 093] val_sel AUC=0.8812 acc=0.7389
[ep 094] val_sel AUC=0.8812 acc=0.7386
[ep 095] val_sel AUC=0.8813 acc=0.7391
[ep 096] val_sel AUC=0.8814 acc=0.7389
============================================================
TEST (best val_sel epoch, held-out, evaluated once)
============================================================
[DONE-QPE2] embed=cayley model_III N=100 seed=55 test_AUC=0.8835 val_sel_AUC=0.8844 per_class=(axion=0.9272 cdm=0.7825 no_sub=0.9409) params=205476 embed_params=2017 R_frob_drift=4.109368324279785
