[INFO] QPE2 D=64 P=8 depth=4 | embed=cayley | data=model_III N/class=100 seed=59 split_seed=0 | params=205476 embed_params=2017 lr=0.001 epochs=96 bs=32 | train(300, 64, 64) val_sel(4469, 64, 64) test(4470, 64, 64) device=cuda
[ep 001] val_sel AUC=0.4436 acc=0.3433
[ep 002] val_sel AUC=0.4736 acc=0.3285
[ep 003] val_sel AUC=0.4973 acc=0.3433
[ep 004] val_sel AUC=0.5058 acc=0.3285
[ep 005] val_sel AUC=0.5230 acc=0.3283
[ep 006] val_sel AUC=0.5240 acc=0.3433
[ep 007] val_sel AUC=0.5246 acc=0.3285
[ep 008] val_sel AUC=0.5257 acc=0.3361
[ep 009] val_sel AUC=0.5259 acc=0.3283
[ep 010] val_sel AUC=0.5207 acc=0.3285
[ep 011] val_sel AUC=0.5170 acc=0.3433
[ep 012] val_sel AUC=0.5176 acc=0.3283
[ep 013] val_sel AUC=0.5147 acc=0.3388
[ep 014] val_sel AUC=0.5127 acc=0.3374
[ep 015] val_sel AUC=0.5124 acc=0.3506
[ep 016] val_sel AUC=0.5153 acc=0.3453
[ep 017] val_sel AUC=0.5155 acc=0.3480
[ep 018] val_sel AUC=0.5154 acc=0.3471
[ep 019] val_sel AUC=0.5163 acc=0.3383
[ep 020] val_sel AUC=0.5196 acc=0.3506
[ep 021] val_sel AUC=0.5190 acc=0.3515
[ep 022] val_sel AUC=0.5189 acc=0.3486
[ep 023] val_sel AUC=0.5194 acc=0.3439
[ep 024] val_sel AUC=0.5219 acc=0.3491
[ep 025] val_sel AUC=0.5233 acc=0.3457
[ep 026] val_sel AUC=0.5222 acc=0.3488
[ep 027] val_sel AUC=0.5230 acc=0.3511
[ep 028] val_sel AUC=0.5236 acc=0.3495
[ep 029] val_sel AUC=0.5239 acc=0.3522
[ep 030] val_sel AUC=0.5240 acc=0.3515
[ep 031] val_sel AUC=0.5241 acc=0.3518
[ep 032] val_sel AUC=0.5242 acc=0.3515
[ep 033] val_sel AUC=0.5437 acc=0.3562
[ep 034] val_sel AUC=0.5672 acc=0.3844
[ep 035] val_sel AUC=0.5749 acc=0.3612
[ep 036] val_sel AUC=0.5933 acc=0.3629
[ep 037] val_sel AUC=0.5968 acc=0.3838
[ep 038] val_sel AUC=0.6103 acc=0.4153
[ep 039] val_sel AUC=0.6923 acc=0.4961
[ep 040] val_sel AUC=0.5886 acc=0.3795
[ep 041] val_sel AUC=0.6488 acc=0.4592
[ep 042] val_sel AUC=0.6889 acc=0.4938
[ep 043] val_sel AUC=0.7365 acc=0.5534
[ep 044] val_sel AUC=0.6943 acc=0.5176
[ep 045] val_sel AUC=0.7617 acc=0.5762
[ep 046] val_sel AUC=0.7796 acc=0.6066
[ep 047] val_sel AUC=0.7954 acc=0.5966
[ep 048] val_sel AUC=0.7899 acc=0.5778
[ep 049] val_sel AUC=0.8064 acc=0.6194
[ep 050] val_sel AUC=0.8136 acc=0.6420
[ep 051] val_sel AUC=0.8279 acc=0.6411
[ep 052] val_sel AUC=0.8484 acc=0.6977
[ep 053] val_sel AUC=0.8224 acc=0.5934
[ep 054] val_sel AUC=0.8478 acc=0.6382
[ep 055] val_sel AUC=0.8565 acc=0.7125
[ep 056] val_sel AUC=0.8666 acc=0.6975
[ep 057] val_sel AUC=0.8632 acc=0.7008
[ep 058] val_sel AUC=0.8558 acc=0.6538
[ep 059] val_sel AUC=0.8628 acc=0.6744
[ep 060] val_sel AUC=0.8654 acc=0.7075
[ep 061] val_sel AUC=0.8495 acc=0.6288
[ep 062] val_sel AUC=0.8585 acc=0.6256
[ep 063] val_sel AUC=0.8616 acc=0.7060
[ep 064] val_sel AUC=0.8740 acc=0.7149
[ep 065] val_sel AUC=0.8793 acc=0.7044
[ep 066] val_sel AUC=0.8632 acc=0.7239
[ep 067] val_sel AUC=0.8593 acc=0.6867
[ep 068] val_sel AUC=0.8893 acc=0.7630
[ep 069] val_sel AUC=0.8827 acc=0.7398
[ep 070] val_sel AUC=0.8827 acc=0.7344
[ep 071] val_sel AUC=0.8854 acc=0.7286
[ep 072] val_sel AUC=0.8901 acc=0.7512
[ep 073] val_sel AUC=0.8905 acc=0.7727
[ep 074] val_sel AUC=0.8874 acc=0.7333
[ep 075] val_sel AUC=0.8824 acc=0.7492
[ep 076] val_sel AUC=0.8897 acc=0.7621
[ep 077] val_sel AUC=0.8856 acc=0.7427
[ep 078] val_sel AUC=0.8940 acc=0.7648
[ep 079] val_sel AUC=0.8897 acc=0.7306
[ep 080] val_sel AUC=0.8959 acc=0.7693
[ep 081] val_sel AUC=0.8983 acc=0.7753
[ep 082] val_sel AUC=0.8970 acc=0.7637
[ep 083] val_sel AUC=0.8965 acc=0.7704
[ep 084] val_sel AUC=0.8943 acc=0.7527
[ep 085] val_sel AUC=0.8976 acc=0.7776
[ep 086] val_sel AUC=0.8983 acc=0.7722
[ep 087] val_sel AUC=0.9011 acc=0.7836
[ep 088] val_sel AUC=0.9003 acc=0.7800
[ep 089] val_sel AUC=0.8992 acc=0.7747
[ep 090] val_sel AUC=0.8998 acc=0.7789
[ep 091] val_sel AUC=0.8996 acc=0.7794
[ep 092] val_sel AUC=0.8992 acc=0.7785
[ep 093] val_sel AUC=0.8988 acc=0.7744
[ep 094] val_sel AUC=0.8989 acc=0.7749
[ep 095] val_sel AUC=0.8991 acc=0.7771
[ep 096] val_sel AUC=0.8992 acc=0.7771
============================================================
TEST (best val_sel epoch, held-out, evaluated once)
============================================================
[DONE-QPE2] embed=cayley model_III N=100 seed=59 test_AUC=0.9024 val_sel_AUC=0.9011 per_class=(axion=0.9274 cdm=0.8187 no_sub=0.9611) params=205476 embed_params=2017 R_frob_drift=3.776031494140625
