[INFO] QPE2 D=64 P=8 depth=4 | embed=cayley | data=model_II N/class=250 seed=50 split_seed=0 | params=205476 embed_params=2017 lr=0.001 epochs=96 bs=32 | train(750, 64, 64) val_sel(4455, 64, 64) test(4455, 64, 64) device=cuda
[ep 001] val_sel AUC=0.5648 acc=0.3473
[ep 002] val_sel AUC=0.5718 acc=0.3291
[ep 003] val_sel AUC=0.5722 acc=0.3237
[ep 004] val_sel AUC=0.5704 acc=0.3291
[ep 005] val_sel AUC=0.5686 acc=0.3473
[ep 006] val_sel AUC=0.5668 acc=0.3473
[ep 007] val_sel AUC=0.5591 acc=0.3237
[ep 008] val_sel AUC=0.5519 acc=0.3237
[ep 009] val_sel AUC=0.5430 acc=0.3291
[ep 010] val_sel AUC=0.5431 acc=0.3237
[ep 011] val_sel AUC=0.5358 acc=0.3291
[ep 012] val_sel AUC=0.5395 acc=0.3371
[ep 013] val_sel AUC=0.5404 acc=0.3473
[ep 014] val_sel AUC=0.5299 acc=0.3659
[ep 015] val_sel AUC=0.5330 acc=0.3585
[ep 016] val_sel AUC=0.5269 acc=0.3542
[ep 017] val_sel AUC=0.5253 acc=0.3405
[ep 018] val_sel AUC=0.5269 acc=0.3481
[ep 019] val_sel AUC=0.5269 acc=0.3654
[ep 020] val_sel AUC=0.5208 acc=0.3481
[ep 021] val_sel AUC=0.5226 acc=0.3621
[ep 022] val_sel AUC=0.5223 acc=0.3578
[ep 023] val_sel AUC=0.5253 acc=0.3513
[ep 024] val_sel AUC=0.5302 acc=0.3663
[ep 025] val_sel AUC=0.5353 acc=0.3654
[ep 026] val_sel AUC=0.5295 acc=0.3571
[ep 027] val_sel AUC=0.5367 acc=0.3735
[ep 028] val_sel AUC=0.5390 acc=0.3706
[ep 029] val_sel AUC=0.5461 acc=0.3708
[ep 030] val_sel AUC=0.5453 acc=0.3677
[ep 031] val_sel AUC=0.5464 acc=0.3670
[ep 032] val_sel AUC=0.5473 acc=0.3695
[ep 033] val_sel AUC=0.5174 acc=0.3407
[ep 034] val_sel AUC=0.5267 acc=0.3459
[ep 035] val_sel AUC=0.5390 acc=0.3612
[ep 036] val_sel AUC=0.5345 acc=0.3582
[ep 037] val_sel AUC=0.5481 acc=0.3726
[ep 038] val_sel AUC=0.5501 acc=0.3367
[ep 039] val_sel AUC=0.5441 acc=0.3623
[ep 040] val_sel AUC=0.5551 acc=0.3701
[ep 041] val_sel AUC=0.5351 acc=0.3540
[ep 042] val_sel AUC=0.5723 acc=0.3416
[ep 043] val_sel AUC=0.5711 acc=0.3439
[ep 044] val_sel AUC=0.5752 acc=0.3856
[ep 045] val_sel AUC=0.5826 acc=0.3832
[ep 046] val_sel AUC=0.6065 acc=0.3917
[ep 047] val_sel AUC=0.5695 acc=0.3666
[ep 048] val_sel AUC=0.6173 acc=0.4215
[ep 049] val_sel AUC=0.6488 acc=0.4276
[ep 050] val_sel AUC=0.6705 acc=0.4577
[ep 051] val_sel AUC=0.6640 acc=0.3825
[ep 052] val_sel AUC=0.6747 acc=0.4907
[ep 053] val_sel AUC=0.7041 acc=0.5100
[ep 054] val_sel AUC=0.7563 acc=0.5576
[ep 055] val_sel AUC=0.6604 acc=0.4411
[ep 056] val_sel AUC=0.6695 acc=0.4339
[ep 057] val_sel AUC=0.7415 acc=0.5208
[ep 058] val_sel AUC=0.7597 acc=0.5881
[ep 059] val_sel AUC=0.7562 acc=0.5365
[ep 060] val_sel AUC=0.8303 acc=0.6593
[ep 061] val_sel AUC=0.8408 acc=0.6804
[ep 062] val_sel AUC=0.7959 acc=0.5962
[ep 063] val_sel AUC=0.8635 acc=0.7239
[ep 064] val_sel AUC=0.8496 acc=0.6747
[ep 065] val_sel AUC=0.8510 acc=0.6862
[ep 066] val_sel AUC=0.8597 acc=0.6947
[ep 067] val_sel AUC=0.8470 acc=0.6530
[ep 068] val_sel AUC=0.8786 acc=0.7187
[ep 069] val_sel AUC=0.8885 acc=0.7313
[ep 070] val_sel AUC=0.8853 acc=0.7578
[ep 071] val_sel AUC=0.8834 acc=0.7268
[ep 072] val_sel AUC=0.8891 acc=0.7412
[ep 073] val_sel AUC=0.8967 acc=0.7654
[ep 074] val_sel AUC=0.8953 acc=0.7515
[ep 075] val_sel AUC=0.9050 acc=0.7569
[ep 076] val_sel AUC=0.8871 acc=0.7320
[ep 077] val_sel AUC=0.8949 acc=0.7488
[ep 078] val_sel AUC=0.9049 acc=0.7793
[ep 079] val_sel AUC=0.9066 acc=0.7820
[ep 080] val_sel AUC=0.9040 acc=0.7760
[ep 081] val_sel AUC=0.9012 acc=0.7710
[ep 082] val_sel AUC=0.9061 acc=0.7802
[ep 083] val_sel AUC=0.9043 acc=0.7818
[ep 084] val_sel AUC=0.9077 acc=0.7861
[ep 085] val_sel AUC=0.9103 acc=0.7892
[ep 086] val_sel AUC=0.9088 acc=0.7874
[ep 087] val_sel AUC=0.9105 acc=0.7915
[ep 088] val_sel AUC=0.9092 acc=0.7903
[ep 089] val_sel AUC=0.9080 acc=0.7843
[ep 090] val_sel AUC=0.9091 acc=0.7877
[ep 091] val_sel AUC=0.9087 acc=0.7843
[ep 092] val_sel AUC=0.9086 acc=0.7872
[ep 093] val_sel AUC=0.9088 acc=0.7872
[ep 094] val_sel AUC=0.9086 acc=0.7872
[ep 095] val_sel AUC=0.9086 acc=0.7872
[ep 096] val_sel AUC=0.9086 acc=0.7868
============================================================
TEST (best val_sel epoch, held-out, evaluated once)
============================================================
[DONE-QPE2] embed=cayley model_II N=250 seed=50 test_AUC=0.9184 val_sel_AUC=0.9105 per_class=(axion=0.9359 cdm=0.8486 no_sub=0.9706) params=205476 embed_params=2017 R_frob_drift=4.487810134887695
