[INFO] QPE2 D=64 P=8 depth=4 | embed=cayley | data=model_II N/class=250 seed=43 split_seed=0 | params=205476 embed_params=2017 lr=0.001 epochs=96 bs=32 | train(750, 64, 64) val_sel(4455, 64, 64) test(4455, 64, 64) device=cuda
[ep 001] val_sel AUC=0.5008 acc=0.3473
[ep 002] val_sel AUC=0.5090 acc=0.3473
[ep 003] val_sel AUC=0.5232 acc=0.3473
[ep 004] val_sel AUC=0.5337 acc=0.3291
[ep 005] val_sel AUC=0.5397 acc=0.3237
[ep 006] val_sel AUC=0.5447 acc=0.3237
[ep 007] val_sel AUC=0.5503 acc=0.3473
[ep 008] val_sel AUC=0.5564 acc=0.3291
[ep 009] val_sel AUC=0.5603 acc=0.3291
[ep 010] val_sel AUC=0.5607 acc=0.3291
[ep 011] val_sel AUC=0.5619 acc=0.3473
[ep 012] val_sel AUC=0.5585 acc=0.3291
[ep 013] val_sel AUC=0.5594 acc=0.3291
[ep 014] val_sel AUC=0.5691 acc=0.3237
[ep 015] val_sel AUC=0.5644 acc=0.3473
[ep 016] val_sel AUC=0.5896 acc=0.3291
[ep 017] val_sel AUC=0.5953 acc=0.3834
[ep 018] val_sel AUC=0.6385 acc=0.4245
[ep 019] val_sel AUC=0.6793 acc=0.4777
[ep 020] val_sel AUC=0.7009 acc=0.5394
[ep 021] val_sel AUC=0.7397 acc=0.5614
[ep 022] val_sel AUC=0.7886 acc=0.6076
[ep 023] val_sel AUC=0.8206 acc=0.6433
[ep 024] val_sel AUC=0.8228 acc=0.6269
[ep 025] val_sel AUC=0.8364 acc=0.6824
[ep 026] val_sel AUC=0.8545 acc=0.6949
[ep 027] val_sel AUC=0.8548 acc=0.6954
[ep 028] val_sel AUC=0.8448 acc=0.6539
[ep 029] val_sel AUC=0.8710 acc=0.7347
[ep 030] val_sel AUC=0.8712 acc=0.7363
[ep 031] val_sel AUC=0.8727 acc=0.7392
[ep 032] val_sel AUC=0.8728 acc=0.7378
[ep 033] val_sel AUC=0.8243 acc=0.6676
[ep 034] val_sel AUC=0.7384 acc=0.3899
[ep 035] val_sel AUC=0.8116 acc=0.6274
[ep 036] val_sel AUC=0.8068 acc=0.6177
[ep 037] val_sel AUC=0.8255 acc=0.6393
[ep 038] val_sel AUC=0.8251 acc=0.6285
[ep 039] val_sel AUC=0.8557 acc=0.6783
[ep 040] val_sel AUC=0.7616 acc=0.5699
[ep 041] val_sel AUC=0.8526 acc=0.6498
[ep 042] val_sel AUC=0.8408 acc=0.5724
[ep 043] val_sel AUC=0.8498 acc=0.6765
[ep 044] val_sel AUC=0.8325 acc=0.6346
[ep 045] val_sel AUC=0.8639 acc=0.6893
[ep 046] val_sel AUC=0.8810 acc=0.7495
[ep 047] val_sel AUC=0.8541 acc=0.6512
[ep 048] val_sel AUC=0.8488 acc=0.6743
[ep 049] val_sel AUC=0.8886 acc=0.7490
[ep 050] val_sel AUC=0.8727 acc=0.6929
[ep 051] val_sel AUC=0.8832 acc=0.7208
[ep 052] val_sel AUC=0.8781 acc=0.7239
[ep 053] val_sel AUC=0.8978 acc=0.7695
[ep 054] val_sel AUC=0.8858 acc=0.7297
[ep 055] val_sel AUC=0.8519 acc=0.6759
[ep 056] val_sel AUC=0.8835 acc=0.7172
[ep 057] val_sel AUC=0.9010 acc=0.7607
[ep 058] val_sel AUC=0.8887 acc=0.7522
[ep 059] val_sel AUC=0.9099 acc=0.7928
[ep 060] val_sel AUC=0.8985 acc=0.7805
[ep 061] val_sel AUC=0.8907 acc=0.7556
[ep 062] val_sel AUC=0.8888 acc=0.7526
[ep 063] val_sel AUC=0.8803 acc=0.7511
[ep 064] val_sel AUC=0.8403 acc=0.6655
[ep 065] val_sel AUC=0.8857 acc=0.7484
[ep 066] val_sel AUC=0.8983 acc=0.7641
[ep 067] val_sel AUC=0.9103 acc=0.7933
[ep 068] val_sel AUC=0.8952 acc=0.7376
[ep 069] val_sel AUC=0.9148 acc=0.7978
[ep 070] val_sel AUC=0.8805 acc=0.7181
[ep 071] val_sel AUC=0.9049 acc=0.7749
[ep 072] val_sel AUC=0.9151 acc=0.7980
[ep 073] val_sel AUC=0.9088 acc=0.7717
[ep 074] val_sel AUC=0.9039 acc=0.7704
[ep 075] val_sel AUC=0.8985 acc=0.7542
[ep 076] val_sel AUC=0.9080 acc=0.7760
[ep 077] val_sel AUC=0.9147 acc=0.8020
[ep 078] val_sel AUC=0.9196 acc=0.8090
[ep 079] val_sel AUC=0.9148 acc=0.7953
[ep 080] val_sel AUC=0.9193 acc=0.8067
[ep 081] val_sel AUC=0.9209 acc=0.8186
[ep 082] val_sel AUC=0.9223 acc=0.8099
[ep 083] val_sel AUC=0.9205 acc=0.8130
[ep 084] val_sel AUC=0.9235 acc=0.8182
[ep 085] val_sel AUC=0.9229 acc=0.8220
[ep 086] val_sel AUC=0.9244 acc=0.8245
[ep 087] val_sel AUC=0.9227 acc=0.8215
[ep 088] val_sel AUC=0.9236 acc=0.8215
[ep 089] val_sel AUC=0.9247 acc=0.8274
[ep 090] val_sel AUC=0.9242 acc=0.8220
[ep 091] val_sel AUC=0.9246 acc=0.8229
[ep 092] val_sel AUC=0.9245 acc=0.8240
[ep 093] val_sel AUC=0.9248 acc=0.8251
[ep 094] val_sel AUC=0.9249 acc=0.8249
[ep 095] val_sel AUC=0.9247 acc=0.8240
[ep 096] val_sel AUC=0.9246 acc=0.8231
============================================================
TEST (best val_sel epoch, held-out, evaluated once)
============================================================
[DONE-QPE2] embed=cayley model_II N=250 seed=43 test_AUC=0.9295 val_sel_AUC=0.9249 per_class=(axion=0.9468 cdm=0.8696 no_sub=0.9721) params=205476 embed_params=2017 R_frob_drift=3.444575548171997
