[INFO] QPE2 D=64 P=8 depth=4 | embed=cayley | data=model_II N/class=100 seed=46 split_seed=0 | params=205476 embed_params=2017 lr=0.001 epochs=96 bs=32 | train(300, 64, 64) val_sel(4455, 64, 64) test(4455, 64, 64) device=cuda
[ep 001] val_sel AUC=0.5307 acc=0.3297
[ep 002] val_sel AUC=0.5127 acc=0.3237
[ep 003] val_sel AUC=0.5144 acc=0.3291
[ep 004] val_sel AUC=0.5127 acc=0.3473
[ep 005] val_sel AUC=0.5142 acc=0.3237
[ep 006] val_sel AUC=0.5155 acc=0.3237
[ep 007] val_sel AUC=0.5172 acc=0.3473
[ep 008] val_sel AUC=0.5181 acc=0.3473
[ep 009] val_sel AUC=0.5195 acc=0.3237
[ep 010] val_sel AUC=0.5183 acc=0.3473
[ep 011] val_sel AUC=0.5190 acc=0.3237
[ep 012] val_sel AUC=0.5186 acc=0.3291
[ep 013] val_sel AUC=0.5186 acc=0.3502
[ep 014] val_sel AUC=0.5212 acc=0.3394
[ep 015] val_sel AUC=0.5212 acc=0.3407
[ep 016] val_sel AUC=0.5213 acc=0.3309
[ep 017] val_sel AUC=0.5205 acc=0.3484
[ep 018] val_sel AUC=0.5211 acc=0.3403
[ep 019] val_sel AUC=0.5209 acc=0.3295
[ep 020] val_sel AUC=0.5208 acc=0.3497
[ep 021] val_sel AUC=0.5208 acc=0.3484
[ep 022] val_sel AUC=0.5209 acc=0.3466
[ep 023] val_sel AUC=0.5212 acc=0.3412
[ep 024] val_sel AUC=0.5210 acc=0.3461
[ep 025] val_sel AUC=0.5211 acc=0.3473
[ep 026] val_sel AUC=0.5213 acc=0.3508
[ep 027] val_sel AUC=0.5213 acc=0.3515
[ep 028] val_sel AUC=0.5213 acc=0.3533
[ep 029] val_sel AUC=0.5213 acc=0.3506
[ep 030] val_sel AUC=0.5213 acc=0.3508
[ep 031] val_sel AUC=0.5213 acc=0.3513
[ep 032] val_sel AUC=0.5213 acc=0.3506
[ep 033] val_sel AUC=0.5218 acc=0.3502
[ep 034] val_sel AUC=0.5235 acc=0.3401
[ep 035] val_sel AUC=0.5236 acc=0.3513
[ep 036] val_sel AUC=0.5323 acc=0.3558
[ep 037] val_sel AUC=0.5481 acc=0.3690
[ep 038] val_sel AUC=0.5233 acc=0.3497
[ep 039] val_sel AUC=0.5210 acc=0.3318
[ep 040] val_sel AUC=0.5170 acc=0.3513
[ep 041] val_sel AUC=0.5184 acc=0.3237
[ep 042] val_sel AUC=0.5213 acc=0.3331
[ep 043] val_sel AUC=0.5218 acc=0.3302
[ep 044] val_sel AUC=0.5250 acc=0.3533
[ep 045] val_sel AUC=0.5315 acc=0.3508
[ep 046] val_sel AUC=0.5226 acc=0.3421
[ep 047] val_sel AUC=0.5376 acc=0.3609
[ep 048] val_sel AUC=0.5335 acc=0.3475
[ep 049] val_sel AUC=0.5357 acc=0.3558
[ep 050] val_sel AUC=0.5434 acc=0.3612
[ep 051] val_sel AUC=0.5549 acc=0.3859
[ep 052] val_sel AUC=0.5390 acc=0.3569
[ep 053] val_sel AUC=0.5675 acc=0.3603
[ep 054] val_sel AUC=0.5432 acc=0.3710
[ep 055] val_sel AUC=0.5339 acc=0.3567
[ep 056] val_sel AUC=0.5466 acc=0.3742
[ep 057] val_sel AUC=0.5606 acc=0.3809
[ep 058] val_sel AUC=0.5691 acc=0.3917
[ep 059] val_sel AUC=0.5850 acc=0.3942
[ep 060] val_sel AUC=0.5805 acc=0.3890
[ep 061] val_sel AUC=0.5958 acc=0.4236
[ep 062] val_sel AUC=0.6025 acc=0.4155
[ep 063] val_sel AUC=0.6040 acc=0.4002
[ep 064] val_sel AUC=0.6313 acc=0.4503
[ep 065] val_sel AUC=0.6339 acc=0.4512
[ep 066] val_sel AUC=0.6604 acc=0.4624
[ep 067] val_sel AUC=0.6572 acc=0.4689
[ep 068] val_sel AUC=0.6822 acc=0.4914
[ep 069] val_sel AUC=0.6852 acc=0.4974
[ep 070] val_sel AUC=0.6976 acc=0.4900
[ep 071] val_sel AUC=0.6619 acc=0.4525
[ep 072] val_sel AUC=0.7081 acc=0.5082
[ep 073] val_sel AUC=0.7179 acc=0.5266
[ep 074] val_sel AUC=0.6973 acc=0.5125
[ep 075] val_sel AUC=0.7229 acc=0.5446
[ep 076] val_sel AUC=0.7290 acc=0.5405
[ep 077] val_sel AUC=0.7416 acc=0.5661
[ep 078] val_sel AUC=0.7302 acc=0.5437
[ep 079] val_sel AUC=0.7516 acc=0.5910
[ep 080] val_sel AUC=0.7492 acc=0.5506
[ep 081] val_sel AUC=0.7616 acc=0.6052
[ep 082] val_sel AUC=0.7585 acc=0.6011
[ep 083] val_sel AUC=0.7694 acc=0.6173
[ep 084] val_sel AUC=0.7687 acc=0.6200
[ep 085] val_sel AUC=0.7669 acc=0.5969
[ep 086] val_sel AUC=0.7722 acc=0.6242
[ep 087] val_sel AUC=0.7752 acc=0.6281
[ep 088] val_sel AUC=0.7758 acc=0.6292
[ep 089] val_sel AUC=0.7769 acc=0.6350
[ep 090] val_sel AUC=0.7805 acc=0.6310
[ep 091] val_sel AUC=0.7826 acc=0.6368
[ep 092] val_sel AUC=0.7823 acc=0.6346
[ep 093] val_sel AUC=0.7824 acc=0.6393
[ep 094] val_sel AUC=0.7828 acc=0.6391
[ep 095] val_sel AUC=0.7830 acc=0.6386
[ep 096] val_sel AUC=0.7830 acc=0.6382
============================================================
TEST (best val_sel epoch, held-out, evaluated once)
============================================================
[DONE-QPE2] embed=cayley model_II N=100 seed=46 test_AUC=0.7944 val_sel_AUC=0.7830 per_class=(axion=0.8690 cdm=0.6511 no_sub=0.8630) params=205476 embed_params=2017 R_frob_drift=3.521972179412842
