[INFO] QPE2 D=64 P=8 depth=4 | embed=cayley | data=model_III N/class=250 seed=52 split_seed=0 | params=205476 embed_params=2017 lr=0.001 epochs=96 bs=32 | train(750, 64, 64) val_sel(4469, 64, 64) test(4470, 64, 64) device=cuda
[ep 001] val_sel AUC=0.5178 acc=0.3285
[ep 002] val_sel AUC=0.5367 acc=0.3283
[ep 003] val_sel AUC=0.5398 acc=0.3433
[ep 004] val_sel AUC=0.5433 acc=0.3283
[ep 005] val_sel AUC=0.5406 acc=0.3285
[ep 006] val_sel AUC=0.5395 acc=0.3381
[ep 007] val_sel AUC=0.5354 acc=0.3283
[ep 008] val_sel AUC=0.5289 acc=0.3285
[ep 009] val_sel AUC=0.5261 acc=0.3285
[ep 010] val_sel AUC=0.5260 acc=0.3359
[ep 011] val_sel AUC=0.5232 acc=0.3513
[ep 012] val_sel AUC=0.5260 acc=0.3515
[ep 013] val_sel AUC=0.5337 acc=0.3388
[ep 014] val_sel AUC=0.5612 acc=0.3755
[ep 015] val_sel AUC=0.6216 acc=0.4294
[ep 016] val_sel AUC=0.6390 acc=0.3996
[ep 017] val_sel AUC=0.7943 acc=0.6124
[ep 018] val_sel AUC=0.7830 acc=0.5820
[ep 019] val_sel AUC=0.7580 acc=0.5637
[ep 020] val_sel AUC=0.8585 acc=0.7104
[ep 021] val_sel AUC=0.8053 acc=0.6272
[ep 022] val_sel AUC=0.8524 acc=0.6847
[ep 023] val_sel AUC=0.8696 acc=0.7270
[ep 024] val_sel AUC=0.8771 acc=0.7366
[ep 025] val_sel AUC=0.8684 acc=0.7216
[ep 026] val_sel AUC=0.8896 acc=0.7487
[ep 027] val_sel AUC=0.8918 acc=0.7570
[ep 028] val_sel AUC=0.8961 acc=0.7666
[ep 029] val_sel AUC=0.8911 acc=0.7552
[ep 030] val_sel AUC=0.8970 acc=0.7720
[ep 031] val_sel AUC=0.8991 acc=0.7760
[ep 032] val_sel AUC=0.8999 acc=0.7780
[ep 033] val_sel AUC=0.7872 acc=0.6127
[ep 034] val_sel AUC=0.8512 acc=0.6943
[ep 035] val_sel AUC=0.8485 acc=0.7013
[ep 036] val_sel AUC=0.8696 acc=0.7223
[ep 037] val_sel AUC=0.8765 acc=0.7263
[ep 038] val_sel AUC=0.8673 acc=0.6885
[ep 039] val_sel AUC=0.8579 acc=0.6818
[ep 040] val_sel AUC=0.8774 acc=0.7304
[ep 041] val_sel AUC=0.9070 acc=0.7686
[ep 042] val_sel AUC=0.8727 acc=0.7279
[ep 043] val_sel AUC=0.8731 acc=0.7136
[ep 044] val_sel AUC=0.8752 acc=0.7198
[ep 045] val_sel AUC=0.8841 acc=0.7234
[ep 046] val_sel AUC=0.8807 acc=0.7138
[ep 047] val_sel AUC=0.8949 acc=0.7552
[ep 048] val_sel AUC=0.8992 acc=0.7874
[ep 049] val_sel AUC=0.8871 acc=0.7342
[ep 050] val_sel AUC=0.8921 acc=0.7639
[ep 051] val_sel AUC=0.8960 acc=0.7326
[ep 052] val_sel AUC=0.9055 acc=0.7798
[ep 053] val_sel AUC=0.8926 acc=0.7438
[ep 054] val_sel AUC=0.9166 acc=0.7738
[ep 055] val_sel AUC=0.9029 acc=0.7662
[ep 056] val_sel AUC=0.9109 acc=0.7543
[ep 057] val_sel AUC=0.8947 acc=0.7595
[ep 058] val_sel AUC=0.9182 acc=0.8031
[ep 059] val_sel AUC=0.9188 acc=0.8091
[ep 060] val_sel AUC=0.8904 acc=0.7471
[ep 061] val_sel AUC=0.9042 acc=0.7671
[ep 062] val_sel AUC=0.9099 acc=0.7769
[ep 063] val_sel AUC=0.8985 acc=0.7648
[ep 064] val_sel AUC=0.9136 acc=0.7894
[ep 065] val_sel AUC=0.8925 acc=0.7398
[ep 066] val_sel AUC=0.9264 acc=0.8078
[ep 067] val_sel AUC=0.9241 acc=0.8089
[ep 068] val_sel AUC=0.9317 acc=0.8239
[ep 069] val_sel AUC=0.9248 acc=0.8026
[ep 070] val_sel AUC=0.9263 acc=0.8105
[ep 071] val_sel AUC=0.9210 acc=0.7935
[ep 072] val_sel AUC=0.9220 acc=0.7791
[ep 073] val_sel AUC=0.9264 acc=0.8118
[ep 074] val_sel AUC=0.9302 acc=0.8210
[ep 075] val_sel AUC=0.9316 acc=0.8161
[ep 076] val_sel AUC=0.9308 acc=0.8246
[ep 077] val_sel AUC=0.9200 acc=0.8009
[ep 078] val_sel AUC=0.9222 acc=0.8024
[ep 079] val_sel AUC=0.9292 acc=0.8214
[ep 080] val_sel AUC=0.9307 acc=0.8203
[ep 081] val_sel AUC=0.9341 acc=0.8324
[ep 082] val_sel AUC=0.9361 acc=0.8371
[ep 083] val_sel AUC=0.9285 acc=0.8199
[ep 084] val_sel AUC=0.9291 acc=0.8221
[ep 085] val_sel AUC=0.9311 acc=0.8286
[ep 086] val_sel AUC=0.9347 acc=0.8360
[ep 087] val_sel AUC=0.9309 acc=0.8333
[ep 088] val_sel AUC=0.9335 acc=0.8380
[ep 089] val_sel AUC=0.9336 acc=0.8380
[ep 090] val_sel AUC=0.9328 acc=0.8371
[ep 091] val_sel AUC=0.9323 acc=0.8375
[ep 092] val_sel AUC=0.9326 acc=0.8373
[ep 093] val_sel AUC=0.9324 acc=0.8369
[ep 094] val_sel AUC=0.9326 acc=0.8364
[ep 095] val_sel AUC=0.9325 acc=0.8360
[ep 096] val_sel AUC=0.9325 acc=0.8364
============================================================
TEST (best val_sel epoch, held-out, evaluated once)
============================================================
[DONE-QPE2] embed=cayley model_III N=250 seed=52 test_AUC=0.9337 val_sel_AUC=0.9361 per_class=(axion=0.9507 cdm=0.8790 no_sub=0.9714) params=205476 embed_params=2017 R_frob_drift=4.037471771240234
