[INFO] QPE2 D=64 P=8 depth=4 | embed=cayley | data=model_II N/class=250 seed=49 split_seed=0 | params=205476 embed_params=2017 lr=0.001 epochs=96 bs=32 | train(750, 64, 64) val_sel(4455, 64, 64) test(4455, 64, 64) device=cuda
[ep 001] val_sel AUC=0.5602 acc=0.3291
[ep 002] val_sel AUC=0.5700 acc=0.3473
[ep 003] val_sel AUC=0.5663 acc=0.3237
[ep 004] val_sel AUC=0.5646 acc=0.3291
[ep 005] val_sel AUC=0.5579 acc=0.3473
[ep 006] val_sel AUC=0.5516 acc=0.3237
[ep 007] val_sel AUC=0.5436 acc=0.3291
[ep 008] val_sel AUC=0.5405 acc=0.3291
[ep 009] val_sel AUC=0.5350 acc=0.3394
[ep 010] val_sel AUC=0.5305 acc=0.3349
[ep 011] val_sel AUC=0.5429 acc=0.3621
[ep 012] val_sel AUC=0.5546 acc=0.3618
[ep 013] val_sel AUC=0.5775 acc=0.3594
[ep 014] val_sel AUC=0.6157 acc=0.4189
[ep 015] val_sel AUC=0.5798 acc=0.3800
[ep 016] val_sel AUC=0.6864 acc=0.5221
[ep 017] val_sel AUC=0.7869 acc=0.5991
[ep 018] val_sel AUC=0.8061 acc=0.5574
[ep 019] val_sel AUC=0.8486 acc=0.6813
[ep 020] val_sel AUC=0.8683 acc=0.7046
[ep 021] val_sel AUC=0.8639 acc=0.7042
[ep 022] val_sel AUC=0.8923 acc=0.7300
[ep 023] val_sel AUC=0.8816 acc=0.7239
[ep 024] val_sel AUC=0.9044 acc=0.7737
[ep 025] val_sel AUC=0.9075 acc=0.7870
[ep 026] val_sel AUC=0.8993 acc=0.7486
[ep 027] val_sel AUC=0.9004 acc=0.7809
[ep 028] val_sel AUC=0.9074 acc=0.7868
[ep 029] val_sel AUC=0.9135 acc=0.7854
[ep 030] val_sel AUC=0.9135 acc=0.7948
[ep 031] val_sel AUC=0.9144 acc=0.7919
[ep 032] val_sel AUC=0.9145 acc=0.7917
[ep 033] val_sel AUC=0.8277 acc=0.6790
[ep 034] val_sel AUC=0.8776 acc=0.7217
[ep 035] val_sel AUC=0.8752 acc=0.7253
[ep 036] val_sel AUC=0.8599 acc=0.7071
[ep 037] val_sel AUC=0.8995 acc=0.7529
[ep 038] val_sel AUC=0.8966 acc=0.7847
[ep 039] val_sel AUC=0.8593 acc=0.6566
[ep 040] val_sel AUC=0.8368 acc=0.5183
[ep 041] val_sel AUC=0.8639 acc=0.7039
[ep 042] val_sel AUC=0.8874 acc=0.7562
[ep 043] val_sel AUC=0.8793 acc=0.7077
[ep 044] val_sel AUC=0.8395 acc=0.6795
[ep 045] val_sel AUC=0.8319 acc=0.6406
[ep 046] val_sel AUC=0.9038 acc=0.7616
[ep 047] val_sel AUC=0.8499 acc=0.7033
[ep 048] val_sel AUC=0.9008 acc=0.7692
[ep 049] val_sel AUC=0.8915 acc=0.7490
[ep 050] val_sel AUC=0.9246 acc=0.8148
[ep 051] val_sel AUC=0.9132 acc=0.7944
[ep 052] val_sel AUC=0.9147 acc=0.7859
[ep 053] val_sel AUC=0.8964 acc=0.7578
[ep 054] val_sel AUC=0.9132 acc=0.8164
[ep 055] val_sel AUC=0.8970 acc=0.7692
[ep 056] val_sel AUC=0.9077 acc=0.7825
[ep 057] val_sel AUC=0.9080 acc=0.7719
[ep 058] val_sel AUC=0.8979 acc=0.7612
[ep 059] val_sel AUC=0.9241 acc=0.8319
[ep 060] val_sel AUC=0.9112 acc=0.8135
[ep 061] val_sel AUC=0.8455 acc=0.6020
[ep 062] val_sel AUC=0.8918 acc=0.7600
[ep 063] val_sel AUC=0.9228 acc=0.8063
[ep 064] val_sel AUC=0.9211 acc=0.8211
[ep 065] val_sel AUC=0.9239 acc=0.8314
[ep 066] val_sel AUC=0.8835 acc=0.7450
[ep 067] val_sel AUC=0.9175 acc=0.8148
[ep 068] val_sel AUC=0.9089 acc=0.7917
[ep 069] val_sel AUC=0.9255 acc=0.8339
[ep 070] val_sel AUC=0.9204 acc=0.8180
[ep 071] val_sel AUC=0.9278 acc=0.8424
[ep 072] val_sel AUC=0.9263 acc=0.8368
[ep 073] val_sel AUC=0.9231 acc=0.8312
[ep 074] val_sel AUC=0.9252 acc=0.8285
[ep 075] val_sel AUC=0.9075 acc=0.7903
[ep 076] val_sel AUC=0.9182 acc=0.8166
[ep 077] val_sel AUC=0.9203 acc=0.8162
[ep 078] val_sel AUC=0.9229 acc=0.8368
[ep 079] val_sel AUC=0.9272 acc=0.8366
[ep 080] val_sel AUC=0.9229 acc=0.8251
[ep 081] val_sel AUC=0.9279 acc=0.8370
[ep 082] val_sel AUC=0.9236 acc=0.8296
[ep 083] val_sel AUC=0.9147 acc=0.8105
[ep 084] val_sel AUC=0.9222 acc=0.8290
[ep 085] val_sel AUC=0.9258 acc=0.8391
[ep 086] val_sel AUC=0.9273 acc=0.8364
[ep 087] val_sel AUC=0.9256 acc=0.8384
[ep 088] val_sel AUC=0.9253 acc=0.8370
[ep 089] val_sel AUC=0.9237 acc=0.8359
[ep 090] val_sel AUC=0.9272 acc=0.8393
[ep 091] val_sel AUC=0.9261 acc=0.8384
[ep 092] val_sel AUC=0.9258 acc=0.8409
[ep 093] val_sel AUC=0.9259 acc=0.8386
[ep 094] val_sel AUC=0.9265 acc=0.8391
[ep 095] val_sel AUC=0.9263 acc=0.8382
[ep 096] val_sel AUC=0.9264 acc=0.8382
============================================================
TEST (best val_sel epoch, held-out, evaluated once)
============================================================
[DONE-QPE2] embed=cayley model_II N=250 seed=49 test_AUC=0.9345 val_sel_AUC=0.9279 per_class=(axion=0.9377 cdm=0.8793 no_sub=0.9866) params=205476 embed_params=2017 R_frob_drift=3.427016019821167
