[INFO] QPE2 D=64 P=8 depth=4 | embed=cayley | data=model_III N/class=100 seed=57 split_seed=0 | params=205476 embed_params=2017 lr=0.001 epochs=96 bs=32 | train(300, 64, 64) val_sel(4469, 64, 64) test(4470, 64, 64) device=cuda
[ep 001] val_sel AUC=0.5079 acc=0.3433
[ep 002] val_sel AUC=0.5079 acc=0.3285
[ep 003] val_sel AUC=0.5101 acc=0.3285
[ep 004] val_sel AUC=0.5136 acc=0.3464
[ep 005] val_sel AUC=0.5195 acc=0.3482
[ep 006] val_sel AUC=0.5221 acc=0.3285
[ep 007] val_sel AUC=0.5269 acc=0.3433
[ep 008] val_sel AUC=0.5331 acc=0.3352
[ep 009] val_sel AUC=0.5360 acc=0.3690
[ep 010] val_sel AUC=0.5373 acc=0.3444
[ep 011] val_sel AUC=0.5382 acc=0.3392
[ep 012] val_sel AUC=0.5409 acc=0.3681
[ep 013] val_sel AUC=0.5484 acc=0.3654
[ep 014] val_sel AUC=0.5465 acc=0.3638
[ep 015] val_sel AUC=0.5677 acc=0.3706
[ep 016] val_sel AUC=0.5722 acc=0.3759
[ep 017] val_sel AUC=0.5746 acc=0.3777
[ep 018] val_sel AUC=0.5849 acc=0.3791
[ep 019] val_sel AUC=0.5889 acc=0.3934
[ep 020] val_sel AUC=0.5893 acc=0.3851
[ep 021] val_sel AUC=0.5831 acc=0.3887
[ep 022] val_sel AUC=0.5980 acc=0.4026
[ep 023] val_sel AUC=0.5990 acc=0.3983
[ep 024] val_sel AUC=0.6145 acc=0.4220
[ep 025] val_sel AUC=0.6179 acc=0.4249
[ep 026] val_sel AUC=0.6260 acc=0.4350
[ep 027] val_sel AUC=0.6315 acc=0.4435
[ep 028] val_sel AUC=0.6365 acc=0.4518
[ep 029] val_sel AUC=0.6425 acc=0.4645
[ep 030] val_sel AUC=0.6448 acc=0.4636
[ep 031] val_sel AUC=0.6455 acc=0.4641
[ep 032] val_sel AUC=0.6460 acc=0.4657
[ep 033] val_sel AUC=0.6563 acc=0.4281
[ep 034] val_sel AUC=0.5960 acc=0.3808
[ep 035] val_sel AUC=0.6240 acc=0.4191
[ep 036] val_sel AUC=0.6420 acc=0.4484
[ep 037] val_sel AUC=0.6794 acc=0.4686
[ep 038] val_sel AUC=0.6966 acc=0.4838
[ep 039] val_sel AUC=0.6870 acc=0.4397
[ep 040] val_sel AUC=0.7240 acc=0.4891
[ep 041] val_sel AUC=0.7461 acc=0.5657
[ep 042] val_sel AUC=0.7876 acc=0.6026
[ep 043] val_sel AUC=0.7468 acc=0.5375
[ep 044] val_sel AUC=0.7916 acc=0.5999
[ep 045] val_sel AUC=0.7634 acc=0.4990
[ep 046] val_sel AUC=0.7720 acc=0.5681
[ep 047] val_sel AUC=0.7678 acc=0.5643
[ep 048] val_sel AUC=0.8129 acc=0.6214
[ep 049] val_sel AUC=0.7867 acc=0.6015
[ep 050] val_sel AUC=0.8141 acc=0.6104
[ep 051] val_sel AUC=0.7189 acc=0.5496
[ep 052] val_sel AUC=0.8090 acc=0.6281
[ep 053] val_sel AUC=0.8283 acc=0.6433
[ep 054] val_sel AUC=0.7852 acc=0.6010
[ep 055] val_sel AUC=0.8209 acc=0.6411
[ep 056] val_sel AUC=0.8270 acc=0.6261
[ep 057] val_sel AUC=0.8057 acc=0.6290
[ep 058] val_sel AUC=0.8304 acc=0.6592
[ep 059] val_sel AUC=0.8428 acc=0.6418
[ep 060] val_sel AUC=0.8322 acc=0.6583
[ep 061] val_sel AUC=0.8424 acc=0.6742
[ep 062] val_sel AUC=0.8433 acc=0.6559
[ep 063] val_sel AUC=0.8320 acc=0.6545
[ep 064] val_sel AUC=0.8535 acc=0.6919
[ep 065] val_sel AUC=0.8417 acc=0.6567
[ep 066] val_sel AUC=0.8472 acc=0.6735
[ep 067] val_sel AUC=0.8558 acc=0.6820
[ep 068] val_sel AUC=0.8477 acc=0.6686
[ep 069] val_sel AUC=0.8676 acc=0.7196
[ep 070] val_sel AUC=0.8574 acc=0.7084
[ep 071] val_sel AUC=0.8664 acc=0.7028
[ep 072] val_sel AUC=0.8697 acc=0.7165
[ep 073] val_sel AUC=0.8631 acc=0.7035
[ep 074] val_sel AUC=0.8637 acc=0.7066
[ep 075] val_sel AUC=0.8731 acc=0.7295
[ep 076] val_sel AUC=0.8667 acc=0.7100
[ep 077] val_sel AUC=0.8733 acc=0.7219
[ep 078] val_sel AUC=0.8720 acc=0.7248
[ep 079] val_sel AUC=0.8673 acc=0.7053
[ep 080] val_sel AUC=0.8624 acc=0.6981
[ep 081] val_sel AUC=0.8637 acc=0.7172
[ep 082] val_sel AUC=0.8654 acc=0.7096
[ep 083] val_sel AUC=0.8659 acc=0.7116
[ep 084] val_sel AUC=0.8639 acc=0.7120
[ep 085] val_sel AUC=0.8711 acc=0.7270
[ep 086] val_sel AUC=0.8677 acc=0.7174
[ep 087] val_sel AUC=0.8690 acc=0.7237
[ep 088] val_sel AUC=0.8703 acc=0.7279
[ep 089] val_sel AUC=0.8678 acc=0.7228
[ep 090] val_sel AUC=0.8689 acc=0.7250
[ep 091] val_sel AUC=0.8691 acc=0.7250
[ep 092] val_sel AUC=0.8682 acc=0.7257
[ep 093] val_sel AUC=0.8686 acc=0.7270
[ep 094] val_sel AUC=0.8686 acc=0.7266
[ep 095] val_sel AUC=0.8685 acc=0.7266
[ep 096] val_sel AUC=0.8685 acc=0.7268
============================================================
TEST (best val_sel epoch, held-out, evaluated once)
============================================================
[DONE-QPE2] embed=cayley model_III N=100 seed=57 test_AUC=0.8701 val_sel_AUC=0.8733 per_class=(axion=0.9178 cdm=0.7661 no_sub=0.9263) params=205476 embed_params=2017 R_frob_drift=3.4765641689300537
