[INFO] QPE2 D=64 P=8 depth=4 | embed=cayley | data=model_II N/class=100 seed=51 split_seed=0 | params=205476 embed_params=2017 lr=0.001 epochs=96 bs=32 | train(300, 64, 64) val_sel(4455, 64, 64) test(4455, 64, 64) device=cuda
[ep 001] val_sel AUC=0.5045 acc=0.3473
[ep 002] val_sel AUC=0.5252 acc=0.3291
[ep 003] val_sel AUC=0.5276 acc=0.3473
[ep 004] val_sel AUC=0.5262 acc=0.3237
[ep 005] val_sel AUC=0.5229 acc=0.3473
[ep 006] val_sel AUC=0.5208 acc=0.3291
[ep 007] val_sel AUC=0.5196 acc=0.3237
[ep 008] val_sel AUC=0.5176 acc=0.3484
[ep 009] val_sel AUC=0.5150 acc=0.3520
[ep 010] val_sel AUC=0.5168 acc=0.3327
[ep 011] val_sel AUC=0.5241 acc=0.3457
[ep 012] val_sel AUC=0.5266 acc=0.3585
[ep 013] val_sel AUC=0.5247 acc=0.3419
[ep 014] val_sel AUC=0.5222 acc=0.3396
[ep 015] val_sel AUC=0.5244 acc=0.3416
[ep 016] val_sel AUC=0.5236 acc=0.3464
[ep 017] val_sel AUC=0.5264 acc=0.3470
[ep 018] val_sel AUC=0.5253 acc=0.3475
[ep 019] val_sel AUC=0.5275 acc=0.3517
[ep 020] val_sel AUC=0.5303 acc=0.3524
[ep 021] val_sel AUC=0.5276 acc=0.3499
[ep 022] val_sel AUC=0.5298 acc=0.3524
[ep 023] val_sel AUC=0.5296 acc=0.3515
[ep 024] val_sel AUC=0.5301 acc=0.3522
[ep 025] val_sel AUC=0.5318 acc=0.3569
[ep 026] val_sel AUC=0.5315 acc=0.3553
[ep 027] val_sel AUC=0.5313 acc=0.3529
[ep 028] val_sel AUC=0.5319 acc=0.3591
[ep 029] val_sel AUC=0.5322 acc=0.3578
[ep 030] val_sel AUC=0.5322 acc=0.3524
[ep 031] val_sel AUC=0.5323 acc=0.3551
[ep 032] val_sel AUC=0.5323 acc=0.3565
[ep 033] val_sel AUC=0.5348 acc=0.3524
[ep 034] val_sel AUC=0.5419 acc=0.3598
[ep 035] val_sel AUC=0.5412 acc=0.3607
[ep 036] val_sel AUC=0.5416 acc=0.3600
[ep 037] val_sel AUC=0.5478 acc=0.3654
[ep 038] val_sel AUC=0.5522 acc=0.3753
[ep 039] val_sel AUC=0.5546 acc=0.3623
[ep 040] val_sel AUC=0.5544 acc=0.3762
[ep 041] val_sel AUC=0.5624 acc=0.3836
[ep 042] val_sel AUC=0.5694 acc=0.3951
[ep 043] val_sel AUC=0.5803 acc=0.3921
[ep 044] val_sel AUC=0.5988 acc=0.4123
[ep 045] val_sel AUC=0.6358 acc=0.4554
[ep 046] val_sel AUC=0.6204 acc=0.4110
[ep 047] val_sel AUC=0.6292 acc=0.4321
[ep 048] val_sel AUC=0.6234 acc=0.4339
[ep 049] val_sel AUC=0.6666 acc=0.4965
[ep 050] val_sel AUC=0.6769 acc=0.5024
[ep 051] val_sel AUC=0.7095 acc=0.5178
[ep 052] val_sel AUC=0.7025 acc=0.5080
[ep 053] val_sel AUC=0.7386 acc=0.5708
[ep 054] val_sel AUC=0.7310 acc=0.5448
[ep 055] val_sel AUC=0.7585 acc=0.5623
[ep 056] val_sel AUC=0.7615 acc=0.5787
[ep 057] val_sel AUC=0.7825 acc=0.6242
[ep 058] val_sel AUC=0.7969 acc=0.6440
[ep 059] val_sel AUC=0.7530 acc=0.5829
[ep 060] val_sel AUC=0.8024 acc=0.6370
[ep 061] val_sel AUC=0.8105 acc=0.6501
[ep 062] val_sel AUC=0.8059 acc=0.6305
[ep 063] val_sel AUC=0.7897 acc=0.5865
[ep 064] val_sel AUC=0.7626 acc=0.6007
[ep 065] val_sel AUC=0.8256 acc=0.6761
[ep 066] val_sel AUC=0.8359 acc=0.6763
[ep 067] val_sel AUC=0.8459 acc=0.6945
[ep 068] val_sel AUC=0.7996 acc=0.5282
[ep 069] val_sel AUC=0.8325 acc=0.6806
[ep 070] val_sel AUC=0.8294 acc=0.6745
[ep 071] val_sel AUC=0.8442 acc=0.6956
[ep 072] val_sel AUC=0.7812 acc=0.5596
[ep 073] val_sel AUC=0.8525 acc=0.7062
[ep 074] val_sel AUC=0.8511 acc=0.7091
[ep 075] val_sel AUC=0.8501 acc=0.7086
[ep 076] val_sel AUC=0.8651 acc=0.7367
[ep 077] val_sel AUC=0.8690 acc=0.7490
[ep 078] val_sel AUC=0.8720 acc=0.7506
[ep 079] val_sel AUC=0.8675 acc=0.7439
[ep 080] val_sel AUC=0.8693 acc=0.7349
[ep 081] val_sel AUC=0.8684 acc=0.7241
[ep 082] val_sel AUC=0.8768 acc=0.7632
[ep 083] val_sel AUC=0.8773 acc=0.7598
[ep 084] val_sel AUC=0.8728 acc=0.7551
[ep 085] val_sel AUC=0.8747 acc=0.7634
[ep 086] val_sel AUC=0.8746 acc=0.7605
[ep 087] val_sel AUC=0.8769 acc=0.7688
[ep 088] val_sel AUC=0.8767 acc=0.7690
[ep 089] val_sel AUC=0.8772 acc=0.7686
[ep 090] val_sel AUC=0.8779 acc=0.7704
[ep 091] val_sel AUC=0.8769 acc=0.7672
[ep 092] val_sel AUC=0.8770 acc=0.7701
[ep 093] val_sel AUC=0.8768 acc=0.7690
[ep 094] val_sel AUC=0.8773 acc=0.7701
[ep 095] val_sel AUC=0.8773 acc=0.7692
[ep 096] val_sel AUC=0.8772 acc=0.7692
============================================================
TEST (best val_sel epoch, held-out, evaluated once)
============================================================
[DONE-QPE2] embed=cayley model_II N=100 seed=51 test_AUC=0.8890 val_sel_AUC=0.8779 per_class=(axion=0.9159 cdm=0.7881 no_sub=0.9629) params=205476 embed_params=2017 R_frob_drift=3.495696783065796
