[INFO] QPE2 D=64 P=8 depth=4 | embed=cayley | data=model_II N/class=100 seed=54 split_seed=0 | params=205476 embed_params=2017 lr=0.001 epochs=96 bs=32 | train(300, 64, 64) val_sel(4455, 64, 64) test(4455, 64, 64) device=cuda
[ep 001] val_sel AUC=0.5040 acc=0.3291
[ep 002] val_sel AUC=0.4974 acc=0.3237
[ep 003] val_sel AUC=0.4955 acc=0.3291
[ep 004] val_sel AUC=0.4950 acc=0.3473
[ep 005] val_sel AUC=0.4966 acc=0.3473
[ep 006] val_sel AUC=0.4997 acc=0.3237
[ep 007] val_sel AUC=0.4993 acc=0.3297
[ep 008] val_sel AUC=0.5014 acc=0.3237
[ep 009] val_sel AUC=0.5026 acc=0.3140
[ep 010] val_sel AUC=0.5046 acc=0.3291
[ep 011] val_sel AUC=0.5052 acc=0.3246
[ep 012] val_sel AUC=0.5061 acc=0.3237
[ep 013] val_sel AUC=0.5076 acc=0.3291
[ep 014] val_sel AUC=0.5085 acc=0.3396
[ep 015] val_sel AUC=0.5087 acc=0.3237
[ep 016] val_sel AUC=0.5092 acc=0.3392
[ep 017] val_sel AUC=0.5108 acc=0.3291
[ep 018] val_sel AUC=0.5101 acc=0.3473
[ep 019] val_sel AUC=0.5108 acc=0.3273
[ep 020] val_sel AUC=0.5115 acc=0.3385
[ep 021] val_sel AUC=0.5114 acc=0.3425
[ep 022] val_sel AUC=0.5117 acc=0.3279
[ep 023] val_sel AUC=0.5122 acc=0.3421
[ep 024] val_sel AUC=0.5127 acc=0.3412
[ep 025] val_sel AUC=0.5127 acc=0.3421
[ep 026] val_sel AUC=0.5126 acc=0.3428
[ep 027] val_sel AUC=0.5123 acc=0.3439
[ep 028] val_sel AUC=0.5123 acc=0.3407
[ep 029] val_sel AUC=0.5124 acc=0.3401
[ep 030] val_sel AUC=0.5123 acc=0.3410
[ep 031] val_sel AUC=0.5124 acc=0.3405
[ep 032] val_sel AUC=0.5124 acc=0.3410
[ep 033] val_sel AUC=0.5125 acc=0.3441
[ep 034] val_sel AUC=0.5142 acc=0.3450
[ep 035] val_sel AUC=0.5201 acc=0.3428
[ep 036] val_sel AUC=0.5173 acc=0.3412
[ep 037] val_sel AUC=0.5172 acc=0.3475
[ep 038] val_sel AUC=0.5239 acc=0.3448
[ep 039] val_sel AUC=0.5331 acc=0.3490
[ep 040] val_sel AUC=0.5407 acc=0.3412
[ep 041] val_sel AUC=0.5582 acc=0.3834
[ep 042] val_sel AUC=0.5470 acc=0.3499
[ep 043] val_sel AUC=0.6027 acc=0.4085
[ep 044] val_sel AUC=0.5677 acc=0.3407
[ep 045] val_sel AUC=0.5725 acc=0.3787
[ep 046] val_sel AUC=0.6053 acc=0.3852
[ep 047] val_sel AUC=0.5823 acc=0.4083
[ep 048] val_sel AUC=0.6600 acc=0.4590
[ep 049] val_sel AUC=0.6525 acc=0.4512
[ep 050] val_sel AUC=0.5982 acc=0.3962
[ep 051] val_sel AUC=0.6965 acc=0.4882
[ep 052] val_sel AUC=0.7231 acc=0.5120
[ep 053] val_sel AUC=0.7811 acc=0.5926
[ep 054] val_sel AUC=0.7804 acc=0.5921
[ep 055] val_sel AUC=0.7804 acc=0.5196
[ep 056] val_sel AUC=0.8193 acc=0.6447
[ep 057] val_sel AUC=0.7662 acc=0.4813
[ep 058] val_sel AUC=0.7714 acc=0.5872
[ep 059] val_sel AUC=0.8094 acc=0.6312
[ep 060] val_sel AUC=0.8352 acc=0.6617
[ep 061] val_sel AUC=0.8392 acc=0.6862
[ep 062] val_sel AUC=0.8376 acc=0.6671
[ep 063] val_sel AUC=0.8126 acc=0.6231
[ep 064] val_sel AUC=0.8497 acc=0.6790
[ep 065] val_sel AUC=0.8596 acc=0.7053
[ep 066] val_sel AUC=0.8477 acc=0.7001
[ep 067] val_sel AUC=0.8431 acc=0.6572
[ep 068] val_sel AUC=0.8616 acc=0.7131
[ep 069] val_sel AUC=0.8476 acc=0.6644
[ep 070] val_sel AUC=0.8383 acc=0.6527
[ep 071] val_sel AUC=0.8169 acc=0.6444
[ep 072] val_sel AUC=0.8563 acc=0.6819
[ep 073] val_sel AUC=0.8653 acc=0.7214
[ep 074] val_sel AUC=0.8594 acc=0.6743
[ep 075] val_sel AUC=0.8692 acc=0.7394
[ep 076] val_sel AUC=0.8699 acc=0.7288
[ep 077] val_sel AUC=0.8726 acc=0.7277
[ep 078] val_sel AUC=0.8754 acc=0.7378
[ep 079] val_sel AUC=0.8791 acc=0.7504
[ep 080] val_sel AUC=0.8625 acc=0.7012
[ep 081] val_sel AUC=0.8722 acc=0.7338
[ep 082] val_sel AUC=0.8761 acc=0.7423
[ep 083] val_sel AUC=0.8687 acc=0.7286
[ep 084] val_sel AUC=0.8741 acc=0.7387
[ep 085] val_sel AUC=0.8729 acc=0.7457
[ep 086] val_sel AUC=0.8708 acc=0.7430
[ep 087] val_sel AUC=0.8726 acc=0.7407
[ep 088] val_sel AUC=0.8726 acc=0.7414
[ep 089] val_sel AUC=0.8719 acc=0.7416
[ep 090] val_sel AUC=0.8719 acc=0.7452
[ep 091] val_sel AUC=0.8736 acc=0.7486
[ep 092] val_sel AUC=0.8734 acc=0.7470
[ep 093] val_sel AUC=0.8732 acc=0.7473
[ep 094] val_sel AUC=0.8732 acc=0.7475
[ep 095] val_sel AUC=0.8733 acc=0.7477
[ep 096] val_sel AUC=0.8733 acc=0.7481
============================================================
TEST (best val_sel epoch, held-out, evaluated once)
============================================================
[DONE-QPE2] embed=cayley model_II N=100 seed=54 test_AUC=0.8757 val_sel_AUC=0.8791 per_class=(axion=0.9120 cdm=0.7710 no_sub=0.9439) params=205476 embed_params=2017 R_frob_drift=3.8549280166625977
