[INFO] QPE2 D=64 P=8 depth=4 | embed=cayley | data=model_II N/class=250 seed=53 split_seed=0 | params=205476 embed_params=2017 lr=0.001 epochs=96 bs=32 | train(750, 64, 64) val_sel(4455, 64, 64) test(4455, 64, 64) device=cuda
[ep 001] val_sel AUC=0.5046 acc=0.3291
[ep 002] val_sel AUC=0.5192 acc=0.3291
[ep 003] val_sel AUC=0.5228 acc=0.3291
[ep 004] val_sel AUC=0.5173 acc=0.3383
[ep 005] val_sel AUC=0.5161 acc=0.3295
[ep 006] val_sel AUC=0.5126 acc=0.3473
[ep 007] val_sel AUC=0.5143 acc=0.3479
[ep 008] val_sel AUC=0.5227 acc=0.3473
[ep 009] val_sel AUC=0.5217 acc=0.3473
[ep 010] val_sel AUC=0.5184 acc=0.3428
[ep 011] val_sel AUC=0.5181 acc=0.3425
[ep 012] val_sel AUC=0.5290 acc=0.3551
[ep 013] val_sel AUC=0.5267 acc=0.3515
[ep 014] val_sel AUC=0.5339 acc=0.3596
[ep 015] val_sel AUC=0.5401 acc=0.3717
[ep 016] val_sel AUC=0.5517 acc=0.3636
[ep 017] val_sel AUC=0.5821 acc=0.3928
[ep 018] val_sel AUC=0.6155 acc=0.4384
[ep 019] val_sel AUC=0.6772 acc=0.4963
[ep 020] val_sel AUC=0.7347 acc=0.5585
[ep 021] val_sel AUC=0.7758 acc=0.5975
[ep 022] val_sel AUC=0.7954 acc=0.6099
[ep 023] val_sel AUC=0.7966 acc=0.6157
[ep 024] val_sel AUC=0.7997 acc=0.6202
[ep 025] val_sel AUC=0.8129 acc=0.6386
[ep 026] val_sel AUC=0.8313 acc=0.6554
[ep 027] val_sel AUC=0.8523 acc=0.6907
[ep 028] val_sel AUC=0.8617 acc=0.7160
[ep 029] val_sel AUC=0.8688 acc=0.7100
[ep 030] val_sel AUC=0.8720 acc=0.7244
[ep 031] val_sel AUC=0.8711 acc=0.7302
[ep 032] val_sel AUC=0.8728 acc=0.7306
[ep 033] val_sel AUC=0.5989 acc=0.4036
[ep 034] val_sel AUC=0.6353 acc=0.4377
[ep 035] val_sel AUC=0.7488 acc=0.5405
[ep 036] val_sel AUC=0.7833 acc=0.5879
[ep 037] val_sel AUC=0.7951 acc=0.5753
[ep 038] val_sel AUC=0.8448 acc=0.6804
[ep 039] val_sel AUC=0.8231 acc=0.6409
[ep 040] val_sel AUC=0.8413 acc=0.6287
[ep 041] val_sel AUC=0.8590 acc=0.6750
[ep 042] val_sel AUC=0.8605 acc=0.6846
[ep 043] val_sel AUC=0.8544 acc=0.7066
[ep 044] val_sel AUC=0.7721 acc=0.5262
[ep 045] val_sel AUC=0.8488 acc=0.6898
[ep 046] val_sel AUC=0.8511 acc=0.6860
[ep 047] val_sel AUC=0.8441 acc=0.6873
[ep 048] val_sel AUC=0.8545 acc=0.6761
[ep 049] val_sel AUC=0.8511 acc=0.6620
[ep 050] val_sel AUC=0.8901 acc=0.7068
[ep 051] val_sel AUC=0.8505 acc=0.6934
[ep 052] val_sel AUC=0.8801 acc=0.7221
[ep 053] val_sel AUC=0.8795 acc=0.7219
[ep 054] val_sel AUC=0.9007 acc=0.7535
[ep 055] val_sel AUC=0.8766 acc=0.7250
[ep 056] val_sel AUC=0.8579 acc=0.7111
[ep 057] val_sel AUC=0.8895 acc=0.7354
[ep 058] val_sel AUC=0.9094 acc=0.7886
[ep 059] val_sel AUC=0.9046 acc=0.7520
[ep 060] val_sel AUC=0.9017 acc=0.7621
[ep 061] val_sel AUC=0.9213 acc=0.8052
[ep 062] val_sel AUC=0.8987 acc=0.7820
[ep 063] val_sel AUC=0.8995 acc=0.7704
[ep 064] val_sel AUC=0.8714 acc=0.6900
[ep 065] val_sel AUC=0.8859 acc=0.7107
[ep 066] val_sel AUC=0.9002 acc=0.7571
[ep 067] val_sel AUC=0.9190 acc=0.7903
[ep 068] val_sel AUC=0.9136 acc=0.7906
[ep 069] val_sel AUC=0.9134 acc=0.7948
[ep 070] val_sel AUC=0.9192 acc=0.7877
[ep 071] val_sel AUC=0.9227 acc=0.8159
[ep 072] val_sel AUC=0.9210 acc=0.7984
[ep 073] val_sel AUC=0.8937 acc=0.7484
[ep 074] val_sel AUC=0.9221 acc=0.8128
[ep 075] val_sel AUC=0.9278 acc=0.8054
[ep 076] val_sel AUC=0.9279 acc=0.8256
[ep 077] val_sel AUC=0.9273 acc=0.8209
[ep 078] val_sel AUC=0.9219 acc=0.8191
[ep 079] val_sel AUC=0.9145 acc=0.8123
[ep 080] val_sel AUC=0.9257 acc=0.8121
[ep 081] val_sel AUC=0.9259 acc=0.8175
[ep 082] val_sel AUC=0.9291 acc=0.8269
[ep 083] val_sel AUC=0.9249 acc=0.8168
[ep 084] val_sel AUC=0.9273 acc=0.8247
[ep 085] val_sel AUC=0.9277 acc=0.8249
[ep 086] val_sel AUC=0.9286 acc=0.8263
[ep 087] val_sel AUC=0.9288 acc=0.8269
[ep 088] val_sel AUC=0.9285 acc=0.8303
[ep 089] val_sel AUC=0.9285 acc=0.8285
[ep 090] val_sel AUC=0.9289 acc=0.8285
[ep 091] val_sel AUC=0.9287 acc=0.8292
[ep 092] val_sel AUC=0.9284 acc=0.8287
[ep 093] val_sel AUC=0.9285 acc=0.8283
[ep 094] val_sel AUC=0.9284 acc=0.8290
[ep 095] val_sel AUC=0.9284 acc=0.8285
[ep 096] val_sel AUC=0.9284 acc=0.8290
============================================================
TEST (best val_sel epoch, held-out, evaluated once)
============================================================
[DONE-QPE2] embed=cayley model_II N=250 seed=53 test_AUC=0.9335 val_sel_AUC=0.9291 per_class=(axion=0.9413 cdm=0.8742 no_sub=0.9849) params=205476 embed_params=2017 R_frob_drift=3.9386019706726074
