[INFO] QPE2 D=64 P=8 depth=4 | embed=cayley | data=model_II N/class=100 seed=56 split_seed=0 | params=205476 embed_params=2017 lr=0.001 epochs=96 bs=32 | train(300, 64, 64) val_sel(4455, 64, 64) test(4455, 64, 64) device=cuda
[ep 001] val_sel AUC=0.5442 acc=0.3291
[ep 002] val_sel AUC=0.5304 acc=0.3473
[ep 003] val_sel AUC=0.5367 acc=0.3473
[ep 004] val_sel AUC=0.5441 acc=0.3695
[ep 005] val_sel AUC=0.5444 acc=0.3291
[ep 006] val_sel AUC=0.5426 acc=0.3441
[ep 007] val_sel AUC=0.5450 acc=0.3291
[ep 008] val_sel AUC=0.5408 acc=0.3237
[ep 009] val_sel AUC=0.5436 acc=0.3291
[ep 010] val_sel AUC=0.5403 acc=0.3473
[ep 011] val_sel AUC=0.5410 acc=0.3237
[ep 012] val_sel AUC=0.5465 acc=0.3291
[ep 013] val_sel AUC=0.5444 acc=0.3237
[ep 014] val_sel AUC=0.5442 acc=0.3477
[ep 015] val_sel AUC=0.5462 acc=0.3291
[ep 016] val_sel AUC=0.5442 acc=0.3354
[ep 017] val_sel AUC=0.5435 acc=0.3473
[ep 018] val_sel AUC=0.5460 acc=0.3237
[ep 019] val_sel AUC=0.5434 acc=0.3484
[ep 020] val_sel AUC=0.5411 acc=0.3688
[ep 021] val_sel AUC=0.5451 acc=0.3443
[ep 022] val_sel AUC=0.5482 acc=0.3621
[ep 023] val_sel AUC=0.5515 acc=0.3540
[ep 024] val_sel AUC=0.5523 acc=0.3675
[ep 025] val_sel AUC=0.5545 acc=0.3639
[ep 026] val_sel AUC=0.5567 acc=0.3623
[ep 027] val_sel AUC=0.5590 acc=0.3652
[ep 028] val_sel AUC=0.5605 acc=0.3636
[ep 029] val_sel AUC=0.5620 acc=0.3675
[ep 030] val_sel AUC=0.5634 acc=0.3652
[ep 031] val_sel AUC=0.5636 acc=0.3686
[ep 032] val_sel AUC=0.5638 acc=0.3695
[ep 033] val_sel AUC=0.5846 acc=0.3565
[ep 034] val_sel AUC=0.5884 acc=0.3879
[ep 035] val_sel AUC=0.6238 acc=0.4310
[ep 036] val_sel AUC=0.5949 acc=0.4047
[ep 037] val_sel AUC=0.5884 acc=0.3345
[ep 038] val_sel AUC=0.5887 acc=0.3405
[ep 039] val_sel AUC=0.5893 acc=0.3861
[ep 040] val_sel AUC=0.6003 acc=0.4085
[ep 041] val_sel AUC=0.6449 acc=0.4467
[ep 042] val_sel AUC=0.6345 acc=0.3706
[ep 043] val_sel AUC=0.6261 acc=0.3663
[ep 044] val_sel AUC=0.6459 acc=0.4503
[ep 045] val_sel AUC=0.6537 acc=0.4350
[ep 046] val_sel AUC=0.6598 acc=0.4247
[ep 047] val_sel AUC=0.7158 acc=0.5293
[ep 048] val_sel AUC=0.6936 acc=0.5194
[ep 049] val_sel AUC=0.7240 acc=0.4981
[ep 050] val_sel AUC=0.7343 acc=0.5412
[ep 051] val_sel AUC=0.7316 acc=0.5535
[ep 052] val_sel AUC=0.7582 acc=0.5479
[ep 053] val_sel AUC=0.7270 acc=0.5176
[ep 054] val_sel AUC=0.7934 acc=0.5881
[ep 055] val_sel AUC=0.8285 acc=0.6512
[ep 056] val_sel AUC=0.8129 acc=0.6209
[ep 057] val_sel AUC=0.7675 acc=0.5919
[ep 058] val_sel AUC=0.8015 acc=0.6090
[ep 059] val_sel AUC=0.8194 acc=0.6655
[ep 060] val_sel AUC=0.8264 acc=0.6507
[ep 061] val_sel AUC=0.7910 acc=0.6245
[ep 062] val_sel AUC=0.7987 acc=0.6409
[ep 063] val_sel AUC=0.7998 acc=0.6402
[ep 064] val_sel AUC=0.8278 acc=0.6790
[ep 065] val_sel AUC=0.8226 acc=0.6595
[ep 066] val_sel AUC=0.8284 acc=0.6761
[ep 067] val_sel AUC=0.8051 acc=0.6099
[ep 068] val_sel AUC=0.8450 acc=0.6965
[ep 069] val_sel AUC=0.8326 acc=0.6833
[ep 070] val_sel AUC=0.8421 acc=0.7048
[ep 071] val_sel AUC=0.8473 acc=0.7051
[ep 072] val_sel AUC=0.8412 acc=0.6873
[ep 073] val_sel AUC=0.8455 acc=0.6929
[ep 074] val_sel AUC=0.8330 acc=0.6629
[ep 075] val_sel AUC=0.8457 acc=0.7017
[ep 076] val_sel AUC=0.8361 acc=0.6932
[ep 077] val_sel AUC=0.8495 acc=0.7163
[ep 078] val_sel AUC=0.8420 acc=0.6860
[ep 079] val_sel AUC=0.8471 acc=0.7149
[ep 080] val_sel AUC=0.8388 acc=0.7053
[ep 081] val_sel AUC=0.8512 acc=0.7127
[ep 082] val_sel AUC=0.8458 acc=0.7125
[ep 083] val_sel AUC=0.8467 acc=0.7111
[ep 084] val_sel AUC=0.8460 acc=0.7149
[ep 085] val_sel AUC=0.8465 acc=0.7089
[ep 086] val_sel AUC=0.8465 acc=0.7196
[ep 087] val_sel AUC=0.8449 acc=0.7116
[ep 088] val_sel AUC=0.8466 acc=0.7194
[ep 089] val_sel AUC=0.8450 acc=0.7181
[ep 090] val_sel AUC=0.8468 acc=0.7203
[ep 091] val_sel AUC=0.8469 acc=0.7183
[ep 092] val_sel AUC=0.8455 acc=0.7201
[ep 093] val_sel AUC=0.8456 acc=0.7221
[ep 094] val_sel AUC=0.8456 acc=0.7217
[ep 095] val_sel AUC=0.8456 acc=0.7212
[ep 096] val_sel AUC=0.8457 acc=0.7210
============================================================
TEST (best val_sel epoch, held-out, evaluated once)
============================================================
[DONE-QPE2] embed=cayley model_II N=100 seed=56 test_AUC=0.8507 val_sel_AUC=0.8512 per_class=(axion=0.8882 cdm=0.7264 no_sub=0.9376) params=205476 embed_params=2017 R_frob_drift=3.850271701812744
