[INFO] QPE2 D=64 P=8 depth=4 | embed=cayley | data=model_III N/class=250 seed=56 split_seed=0 | params=205476 embed_params=2017 lr=0.001 epochs=96 bs=32 | train(750, 64, 64) val_sel(4469, 64, 64) test(4470, 64, 64) device=cuda
[ep 001] val_sel AUC=0.6184 acc=0.3433
[ep 002] val_sel AUC=0.6161 acc=0.3433
[ep 003] val_sel AUC=0.6251 acc=0.3283
[ep 004] val_sel AUC=0.6386 acc=0.3312
[ep 005] val_sel AUC=0.6479 acc=0.3285
[ep 006] val_sel AUC=0.6475 acc=0.3433
[ep 007] val_sel AUC=0.6345 acc=0.3433
[ep 008] val_sel AUC=0.5871 acc=0.3433
[ep 009] val_sel AUC=0.5833 acc=0.3433
[ep 010] val_sel AUC=0.6232 acc=0.3609
[ep 011] val_sel AUC=0.5385 acc=0.3285
[ep 012] val_sel AUC=0.5528 acc=0.3433
[ep 013] val_sel AUC=0.5784 acc=0.3285
[ep 014] val_sel AUC=0.5769 acc=0.3681
[ep 015] val_sel AUC=0.6151 acc=0.3759
[ep 016] val_sel AUC=0.6596 acc=0.4399
[ep 017] val_sel AUC=0.7087 acc=0.5460
[ep 018] val_sel AUC=0.7880 acc=0.5867
[ep 019] val_sel AUC=0.8135 acc=0.6424
[ep 020] val_sel AUC=0.8394 acc=0.6572
[ep 021] val_sel AUC=0.8775 acc=0.7322
[ep 022] val_sel AUC=0.8469 acc=0.7033
[ep 023] val_sel AUC=0.8882 acc=0.7606
[ep 024] val_sel AUC=0.8946 acc=0.7742
[ep 025] val_sel AUC=0.8781 acc=0.7308
[ep 026] val_sel AUC=0.9006 acc=0.7872
[ep 027] val_sel AUC=0.9030 acc=0.7928
[ep 028] val_sel AUC=0.8985 acc=0.7680
[ep 029] val_sel AUC=0.9003 acc=0.7758
[ep 030] val_sel AUC=0.9046 acc=0.7926
[ep 031] val_sel AUC=0.9051 acc=0.8002
[ep 032] val_sel AUC=0.9052 acc=0.8004
[ep 033] val_sel AUC=0.8370 acc=0.5825
[ep 034] val_sel AUC=0.8503 acc=0.6901
[ep 035] val_sel AUC=0.8884 acc=0.7548
[ep 036] val_sel AUC=0.8427 acc=0.6762
[ep 037] val_sel AUC=0.8762 acc=0.7315
[ep 038] val_sel AUC=0.8898 acc=0.7601
[ep 039] val_sel AUC=0.8379 acc=0.6744
[ep 040] val_sel AUC=0.9038 acc=0.7906
[ep 041] val_sel AUC=0.8527 acc=0.6767
[ep 042] val_sel AUC=0.8871 acc=0.7633
[ep 043] val_sel AUC=0.8965 acc=0.7507
[ep 044] val_sel AUC=0.8789 acc=0.7344
[ep 045] val_sel AUC=0.9005 acc=0.7637
[ep 046] val_sel AUC=0.8898 acc=0.7733
[ep 047] val_sel AUC=0.8854 acc=0.7465
[ep 048] val_sel AUC=0.8934 acc=0.7552
[ep 049] val_sel AUC=0.9131 acc=0.8069
[ep 050] val_sel AUC=0.8691 acc=0.7004
[ep 051] val_sel AUC=0.8956 acc=0.7411
[ep 052] val_sel AUC=0.8840 acc=0.7239
[ep 053] val_sel AUC=0.8922 acc=0.7563
[ep 054] val_sel AUC=0.9149 acc=0.8055
[ep 055] val_sel AUC=0.8742 acc=0.7201
[ep 056] val_sel AUC=0.9128 acc=0.7872
[ep 057] val_sel AUC=0.9044 acc=0.7659
[ep 058] val_sel AUC=0.9230 acc=0.8040
[ep 059] val_sel AUC=0.9103 acc=0.7982
[ep 060] val_sel AUC=0.9256 acc=0.7988
[ep 061] val_sel AUC=0.9199 acc=0.7876
[ep 062] val_sel AUC=0.9192 acc=0.7912
[ep 063] val_sel AUC=0.9218 acc=0.8058
[ep 064] val_sel AUC=0.9228 acc=0.8040
[ep 065] val_sel AUC=0.9167 acc=0.8009
[ep 066] val_sel AUC=0.9272 acc=0.7908
[ep 067] val_sel AUC=0.9185 acc=0.8165
[ep 068] val_sel AUC=0.9286 acc=0.8201
[ep 069] val_sel AUC=0.9147 acc=0.8040
[ep 070] val_sel AUC=0.8975 acc=0.7254
[ep 071] val_sel AUC=0.9298 acc=0.8076
[ep 072] val_sel AUC=0.9334 acc=0.8163
[ep 073] val_sel AUC=0.9301 acc=0.8367
[ep 074] val_sel AUC=0.9303 acc=0.8268
[ep 075] val_sel AUC=0.9257 acc=0.8290
[ep 076] val_sel AUC=0.9308 acc=0.8281
[ep 077] val_sel AUC=0.9158 acc=0.7803
[ep 078] val_sel AUC=0.9324 acc=0.8349
[ep 079] val_sel AUC=0.9296 acc=0.8217
[ep 080] val_sel AUC=0.9327 acc=0.8221
[ep 081] val_sel AUC=0.9346 acc=0.8440
[ep 082] val_sel AUC=0.9311 acc=0.8315
[ep 083] val_sel AUC=0.9314 acc=0.8375
[ep 084] val_sel AUC=0.9304 acc=0.8337
[ep 085] val_sel AUC=0.9287 acc=0.8344
[ep 086] val_sel AUC=0.9264 acc=0.8270
[ep 087] val_sel AUC=0.9268 acc=0.8304
[ep 088] val_sel AUC=0.9291 acc=0.8373
[ep 089] val_sel AUC=0.9271 acc=0.8360
[ep 090] val_sel AUC=0.9270 acc=0.8349
[ep 091] val_sel AUC=0.9256 acc=0.8340
[ep 092] val_sel AUC=0.9257 acc=0.8328
[ep 093] val_sel AUC=0.9257 acc=0.8337
[ep 094] val_sel AUC=0.9255 acc=0.8344
[ep 095] val_sel AUC=0.9254 acc=0.8349
[ep 096] val_sel AUC=0.9254 acc=0.8344
============================================================
TEST (best val_sel epoch, held-out, evaluated once)
============================================================
[DONE-QPE2] embed=cayley model_III N=250 seed=56 test_AUC=0.9286 val_sel_AUC=0.9346 per_class=(axion=0.9428 cdm=0.8683 no_sub=0.9746) params=205476 embed_params=2017 R_frob_drift=3.7548255920410156
