[INFO] QPE2 D=64 P=8 depth=4 | embed=cayley | data=model_II N/class=100 seed=45 split_seed=0 | params=205476 embed_params=2017 lr=0.001 epochs=96 bs=32 | train(300, 64, 64) val_sel(4455, 64, 64) test(4455, 64, 64) device=cuda
[ep 001] val_sel AUC=0.5047 acc=0.3473
[ep 002] val_sel AUC=0.5218 acc=0.3237
[ep 003] val_sel AUC=0.5165 acc=0.3473
[ep 004] val_sel AUC=0.5239 acc=0.3237
[ep 005] val_sel AUC=0.5204 acc=0.3473
[ep 006] val_sel AUC=0.5234 acc=0.3473
[ep 007] val_sel AUC=0.5272 acc=0.3371
[ep 008] val_sel AUC=0.5303 acc=0.3237
[ep 009] val_sel AUC=0.5286 acc=0.3473
[ep 010] val_sel AUC=0.5326 acc=0.3237
[ep 011] val_sel AUC=0.5305 acc=0.3237
[ep 012] val_sel AUC=0.5333 acc=0.3371
[ep 013] val_sel AUC=0.5363 acc=0.3291
[ep 014] val_sel AUC=0.5323 acc=0.3473
[ep 015] val_sel AUC=0.5352 acc=0.3291
[ep 016] val_sel AUC=0.5334 acc=0.3237
[ep 017] val_sel AUC=0.5356 acc=0.3291
[ep 018] val_sel AUC=0.5322 acc=0.3237
[ep 019] val_sel AUC=0.5314 acc=0.3237
[ep 020] val_sel AUC=0.5333 acc=0.3473
[ep 021] val_sel AUC=0.5360 acc=0.3291
[ep 022] val_sel AUC=0.5349 acc=0.3291
[ep 023] val_sel AUC=0.5343 acc=0.3473
[ep 024] val_sel AUC=0.5347 acc=0.3457
[ep 025] val_sel AUC=0.5357 acc=0.3237
[ep 026] val_sel AUC=0.5372 acc=0.3291
[ep 027] val_sel AUC=0.5363 acc=0.3291
[ep 028] val_sel AUC=0.5362 acc=0.3291
[ep 029] val_sel AUC=0.5360 acc=0.3291
[ep 030] val_sel AUC=0.5360 acc=0.3291
[ep 031] val_sel AUC=0.5360 acc=0.3291
[ep 032] val_sel AUC=0.5360 acc=0.3291
[ep 033] val_sel AUC=0.5390 acc=0.3291
[ep 034] val_sel AUC=0.5417 acc=0.3428
[ep 035] val_sel AUC=0.5380 acc=0.3508
[ep 036] val_sel AUC=0.5419 acc=0.3710
[ep 037] val_sel AUC=0.5408 acc=0.3603
[ep 038] val_sel AUC=0.5529 acc=0.3574
[ep 039] val_sel AUC=0.5545 acc=0.3479
[ep 040] val_sel AUC=0.5421 acc=0.3394
[ep 041] val_sel AUC=0.5562 acc=0.3515
[ep 042] val_sel AUC=0.5561 acc=0.3504
[ep 043] val_sel AUC=0.5501 acc=0.3724
[ep 044] val_sel AUC=0.5458 acc=0.3302
[ep 045] val_sel AUC=0.5470 acc=0.3605
[ep 046] val_sel AUC=0.5538 acc=0.3616
[ep 047] val_sel AUC=0.5636 acc=0.3677
[ep 048] val_sel AUC=0.5517 acc=0.3742
[ep 049] val_sel AUC=0.5472 acc=0.3437
[ep 050] val_sel AUC=0.5743 acc=0.3726
[ep 051] val_sel AUC=0.5969 acc=0.3874
[ep 052] val_sel AUC=0.6331 acc=0.4588
[ep 053] val_sel AUC=0.6114 acc=0.4359
[ep 054] val_sel AUC=0.5821 acc=0.3800
[ep 055] val_sel AUC=0.6297 acc=0.4496
[ep 056] val_sel AUC=0.6380 acc=0.4519
[ep 057] val_sel AUC=0.6486 acc=0.4705
[ep 058] val_sel AUC=0.6996 acc=0.5111
[ep 059] val_sel AUC=0.6577 acc=0.4141
[ep 060] val_sel AUC=0.6903 acc=0.3690
[ep 061] val_sel AUC=0.7137 acc=0.5320
[ep 062] val_sel AUC=0.7223 acc=0.5419
[ep 063] val_sel AUC=0.7513 acc=0.5387
[ep 064] val_sel AUC=0.7318 acc=0.5607
[ep 065] val_sel AUC=0.7604 acc=0.5603
[ep 066] val_sel AUC=0.8052 acc=0.6157
[ep 067] val_sel AUC=0.8146 acc=0.6303
[ep 068] val_sel AUC=0.8147 acc=0.6265
[ep 069] val_sel AUC=0.8328 acc=0.6799
[ep 070] val_sel AUC=0.8450 acc=0.6925
[ep 071] val_sel AUC=0.8368 acc=0.6851
[ep 072] val_sel AUC=0.8461 acc=0.6967
[ep 073] val_sel AUC=0.8617 acc=0.7033
[ep 074] val_sel AUC=0.8620 acc=0.7028
[ep 075] val_sel AUC=0.8578 acc=0.7167
[ep 076] val_sel AUC=0.8710 acc=0.7389
[ep 077] val_sel AUC=0.8616 acc=0.7134
[ep 078] val_sel AUC=0.8742 acc=0.7481
[ep 079] val_sel AUC=0.8746 acc=0.7356
[ep 080] val_sel AUC=0.8638 acc=0.7154
[ep 081] val_sel AUC=0.8814 acc=0.7540
[ep 082] val_sel AUC=0.8724 acc=0.7439
[ep 083] val_sel AUC=0.8743 acc=0.7356
[ep 084] val_sel AUC=0.8763 acc=0.7369
[ep 085] val_sel AUC=0.8797 acc=0.7515
[ep 086] val_sel AUC=0.8807 acc=0.7562
[ep 087] val_sel AUC=0.8805 acc=0.7574
[ep 088] val_sel AUC=0.8815 acc=0.7609
[ep 089] val_sel AUC=0.8807 acc=0.7621
[ep 090] val_sel AUC=0.8796 acc=0.7603
[ep 091] val_sel AUC=0.8795 acc=0.7582
[ep 092] val_sel AUC=0.8797 acc=0.7607
[ep 093] val_sel AUC=0.8798 acc=0.7600
[ep 094] val_sel AUC=0.8797 acc=0.7614
[ep 095] val_sel AUC=0.8795 acc=0.7607
[ep 096] val_sel AUC=0.8793 acc=0.7609
============================================================
TEST (best val_sel epoch, held-out, evaluated once)
============================================================
[DONE-QPE2] embed=cayley model_II N=100 seed=45 test_AUC=0.8899 val_sel_AUC=0.8815 per_class=(axion=0.9195 cdm=0.7985 no_sub=0.9519) params=205476 embed_params=2017 R_frob_drift=4.0622053146362305
