[INFO] QPE2 D=64 P=8 depth=4 | embed=cayley | data=model_III N/class=250 seed=45 split_seed=0 | params=205476 embed_params=2017 lr=0.001 epochs=96 bs=32 | train(750, 64, 64) val_sel(4469, 64, 64) test(4470, 64, 64) device=cuda
[ep 001] val_sel AUC=0.5943 acc=0.3285
[ep 002] val_sel AUC=0.5944 acc=0.3283
[ep 003] val_sel AUC=0.5864 acc=0.3433
[ep 004] val_sel AUC=0.5726 acc=0.3283
[ep 005] val_sel AUC=0.5587 acc=0.3283
[ep 006] val_sel AUC=0.5406 acc=0.3433
[ep 007] val_sel AUC=0.5398 acc=0.3574
[ep 008] val_sel AUC=0.5437 acc=0.3285
[ep 009] val_sel AUC=0.5394 acc=0.3585
[ep 010] val_sel AUC=0.5418 acc=0.3679
[ep 011] val_sel AUC=0.5480 acc=0.3506
[ep 012] val_sel AUC=0.5532 acc=0.3701
[ep 013] val_sel AUC=0.5579 acc=0.3582
[ep 014] val_sel AUC=0.5499 acc=0.3641
[ep 015] val_sel AUC=0.5602 acc=0.3779
[ep 016] val_sel AUC=0.5730 acc=0.3504
[ep 017] val_sel AUC=0.5794 acc=0.3849
[ep 018] val_sel AUC=0.6773 acc=0.4956
[ep 019] val_sel AUC=0.7730 acc=0.5565
[ep 020] val_sel AUC=0.7954 acc=0.5952
[ep 021] val_sel AUC=0.8356 acc=0.6610
[ep 022] val_sel AUC=0.8356 acc=0.6547
[ep 023] val_sel AUC=0.8875 acc=0.7232
[ep 024] val_sel AUC=0.9018 acc=0.7597
[ep 025] val_sel AUC=0.8956 acc=0.7530
[ep 026] val_sel AUC=0.8817 acc=0.6952
[ep 027] val_sel AUC=0.9068 acc=0.7733
[ep 028] val_sel AUC=0.9104 acc=0.7785
[ep 029] val_sel AUC=0.9147 acc=0.7944
[ep 030] val_sel AUC=0.9157 acc=0.7959
[ep 031] val_sel AUC=0.9156 acc=0.7959
[ep 032] val_sel AUC=0.9154 acc=0.7950
[ep 033] val_sel AUC=0.8719 acc=0.6223
[ep 034] val_sel AUC=0.7892 acc=0.6328
[ep 035] val_sel AUC=0.8395 acc=0.6534
[ep 036] val_sel AUC=0.8664 acc=0.7026
[ep 037] val_sel AUC=0.8956 acc=0.6599
[ep 038] val_sel AUC=0.8752 acc=0.7008
[ep 039] val_sel AUC=0.8920 acc=0.7328
[ep 040] val_sel AUC=0.8334 acc=0.6608
[ep 041] val_sel AUC=0.8971 acc=0.7395
[ep 042] val_sel AUC=0.9053 acc=0.7650
[ep 043] val_sel AUC=0.8620 acc=0.6870
[ep 044] val_sel AUC=0.8781 acc=0.7201
[ep 045] val_sel AUC=0.8834 acc=0.7044
[ep 046] val_sel AUC=0.8881 acc=0.7429
[ep 047] val_sel AUC=0.8919 acc=0.7557
[ep 048] val_sel AUC=0.9180 acc=0.7778
[ep 049] val_sel AUC=0.8985 acc=0.7644
[ep 050] val_sel AUC=0.9176 acc=0.7816
[ep 051] val_sel AUC=0.9233 acc=0.7984
[ep 052] val_sel AUC=0.8894 acc=0.7064
[ep 053] val_sel AUC=0.8898 acc=0.6729
[ep 054] val_sel AUC=0.9154 acc=0.7821
[ep 055] val_sel AUC=0.9364 acc=0.8255
[ep 056] val_sel AUC=0.8630 acc=0.7071
[ep 057] val_sel AUC=0.9039 acc=0.7534
[ep 058] val_sel AUC=0.9145 acc=0.7935
[ep 059] val_sel AUC=0.9277 acc=0.8154
[ep 060] val_sel AUC=0.9274 acc=0.8064
[ep 061] val_sel AUC=0.9318 acc=0.8192
[ep 062] val_sel AUC=0.9246 acc=0.7966
[ep 063] val_sel AUC=0.9259 acc=0.8058
[ep 064] val_sel AUC=0.9196 acc=0.7923
[ep 065] val_sel AUC=0.9320 acc=0.8082
[ep 066] val_sel AUC=0.9087 acc=0.7653
[ep 067] val_sel AUC=0.9152 acc=0.7894
[ep 068] val_sel AUC=0.9282 acc=0.8067
[ep 069] val_sel AUC=0.9354 acc=0.8355
[ep 070] val_sel AUC=0.9325 acc=0.8320
[ep 071] val_sel AUC=0.9285 acc=0.8118
[ep 072] val_sel AUC=0.9201 acc=0.7899
[ep 073] val_sel AUC=0.9311 acc=0.8230
[ep 074] val_sel AUC=0.9343 acc=0.8243
[ep 075] val_sel AUC=0.9378 acc=0.8429
[ep 076] val_sel AUC=0.9317 acc=0.8199
[ep 077] val_sel AUC=0.9378 acc=0.8355
[ep 078] val_sel AUC=0.9390 acc=0.8447
[ep 079] val_sel AUC=0.9329 acc=0.8214
[ep 080] val_sel AUC=0.9390 acc=0.8414
[ep 081] val_sel AUC=0.9370 acc=0.8362
[ep 082] val_sel AUC=0.9362 acc=0.8358
[ep 083] val_sel AUC=0.9361 acc=0.8398
[ep 084] val_sel AUC=0.9382 acc=0.8440
[ep 085] val_sel AUC=0.9373 acc=0.8409
[ep 086] val_sel AUC=0.9369 acc=0.8373
[ep 087] val_sel AUC=0.9357 acc=0.8362
[ep 088] val_sel AUC=0.9357 acc=0.8384
[ep 089] val_sel AUC=0.9364 acc=0.8391
[ep 090] val_sel AUC=0.9366 acc=0.8409
[ep 091] val_sel AUC=0.9363 acc=0.8434
[ep 092] val_sel AUC=0.9364 acc=0.8420
[ep 093] val_sel AUC=0.9364 acc=0.8416
[ep 094] val_sel AUC=0.9364 acc=0.8422
[ep 095] val_sel AUC=0.9364 acc=0.8420
[ep 096] val_sel AUC=0.9364 acc=0.8420
============================================================
TEST (best val_sel epoch, held-out, evaluated once)
============================================================
[DONE-QPE2] embed=cayley model_III N=250 seed=45 test_AUC=0.9337 val_sel_AUC=0.9390 per_class=(axion=0.9383 cdm=0.8798 no_sub=0.9832) params=205476 embed_params=2017 R_frob_drift=3.957831859588623
