[INFO] QPE2 D=64 P=8 depth=4 | embed=cayley | data=model_II N/class=100 seed=53 split_seed=0 | params=205476 embed_params=2017 lr=0.001 epochs=96 bs=32 | train(300, 64, 64) val_sel(4455, 64, 64) test(4455, 64, 64) device=cuda
[ep 001] val_sel AUC=0.4827 acc=0.3237
[ep 002] val_sel AUC=0.4876 acc=0.3291
[ep 003] val_sel AUC=0.4862 acc=0.3237
[ep 004] val_sel AUC=0.4933 acc=0.3291
[ep 005] val_sel AUC=0.4906 acc=0.3473
[ep 006] val_sel AUC=0.4966 acc=0.3291
[ep 007] val_sel AUC=0.4973 acc=0.3237
[ep 008] val_sel AUC=0.5003 acc=0.3473
[ep 009] val_sel AUC=0.5008 acc=0.3237
[ep 010] val_sel AUC=0.5016 acc=0.3237
[ep 011] val_sel AUC=0.5056 acc=0.3291
[ep 012] val_sel AUC=0.5072 acc=0.3473
[ep 013] val_sel AUC=0.5092 acc=0.3237
[ep 014] val_sel AUC=0.5105 acc=0.3475
[ep 015] val_sel AUC=0.5109 acc=0.3354
[ep 016] val_sel AUC=0.5128 acc=0.3257
[ep 017] val_sel AUC=0.5122 acc=0.3473
[ep 018] val_sel AUC=0.5140 acc=0.3428
[ep 019] val_sel AUC=0.5142 acc=0.3327
[ep 020] val_sel AUC=0.5132 acc=0.3365
[ep 021] val_sel AUC=0.5139 acc=0.3347
[ep 022] val_sel AUC=0.5145 acc=0.3470
[ep 023] val_sel AUC=0.5154 acc=0.3387
[ep 024] val_sel AUC=0.5155 acc=0.3405
[ep 025] val_sel AUC=0.5164 acc=0.3423
[ep 026] val_sel AUC=0.5167 acc=0.3336
[ep 027] val_sel AUC=0.5163 acc=0.3437
[ep 028] val_sel AUC=0.5163 acc=0.3396
[ep 029] val_sel AUC=0.5165 acc=0.3387
[ep 030] val_sel AUC=0.5166 acc=0.3351
[ep 031] val_sel AUC=0.5167 acc=0.3387
[ep 032] val_sel AUC=0.5167 acc=0.3378
[ep 033] val_sel AUC=0.5173 acc=0.3371
[ep 034] val_sel AUC=0.5133 acc=0.3403
[ep 035] val_sel AUC=0.5191 acc=0.3535
[ep 036] val_sel AUC=0.5117 acc=0.3297
[ep 037] val_sel AUC=0.5164 acc=0.3410
[ep 038] val_sel AUC=0.5189 acc=0.3401
[ep 039] val_sel AUC=0.5132 acc=0.3383
[ep 040] val_sel AUC=0.5151 acc=0.3345
[ep 041] val_sel AUC=0.5192 acc=0.3443
[ep 042] val_sel AUC=0.5220 acc=0.3571
[ep 043] val_sel AUC=0.5258 acc=0.3576
[ep 044] val_sel AUC=0.5369 acc=0.3553
[ep 045] val_sel AUC=0.5332 acc=0.3486
[ep 046] val_sel AUC=0.5320 acc=0.3428
[ep 047] val_sel AUC=0.5354 acc=0.3675
[ep 048] val_sel AUC=0.5346 acc=0.3621
[ep 049] val_sel AUC=0.5514 acc=0.3740
[ep 050] val_sel AUC=0.5485 acc=0.3576
[ep 051] val_sel AUC=0.5561 acc=0.3535
[ep 052] val_sel AUC=0.5513 acc=0.3650
[ep 053] val_sel AUC=0.5566 acc=0.3809
[ep 054] val_sel AUC=0.5882 acc=0.4182
[ep 055] val_sel AUC=0.6149 acc=0.4292
[ep 056] val_sel AUC=0.6106 acc=0.3924
[ep 057] val_sel AUC=0.5789 acc=0.3942
[ep 058] val_sel AUC=0.6054 acc=0.4090
[ep 059] val_sel AUC=0.6119 acc=0.4211
[ep 060] val_sel AUC=0.6387 acc=0.4447
[ep 061] val_sel AUC=0.6667 acc=0.5010
[ep 062] val_sel AUC=0.6877 acc=0.5026
[ep 063] val_sel AUC=0.6554 acc=0.4541
[ep 064] val_sel AUC=0.6914 acc=0.4999
[ep 065] val_sel AUC=0.7077 acc=0.5178
[ep 066] val_sel AUC=0.7159 acc=0.5464
[ep 067] val_sel AUC=0.7138 acc=0.5091
[ep 068] val_sel AUC=0.7345 acc=0.5562
[ep 069] val_sel AUC=0.7616 acc=0.5861
[ep 070] val_sel AUC=0.7716 acc=0.6108
[ep 071] val_sel AUC=0.7490 acc=0.5717
[ep 072] val_sel AUC=0.7475 acc=0.5764
[ep 073] val_sel AUC=0.7527 acc=0.5589
[ep 074] val_sel AUC=0.7685 acc=0.5991
[ep 075] val_sel AUC=0.7633 acc=0.5753
[ep 076] val_sel AUC=0.7723 acc=0.6081
[ep 077] val_sel AUC=0.7752 acc=0.6112
[ep 078] val_sel AUC=0.7822 acc=0.6171
[ep 079] val_sel AUC=0.7815 acc=0.5969
[ep 080] val_sel AUC=0.7816 acc=0.6114
[ep 081] val_sel AUC=0.7886 acc=0.6267
[ep 082] val_sel AUC=0.7889 acc=0.6281
[ep 083] val_sel AUC=0.7885 acc=0.6215
[ep 084] val_sel AUC=0.7865 acc=0.6193
[ep 085] val_sel AUC=0.7870 acc=0.6236
[ep 086] val_sel AUC=0.7776 acc=0.5978
[ep 087] val_sel AUC=0.7890 acc=0.6186
[ep 088] val_sel AUC=0.7876 acc=0.6180
[ep 089] val_sel AUC=0.7854 acc=0.6153
[ep 090] val_sel AUC=0.7863 acc=0.6186
[ep 091] val_sel AUC=0.7867 acc=0.6164
[ep 092] val_sel AUC=0.7877 acc=0.6180
[ep 093] val_sel AUC=0.7876 acc=0.6171
[ep 094] val_sel AUC=0.7879 acc=0.6155
[ep 095] val_sel AUC=0.7879 acc=0.6157
[ep 096] val_sel AUC=0.7878 acc=0.6157
============================================================
TEST (best val_sel epoch, held-out, evaluated once)
============================================================
[DONE-QPE2] embed=cayley model_II N=100 seed=53 test_AUC=0.7887 val_sel_AUC=0.7890 per_class=(axion=0.8552 cdm=0.6482 no_sub=0.8626) params=205476 embed_params=2017 R_frob_drift=4.213006496429443
