[INFO] QPE2 D=64 P=8 depth=4 | embed=cayley | data=model_II N/class=100 seed=52 split_seed=0 | params=205476 embed_params=2017 lr=0.001 epochs=96 bs=32 | train(300, 64, 64) val_sel(4455, 64, 64) test(4455, 64, 64) device=cuda
[ep 001] val_sel AUC=0.4774 acc=0.3473
[ep 002] val_sel AUC=0.4901 acc=0.3291
[ep 003] val_sel AUC=0.4912 acc=0.3237
[ep 004] val_sel AUC=0.4981 acc=0.3473
[ep 005] val_sel AUC=0.5077 acc=0.3291
[ep 006] val_sel AUC=0.5105 acc=0.3237
[ep 007] val_sel AUC=0.5133 acc=0.3237
[ep 008] val_sel AUC=0.5229 acc=0.3291
[ep 009] val_sel AUC=0.5260 acc=0.3291
[ep 010] val_sel AUC=0.5311 acc=0.3291
[ep 011] val_sel AUC=0.5331 acc=0.3237
[ep 012] val_sel AUC=0.5401 acc=0.3291
[ep 013] val_sel AUC=0.5442 acc=0.3291
[ep 014] val_sel AUC=0.5450 acc=0.3473
[ep 015] val_sel AUC=0.5504 acc=0.3291
[ep 016] val_sel AUC=0.5512 acc=0.3291
[ep 017] val_sel AUC=0.5503 acc=0.3237
[ep 018] val_sel AUC=0.5524 acc=0.3473
[ep 019] val_sel AUC=0.5545 acc=0.3291
[ep 020] val_sel AUC=0.5566 acc=0.3291
[ep 021] val_sel AUC=0.5532 acc=0.3237
[ep 022] val_sel AUC=0.5540 acc=0.3239
[ep 023] val_sel AUC=0.5555 acc=0.3473
[ep 024] val_sel AUC=0.5546 acc=0.3291
[ep 025] val_sel AUC=0.5550 acc=0.3291
[ep 026] val_sel AUC=0.5543 acc=0.3237
[ep 027] val_sel AUC=0.5548 acc=0.3291
[ep 028] val_sel AUC=0.5549 acc=0.3291
[ep 029] val_sel AUC=0.5548 acc=0.3291
[ep 030] val_sel AUC=0.5546 acc=0.3511
[ep 031] val_sel AUC=0.5546 acc=0.3802
[ep 032] val_sel AUC=0.5546 acc=0.3814
[ep 033] val_sel AUC=0.5534 acc=0.3291
[ep 034] val_sel AUC=0.5519 acc=0.3237
[ep 035] val_sel AUC=0.5528 acc=0.3291
[ep 036] val_sel AUC=0.5500 acc=0.3237
[ep 037] val_sel AUC=0.5522 acc=0.3291
[ep 038] val_sel AUC=0.5525 acc=0.3237
[ep 039] val_sel AUC=0.5545 acc=0.3291
[ep 040] val_sel AUC=0.5558 acc=0.3455
[ep 041] val_sel AUC=0.5504 acc=0.3547
[ep 042] val_sel AUC=0.5492 acc=0.3473
[ep 043] val_sel AUC=0.5513 acc=0.3569
[ep 044] val_sel AUC=0.5591 acc=0.3401
[ep 045] val_sel AUC=0.5585 acc=0.3470
[ep 046] val_sel AUC=0.5589 acc=0.3291
[ep 047] val_sel AUC=0.5545 acc=0.3499
[ep 048] val_sel AUC=0.5536 acc=0.3291
[ep 049] val_sel AUC=0.5540 acc=0.3733
[ep 050] val_sel AUC=0.5483 acc=0.3473
[ep 051] val_sel AUC=0.5499 acc=0.3684
[ep 052] val_sel AUC=0.5502 acc=0.3363
[ep 053] val_sel AUC=0.5508 acc=0.3549
[ep 054] val_sel AUC=0.5493 acc=0.3430
[ep 055] val_sel AUC=0.5483 acc=0.3380
[ep 056] val_sel AUC=0.5564 acc=0.3560
[ep 057] val_sel AUC=0.5634 acc=0.3975
[ep 058] val_sel AUC=0.5750 acc=0.4052
[ep 059] val_sel AUC=0.6044 acc=0.4332
[ep 060] val_sel AUC=0.6235 acc=0.4177
[ep 061] val_sel AUC=0.6269 acc=0.4545
[ep 062] val_sel AUC=0.7047 acc=0.5351
[ep 063] val_sel AUC=0.6783 acc=0.4956
[ep 064] val_sel AUC=0.7227 acc=0.5210
[ep 065] val_sel AUC=0.7213 acc=0.5239
[ep 066] val_sel AUC=0.7260 acc=0.5349
[ep 067] val_sel AUC=0.7321 acc=0.5120
[ep 068] val_sel AUC=0.7636 acc=0.5843
[ep 069] val_sel AUC=0.7520 acc=0.4882
[ep 070] val_sel AUC=0.7577 acc=0.5820
[ep 071] val_sel AUC=0.7722 acc=0.6074
[ep 072] val_sel AUC=0.7890 acc=0.6236
[ep 073] val_sel AUC=0.7954 acc=0.6150
[ep 074] val_sel AUC=0.7980 acc=0.6049
[ep 075] val_sel AUC=0.8047 acc=0.6256
[ep 076] val_sel AUC=0.8053 acc=0.6242
[ep 077] val_sel AUC=0.8163 acc=0.6496
[ep 078] val_sel AUC=0.8194 acc=0.6341
[ep 079] val_sel AUC=0.8251 acc=0.6545
[ep 080] val_sel AUC=0.8298 acc=0.6615
[ep 081] val_sel AUC=0.8329 acc=0.6761
[ep 082] val_sel AUC=0.8377 acc=0.6682
[ep 083] val_sel AUC=0.8408 acc=0.6799
[ep 084] val_sel AUC=0.8392 acc=0.6736
[ep 085] val_sel AUC=0.8379 acc=0.6779
[ep 086] val_sel AUC=0.8414 acc=0.6633
[ep 087] val_sel AUC=0.8479 acc=0.7033
[ep 088] val_sel AUC=0.8429 acc=0.6774
[ep 089] val_sel AUC=0.8473 acc=0.6889
[ep 090] val_sel AUC=0.8500 acc=0.6970
[ep 091] val_sel AUC=0.8493 acc=0.6932
[ep 092] val_sel AUC=0.8488 acc=0.6954
[ep 093] val_sel AUC=0.8495 acc=0.6965
[ep 094] val_sel AUC=0.8492 acc=0.6945
[ep 095] val_sel AUC=0.8491 acc=0.6947
[ep 096] val_sel AUC=0.8490 acc=0.6947
============================================================
TEST (best val_sel epoch, held-out, evaluated once)
============================================================
[DONE-QPE2] embed=cayley model_II N=100 seed=52 test_AUC=0.8610 val_sel_AUC=0.8500 per_class=(axion=0.8977 cdm=0.7474 no_sub=0.9379) params=205476 embed_params=2017 R_frob_drift=3.656420946121216
