[INFO] QPE2 D=64 P=8 depth=4 | embed=cayley | data=model_II N/class=250 seed=59 split_seed=0 | params=205476 embed_params=2017 lr=0.001 epochs=96 bs=32 | train(750, 64, 64) val_sel(4455, 64, 64) test(4455, 64, 64) device=cuda
[ep 001] val_sel AUC=0.4561 acc=0.3291
[ep 002] val_sel AUC=0.4792 acc=0.3237
[ep 003] val_sel AUC=0.4982 acc=0.3237
[ep 004] val_sel AUC=0.5146 acc=0.3291
[ep 005] val_sel AUC=0.5219 acc=0.3291
[ep 006] val_sel AUC=0.5266 acc=0.3237
[ep 007] val_sel AUC=0.5223 acc=0.3291
[ep 008] val_sel AUC=0.5254 acc=0.3473
[ep 009] val_sel AUC=0.5241 acc=0.3237
[ep 010] val_sel AUC=0.5268 acc=0.3291
[ep 011] val_sel AUC=0.5290 acc=0.3513
[ep 012] val_sel AUC=0.5304 acc=0.3486
[ep 013] val_sel AUC=0.5344 acc=0.3565
[ep 014] val_sel AUC=0.5411 acc=0.3551
[ep 015] val_sel AUC=0.5506 acc=0.3632
[ep 016] val_sel AUC=0.5619 acc=0.3841
[ep 017] val_sel AUC=0.5620 acc=0.3841
[ep 018] val_sel AUC=0.6394 acc=0.4391
[ep 019] val_sel AUC=0.5755 acc=0.3915
[ep 020] val_sel AUC=0.6092 acc=0.4415
[ep 021] val_sel AUC=0.6219 acc=0.4323
[ep 022] val_sel AUC=0.6615 acc=0.4889
[ep 023] val_sel AUC=0.6983 acc=0.5118
[ep 024] val_sel AUC=0.7332 acc=0.5484
[ep 025] val_sel AUC=0.7354 acc=0.5576
[ep 026] val_sel AUC=0.7319 acc=0.5286
[ep 027] val_sel AUC=0.7597 acc=0.5726
[ep 028] val_sel AUC=0.7682 acc=0.5796
[ep 029] val_sel AUC=0.7690 acc=0.5890
[ep 030] val_sel AUC=0.7712 acc=0.5930
[ep 031] val_sel AUC=0.7727 acc=0.5962
[ep 032] val_sel AUC=0.7723 acc=0.5939
[ep 033] val_sel AUC=0.6069 acc=0.3688
[ep 034] val_sel AUC=0.6438 acc=0.4512
[ep 035] val_sel AUC=0.6493 acc=0.4422
[ep 036] val_sel AUC=0.7268 acc=0.5003
[ep 037] val_sel AUC=0.7152 acc=0.4004
[ep 038] val_sel AUC=0.7211 acc=0.5450
[ep 039] val_sel AUC=0.7313 acc=0.4779
[ep 040] val_sel AUC=0.7734 acc=0.5668
[ep 041] val_sel AUC=0.7561 acc=0.5452
[ep 042] val_sel AUC=0.7849 acc=0.6011
[ep 043] val_sel AUC=0.8023 acc=0.6182
[ep 044] val_sel AUC=0.8418 acc=0.6884
[ep 045] val_sel AUC=0.8323 acc=0.6498
[ep 046] val_sel AUC=0.8482 acc=0.6788
[ep 047] val_sel AUC=0.7849 acc=0.6130
[ep 048] val_sel AUC=0.8126 acc=0.6247
[ep 049] val_sel AUC=0.8442 acc=0.6474
[ep 050] val_sel AUC=0.8468 acc=0.6958
[ep 051] val_sel AUC=0.8654 acc=0.6723
[ep 052] val_sel AUC=0.8672 acc=0.7228
[ep 053] val_sel AUC=0.8714 acc=0.7163
[ep 054] val_sel AUC=0.8496 acc=0.6763
[ep 055] val_sel AUC=0.8414 acc=0.6891
[ep 056] val_sel AUC=0.8740 acc=0.7194
[ep 057] val_sel AUC=0.8807 acc=0.7306
[ep 058] val_sel AUC=0.8830 acc=0.7313
[ep 059] val_sel AUC=0.8854 acc=0.7627
[ep 060] val_sel AUC=0.8825 acc=0.7515
[ep 061] val_sel AUC=0.8963 acc=0.7450
[ep 062] val_sel AUC=0.8874 acc=0.7486
[ep 063] val_sel AUC=0.8925 acc=0.7387
[ep 064] val_sel AUC=0.8666 acc=0.7181
[ep 065] val_sel AUC=0.8871 acc=0.7421
[ep 066] val_sel AUC=0.9085 acc=0.7890
[ep 067] val_sel AUC=0.9044 acc=0.7818
[ep 068] val_sel AUC=0.8941 acc=0.7401
[ep 069] val_sel AUC=0.8859 acc=0.7605
[ep 070] val_sel AUC=0.9015 acc=0.7820
[ep 071] val_sel AUC=0.9013 acc=0.7726
[ep 072] val_sel AUC=0.9045 acc=0.7888
[ep 073] val_sel AUC=0.9054 acc=0.7820
[ep 074] val_sel AUC=0.9138 acc=0.7910
[ep 075] val_sel AUC=0.9182 acc=0.8132
[ep 076] val_sel AUC=0.9128 acc=0.8040
[ep 077] val_sel AUC=0.9118 acc=0.7879
[ep 078] val_sel AUC=0.9140 acc=0.8092
[ep 079] val_sel AUC=0.9157 acc=0.8137
[ep 080] val_sel AUC=0.9199 acc=0.8155
[ep 081] val_sel AUC=0.9208 acc=0.8238
[ep 082] val_sel AUC=0.9174 acc=0.8141
[ep 083] val_sel AUC=0.9142 acc=0.8175
[ep 084] val_sel AUC=0.9197 acc=0.8200
[ep 085] val_sel AUC=0.9183 acc=0.8189
[ep 086] val_sel AUC=0.9196 acc=0.8233
[ep 087] val_sel AUC=0.9192 acc=0.8215
[ep 088] val_sel AUC=0.9203 acc=0.8260
[ep 089] val_sel AUC=0.9194 acc=0.8287
[ep 090] val_sel AUC=0.9208 acc=0.8258
[ep 091] val_sel AUC=0.9185 acc=0.8272
[ep 092] val_sel AUC=0.9200 acc=0.8236
[ep 093] val_sel AUC=0.9199 acc=0.8276
[ep 094] val_sel AUC=0.9203 acc=0.8278
[ep 095] val_sel AUC=0.9202 acc=0.8272
[ep 096] val_sel AUC=0.9202 acc=0.8283
============================================================
TEST (best val_sel epoch, held-out, evaluated once)
============================================================
[DONE-QPE2] embed=cayley model_II N=250 seed=59 test_AUC=0.9249 val_sel_AUC=0.9208 per_class=(axion=0.9442 cdm=0.8624 no_sub=0.9680) params=205476 embed_params=2017 R_frob_drift=4.147000312805176
