[INFO] QPE2 D=64 P=8 depth=4 | embed=cayley | data=model_III N/class=100 seed=43 split_seed=0 | params=205476 embed_params=2017 lr=0.001 epochs=96 bs=32 | train(300, 64, 64) val_sel(4469, 64, 64) test(4470, 64, 64) device=cuda
[ep 001] val_sel AUC=0.5085 acc=0.3433
[ep 002] val_sel AUC=0.5113 acc=0.3285
[ep 003] val_sel AUC=0.5191 acc=0.3283
[ep 004] val_sel AUC=0.5217 acc=0.3285
[ep 005] val_sel AUC=0.5247 acc=0.3433
[ep 006] val_sel AUC=0.5282 acc=0.3283
[ep 007] val_sel AUC=0.5307 acc=0.3285
[ep 008] val_sel AUC=0.5329 acc=0.3285
[ep 009] val_sel AUC=0.5342 acc=0.3433
[ep 010] val_sel AUC=0.5357 acc=0.3283
[ep 011] val_sel AUC=0.5378 acc=0.3466
[ep 012] val_sel AUC=0.5343 acc=0.3285
[ep 013] val_sel AUC=0.5288 acc=0.3283
[ep 014] val_sel AUC=0.5311 acc=0.3285
[ep 015] val_sel AUC=0.5255 acc=0.3283
[ep 016] val_sel AUC=0.5256 acc=0.3477
[ep 017] val_sel AUC=0.5274 acc=0.3453
[ep 018] val_sel AUC=0.5268 acc=0.3464
[ep 019] val_sel AUC=0.5235 acc=0.3500
[ep 020] val_sel AUC=0.5247 acc=0.3421
[ep 021] val_sel AUC=0.5258 acc=0.3466
[ep 022] val_sel AUC=0.5353 acc=0.3509
[ep 023] val_sel AUC=0.5229 acc=0.3522
[ep 024] val_sel AUC=0.5236 acc=0.3480
[ep 025] val_sel AUC=0.5231 acc=0.3488
[ep 026] val_sel AUC=0.5241 acc=0.3500
[ep 027] val_sel AUC=0.5244 acc=0.3495
[ep 028] val_sel AUC=0.5251 acc=0.3493
[ep 029] val_sel AUC=0.5256 acc=0.3462
[ep 030] val_sel AUC=0.5255 acc=0.3477
[ep 031] val_sel AUC=0.5255 acc=0.3493
[ep 032] val_sel AUC=0.5254 acc=0.3495
[ep 033] val_sel AUC=0.5226 acc=0.3502
[ep 034] val_sel AUC=0.5237 acc=0.3484
[ep 035] val_sel AUC=0.5333 acc=0.3502
[ep 036] val_sel AUC=0.5198 acc=0.3480
[ep 037] val_sel AUC=0.5474 acc=0.3538
[ep 038] val_sel AUC=0.5520 acc=0.3533
[ep 039] val_sel AUC=0.5625 acc=0.3540
[ep 040] val_sel AUC=0.5836 acc=0.3974
[ep 041] val_sel AUC=0.5553 acc=0.3603
[ep 042] val_sel AUC=0.6087 acc=0.3858
[ep 043] val_sel AUC=0.6003 acc=0.4330
[ep 044] val_sel AUC=0.6400 acc=0.4341
[ep 045] val_sel AUC=0.6968 acc=0.5140
[ep 046] val_sel AUC=0.6610 acc=0.4683
[ep 047] val_sel AUC=0.7402 acc=0.5710
[ep 048] val_sel AUC=0.7664 acc=0.5795
[ep 049] val_sel AUC=0.7717 acc=0.5925
[ep 050] val_sel AUC=0.7437 acc=0.5068
[ep 051] val_sel AUC=0.7720 acc=0.5585
[ep 052] val_sel AUC=0.8085 acc=0.6236
[ep 053] val_sel AUC=0.8053 acc=0.6377
[ep 054] val_sel AUC=0.7839 acc=0.5697
[ep 055] val_sel AUC=0.8292 acc=0.6543
[ep 056] val_sel AUC=0.8105 acc=0.6160
[ep 057] val_sel AUC=0.8286 acc=0.6402
[ep 058] val_sel AUC=0.8409 acc=0.6456
[ep 059] val_sel AUC=0.8628 acc=0.6811
[ep 060] val_sel AUC=0.8347 acc=0.6494
[ep 061] val_sel AUC=0.8565 acc=0.6901
[ep 062] val_sel AUC=0.8562 acc=0.6885
[ep 063] val_sel AUC=0.8726 acc=0.7201
[ep 064] val_sel AUC=0.8701 acc=0.7069
[ep 065] val_sel AUC=0.8737 acc=0.7163
[ep 066] val_sel AUC=0.8753 acc=0.7290
[ep 067] val_sel AUC=0.8780 acc=0.7216
[ep 068] val_sel AUC=0.8819 acc=0.7496
[ep 069] val_sel AUC=0.8811 acc=0.7288
[ep 070] val_sel AUC=0.8796 acc=0.7335
[ep 071] val_sel AUC=0.8678 acc=0.6950
[ep 072] val_sel AUC=0.8832 acc=0.7427
[ep 073] val_sel AUC=0.8750 acc=0.7113
[ep 074] val_sel AUC=0.8870 acc=0.7543
[ep 075] val_sel AUC=0.8920 acc=0.7391
[ep 076] val_sel AUC=0.8832 acc=0.7364
[ep 077] val_sel AUC=0.8803 acc=0.7433
[ep 078] val_sel AUC=0.8831 acc=0.7418
[ep 079] val_sel AUC=0.8894 acc=0.7536
[ep 080] val_sel AUC=0.8749 acc=0.7330
[ep 081] val_sel AUC=0.8869 acc=0.7494
[ep 082] val_sel AUC=0.8866 acc=0.7570
[ep 083] val_sel AUC=0.8870 acc=0.7559
[ep 084] val_sel AUC=0.8850 acc=0.7577
[ep 085] val_sel AUC=0.8868 acc=0.7530
[ep 086] val_sel AUC=0.8847 acc=0.7577
[ep 087] val_sel AUC=0.8885 acc=0.7568
[ep 088] val_sel AUC=0.8866 acc=0.7615
[ep 089] val_sel AUC=0.8868 acc=0.7597
[ep 090] val_sel AUC=0.8863 acc=0.7583
[ep 091] val_sel AUC=0.8856 acc=0.7588
[ep 092] val_sel AUC=0.8855 acc=0.7590
[ep 093] val_sel AUC=0.8854 acc=0.7599
[ep 094] val_sel AUC=0.8853 acc=0.7599
[ep 095] val_sel AUC=0.8852 acc=0.7597
[ep 096] val_sel AUC=0.8851 acc=0.7599
============================================================
TEST (best val_sel epoch, held-out, evaluated once)
============================================================
[DONE-QPE2] embed=cayley model_III N=100 seed=43 test_AUC=0.8896 val_sel_AUC=0.8920 per_class=(axion=0.9302 cdm=0.7915 no_sub=0.9472) params=205476 embed_params=2017 R_frob_drift=4.052182197570801
