[INFO] QPE2 D=64 P=8 depth=4 | embed=cayley | data=model_III N/class=100 seed=49 split_seed=0 | params=205476 embed_params=2017 lr=0.001 epochs=96 bs=32 | train(300, 64, 64) val_sel(4469, 64, 64) test(4470, 64, 64) device=cuda
[ep 001] val_sel AUC=0.5542 acc=0.3433
[ep 002] val_sel AUC=0.5720 acc=0.3283
[ep 003] val_sel AUC=0.5740 acc=0.3433
[ep 004] val_sel AUC=0.5764 acc=0.3285
[ep 005] val_sel AUC=0.5735 acc=0.3433
[ep 006] val_sel AUC=0.5758 acc=0.3283
[ep 007] val_sel AUC=0.5707 acc=0.3585
[ep 008] val_sel AUC=0.5689 acc=0.3515
[ep 009] val_sel AUC=0.5717 acc=0.3283
[ep 010] val_sel AUC=0.5728 acc=0.3285
[ep 011] val_sel AUC=0.5625 acc=0.3433
[ep 012] val_sel AUC=0.5696 acc=0.3412
[ep 013] val_sel AUC=0.5715 acc=0.3285
[ep 014] val_sel AUC=0.5695 acc=0.3457
[ep 015] val_sel AUC=0.5569 acc=0.3524
[ep 016] val_sel AUC=0.5527 acc=0.3551
[ep 017] val_sel AUC=0.5561 acc=0.3591
[ep 018] val_sel AUC=0.5582 acc=0.3515
[ep 019] val_sel AUC=0.5481 acc=0.3553
[ep 020] val_sel AUC=0.5515 acc=0.3685
[ep 021] val_sel AUC=0.5480 acc=0.3547
[ep 022] val_sel AUC=0.5487 acc=0.3645
[ep 023] val_sel AUC=0.5474 acc=0.3589
[ep 024] val_sel AUC=0.5509 acc=0.3656
[ep 025] val_sel AUC=0.5538 acc=0.3596
[ep 026] val_sel AUC=0.5546 acc=0.3650
[ep 027] val_sel AUC=0.5546 acc=0.3683
[ep 028] val_sel AUC=0.5546 acc=0.3694
[ep 029] val_sel AUC=0.5543 acc=0.3697
[ep 030] val_sel AUC=0.5542 acc=0.3701
[ep 031] val_sel AUC=0.5544 acc=0.3694
[ep 032] val_sel AUC=0.5545 acc=0.3690
[ep 033] val_sel AUC=0.5708 acc=0.3618
[ep 034] val_sel AUC=0.5768 acc=0.3694
[ep 035] val_sel AUC=0.5850 acc=0.3864
[ep 036] val_sel AUC=0.6133 acc=0.4021
[ep 037] val_sel AUC=0.6192 acc=0.4292
[ep 038] val_sel AUC=0.6603 acc=0.4370
[ep 039] val_sel AUC=0.6004 acc=0.4079
[ep 040] val_sel AUC=0.5944 acc=0.3513
[ep 041] val_sel AUC=0.6279 acc=0.3759
[ep 042] val_sel AUC=0.6274 acc=0.4446
[ep 043] val_sel AUC=0.6704 acc=0.4634
[ep 044] val_sel AUC=0.6460 acc=0.4422
[ep 045] val_sel AUC=0.6584 acc=0.4509
[ep 046] val_sel AUC=0.7171 acc=0.5263
[ep 047] val_sel AUC=0.7476 acc=0.5755
[ep 048] val_sel AUC=0.7662 acc=0.5382
[ep 049] val_sel AUC=0.7912 acc=0.6017
[ep 050] val_sel AUC=0.8015 acc=0.6393
[ep 051] val_sel AUC=0.7983 acc=0.6122
[ep 052] val_sel AUC=0.7888 acc=0.6162
[ep 053] val_sel AUC=0.8116 acc=0.6415
[ep 054] val_sel AUC=0.8065 acc=0.6200
[ep 055] val_sel AUC=0.8026 acc=0.6243
[ep 056] val_sel AUC=0.8186 acc=0.6583
[ep 057] val_sel AUC=0.8170 acc=0.6556
[ep 058] val_sel AUC=0.8012 acc=0.5874
[ep 059] val_sel AUC=0.8278 acc=0.6518
[ep 060] val_sel AUC=0.8431 acc=0.6885
[ep 061] val_sel AUC=0.7971 acc=0.5784
[ep 062] val_sel AUC=0.8096 acc=0.6281
[ep 063] val_sel AUC=0.8288 acc=0.6469
[ep 064] val_sel AUC=0.8338 acc=0.6570
[ep 065] val_sel AUC=0.8419 acc=0.6968
[ep 066] val_sel AUC=0.8466 acc=0.6655
[ep 067] val_sel AUC=0.8468 acc=0.6870
[ep 068] val_sel AUC=0.8410 acc=0.6585
[ep 069] val_sel AUC=0.8296 acc=0.6368
[ep 070] val_sel AUC=0.8470 acc=0.6729
[ep 071] val_sel AUC=0.8497 acc=0.7040
[ep 072] val_sel AUC=0.8500 acc=0.6872
[ep 073] val_sel AUC=0.8550 acc=0.7172
[ep 074] val_sel AUC=0.8583 acc=0.7111
[ep 075] val_sel AUC=0.8582 acc=0.7214
[ep 076] val_sel AUC=0.8631 acc=0.7279
[ep 077] val_sel AUC=0.8580 acc=0.7163
[ep 078] val_sel AUC=0.8515 acc=0.7019
[ep 079] val_sel AUC=0.8608 acc=0.7245
[ep 080] val_sel AUC=0.8487 acc=0.7024
[ep 081] val_sel AUC=0.8526 acc=0.7024
[ep 082] val_sel AUC=0.8575 acc=0.7196
[ep 083] val_sel AUC=0.8481 acc=0.7051
[ep 084] val_sel AUC=0.8547 acc=0.7237
[ep 085] val_sel AUC=0.8545 acc=0.7268
[ep 086] val_sel AUC=0.8526 acc=0.7212
[ep 087] val_sel AUC=0.8532 acc=0.7210
[ep 088] val_sel AUC=0.8544 acc=0.7239
[ep 089] val_sel AUC=0.8550 acc=0.7277
[ep 090] val_sel AUC=0.8549 acc=0.7270
[ep 091] val_sel AUC=0.8542 acc=0.7257
[ep 092] val_sel AUC=0.8538 acc=0.7252
[ep 093] val_sel AUC=0.8543 acc=0.7288
[ep 094] val_sel AUC=0.8540 acc=0.7286
[ep 095] val_sel AUC=0.8536 acc=0.7288
[ep 096] val_sel AUC=0.8534 acc=0.7268
============================================================
TEST (best val_sel epoch, held-out, evaluated once)
============================================================
[DONE-QPE2] embed=cayley model_III N=100 seed=49 test_AUC=0.8574 val_sel_AUC=0.8631 per_class=(axion=0.9079 cdm=0.7445 no_sub=0.9199) params=205476 embed_params=2017 R_frob_drift=4.131823539733887
