[INFO] QPE2 D=64 P=8 depth=4 | embed=cayley | data=model_II N/class=250 seed=58 split_seed=0 | params=205476 embed_params=2017 lr=0.001 epochs=96 bs=32 | train(750, 64, 64) val_sel(4455, 64, 64) test(4455, 64, 64) device=cuda
[ep 001] val_sel AUC=0.5346 acc=0.3237
[ep 002] val_sel AUC=0.5460 acc=0.3237
[ep 003] val_sel AUC=0.5497 acc=0.3237
[ep 004] val_sel AUC=0.5505 acc=0.3291
[ep 005] val_sel AUC=0.5502 acc=0.3473
[ep 006] val_sel AUC=0.5472 acc=0.3473
[ep 007] val_sel AUC=0.5416 acc=0.3291
[ep 008] val_sel AUC=0.5462 acc=0.3387
[ep 009] val_sel AUC=0.5573 acc=0.3578
[ep 010] val_sel AUC=0.5542 acc=0.3679
[ep 011] val_sel AUC=0.5841 acc=0.3872
[ep 012] val_sel AUC=0.6152 acc=0.4292
[ep 013] val_sel AUC=0.6904 acc=0.4943
[ep 014] val_sel AUC=0.7516 acc=0.5668
[ep 015] val_sel AUC=0.7535 acc=0.5396
[ep 016] val_sel AUC=0.7797 acc=0.5726
[ep 017] val_sel AUC=0.8211 acc=0.6433
[ep 018] val_sel AUC=0.8182 acc=0.6382
[ep 019] val_sel AUC=0.8251 acc=0.6361
[ep 020] val_sel AUC=0.8338 acc=0.6611
[ep 021] val_sel AUC=0.8402 acc=0.6629
[ep 022] val_sel AUC=0.8329 acc=0.6523
[ep 023] val_sel AUC=0.8397 acc=0.6525
[ep 024] val_sel AUC=0.8598 acc=0.7024
[ep 025] val_sel AUC=0.8698 acc=0.7075
[ep 026] val_sel AUC=0.8672 acc=0.7008
[ep 027] val_sel AUC=0.8762 acc=0.7205
[ep 028] val_sel AUC=0.8760 acc=0.7208
[ep 029] val_sel AUC=0.8780 acc=0.7201
[ep 030] val_sel AUC=0.8778 acc=0.7241
[ep 031] val_sel AUC=0.8790 acc=0.7277
[ep 032] val_sel AUC=0.8790 acc=0.7268
[ep 033] val_sel AUC=0.8078 acc=0.6211
[ep 034] val_sel AUC=0.8378 acc=0.6563
[ep 035] val_sel AUC=0.8504 acc=0.6963
[ep 036] val_sel AUC=0.8384 acc=0.6822
[ep 037] val_sel AUC=0.8196 acc=0.6438
[ep 038] val_sel AUC=0.8690 acc=0.7082
[ep 039] val_sel AUC=0.8499 acc=0.6848
[ep 040] val_sel AUC=0.8672 acc=0.7066
[ep 041] val_sel AUC=0.8808 acc=0.7248
[ep 042] val_sel AUC=0.8486 acc=0.6759
[ep 043] val_sel AUC=0.8434 acc=0.6678
[ep 044] val_sel AUC=0.8278 acc=0.6510
[ep 045] val_sel AUC=0.8496 acc=0.6866
[ep 046] val_sel AUC=0.8495 acc=0.6992
[ep 047] val_sel AUC=0.8300 acc=0.5791
[ep 048] val_sel AUC=0.8803 acc=0.7434
[ep 049] val_sel AUC=0.8831 acc=0.7416
[ep 050] val_sel AUC=0.8938 acc=0.7621
[ep 051] val_sel AUC=0.8405 acc=0.6961
[ep 052] val_sel AUC=0.8882 acc=0.7609
[ep 053] val_sel AUC=0.8539 acc=0.6869
[ep 054] val_sel AUC=0.8872 acc=0.7347
[ep 055] val_sel AUC=0.9027 acc=0.7643
[ep 056] val_sel AUC=0.8896 acc=0.7493
[ep 057] val_sel AUC=0.8799 acc=0.7174
[ep 058] val_sel AUC=0.9095 acc=0.7805
[ep 059] val_sel AUC=0.8945 acc=0.7645
[ep 060] val_sel AUC=0.8952 acc=0.7533
[ep 061] val_sel AUC=0.9108 acc=0.7843
[ep 062] val_sel AUC=0.8959 acc=0.7600
[ep 063] val_sel AUC=0.9098 acc=0.7953
[ep 064] val_sel AUC=0.9010 acc=0.7740
[ep 065] val_sel AUC=0.9029 acc=0.7565
[ep 066] val_sel AUC=0.8931 acc=0.7468
[ep 067] val_sel AUC=0.9157 acc=0.7948
[ep 068] val_sel AUC=0.9143 acc=0.8009
[ep 069] val_sel AUC=0.9186 acc=0.7969
[ep 070] val_sel AUC=0.9082 acc=0.7933
[ep 071] val_sel AUC=0.9142 acc=0.7841
[ep 072] val_sel AUC=0.9099 acc=0.7811
[ep 073] val_sel AUC=0.9173 acc=0.8043
[ep 074] val_sel AUC=0.9129 acc=0.7991
[ep 075] val_sel AUC=0.8980 acc=0.7589
[ep 076] val_sel AUC=0.9275 acc=0.8251
[ep 077] val_sel AUC=0.9261 acc=0.8231
[ep 078] val_sel AUC=0.9236 acc=0.8215
[ep 079] val_sel AUC=0.9204 acc=0.8110
[ep 080] val_sel AUC=0.9277 acc=0.8323
[ep 081] val_sel AUC=0.9283 acc=0.8283
[ep 082] val_sel AUC=0.9311 acc=0.8359
[ep 083] val_sel AUC=0.9276 acc=0.8314
[ep 084] val_sel AUC=0.9293 acc=0.8337
[ep 085] val_sel AUC=0.9251 acc=0.8267
[ep 086] val_sel AUC=0.9304 acc=0.8375
[ep 087] val_sel AUC=0.9271 acc=0.8265
[ep 088] val_sel AUC=0.9296 acc=0.8346
[ep 089] val_sel AUC=0.9277 acc=0.8274
[ep 090] val_sel AUC=0.9267 acc=0.8265
[ep 091] val_sel AUC=0.9311 acc=0.8366
[ep 092] val_sel AUC=0.9304 acc=0.8348
[ep 093] val_sel AUC=0.9292 acc=0.8301
[ep 094] val_sel AUC=0.9293 acc=0.8341
[ep 095] val_sel AUC=0.9288 acc=0.8316
[ep 096] val_sel AUC=0.9291 acc=0.8325
============================================================
TEST (best val_sel epoch, held-out, evaluated once)
============================================================
[DONE-QPE2] embed=cayley model_II N=250 seed=58 test_AUC=0.9370 val_sel_AUC=0.9311 per_class=(axion=0.9414 cdm=0.8833 no_sub=0.9864) params=205476 embed_params=2017 R_frob_drift=3.75826096534729
