[INFO] QPE2 D=64 P=8 depth=4 | embed=cayley | data=model_III N/class=100 seed=45 split_seed=0 | params=205476 embed_params=2017 lr=0.001 epochs=96 bs=32 | train(300, 64, 64) val_sel(4469, 64, 64) test(4470, 64, 64) device=cuda
[ep 001] val_sel AUC=0.4544 acc=0.3433
[ep 002] val_sel AUC=0.4938 acc=0.3285
[ep 003] val_sel AUC=0.4982 acc=0.3433
[ep 004] val_sel AUC=0.5182 acc=0.3285
[ep 005] val_sel AUC=0.5281 acc=0.3285
[ep 006] val_sel AUC=0.5434 acc=0.3433
[ep 007] val_sel AUC=0.5605 acc=0.3433
[ep 008] val_sel AUC=0.5641 acc=0.3285
[ep 009] val_sel AUC=0.5668 acc=0.3433
[ep 010] val_sel AUC=0.5713 acc=0.3285
[ep 011] val_sel AUC=0.5678 acc=0.3285
[ep 012] val_sel AUC=0.5702 acc=0.3433
[ep 013] val_sel AUC=0.5684 acc=0.3283
[ep 014] val_sel AUC=0.5611 acc=0.3433
[ep 015] val_sel AUC=0.5599 acc=0.3283
[ep 016] val_sel AUC=0.5507 acc=0.3285
[ep 017] val_sel AUC=0.5514 acc=0.3283
[ep 018] val_sel AUC=0.5386 acc=0.3352
[ep 019] val_sel AUC=0.5432 acc=0.3471
[ep 020] val_sel AUC=0.5494 acc=0.3553
[ep 021] val_sel AUC=0.5566 acc=0.3511
[ep 022] val_sel AUC=0.5546 acc=0.3612
[ep 023] val_sel AUC=0.5591 acc=0.3697
[ep 024] val_sel AUC=0.5594 acc=0.3777
[ep 025] val_sel AUC=0.5611 acc=0.3768
[ep 026] val_sel AUC=0.5624 acc=0.3726
[ep 027] val_sel AUC=0.5615 acc=0.3784
[ep 028] val_sel AUC=0.5619 acc=0.3753
[ep 029] val_sel AUC=0.5620 acc=0.3800
[ep 030] val_sel AUC=0.5619 acc=0.3835
[ep 031] val_sel AUC=0.5620 acc=0.3838
[ep 032] val_sel AUC=0.5620 acc=0.3842
[ep 033] val_sel AUC=0.5751 acc=0.3699
[ep 034] val_sel AUC=0.5445 acc=0.3654
[ep 035] val_sel AUC=0.5671 acc=0.3285
[ep 036] val_sel AUC=0.5684 acc=0.3576
[ep 037] val_sel AUC=0.5579 acc=0.3629
[ep 038] val_sel AUC=0.5574 acc=0.3833
[ep 039] val_sel AUC=0.5512 acc=0.3685
[ep 040] val_sel AUC=0.5853 acc=0.4160
[ep 041] val_sel AUC=0.5823 acc=0.4193
[ep 042] val_sel AUC=0.5930 acc=0.4175
[ep 043] val_sel AUC=0.5835 acc=0.4234
[ep 044] val_sel AUC=0.5923 acc=0.4323
[ep 045] val_sel AUC=0.5951 acc=0.4001
[ep 046] val_sel AUC=0.6015 acc=0.4095
[ep 047] val_sel AUC=0.6275 acc=0.4433
[ep 048] val_sel AUC=0.6385 acc=0.4636
[ep 049] val_sel AUC=0.6582 acc=0.4621
[ep 050] val_sel AUC=0.6764 acc=0.4677
[ep 051] val_sel AUC=0.7183 acc=0.5574
[ep 052] val_sel AUC=0.7369 acc=0.5601
[ep 053] val_sel AUC=0.7411 acc=0.5590
[ep 054] val_sel AUC=0.7376 acc=0.5641
[ep 055] val_sel AUC=0.6814 acc=0.5044
[ep 056] val_sel AUC=0.6978 acc=0.5126
[ep 057] val_sel AUC=0.7386 acc=0.5478
[ep 058] val_sel AUC=0.7555 acc=0.5820
[ep 059] val_sel AUC=0.7612 acc=0.5784
[ep 060] val_sel AUC=0.7721 acc=0.6071
[ep 061] val_sel AUC=0.7876 acc=0.6026
[ep 062] val_sel AUC=0.8063 acc=0.5878
[ep 063] val_sel AUC=0.8059 acc=0.6288
[ep 064] val_sel AUC=0.7959 acc=0.6203
[ep 065] val_sel AUC=0.7991 acc=0.6321
[ep 066] val_sel AUC=0.8082 acc=0.6355
[ep 067] val_sel AUC=0.8389 acc=0.6802
[ep 068] val_sel AUC=0.8421 acc=0.6943
[ep 069] val_sel AUC=0.8340 acc=0.6641
[ep 070] val_sel AUC=0.8480 acc=0.6975
[ep 071] val_sel AUC=0.8460 acc=0.6829
[ep 072] val_sel AUC=0.8246 acc=0.6194
[ep 073] val_sel AUC=0.8536 acc=0.6957
[ep 074] val_sel AUC=0.8436 acc=0.6921
[ep 075] val_sel AUC=0.8607 acc=0.7113
[ep 076] val_sel AUC=0.8629 acc=0.7250
[ep 077] val_sel AUC=0.8679 acc=0.7335
[ep 078] val_sel AUC=0.8683 acc=0.7313
[ep 079] val_sel AUC=0.8718 acc=0.7151
[ep 080] val_sel AUC=0.8735 acc=0.7322
[ep 081] val_sel AUC=0.8827 acc=0.7471
[ep 082] val_sel AUC=0.8744 acc=0.7290
[ep 083] val_sel AUC=0.8835 acc=0.7496
[ep 084] val_sel AUC=0.8865 acc=0.7574
[ep 085] val_sel AUC=0.8859 acc=0.7545
[ep 086] val_sel AUC=0.8849 acc=0.7507
[ep 087] val_sel AUC=0.8863 acc=0.7574
[ep 088] val_sel AUC=0.8865 acc=0.7597
[ep 089] val_sel AUC=0.8882 acc=0.7581
[ep 090] val_sel AUC=0.8879 acc=0.7581
[ep 091] val_sel AUC=0.8883 acc=0.7557
[ep 092] val_sel AUC=0.8884 acc=0.7586
[ep 093] val_sel AUC=0.8884 acc=0.7586
[ep 094] val_sel AUC=0.8883 acc=0.7599
[ep 095] val_sel AUC=0.8883 acc=0.7595
[ep 096] val_sel AUC=0.8883 acc=0.7595
============================================================
TEST (best val_sel epoch, held-out, evaluated once)
============================================================
[DONE-QPE2] embed=cayley model_III N=100 seed=45 test_AUC=0.8817 val_sel_AUC=0.8884 per_class=(axion=0.9200 cdm=0.7881 no_sub=0.9368) params=205476 embed_params=2017 R_frob_drift=3.488884210586548
