[INFO] QPE2 D=64 P=8 depth=4 | embed=cayley | data=model_III N/class=100 seed=58 split_seed=0 | params=205476 embed_params=2017 lr=0.001 epochs=96 bs=32 | train(300, 64, 64) val_sel(4469, 64, 64) test(4470, 64, 64) device=cuda
[ep 001] val_sel AUC=0.5246 acc=0.3433
[ep 002] val_sel AUC=0.5808 acc=0.3283
[ep 003] val_sel AUC=0.5682 acc=0.3433
[ep 004] val_sel AUC=0.5720 acc=0.3433
[ep 005] val_sel AUC=0.5725 acc=0.3283
[ep 006] val_sel AUC=0.5722 acc=0.3433
[ep 007] val_sel AUC=0.5704 acc=0.3283
[ep 008] val_sel AUC=0.5620 acc=0.3285
[ep 009] val_sel AUC=0.5638 acc=0.3433
[ep 010] val_sel AUC=0.5609 acc=0.3406
[ep 011] val_sel AUC=0.5583 acc=0.3433
[ep 012] val_sel AUC=0.5513 acc=0.3683
[ep 013] val_sel AUC=0.5508 acc=0.3386
[ep 014] val_sel AUC=0.5460 acc=0.3578
[ep 015] val_sel AUC=0.5465 acc=0.3529
[ep 016] val_sel AUC=0.5510 acc=0.3688
[ep 017] val_sel AUC=0.5515 acc=0.3453
[ep 018] val_sel AUC=0.5490 acc=0.3285
[ep 019] val_sel AUC=0.5512 acc=0.3428
[ep 020] val_sel AUC=0.5525 acc=0.3701
[ep 021] val_sel AUC=0.5553 acc=0.3710
[ep 022] val_sel AUC=0.5577 acc=0.3869
[ep 023] val_sel AUC=0.5615 acc=0.3898
[ep 024] val_sel AUC=0.5646 acc=0.3838
[ep 025] val_sel AUC=0.5704 acc=0.3936
[ep 026] val_sel AUC=0.5733 acc=0.3974
[ep 027] val_sel AUC=0.5780 acc=0.3990
[ep 028] val_sel AUC=0.5820 acc=0.4046
[ep 029] val_sel AUC=0.5851 acc=0.4104
[ep 030] val_sel AUC=0.5870 acc=0.4119
[ep 031] val_sel AUC=0.5875 acc=0.4124
[ep 032] val_sel AUC=0.5877 acc=0.4128
[ep 033] val_sel AUC=0.5965 acc=0.3898
[ep 034] val_sel AUC=0.6007 acc=0.4046
[ep 035] val_sel AUC=0.6225 acc=0.4370
[ep 036] val_sel AUC=0.6301 acc=0.4495
[ep 037] val_sel AUC=0.6532 acc=0.4149
[ep 038] val_sel AUC=0.6830 acc=0.4439
[ep 039] val_sel AUC=0.7580 acc=0.5670
[ep 040] val_sel AUC=0.6900 acc=0.4963
[ep 041] val_sel AUC=0.7645 acc=0.5355
[ep 042] val_sel AUC=0.7758 acc=0.5943
[ep 043] val_sel AUC=0.7571 acc=0.5655
[ep 044] val_sel AUC=0.7395 acc=0.5216
[ep 045] val_sel AUC=0.7350 acc=0.5068
[ep 046] val_sel AUC=0.7648 acc=0.5748
[ep 047] val_sel AUC=0.8138 acc=0.6272
[ep 048] val_sel AUC=0.8008 acc=0.6042
[ep 049] val_sel AUC=0.8250 acc=0.6742
[ep 050] val_sel AUC=0.8290 acc=0.6476
[ep 051] val_sel AUC=0.8464 acc=0.6755
[ep 052] val_sel AUC=0.8418 acc=0.6856
[ep 053] val_sel AUC=0.8306 acc=0.6697
[ep 054] val_sel AUC=0.8200 acc=0.6160
[ep 055] val_sel AUC=0.8329 acc=0.6708
[ep 056] val_sel AUC=0.8104 acc=0.6142
[ep 057] val_sel AUC=0.8065 acc=0.5898
[ep 058] val_sel AUC=0.8580 acc=0.6912
[ep 059] val_sel AUC=0.8591 acc=0.7013
[ep 060] val_sel AUC=0.8734 acc=0.7299
[ep 061] val_sel AUC=0.8304 acc=0.6339
[ep 062] val_sel AUC=0.8453 acc=0.6820
[ep 063] val_sel AUC=0.8648 acc=0.6934
[ep 064] val_sel AUC=0.8597 acc=0.6975
[ep 065] val_sel AUC=0.8721 acc=0.7147
[ep 066] val_sel AUC=0.8757 acc=0.7091
[ep 067] val_sel AUC=0.8720 acc=0.7281
[ep 068] val_sel AUC=0.8856 acc=0.7400
[ep 069] val_sel AUC=0.8903 acc=0.7411
[ep 070] val_sel AUC=0.8745 acc=0.7223
[ep 071] val_sel AUC=0.8741 acc=0.7190
[ep 072] val_sel AUC=0.8911 acc=0.7516
[ep 073] val_sel AUC=0.8930 acc=0.7579
[ep 074] val_sel AUC=0.8896 acc=0.7505
[ep 075] val_sel AUC=0.8847 acc=0.7237
[ep 076] val_sel AUC=0.8911 acc=0.7633
[ep 077] val_sel AUC=0.8960 acc=0.7637
[ep 078] val_sel AUC=0.8940 acc=0.7595
[ep 079] val_sel AUC=0.8893 acc=0.7523
[ep 080] val_sel AUC=0.8988 acc=0.7675
[ep 081] val_sel AUC=0.8956 acc=0.7550
[ep 082] val_sel AUC=0.8960 acc=0.7603
[ep 083] val_sel AUC=0.8974 acc=0.7682
[ep 084] val_sel AUC=0.8969 acc=0.7718
[ep 085] val_sel AUC=0.8951 acc=0.7653
[ep 086] val_sel AUC=0.8961 acc=0.7715
[ep 087] val_sel AUC=0.8961 acc=0.7673
[ep 088] val_sel AUC=0.8956 acc=0.7637
[ep 089] val_sel AUC=0.8967 acc=0.7718
[ep 090] val_sel AUC=0.8960 acc=0.7706
[ep 091] val_sel AUC=0.8957 acc=0.7715
[ep 092] val_sel AUC=0.8962 acc=0.7720
[ep 093] val_sel AUC=0.8963 acc=0.7713
[ep 094] val_sel AUC=0.8963 acc=0.7718
[ep 095] val_sel AUC=0.8963 acc=0.7722
[ep 096] val_sel AUC=0.8964 acc=0.7729
============================================================
TEST (best val_sel epoch, held-out, evaluated once)
============================================================
[DONE-QPE2] embed=cayley model_III N=100 seed=58 test_AUC=0.8912 val_sel_AUC=0.8988 per_class=(axion=0.9334 cdm=0.7996 no_sub=0.9407) params=205476 embed_params=2017 R_frob_drift=3.521996021270752
