[INFO] QPE2 D=64 P=8 depth=4 | embed=cayley | data=model_II N/class=100 seed=61 split_seed=0 | params=205476 embed_params=2017 lr=0.001 epochs=96 bs=32 | train(300, 64, 64) val_sel(4455, 64, 64) test(4455, 64, 64) device=cuda
[ep 001] val_sel AUC=0.4899 acc=0.3237
[ep 002] val_sel AUC=0.5283 acc=0.3291
[ep 003] val_sel AUC=0.5406 acc=0.3237
[ep 004] val_sel AUC=0.5483 acc=0.3473
[ep 005] val_sel AUC=0.5505 acc=0.3349
[ep 006] val_sel AUC=0.5500 acc=0.3473
[ep 007] val_sel AUC=0.5516 acc=0.3291
[ep 008] val_sel AUC=0.5469 acc=0.3473
[ep 009] val_sel AUC=0.5451 acc=0.3237
[ep 010] val_sel AUC=0.5419 acc=0.3437
[ep 011] val_sel AUC=0.5387 acc=0.3473
[ep 012] val_sel AUC=0.5324 acc=0.3237
[ep 013] val_sel AUC=0.5381 acc=0.3291
[ep 014] val_sel AUC=0.5358 acc=0.3237
[ep 015] val_sel AUC=0.5364 acc=0.3291
[ep 016] val_sel AUC=0.5325 acc=0.3582
[ep 017] val_sel AUC=0.5272 acc=0.3264
[ep 018] val_sel AUC=0.5314 acc=0.3387
[ep 019] val_sel AUC=0.5265 acc=0.3540
[ep 020] val_sel AUC=0.5255 acc=0.3439
[ep 021] val_sel AUC=0.5269 acc=0.3437
[ep 022] val_sel AUC=0.5275 acc=0.3389
[ep 023] val_sel AUC=0.5285 acc=0.3484
[ep 024] val_sel AUC=0.5301 acc=0.3531
[ep 025] val_sel AUC=0.5326 acc=0.3594
[ep 026] val_sel AUC=0.5336 acc=0.3643
[ep 027] val_sel AUC=0.5341 acc=0.3600
[ep 028] val_sel AUC=0.5360 acc=0.3547
[ep 029] val_sel AUC=0.5357 acc=0.3529
[ep 030] val_sel AUC=0.5359 acc=0.3542
[ep 031] val_sel AUC=0.5360 acc=0.3547
[ep 032] val_sel AUC=0.5360 acc=0.3544
[ep 033] val_sel AUC=0.5498 acc=0.3778
[ep 034] val_sel AUC=0.5422 acc=0.3571
[ep 035] val_sel AUC=0.5624 acc=0.3807
[ep 036] val_sel AUC=0.5609 acc=0.3771
[ep 037] val_sel AUC=0.5546 acc=0.3311
[ep 038] val_sel AUC=0.5539 acc=0.3589
[ep 039] val_sel AUC=0.5552 acc=0.3847
[ep 040] val_sel AUC=0.5503 acc=0.3520
[ep 041] val_sel AUC=0.5858 acc=0.3953
[ep 042] val_sel AUC=0.5737 acc=0.4025
[ep 043] val_sel AUC=0.6052 acc=0.3910
[ep 044] val_sel AUC=0.6176 acc=0.4301
[ep 045] val_sel AUC=0.6168 acc=0.3495
[ep 046] val_sel AUC=0.5932 acc=0.3807
[ep 047] val_sel AUC=0.6031 acc=0.3868
[ep 048] val_sel AUC=0.6290 acc=0.4186
[ep 049] val_sel AUC=0.6395 acc=0.4584
[ep 050] val_sel AUC=0.6571 acc=0.4438
[ep 051] val_sel AUC=0.6038 acc=0.3807
[ep 052] val_sel AUC=0.6023 acc=0.3957
[ep 053] val_sel AUC=0.6465 acc=0.4316
[ep 054] val_sel AUC=0.6672 acc=0.4651
[ep 055] val_sel AUC=0.6858 acc=0.4792
[ep 056] val_sel AUC=0.6930 acc=0.4954
[ep 057] val_sel AUC=0.7255 acc=0.5279
[ep 058] val_sel AUC=0.7088 acc=0.4889
[ep 059] val_sel AUC=0.7334 acc=0.5354
[ep 060] val_sel AUC=0.7450 acc=0.5461
[ep 061] val_sel AUC=0.7603 acc=0.5713
[ep 062] val_sel AUC=0.7545 acc=0.5540
[ep 063] val_sel AUC=0.7542 acc=0.5901
[ep 064] val_sel AUC=0.7532 acc=0.5228
[ep 065] val_sel AUC=0.7922 acc=0.5924
[ep 066] val_sel AUC=0.8033 acc=0.6308
[ep 067] val_sel AUC=0.7866 acc=0.5939
[ep 068] val_sel AUC=0.7937 acc=0.6191
[ep 069] val_sel AUC=0.8064 acc=0.6370
[ep 070] val_sel AUC=0.8096 acc=0.6617
[ep 071] val_sel AUC=0.8261 acc=0.6676
[ep 072] val_sel AUC=0.8414 acc=0.6905
[ep 073] val_sel AUC=0.8301 acc=0.6765
[ep 074] val_sel AUC=0.8392 acc=0.6723
[ep 075] val_sel AUC=0.8440 acc=0.6938
[ep 076] val_sel AUC=0.8425 acc=0.6866
[ep 077] val_sel AUC=0.8338 acc=0.6873
[ep 078] val_sel AUC=0.8516 acc=0.7062
[ep 079] val_sel AUC=0.8503 acc=0.7104
[ep 080] val_sel AUC=0.8546 acc=0.7127
[ep 081] val_sel AUC=0.8430 acc=0.7035
[ep 082] val_sel AUC=0.8616 acc=0.7100
[ep 083] val_sel AUC=0.8334 acc=0.6310
[ep 084] val_sel AUC=0.8522 acc=0.7122
[ep 085] val_sel AUC=0.8586 acc=0.7226
[ep 086] val_sel AUC=0.8610 acc=0.7291
[ep 087] val_sel AUC=0.8576 acc=0.7262
[ep 088] val_sel AUC=0.8584 acc=0.7205
[ep 089] val_sel AUC=0.8580 acc=0.7226
[ep 090] val_sel AUC=0.8582 acc=0.7219
[ep 091] val_sel AUC=0.8582 acc=0.7266
[ep 092] val_sel AUC=0.8581 acc=0.7217
[ep 093] val_sel AUC=0.8578 acc=0.7217
[ep 094] val_sel AUC=0.8576 acc=0.7221
[ep 095] val_sel AUC=0.8574 acc=0.7235
[ep 096] val_sel AUC=0.8573 acc=0.7230
============================================================
TEST (best val_sel epoch, held-out, evaluated once)
============================================================
[DONE-QPE2] embed=cayley model_II N=100 seed=61 test_AUC=0.8641 val_sel_AUC=0.8616 per_class=(axion=0.9064 cdm=0.7417 no_sub=0.9441) params=205476 embed_params=2017 R_frob_drift=3.638613224029541
