[INFO] QPE2 D=64 P=8 depth=4 | embed=cayley | data=model_III N/class=250 seed=60 split_seed=0 | params=205476 embed_params=2017 lr=0.001 epochs=96 bs=32 | train(750, 64, 64) val_sel(4469, 64, 64) test(4470, 64, 64) device=cuda
[ep 001] val_sel AUC=0.5615 acc=0.3283
[ep 002] val_sel AUC=0.5725 acc=0.3285
[ep 003] val_sel AUC=0.5632 acc=0.3433
[ep 004] val_sel AUC=0.5591 acc=0.3285
[ep 005] val_sel AUC=0.5565 acc=0.3285
[ep 006] val_sel AUC=0.5540 acc=0.3433
[ep 007] val_sel AUC=0.5415 acc=0.3433
[ep 008] val_sel AUC=0.5653 acc=0.3500
[ep 009] val_sel AUC=0.5835 acc=0.3285
[ep 010] val_sel AUC=0.5764 acc=0.3285
[ep 011] val_sel AUC=0.5884 acc=0.4303
[ep 012] val_sel AUC=0.6000 acc=0.4128
[ep 013] val_sel AUC=0.6842 acc=0.4475
[ep 014] val_sel AUC=0.7093 acc=0.4885
[ep 015] val_sel AUC=0.7574 acc=0.5388
[ep 016] val_sel AUC=0.8030 acc=0.6142
[ep 017] val_sel AUC=0.7734 acc=0.5408
[ep 018] val_sel AUC=0.8188 acc=0.6315
[ep 019] val_sel AUC=0.8505 acc=0.6834
[ep 020] val_sel AUC=0.8556 acc=0.6816
[ep 021] val_sel AUC=0.8656 acc=0.7096
[ep 022] val_sel AUC=0.8608 acc=0.6939
[ep 023] val_sel AUC=0.8592 acc=0.6979
[ep 024] val_sel AUC=0.8692 acc=0.7087
[ep 025] val_sel AUC=0.8800 acc=0.7254
[ep 026] val_sel AUC=0.8840 acc=0.7407
[ep 027] val_sel AUC=0.8820 acc=0.7351
[ep 028] val_sel AUC=0.8888 acc=0.7568
[ep 029] val_sel AUC=0.8888 acc=0.7545
[ep 030] val_sel AUC=0.8907 acc=0.7581
[ep 031] val_sel AUC=0.8906 acc=0.7579
[ep 032] val_sel AUC=0.8905 acc=0.7577
[ep 033] val_sel AUC=0.8235 acc=0.6337
[ep 034] val_sel AUC=0.8557 acc=0.6771
[ep 035] val_sel AUC=0.8637 acc=0.6887
[ep 036] val_sel AUC=0.8834 acc=0.7022
[ep 037] val_sel AUC=0.8687 acc=0.6814
[ep 038] val_sel AUC=0.8709 acc=0.7185
[ep 039] val_sel AUC=0.8801 acc=0.7073
[ep 040] val_sel AUC=0.8667 acc=0.6972
[ep 041] val_sel AUC=0.8778 acc=0.6923
[ep 042] val_sel AUC=0.8549 acc=0.6943
[ep 043] val_sel AUC=0.9000 acc=0.7467
[ep 044] val_sel AUC=0.8850 acc=0.7326
[ep 045] val_sel AUC=0.9070 acc=0.7736
[ep 046] val_sel AUC=0.9078 acc=0.7771
[ep 047] val_sel AUC=0.8748 acc=0.7198
[ep 048] val_sel AUC=0.8955 acc=0.7550
[ep 049] val_sel AUC=0.9056 acc=0.7760
[ep 050] val_sel AUC=0.9066 acc=0.7749
[ep 051] val_sel AUC=0.9082 acc=0.7753
[ep 052] val_sel AUC=0.9136 acc=0.7682
[ep 053] val_sel AUC=0.9001 acc=0.7449
[ep 054] val_sel AUC=0.8996 acc=0.7744
[ep 055] val_sel AUC=0.9066 acc=0.7910
[ep 056] val_sel AUC=0.9110 acc=0.7926
[ep 057] val_sel AUC=0.9108 acc=0.7984
[ep 058] val_sel AUC=0.9036 acc=0.7749
[ep 059] val_sel AUC=0.8934 acc=0.7588
[ep 060] val_sel AUC=0.9174 acc=0.7959
[ep 061] val_sel AUC=0.8867 acc=0.7026
[ep 062] val_sel AUC=0.8862 acc=0.7337
[ep 063] val_sel AUC=0.9088 acc=0.7809
[ep 064] val_sel AUC=0.9226 acc=0.7912
[ep 065] val_sel AUC=0.9095 acc=0.7901
[ep 066] val_sel AUC=0.9175 acc=0.7702
[ep 067] val_sel AUC=0.9141 acc=0.7982
[ep 068] val_sel AUC=0.9194 acc=0.7791
[ep 069] val_sel AUC=0.9196 acc=0.7787
[ep 070] val_sel AUC=0.9202 acc=0.8109
[ep 071] val_sel AUC=0.9168 acc=0.8044
[ep 072] val_sel AUC=0.9205 acc=0.8076
[ep 073] val_sel AUC=0.9189 acc=0.7937
[ep 074] val_sel AUC=0.9204 acc=0.8123
[ep 075] val_sel AUC=0.9225 acc=0.8105
[ep 076] val_sel AUC=0.9103 acc=0.7957
[ep 077] val_sel AUC=0.9185 acc=0.8102
[ep 078] val_sel AUC=0.9135 acc=0.8118
[ep 079] val_sel AUC=0.9186 acc=0.8118
[ep 080] val_sel AUC=0.9205 acc=0.8138
[ep 081] val_sel AUC=0.9152 acc=0.8201
[ep 082] val_sel AUC=0.9169 acc=0.8188
[ep 083] val_sel AUC=0.9173 acc=0.8165
[ep 084] val_sel AUC=0.9166 acc=0.8217
[ep 085] val_sel AUC=0.9156 acc=0.8241
[ep 086] val_sel AUC=0.9134 acc=0.8235
[ep 087] val_sel AUC=0.9122 acc=0.8259
[ep 088] val_sel AUC=0.9107 acc=0.8243
[ep 089] val_sel AUC=0.9151 acc=0.8270
[ep 090] val_sel AUC=0.9171 acc=0.8288
[ep 091] val_sel AUC=0.9147 acc=0.8281
[ep 092] val_sel AUC=0.9140 acc=0.8268
[ep 093] val_sel AUC=0.9144 acc=0.8273
[ep 094] val_sel AUC=0.9145 acc=0.8270
[ep 095] val_sel AUC=0.9143 acc=0.8273
[ep 096] val_sel AUC=0.9142 acc=0.8275
============================================================
TEST (best val_sel epoch, held-out, evaluated once)
============================================================
[DONE-QPE2] embed=cayley model_III N=250 seed=60 test_AUC=0.9178 val_sel_AUC=0.9226 per_class=(axion=0.9452 cdm=0.8444 no_sub=0.9639) params=205476 embed_params=2017 R_frob_drift=3.9649367332458496
