[INFO] QPE2 D=64 P=8 depth=4 | embed=cayley | data=model_II N/class=250 seed=60 split_seed=0 | params=205476 embed_params=2017 lr=0.001 epochs=96 bs=32 | train(750, 64, 64) val_sel(4455, 64, 64) test(4455, 64, 64) device=cuda
[ep 001] val_sel AUC=0.5339 acc=0.3237
[ep 002] val_sel AUC=0.5323 acc=0.3237
[ep 003] val_sel AUC=0.5282 acc=0.3473
[ep 004] val_sel AUC=0.5300 acc=0.3237
[ep 005] val_sel AUC=0.5304 acc=0.3237
[ep 006] val_sel AUC=0.5287 acc=0.3473
[ep 007] val_sel AUC=0.5299 acc=0.3473
[ep 008] val_sel AUC=0.5261 acc=0.3488
[ep 009] val_sel AUC=0.5254 acc=0.3237
[ep 010] val_sel AUC=0.5220 acc=0.3237
[ep 011] val_sel AUC=0.5199 acc=0.3497
[ep 012] val_sel AUC=0.5215 acc=0.3356
[ep 013] val_sel AUC=0.5226 acc=0.3526
[ep 014] val_sel AUC=0.5256 acc=0.3598
[ep 015] val_sel AUC=0.5478 acc=0.3818
[ep 016] val_sel AUC=0.5633 acc=0.3915
[ep 017] val_sel AUC=0.6150 acc=0.3926
[ep 018] val_sel AUC=0.6155 acc=0.4189
[ep 019] val_sel AUC=0.6368 acc=0.4240
[ep 020] val_sel AUC=0.6986 acc=0.4738
[ep 021] val_sel AUC=0.7056 acc=0.4718
[ep 022] val_sel AUC=0.7378 acc=0.5504
[ep 023] val_sel AUC=0.7477 acc=0.5636
[ep 024] val_sel AUC=0.7467 acc=0.5576
[ep 025] val_sel AUC=0.7646 acc=0.6043
[ep 026] val_sel AUC=0.7646 acc=0.5883
[ep 027] val_sel AUC=0.7787 acc=0.6135
[ep 028] val_sel AUC=0.7836 acc=0.6281
[ep 029] val_sel AUC=0.7841 acc=0.6276
[ep 030] val_sel AUC=0.7836 acc=0.6269
[ep 031] val_sel AUC=0.7852 acc=0.6319
[ep 032] val_sel AUC=0.7857 acc=0.6341
[ep 033] val_sel AUC=0.6680 acc=0.4842
[ep 034] val_sel AUC=0.7464 acc=0.5315
[ep 035] val_sel AUC=0.7242 acc=0.5176
[ep 036] val_sel AUC=0.7682 acc=0.5636
[ep 037] val_sel AUC=0.7339 acc=0.5073
[ep 038] val_sel AUC=0.7865 acc=0.5969
[ep 039] val_sel AUC=0.7821 acc=0.5829
[ep 040] val_sel AUC=0.7801 acc=0.5643
[ep 041] val_sel AUC=0.8192 acc=0.6431
[ep 042] val_sel AUC=0.7887 acc=0.5854
[ep 043] val_sel AUC=0.8141 acc=0.6334
[ep 044] val_sel AUC=0.8457 acc=0.6734
[ep 045] val_sel AUC=0.7983 acc=0.6090
[ep 046] val_sel AUC=0.8560 acc=0.6669
[ep 047] val_sel AUC=0.8255 acc=0.6453
[ep 048] val_sel AUC=0.8297 acc=0.6489
[ep 049] val_sel AUC=0.8319 acc=0.6554
[ep 050] val_sel AUC=0.8469 acc=0.6831
[ep 051] val_sel AUC=0.8284 acc=0.6595
[ep 052] val_sel AUC=0.8514 acc=0.6918
[ep 053] val_sel AUC=0.8514 acc=0.7071
[ep 054] val_sel AUC=0.8112 acc=0.6413
[ep 055] val_sel AUC=0.8650 acc=0.6972
[ep 056] val_sel AUC=0.8851 acc=0.7354
[ep 057] val_sel AUC=0.8785 acc=0.7219
[ep 058] val_sel AUC=0.8755 acc=0.7257
[ep 059] val_sel AUC=0.8843 acc=0.7452
[ep 060] val_sel AUC=0.8803 acc=0.7300
[ep 061] val_sel AUC=0.8458 acc=0.6651
[ep 062] val_sel AUC=0.8967 acc=0.7401
[ep 063] val_sel AUC=0.8815 acc=0.7333
[ep 064] val_sel AUC=0.8862 acc=0.7336
[ep 065] val_sel AUC=0.8906 acc=0.7432
[ep 066] val_sel AUC=0.8892 acc=0.7329
[ep 067] val_sel AUC=0.8901 acc=0.7374
[ep 068] val_sel AUC=0.8915 acc=0.7347
[ep 069] val_sel AUC=0.9001 acc=0.7582
[ep 070] val_sel AUC=0.8894 acc=0.7549
[ep 071] val_sel AUC=0.8936 acc=0.7529
[ep 072] val_sel AUC=0.8875 acc=0.7434
[ep 073] val_sel AUC=0.8937 acc=0.7576
[ep 074] val_sel AUC=0.8955 acc=0.7627
[ep 075] val_sel AUC=0.8855 acc=0.7437
[ep 076] val_sel AUC=0.9056 acc=0.7807
[ep 077] val_sel AUC=0.9055 acc=0.7724
[ep 078] val_sel AUC=0.9060 acc=0.7814
[ep 079] val_sel AUC=0.9030 acc=0.7942
[ep 080] val_sel AUC=0.8944 acc=0.7832
[ep 081] val_sel AUC=0.9032 acc=0.7811
[ep 082] val_sel AUC=0.9001 acc=0.7740
[ep 083] val_sel AUC=0.9000 acc=0.7735
[ep 084] val_sel AUC=0.9029 acc=0.7863
[ep 085] val_sel AUC=0.9102 acc=0.8020
[ep 086] val_sel AUC=0.9056 acc=0.7908
[ep 087] val_sel AUC=0.9093 acc=0.7964
[ep 088] val_sel AUC=0.9074 acc=0.7975
[ep 089] val_sel AUC=0.9088 acc=0.7980
[ep 090] val_sel AUC=0.9090 acc=0.7978
[ep 091] val_sel AUC=0.9091 acc=0.8016
[ep 092] val_sel AUC=0.9088 acc=0.7989
[ep 093] val_sel AUC=0.9085 acc=0.7980
[ep 094] val_sel AUC=0.9087 acc=0.7973
[ep 095] val_sel AUC=0.9086 acc=0.7973
[ep 096] val_sel AUC=0.9087 acc=0.7975
============================================================
TEST (best val_sel epoch, held-out, evaluated once)
============================================================
[DONE-QPE2] embed=cayley model_II N=250 seed=60 test_AUC=0.9106 val_sel_AUC=0.9102 per_class=(axion=0.9313 cdm=0.8376 no_sub=0.9629) params=205476 embed_params=2017 R_frob_drift=4.03073787689209
