[INFO] QPE2 D=64 P=8 depth=4 | embed=cayley | data=model_III N/class=250 seed=51 split_seed=0 | params=205476 embed_params=2017 lr=0.001 epochs=96 bs=32 | train(750, 64, 64) val_sel(4469, 64, 64) test(4470, 64, 64) device=cuda
[ep 001] val_sel AUC=0.4994 acc=0.3433
[ep 002] val_sel AUC=0.5387 acc=0.3285
[ep 003] val_sel AUC=0.5467 acc=0.3433
[ep 004] val_sel AUC=0.5552 acc=0.3433
[ep 005] val_sel AUC=0.5628 acc=0.3433
[ep 006] val_sel AUC=0.5642 acc=0.3433
[ep 007] val_sel AUC=0.5564 acc=0.3560
[ep 008] val_sel AUC=0.5505 acc=0.3285
[ep 009] val_sel AUC=0.5388 acc=0.3426
[ep 010] val_sel AUC=0.5262 acc=0.3361
[ep 011] val_sel AUC=0.5322 acc=0.3560
[ep 012] val_sel AUC=0.5302 acc=0.3283
[ep 013] val_sel AUC=0.5341 acc=0.3504
[ep 014] val_sel AUC=0.5366 acc=0.3551
[ep 015] val_sel AUC=0.5379 acc=0.3567
[ep 016] val_sel AUC=0.5424 acc=0.3506
[ep 017] val_sel AUC=0.5633 acc=0.3748
[ep 018] val_sel AUC=0.5624 acc=0.3482
[ep 019] val_sel AUC=0.5930 acc=0.3748
[ep 020] val_sel AUC=0.6238 acc=0.4444
[ep 021] val_sel AUC=0.6682 acc=0.4688
[ep 022] val_sel AUC=0.7400 acc=0.5341
[ep 023] val_sel AUC=0.7779 acc=0.5957
[ep 024] val_sel AUC=0.8460 acc=0.6738
[ep 025] val_sel AUC=0.8684 acc=0.7046
[ep 026] val_sel AUC=0.8682 acc=0.7232
[ep 027] val_sel AUC=0.8798 acc=0.7366
[ep 028] val_sel AUC=0.8804 acc=0.7373
[ep 029] val_sel AUC=0.8870 acc=0.7342
[ep 030] val_sel AUC=0.8923 acc=0.7552
[ep 031] val_sel AUC=0.8952 acc=0.7673
[ep 032] val_sel AUC=0.8953 acc=0.7662
[ep 033] val_sel AUC=0.8864 acc=0.7216
[ep 034] val_sel AUC=0.8295 acc=0.6288
[ep 035] val_sel AUC=0.8478 acc=0.6789
[ep 036] val_sel AUC=0.8419 acc=0.6675
[ep 037] val_sel AUC=0.8532 acc=0.6377
[ep 038] val_sel AUC=0.8636 acc=0.7104
[ep 039] val_sel AUC=0.8942 acc=0.7183
[ep 040] val_sel AUC=0.9022 acc=0.7691
[ep 041] val_sel AUC=0.8876 acc=0.7514
[ep 042] val_sel AUC=0.8890 acc=0.7360
[ep 043] val_sel AUC=0.8726 acc=0.7122
[ep 044] val_sel AUC=0.8679 acc=0.6371
[ep 045] val_sel AUC=0.9041 acc=0.7483
[ep 046] val_sel AUC=0.8921 acc=0.7196
[ep 047] val_sel AUC=0.8989 acc=0.7539
[ep 048] val_sel AUC=0.9154 acc=0.7823
[ep 049] val_sel AUC=0.8906 acc=0.7348
[ep 050] val_sel AUC=0.9131 acc=0.7829
[ep 051] val_sel AUC=0.8985 acc=0.7595
[ep 052] val_sel AUC=0.9075 acc=0.7595
[ep 053] val_sel AUC=0.9134 acc=0.7841
[ep 054] val_sel AUC=0.9047 acc=0.7856
[ep 055] val_sel AUC=0.9218 acc=0.7791
[ep 056] val_sel AUC=0.9006 acc=0.6979
[ep 057] val_sel AUC=0.9294 acc=0.8049
[ep 058] val_sel AUC=0.9307 acc=0.8170
[ep 059] val_sel AUC=0.8852 acc=0.7395
[ep 060] val_sel AUC=0.9224 acc=0.7568
[ep 061] val_sel AUC=0.9299 acc=0.8214
[ep 062] val_sel AUC=0.9229 acc=0.8109
[ep 063] val_sel AUC=0.9412 acc=0.8358
[ep 064] val_sel AUC=0.9323 acc=0.8152
[ep 065] val_sel AUC=0.9187 acc=0.8085
[ep 066] val_sel AUC=0.9345 acc=0.8373
[ep 067] val_sel AUC=0.9367 acc=0.8331
[ep 068] val_sel AUC=0.9310 acc=0.8214
[ep 069] val_sel AUC=0.9331 acc=0.8165
[ep 070] val_sel AUC=0.9280 acc=0.8199
[ep 071] val_sel AUC=0.9321 acc=0.8201
[ep 072] val_sel AUC=0.9354 acc=0.8277
[ep 073] val_sel AUC=0.9418 acc=0.8371
[ep 074] val_sel AUC=0.9457 acc=0.8512
[ep 075] val_sel AUC=0.9378 acc=0.8380
[ep 076] val_sel AUC=0.9398 acc=0.8398
[ep 077] val_sel AUC=0.9338 acc=0.8311
[ep 078] val_sel AUC=0.9441 acc=0.8550
[ep 079] val_sel AUC=0.9467 acc=0.8640
[ep 080] val_sel AUC=0.9424 acc=0.8590
[ep 081] val_sel AUC=0.9416 acc=0.8519
[ep 082] val_sel AUC=0.9459 acc=0.8548
[ep 083] val_sel AUC=0.9423 acc=0.8313
[ep 084] val_sel AUC=0.9420 acc=0.8505
[ep 085] val_sel AUC=0.9481 acc=0.8678
[ep 086] val_sel AUC=0.9451 acc=0.8619
[ep 087] val_sel AUC=0.9477 acc=0.8666
[ep 088] val_sel AUC=0.9469 acc=0.8680
[ep 089] val_sel AUC=0.9473 acc=0.8687
[ep 090] val_sel AUC=0.9484 acc=0.8691
[ep 091] val_sel AUC=0.9483 acc=0.8702
[ep 092] val_sel AUC=0.9485 acc=0.8682
[ep 093] val_sel AUC=0.9483 acc=0.8695
[ep 094] val_sel AUC=0.9481 acc=0.8693
[ep 095] val_sel AUC=0.9482 acc=0.8691
[ep 096] val_sel AUC=0.9482 acc=0.8695
============================================================
TEST (best val_sel epoch, held-out, evaluated once)
============================================================
[DONE-QPE2] embed=cayley model_III N=250 seed=51 test_AUC=0.9408 val_sel_AUC=0.9485 per_class=(axion=0.9462 cdm=0.8909 no_sub=0.9852) params=205476 embed_params=2017 R_frob_drift=3.892862319946289
