[INFO] QPE2 D=64 P=8 depth=4 | embed=cayley | data=model_III N/class=100 seed=53 split_seed=0 | params=205476 embed_params=2017 lr=0.001 epochs=96 bs=32 | train(300, 64, 64) val_sel(4469, 64, 64) test(4470, 64, 64) device=cuda
[ep 001] val_sel AUC=0.5106 acc=0.3285
[ep 002] val_sel AUC=0.5236 acc=0.3283
[ep 003] val_sel AUC=0.5266 acc=0.3285
[ep 004] val_sel AUC=0.5417 acc=0.3283
[ep 005] val_sel AUC=0.5346 acc=0.3433
[ep 006] val_sel AUC=0.5444 acc=0.3283
[ep 007] val_sel AUC=0.5421 acc=0.3285
[ep 008] val_sel AUC=0.5470 acc=0.3433
[ep 009] val_sel AUC=0.5437 acc=0.3285
[ep 010] val_sel AUC=0.5416 acc=0.3285
[ep 011] val_sel AUC=0.5430 acc=0.3283
[ep 012] val_sel AUC=0.5398 acc=0.3433
[ep 013] val_sel AUC=0.5386 acc=0.3285
[ep 014] val_sel AUC=0.5358 acc=0.3433
[ep 015] val_sel AUC=0.5308 acc=0.3352
[ep 016] val_sel AUC=0.5258 acc=0.3374
[ep 017] val_sel AUC=0.5220 acc=0.3433
[ep 018] val_sel AUC=0.5187 acc=0.3457
[ep 019] val_sel AUC=0.5184 acc=0.3459
[ep 020] val_sel AUC=0.5213 acc=0.3417
[ep 021] val_sel AUC=0.5266 acc=0.3379
[ep 022] val_sel AUC=0.5275 acc=0.3560
[ep 023] val_sel AUC=0.5301 acc=0.3582
[ep 024] val_sel AUC=0.5320 acc=0.3444
[ep 025] val_sel AUC=0.5405 acc=0.3902
[ep 026] val_sel AUC=0.5465 acc=0.3775
[ep 027] val_sel AUC=0.5571 acc=0.3938
[ep 028] val_sel AUC=0.5647 acc=0.3882
[ep 029] val_sel AUC=0.5663 acc=0.3817
[ep 030] val_sel AUC=0.5653 acc=0.3855
[ep 031] val_sel AUC=0.5648 acc=0.3864
[ep 032] val_sel AUC=0.5647 acc=0.3876
[ep 033] val_sel AUC=0.5596 acc=0.3826
[ep 034] val_sel AUC=0.5523 acc=0.3368
[ep 035] val_sel AUC=0.5493 acc=0.3706
[ep 036] val_sel AUC=0.5533 acc=0.3717
[ep 037] val_sel AUC=0.5469 acc=0.3643
[ep 038] val_sel AUC=0.5661 acc=0.3632
[ep 039] val_sel AUC=0.5531 acc=0.3770
[ep 040] val_sel AUC=0.5775 acc=0.3860
[ep 041] val_sel AUC=0.6041 acc=0.4160
[ep 042] val_sel AUC=0.6147 acc=0.4408
[ep 043] val_sel AUC=0.6107 acc=0.3307
[ep 044] val_sel AUC=0.6331 acc=0.4348
[ep 045] val_sel AUC=0.6920 acc=0.5006
[ep 046] val_sel AUC=0.7134 acc=0.5220
[ep 047] val_sel AUC=0.6627 acc=0.4840
[ep 048] val_sel AUC=0.7464 acc=0.5822
[ep 049] val_sel AUC=0.7107 acc=0.4509
[ep 050] val_sel AUC=0.6818 acc=0.4431
[ep 051] val_sel AUC=0.7482 acc=0.5637
[ep 052] val_sel AUC=0.7708 acc=0.5802
[ep 053] val_sel AUC=0.7888 acc=0.5744
[ep 054] val_sel AUC=0.7926 acc=0.6214
[ep 055] val_sel AUC=0.7906 acc=0.6209
[ep 056] val_sel AUC=0.8254 acc=0.6601
[ep 057] val_sel AUC=0.8096 acc=0.6431
[ep 058] val_sel AUC=0.8331 acc=0.6820
[ep 059] val_sel AUC=0.8309 acc=0.6594
[ep 060] val_sel AUC=0.7941 acc=0.6080
[ep 061] val_sel AUC=0.8237 acc=0.6706
[ep 062] val_sel AUC=0.8490 acc=0.6917
[ep 063] val_sel AUC=0.8135 acc=0.6274
[ep 064] val_sel AUC=0.8528 acc=0.6957
[ep 065] val_sel AUC=0.8382 acc=0.6614
[ep 066] val_sel AUC=0.8735 acc=0.7330
[ep 067] val_sel AUC=0.8632 acc=0.7107
[ep 068] val_sel AUC=0.8553 acc=0.7044
[ep 069] val_sel AUC=0.8711 acc=0.7355
[ep 070] val_sel AUC=0.8652 acc=0.7181
[ep 071] val_sel AUC=0.8635 acc=0.7087
[ep 072] val_sel AUC=0.8735 acc=0.7328
[ep 073] val_sel AUC=0.8669 acc=0.7337
[ep 074] val_sel AUC=0.8487 acc=0.6995
[ep 075] val_sel AUC=0.8679 acc=0.7125
[ep 076] val_sel AUC=0.8726 acc=0.7301
[ep 077] val_sel AUC=0.8744 acc=0.7467
[ep 078] val_sel AUC=0.8732 acc=0.7496
[ep 079] val_sel AUC=0.8712 acc=0.7339
[ep 080] val_sel AUC=0.8731 acc=0.7373
[ep 081] val_sel AUC=0.8660 acc=0.7348
[ep 082] val_sel AUC=0.8695 acc=0.7400
[ep 083] val_sel AUC=0.8658 acc=0.7286
[ep 084] val_sel AUC=0.8581 acc=0.7118
[ep 085] val_sel AUC=0.8652 acc=0.7286
[ep 086] val_sel AUC=0.8617 acc=0.7308
[ep 087] val_sel AUC=0.8655 acc=0.7353
[ep 088] val_sel AUC=0.8616 acc=0.7288
[ep 089] val_sel AUC=0.8625 acc=0.7348
[ep 090] val_sel AUC=0.8622 acc=0.7337
[ep 091] val_sel AUC=0.8622 acc=0.7339
[ep 092] val_sel AUC=0.8618 acc=0.7317
[ep 093] val_sel AUC=0.8618 acc=0.7330
[ep 094] val_sel AUC=0.8621 acc=0.7326
[ep 095] val_sel AUC=0.8619 acc=0.7328
[ep 096] val_sel AUC=0.8619 acc=0.7333
============================================================
TEST (best val_sel epoch, held-out, evaluated once)
============================================================
[DONE-QPE2] embed=cayley model_III N=100 seed=53 test_AUC=0.8725 val_sel_AUC=0.8744 per_class=(axion=0.9170 cdm=0.7706 no_sub=0.9301) params=205476 embed_params=2017 R_frob_drift=4.01290225982666
