[INFO] QPE2 D=64 P=8 depth=4 | embed=cayley | data=model_II N/class=100 seed=59 split_seed=0 | params=205476 embed_params=2017 lr=0.001 epochs=96 bs=32 | train(300, 64, 64) val_sel(4455, 64, 64) test(4455, 64, 64) device=cuda
[ep 001] val_sel AUC=0.4945 acc=0.3473
[ep 002] val_sel AUC=0.5034 acc=0.3237
[ep 003] val_sel AUC=0.5087 acc=0.3473
[ep 004] val_sel AUC=0.5065 acc=0.3237
[ep 005] val_sel AUC=0.5189 acc=0.3291
[ep 006] val_sel AUC=0.5240 acc=0.3473
[ep 007] val_sel AUC=0.5206 acc=0.3237
[ep 008] val_sel AUC=0.5287 acc=0.3473
[ep 009] val_sel AUC=0.5351 acc=0.3291
[ep 010] val_sel AUC=0.5354 acc=0.3237
[ep 011] val_sel AUC=0.5323 acc=0.3473
[ep 012] val_sel AUC=0.5359 acc=0.3291
[ep 013] val_sel AUC=0.5332 acc=0.3473
[ep 014] val_sel AUC=0.5311 acc=0.3237
[ep 015] val_sel AUC=0.5314 acc=0.3291
[ep 016] val_sel AUC=0.5265 acc=0.3412
[ep 017] val_sel AUC=0.5265 acc=0.3596
[ep 018] val_sel AUC=0.5278 acc=0.3270
[ep 019] val_sel AUC=0.5297 acc=0.3425
[ep 020] val_sel AUC=0.5321 acc=0.3490
[ep 021] val_sel AUC=0.5333 acc=0.3585
[ep 022] val_sel AUC=0.5328 acc=0.3600
[ep 023] val_sel AUC=0.5321 acc=0.3594
[ep 024] val_sel AUC=0.5327 acc=0.3641
[ep 025] val_sel AUC=0.5336 acc=0.3634
[ep 026] val_sel AUC=0.5334 acc=0.3609
[ep 027] val_sel AUC=0.5335 acc=0.3657
[ep 028] val_sel AUC=0.5337 acc=0.3645
[ep 029] val_sel AUC=0.5334 acc=0.3616
[ep 030] val_sel AUC=0.5334 acc=0.3639
[ep 031] val_sel AUC=0.5335 acc=0.3643
[ep 032] val_sel AUC=0.5335 acc=0.3648
[ep 033] val_sel AUC=0.5342 acc=0.3607
[ep 034] val_sel AUC=0.5397 acc=0.3603
[ep 035] val_sel AUC=0.5397 acc=0.3603
[ep 036] val_sel AUC=0.5415 acc=0.3338
[ep 037] val_sel AUC=0.5398 acc=0.3551
[ep 038] val_sel AUC=0.5373 acc=0.3607
[ep 039] val_sel AUC=0.5303 acc=0.3428
[ep 040] val_sel AUC=0.5385 acc=0.3378
[ep 041] val_sel AUC=0.5327 acc=0.3648
[ep 042] val_sel AUC=0.5354 acc=0.3594
[ep 043] val_sel AUC=0.5382 acc=0.3627
[ep 044] val_sel AUC=0.5448 acc=0.3807
[ep 045] val_sel AUC=0.5496 acc=0.3818
[ep 046] val_sel AUC=0.5531 acc=0.3823
[ep 047] val_sel AUC=0.5739 acc=0.3798
[ep 048] val_sel AUC=0.6047 acc=0.4375
[ep 049] val_sel AUC=0.6072 acc=0.4267
[ep 050] val_sel AUC=0.5965 acc=0.4043
[ep 051] val_sel AUC=0.6197 acc=0.4061
[ep 052] val_sel AUC=0.6245 acc=0.4070
[ep 053] val_sel AUC=0.6465 acc=0.4406
[ep 054] val_sel AUC=0.6573 acc=0.4323
[ep 055] val_sel AUC=0.6924 acc=0.4781
[ep 056] val_sel AUC=0.7175 acc=0.5129
[ep 057] val_sel AUC=0.7050 acc=0.4994
[ep 058] val_sel AUC=0.7087 acc=0.5039
[ep 059] val_sel AUC=0.6919 acc=0.4949
[ep 060] val_sel AUC=0.6262 acc=0.4377
[ep 061] val_sel AUC=0.6880 acc=0.5030
[ep 062] val_sel AUC=0.7039 acc=0.5156
[ep 063] val_sel AUC=0.7260 acc=0.5318
[ep 064] val_sel AUC=0.7411 acc=0.5486
[ep 065] val_sel AUC=0.7582 acc=0.5690
[ep 066] val_sel AUC=0.7293 acc=0.4965
[ep 067] val_sel AUC=0.7451 acc=0.5580
[ep 068] val_sel AUC=0.7655 acc=0.5778
[ep 069] val_sel AUC=0.7616 acc=0.5591
[ep 070] val_sel AUC=0.7732 acc=0.5778
[ep 071] val_sel AUC=0.7647 acc=0.5731
[ep 072] val_sel AUC=0.7775 acc=0.5877
[ep 073] val_sel AUC=0.7820 acc=0.5798
[ep 074] val_sel AUC=0.7714 acc=0.5663
[ep 075] val_sel AUC=0.7608 acc=0.5589
[ep 076] val_sel AUC=0.7779 acc=0.5457
[ep 077] val_sel AUC=0.7941 acc=0.6180
[ep 078] val_sel AUC=0.8003 acc=0.6276
[ep 079] val_sel AUC=0.8029 acc=0.6224
[ep 080] val_sel AUC=0.8090 acc=0.6418
[ep 081] val_sel AUC=0.8125 acc=0.6498
[ep 082] val_sel AUC=0.8128 acc=0.6516
[ep 083] val_sel AUC=0.8176 acc=0.6586
[ep 084] val_sel AUC=0.8146 acc=0.6507
[ep 085] val_sel AUC=0.8202 acc=0.6631
[ep 086] val_sel AUC=0.8138 acc=0.6501
[ep 087] val_sel AUC=0.8221 acc=0.6685
[ep 088] val_sel AUC=0.8203 acc=0.6622
[ep 089] val_sel AUC=0.8200 acc=0.6676
[ep 090] val_sel AUC=0.8201 acc=0.6725
[ep 091] val_sel AUC=0.8200 acc=0.6680
[ep 092] val_sel AUC=0.8200 acc=0.6673
[ep 093] val_sel AUC=0.8200 acc=0.6673
[ep 094] val_sel AUC=0.8201 acc=0.6669
[ep 095] val_sel AUC=0.8201 acc=0.6678
[ep 096] val_sel AUC=0.8201 acc=0.6673
============================================================
TEST (best val_sel epoch, held-out, evaluated once)
============================================================
[DONE-QPE2] embed=cayley model_II N=100 seed=59 test_AUC=0.8180 val_sel_AUC=0.8221 per_class=(axion=0.8876 cdm=0.6733 no_sub=0.8931) params=205476 embed_params=2017 R_frob_drift=4.26057767868042
