[INFO] QPE2 D=64 P=8 depth=4 | embed=cayley | data=model_II N/class=250 seed=44 split_seed=0 | params=205476 embed_params=2017 lr=0.001 epochs=96 bs=32 | train(750, 64, 64) val_sel(4455, 64, 64) test(4455, 64, 64) device=cuda
[ep 001] val_sel AUC=0.5369 acc=0.3569
[ep 002] val_sel AUC=0.5456 acc=0.3291
[ep 003] val_sel AUC=0.5460 acc=0.3291
[ep 004] val_sel AUC=0.5487 acc=0.3291
[ep 005] val_sel AUC=0.5506 acc=0.3473
[ep 006] val_sel AUC=0.5501 acc=0.3473
[ep 007] val_sel AUC=0.5479 acc=0.3237
[ep 008] val_sel AUC=0.5507 acc=0.3248
[ep 009] val_sel AUC=0.5496 acc=0.3473
[ep 010] val_sel AUC=0.5456 acc=0.3306
[ep 011] val_sel AUC=0.5471 acc=0.3609
[ep 012] val_sel AUC=0.5550 acc=0.3847
[ep 013] val_sel AUC=0.5798 acc=0.3618
[ep 014] val_sel AUC=0.6049 acc=0.4164
[ep 015] val_sel AUC=0.6964 acc=0.4855
[ep 016] val_sel AUC=0.6941 acc=0.5212
[ep 017] val_sel AUC=0.7781 acc=0.5798
[ep 018] val_sel AUC=0.7585 acc=0.5645
[ep 019] val_sel AUC=0.8187 acc=0.6611
[ep 020] val_sel AUC=0.8015 acc=0.6229
[ep 021] val_sel AUC=0.8310 acc=0.6655
[ep 022] val_sel AUC=0.8327 acc=0.6570
[ep 023] val_sel AUC=0.8589 acc=0.7075
[ep 024] val_sel AUC=0.8446 acc=0.6743
[ep 025] val_sel AUC=0.8595 acc=0.7169
[ep 026] val_sel AUC=0.8650 acc=0.7214
[ep 027] val_sel AUC=0.8650 acc=0.7205
[ep 028] val_sel AUC=0.8733 acc=0.7309
[ep 029] val_sel AUC=0.8761 acc=0.7374
[ep 030] val_sel AUC=0.8744 acc=0.7387
[ep 031] val_sel AUC=0.8755 acc=0.7392
[ep 032] val_sel AUC=0.8759 acc=0.7396
[ep 033] val_sel AUC=0.8349 acc=0.6727
[ep 034] val_sel AUC=0.8146 acc=0.6323
[ep 035] val_sel AUC=0.8423 acc=0.6629
[ep 036] val_sel AUC=0.8401 acc=0.6676
[ep 037] val_sel AUC=0.8220 acc=0.6716
[ep 038] val_sel AUC=0.8598 acc=0.6974
[ep 039] val_sel AUC=0.7946 acc=0.6065
[ep 040] val_sel AUC=0.8088 acc=0.6166
[ep 041] val_sel AUC=0.8636 acc=0.7356
[ep 042] val_sel AUC=0.8646 acc=0.6828
[ep 043] val_sel AUC=0.8570 acc=0.7017
[ep 044] val_sel AUC=0.8687 acc=0.7194
[ep 045] val_sel AUC=0.8793 acc=0.7443
[ep 046] val_sel AUC=0.8709 acc=0.7152
[ep 047] val_sel AUC=0.8809 acc=0.7113
[ep 048] val_sel AUC=0.8849 acc=0.7338
[ep 049] val_sel AUC=0.8677 acc=0.7111
[ep 050] val_sel AUC=0.8815 acc=0.7506
[ep 051] val_sel AUC=0.8858 acc=0.7405
[ep 052] val_sel AUC=0.8663 acc=0.7120
[ep 053] val_sel AUC=0.8903 acc=0.7506
[ep 054] val_sel AUC=0.8974 acc=0.7531
[ep 055] val_sel AUC=0.8958 acc=0.7663
[ep 056] val_sel AUC=0.8601 acc=0.6958
[ep 057] val_sel AUC=0.8927 acc=0.7398
[ep 058] val_sel AUC=0.8953 acc=0.7423
[ep 059] val_sel AUC=0.8790 acc=0.7143
[ep 060] val_sel AUC=0.8948 acc=0.7666
[ep 061] val_sel AUC=0.8998 acc=0.7771
[ep 062] val_sel AUC=0.8690 acc=0.6938
[ep 063] val_sel AUC=0.8865 acc=0.7475
[ep 064] val_sel AUC=0.8762 acc=0.7363
[ep 065] val_sel AUC=0.9016 acc=0.7771
[ep 066] val_sel AUC=0.8904 acc=0.7643
[ep 067] val_sel AUC=0.8949 acc=0.7666
[ep 068] val_sel AUC=0.8903 acc=0.7540
[ep 069] val_sel AUC=0.9018 acc=0.7666
[ep 070] val_sel AUC=0.8891 acc=0.7663
[ep 071] val_sel AUC=0.8992 acc=0.7785
[ep 072] val_sel AUC=0.8978 acc=0.7793
[ep 073] val_sel AUC=0.8875 acc=0.7461
[ep 074] val_sel AUC=0.9029 acc=0.7841
[ep 075] val_sel AUC=0.9016 acc=0.7753
[ep 076] val_sel AUC=0.9068 acc=0.8000
[ep 077] val_sel AUC=0.9053 acc=0.7944
[ep 078] val_sel AUC=0.9078 acc=0.8009
[ep 079] val_sel AUC=0.9094 acc=0.8034
[ep 080] val_sel AUC=0.9060 acc=0.7964
[ep 081] val_sel AUC=0.9061 acc=0.8020
[ep 082] val_sel AUC=0.9104 acc=0.8130
[ep 083] val_sel AUC=0.9018 acc=0.7948
[ep 084] val_sel AUC=0.9083 acc=0.7989
[ep 085] val_sel AUC=0.9078 acc=0.8025
[ep 086] val_sel AUC=0.9100 acc=0.8094
[ep 087] val_sel AUC=0.9096 acc=0.8085
[ep 088] val_sel AUC=0.9094 acc=0.8076
[ep 089] val_sel AUC=0.9100 acc=0.8097
[ep 090] val_sel AUC=0.9066 acc=0.8018
[ep 091] val_sel AUC=0.9094 acc=0.8083
[ep 092] val_sel AUC=0.9087 acc=0.8063
[ep 093] val_sel AUC=0.9082 acc=0.8049
[ep 094] val_sel AUC=0.9077 acc=0.8038
[ep 095] val_sel AUC=0.9077 acc=0.8038
[ep 096] val_sel AUC=0.9076 acc=0.8036
============================================================
TEST (best val_sel epoch, held-out, evaluated once)
============================================================
[DONE-QPE2] embed=cayley model_II N=250 seed=44 test_AUC=0.9138 val_sel_AUC=0.9104 per_class=(axion=0.9404 cdm=0.8371 no_sub=0.9638) params=205476 embed_params=2017 R_frob_drift=3.761442184448242
