[INFO] QPE2 D=64 P=8 depth=4 | embed=cayley | data=model_II N/class=250 seed=55 split_seed=0 | params=205476 embed_params=2017 lr=0.001 epochs=96 bs=32 | train(750, 64, 64) val_sel(4455, 64, 64) test(4455, 64, 64) device=cuda
[ep 001] val_sel AUC=0.5243 acc=0.3237
[ep 002] val_sel AUC=0.5421 acc=0.3241
[ep 003] val_sel AUC=0.5564 acc=0.3291
[ep 004] val_sel AUC=0.5610 acc=0.3291
[ep 005] val_sel AUC=0.5619 acc=0.3473
[ep 006] val_sel AUC=0.5585 acc=0.3237
[ep 007] val_sel AUC=0.5385 acc=0.3246
[ep 008] val_sel AUC=0.5156 acc=0.3367
[ep 009] val_sel AUC=0.5291 acc=0.3410
[ep 010] val_sel AUC=0.5386 acc=0.3473
[ep 011] val_sel AUC=0.5215 acc=0.3473
[ep 012] val_sel AUC=0.5276 acc=0.3455
[ep 013] val_sel AUC=0.5331 acc=0.3580
[ep 014] val_sel AUC=0.5257 acc=0.3522
[ep 015] val_sel AUC=0.5281 acc=0.3484
[ep 016] val_sel AUC=0.5311 acc=0.3446
[ep 017] val_sel AUC=0.5381 acc=0.3654
[ep 018] val_sel AUC=0.6025 acc=0.4103
[ep 019] val_sel AUC=0.6072 acc=0.4031
[ep 020] val_sel AUC=0.6845 acc=0.4721
[ep 021] val_sel AUC=0.6793 acc=0.5080
[ep 022] val_sel AUC=0.7176 acc=0.5398
[ep 023] val_sel AUC=0.7675 acc=0.5614
[ep 024] val_sel AUC=0.8089 acc=0.6202
[ep 025] val_sel AUC=0.8303 acc=0.6604
[ep 026] val_sel AUC=0.8508 acc=0.6936
[ep 027] val_sel AUC=0.8626 acc=0.7098
[ep 028] val_sel AUC=0.8694 acc=0.7235
[ep 029] val_sel AUC=0.8771 acc=0.7398
[ep 030] val_sel AUC=0.8796 acc=0.7423
[ep 031] val_sel AUC=0.8814 acc=0.7484
[ep 032] val_sel AUC=0.8821 acc=0.7484
[ep 033] val_sel AUC=0.6039 acc=0.3304
[ep 034] val_sel AUC=0.6136 acc=0.3816
[ep 035] val_sel AUC=0.6353 acc=0.4265
[ep 036] val_sel AUC=0.7463 acc=0.5580
[ep 037] val_sel AUC=0.7384 acc=0.6054
[ep 038] val_sel AUC=0.7611 acc=0.5147
[ep 039] val_sel AUC=0.7471 acc=0.5578
[ep 040] val_sel AUC=0.8429 acc=0.6651
[ep 041] val_sel AUC=0.8200 acc=0.6247
[ep 042] val_sel AUC=0.8519 acc=0.6377
[ep 043] val_sel AUC=0.8824 acc=0.7385
[ep 044] val_sel AUC=0.8873 acc=0.7650
[ep 045] val_sel AUC=0.8662 acc=0.6909
[ep 046] val_sel AUC=0.8810 acc=0.7416
[ep 047] val_sel AUC=0.8452 acc=0.6613
[ep 048] val_sel AUC=0.9065 acc=0.7715
[ep 049] val_sel AUC=0.8951 acc=0.7587
[ep 050] val_sel AUC=0.8746 acc=0.7017
[ep 051] val_sel AUC=0.8556 acc=0.6550
[ep 052] val_sel AUC=0.8972 acc=0.7589
[ep 053] val_sel AUC=0.9129 acc=0.7327
[ep 054] val_sel AUC=0.8962 acc=0.7055
[ep 055] val_sel AUC=0.8940 acc=0.7526
[ep 056] val_sel AUC=0.9241 acc=0.7863
[ep 057] val_sel AUC=0.9061 acc=0.7625
[ep 058] val_sel AUC=0.8784 acc=0.7073
[ep 059] val_sel AUC=0.8899 acc=0.7457
[ep 060] val_sel AUC=0.9177 acc=0.8013
[ep 061] val_sel AUC=0.9187 acc=0.7886
[ep 062] val_sel AUC=0.9046 acc=0.7452
[ep 063] val_sel AUC=0.8869 acc=0.7464
[ep 064] val_sel AUC=0.9145 acc=0.7852
[ep 065] val_sel AUC=0.9190 acc=0.8009
[ep 066] val_sel AUC=0.8982 acc=0.7724
[ep 067] val_sel AUC=0.9260 acc=0.8097
[ep 068] val_sel AUC=0.9244 acc=0.8108
[ep 069] val_sel AUC=0.9197 acc=0.7987
[ep 070] val_sel AUC=0.9163 acc=0.7921
[ep 071] val_sel AUC=0.9298 acc=0.8195
[ep 072] val_sel AUC=0.9297 acc=0.8207
[ep 073] val_sel AUC=0.9237 acc=0.8110
[ep 074] val_sel AUC=0.9272 acc=0.8144
[ep 075] val_sel AUC=0.9066 acc=0.7582
[ep 076] val_sel AUC=0.9297 acc=0.8146
[ep 077] val_sel AUC=0.9186 acc=0.8043
[ep 078] val_sel AUC=0.9338 acc=0.8357
[ep 079] val_sel AUC=0.9208 acc=0.8043
[ep 080] val_sel AUC=0.9293 acc=0.8269
[ep 081] val_sel AUC=0.9323 acc=0.8321
[ep 082] val_sel AUC=0.9325 acc=0.8402
[ep 083] val_sel AUC=0.9300 acc=0.8368
[ep 084] val_sel AUC=0.9303 acc=0.8355
[ep 085] val_sel AUC=0.9314 acc=0.8285
[ep 086] val_sel AUC=0.9332 acc=0.8339
[ep 087] val_sel AUC=0.9325 acc=0.8386
[ep 088] val_sel AUC=0.9310 acc=0.8350
[ep 089] val_sel AUC=0.9330 acc=0.8334
[ep 090] val_sel AUC=0.9318 acc=0.8397
[ep 091] val_sel AUC=0.9317 acc=0.8393
[ep 092] val_sel AUC=0.9320 acc=0.8379
[ep 093] val_sel AUC=0.9315 acc=0.8379
[ep 094] val_sel AUC=0.9314 acc=0.8375
[ep 095] val_sel AUC=0.9313 acc=0.8373
[ep 096] val_sel AUC=0.9313 acc=0.8373
============================================================
TEST (best val_sel epoch, held-out, evaluated once)
============================================================
[DONE-QPE2] embed=cayley model_II N=250 seed=55 test_AUC=0.9419 val_sel_AUC=0.9338 per_class=(axion=0.9506 cdm=0.8904 no_sub=0.9847) params=205476 embed_params=2017 R_frob_drift=3.737898349761963
