[INFO] QPE2 D=64 P=8 depth=4 | embed=cayley | data=model_III N/class=250 seed=58 split_seed=0 | params=205476 embed_params=2017 lr=0.001 epochs=96 bs=32 | train(750, 64, 64) val_sel(4469, 64, 64) test(4470, 64, 64) device=cuda
[ep 001] val_sel AUC=0.5537 acc=0.3283
[ep 002] val_sel AUC=0.5799 acc=0.3285
[ep 003] val_sel AUC=0.5778 acc=0.3285
[ep 004] val_sel AUC=0.5829 acc=0.3283
[ep 005] val_sel AUC=0.5908 acc=0.3433
[ep 006] val_sel AUC=0.5569 acc=0.3433
[ep 007] val_sel AUC=0.5524 acc=0.3462
[ep 008] val_sel AUC=0.5637 acc=0.3285
[ep 009] val_sel AUC=0.5674 acc=0.3542
[ep 010] val_sel AUC=0.5778 acc=0.3831
[ep 011] val_sel AUC=0.5894 acc=0.3676
[ep 012] val_sel AUC=0.6703 acc=0.4733
[ep 013] val_sel AUC=0.7290 acc=0.4818
[ep 014] val_sel AUC=0.7027 acc=0.5044
[ep 015] val_sel AUC=0.7726 acc=0.4907
[ep 016] val_sel AUC=0.8476 acc=0.6644
[ep 017] val_sel AUC=0.8554 acc=0.6905
[ep 018] val_sel AUC=0.8540 acc=0.6122
[ep 019] val_sel AUC=0.8999 acc=0.7577
[ep 020] val_sel AUC=0.8772 acc=0.6863
[ep 021] val_sel AUC=0.9073 acc=0.7505
[ep 022] val_sel AUC=0.8530 acc=0.6541
[ep 023] val_sel AUC=0.9034 acc=0.7664
[ep 024] val_sel AUC=0.9203 acc=0.7955
[ep 025] val_sel AUC=0.9198 acc=0.7941
[ep 026] val_sel AUC=0.9219 acc=0.8031
[ep 027] val_sel AUC=0.9215 acc=0.8060
[ep 028] val_sel AUC=0.9214 acc=0.7919
[ep 029] val_sel AUC=0.9244 acc=0.8129
[ep 030] val_sel AUC=0.9242 acc=0.8125
[ep 031] val_sel AUC=0.9232 acc=0.8127
[ep 032] val_sel AUC=0.9241 acc=0.8134
[ep 033] val_sel AUC=0.8840 acc=0.7375
[ep 034] val_sel AUC=0.8775 acc=0.6722
[ep 035] val_sel AUC=0.8980 acc=0.7597
[ep 036] val_sel AUC=0.8847 acc=0.7510
[ep 037] val_sel AUC=0.8796 acc=0.7449
[ep 038] val_sel AUC=0.9014 acc=0.7821
[ep 039] val_sel AUC=0.8928 acc=0.7250
[ep 040] val_sel AUC=0.8856 acc=0.7174
[ep 041] val_sel AUC=0.8979 acc=0.7639
[ep 042] val_sel AUC=0.8656 acc=0.6984
[ep 043] val_sel AUC=0.8623 acc=0.6883
[ep 044] val_sel AUC=0.9056 acc=0.7702
[ep 045] val_sel AUC=0.8615 acc=0.7384
[ep 046] val_sel AUC=0.9076 acc=0.7744
[ep 047] val_sel AUC=0.8904 acc=0.7527
[ep 048] val_sel AUC=0.9011 acc=0.7798
[ep 049] val_sel AUC=0.9018 acc=0.7586
[ep 050] val_sel AUC=0.8774 acc=0.7194
[ep 051] val_sel AUC=0.9073 acc=0.7814
[ep 052] val_sel AUC=0.9090 acc=0.7847
[ep 053] val_sel AUC=0.9034 acc=0.7876
[ep 054] val_sel AUC=0.9219 acc=0.8067
[ep 055] val_sel AUC=0.9236 acc=0.8017
[ep 056] val_sel AUC=0.9313 acc=0.8161
[ep 057] val_sel AUC=0.9260 acc=0.8038
[ep 058] val_sel AUC=0.9220 acc=0.7861
[ep 059] val_sel AUC=0.9144 acc=0.7798
[ep 060] val_sel AUC=0.9195 acc=0.8163
[ep 061] val_sel AUC=0.9186 acc=0.7885
[ep 062] val_sel AUC=0.9224 acc=0.8069
[ep 063] val_sel AUC=0.9203 acc=0.8181
[ep 064] val_sel AUC=0.9287 acc=0.8062
[ep 065] val_sel AUC=0.9085 acc=0.7778
[ep 066] val_sel AUC=0.9212 acc=0.8067
[ep 067] val_sel AUC=0.9157 acc=0.7563
[ep 068] val_sel AUC=0.9298 acc=0.8237
[ep 069] val_sel AUC=0.9346 acc=0.8393
[ep 070] val_sel AUC=0.9131 acc=0.7787
[ep 071] val_sel AUC=0.9284 acc=0.8127
[ep 072] val_sel AUC=0.9213 acc=0.8192
[ep 073] val_sel AUC=0.9346 acc=0.8344
[ep 074] val_sel AUC=0.9336 acc=0.8378
[ep 075] val_sel AUC=0.9323 acc=0.8243
[ep 076] val_sel AUC=0.9369 acc=0.8418
[ep 077] val_sel AUC=0.9238 acc=0.7950
[ep 078] val_sel AUC=0.9283 acc=0.8355
[ep 079] val_sel AUC=0.9253 acc=0.8293
[ep 080] val_sel AUC=0.9315 acc=0.8472
[ep 081] val_sel AUC=0.9312 acc=0.8380
[ep 082] val_sel AUC=0.9275 acc=0.8391
[ep 083] val_sel AUC=0.9334 acc=0.8469
[ep 084] val_sel AUC=0.9355 acc=0.8543
[ep 085] val_sel AUC=0.9328 acc=0.8452
[ep 086] val_sel AUC=0.9313 acc=0.8447
[ep 087] val_sel AUC=0.9309 acc=0.8402
[ep 088] val_sel AUC=0.9344 acc=0.8494
[ep 089] val_sel AUC=0.9346 acc=0.8510
[ep 090] val_sel AUC=0.9345 acc=0.8541
[ep 091] val_sel AUC=0.9341 acc=0.8501
[ep 092] val_sel AUC=0.9340 acc=0.8514
[ep 093] val_sel AUC=0.9341 acc=0.8521
[ep 094] val_sel AUC=0.9344 acc=0.8528
[ep 095] val_sel AUC=0.9344 acc=0.8525
[ep 096] val_sel AUC=0.9343 acc=0.8528
============================================================
TEST (best val_sel epoch, held-out, evaluated once)
============================================================
[DONE-QPE2] embed=cayley model_III N=250 seed=58 test_AUC=0.9312 val_sel_AUC=0.9369 per_class=(axion=0.9479 cdm=0.8729 no_sub=0.9729) params=205476 embed_params=2017 R_frob_drift=4.182902812957764
