[INFO] QPE2 D=64 P=8 depth=4 | embed=cayley | data=model_II N/class=100 seed=58 split_seed=0 | params=205476 embed_params=2017 lr=0.001 epochs=96 bs=32 | train(300, 64, 64) val_sel(4455, 64, 64) test(4455, 64, 64) device=cuda
[ep 001] val_sel AUC=0.5376 acc=0.3473
[ep 002] val_sel AUC=0.5278 acc=0.3237
[ep 003] val_sel AUC=0.5288 acc=0.3473
[ep 004] val_sel AUC=0.5310 acc=0.3473
[ep 005] val_sel AUC=0.5313 acc=0.3237
[ep 006] val_sel AUC=0.5354 acc=0.3473
[ep 007] val_sel AUC=0.5389 acc=0.3291
[ep 008] val_sel AUC=0.5389 acc=0.3237
[ep 009] val_sel AUC=0.5384 acc=0.3291
[ep 010] val_sel AUC=0.5366 acc=0.3430
[ep 011] val_sel AUC=0.5344 acc=0.3473
[ep 012] val_sel AUC=0.5323 acc=0.3551
[ep 013] val_sel AUC=0.5313 acc=0.3394
[ep 014] val_sel AUC=0.5315 acc=0.3374
[ep 015] val_sel AUC=0.5311 acc=0.3587
[ep 016] val_sel AUC=0.5310 acc=0.3387
[ep 017] val_sel AUC=0.5316 acc=0.3609
[ep 018] val_sel AUC=0.5336 acc=0.3428
[ep 019] val_sel AUC=0.5324 acc=0.3450
[ep 020] val_sel AUC=0.5352 acc=0.3515
[ep 021] val_sel AUC=0.5355 acc=0.3578
[ep 022] val_sel AUC=0.5370 acc=0.3423
[ep 023] val_sel AUC=0.5392 acc=0.3439
[ep 024] val_sel AUC=0.5389 acc=0.3529
[ep 025] val_sel AUC=0.5437 acc=0.3477
[ep 026] val_sel AUC=0.5451 acc=0.3594
[ep 027] val_sel AUC=0.5482 acc=0.3625
[ep 028] val_sel AUC=0.5493 acc=0.3648
[ep 029] val_sel AUC=0.5511 acc=0.3603
[ep 030] val_sel AUC=0.5516 acc=0.3600
[ep 031] val_sel AUC=0.5518 acc=0.3607
[ep 032] val_sel AUC=0.5518 acc=0.3634
[ep 033] val_sel AUC=0.5446 acc=0.3475
[ep 034] val_sel AUC=0.5335 acc=0.3544
[ep 035] val_sel AUC=0.5286 acc=0.3284
[ep 036] val_sel AUC=0.5389 acc=0.3603
[ep 037] val_sel AUC=0.5842 acc=0.3847
[ep 038] val_sel AUC=0.6016 acc=0.4090
[ep 039] val_sel AUC=0.6017 acc=0.3960
[ep 040] val_sel AUC=0.6165 acc=0.4004
[ep 041] val_sel AUC=0.6247 acc=0.3964
[ep 042] val_sel AUC=0.6172 acc=0.3998
[ep 043] val_sel AUC=0.6148 acc=0.4094
[ep 044] val_sel AUC=0.6653 acc=0.4361
[ep 045] val_sel AUC=0.7100 acc=0.5205
[ep 046] val_sel AUC=0.7096 acc=0.4768
[ep 047] val_sel AUC=0.6855 acc=0.4301
[ep 048] val_sel AUC=0.7357 acc=0.5232
[ep 049] val_sel AUC=0.7494 acc=0.5618
[ep 050] val_sel AUC=0.7525 acc=0.5529
[ep 051] val_sel AUC=0.7785 acc=0.6018
[ep 052] val_sel AUC=0.7625 acc=0.5675
[ep 053] val_sel AUC=0.7366 acc=0.4521
[ep 054] val_sel AUC=0.7629 acc=0.5535
[ep 055] val_sel AUC=0.7434 acc=0.4936
[ep 056] val_sel AUC=0.7889 acc=0.5993
[ep 057] val_sel AUC=0.8003 acc=0.6166
[ep 058] val_sel AUC=0.8027 acc=0.6126
[ep 059] val_sel AUC=0.7543 acc=0.5634
[ep 060] val_sel AUC=0.8075 acc=0.6162
[ep 061] val_sel AUC=0.7971 acc=0.6278
[ep 062] val_sel AUC=0.8297 acc=0.6525
[ep 063] val_sel AUC=0.8026 acc=0.6079
[ep 064] val_sel AUC=0.8282 acc=0.6474
[ep 065] val_sel AUC=0.8203 acc=0.6449
[ep 066] val_sel AUC=0.8255 acc=0.6402
[ep 067] val_sel AUC=0.8097 acc=0.6370
[ep 068] val_sel AUC=0.8264 acc=0.6590
[ep 069] val_sel AUC=0.8213 acc=0.6341
[ep 070] val_sel AUC=0.8248 acc=0.6411
[ep 071] val_sel AUC=0.8245 acc=0.6505
[ep 072] val_sel AUC=0.8190 acc=0.6447
[ep 073] val_sel AUC=0.8304 acc=0.6673
[ep 074] val_sel AUC=0.8231 acc=0.6440
[ep 075] val_sel AUC=0.8295 acc=0.6505
[ep 076] val_sel AUC=0.8323 acc=0.6613
[ep 077] val_sel AUC=0.8343 acc=0.6761
[ep 078] val_sel AUC=0.8312 acc=0.6806
[ep 079] val_sel AUC=0.8353 acc=0.6824
[ep 080] val_sel AUC=0.8432 acc=0.6936
[ep 081] val_sel AUC=0.8363 acc=0.6790
[ep 082] val_sel AUC=0.8380 acc=0.6925
[ep 083] val_sel AUC=0.8377 acc=0.6853
[ep 084] val_sel AUC=0.8366 acc=0.6932
[ep 085] val_sel AUC=0.8376 acc=0.6963
[ep 086] val_sel AUC=0.8331 acc=0.6927
[ep 087] val_sel AUC=0.8331 acc=0.6972
[ep 088] val_sel AUC=0.8359 acc=0.6963
[ep 089] val_sel AUC=0.8344 acc=0.7001
[ep 090] val_sel AUC=0.8341 acc=0.6979
[ep 091] val_sel AUC=0.8345 acc=0.7006
[ep 092] val_sel AUC=0.8338 acc=0.6970
[ep 093] val_sel AUC=0.8336 acc=0.7001
[ep 094] val_sel AUC=0.8335 acc=0.7003
[ep 095] val_sel AUC=0.8336 acc=0.7010
[ep 096] val_sel AUC=0.8335 acc=0.7001
============================================================
TEST (best val_sel epoch, held-out, evaluated once)
============================================================
[DONE-QPE2] embed=cayley model_II N=100 seed=58 test_AUC=0.8493 val_sel_AUC=0.8432 per_class=(axion=0.8815 cdm=0.7346 no_sub=0.9319) params=205476 embed_params=2017 R_frob_drift=3.558950185775757
