[INFO] QPE2 D=64 P=8 depth=4 | embed=cayley | data=model_II N/class=100 seed=44 split_seed=0 | params=205476 embed_params=2017 lr=0.001 epochs=96 bs=32 | train(300, 64, 64) val_sel(4455, 64, 64) test(4455, 64, 64) device=cuda
[ep 001] val_sel AUC=0.5210 acc=0.3237
[ep 002] val_sel AUC=0.5355 acc=0.3291
[ep 003] val_sel AUC=0.5378 acc=0.3291
[ep 004] val_sel AUC=0.5381 acc=0.3473
[ep 005] val_sel AUC=0.5414 acc=0.3291
[ep 006] val_sel AUC=0.5396 acc=0.3473
[ep 007] val_sel AUC=0.5398 acc=0.3291
[ep 008] val_sel AUC=0.5390 acc=0.3371
[ep 009] val_sel AUC=0.5393 acc=0.3473
[ep 010] val_sel AUC=0.5385 acc=0.3473
[ep 011] val_sel AUC=0.5370 acc=0.3383
[ep 012] val_sel AUC=0.5370 acc=0.3291
[ep 013] val_sel AUC=0.5372 acc=0.3473
[ep 014] val_sel AUC=0.5403 acc=0.3641
[ep 015] val_sel AUC=0.5447 acc=0.3446
[ep 016] val_sel AUC=0.5382 acc=0.3621
[ep 017] val_sel AUC=0.5402 acc=0.3513
[ep 018] val_sel AUC=0.5432 acc=0.3731
[ep 019] val_sel AUC=0.5475 acc=0.3717
[ep 020] val_sel AUC=0.5492 acc=0.3614
[ep 021] val_sel AUC=0.5569 acc=0.3639
[ep 022] val_sel AUC=0.5629 acc=0.3695
[ep 023] val_sel AUC=0.5703 acc=0.3773
[ep 024] val_sel AUC=0.5826 acc=0.3955
[ep 025] val_sel AUC=0.6068 acc=0.4162
[ep 026] val_sel AUC=0.6107 acc=0.4157
[ep 027] val_sel AUC=0.6082 acc=0.4198
[ep 028] val_sel AUC=0.6122 acc=0.4159
[ep 029] val_sel AUC=0.6145 acc=0.4153
[ep 030] val_sel AUC=0.6169 acc=0.4236
[ep 031] val_sel AUC=0.6174 acc=0.4211
[ep 032] val_sel AUC=0.6176 acc=0.4220
[ep 033] val_sel AUC=0.5812 acc=0.3237
[ep 034] val_sel AUC=0.5716 acc=0.3984
[ep 035] val_sel AUC=0.5761 acc=0.3906
[ep 036] val_sel AUC=0.6035 acc=0.4249
[ep 037] val_sel AUC=0.6165 acc=0.4231
[ep 038] val_sel AUC=0.6119 acc=0.3953
[ep 039] val_sel AUC=0.6009 acc=0.4090
[ep 040] val_sel AUC=0.6341 acc=0.4669
[ep 041] val_sel AUC=0.6361 acc=0.4498
[ep 042] val_sel AUC=0.6663 acc=0.4808
[ep 043] val_sel AUC=0.6630 acc=0.4575
[ep 044] val_sel AUC=0.6714 acc=0.4622
[ep 045] val_sel AUC=0.6611 acc=0.4790
[ep 046] val_sel AUC=0.7166 acc=0.5185
[ep 047] val_sel AUC=0.6846 acc=0.4660
[ep 048] val_sel AUC=0.7070 acc=0.5116
[ep 049] val_sel AUC=0.7183 acc=0.5297
[ep 050] val_sel AUC=0.7126 acc=0.5217
[ep 051] val_sel AUC=0.7530 acc=0.5603
[ep 052] val_sel AUC=0.7875 acc=0.6186
[ep 053] val_sel AUC=0.8037 acc=0.6148
[ep 054] val_sel AUC=0.7937 acc=0.6227
[ep 055] val_sel AUC=0.7904 acc=0.6251
[ep 056] val_sel AUC=0.8190 acc=0.6485
[ep 057] val_sel AUC=0.8389 acc=0.6855
[ep 058] val_sel AUC=0.8028 acc=0.5863
[ep 059] val_sel AUC=0.8015 acc=0.5962
[ep 060] val_sel AUC=0.8352 acc=0.6532
[ep 061] val_sel AUC=0.8357 acc=0.6640
[ep 062] val_sel AUC=0.8571 acc=0.7071
[ep 063] val_sel AUC=0.8626 acc=0.7174
[ep 064] val_sel AUC=0.8578 acc=0.6622
[ep 065] val_sel AUC=0.8779 acc=0.7347
[ep 066] val_sel AUC=0.8583 acc=0.7093
[ep 067] val_sel AUC=0.8405 acc=0.6682
[ep 068] val_sel AUC=0.8641 acc=0.7118
[ep 069] val_sel AUC=0.8672 acc=0.7208
[ep 070] val_sel AUC=0.8729 acc=0.7405
[ep 071] val_sel AUC=0.8825 acc=0.7470
[ep 072] val_sel AUC=0.8911 acc=0.7663
[ep 073] val_sel AUC=0.8835 acc=0.7421
[ep 074] val_sel AUC=0.8900 acc=0.7497
[ep 075] val_sel AUC=0.8720 acc=0.7268
[ep 076] val_sel AUC=0.8827 acc=0.7250
[ep 077] val_sel AUC=0.8904 acc=0.7677
[ep 078] val_sel AUC=0.8887 acc=0.7589
[ep 079] val_sel AUC=0.8846 acc=0.7508
[ep 080] val_sel AUC=0.8876 acc=0.7632
[ep 081] val_sel AUC=0.8887 acc=0.7632
[ep 082] val_sel AUC=0.8910 acc=0.7529
[ep 083] val_sel AUC=0.8885 acc=0.7648
[ep 084] val_sel AUC=0.8926 acc=0.7751
[ep 085] val_sel AUC=0.8873 acc=0.7439
[ep 086] val_sel AUC=0.8880 acc=0.7719
[ep 087] val_sel AUC=0.8881 acc=0.7686
[ep 088] val_sel AUC=0.8889 acc=0.7540
[ep 089] val_sel AUC=0.8893 acc=0.7574
[ep 090] val_sel AUC=0.8910 acc=0.7746
[ep 091] val_sel AUC=0.8913 acc=0.7785
[ep 092] val_sel AUC=0.8896 acc=0.7670
[ep 093] val_sel AUC=0.8907 acc=0.7751
[ep 094] val_sel AUC=0.8902 acc=0.7724
[ep 095] val_sel AUC=0.8904 acc=0.7742
[ep 096] val_sel AUC=0.8903 acc=0.7740
============================================================
TEST (best val_sel epoch, held-out, evaluated once)
============================================================
[DONE-QPE2] embed=cayley model_II N=100 seed=44 test_AUC=0.8959 val_sel_AUC=0.8926 per_class=(axion=0.9281 cdm=0.8009 no_sub=0.9587) params=205476 embed_params=2017 R_frob_drift=3.2430460453033447
