[INFO] QPE2 D=64 P=8 depth=4 | embed=cayley | data=model_II N/class=250 seed=46 split_seed=0 | params=205476 embed_params=2017 lr=0.001 epochs=96 bs=32 | train(750, 64, 64) val_sel(4455, 64, 64) test(4455, 64, 64) device=cuda
[ep 001] val_sel AUC=0.5206 acc=0.3237
[ep 002] val_sel AUC=0.5326 acc=0.3473
[ep 003] val_sel AUC=0.5341 acc=0.3473
[ep 004] val_sel AUC=0.5397 acc=0.3291
[ep 005] val_sel AUC=0.5407 acc=0.3237
[ep 006] val_sel AUC=0.5444 acc=0.3291
[ep 007] val_sel AUC=0.5484 acc=0.3473
[ep 008] val_sel AUC=0.5174 acc=0.3291
[ep 009] val_sel AUC=0.5190 acc=0.3345
[ep 010] val_sel AUC=0.5454 acc=0.3614
[ep 011] val_sel AUC=0.5628 acc=0.3365
[ep 012] val_sel AUC=0.5684 acc=0.3293
[ep 013] val_sel AUC=0.5758 acc=0.3508
[ep 014] val_sel AUC=0.6573 acc=0.4622
[ep 015] val_sel AUC=0.7535 acc=0.5430
[ep 016] val_sel AUC=0.8022 acc=0.6227
[ep 017] val_sel AUC=0.7511 acc=0.5832
[ep 018] val_sel AUC=0.8281 acc=0.6283
[ep 019] val_sel AUC=0.8710 acc=0.7015
[ep 020] val_sel AUC=0.8566 acc=0.7030
[ep 021] val_sel AUC=0.8749 acc=0.7333
[ep 022] val_sel AUC=0.8570 acc=0.6842
[ep 023] val_sel AUC=0.8598 acc=0.6954
[ep 024] val_sel AUC=0.9010 acc=0.7802
[ep 025] val_sel AUC=0.9022 acc=0.7701
[ep 026] val_sel AUC=0.9009 acc=0.7850
[ep 027] val_sel AUC=0.9095 acc=0.7951
[ep 028] val_sel AUC=0.9097 acc=0.7854
[ep 029] val_sel AUC=0.9082 acc=0.7805
[ep 030] val_sel AUC=0.9123 acc=0.8045
[ep 031] val_sel AUC=0.9122 acc=0.8034
[ep 032] val_sel AUC=0.9127 acc=0.8052
[ep 033] val_sel AUC=0.8456 acc=0.6599
[ep 034] val_sel AUC=0.8704 acc=0.7295
[ep 035] val_sel AUC=0.8508 acc=0.7037
[ep 036] val_sel AUC=0.8621 acc=0.7098
[ep 037] val_sel AUC=0.8873 acc=0.7571
[ep 038] val_sel AUC=0.8929 acc=0.7643
[ep 039] val_sel AUC=0.8998 acc=0.7634
[ep 040] val_sel AUC=0.9050 acc=0.7942
[ep 041] val_sel AUC=0.8586 acc=0.6554
[ep 042] val_sel AUC=0.8817 acc=0.7086
[ep 043] val_sel AUC=0.8933 acc=0.7852
[ep 044] val_sel AUC=0.8583 acc=0.6887
[ep 045] val_sel AUC=0.8785 acc=0.7235
[ep 046] val_sel AUC=0.8740 acc=0.7235
[ep 047] val_sel AUC=0.9060 acc=0.7962
[ep 048] val_sel AUC=0.8723 acc=0.7082
[ep 049] val_sel AUC=0.9051 acc=0.7888
[ep 050] val_sel AUC=0.9121 acc=0.8135
[ep 051] val_sel AUC=0.9157 acc=0.8171
[ep 052] val_sel AUC=0.8683 acc=0.7147
[ep 053] val_sel AUC=0.9100 acc=0.7677
[ep 054] val_sel AUC=0.9083 acc=0.7879
[ep 055] val_sel AUC=0.9043 acc=0.7675
[ep 056] val_sel AUC=0.8765 acc=0.7257
[ep 057] val_sel AUC=0.9103 acc=0.7782
[ep 058] val_sel AUC=0.8750 acc=0.7531
[ep 059] val_sel AUC=0.9106 acc=0.7773
[ep 060] val_sel AUC=0.9142 acc=0.8036
[ep 061] val_sel AUC=0.9070 acc=0.7728
[ep 062] val_sel AUC=0.9123 acc=0.7951
[ep 063] val_sel AUC=0.9150 acc=0.8177
[ep 064] val_sel AUC=0.8951 acc=0.7719
[ep 065] val_sel AUC=0.9211 acc=0.8025
[ep 066] val_sel AUC=0.9162 acc=0.7978
[ep 067] val_sel AUC=0.9127 acc=0.8027
[ep 068] val_sel AUC=0.9134 acc=0.8202
[ep 069] val_sel AUC=0.9192 acc=0.8249
[ep 070] val_sel AUC=0.9117 acc=0.8016
[ep 071] val_sel AUC=0.9178 acc=0.8123
[ep 072] val_sel AUC=0.9022 acc=0.7762
[ep 073] val_sel AUC=0.9128 acc=0.7874
[ep 074] val_sel AUC=0.9141 acc=0.8101
[ep 075] val_sel AUC=0.9213 acc=0.8283
[ep 076] val_sel AUC=0.9224 acc=0.8361
[ep 077] val_sel AUC=0.9207 acc=0.8303
[ep 078] val_sel AUC=0.9226 acc=0.8382
[ep 079] val_sel AUC=0.9242 acc=0.8373
[ep 080] val_sel AUC=0.9225 acc=0.8308
[ep 081] val_sel AUC=0.9233 acc=0.8377
[ep 082] val_sel AUC=0.9236 acc=0.8384
[ep 083] val_sel AUC=0.9204 acc=0.8352
[ep 084] val_sel AUC=0.9228 acc=0.8325
[ep 085] val_sel AUC=0.9248 acc=0.8406
[ep 086] val_sel AUC=0.9237 acc=0.8393
[ep 087] val_sel AUC=0.9238 acc=0.8382
[ep 088] val_sel AUC=0.9243 acc=0.8357
[ep 089] val_sel AUC=0.9235 acc=0.8368
[ep 090] val_sel AUC=0.9244 acc=0.8393
[ep 091] val_sel AUC=0.9241 acc=0.8406
[ep 092] val_sel AUC=0.9238 acc=0.8402
[ep 093] val_sel AUC=0.9240 acc=0.8406
[ep 094] val_sel AUC=0.9240 acc=0.8409
[ep 095] val_sel AUC=0.9239 acc=0.8397
[ep 096] val_sel AUC=0.9239 acc=0.8397
============================================================
TEST (best val_sel epoch, held-out, evaluated once)
============================================================
[DONE-QPE2] embed=cayley model_II N=250 seed=46 test_AUC=0.9310 val_sel_AUC=0.9248 per_class=(axion=0.9373 cdm=0.8757 no_sub=0.9800) params=205476 embed_params=2017 R_frob_drift=3.57615065574646
