[INFO] QPE2 D=64 P=8 depth=4 | embed=cayley | data=model_II N/class=100 seed=47 split_seed=0 | params=205476 embed_params=2017 lr=0.001 epochs=96 bs=32 | train(300, 64, 64) val_sel(4455, 64, 64) test(4455, 64, 64) device=cuda
[ep 001] val_sel AUC=0.5211 acc=0.3291
[ep 002] val_sel AUC=0.5047 acc=0.3237
[ep 003] val_sel AUC=0.5042 acc=0.3473
[ep 004] val_sel AUC=0.5040 acc=0.3237
[ep 005] val_sel AUC=0.5058 acc=0.3473
[ep 006] val_sel AUC=0.5071 acc=0.3291
[ep 007] val_sel AUC=0.5087 acc=0.3237
[ep 008] val_sel AUC=0.5095 acc=0.3376
[ep 009] val_sel AUC=0.5092 acc=0.3473
[ep 010] val_sel AUC=0.5095 acc=0.3291
[ep 011] val_sel AUC=0.5104 acc=0.3237
[ep 012] val_sel AUC=0.5097 acc=0.3473
[ep 013] val_sel AUC=0.5101 acc=0.3237
[ep 014] val_sel AUC=0.5092 acc=0.3291
[ep 015] val_sel AUC=0.5083 acc=0.3473
[ep 016] val_sel AUC=0.5091 acc=0.3549
[ep 017] val_sel AUC=0.5082 acc=0.3430
[ep 018] val_sel AUC=0.5091 acc=0.3311
[ep 019] val_sel AUC=0.5124 acc=0.3318
[ep 020] val_sel AUC=0.5140 acc=0.3481
[ep 021] val_sel AUC=0.5169 acc=0.3394
[ep 022] val_sel AUC=0.5172 acc=0.3439
[ep 023] val_sel AUC=0.5200 acc=0.3567
[ep 024] val_sel AUC=0.5216 acc=0.3643
[ep 025] val_sel AUC=0.5236 acc=0.3428
[ep 026] val_sel AUC=0.5243 acc=0.3446
[ep 027] val_sel AUC=0.5246 acc=0.3645
[ep 028] val_sel AUC=0.5259 acc=0.3508
[ep 029] val_sel AUC=0.5265 acc=0.3506
[ep 030] val_sel AUC=0.5270 acc=0.3493
[ep 031] val_sel AUC=0.5271 acc=0.3490
[ep 032] val_sel AUC=0.5272 acc=0.3484
[ep 033] val_sel AUC=0.5328 acc=0.3403
[ep 034] val_sel AUC=0.5370 acc=0.3540
[ep 035] val_sel AUC=0.5281 acc=0.3490
[ep 036] val_sel AUC=0.5479 acc=0.3670
[ep 037] val_sel AUC=0.5692 acc=0.3886
[ep 038] val_sel AUC=0.5806 acc=0.3984
[ep 039] val_sel AUC=0.5677 acc=0.3634
[ep 040] val_sel AUC=0.5854 acc=0.4045
[ep 041] val_sel AUC=0.6075 acc=0.4108
[ep 042] val_sel AUC=0.6090 acc=0.4260
[ep 043] val_sel AUC=0.6332 acc=0.4379
[ep 044] val_sel AUC=0.6214 acc=0.4251
[ep 045] val_sel AUC=0.6349 acc=0.4510
[ep 046] val_sel AUC=0.6934 acc=0.4559
[ep 047] val_sel AUC=0.7244 acc=0.5262
[ep 048] val_sel AUC=0.7425 acc=0.5369
[ep 049] val_sel AUC=0.7438 acc=0.5715
[ep 050] val_sel AUC=0.7499 acc=0.5239
[ep 051] val_sel AUC=0.7837 acc=0.6034
[ep 052] val_sel AUC=0.7720 acc=0.5681
[ep 053] val_sel AUC=0.7904 acc=0.5829
[ep 054] val_sel AUC=0.7816 acc=0.5859
[ep 055] val_sel AUC=0.8085 acc=0.6081
[ep 056] val_sel AUC=0.8193 acc=0.6409
[ep 057] val_sel AUC=0.7809 acc=0.5544
[ep 058] val_sel AUC=0.8073 acc=0.6332
[ep 059] val_sel AUC=0.7973 acc=0.6099
[ep 060] val_sel AUC=0.7776 acc=0.5906
[ep 061] val_sel AUC=0.8009 acc=0.6139
[ep 062] val_sel AUC=0.8192 acc=0.6483
[ep 063] val_sel AUC=0.8062 acc=0.6065
[ep 064] val_sel AUC=0.8367 acc=0.6956
[ep 065] val_sel AUC=0.8386 acc=0.6997
[ep 066] val_sel AUC=0.8283 acc=0.6687
[ep 067] val_sel AUC=0.8180 acc=0.6747
[ep 068] val_sel AUC=0.8471 acc=0.6705
[ep 069] val_sel AUC=0.8368 acc=0.6808
[ep 070] val_sel AUC=0.8342 acc=0.6918
[ep 071] val_sel AUC=0.8297 acc=0.6902
[ep 072] val_sel AUC=0.8371 acc=0.6884
[ep 073] val_sel AUC=0.8411 acc=0.7039
[ep 074] val_sel AUC=0.8425 acc=0.7091
[ep 075] val_sel AUC=0.8371 acc=0.6716
[ep 076] val_sel AUC=0.8406 acc=0.6660
[ep 077] val_sel AUC=0.8302 acc=0.6860
[ep 078] val_sel AUC=0.8421 acc=0.6828
[ep 079] val_sel AUC=0.8390 acc=0.6988
[ep 080] val_sel AUC=0.8393 acc=0.7028
[ep 081] val_sel AUC=0.8426 acc=0.7089
[ep 082] val_sel AUC=0.8385 acc=0.7053
[ep 083] val_sel AUC=0.8412 acc=0.7051
[ep 084] val_sel AUC=0.8433 acc=0.7174
[ep 085] val_sel AUC=0.8396 acc=0.7026
[ep 086] val_sel AUC=0.8440 acc=0.7187
[ep 087] val_sel AUC=0.8411 acc=0.7030
[ep 088] val_sel AUC=0.8460 acc=0.7187
[ep 089] val_sel AUC=0.8432 acc=0.7176
[ep 090] val_sel AUC=0.8429 acc=0.7158
[ep 091] val_sel AUC=0.8432 acc=0.7169
[ep 092] val_sel AUC=0.8433 acc=0.7165
[ep 093] val_sel AUC=0.8430 acc=0.7158
[ep 094] val_sel AUC=0.8431 acc=0.7160
[ep 095] val_sel AUC=0.8430 acc=0.7152
[ep 096] val_sel AUC=0.8430 acc=0.7149
============================================================
TEST (best val_sel epoch, held-out, evaluated once)
============================================================
[DONE-QPE2] embed=cayley model_II N=100 seed=47 test_AUC=0.8521 val_sel_AUC=0.8471 per_class=(axion=0.9270 cdm=0.7409 no_sub=0.8885) params=205476 embed_params=2017 R_frob_drift=3.922067880630493
