[INFO] QPE2 D=64 P=8 depth=4 | embed=cayley | data=model_III N/class=100 seed=60 split_seed=0 | params=205476 embed_params=2017 lr=0.001 epochs=96 bs=32 | train(300, 64, 64) val_sel(4469, 64, 64) test(4470, 64, 64) device=cuda
[ep 001] val_sel AUC=0.5423 acc=0.3433
[ep 002] val_sel AUC=0.5633 acc=0.3283
[ep 003] val_sel AUC=0.5601 acc=0.3433
[ep 004] val_sel AUC=0.5617 acc=0.3285
[ep 005] val_sel AUC=0.5655 acc=0.3433
[ep 006] val_sel AUC=0.5500 acc=0.3609
[ep 007] val_sel AUC=0.5462 acc=0.3283
[ep 008] val_sel AUC=0.5459 acc=0.3544
[ep 009] val_sel AUC=0.5467 acc=0.3614
[ep 010] val_sel AUC=0.5525 acc=0.3609
[ep 011] val_sel AUC=0.5553 acc=0.3697
[ep 012] val_sel AUC=0.5694 acc=0.3667
[ep 013] val_sel AUC=0.5944 acc=0.4003
[ep 014] val_sel AUC=0.5993 acc=0.4017
[ep 015] val_sel AUC=0.6547 acc=0.4610
[ep 016] val_sel AUC=0.7181 acc=0.5203
[ep 017] val_sel AUC=0.7195 acc=0.5140
[ep 018] val_sel AUC=0.7272 acc=0.4994
[ep 019] val_sel AUC=0.7168 acc=0.5149
[ep 020] val_sel AUC=0.7881 acc=0.5869
[ep 021] val_sel AUC=0.7585 acc=0.5529
[ep 022] val_sel AUC=0.7901 acc=0.6294
[ep 023] val_sel AUC=0.7915 acc=0.5988
[ep 024] val_sel AUC=0.8029 acc=0.6503
[ep 025] val_sel AUC=0.8060 acc=0.6465
[ep 026] val_sel AUC=0.8112 acc=0.6630
[ep 027] val_sel AUC=0.8112 acc=0.6623
[ep 028] val_sel AUC=0.8120 acc=0.6601
[ep 029] val_sel AUC=0.8161 acc=0.6637
[ep 030] val_sel AUC=0.8147 acc=0.6661
[ep 031] val_sel AUC=0.8149 acc=0.6670
[ep 032] val_sel AUC=0.8149 acc=0.6666
[ep 033] val_sel AUC=0.7759 acc=0.5668
[ep 034] val_sel AUC=0.7768 acc=0.5898
[ep 035] val_sel AUC=0.7922 acc=0.6129
[ep 036] val_sel AUC=0.8085 acc=0.6648
[ep 037] val_sel AUC=0.8037 acc=0.6324
[ep 038] val_sel AUC=0.8247 acc=0.6339
[ep 039] val_sel AUC=0.7469 acc=0.5744
[ep 040] val_sel AUC=0.8172 acc=0.6424
[ep 041] val_sel AUC=0.8253 acc=0.6646
[ep 042] val_sel AUC=0.8356 acc=0.6525
[ep 043] val_sel AUC=0.8366 acc=0.6901
[ep 044] val_sel AUC=0.8336 acc=0.6758
[ep 045] val_sel AUC=0.8153 acc=0.6657
[ep 046] val_sel AUC=0.8341 acc=0.6570
[ep 047] val_sel AUC=0.8101 acc=0.6675
[ep 048] val_sel AUC=0.8450 acc=0.6825
[ep 049] val_sel AUC=0.8389 acc=0.6957
[ep 050] val_sel AUC=0.8478 acc=0.6941
[ep 051] val_sel AUC=0.8483 acc=0.7028
[ep 052] val_sel AUC=0.8380 acc=0.6847
[ep 053] val_sel AUC=0.8436 acc=0.6782
[ep 054] val_sel AUC=0.8440 acc=0.6840
[ep 055] val_sel AUC=0.8334 acc=0.6585
[ep 056] val_sel AUC=0.8584 acc=0.6993
[ep 057] val_sel AUC=0.8584 acc=0.6952
[ep 058] val_sel AUC=0.8559 acc=0.6874
[ep 059] val_sel AUC=0.8513 acc=0.7093
[ep 060] val_sel AUC=0.8592 acc=0.7167
[ep 061] val_sel AUC=0.8645 acc=0.7019
[ep 062] val_sel AUC=0.8613 acc=0.7330
[ep 063] val_sel AUC=0.8646 acc=0.7442
[ep 064] val_sel AUC=0.8733 acc=0.7375
[ep 065] val_sel AUC=0.8745 acc=0.7527
[ep 066] val_sel AUC=0.8678 acc=0.7151
[ep 067] val_sel AUC=0.8653 acc=0.7299
[ep 068] val_sel AUC=0.8645 acc=0.7111
[ep 069] val_sel AUC=0.8583 acc=0.6986
[ep 070] val_sel AUC=0.8517 acc=0.6670
[ep 071] val_sel AUC=0.8696 acc=0.7328
[ep 072] val_sel AUC=0.8717 acc=0.7333
[ep 073] val_sel AUC=0.8545 acc=0.6789
[ep 074] val_sel AUC=0.8239 acc=0.6205
[ep 075] val_sel AUC=0.8755 acc=0.7413
[ep 076] val_sel AUC=0.8808 acc=0.7460
[ep 077] val_sel AUC=0.8782 acc=0.7523
[ep 078] val_sel AUC=0.8751 acc=0.7424
[ep 079] val_sel AUC=0.8818 acc=0.7675
[ep 080] val_sel AUC=0.8813 acc=0.7691
[ep 081] val_sel AUC=0.8801 acc=0.7646
[ep 082] val_sel AUC=0.8828 acc=0.7659
[ep 083] val_sel AUC=0.8838 acc=0.7740
[ep 084] val_sel AUC=0.8802 acc=0.7610
[ep 085] val_sel AUC=0.8840 acc=0.7756
[ep 086] val_sel AUC=0.8832 acc=0.7733
[ep 087] val_sel AUC=0.8837 acc=0.7767
[ep 088] val_sel AUC=0.8844 acc=0.7821
[ep 089] val_sel AUC=0.8842 acc=0.7825
[ep 090] val_sel AUC=0.8839 acc=0.7749
[ep 091] val_sel AUC=0.8845 acc=0.7825
[ep 092] val_sel AUC=0.8848 acc=0.7832
[ep 093] val_sel AUC=0.8848 acc=0.7823
[ep 094] val_sel AUC=0.8846 acc=0.7776
[ep 095] val_sel AUC=0.8846 acc=0.7778
[ep 096] val_sel AUC=0.8847 acc=0.7791
============================================================
TEST (best val_sel epoch, held-out, evaluated once)
============================================================
[DONE-QPE2] embed=cayley model_III N=100 seed=60 test_AUC=0.8877 val_sel_AUC=0.8848 per_class=(axion=0.9412 cdm=0.7902 no_sub=0.9315) params=205476 embed_params=2017 R_frob_drift=2.883416175842285
