[INFO] QPE2 D=64 P=8 depth=4 | embed=cayley | data=model_III N/class=250 seed=46 split_seed=0 | params=205476 embed_params=2017 lr=0.001 epochs=96 bs=32 | train(750, 64, 64) val_sel(4469, 64, 64) test(4470, 64, 64) device=cuda
[ep 001] val_sel AUC=0.5231 acc=0.3285
[ep 002] val_sel AUC=0.5550 acc=0.3433
[ep 003] val_sel AUC=0.5787 acc=0.3433
[ep 004] val_sel AUC=0.6116 acc=0.3283
[ep 005] val_sel AUC=0.6180 acc=0.3285
[ep 006] val_sel AUC=0.5742 acc=0.3283
[ep 007] val_sel AUC=0.5778 acc=0.3645
[ep 008] val_sel AUC=0.6011 acc=0.3911
[ep 009] val_sel AUC=0.6469 acc=0.4797
[ep 010] val_sel AUC=0.7447 acc=0.5431
[ep 011] val_sel AUC=0.7291 acc=0.5050
[ep 012] val_sel AUC=0.7969 acc=0.5901
[ep 013] val_sel AUC=0.8018 acc=0.6091
[ep 014] val_sel AUC=0.8200 acc=0.5388
[ep 015] val_sel AUC=0.8484 acc=0.6849
[ep 016] val_sel AUC=0.8541 acc=0.6776
[ep 017] val_sel AUC=0.8359 acc=0.6498
[ep 018] val_sel AUC=0.8919 acc=0.6946
[ep 019] val_sel AUC=0.8968 acc=0.7436
[ep 020] val_sel AUC=0.8588 acc=0.7127
[ep 021] val_sel AUC=0.9076 acc=0.7514
[ep 022] val_sel AUC=0.9146 acc=0.7975
[ep 023] val_sel AUC=0.9143 acc=0.7798
[ep 024] val_sel AUC=0.9212 acc=0.8044
[ep 025] val_sel AUC=0.9242 acc=0.8132
[ep 026] val_sel AUC=0.9206 acc=0.8038
[ep 027] val_sel AUC=0.9263 acc=0.8174
[ep 028] val_sel AUC=0.9220 acc=0.8123
[ep 029] val_sel AUC=0.9282 acc=0.8277
[ep 030] val_sel AUC=0.9298 acc=0.8335
[ep 031] val_sel AUC=0.9298 acc=0.8302
[ep 032] val_sel AUC=0.9301 acc=0.8317
[ep 033] val_sel AUC=0.8706 acc=0.6845
[ep 034] val_sel AUC=0.9086 acc=0.7798
[ep 035] val_sel AUC=0.8411 acc=0.6632
[ep 036] val_sel AUC=0.8712 acc=0.6129
[ep 037] val_sel AUC=0.9104 acc=0.7630
[ep 038] val_sel AUC=0.9141 acc=0.7570
[ep 039] val_sel AUC=0.8604 acc=0.6646
[ep 040] val_sel AUC=0.8950 acc=0.7561
[ep 041] val_sel AUC=0.9244 acc=0.7935
[ep 042] val_sel AUC=0.9225 acc=0.7941
[ep 043] val_sel AUC=0.9167 acc=0.7861
[ep 044] val_sel AUC=0.9065 acc=0.7655
[ep 045] val_sel AUC=0.8713 acc=0.7098
[ep 046] val_sel AUC=0.9050 acc=0.7624
[ep 047] val_sel AUC=0.9215 acc=0.8069
[ep 048] val_sel AUC=0.8911 acc=0.6997
[ep 049] val_sel AUC=0.9237 acc=0.7932
[ep 050] val_sel AUC=0.9147 acc=0.7736
[ep 051] val_sel AUC=0.8941 acc=0.7382
[ep 052] val_sel AUC=0.9319 acc=0.8094
[ep 053] val_sel AUC=0.9231 acc=0.8015
[ep 054] val_sel AUC=0.9107 acc=0.7662
[ep 055] val_sel AUC=0.9309 acc=0.8000
[ep 056] val_sel AUC=0.8625 acc=0.6878
[ep 057] val_sel AUC=0.9086 acc=0.7471
[ep 058] val_sel AUC=0.9241 acc=0.8042
[ep 059] val_sel AUC=0.9299 acc=0.8105
[ep 060] val_sel AUC=0.9309 acc=0.8107
[ep 061] val_sel AUC=0.9400 acc=0.8203
[ep 062] val_sel AUC=0.9356 acc=0.8331
[ep 063] val_sel AUC=0.9416 acc=0.8398
[ep 064] val_sel AUC=0.9139 acc=0.7807
[ep 065] val_sel AUC=0.9234 acc=0.8013
[ep 066] val_sel AUC=0.9335 acc=0.8333
[ep 067] val_sel AUC=0.9412 acc=0.8398
[ep 068] val_sel AUC=0.9455 acc=0.8461
[ep 069] val_sel AUC=0.9339 acc=0.8279
[ep 070] val_sel AUC=0.9083 acc=0.7487
[ep 071] val_sel AUC=0.9354 acc=0.8264
[ep 072] val_sel AUC=0.9421 acc=0.8400
[ep 073] val_sel AUC=0.9421 acc=0.8373
[ep 074] val_sel AUC=0.9285 acc=0.8311
[ep 075] val_sel AUC=0.9445 acc=0.8255
[ep 076] val_sel AUC=0.9462 acc=0.8523
[ep 077] val_sel AUC=0.9428 acc=0.8532
[ep 078] val_sel AUC=0.9470 acc=0.8438
[ep 079] val_sel AUC=0.9409 acc=0.8472
[ep 080] val_sel AUC=0.9373 acc=0.8514
[ep 081] val_sel AUC=0.9393 acc=0.8476
[ep 082] val_sel AUC=0.9447 acc=0.8572
[ep 083] val_sel AUC=0.9458 acc=0.8635
[ep 084] val_sel AUC=0.9402 acc=0.8579
[ep 085] val_sel AUC=0.9465 acc=0.8622
[ep 086] val_sel AUC=0.9413 acc=0.8563
[ep 087] val_sel AUC=0.9463 acc=0.8646
[ep 088] val_sel AUC=0.9441 acc=0.8628
[ep 089] val_sel AUC=0.9444 acc=0.8617
[ep 090] val_sel AUC=0.9445 acc=0.8631
[ep 091] val_sel AUC=0.9443 acc=0.8626
[ep 092] val_sel AUC=0.9425 acc=0.8619
[ep 093] val_sel AUC=0.9431 acc=0.8617
[ep 094] val_sel AUC=0.9432 acc=0.8624
[ep 095] val_sel AUC=0.9432 acc=0.8624
[ep 096] val_sel AUC=0.9431 acc=0.8624
============================================================
TEST (best val_sel epoch, held-out, evaluated once)
============================================================
[DONE-QPE2] embed=cayley model_III N=250 seed=46 test_AUC=0.9412 val_sel_AUC=0.9470 per_class=(axion=0.9525 cdm=0.8903 no_sub=0.9808) params=205476 embed_params=2017 R_frob_drift=4.24328088760376
