[INFO] QPE2 D=64 P=8 depth=4 | embed=cayley | data=model_II N/class=250 seed=54 split_seed=0 | params=205476 embed_params=2017 lr=0.001 epochs=96 bs=32 | train(750, 64, 64) val_sel(4455, 64, 64) test(4455, 64, 64) device=cuda
[ep 001] val_sel AUC=0.5098 acc=0.3237
[ep 002] val_sel AUC=0.5148 acc=0.3237
[ep 003] val_sel AUC=0.5179 acc=0.3237
[ep 004] val_sel AUC=0.5209 acc=0.3237
[ep 005] val_sel AUC=0.5204 acc=0.3473
[ep 006] val_sel AUC=0.5232 acc=0.3473
[ep 007] val_sel AUC=0.5265 acc=0.3291
[ep 008] val_sel AUC=0.5270 acc=0.3473
[ep 009] val_sel AUC=0.5277 acc=0.3473
[ep 010] val_sel AUC=0.5273 acc=0.3473
[ep 011] val_sel AUC=0.5229 acc=0.3423
[ep 012] val_sel AUC=0.5261 acc=0.3461
[ep 013] val_sel AUC=0.5342 acc=0.3623
[ep 014] val_sel AUC=0.5309 acc=0.3567
[ep 015] val_sel AUC=0.5429 acc=0.3273
[ep 016] val_sel AUC=0.5341 acc=0.3580
[ep 017] val_sel AUC=0.5353 acc=0.3582
[ep 018] val_sel AUC=0.5459 acc=0.3515
[ep 019] val_sel AUC=0.5615 acc=0.3814
[ep 020] val_sel AUC=0.5699 acc=0.3944
[ep 021] val_sel AUC=0.6204 acc=0.4545
[ep 022] val_sel AUC=0.6527 acc=0.4611
[ep 023] val_sel AUC=0.7065 acc=0.4958
[ep 024] val_sel AUC=0.7203 acc=0.5091
[ep 025] val_sel AUC=0.7464 acc=0.5459
[ep 026] val_sel AUC=0.7641 acc=0.5625
[ep 027] val_sel AUC=0.7675 acc=0.5742
[ep 028] val_sel AUC=0.7746 acc=0.5960
[ep 029] val_sel AUC=0.7934 acc=0.6067
[ep 030] val_sel AUC=0.7937 acc=0.6103
[ep 031] val_sel AUC=0.7980 acc=0.6168
[ep 032] val_sel AUC=0.8004 acc=0.6209
[ep 033] val_sel AUC=0.7917 acc=0.6099
[ep 034] val_sel AUC=0.7470 acc=0.5713
[ep 035] val_sel AUC=0.8155 acc=0.5903
[ep 036] val_sel AUC=0.8317 acc=0.6422
[ep 037] val_sel AUC=0.7513 acc=0.5464
[ep 038] val_sel AUC=0.8003 acc=0.6447
[ep 039] val_sel AUC=0.8175 acc=0.6220
[ep 040] val_sel AUC=0.8546 acc=0.6842
[ep 041] val_sel AUC=0.8431 acc=0.6604
[ep 042] val_sel AUC=0.8566 acc=0.6949
[ep 043] val_sel AUC=0.7892 acc=0.5773
[ep 044] val_sel AUC=0.8444 acc=0.6631
[ep 045] val_sel AUC=0.8699 acc=0.6970
[ep 046] val_sel AUC=0.7513 acc=0.5167
[ep 047] val_sel AUC=0.8705 acc=0.7104
[ep 048] val_sel AUC=0.8711 acc=0.6889
[ep 049] val_sel AUC=0.8759 acc=0.7174
[ep 050] val_sel AUC=0.8936 acc=0.7448
[ep 051] val_sel AUC=0.8454 acc=0.6519
[ep 052] val_sel AUC=0.8824 acc=0.7567
[ep 053] val_sel AUC=0.8886 acc=0.7387
[ep 054] val_sel AUC=0.8831 acc=0.7565
[ep 055] val_sel AUC=0.8626 acc=0.6754
[ep 056] val_sel AUC=0.8712 acc=0.6815
[ep 057] val_sel AUC=0.8985 acc=0.7749
[ep 058] val_sel AUC=0.8728 acc=0.6604
[ep 059] val_sel AUC=0.8970 acc=0.7481
[ep 060] val_sel AUC=0.9063 acc=0.7841
[ep 061] val_sel AUC=0.9142 acc=0.7998
[ep 062] val_sel AUC=0.9000 acc=0.7549
[ep 063] val_sel AUC=0.9002 acc=0.7728
[ep 064] val_sel AUC=0.9131 acc=0.8067
[ep 065] val_sel AUC=0.9031 acc=0.7616
[ep 066] val_sel AUC=0.9156 acc=0.8009
[ep 067] val_sel AUC=0.9249 acc=0.8092
[ep 068] val_sel AUC=0.9259 acc=0.8081
[ep 069] val_sel AUC=0.9099 acc=0.7632
[ep 070] val_sel AUC=0.9136 acc=0.7791
[ep 071] val_sel AUC=0.9231 acc=0.8189
[ep 072] val_sel AUC=0.9223 acc=0.8240
[ep 073] val_sel AUC=0.9189 acc=0.8108
[ep 074] val_sel AUC=0.9213 acc=0.7915
[ep 075] val_sel AUC=0.9274 acc=0.8247
[ep 076] val_sel AUC=0.9237 acc=0.8198
[ep 077] val_sel AUC=0.9111 acc=0.7785
[ep 078] val_sel AUC=0.9156 acc=0.8146
[ep 079] val_sel AUC=0.9251 acc=0.8247
[ep 080] val_sel AUC=0.9276 acc=0.8375
[ep 081] val_sel AUC=0.9283 acc=0.8424
[ep 082] val_sel AUC=0.9313 acc=0.8467
[ep 083] val_sel AUC=0.9317 acc=0.8462
[ep 084] val_sel AUC=0.9277 acc=0.8211
[ep 085] val_sel AUC=0.9271 acc=0.8301
[ep 086] val_sel AUC=0.9309 acc=0.8384
[ep 087] val_sel AUC=0.9303 acc=0.8438
[ep 088] val_sel AUC=0.9304 acc=0.8420
[ep 089] val_sel AUC=0.9269 acc=0.8426
[ep 090] val_sel AUC=0.9293 acc=0.8444
[ep 091] val_sel AUC=0.9297 acc=0.8440
[ep 092] val_sel AUC=0.9293 acc=0.8460
[ep 093] val_sel AUC=0.9295 acc=0.8462
[ep 094] val_sel AUC=0.9295 acc=0.8458
[ep 095] val_sel AUC=0.9294 acc=0.8453
[ep 096] val_sel AUC=0.9295 acc=0.8447
============================================================
TEST (best val_sel epoch, held-out, evaluated once)
============================================================
[DONE-QPE2] embed=cayley model_II N=250 seed=54 test_AUC=0.9380 val_sel_AUC=0.9317 per_class=(axion=0.9438 cdm=0.8872 no_sub=0.9829) params=205476 embed_params=2017 R_frob_drift=3.8715767860412598
