[INFO] QPE2 D=64 P=8 depth=4 | embed=cayley | data=model_II N/class=250 seed=48 split_seed=0 | params=205476 embed_params=2017 lr=0.001 epochs=96 bs=32 | train(750, 64, 64) val_sel(4455, 64, 64) test(4455, 64, 64) device=cuda
[ep 001] val_sel AUC=0.5594 acc=0.3237
[ep 002] val_sel AUC=0.5518 acc=0.3237
[ep 003] val_sel AUC=0.5653 acc=0.3291
[ep 004] val_sel AUC=0.5579 acc=0.3237
[ep 005] val_sel AUC=0.5639 acc=0.3291
[ep 006] val_sel AUC=0.5525 acc=0.3291
[ep 007] val_sel AUC=0.5372 acc=0.3473
[ep 008] val_sel AUC=0.5299 acc=0.3291
[ep 009] val_sel AUC=0.5274 acc=0.3291
[ep 010] val_sel AUC=0.5208 acc=0.3421
[ep 011] val_sel AUC=0.5229 acc=0.3473
[ep 012] val_sel AUC=0.5221 acc=0.3205
[ep 013] val_sel AUC=0.5377 acc=0.3580
[ep 014] val_sel AUC=0.5364 acc=0.3621
[ep 015] val_sel AUC=0.5618 acc=0.3861
[ep 016] val_sel AUC=0.6025 acc=0.4366
[ep 017] val_sel AUC=0.6417 acc=0.4034
[ep 018] val_sel AUC=0.6744 acc=0.4732
[ep 019] val_sel AUC=0.7017 acc=0.4900
[ep 020] val_sel AUC=0.7556 acc=0.5531
[ep 021] val_sel AUC=0.7765 acc=0.5912
[ep 022] val_sel AUC=0.8113 acc=0.6211
[ep 023] val_sel AUC=0.8221 acc=0.6355
[ep 024] val_sel AUC=0.8226 acc=0.6494
[ep 025] val_sel AUC=0.8570 acc=0.6840
[ep 026] val_sel AUC=0.8745 acc=0.7221
[ep 027] val_sel AUC=0.8687 acc=0.7066
[ep 028] val_sel AUC=0.8781 acc=0.7169
[ep 029] val_sel AUC=0.8870 acc=0.7428
[ep 030] val_sel AUC=0.8846 acc=0.7416
[ep 031] val_sel AUC=0.8812 acc=0.7351
[ep 032] val_sel AUC=0.8855 acc=0.7455
[ep 033] val_sel AUC=0.6981 acc=0.4754
[ep 034] val_sel AUC=0.8004 acc=0.6332
[ep 035] val_sel AUC=0.7694 acc=0.5432
[ep 036] val_sel AUC=0.8220 acc=0.6202
[ep 037] val_sel AUC=0.8439 acc=0.6842
[ep 038] val_sel AUC=0.8496 acc=0.6860
[ep 039] val_sel AUC=0.7733 acc=0.4763
[ep 040] val_sel AUC=0.8362 acc=0.6476
[ep 041] val_sel AUC=0.8671 acc=0.7066
[ep 042] val_sel AUC=0.8332 acc=0.6842
[ep 043] val_sel AUC=0.8188 acc=0.6471
[ep 044] val_sel AUC=0.8171 acc=0.6736
[ep 045] val_sel AUC=0.8253 acc=0.6431
[ep 046] val_sel AUC=0.8606 acc=0.6754
[ep 047] val_sel AUC=0.8512 acc=0.6840
[ep 048] val_sel AUC=0.8355 acc=0.6512
[ep 049] val_sel AUC=0.8780 acc=0.7143
[ep 050] val_sel AUC=0.8575 acc=0.7064
[ep 051] val_sel AUC=0.8642 acc=0.7127
[ep 052] val_sel AUC=0.8854 acc=0.7533
[ep 053] val_sel AUC=0.8884 acc=0.7439
[ep 054] val_sel AUC=0.8434 acc=0.6651
[ep 055] val_sel AUC=0.8863 acc=0.7623
[ep 056] val_sel AUC=0.8951 acc=0.7551
[ep 057] val_sel AUC=0.8946 acc=0.7556
[ep 058] val_sel AUC=0.8488 acc=0.6590
[ep 059] val_sel AUC=0.8879 acc=0.7553
[ep 060] val_sel AUC=0.8726 acc=0.7237
[ep 061] val_sel AUC=0.8810 acc=0.7127
[ep 062] val_sel AUC=0.8834 acc=0.7425
[ep 063] val_sel AUC=0.9001 acc=0.7648
[ep 064] val_sel AUC=0.8934 acc=0.7625
[ep 065] val_sel AUC=0.8760 acc=0.7239
[ep 066] val_sel AUC=0.9059 acc=0.7926
[ep 067] val_sel AUC=0.8860 acc=0.7275
[ep 068] val_sel AUC=0.9086 acc=0.7908
[ep 069] val_sel AUC=0.9018 acc=0.7677
[ep 070] val_sel AUC=0.8997 acc=0.7755
[ep 071] val_sel AUC=0.8865 acc=0.7421
[ep 072] val_sel AUC=0.9139 acc=0.7975
[ep 073] val_sel AUC=0.9105 acc=0.7917
[ep 074] val_sel AUC=0.9097 acc=0.7818
[ep 075] val_sel AUC=0.8996 acc=0.7616
[ep 076] val_sel AUC=0.9095 acc=0.7886
[ep 077] val_sel AUC=0.9129 acc=0.7933
[ep 078] val_sel AUC=0.9132 acc=0.7895
[ep 079] val_sel AUC=0.9174 acc=0.8022
[ep 080] val_sel AUC=0.9207 acc=0.8135
[ep 081] val_sel AUC=0.9191 acc=0.8112
[ep 082] val_sel AUC=0.9139 acc=0.7971
[ep 083] val_sel AUC=0.9203 acc=0.8184
[ep 084] val_sel AUC=0.9200 acc=0.8128
[ep 085] val_sel AUC=0.9189 acc=0.8126
[ep 086] val_sel AUC=0.9194 acc=0.8180
[ep 087] val_sel AUC=0.9201 acc=0.8166
[ep 088] val_sel AUC=0.9200 acc=0.8153
[ep 089] val_sel AUC=0.9172 acc=0.8148
[ep 090] val_sel AUC=0.9193 acc=0.8159
[ep 091] val_sel AUC=0.9188 acc=0.8175
[ep 092] val_sel AUC=0.9192 acc=0.8144
[ep 093] val_sel AUC=0.9190 acc=0.8157
[ep 094] val_sel AUC=0.9192 acc=0.8146
[ep 095] val_sel AUC=0.9191 acc=0.8157
[ep 096] val_sel AUC=0.9191 acc=0.8164
============================================================
TEST (best val_sel epoch, held-out, evaluated once)
============================================================
[DONE-QPE2] embed=cayley model_II N=250 seed=48 test_AUC=0.9227 val_sel_AUC=0.9207 per_class=(axion=0.9356 cdm=0.8555 no_sub=0.9769) params=205476 embed_params=2017 R_frob_drift=3.6983604431152344
