[INFO] QPE2 D=64 P=8 depth=4 | embed=cayley | data=model_II N/class=250 seed=47 split_seed=0 | params=205476 embed_params=2017 lr=0.001 epochs=96 bs=32 | train(750, 64, 64) val_sel(4455, 64, 64) test(4455, 64, 64) device=cuda
[ep 001] val_sel AUC=0.5175 acc=0.3473
[ep 002] val_sel AUC=0.5200 acc=0.3237
[ep 003] val_sel AUC=0.5229 acc=0.3237
[ep 004] val_sel AUC=0.5270 acc=0.3493
[ep 005] val_sel AUC=0.5306 acc=0.3473
[ep 006] val_sel AUC=0.5422 acc=0.3473
[ep 007] val_sel AUC=0.5452 acc=0.3473
[ep 008] val_sel AUC=0.5440 acc=0.3237
[ep 009] val_sel AUC=0.5310 acc=0.3291
[ep 010] val_sel AUC=0.5288 acc=0.3394
[ep 011] val_sel AUC=0.5274 acc=0.3291
[ep 012] val_sel AUC=0.5288 acc=0.3421
[ep 013] val_sel AUC=0.5281 acc=0.3479
[ep 014] val_sel AUC=0.5255 acc=0.3237
[ep 015] val_sel AUC=0.5328 acc=0.3439
[ep 016] val_sel AUC=0.5284 acc=0.3652
[ep 017] val_sel AUC=0.5361 acc=0.3363
[ep 018] val_sel AUC=0.5391 acc=0.3589
[ep 019] val_sel AUC=0.5347 acc=0.3569
[ep 020] val_sel AUC=0.5430 acc=0.3596
[ep 021] val_sel AUC=0.5462 acc=0.3562
[ep 022] val_sel AUC=0.5498 acc=0.3607
[ep 023] val_sel AUC=0.5625 acc=0.3731
[ep 024] val_sel AUC=0.5699 acc=0.3897
[ep 025] val_sel AUC=0.5790 acc=0.4007
[ep 026] val_sel AUC=0.6003 acc=0.4126
[ep 027] val_sel AUC=0.5998 acc=0.4121
[ep 028] val_sel AUC=0.6047 acc=0.4175
[ep 029] val_sel AUC=0.6137 acc=0.4215
[ep 030] val_sel AUC=0.6173 acc=0.4346
[ep 031] val_sel AUC=0.6200 acc=0.4346
[ep 032] val_sel AUC=0.6210 acc=0.4346
[ep 033] val_sel AUC=0.5622 acc=0.3861
[ep 034] val_sel AUC=0.5695 acc=0.3782
[ep 035] val_sel AUC=0.5722 acc=0.3636
[ep 036] val_sel AUC=0.5890 acc=0.4157
[ep 037] val_sel AUC=0.6189 acc=0.4357
[ep 038] val_sel AUC=0.6139 acc=0.3605
[ep 039] val_sel AUC=0.6547 acc=0.4747
[ep 040] val_sel AUC=0.6869 acc=0.4949
[ep 041] val_sel AUC=0.7031 acc=0.4761
[ep 042] val_sel AUC=0.7485 acc=0.5544
[ep 043] val_sel AUC=0.7742 acc=0.5753
[ep 044] val_sel AUC=0.5980 acc=0.4061
[ep 045] val_sel AUC=0.7519 acc=0.5692
[ep 046] val_sel AUC=0.7408 acc=0.4983
[ep 047] val_sel AUC=0.7923 acc=0.6101
[ep 048] val_sel AUC=0.7938 acc=0.5556
[ep 049] val_sel AUC=0.7953 acc=0.6150
[ep 050] val_sel AUC=0.8318 acc=0.6422
[ep 051] val_sel AUC=0.8039 acc=0.6105
[ep 052] val_sel AUC=0.8393 acc=0.6575
[ep 053] val_sel AUC=0.8497 acc=0.6743
[ep 054] val_sel AUC=0.8473 acc=0.6602
[ep 055] val_sel AUC=0.8489 acc=0.6637
[ep 056] val_sel AUC=0.8532 acc=0.6745
[ep 057] val_sel AUC=0.8661 acc=0.7125
[ep 058] val_sel AUC=0.8222 acc=0.6409
[ep 059] val_sel AUC=0.8452 acc=0.6554
[ep 060] val_sel AUC=0.8476 acc=0.6853
[ep 061] val_sel AUC=0.8543 acc=0.6765
[ep 062] val_sel AUC=0.8875 acc=0.7342
[ep 063] val_sel AUC=0.8769 acc=0.7008
[ep 064] val_sel AUC=0.8781 acc=0.7315
[ep 065] val_sel AUC=0.8718 acc=0.7169
[ep 066] val_sel AUC=0.8875 acc=0.7437
[ep 067] val_sel AUC=0.8615 acc=0.6781
[ep 068] val_sel AUC=0.8967 acc=0.7690
[ep 069] val_sel AUC=0.9012 acc=0.7675
[ep 070] val_sel AUC=0.8745 acc=0.7057
[ep 071] val_sel AUC=0.8865 acc=0.7268
[ep 072] val_sel AUC=0.8996 acc=0.7612
[ep 073] val_sel AUC=0.9111 acc=0.7877
[ep 074] val_sel AUC=0.9091 acc=0.7753
[ep 075] val_sel AUC=0.9131 acc=0.7888
[ep 076] val_sel AUC=0.9049 acc=0.7773
[ep 077] val_sel AUC=0.9068 acc=0.7838
[ep 078] val_sel AUC=0.9145 acc=0.7843
[ep 079] val_sel AUC=0.9100 acc=0.7859
[ep 080] val_sel AUC=0.9116 acc=0.7854
[ep 081] val_sel AUC=0.9131 acc=0.7946
[ep 082] val_sel AUC=0.9130 acc=0.7937
[ep 083] val_sel AUC=0.9128 acc=0.7964
[ep 084] val_sel AUC=0.9117 acc=0.7901
[ep 085] val_sel AUC=0.9112 acc=0.7951
[ep 086] val_sel AUC=0.9113 acc=0.7982
[ep 087] val_sel AUC=0.9114 acc=0.7933
[ep 088] val_sel AUC=0.9123 acc=0.7987
[ep 089] val_sel AUC=0.9081 acc=0.7843
[ep 090] val_sel AUC=0.9115 acc=0.8011
[ep 091] val_sel AUC=0.9111 acc=0.7993
[ep 092] val_sel AUC=0.9113 acc=0.8002
[ep 093] val_sel AUC=0.9106 acc=0.8002
[ep 094] val_sel AUC=0.9106 acc=0.8011
[ep 095] val_sel AUC=0.9103 acc=0.7993
[ep 096] val_sel AUC=0.9104 acc=0.8000
============================================================
TEST (best val_sel epoch, held-out, evaluated once)
============================================================
[DONE-QPE2] embed=cayley model_II N=250 seed=47 test_AUC=0.9139 val_sel_AUC=0.9145 per_class=(axion=0.9445 cdm=0.8378 no_sub=0.9594) params=205476 embed_params=2017 R_frob_drift=4.622774600982666
