[INFO] QPE2 D=64 P=8 depth=4 | embed=cayley | data=model_III N/class=250 seed=59 split_seed=0 | params=205476 embed_params=2017 lr=0.001 epochs=96 bs=32 | train(750, 64, 64) val_sel(4469, 64, 64) test(4470, 64, 64) device=cuda
[ep 001] val_sel AUC=0.4808 acc=0.3283
[ep 002] val_sel AUC=0.4977 acc=0.3285
[ep 003] val_sel AUC=0.5125 acc=0.3285
[ep 004] val_sel AUC=0.5249 acc=0.3283
[ep 005] val_sel AUC=0.5384 acc=0.3283
[ep 006] val_sel AUC=0.5468 acc=0.3285
[ep 007] val_sel AUC=0.5575 acc=0.3283
[ep 008] val_sel AUC=0.5552 acc=0.3433
[ep 009] val_sel AUC=0.5604 acc=0.3285
[ep 010] val_sel AUC=0.5679 acc=0.3283
[ep 011] val_sel AUC=0.5648 acc=0.3285
[ep 012] val_sel AUC=0.5626 acc=0.3433
[ep 013] val_sel AUC=0.5677 acc=0.3285
[ep 014] val_sel AUC=0.5581 acc=0.3444
[ep 015] val_sel AUC=0.5552 acc=0.3285
[ep 016] val_sel AUC=0.5662 acc=0.3527
[ep 017] val_sel AUC=0.6041 acc=0.4236
[ep 018] val_sel AUC=0.6876 acc=0.4934
[ep 019] val_sel AUC=0.7946 acc=0.5744
[ep 020] val_sel AUC=0.7928 acc=0.6037
[ep 021] val_sel AUC=0.8322 acc=0.6567
[ep 022] val_sel AUC=0.8423 acc=0.6697
[ep 023] val_sel AUC=0.8547 acc=0.7011
[ep 024] val_sel AUC=0.8591 acc=0.6959
[ep 025] val_sel AUC=0.8711 acc=0.7239
[ep 026] val_sel AUC=0.8804 acc=0.7239
[ep 027] val_sel AUC=0.8853 acc=0.7407
[ep 028] val_sel AUC=0.8820 acc=0.7501
[ep 029] val_sel AUC=0.8919 acc=0.7619
[ep 030] val_sel AUC=0.8921 acc=0.7628
[ep 031] val_sel AUC=0.8918 acc=0.7666
[ep 032] val_sel AUC=0.8921 acc=0.7675
[ep 033] val_sel AUC=0.8677 acc=0.7214
[ep 034] val_sel AUC=0.8013 acc=0.5733
[ep 035] val_sel AUC=0.8712 acc=0.7078
[ep 036] val_sel AUC=0.8461 acc=0.6644
[ep 037] val_sel AUC=0.8313 acc=0.6579
[ep 038] val_sel AUC=0.8843 acc=0.7194
[ep 039] val_sel AUC=0.8491 acc=0.6500
[ep 040] val_sel AUC=0.8752 acc=0.7028
[ep 041] val_sel AUC=0.8902 acc=0.7178
[ep 042] val_sel AUC=0.8792 acc=0.7098
[ep 043] val_sel AUC=0.9026 acc=0.7373
[ep 044] val_sel AUC=0.8661 acc=0.7122
[ep 045] val_sel AUC=0.8940 acc=0.7002
[ep 046] val_sel AUC=0.8896 acc=0.7476
[ep 047] val_sel AUC=0.8824 acc=0.7395
[ep 048] val_sel AUC=0.8974 acc=0.7456
[ep 049] val_sel AUC=0.8820 acc=0.7315
[ep 050] val_sel AUC=0.8652 acc=0.6870
[ep 051] val_sel AUC=0.9051 acc=0.7541
[ep 052] val_sel AUC=0.9005 acc=0.7612
[ep 053] val_sel AUC=0.9032 acc=0.7480
[ep 054] val_sel AUC=0.8946 acc=0.7530
[ep 055] val_sel AUC=0.9108 acc=0.7554
[ep 056] val_sel AUC=0.9096 acc=0.7923
[ep 057] val_sel AUC=0.9137 acc=0.7890
[ep 058] val_sel AUC=0.8968 acc=0.7530
[ep 059] val_sel AUC=0.9197 acc=0.8049
[ep 060] val_sel AUC=0.9208 acc=0.7982
[ep 061] val_sel AUC=0.9094 acc=0.7912
[ep 062] val_sel AUC=0.9078 acc=0.7639
[ep 063] val_sel AUC=0.9132 acc=0.7854
[ep 064] val_sel AUC=0.9253 acc=0.8136
[ep 065] val_sel AUC=0.9271 acc=0.8210
[ep 066] val_sel AUC=0.9236 acc=0.8118
[ep 067] val_sel AUC=0.9067 acc=0.7689
[ep 068] val_sel AUC=0.9193 acc=0.8047
[ep 069] val_sel AUC=0.9202 acc=0.7850
[ep 070] val_sel AUC=0.8946 acc=0.7116
[ep 071] val_sel AUC=0.9010 acc=0.7720
[ep 072] val_sel AUC=0.9270 acc=0.8145
[ep 073] val_sel AUC=0.9275 acc=0.8185
[ep 074] val_sel AUC=0.9268 acc=0.8188
[ep 075] val_sel AUC=0.9263 acc=0.8062
[ep 076] val_sel AUC=0.9278 acc=0.8230
[ep 077] val_sel AUC=0.9310 acc=0.8279
[ep 078] val_sel AUC=0.9243 acc=0.8199
[ep 079] val_sel AUC=0.9267 acc=0.8243
[ep 080] val_sel AUC=0.9230 acc=0.8136
[ep 081] val_sel AUC=0.9297 acc=0.8342
[ep 082] val_sel AUC=0.9351 acc=0.8400
[ep 083] val_sel AUC=0.9308 acc=0.8393
[ep 084] val_sel AUC=0.9325 acc=0.8342
[ep 085] val_sel AUC=0.9323 acc=0.8337
[ep 086] val_sel AUC=0.9306 acc=0.8362
[ep 087] val_sel AUC=0.9320 acc=0.8324
[ep 088] val_sel AUC=0.9335 acc=0.8396
[ep 089] val_sel AUC=0.9335 acc=0.8393
[ep 090] val_sel AUC=0.9336 acc=0.8438
[ep 091] val_sel AUC=0.9335 acc=0.8440
[ep 092] val_sel AUC=0.9333 acc=0.8461
[ep 093] val_sel AUC=0.9329 acc=0.8425
[ep 094] val_sel AUC=0.9331 acc=0.8445
[ep 095] val_sel AUC=0.9332 acc=0.8438
[ep 096] val_sel AUC=0.9331 acc=0.8440
============================================================
TEST (best val_sel epoch, held-out, evaluated once)
============================================================
[DONE-QPE2] embed=cayley model_III N=250 seed=59 test_AUC=0.9301 val_sel_AUC=0.9351 per_class=(axion=0.9498 cdm=0.8712 no_sub=0.9692) params=205476 embed_params=2017 R_frob_drift=3.676063060760498
