[INFO] QPE2 D=64 P=8 depth=4 | embed=cayley | data=model_III N/class=100 seed=44 split_seed=0 | params=205476 embed_params=2017 lr=0.001 epochs=96 bs=32 | train(300, 64, 64) val_sel(4469, 64, 64) test(4470, 64, 64) device=cuda
[ep 001] val_sel AUC=0.5256 acc=0.3285
[ep 002] val_sel AUC=0.5063 acc=0.3283
[ep 003] val_sel AUC=0.5114 acc=0.3283
[ep 004] val_sel AUC=0.5145 acc=0.3285
[ep 005] val_sel AUC=0.5174 acc=0.3283
[ep 006] val_sel AUC=0.5203 acc=0.3433
[ep 007] val_sel AUC=0.5219 acc=0.3365
[ep 008] val_sel AUC=0.5253 acc=0.3305
[ep 009] val_sel AUC=0.5255 acc=0.3433
[ep 010] val_sel AUC=0.5269 acc=0.3433
[ep 011] val_sel AUC=0.5255 acc=0.3296
[ep 012] val_sel AUC=0.5232 acc=0.3283
[ep 013] val_sel AUC=0.5231 acc=0.3433
[ep 014] val_sel AUC=0.5274 acc=0.3283
[ep 015] val_sel AUC=0.5276 acc=0.3334
[ep 016] val_sel AUC=0.5314 acc=0.3433
[ep 017] val_sel AUC=0.5355 acc=0.3352
[ep 018] val_sel AUC=0.5413 acc=0.3587
[ep 019] val_sel AUC=0.5419 acc=0.3623
[ep 020] val_sel AUC=0.5433 acc=0.3627
[ep 021] val_sel AUC=0.5457 acc=0.3497
[ep 022] val_sel AUC=0.5514 acc=0.3690
[ep 023] val_sel AUC=0.5539 acc=0.3676
[ep 024] val_sel AUC=0.5544 acc=0.3748
[ep 025] val_sel AUC=0.5662 acc=0.3732
[ep 026] val_sel AUC=0.5704 acc=0.3737
[ep 027] val_sel AUC=0.5737 acc=0.3744
[ep 028] val_sel AUC=0.5774 acc=0.3806
[ep 029] val_sel AUC=0.5788 acc=0.3773
[ep 030] val_sel AUC=0.5794 acc=0.3773
[ep 031] val_sel AUC=0.5795 acc=0.3779
[ep 032] val_sel AUC=0.5796 acc=0.3770
[ep 033] val_sel AUC=0.5812 acc=0.3889
[ep 034] val_sel AUC=0.6068 acc=0.4003
[ep 035] val_sel AUC=0.6106 acc=0.3542
[ep 036] val_sel AUC=0.5924 acc=0.4088
[ep 037] val_sel AUC=0.6368 acc=0.4269
[ep 038] val_sel AUC=0.6537 acc=0.4478
[ep 039] val_sel AUC=0.6298 acc=0.3873
[ep 040] val_sel AUC=0.6652 acc=0.4205
[ep 041] val_sel AUC=0.6686 acc=0.4681
[ep 042] val_sel AUC=0.7001 acc=0.5039
[ep 043] val_sel AUC=0.7356 acc=0.5039
[ep 044] val_sel AUC=0.7831 acc=0.5901
[ep 045] val_sel AUC=0.7543 acc=0.5435
[ep 046] val_sel AUC=0.8036 acc=0.6520
[ep 047] val_sel AUC=0.7655 acc=0.5227
[ep 048] val_sel AUC=0.8219 acc=0.6505
[ep 049] val_sel AUC=0.8234 acc=0.6576
[ep 050] val_sel AUC=0.8438 acc=0.6579
[ep 051] val_sel AUC=0.8320 acc=0.6635
[ep 052] val_sel AUC=0.8193 acc=0.6538
[ep 053] val_sel AUC=0.8657 acc=0.7080
[ep 054] val_sel AUC=0.8441 acc=0.6720
[ep 055] val_sel AUC=0.8669 acc=0.7151
[ep 056] val_sel AUC=0.8644 acc=0.6919
[ep 057] val_sel AUC=0.8354 acc=0.6814
[ep 058] val_sel AUC=0.8362 acc=0.6811
[ep 059] val_sel AUC=0.8389 acc=0.6563
[ep 060] val_sel AUC=0.8707 acc=0.7234
[ep 061] val_sel AUC=0.8459 acc=0.6966
[ep 062] val_sel AUC=0.8740 acc=0.7306
[ep 063] val_sel AUC=0.8258 acc=0.6388
[ep 064] val_sel AUC=0.8301 acc=0.6543
[ep 065] val_sel AUC=0.8612 acc=0.7073
[ep 066] val_sel AUC=0.8522 acc=0.6917
[ep 067] val_sel AUC=0.8482 acc=0.6684
[ep 068] val_sel AUC=0.8684 acc=0.6937
[ep 069] val_sel AUC=0.8683 acc=0.7290
[ep 070] val_sel AUC=0.8743 acc=0.7402
[ep 071] val_sel AUC=0.8690 acc=0.7254
[ep 072] val_sel AUC=0.8761 acc=0.7353
[ep 073] val_sel AUC=0.8666 acc=0.7169
[ep 074] val_sel AUC=0.8764 acc=0.7407
[ep 075] val_sel AUC=0.8738 acc=0.7333
[ep 076] val_sel AUC=0.8753 acc=0.7259
[ep 077] val_sel AUC=0.8744 acc=0.7270
[ep 078] val_sel AUC=0.8666 acc=0.7290
[ep 079] val_sel AUC=0.8598 acc=0.7176
[ep 080] val_sel AUC=0.8698 acc=0.7304
[ep 081] val_sel AUC=0.8674 acc=0.7346
[ep 082] val_sel AUC=0.8707 acc=0.7277
[ep 083] val_sel AUC=0.8678 acc=0.7326
[ep 084] val_sel AUC=0.8703 acc=0.7344
[ep 085] val_sel AUC=0.8656 acc=0.7398
[ep 086] val_sel AUC=0.8672 acc=0.7315
[ep 087] val_sel AUC=0.8638 acc=0.7319
[ep 088] val_sel AUC=0.8643 acc=0.7400
[ep 089] val_sel AUC=0.8644 acc=0.7375
[ep 090] val_sel AUC=0.8626 acc=0.7346
[ep 091] val_sel AUC=0.8635 acc=0.7360
[ep 092] val_sel AUC=0.8625 acc=0.7353
[ep 093] val_sel AUC=0.8628 acc=0.7360
[ep 094] val_sel AUC=0.8630 acc=0.7353
[ep 095] val_sel AUC=0.8630 acc=0.7353
[ep 096] val_sel AUC=0.8629 acc=0.7351
============================================================
TEST (best val_sel epoch, held-out, evaluated once)
============================================================
[DONE-QPE2] embed=cayley model_III N=100 seed=44 test_AUC=0.8718 val_sel_AUC=0.8764 per_class=(axion=0.9246 cdm=0.7661 no_sub=0.9248) params=205476 embed_params=2017 R_frob_drift=3.7994072437286377
