[INFO] QPE2 D=64 P=8 depth=4 | embed=cayley | data=model_II N/class=250 seed=56 split_seed=0 | params=205476 embed_params=2017 lr=0.001 epochs=96 bs=32 | train(750, 64, 64) val_sel(4455, 64, 64) test(4455, 64, 64) device=cuda
[ep 001] val_sel AUC=0.5501 acc=0.3473
[ep 002] val_sel AUC=0.5506 acc=0.3473
[ep 003] val_sel AUC=0.5501 acc=0.3250
[ep 004] val_sel AUC=0.5541 acc=0.3473
[ep 005] val_sel AUC=0.5508 acc=0.3237
[ep 006] val_sel AUC=0.5459 acc=0.3473
[ep 007] val_sel AUC=0.5392 acc=0.3473
[ep 008] val_sel AUC=0.5320 acc=0.3544
[ep 009] val_sel AUC=0.5267 acc=0.3473
[ep 010] val_sel AUC=0.5242 acc=0.3529
[ep 011] val_sel AUC=0.5264 acc=0.3237
[ep 012] val_sel AUC=0.5238 acc=0.3473
[ep 013] val_sel AUC=0.5331 acc=0.3237
[ep 014] val_sel AUC=0.5471 acc=0.3639
[ep 015] val_sel AUC=0.5298 acc=0.3437
[ep 016] val_sel AUC=0.5435 acc=0.3591
[ep 017] val_sel AUC=0.5685 acc=0.3457
[ep 018] val_sel AUC=0.6476 acc=0.3863
[ep 019] val_sel AUC=0.7062 acc=0.4914
[ep 020] val_sel AUC=0.7249 acc=0.5369
[ep 021] val_sel AUC=0.7098 acc=0.5143
[ep 022] val_sel AUC=0.7883 acc=0.5800
[ep 023] val_sel AUC=0.8009 acc=0.6013
[ep 024] val_sel AUC=0.8256 acc=0.6308
[ep 025] val_sel AUC=0.8392 acc=0.6631
[ep 026] val_sel AUC=0.8503 acc=0.6817
[ep 027] val_sel AUC=0.8451 acc=0.6777
[ep 028] val_sel AUC=0.8614 acc=0.6947
[ep 029] val_sel AUC=0.8754 acc=0.7235
[ep 030] val_sel AUC=0.8767 acc=0.7244
[ep 031] val_sel AUC=0.8770 acc=0.7259
[ep 032] val_sel AUC=0.8788 acc=0.7304
[ep 033] val_sel AUC=0.8126 acc=0.6453
[ep 034] val_sel AUC=0.8032 acc=0.4768
[ep 035] val_sel AUC=0.8552 acc=0.7001
[ep 036] val_sel AUC=0.8670 acc=0.6866
[ep 037] val_sel AUC=0.7678 acc=0.5796
[ep 038] val_sel AUC=0.8472 acc=0.6496
[ep 039] val_sel AUC=0.8556 acc=0.6972
[ep 040] val_sel AUC=0.8218 acc=0.6144
[ep 041] val_sel AUC=0.8300 acc=0.6527
[ep 042] val_sel AUC=0.8669 acc=0.7113
[ep 043] val_sel AUC=0.8668 acc=0.6952
[ep 044] val_sel AUC=0.8563 acc=0.6801
[ep 045] val_sel AUC=0.8890 acc=0.7533
[ep 046] val_sel AUC=0.8603 acc=0.6893
[ep 047] val_sel AUC=0.8802 acc=0.7459
[ep 048] val_sel AUC=0.8583 acc=0.6817
[ep 049] val_sel AUC=0.8793 acc=0.7351
[ep 050] val_sel AUC=0.9019 acc=0.7787
[ep 051] val_sel AUC=0.8391 acc=0.6103
[ep 052] val_sel AUC=0.8612 acc=0.6620
[ep 053] val_sel AUC=0.9010 acc=0.7809
[ep 054] val_sel AUC=0.8912 acc=0.7558
[ep 055] val_sel AUC=0.9065 acc=0.7735
[ep 056] val_sel AUC=0.8944 acc=0.7726
[ep 057] val_sel AUC=0.8887 acc=0.7232
[ep 058] val_sel AUC=0.8962 acc=0.7506
[ep 059] val_sel AUC=0.8984 acc=0.7787
[ep 060] val_sel AUC=0.9036 acc=0.7506
[ep 061] val_sel AUC=0.9123 acc=0.8016
[ep 062] val_sel AUC=0.9074 acc=0.7762
[ep 063] val_sel AUC=0.9004 acc=0.7789
[ep 064] val_sel AUC=0.9072 acc=0.7935
[ep 065] val_sel AUC=0.9209 acc=0.8247
[ep 066] val_sel AUC=0.9109 acc=0.7847
[ep 067] val_sel AUC=0.9096 acc=0.7800
[ep 068] val_sel AUC=0.8918 acc=0.7672
[ep 069] val_sel AUC=0.9004 acc=0.7811
[ep 070] val_sel AUC=0.9199 acc=0.8180
[ep 071] val_sel AUC=0.9223 acc=0.8117
[ep 072] val_sel AUC=0.9100 acc=0.7975
[ep 073] val_sel AUC=0.9191 acc=0.8267
[ep 074] val_sel AUC=0.9203 acc=0.8200
[ep 075] val_sel AUC=0.9247 acc=0.8085
[ep 076] val_sel AUC=0.9154 acc=0.7789
[ep 077] val_sel AUC=0.9202 acc=0.7926
[ep 078] val_sel AUC=0.9201 acc=0.8202
[ep 079] val_sel AUC=0.9292 acc=0.8274
[ep 080] val_sel AUC=0.9241 acc=0.8245
[ep 081] val_sel AUC=0.9226 acc=0.8334
[ep 082] val_sel AUC=0.9264 acc=0.8249
[ep 083] val_sel AUC=0.9226 acc=0.8231
[ep 084] val_sel AUC=0.9264 acc=0.8370
[ep 085] val_sel AUC=0.9281 acc=0.8357
[ep 086] val_sel AUC=0.9241 acc=0.8242
[ep 087] val_sel AUC=0.9258 acc=0.8375
[ep 088] val_sel AUC=0.9274 acc=0.8364
[ep 089] val_sel AUC=0.9263 acc=0.8339
[ep 090] val_sel AUC=0.9268 acc=0.8328
[ep 091] val_sel AUC=0.9268 acc=0.8350
[ep 092] val_sel AUC=0.9260 acc=0.8330
[ep 093] val_sel AUC=0.9262 acc=0.8346
[ep 094] val_sel AUC=0.9262 acc=0.8343
[ep 095] val_sel AUC=0.9264 acc=0.8346
[ep 096] val_sel AUC=0.9263 acc=0.8348
============================================================
TEST (best val_sel epoch, held-out, evaluated once)
============================================================
[DONE-QPE2] embed=cayley model_II N=250 seed=56 test_AUC=0.9318 val_sel_AUC=0.9292 per_class=(axion=0.9385 cdm=0.8757 no_sub=0.9813) params=205476 embed_params=2017 R_frob_drift=3.779282569885254
