[INFO] QPE2 D=64 P=8 depth=4 | embed=cayley | data=model_II N/class=100 seed=42 split_seed=0 | params=205476 embed_params=2017 lr=0.001 epochs=96 bs=32 | train(300, 64, 64) val_sel(4455, 64, 64) test(4455, 64, 64) device=cuda
[ep 001] val_sel AUC=0.5497 acc=0.3291
[ep 002] val_sel AUC=0.5464 acc=0.3473
[ep 003] val_sel AUC=0.5433 acc=0.3237
[ep 004] val_sel AUC=0.5394 acc=0.3473
[ep 005] val_sel AUC=0.5386 acc=0.3291
[ep 006] val_sel AUC=0.5367 acc=0.3237
[ep 007] val_sel AUC=0.5318 acc=0.3360
[ep 008] val_sel AUC=0.5279 acc=0.3473
[ep 009] val_sel AUC=0.5279 acc=0.3291
[ep 010] val_sel AUC=0.5251 acc=0.3266
[ep 011] val_sel AUC=0.5192 acc=0.3291
[ep 012] val_sel AUC=0.5104 acc=0.3452
[ep 013] val_sel AUC=0.5068 acc=0.3524
[ep 014] val_sel AUC=0.5163 acc=0.3356
[ep 015] val_sel AUC=0.5164 acc=0.3419
[ep 016] val_sel AUC=0.5206 acc=0.3407
[ep 017] val_sel AUC=0.5288 acc=0.3419
[ep 018] val_sel AUC=0.5391 acc=0.3659
[ep 019] val_sel AUC=0.5480 acc=0.3562
[ep 020] val_sel AUC=0.5532 acc=0.3675
[ep 021] val_sel AUC=0.5670 acc=0.3742
[ep 022] val_sel AUC=0.5866 acc=0.3901
[ep 023] val_sel AUC=0.5896 acc=0.3796
[ep 024] val_sel AUC=0.6013 acc=0.4065
[ep 025] val_sel AUC=0.6066 acc=0.4166
[ep 026] val_sel AUC=0.6263 acc=0.4451
[ep 027] val_sel AUC=0.6295 acc=0.4260
[ep 028] val_sel AUC=0.6358 acc=0.4541
[ep 029] val_sel AUC=0.6379 acc=0.4480
[ep 030] val_sel AUC=0.6395 acc=0.4507
[ep 031] val_sel AUC=0.6407 acc=0.4530
[ep 032] val_sel AUC=0.6409 acc=0.4536
[ep 033] val_sel AUC=0.6070 acc=0.4029
[ep 034] val_sel AUC=0.6016 acc=0.4267
[ep 035] val_sel AUC=0.6002 acc=0.3955
[ep 036] val_sel AUC=0.6245 acc=0.4166
[ep 037] val_sel AUC=0.6587 acc=0.4597
[ep 038] val_sel AUC=0.6657 acc=0.4323
[ep 039] val_sel AUC=0.6800 acc=0.4723
[ep 040] val_sel AUC=0.6855 acc=0.4806
[ep 041] val_sel AUC=0.6652 acc=0.4615
[ep 042] val_sel AUC=0.6636 acc=0.4637
[ep 043] val_sel AUC=0.6850 acc=0.4747
[ep 044] val_sel AUC=0.6940 acc=0.4990
[ep 045] val_sel AUC=0.7173 acc=0.5235
[ep 046] val_sel AUC=0.7211 acc=0.5324
[ep 047] val_sel AUC=0.7241 acc=0.5154
[ep 048] val_sel AUC=0.7096 acc=0.5077
[ep 049] val_sel AUC=0.7172 acc=0.5082
[ep 050] val_sel AUC=0.7170 acc=0.5217
[ep 051] val_sel AUC=0.7204 acc=0.5127
[ep 052] val_sel AUC=0.7471 acc=0.5535
[ep 053] val_sel AUC=0.7595 acc=0.5513
[ep 054] val_sel AUC=0.7512 acc=0.5371
[ep 055] val_sel AUC=0.7376 acc=0.5643
[ep 056] val_sel AUC=0.7419 acc=0.5542
[ep 057] val_sel AUC=0.7603 acc=0.5897
[ep 058] val_sel AUC=0.7553 acc=0.5551
[ep 059] val_sel AUC=0.7447 acc=0.5167
[ep 060] val_sel AUC=0.7489 acc=0.5302
[ep 061] val_sel AUC=0.7568 acc=0.5230
[ep 062] val_sel AUC=0.7691 acc=0.5594
[ep 063] val_sel AUC=0.7739 acc=0.5814
[ep 064] val_sel AUC=0.7747 acc=0.5888
[ep 065] val_sel AUC=0.7685 acc=0.5529
[ep 066] val_sel AUC=0.7645 acc=0.5419
[ep 067] val_sel AUC=0.7771 acc=0.5996
[ep 068] val_sel AUC=0.7802 acc=0.5969
[ep 069] val_sel AUC=0.7828 acc=0.5982
[ep 070] val_sel AUC=0.7672 acc=0.6081
[ep 071] val_sel AUC=0.7844 acc=0.5865
[ep 072] val_sel AUC=0.7789 acc=0.6171
[ep 073] val_sel AUC=0.7890 acc=0.6049
[ep 074] val_sel AUC=0.7885 acc=0.6251
[ep 075] val_sel AUC=0.7837 acc=0.6045
[ep 076] val_sel AUC=0.7811 acc=0.6016
[ep 077] val_sel AUC=0.7830 acc=0.6162
[ep 078] val_sel AUC=0.7819 acc=0.6200
[ep 079] val_sel AUC=0.7937 acc=0.6215
[ep 080] val_sel AUC=0.7900 acc=0.6249
[ep 081] val_sel AUC=0.7873 acc=0.6242
[ep 082] val_sel AUC=0.7903 acc=0.6186
[ep 083] val_sel AUC=0.7926 acc=0.6308
[ep 084] val_sel AUC=0.7923 acc=0.6240
[ep 085] val_sel AUC=0.7906 acc=0.6314
[ep 086] val_sel AUC=0.7909 acc=0.6256
[ep 087] val_sel AUC=0.7903 acc=0.6281
[ep 088] val_sel AUC=0.7907 acc=0.6325
[ep 089] val_sel AUC=0.7908 acc=0.6258
[ep 090] val_sel AUC=0.7896 acc=0.6236
[ep 091] val_sel AUC=0.7900 acc=0.6245
[ep 092] val_sel AUC=0.7901 acc=0.6231
[ep 093] val_sel AUC=0.7904 acc=0.6272
[ep 094] val_sel AUC=0.7905 acc=0.6274
[ep 095] val_sel AUC=0.7905 acc=0.6272
[ep 096] val_sel AUC=0.7905 acc=0.6274
============================================================
TEST (best val_sel epoch, held-out, evaluated once)
============================================================
[DONE-QPE2] embed=cayley model_II N=100 seed=42 test_AUC=0.7980 val_sel_AUC=0.7937 per_class=(axion=0.8860 cdm=0.6734 no_sub=0.8345) params=205476 embed_params=2017 R_frob_drift=3.2538394927978516
