[INFO] QPE2 D=64 P=8 depth=4 | embed=cayley | data=model_II N/class=100 seed=60 split_seed=0 | params=205476 embed_params=2017 lr=0.001 epochs=96 bs=32 | train(300, 64, 64) val_sel(4455, 64, 64) test(4455, 64, 64) device=cuda
[ep 001] val_sel AUC=0.5189 acc=0.3473
[ep 002] val_sel AUC=0.5284 acc=0.3237
[ep 003] val_sel AUC=0.5289 acc=0.3291
[ep 004] val_sel AUC=0.5252 acc=0.3237
[ep 005] val_sel AUC=0.5207 acc=0.3473
[ep 006] val_sel AUC=0.5146 acc=0.3473
[ep 007] val_sel AUC=0.5119 acc=0.3291
[ep 008] val_sel AUC=0.5089 acc=0.3434
[ep 009] val_sel AUC=0.5039 acc=0.3473
[ep 010] val_sel AUC=0.5039 acc=0.3291
[ep 011] val_sel AUC=0.4969 acc=0.3473
[ep 012] val_sel AUC=0.5037 acc=0.3143
[ep 013] val_sel AUC=0.5015 acc=0.3125
[ep 014] val_sel AUC=0.4990 acc=0.3477
[ep 015] val_sel AUC=0.5010 acc=0.3273
[ep 016] val_sel AUC=0.4985 acc=0.3136
[ep 017] val_sel AUC=0.5009 acc=0.3113
[ep 018] val_sel AUC=0.5018 acc=0.3181
[ep 019] val_sel AUC=0.5057 acc=0.3367
[ep 020] val_sel AUC=0.5059 acc=0.3315
[ep 021] val_sel AUC=0.5065 acc=0.3367
[ep 022] val_sel AUC=0.5046 acc=0.3506
[ep 023] val_sel AUC=0.5127 acc=0.3663
[ep 024] val_sel AUC=0.5194 acc=0.3437
[ep 025] val_sel AUC=0.5342 acc=0.3697
[ep 026] val_sel AUC=0.5285 acc=0.3657
[ep 027] val_sel AUC=0.5318 acc=0.3587
[ep 028] val_sel AUC=0.5453 acc=0.3688
[ep 029] val_sel AUC=0.5461 acc=0.3715
[ep 030] val_sel AUC=0.5499 acc=0.3735
[ep 031] val_sel AUC=0.5508 acc=0.3740
[ep 032] val_sel AUC=0.5513 acc=0.3735
[ep 033] val_sel AUC=0.5436 acc=0.3520
[ep 034] val_sel AUC=0.5470 acc=0.3672
[ep 035] val_sel AUC=0.5516 acc=0.3699
[ep 036] val_sel AUC=0.5694 acc=0.3843
[ep 037] val_sel AUC=0.6013 acc=0.3984
[ep 038] val_sel AUC=0.5592 acc=0.3704
[ep 039] val_sel AUC=0.5753 acc=0.4168
[ep 040] val_sel AUC=0.5837 acc=0.3787
[ep 041] val_sel AUC=0.5973 acc=0.4150
[ep 042] val_sel AUC=0.5498 acc=0.3728
[ep 043] val_sel AUC=0.5660 acc=0.3807
[ep 044] val_sel AUC=0.5759 acc=0.4092
[ep 045] val_sel AUC=0.5812 acc=0.3773
[ep 046] val_sel AUC=0.5945 acc=0.4233
[ep 047] val_sel AUC=0.6050 acc=0.4227
[ep 048] val_sel AUC=0.6192 acc=0.4265
[ep 049] val_sel AUC=0.6240 acc=0.4153
[ep 050] val_sel AUC=0.6304 acc=0.4316
[ep 051] val_sel AUC=0.6510 acc=0.4743
[ep 052] val_sel AUC=0.6526 acc=0.4525
[ep 053] val_sel AUC=0.6595 acc=0.4456
[ep 054] val_sel AUC=0.6776 acc=0.4723
[ep 055] val_sel AUC=0.6853 acc=0.4651
[ep 056] val_sel AUC=0.6487 acc=0.4588
[ep 057] val_sel AUC=0.6927 acc=0.4916
[ep 058] val_sel AUC=0.7003 acc=0.4990
[ep 059] val_sel AUC=0.6866 acc=0.4790
[ep 060] val_sel AUC=0.7114 acc=0.4961
[ep 061] val_sel AUC=0.7343 acc=0.5302
[ep 062] val_sel AUC=0.7260 acc=0.5111
[ep 063] val_sel AUC=0.7447 acc=0.5490
[ep 064] val_sel AUC=0.7187 acc=0.5288
[ep 065] val_sel AUC=0.7315 acc=0.5371
[ep 066] val_sel AUC=0.7417 acc=0.5475
[ep 067] val_sel AUC=0.7387 acc=0.5295
[ep 068] val_sel AUC=0.7396 acc=0.5282
[ep 069] val_sel AUC=0.7327 acc=0.5111
[ep 070] val_sel AUC=0.7388 acc=0.5342
[ep 071] val_sel AUC=0.7533 acc=0.5441
[ep 072] val_sel AUC=0.7623 acc=0.5661
[ep 073] val_sel AUC=0.7624 acc=0.5681
[ep 074] val_sel AUC=0.7646 acc=0.5623
[ep 075] val_sel AUC=0.7811 acc=0.6016
[ep 076] val_sel AUC=0.7774 acc=0.5962
[ep 077] val_sel AUC=0.7736 acc=0.5560
[ep 078] val_sel AUC=0.7670 acc=0.5475
[ep 079] val_sel AUC=0.7670 acc=0.5679
[ep 080] val_sel AUC=0.7909 acc=0.6198
[ep 081] val_sel AUC=0.7835 acc=0.5933
[ep 082] val_sel AUC=0.7785 acc=0.6029
[ep 083] val_sel AUC=0.7826 acc=0.6013
[ep 084] val_sel AUC=0.7871 acc=0.6146
[ep 085] val_sel AUC=0.7887 acc=0.6316
[ep 086] val_sel AUC=0.7869 acc=0.6155
[ep 087] val_sel AUC=0.7900 acc=0.6193
[ep 088] val_sel AUC=0.7902 acc=0.6278
[ep 089] val_sel AUC=0.7929 acc=0.6321
[ep 090] val_sel AUC=0.7942 acc=0.6294
[ep 091] val_sel AUC=0.7910 acc=0.6189
[ep 092] val_sel AUC=0.7931 acc=0.6301
[ep 093] val_sel AUC=0.7919 acc=0.6287
[ep 094] val_sel AUC=0.7917 acc=0.6285
[ep 095] val_sel AUC=0.7921 acc=0.6296
[ep 096] val_sel AUC=0.7921 acc=0.6290
============================================================
TEST (best val_sel epoch, held-out, evaluated once)
============================================================
[DONE-QPE2] embed=cayley model_II N=100 seed=60 test_AUC=0.8101 val_sel_AUC=0.7942 per_class=(axion=0.8542 cdm=0.6686 no_sub=0.9075) params=205476 embed_params=2017 R_frob_drift=3.377375841140747
