[INFO] QPE2 D=64 P=8 depth=4 | embed=cayley | data=model_II N/class=250 seed=45 split_seed=0 | params=205476 embed_params=2017 lr=0.001 epochs=96 bs=32 | train(750, 64, 64) val_sel(4455, 64, 64) test(4455, 64, 64) device=cuda
[ep 001] val_sel AUC=0.5389 acc=0.3237
[ep 002] val_sel AUC=0.5603 acc=0.3291
[ep 003] val_sel AUC=0.5530 acc=0.3473
[ep 004] val_sel AUC=0.5605 acc=0.3291
[ep 005] val_sel AUC=0.5621 acc=0.3291
[ep 006] val_sel AUC=0.5615 acc=0.3473
[ep 007] val_sel AUC=0.5615 acc=0.3291
[ep 008] val_sel AUC=0.5576 acc=0.3237
[ep 009] val_sel AUC=0.5561 acc=0.3473
[ep 010] val_sel AUC=0.5557 acc=0.3378
[ep 011] val_sel AUC=0.5395 acc=0.3291
[ep 012] val_sel AUC=0.5518 acc=0.3479
[ep 013] val_sel AUC=0.5500 acc=0.3291
[ep 014] val_sel AUC=0.5450 acc=0.3291
[ep 015] val_sel AUC=0.5440 acc=0.3345
[ep 016] val_sel AUC=0.5496 acc=0.3513
[ep 017] val_sel AUC=0.5572 acc=0.3769
[ep 018] val_sel AUC=0.5773 acc=0.3767
[ep 019] val_sel AUC=0.6185 acc=0.4386
[ep 020] val_sel AUC=0.6304 acc=0.4631
[ep 021] val_sel AUC=0.6987 acc=0.4992
[ep 022] val_sel AUC=0.7407 acc=0.4927
[ep 023] val_sel AUC=0.8093 acc=0.6413
[ep 024] val_sel AUC=0.8021 acc=0.5984
[ep 025] val_sel AUC=0.8506 acc=0.6860
[ep 026] val_sel AUC=0.8593 acc=0.7024
[ep 027] val_sel AUC=0.8617 acc=0.6999
[ep 028] val_sel AUC=0.8801 acc=0.7401
[ep 029] val_sel AUC=0.8820 acc=0.7473
[ep 030] val_sel AUC=0.8851 acc=0.7522
[ep 031] val_sel AUC=0.8846 acc=0.7479
[ep 032] val_sel AUC=0.8841 acc=0.7506
[ep 033] val_sel AUC=0.7367 acc=0.5349
[ep 034] val_sel AUC=0.7683 acc=0.5120
[ep 035] val_sel AUC=0.7379 acc=0.3800
[ep 036] val_sel AUC=0.7798 acc=0.5533
[ep 037] val_sel AUC=0.8325 acc=0.6227
[ep 038] val_sel AUC=0.8169 acc=0.6352
[ep 039] val_sel AUC=0.8485 acc=0.6860
[ep 040] val_sel AUC=0.8621 acc=0.6983
[ep 041] val_sel AUC=0.8256 acc=0.6512
[ep 042] val_sel AUC=0.8640 acc=0.6851
[ep 043] val_sel AUC=0.8063 acc=0.5706
[ep 044] val_sel AUC=0.8846 acc=0.7318
[ep 045] val_sel AUC=0.8639 acc=0.6076
[ep 046] val_sel AUC=0.8697 acc=0.7270
[ep 047] val_sel AUC=0.8623 acc=0.7026
[ep 048] val_sel AUC=0.8370 acc=0.6476
[ep 049] val_sel AUC=0.9057 acc=0.7697
[ep 050] val_sel AUC=0.9071 acc=0.7731
[ep 051] val_sel AUC=0.8488 acc=0.6750
[ep 052] val_sel AUC=0.9040 acc=0.7789
[ep 053] val_sel AUC=0.8651 acc=0.6947
[ep 054] val_sel AUC=0.8866 acc=0.7432
[ep 055] val_sel AUC=0.9157 acc=0.7816
[ep 056] val_sel AUC=0.8934 acc=0.7605
[ep 057] val_sel AUC=0.9167 acc=0.7993
[ep 058] val_sel AUC=0.9191 acc=0.8029
[ep 059] val_sel AUC=0.8979 acc=0.7753
[ep 060] val_sel AUC=0.9290 acc=0.8242
[ep 061] val_sel AUC=0.8547 acc=0.6669
[ep 062] val_sel AUC=0.8974 acc=0.7596
[ep 063] val_sel AUC=0.9122 acc=0.7531
[ep 064] val_sel AUC=0.9091 acc=0.7591
[ep 065] val_sel AUC=0.9055 acc=0.7596
[ep 066] val_sel AUC=0.9092 acc=0.7594
[ep 067] val_sel AUC=0.9069 acc=0.7605
[ep 068] val_sel AUC=0.9289 acc=0.8105
[ep 069] val_sel AUC=0.9127 acc=0.7744
[ep 070] val_sel AUC=0.9184 acc=0.8029
[ep 071] val_sel AUC=0.9208 acc=0.8083
[ep 072] val_sel AUC=0.9295 acc=0.8173
[ep 073] val_sel AUC=0.9275 acc=0.8157
[ep 074] val_sel AUC=0.9146 acc=0.7917
[ep 075] val_sel AUC=0.9194 acc=0.7939
[ep 076] val_sel AUC=0.9259 acc=0.8144
[ep 077] val_sel AUC=0.9322 acc=0.8256
[ep 078] val_sel AUC=0.9312 acc=0.8256
[ep 079] val_sel AUC=0.9331 acc=0.8258
[ep 080] val_sel AUC=0.9361 acc=0.8379
[ep 081] val_sel AUC=0.9263 acc=0.8157
[ep 082] val_sel AUC=0.9338 acc=0.8388
[ep 083] val_sel AUC=0.9371 acc=0.8431
[ep 084] val_sel AUC=0.9352 acc=0.8388
[ep 085] val_sel AUC=0.9312 acc=0.8229
[ep 086] val_sel AUC=0.9372 acc=0.8483
[ep 087] val_sel AUC=0.9349 acc=0.8382
[ep 088] val_sel AUC=0.9362 acc=0.8469
[ep 089] val_sel AUC=0.9361 acc=0.8503
[ep 090] val_sel AUC=0.9374 acc=0.8469
[ep 091] val_sel AUC=0.9374 acc=0.8451
[ep 092] val_sel AUC=0.9367 acc=0.8498
[ep 093] val_sel AUC=0.9370 acc=0.8453
[ep 094] val_sel AUC=0.9372 acc=0.8465
[ep 095] val_sel AUC=0.9373 acc=0.8460
[ep 096] val_sel AUC=0.9373 acc=0.8460
============================================================
TEST (best val_sel epoch, held-out, evaluated once)
============================================================
[DONE-QPE2] embed=cayley model_II N=250 seed=45 test_AUC=0.9374 val_sel_AUC=0.9374 per_class=(axion=0.9457 cdm=0.8840 no_sub=0.9825) params=205476 embed_params=2017 R_frob_drift=3.70388126373291
