[INFO] QPE2 D=64 P=8 depth=4 | embed=cayley | data=model_III N/class=100 seed=47 split_seed=0 | params=205476 embed_params=2017 lr=0.001 epochs=96 bs=32 | train(300, 64, 64) val_sel(4469, 64, 64) test(4470, 64, 64) device=cuda
[ep 001] val_sel AUC=0.5396 acc=0.3283
[ep 002] val_sel AUC=0.5337 acc=0.3285
[ep 003] val_sel AUC=0.5400 acc=0.3433
[ep 004] val_sel AUC=0.5454 acc=0.3285
[ep 005] val_sel AUC=0.5489 acc=0.3433
[ep 006] val_sel AUC=0.5535 acc=0.3283
[ep 007] val_sel AUC=0.5622 acc=0.3285
[ep 008] val_sel AUC=0.5699 acc=0.3500
[ep 009] val_sel AUC=0.5747 acc=0.3433
[ep 010] val_sel AUC=0.5769 acc=0.3283
[ep 011] val_sel AUC=0.5779 acc=0.3285
[ep 012] val_sel AUC=0.5743 acc=0.3433
[ep 013] val_sel AUC=0.5775 acc=0.3285
[ep 014] val_sel AUC=0.5749 acc=0.3283
[ep 015] val_sel AUC=0.5712 acc=0.3433
[ep 016] val_sel AUC=0.5730 acc=0.3457
[ep 017] val_sel AUC=0.5754 acc=0.3544
[ep 018] val_sel AUC=0.5708 acc=0.3464
[ep 019] val_sel AUC=0.5670 acc=0.3562
[ep 020] val_sel AUC=0.5633 acc=0.3488
[ep 021] val_sel AUC=0.5662 acc=0.3889
[ep 022] val_sel AUC=0.5711 acc=0.3620
[ep 023] val_sel AUC=0.5853 acc=0.3851
[ep 024] val_sel AUC=0.5958 acc=0.4162
[ep 025] val_sel AUC=0.6020 acc=0.3900
[ep 026] val_sel AUC=0.5951 acc=0.3936
[ep 027] val_sel AUC=0.5949 acc=0.4023
[ep 028] val_sel AUC=0.5974 acc=0.4005
[ep 029] val_sel AUC=0.5996 acc=0.4097
[ep 030] val_sel AUC=0.6006 acc=0.4052
[ep 031] val_sel AUC=0.6009 acc=0.4075
[ep 032] val_sel AUC=0.6009 acc=0.4079
[ep 033] val_sel AUC=0.6222 acc=0.3923
[ep 034] val_sel AUC=0.6583 acc=0.4119
[ep 035] val_sel AUC=0.6633 acc=0.4603
[ep 036] val_sel AUC=0.6934 acc=0.4813
[ep 037] val_sel AUC=0.7127 acc=0.5431
[ep 038] val_sel AUC=0.7227 acc=0.5077
[ep 039] val_sel AUC=0.7391 acc=0.5281
[ep 040] val_sel AUC=0.7641 acc=0.5449
[ep 041] val_sel AUC=0.7765 acc=0.5475
[ep 042] val_sel AUC=0.7796 acc=0.5863
[ep 043] val_sel AUC=0.7900 acc=0.5921
[ep 044] val_sel AUC=0.7641 acc=0.5825
[ep 045] val_sel AUC=0.8360 acc=0.6592
[ep 046] val_sel AUC=0.8219 acc=0.6243
[ep 047] val_sel AUC=0.8166 acc=0.6409
[ep 048] val_sel AUC=0.8271 acc=0.6606
[ep 049] val_sel AUC=0.8117 acc=0.6227
[ep 050] val_sel AUC=0.7941 acc=0.5762
[ep 051] val_sel AUC=0.8278 acc=0.6496
[ep 052] val_sel AUC=0.8198 acc=0.6109
[ep 053] val_sel AUC=0.8346 acc=0.6574
[ep 054] val_sel AUC=0.8481 acc=0.6648
[ep 055] val_sel AUC=0.8434 acc=0.6798
[ep 056] val_sel AUC=0.8560 acc=0.6870
[ep 057] val_sel AUC=0.8615 acc=0.6937
[ep 058] val_sel AUC=0.8569 acc=0.7008
[ep 059] val_sel AUC=0.8386 acc=0.6910
[ep 060] val_sel AUC=0.8609 acc=0.7019
[ep 061] val_sel AUC=0.8502 acc=0.6892
[ep 062] val_sel AUC=0.8673 acc=0.7143
[ep 063] val_sel AUC=0.8620 acc=0.7116
[ep 064] val_sel AUC=0.8555 acc=0.6852
[ep 065] val_sel AUC=0.8704 acc=0.7212
[ep 066] val_sel AUC=0.8663 acc=0.7196
[ep 067] val_sel AUC=0.8673 acc=0.7134
[ep 068] val_sel AUC=0.8589 acc=0.7167
[ep 069] val_sel AUC=0.8436 acc=0.6823
[ep 070] val_sel AUC=0.8674 acc=0.7194
[ep 071] val_sel AUC=0.8760 acc=0.7330
[ep 072] val_sel AUC=0.8752 acc=0.7402
[ep 073] val_sel AUC=0.8418 acc=0.6684
[ep 074] val_sel AUC=0.8461 acc=0.6820
[ep 075] val_sel AUC=0.8522 acc=0.6993
[ep 076] val_sel AUC=0.8747 acc=0.7308
[ep 077] val_sel AUC=0.8779 acc=0.7373
[ep 078] val_sel AUC=0.8780 acc=0.7342
[ep 079] val_sel AUC=0.8791 acc=0.7418
[ep 080] val_sel AUC=0.8773 acc=0.7393
[ep 081] val_sel AUC=0.8771 acc=0.7469
[ep 082] val_sel AUC=0.8779 acc=0.7496
[ep 083] val_sel AUC=0.8723 acc=0.7409
[ep 084] val_sel AUC=0.8798 acc=0.7496
[ep 085] val_sel AUC=0.8758 acc=0.7467
[ep 086] val_sel AUC=0.8800 acc=0.7521
[ep 087] val_sel AUC=0.8803 acc=0.7534
[ep 088] val_sel AUC=0.8785 acc=0.7512
[ep 089] val_sel AUC=0.8792 acc=0.7514
[ep 090] val_sel AUC=0.8769 acc=0.7530
[ep 091] val_sel AUC=0.8767 acc=0.7516
[ep 092] val_sel AUC=0.8786 acc=0.7516
[ep 093] val_sel AUC=0.8782 acc=0.7492
[ep 094] val_sel AUC=0.8779 acc=0.7505
[ep 095] val_sel AUC=0.8779 acc=0.7498
[ep 096] val_sel AUC=0.8778 acc=0.7496
============================================================
TEST (best val_sel epoch, held-out, evaluated once)
============================================================
[DONE-QPE2] embed=cayley model_III N=100 seed=47 test_AUC=0.8774 val_sel_AUC=0.8803 per_class=(axion=0.9197 cdm=0.7797 no_sub=0.9327) params=205476 embed_params=2017 R_frob_drift=3.684929132461548
