[INFO] QPE2 D=64 P=8 depth=4 | embed=cayley | data=model_III N/class=250 seed=47 split_seed=0 | params=205476 embed_params=2017 lr=0.001 epochs=96 bs=32 | train(750, 64, 64) val_sel(4469, 64, 64) test(4470, 64, 64) device=cuda
[ep 001] val_sel AUC=0.5327 acc=0.3433
[ep 002] val_sel AUC=0.5351 acc=0.3285
[ep 003] val_sel AUC=0.5335 acc=0.3285
[ep 004] val_sel AUC=0.5264 acc=0.3379
[ep 005] val_sel AUC=0.5285 acc=0.3433
[ep 006] val_sel AUC=0.5714 acc=0.3433
[ep 007] val_sel AUC=0.5829 acc=0.3636
[ep 008] val_sel AUC=0.6646 acc=0.4388
[ep 009] val_sel AUC=0.6777 acc=0.5057
[ep 010] val_sel AUC=0.7410 acc=0.5091
[ep 011] val_sel AUC=0.8685 acc=0.7080
[ep 012] val_sel AUC=0.8442 acc=0.6465
[ep 013] val_sel AUC=0.8619 acc=0.6968
[ep 014] val_sel AUC=0.8788 acc=0.6691
[ep 015] val_sel AUC=0.8717 acc=0.7040
[ep 016] val_sel AUC=0.8863 acc=0.7494
[ep 017] val_sel AUC=0.9067 acc=0.7843
[ep 018] val_sel AUC=0.9094 acc=0.7785
[ep 019] val_sel AUC=0.9059 acc=0.7760
[ep 020] val_sel AUC=0.9176 acc=0.7680
[ep 021] val_sel AUC=0.9166 acc=0.7991
[ep 022] val_sel AUC=0.9239 acc=0.8230
[ep 023] val_sel AUC=0.9123 acc=0.7561
[ep 024] val_sel AUC=0.9148 acc=0.7883
[ep 025] val_sel AUC=0.9277 acc=0.8250
[ep 026] val_sel AUC=0.9266 acc=0.8255
[ep 027] val_sel AUC=0.9296 acc=0.8349
[ep 028] val_sel AUC=0.9314 acc=0.8400
[ep 029] val_sel AUC=0.9318 acc=0.8380
[ep 030] val_sel AUC=0.9330 acc=0.8375
[ep 031] val_sel AUC=0.9328 acc=0.8396
[ep 032] val_sel AUC=0.9328 acc=0.8398
[ep 033] val_sel AUC=0.7580 acc=0.5525
[ep 034] val_sel AUC=0.8990 acc=0.7438
[ep 035] val_sel AUC=0.8879 acc=0.7469
[ep 036] val_sel AUC=0.9064 acc=0.7673
[ep 037] val_sel AUC=0.9130 acc=0.7921
[ep 038] val_sel AUC=0.8839 acc=0.7183
[ep 039] val_sel AUC=0.9053 acc=0.7695
[ep 040] val_sel AUC=0.9041 acc=0.7691
[ep 041] val_sel AUC=0.9016 acc=0.7709
[ep 042] val_sel AUC=0.9266 acc=0.8138
[ep 043] val_sel AUC=0.9160 acc=0.7937
[ep 044] val_sel AUC=0.9226 acc=0.7718
[ep 045] val_sel AUC=0.9009 acc=0.7554
[ep 046] val_sel AUC=0.8979 acc=0.7322
[ep 047] val_sel AUC=0.9259 acc=0.7765
[ep 048] val_sel AUC=0.9216 acc=0.8017
[ep 049] val_sel AUC=0.8586 acc=0.5972
[ep 050] val_sel AUC=0.8337 acc=0.6572
[ep 051] val_sel AUC=0.9144 acc=0.7988
[ep 052] val_sel AUC=0.9230 acc=0.7937
[ep 053] val_sel AUC=0.9169 acc=0.7821
[ep 054] val_sel AUC=0.8967 acc=0.7559
[ep 055] val_sel AUC=0.9283 acc=0.8281
[ep 056] val_sel AUC=0.9159 acc=0.8011
[ep 057] val_sel AUC=0.9257 acc=0.7691
[ep 058] val_sel AUC=0.9263 acc=0.8102
[ep 059] val_sel AUC=0.9280 acc=0.8134
[ep 060] val_sel AUC=0.9270 acc=0.8069
[ep 061] val_sel AUC=0.9207 acc=0.8082
[ep 062] val_sel AUC=0.9043 acc=0.7695
[ep 063] val_sel AUC=0.9215 acc=0.8156
[ep 064] val_sel AUC=0.9300 acc=0.8004
[ep 065] val_sel AUC=0.9283 acc=0.8011
[ep 066] val_sel AUC=0.9338 acc=0.8324
[ep 067] val_sel AUC=0.9353 acc=0.8293
[ep 068] val_sel AUC=0.9250 acc=0.7729
[ep 069] val_sel AUC=0.9228 acc=0.8199
[ep 070] val_sel AUC=0.9265 acc=0.7827
[ep 071] val_sel AUC=0.9255 acc=0.8221
[ep 072] val_sel AUC=0.9340 acc=0.8373
[ep 073] val_sel AUC=0.9356 acc=0.8452
[ep 074] val_sel AUC=0.9336 acc=0.8440
[ep 075] val_sel AUC=0.9358 acc=0.8384
[ep 076] val_sel AUC=0.9379 acc=0.8380
[ep 077] val_sel AUC=0.9353 acc=0.8313
[ep 078] val_sel AUC=0.9371 acc=0.8485
[ep 079] val_sel AUC=0.9319 acc=0.8277
[ep 080] val_sel AUC=0.9351 acc=0.8382
[ep 081] val_sel AUC=0.9334 acc=0.8402
[ep 082] val_sel AUC=0.9378 acc=0.8474
[ep 083] val_sel AUC=0.9328 acc=0.8364
[ep 084] val_sel AUC=0.9349 acc=0.8409
[ep 085] val_sel AUC=0.9371 acc=0.8494
[ep 086] val_sel AUC=0.9361 acc=0.8465
[ep 087] val_sel AUC=0.9340 acc=0.8362
[ep 088] val_sel AUC=0.9357 acc=0.8447
[ep 089] val_sel AUC=0.9368 acc=0.8472
[ep 090] val_sel AUC=0.9363 acc=0.8481
[ep 091] val_sel AUC=0.9365 acc=0.8483
[ep 092] val_sel AUC=0.9366 acc=0.8490
[ep 093] val_sel AUC=0.9362 acc=0.8487
[ep 094] val_sel AUC=0.9361 acc=0.8492
[ep 095] val_sel AUC=0.9359 acc=0.8487
[ep 096] val_sel AUC=0.9360 acc=0.8487
============================================================
TEST (best val_sel epoch, held-out, evaluated once)
============================================================
[DONE-QPE2] embed=cayley model_III N=250 seed=47 test_AUC=0.9331 val_sel_AUC=0.9379 per_class=(axion=0.9451 cdm=0.8763 no_sub=0.9779) params=205476 embed_params=2017 R_frob_drift=4.057916641235352
