[INFO] QPE2 D=64 P=8 depth=4 | embed=cayley | data=model_II N/class=250 seed=52 split_seed=0 | params=205476 embed_params=2017 lr=0.001 epochs=96 bs=32 | train(750, 64, 64) val_sel(4455, 64, 64) test(4455, 64, 64) device=cuda
[ep 001] val_sel AUC=0.5013 acc=0.3237
[ep 002] val_sel AUC=0.5093 acc=0.3291
[ep 003] val_sel AUC=0.5123 acc=0.3473
[ep 004] val_sel AUC=0.5172 acc=0.3291
[ep 005] val_sel AUC=0.5245 acc=0.3237
[ep 006] val_sel AUC=0.5272 acc=0.3473
[ep 007] val_sel AUC=0.5336 acc=0.3291
[ep 008] val_sel AUC=0.5290 acc=0.3237
[ep 009] val_sel AUC=0.5266 acc=0.3468
[ep 010] val_sel AUC=0.5266 acc=0.3385
[ep 011] val_sel AUC=0.5188 acc=0.3291
[ep 012] val_sel AUC=0.5146 acc=0.3309
[ep 013] val_sel AUC=0.5444 acc=0.3670
[ep 014] val_sel AUC=0.5813 acc=0.4025
[ep 015] val_sel AUC=0.5955 acc=0.3987
[ep 016] val_sel AUC=0.6063 acc=0.4202
[ep 017] val_sel AUC=0.6167 acc=0.4312
[ep 018] val_sel AUC=0.6718 acc=0.3906
[ep 019] val_sel AUC=0.7107 acc=0.4871
[ep 020] val_sel AUC=0.7646 acc=0.5892
[ep 021] val_sel AUC=0.7893 acc=0.6150
[ep 022] val_sel AUC=0.7742 acc=0.5614
[ep 023] val_sel AUC=0.8152 acc=0.6465
[ep 024] val_sel AUC=0.8204 acc=0.6242
[ep 025] val_sel AUC=0.8484 acc=0.7012
[ep 026] val_sel AUC=0.8630 acc=0.7156
[ep 027] val_sel AUC=0.8619 acc=0.7026
[ep 028] val_sel AUC=0.8637 acc=0.7046
[ep 029] val_sel AUC=0.8784 acc=0.7365
[ep 030] val_sel AUC=0.8797 acc=0.7356
[ep 031] val_sel AUC=0.8804 acc=0.7378
[ep 032] val_sel AUC=0.8805 acc=0.7376
[ep 033] val_sel AUC=0.5763 acc=0.3578
[ep 034] val_sel AUC=0.5815 acc=0.4029
[ep 035] val_sel AUC=0.6216 acc=0.4018
[ep 036] val_sel AUC=0.7033 acc=0.4525
[ep 037] val_sel AUC=0.7718 acc=0.5661
[ep 038] val_sel AUC=0.6985 acc=0.4792
[ep 039] val_sel AUC=0.8020 acc=0.5710
[ep 040] val_sel AUC=0.7984 acc=0.6108
[ep 041] val_sel AUC=0.8240 acc=0.6153
[ep 042] val_sel AUC=0.8441 acc=0.6685
[ep 043] val_sel AUC=0.8121 acc=0.6314
[ep 044] val_sel AUC=0.8531 acc=0.6831
[ep 045] val_sel AUC=0.8381 acc=0.6837
[ep 046] val_sel AUC=0.8495 acc=0.6694
[ep 047] val_sel AUC=0.8743 acc=0.7410
[ep 048] val_sel AUC=0.8822 acc=0.7223
[ep 049] val_sel AUC=0.8695 acc=0.7149
[ep 050] val_sel AUC=0.8229 acc=0.6485
[ep 051] val_sel AUC=0.8631 acc=0.6967
[ep 052] val_sel AUC=0.8843 acc=0.7300
[ep 053] val_sel AUC=0.8264 acc=0.6651
[ep 054] val_sel AUC=0.8721 acc=0.7172
[ep 055] val_sel AUC=0.8915 acc=0.7475
[ep 056] val_sel AUC=0.8945 acc=0.7607
[ep 057] val_sel AUC=0.8930 acc=0.7464
[ep 058] val_sel AUC=0.8711 acc=0.6705
[ep 059] val_sel AUC=0.8557 acc=0.6999
[ep 060] val_sel AUC=0.8931 acc=0.7587
[ep 061] val_sel AUC=0.8778 acc=0.7185
[ep 062] val_sel AUC=0.8999 acc=0.7742
[ep 063] val_sel AUC=0.8918 acc=0.7576
[ep 064] val_sel AUC=0.8792 acc=0.7154
[ep 065] val_sel AUC=0.8934 acc=0.7446
[ep 066] val_sel AUC=0.9037 acc=0.7692
[ep 067] val_sel AUC=0.9005 acc=0.7636
[ep 068] val_sel AUC=0.8654 acc=0.6765
[ep 069] val_sel AUC=0.9151 acc=0.8011
[ep 070] val_sel AUC=0.9066 acc=0.7820
[ep 071] val_sel AUC=0.9045 acc=0.7755
[ep 072] val_sel AUC=0.9159 acc=0.8045
[ep 073] val_sel AUC=0.9166 acc=0.7966
[ep 074] val_sel AUC=0.9145 acc=0.7971
[ep 075] val_sel AUC=0.9133 acc=0.7818
[ep 076] val_sel AUC=0.9202 acc=0.8038
[ep 077] val_sel AUC=0.9189 acc=0.8063
[ep 078] val_sel AUC=0.9198 acc=0.8135
[ep 079] val_sel AUC=0.9191 acc=0.8108
[ep 080] val_sel AUC=0.9158 acc=0.8049
[ep 081] val_sel AUC=0.9201 acc=0.8065
[ep 082] val_sel AUC=0.9148 acc=0.7908
[ep 083] val_sel AUC=0.9199 acc=0.8025
[ep 084] val_sel AUC=0.9221 acc=0.8184
[ep 085] val_sel AUC=0.9254 acc=0.8240
[ep 086] val_sel AUC=0.9246 acc=0.8213
[ep 087] val_sel AUC=0.9243 acc=0.8256
[ep 088] val_sel AUC=0.9204 acc=0.8103
[ep 089] val_sel AUC=0.9233 acc=0.8195
[ep 090] val_sel AUC=0.9247 acc=0.8251
[ep 091] val_sel AUC=0.9255 acc=0.8274
[ep 092] val_sel AUC=0.9248 acc=0.8236
[ep 093] val_sel AUC=0.9254 acc=0.8265
[ep 094] val_sel AUC=0.9251 acc=0.8258
[ep 095] val_sel AUC=0.9253 acc=0.8267
[ep 096] val_sel AUC=0.9253 acc=0.8269
============================================================
TEST (best val_sel epoch, held-out, evaluated once)
============================================================
[DONE-QPE2] embed=cayley model_II N=250 seed=52 test_AUC=0.9310 val_sel_AUC=0.9255 per_class=(axion=0.9379 cdm=0.8730 no_sub=0.9821) params=205476 embed_params=2017 R_frob_drift=3.5703678131103516
