[INFO] QPE2 D=64 P=8 depth=4 | embed=cayley | data=model_II N/class=100 seed=57 split_seed=0 | params=205476 embed_params=2017 lr=0.001 epochs=96 bs=32 | train(300, 64, 64) val_sel(4455, 64, 64) test(4455, 64, 64) device=cuda
[ep 001] val_sel AUC=0.5252 acc=0.3473
[ep 002] val_sel AUC=0.5148 acc=0.3237
[ep 003] val_sel AUC=0.5157 acc=0.3237
[ep 004] val_sel AUC=0.5163 acc=0.3473
[ep 005] val_sel AUC=0.5210 acc=0.3291
[ep 006] val_sel AUC=0.5277 acc=0.3237
[ep 007] val_sel AUC=0.5311 acc=0.3473
[ep 008] val_sel AUC=0.5356 acc=0.3237
[ep 009] val_sel AUC=0.5394 acc=0.3291
[ep 010] val_sel AUC=0.5376 acc=0.3473
[ep 011] val_sel AUC=0.5408 acc=0.3291
[ep 012] val_sel AUC=0.5389 acc=0.3473
[ep 013] val_sel AUC=0.5365 acc=0.3473
[ep 014] val_sel AUC=0.5365 acc=0.3473
[ep 015] val_sel AUC=0.5355 acc=0.3237
[ep 016] val_sel AUC=0.5329 acc=0.3291
[ep 017] val_sel AUC=0.5341 acc=0.3237
[ep 018] val_sel AUC=0.5296 acc=0.3542
[ep 019] val_sel AUC=0.5285 acc=0.3405
[ep 020] val_sel AUC=0.5291 acc=0.3464
[ep 021] val_sel AUC=0.5310 acc=0.3452
[ep 022] val_sel AUC=0.5309 acc=0.3475
[ep 023] val_sel AUC=0.5287 acc=0.3455
[ep 024] val_sel AUC=0.5277 acc=0.3455
[ep 025] val_sel AUC=0.5275 acc=0.3497
[ep 026] val_sel AUC=0.5273 acc=0.3571
[ep 027] val_sel AUC=0.5275 acc=0.3484
[ep 028] val_sel AUC=0.5275 acc=0.3455
[ep 029] val_sel AUC=0.5273 acc=0.3446
[ep 030] val_sel AUC=0.5273 acc=0.3450
[ep 031] val_sel AUC=0.5272 acc=0.3473
[ep 032] val_sel AUC=0.5273 acc=0.3466
[ep 033] val_sel AUC=0.5257 acc=0.3484
[ep 034] val_sel AUC=0.5258 acc=0.3452
[ep 035] val_sel AUC=0.5300 acc=0.3423
[ep 036] val_sel AUC=0.5288 acc=0.3237
[ep 037] val_sel AUC=0.5313 acc=0.3432
[ep 038] val_sel AUC=0.5302 acc=0.3609
[ep 039] val_sel AUC=0.5272 acc=0.3477
[ep 040] val_sel AUC=0.5297 acc=0.3497
[ep 041] val_sel AUC=0.5278 acc=0.3470
[ep 042] val_sel AUC=0.5257 acc=0.3515
[ep 043] val_sel AUC=0.5506 acc=0.3686
[ep 044] val_sel AUC=0.5237 acc=0.3481
[ep 045] val_sel AUC=0.5447 acc=0.3553
[ep 046] val_sel AUC=0.5405 acc=0.3578
[ep 047] val_sel AUC=0.5448 acc=0.3499
[ep 048] val_sel AUC=0.5441 acc=0.3567
[ep 049] val_sel AUC=0.5567 acc=0.3636
[ep 050] val_sel AUC=0.5701 acc=0.4045
[ep 051] val_sel AUC=0.5964 acc=0.3872
[ep 052] val_sel AUC=0.5974 acc=0.4229
[ep 053] val_sel AUC=0.6196 acc=0.4260
[ep 054] val_sel AUC=0.6026 acc=0.3852
[ep 055] val_sel AUC=0.6267 acc=0.4267
[ep 056] val_sel AUC=0.6375 acc=0.4332
[ep 057] val_sel AUC=0.6635 acc=0.4579
[ep 058] val_sel AUC=0.6567 acc=0.4415
[ep 059] val_sel AUC=0.6608 acc=0.4613
[ep 060] val_sel AUC=0.7004 acc=0.4339
[ep 061] val_sel AUC=0.6786 acc=0.4828
[ep 062] val_sel AUC=0.6978 acc=0.4889
[ep 063] val_sel AUC=0.7308 acc=0.5315
[ep 064] val_sel AUC=0.7412 acc=0.5403
[ep 065] val_sel AUC=0.7690 acc=0.5886
[ep 066] val_sel AUC=0.7668 acc=0.5726
[ep 067] val_sel AUC=0.7574 acc=0.5681
[ep 068] val_sel AUC=0.7902 acc=0.5993
[ep 069] val_sel AUC=0.8083 acc=0.6541
[ep 070] val_sel AUC=0.8057 acc=0.6379
[ep 071] val_sel AUC=0.8249 acc=0.6462
[ep 072] val_sel AUC=0.8403 acc=0.6902
[ep 073] val_sel AUC=0.8450 acc=0.6862
[ep 074] val_sel AUC=0.8505 acc=0.6927
[ep 075] val_sel AUC=0.8510 acc=0.7127
[ep 076] val_sel AUC=0.8506 acc=0.6911
[ep 077] val_sel AUC=0.8554 acc=0.6938
[ep 078] val_sel AUC=0.8725 acc=0.7336
[ep 079] val_sel AUC=0.8777 acc=0.7430
[ep 080] val_sel AUC=0.8743 acc=0.7450
[ep 081] val_sel AUC=0.8704 acc=0.7185
[ep 082] val_sel AUC=0.8737 acc=0.7392
[ep 083] val_sel AUC=0.8696 acc=0.7376
[ep 084] val_sel AUC=0.8791 acc=0.7450
[ep 085] val_sel AUC=0.8741 acc=0.7407
[ep 086] val_sel AUC=0.8774 acc=0.7499
[ep 087] val_sel AUC=0.8770 acc=0.7479
[ep 088] val_sel AUC=0.8783 acc=0.7468
[ep 089] val_sel AUC=0.8769 acc=0.7457
[ep 090] val_sel AUC=0.8759 acc=0.7452
[ep 091] val_sel AUC=0.8756 acc=0.7425
[ep 092] val_sel AUC=0.8752 acc=0.7412
[ep 093] val_sel AUC=0.8748 acc=0.7421
[ep 094] val_sel AUC=0.8744 acc=0.7428
[ep 095] val_sel AUC=0.8745 acc=0.7419
[ep 096] val_sel AUC=0.8744 acc=0.7419
============================================================
TEST (best val_sel epoch, held-out, evaluated once)
============================================================
[DONE-QPE2] embed=cayley model_II N=100 seed=57 test_AUC=0.8865 val_sel_AUC=0.8791 per_class=(axion=0.9191 cdm=0.7856 no_sub=0.9549) params=205476 embed_params=2017 R_frob_drift=3.8847591876983643
