[INFO] QPE2 D=64 P=8 depth=4 | embed=cayley | data=model_II N/class=250 seed=57 split_seed=0 | params=205476 embed_params=2017 lr=0.001 epochs=96 bs=32 | train(750, 64, 64) val_sel(4455, 64, 64) test(4455, 64, 64) device=cuda
[ep 001] val_sel AUC=0.5142 acc=0.3237
[ep 002] val_sel AUC=0.5221 acc=0.3511
[ep 003] val_sel AUC=0.5331 acc=0.3237
[ep 004] val_sel AUC=0.5341 acc=0.3515
[ep 005] val_sel AUC=0.5310 acc=0.3493
[ep 006] val_sel AUC=0.5217 acc=0.3410
[ep 007] val_sel AUC=0.5392 acc=0.3446
[ep 008] val_sel AUC=0.5396 acc=0.3473
[ep 009] val_sel AUC=0.5609 acc=0.3293
[ep 010] val_sel AUC=0.5862 acc=0.3897
[ep 011] val_sel AUC=0.5996 acc=0.3870
[ep 012] val_sel AUC=0.6384 acc=0.4325
[ep 013] val_sel AUC=0.6640 acc=0.4602
[ep 014] val_sel AUC=0.7471 acc=0.5116
[ep 015] val_sel AUC=0.7172 acc=0.4667
[ep 016] val_sel AUC=0.7905 acc=0.6180
[ep 017] val_sel AUC=0.7758 acc=0.6043
[ep 018] val_sel AUC=0.8418 acc=0.6584
[ep 019] val_sel AUC=0.8478 acc=0.6916
[ep 020] val_sel AUC=0.8639 acc=0.7192
[ep 021] val_sel AUC=0.8614 acc=0.7104
[ep 022] val_sel AUC=0.8664 acc=0.6918
[ep 023] val_sel AUC=0.8617 acc=0.6981
[ep 024] val_sel AUC=0.8886 acc=0.7582
[ep 025] val_sel AUC=0.8927 acc=0.7596
[ep 026] val_sel AUC=0.8960 acc=0.7713
[ep 027] val_sel AUC=0.9025 acc=0.7818
[ep 028] val_sel AUC=0.9059 acc=0.7827
[ep 029] val_sel AUC=0.9055 acc=0.7935
[ep 030] val_sel AUC=0.9055 acc=0.7937
[ep 031] val_sel AUC=0.9061 acc=0.7899
[ep 032] val_sel AUC=0.9067 acc=0.7917
[ep 033] val_sel AUC=0.8611 acc=0.7165
[ep 034] val_sel AUC=0.8574 acc=0.6296
[ep 035] val_sel AUC=0.8235 acc=0.6651
[ep 036] val_sel AUC=0.8725 acc=0.7174
[ep 037] val_sel AUC=0.8573 acc=0.5951
[ep 038] val_sel AUC=0.8382 acc=0.6375
[ep 039] val_sel AUC=0.8505 acc=0.6866
[ep 040] val_sel AUC=0.8790 acc=0.7187
[ep 041] val_sel AUC=0.8956 acc=0.7488
[ep 042] val_sel AUC=0.8288 acc=0.6736
[ep 043] val_sel AUC=0.8951 acc=0.7767
[ep 044] val_sel AUC=0.8825 acc=0.7217
[ep 045] val_sel AUC=0.8865 acc=0.7165
[ep 046] val_sel AUC=0.8823 acc=0.7116
[ep 047] val_sel AUC=0.9051 acc=0.7710
[ep 048] val_sel AUC=0.9041 acc=0.7825
[ep 049] val_sel AUC=0.8815 acc=0.7071
[ep 050] val_sel AUC=0.8996 acc=0.7733
[ep 051] val_sel AUC=0.9022 acc=0.7695
[ep 052] val_sel AUC=0.8923 acc=0.7490
[ep 053] val_sel AUC=0.9131 acc=0.7962
[ep 054] val_sel AUC=0.9000 acc=0.7951
[ep 055] val_sel AUC=0.8960 acc=0.7681
[ep 056] val_sel AUC=0.9126 acc=0.7953
[ep 057] val_sel AUC=0.9086 acc=0.7735
[ep 058] val_sel AUC=0.9062 acc=0.7740
[ep 059] val_sel AUC=0.9161 acc=0.8047
[ep 060] val_sel AUC=0.8897 acc=0.7481
[ep 061] val_sel AUC=0.9092 acc=0.7820
[ep 062] val_sel AUC=0.9127 acc=0.7906
[ep 063] val_sel AUC=0.9097 acc=0.7879
[ep 064] val_sel AUC=0.9160 acc=0.8074
[ep 065] val_sel AUC=0.9011 acc=0.7829
[ep 066] val_sel AUC=0.9132 acc=0.8076
[ep 067] val_sel AUC=0.9167 acc=0.7937
[ep 068] val_sel AUC=0.9252 acc=0.8330
[ep 069] val_sel AUC=0.8838 acc=0.7107
[ep 070] val_sel AUC=0.9158 acc=0.8072
[ep 071] val_sel AUC=0.9188 acc=0.7969
[ep 072] val_sel AUC=0.9125 acc=0.7926
[ep 073] val_sel AUC=0.9244 acc=0.8283
[ep 074] val_sel AUC=0.9017 acc=0.7843
[ep 075] val_sel AUC=0.9044 acc=0.8065
[ep 076] val_sel AUC=0.9023 acc=0.7827
[ep 077] val_sel AUC=0.9225 acc=0.8328
[ep 078] val_sel AUC=0.9230 acc=0.8204
[ep 079] val_sel AUC=0.9243 acc=0.8364
[ep 080] val_sel AUC=0.9246 acc=0.8337
[ep 081] val_sel AUC=0.9222 acc=0.8245
[ep 082] val_sel AUC=0.9200 acc=0.8245
[ep 083] val_sel AUC=0.9239 acc=0.8321
[ep 084] val_sel AUC=0.9208 acc=0.8220
[ep 085] val_sel AUC=0.9238 acc=0.8366
[ep 086] val_sel AUC=0.9237 acc=0.8364
[ep 087] val_sel AUC=0.9242 acc=0.8368
[ep 088] val_sel AUC=0.9226 acc=0.8312
[ep 089] val_sel AUC=0.9239 acc=0.8339
[ep 090] val_sel AUC=0.9239 acc=0.8343
[ep 091] val_sel AUC=0.9238 acc=0.8350
[ep 092] val_sel AUC=0.9241 acc=0.8325
[ep 093] val_sel AUC=0.9240 acc=0.8319
[ep 094] val_sel AUC=0.9235 acc=0.8330
[ep 095] val_sel AUC=0.9237 acc=0.8323
[ep 096] val_sel AUC=0.9237 acc=0.8323
============================================================
TEST (best val_sel epoch, held-out, evaluated once)
============================================================
[DONE-QPE2] embed=cayley model_II N=250 seed=57 test_AUC=0.9275 val_sel_AUC=0.9252 per_class=(axion=0.9344 cdm=0.8668 no_sub=0.9814) params=205476 embed_params=2017 R_frob_drift=3.8966610431671143
