[INFO] QPE2 D=64 P=8 depth=4 | embed=cayley | data=model_III N/class=250 seed=48 split_seed=0 | params=205476 embed_params=2017 lr=0.001 epochs=96 bs=32 | train(750, 64, 64) val_sel(4469, 64, 64) test(4470, 64, 64) device=cuda
[ep 001] val_sel AUC=0.5569 acc=0.3285
[ep 002] val_sel AUC=0.5617 acc=0.3285
[ep 003] val_sel AUC=0.5794 acc=0.3283
[ep 004] val_sel AUC=0.5484 acc=0.3285
[ep 005] val_sel AUC=0.5429 acc=0.3419
[ep 006] val_sel AUC=0.5553 acc=0.3397
[ep 007] val_sel AUC=0.5607 acc=0.3645
[ep 008] val_sel AUC=0.6071 acc=0.3985
[ep 009] val_sel AUC=0.5972 acc=0.4218
[ep 010] val_sel AUC=0.7067 acc=0.4945
[ep 011] val_sel AUC=0.7373 acc=0.5249
[ep 012] val_sel AUC=0.8291 acc=0.6393
[ep 013] val_sel AUC=0.8061 acc=0.6328
[ep 014] val_sel AUC=0.8223 acc=0.6102
[ep 015] val_sel AUC=0.8288 acc=0.6154
[ep 016] val_sel AUC=0.8315 acc=0.6742
[ep 017] val_sel AUC=0.8878 acc=0.7496
[ep 018] val_sel AUC=0.8456 acc=0.6740
[ep 019] val_sel AUC=0.8676 acc=0.6972
[ep 020] val_sel AUC=0.9019 acc=0.7720
[ep 021] val_sel AUC=0.8995 acc=0.7539
[ep 022] val_sel AUC=0.9078 acc=0.7756
[ep 023] val_sel AUC=0.9021 acc=0.7626
[ep 024] val_sel AUC=0.9103 acc=0.7946
[ep 025] val_sel AUC=0.8986 acc=0.7386
[ep 026] val_sel AUC=0.9147 acc=0.8006
[ep 027] val_sel AUC=0.9146 acc=0.8004
[ep 028] val_sel AUC=0.9170 acc=0.8102
[ep 029] val_sel AUC=0.9168 acc=0.8078
[ep 030] val_sel AUC=0.9179 acc=0.8123
[ep 031] val_sel AUC=0.9188 acc=0.8123
[ep 032] val_sel AUC=0.9188 acc=0.8132
[ep 033] val_sel AUC=0.8634 acc=0.6487
[ep 034] val_sel AUC=0.9008 acc=0.7675
[ep 035] val_sel AUC=0.8092 acc=0.6039
[ep 036] val_sel AUC=0.8080 acc=0.6209
[ep 037] val_sel AUC=0.9032 acc=0.7682
[ep 038] val_sel AUC=0.8510 acc=0.6914
[ep 039] val_sel AUC=0.8661 acc=0.7049
[ep 040] val_sel AUC=0.8979 acc=0.7603
[ep 041] val_sel AUC=0.9043 acc=0.7704
[ep 042] val_sel AUC=0.9091 acc=0.7906
[ep 043] val_sel AUC=0.8976 acc=0.7599
[ep 044] val_sel AUC=0.9071 acc=0.7834
[ep 045] val_sel AUC=0.9064 acc=0.7749
[ep 046] val_sel AUC=0.8780 acc=0.6894
[ep 047] val_sel AUC=0.9075 acc=0.7704
[ep 048] val_sel AUC=0.9040 acc=0.7606
[ep 049] val_sel AUC=0.9107 acc=0.7742
[ep 050] val_sel AUC=0.9130 acc=0.7854
[ep 051] val_sel AUC=0.9175 acc=0.7894
[ep 052] val_sel AUC=0.9142 acc=0.7997
[ep 053] val_sel AUC=0.9127 acc=0.7959
[ep 054] val_sel AUC=0.9186 acc=0.7977
[ep 055] val_sel AUC=0.9287 acc=0.8114
[ep 056] val_sel AUC=0.9248 acc=0.8163
[ep 057] val_sel AUC=0.9032 acc=0.7272
[ep 058] val_sel AUC=0.9320 acc=0.8143
[ep 059] val_sel AUC=0.9311 acc=0.8138
[ep 060] val_sel AUC=0.9254 acc=0.7975
[ep 061] val_sel AUC=0.9149 acc=0.7930
[ep 062] val_sel AUC=0.9230 acc=0.7789
[ep 063] val_sel AUC=0.9178 acc=0.7838
[ep 064] val_sel AUC=0.9270 acc=0.7993
[ep 065] val_sel AUC=0.9354 acc=0.8248
[ep 066] val_sel AUC=0.9167 acc=0.7977
[ep 067] val_sel AUC=0.9147 acc=0.7485
[ep 068] val_sel AUC=0.9299 acc=0.8212
[ep 069] val_sel AUC=0.9356 acc=0.8358
[ep 070] val_sel AUC=0.9264 acc=0.8194
[ep 071] val_sel AUC=0.9205 acc=0.8161
[ep 072] val_sel AUC=0.9290 acc=0.8123
[ep 073] val_sel AUC=0.9335 acc=0.8250
[ep 074] val_sel AUC=0.9370 acc=0.8367
[ep 075] val_sel AUC=0.9340 acc=0.8257
[ep 076] val_sel AUC=0.9361 acc=0.8326
[ep 077] val_sel AUC=0.9386 acc=0.8288
[ep 078] val_sel AUC=0.9330 acc=0.8219
[ep 079] val_sel AUC=0.9396 acc=0.8447
[ep 080] val_sel AUC=0.9397 acc=0.8434
[ep 081] val_sel AUC=0.9393 acc=0.8434
[ep 082] val_sel AUC=0.9348 acc=0.8443
[ep 083] val_sel AUC=0.9389 acc=0.8528
[ep 084] val_sel AUC=0.9336 acc=0.8456
[ep 085] val_sel AUC=0.9371 acc=0.8516
[ep 086] val_sel AUC=0.9353 acc=0.8483
[ep 087] val_sel AUC=0.9383 acc=0.8521
[ep 088] val_sel AUC=0.9362 acc=0.8512
[ep 089] val_sel AUC=0.9359 acc=0.8519
[ep 090] val_sel AUC=0.9336 acc=0.8503
[ep 091] val_sel AUC=0.9330 acc=0.8490
[ep 092] val_sel AUC=0.9332 acc=0.8492
[ep 093] val_sel AUC=0.9330 acc=0.8503
[ep 094] val_sel AUC=0.9334 acc=0.8492
[ep 095] val_sel AUC=0.9329 acc=0.8499
[ep 096] val_sel AUC=0.9330 acc=0.8503
============================================================
TEST (best val_sel epoch, held-out, evaluated once)
============================================================
[DONE-QPE2] embed=cayley model_III N=250 seed=48 test_AUC=0.9357 val_sel_AUC=0.9397 per_class=(axion=0.9511 cdm=0.8787 no_sub=0.9774) params=205476 embed_params=2017 R_frob_drift=3.940807819366455
