[INFO] QPE2 D=64 P=8 depth=4 | embed=cayley | data=model_III N/class=250 seed=53 split_seed=0 | params=205476 embed_params=2017 lr=0.001 epochs=96 bs=32 | train(750, 64, 64) val_sel(4469, 64, 64) test(4470, 64, 64) device=cuda
[ep 001] val_sel AUC=0.5283 acc=0.3283
[ep 002] val_sel AUC=0.5310 acc=0.3283
[ep 003] val_sel AUC=0.5295 acc=0.3283
[ep 004] val_sel AUC=0.5273 acc=0.3520
[ep 005] val_sel AUC=0.5279 acc=0.3455
[ep 006] val_sel AUC=0.5296 acc=0.3433
[ep 007] val_sel AUC=0.5300 acc=0.3433
[ep 008] val_sel AUC=0.5322 acc=0.3433
[ep 009] val_sel AUC=0.5344 acc=0.3433
[ep 010] val_sel AUC=0.5275 acc=0.3462
[ep 011] val_sel AUC=0.5275 acc=0.3412
[ep 012] val_sel AUC=0.5319 acc=0.3565
[ep 013] val_sel AUC=0.5314 acc=0.3441
[ep 014] val_sel AUC=0.5342 acc=0.3598
[ep 015] val_sel AUC=0.5351 acc=0.3661
[ep 016] val_sel AUC=0.5395 acc=0.3612
[ep 017] val_sel AUC=0.5464 acc=0.3636
[ep 018] val_sel AUC=0.5654 acc=0.3788
[ep 019] val_sel AUC=0.5970 acc=0.3638
[ep 020] val_sel AUC=0.6180 acc=0.4455
[ep 021] val_sel AUC=0.6862 acc=0.4941
[ep 022] val_sel AUC=0.7666 acc=0.5449
[ep 023] val_sel AUC=0.8193 acc=0.6115
[ep 024] val_sel AUC=0.8532 acc=0.6925
[ep 025] val_sel AUC=0.8582 acc=0.6863
[ep 026] val_sel AUC=0.8800 acc=0.7275
[ep 027] val_sel AUC=0.8980 acc=0.7503
[ep 028] val_sel AUC=0.8736 acc=0.6849
[ep 029] val_sel AUC=0.9031 acc=0.7615
[ep 030] val_sel AUC=0.9065 acc=0.7731
[ep 031] val_sel AUC=0.9092 acc=0.7785
[ep 032] val_sel AUC=0.9088 acc=0.7798
[ep 033] val_sel AUC=0.7396 acc=0.4865
[ep 034] val_sel AUC=0.8205 acc=0.6422
[ep 035] val_sel AUC=0.8638 acc=0.6910
[ep 036] val_sel AUC=0.8408 acc=0.6820
[ep 037] val_sel AUC=0.8783 acc=0.7362
[ep 038] val_sel AUC=0.8221 acc=0.6341
[ep 039] val_sel AUC=0.8816 acc=0.7201
[ep 040] val_sel AUC=0.8645 acc=0.6836
[ep 041] val_sel AUC=0.8815 acc=0.7348
[ep 042] val_sel AUC=0.8522 acc=0.6617
[ep 043] val_sel AUC=0.8852 acc=0.7353
[ep 044] val_sel AUC=0.8540 acc=0.6805
[ep 045] val_sel AUC=0.8926 acc=0.7633
[ep 046] val_sel AUC=0.8921 acc=0.7510
[ep 047] val_sel AUC=0.8707 acc=0.7172
[ep 048] val_sel AUC=0.9003 acc=0.7729
[ep 049] val_sel AUC=0.8934 acc=0.7467
[ep 050] val_sel AUC=0.9121 acc=0.7742
[ep 051] val_sel AUC=0.9186 acc=0.8026
[ep 052] val_sel AUC=0.9010 acc=0.7686
[ep 053] val_sel AUC=0.9218 acc=0.8105
[ep 054] val_sel AUC=0.9151 acc=0.7944
[ep 055] val_sel AUC=0.8955 acc=0.7411
[ep 056] val_sel AUC=0.9231 acc=0.8239
[ep 057] val_sel AUC=0.8847 acc=0.7205
[ep 058] val_sel AUC=0.9064 acc=0.7832
[ep 059] val_sel AUC=0.9220 acc=0.8082
[ep 060] val_sel AUC=0.8738 acc=0.7075
[ep 061] val_sel AUC=0.9101 acc=0.7501
[ep 062] val_sel AUC=0.9185 acc=0.7955
[ep 063] val_sel AUC=0.9160 acc=0.7847
[ep 064] val_sel AUC=0.9133 acc=0.7836
[ep 065] val_sel AUC=0.9119 acc=0.7872
[ep 066] val_sel AUC=0.9305 acc=0.8270
[ep 067] val_sel AUC=0.9190 acc=0.7774
[ep 068] val_sel AUC=0.9213 acc=0.7865
[ep 069] val_sel AUC=0.9171 acc=0.7897
[ep 070] val_sel AUC=0.9275 acc=0.8004
[ep 071] val_sel AUC=0.9278 acc=0.8246
[ep 072] val_sel AUC=0.9326 acc=0.8317
[ep 073] val_sel AUC=0.9281 acc=0.8208
[ep 074] val_sel AUC=0.9296 acc=0.8208
[ep 075] val_sel AUC=0.9161 acc=0.7970
[ep 076] val_sel AUC=0.9358 acc=0.8384
[ep 077] val_sel AUC=0.9326 acc=0.8346
[ep 078] val_sel AUC=0.9235 acc=0.8268
[ep 079] val_sel AUC=0.9276 acc=0.8335
[ep 080] val_sel AUC=0.9268 acc=0.8210
[ep 081] val_sel AUC=0.9262 acc=0.8264
[ep 082] val_sel AUC=0.9320 acc=0.8331
[ep 083] val_sel AUC=0.9307 acc=0.8302
[ep 084] val_sel AUC=0.9317 acc=0.8375
[ep 085] val_sel AUC=0.9307 acc=0.8317
[ep 086] val_sel AUC=0.9283 acc=0.8351
[ep 087] val_sel AUC=0.9299 acc=0.8324
[ep 088] val_sel AUC=0.9310 acc=0.8340
[ep 089] val_sel AUC=0.9295 acc=0.8346
[ep 090] val_sel AUC=0.9325 acc=0.8434
[ep 091] val_sel AUC=0.9308 acc=0.8382
[ep 092] val_sel AUC=0.9317 acc=0.8407
[ep 093] val_sel AUC=0.9315 acc=0.8409
[ep 094] val_sel AUC=0.9313 acc=0.8402
[ep 095] val_sel AUC=0.9312 acc=0.8407
[ep 096] val_sel AUC=0.9311 acc=0.8405
============================================================
TEST (best val_sel epoch, held-out, evaluated once)
============================================================
[DONE-QPE2] embed=cayley model_III N=250 seed=53 test_AUC=0.9346 val_sel_AUC=0.9358 per_class=(axion=0.9445 cdm=0.8811 no_sub=0.9781) params=205476 embed_params=2017 R_frob_drift=3.8164055347442627
