[INFO] QPE2 D=64 P=8 depth=4 | embed=conv | data=model_III N/class=100 seed=43 split_seed=0 | params=207619 embed_params=4160 lr=0.001 epochs=96 bs=32 | train(300, 64, 64) val_sel(4469, 64, 64) test(4470, 64, 64) device=cuda
[ep 001] val_sel AUC=0.5039 acc=0.3283
[ep 002] val_sel AUC=0.5019 acc=0.3433
[ep 003] val_sel AUC=0.5013 acc=0.3283
[ep 004] val_sel AUC=0.5017 acc=0.3433
[ep 005] val_sel AUC=0.5081 acc=0.3433
[ep 006] val_sel AUC=0.5119 acc=0.3285
[ep 007] val_sel AUC=0.5178 acc=0.3433
[ep 008] val_sel AUC=0.5195 acc=0.3285
[ep 009] val_sel AUC=0.5200 acc=0.3433
[ep 010] val_sel AUC=0.5229 acc=0.3283
[ep 011] val_sel AUC=0.5213 acc=0.3285
[ep 012] val_sel AUC=0.5226 acc=0.3433
[ep 013] val_sel AUC=0.5229 acc=0.3283
[ep 014] val_sel AUC=0.5222 acc=0.3433
[ep 015] val_sel AUC=0.5228 acc=0.3283
[ep 016] val_sel AUC=0.5227 acc=0.3433
[ep 017] val_sel AUC=0.5232 acc=0.3428
[ep 018] val_sel AUC=0.5244 acc=0.3444
[ep 019] val_sel AUC=0.5243 acc=0.3309
[ep 020] val_sel AUC=0.5237 acc=0.3381
[ep 021] val_sel AUC=0.5244 acc=0.3591
[ep 022] val_sel AUC=0.5248 acc=0.3585
[ep 023] val_sel AUC=0.5246 acc=0.3540
[ep 024] val_sel AUC=0.5259 acc=0.3661
[ep 025] val_sel AUC=0.5264 acc=0.3690
[ep 026] val_sel AUC=0.5257 acc=0.3735
[ep 027] val_sel AUC=0.5267 acc=0.3712
[ep 028] val_sel AUC=0.5270 acc=0.3667
[ep 029] val_sel AUC=0.5275 acc=0.3694
[ep 030] val_sel AUC=0.5275 acc=0.3685
[ep 031] val_sel AUC=0.5275 acc=0.3683
[ep 032] val_sel AUC=0.5275 acc=0.3690
[ep 033] val_sel AUC=0.5241 acc=0.3589
[ep 034] val_sel AUC=0.5230 acc=0.3589
[ep 035] val_sel AUC=0.5334 acc=0.3641
[ep 036] val_sel AUC=0.5310 acc=0.3746
[ep 037] val_sel AUC=0.5255 acc=0.3650
[ep 038] val_sel AUC=0.5329 acc=0.3591
[ep 039] val_sel AUC=0.5279 acc=0.3518
[ep 040] val_sel AUC=0.5249 acc=0.3663
[ep 041] val_sel AUC=0.5275 acc=0.3560
[ep 042] val_sel AUC=0.5446 acc=0.3786
[ep 043] val_sel AUC=0.5424 acc=0.3627
[ep 044] val_sel AUC=0.5421 acc=0.3737
[ep 045] val_sel AUC=0.5458 acc=0.3697
[ep 046] val_sel AUC=0.5487 acc=0.3441
[ep 047] val_sel AUC=0.5356 acc=0.3560
[ep 048] val_sel AUC=0.5447 acc=0.3739
[ep 049] val_sel AUC=0.5491 acc=0.3770
[ep 050] val_sel AUC=0.5559 acc=0.3777
[ep 051] val_sel AUC=0.5680 acc=0.3990
[ep 052] val_sel AUC=0.5715 acc=0.4003
[ep 053] val_sel AUC=0.5717 acc=0.3965
[ep 054] val_sel AUC=0.5739 acc=0.3916
[ep 055] val_sel AUC=0.5764 acc=0.4014
[ep 056] val_sel AUC=0.5990 acc=0.4225
[ep 057] val_sel AUC=0.5970 acc=0.4303
[ep 058] val_sel AUC=0.5745 acc=0.3932
[ep 059] val_sel AUC=0.5924 acc=0.4128
[ep 060] val_sel AUC=0.6129 acc=0.4151
[ep 061] val_sel AUC=0.6143 acc=0.4305
[ep 062] val_sel AUC=0.6252 acc=0.4290
[ep 063] val_sel AUC=0.6239 acc=0.4281
[ep 064] val_sel AUC=0.6302 acc=0.4484
[ep 065] val_sel AUC=0.6597 acc=0.4612
[ep 066] val_sel AUC=0.6567 acc=0.4715
[ep 067] val_sel AUC=0.6484 acc=0.4554
[ep 068] val_sel AUC=0.6555 acc=0.4695
[ep 069] val_sel AUC=0.6421 acc=0.4504
[ep 070] val_sel AUC=0.6624 acc=0.4853
[ep 071] val_sel AUC=0.6730 acc=0.4806
[ep 072] val_sel AUC=0.6573 acc=0.4502
[ep 073] val_sel AUC=0.6893 acc=0.5019
[ep 074] val_sel AUC=0.6915 acc=0.5104
[ep 075] val_sel AUC=0.6943 acc=0.5006
[ep 076] val_sel AUC=0.7041 acc=0.5272
[ep 077] val_sel AUC=0.6962 acc=0.5053
[ep 078] val_sel AUC=0.7072 acc=0.5279
[ep 079] val_sel AUC=0.7130 acc=0.5348
[ep 080] val_sel AUC=0.7109 acc=0.5310
[ep 081] val_sel AUC=0.7146 acc=0.5323
[ep 082] val_sel AUC=0.7001 acc=0.5115
[ep 083] val_sel AUC=0.7078 acc=0.5290
[ep 084] val_sel AUC=0.7053 acc=0.5279
[ep 085] val_sel AUC=0.7133 acc=0.5361
[ep 086] val_sel AUC=0.7161 acc=0.5426
[ep 087] val_sel AUC=0.7162 acc=0.5429
[ep 088] val_sel AUC=0.7173 acc=0.5440
[ep 089] val_sel AUC=0.7184 acc=0.5429
[ep 090] val_sel AUC=0.7193 acc=0.5395
[ep 091] val_sel AUC=0.7199 acc=0.5420
[ep 092] val_sel AUC=0.7200 acc=0.5433
[ep 093] val_sel AUC=0.7199 acc=0.5444
[ep 094] val_sel AUC=0.7200 acc=0.5449
[ep 095] val_sel AUC=0.7201 acc=0.5446
[ep 096] val_sel AUC=0.7201 acc=0.5446
============================================================
TEST (best val_sel epoch, held-out, evaluated once)
============================================================
[DONE-QPE2] embed=conv model_III N=100 seed=43 test_AUC=0.7078 val_sel_AUC=0.7201 per_class=(axion=0.7921 cdm=0.5963 no_sub=0.7349) params=207619 embed_params=4160 R_frob_drift=None
