[INFO] QPE2 D=64 P=8 depth=4 | embed=conv | data=model_III N/class=100 seed=51 split_seed=0 | params=207619 embed_params=4160 lr=0.001 epochs=96 bs=32 | train(300, 64, 64) val_sel(4469, 64, 64) test(4470, 64, 64) device=cuda
[ep 001] val_sel AUC=0.5137 acc=0.3283
[ep 002] val_sel AUC=0.5172 acc=0.3285
[ep 003] val_sel AUC=0.5266 acc=0.3283
[ep 004] val_sel AUC=0.5336 acc=0.3433
[ep 005] val_sel AUC=0.5381 acc=0.3285
[ep 006] val_sel AUC=0.5440 acc=0.3433
[ep 007] val_sel AUC=0.5460 acc=0.3285
[ep 008] val_sel AUC=0.5514 acc=0.3283
[ep 009] val_sel AUC=0.5516 acc=0.3285
[ep 010] val_sel AUC=0.5497 acc=0.3433
[ep 011] val_sel AUC=0.5543 acc=0.3283
[ep 012] val_sel AUC=0.5501 acc=0.3285
[ep 013] val_sel AUC=0.5515 acc=0.3283
[ep 014] val_sel AUC=0.5492 acc=0.3285
[ep 015] val_sel AUC=0.5476 acc=0.3433
[ep 016] val_sel AUC=0.5482 acc=0.3283
[ep 017] val_sel AUC=0.5468 acc=0.3283
[ep 018] val_sel AUC=0.5460 acc=0.3285
[ep 019] val_sel AUC=0.5421 acc=0.3285
[ep 020] val_sel AUC=0.5405 acc=0.3433
[ep 021] val_sel AUC=0.5409 acc=0.3283
[ep 022] val_sel AUC=0.5410 acc=0.3285
[ep 023] val_sel AUC=0.5407 acc=0.3285
[ep 024] val_sel AUC=0.5397 acc=0.3285
[ep 025] val_sel AUC=0.5387 acc=0.3283
[ep 026] val_sel AUC=0.5373 acc=0.3433
[ep 027] val_sel AUC=0.5373 acc=0.3285
[ep 028] val_sel AUC=0.5370 acc=0.3504
[ep 029] val_sel AUC=0.5376 acc=0.3285
[ep 030] val_sel AUC=0.5376 acc=0.3285
[ep 031] val_sel AUC=0.5375 acc=0.3285
[ep 032] val_sel AUC=0.5375 acc=0.3285
[ep 033] val_sel AUC=0.5288 acc=0.3285
[ep 034] val_sel AUC=0.5278 acc=0.3285
[ep 035] val_sel AUC=0.5275 acc=0.3433
[ep 036] val_sel AUC=0.5267 acc=0.3553
[ep 037] val_sel AUC=0.5357 acc=0.3612
[ep 038] val_sel AUC=0.5223 acc=0.3504
[ep 039] val_sel AUC=0.5107 acc=0.3529
[ep 040] val_sel AUC=0.5159 acc=0.3137
[ep 041] val_sel AUC=0.5358 acc=0.3723
[ep 042] val_sel AUC=0.5200 acc=0.3401
[ep 043] val_sel AUC=0.5478 acc=0.3634
[ep 044] val_sel AUC=0.5452 acc=0.3744
[ep 045] val_sel AUC=0.5479 acc=0.3699
[ep 046] val_sel AUC=0.5452 acc=0.3685
[ep 047] val_sel AUC=0.5760 acc=0.3670
[ep 048] val_sel AUC=0.5899 acc=0.4088
[ep 049] val_sel AUC=0.5719 acc=0.3916
[ep 050] val_sel AUC=0.5883 acc=0.4028
[ep 051] val_sel AUC=0.5765 acc=0.3972
[ep 052] val_sel AUC=0.5809 acc=0.4005
[ep 053] val_sel AUC=0.6106 acc=0.4448
[ep 054] val_sel AUC=0.6248 acc=0.4531
[ep 055] val_sel AUC=0.6469 acc=0.4751
[ep 056] val_sel AUC=0.6728 acc=0.4925
[ep 057] val_sel AUC=0.6847 acc=0.4887
[ep 058] val_sel AUC=0.6857 acc=0.5008
[ep 059] val_sel AUC=0.6882 acc=0.5012
[ep 060] val_sel AUC=0.7134 acc=0.5413
[ep 061] val_sel AUC=0.7407 acc=0.5670
[ep 062] val_sel AUC=0.7182 acc=0.5386
[ep 063] val_sel AUC=0.7315 acc=0.5258
[ep 064] val_sel AUC=0.7576 acc=0.5724
[ep 065] val_sel AUC=0.7436 acc=0.5328
[ep 066] val_sel AUC=0.7557 acc=0.5778
[ep 067] val_sel AUC=0.7576 acc=0.5681
[ep 068] val_sel AUC=0.7874 acc=0.6200
[ep 069] val_sel AUC=0.7834 acc=0.6127
[ep 070] val_sel AUC=0.7776 acc=0.5921
[ep 071] val_sel AUC=0.7576 acc=0.5719
[ep 072] val_sel AUC=0.7825 acc=0.5878
[ep 073] val_sel AUC=0.7889 acc=0.6250
[ep 074] val_sel AUC=0.8133 acc=0.6563
[ep 075] val_sel AUC=0.8064 acc=0.6489
[ep 076] val_sel AUC=0.7802 acc=0.5657
[ep 077] val_sel AUC=0.8048 acc=0.6480
[ep 078] val_sel AUC=0.8021 acc=0.6500
[ep 079] val_sel AUC=0.8148 acc=0.6503
[ep 080] val_sel AUC=0.8116 acc=0.6688
[ep 081] val_sel AUC=0.8140 acc=0.6556
[ep 082] val_sel AUC=0.8111 acc=0.6509
[ep 083] val_sel AUC=0.8147 acc=0.6617
[ep 084] val_sel AUC=0.8114 acc=0.6606
[ep 085] val_sel AUC=0.8079 acc=0.6599
[ep 086] val_sel AUC=0.8089 acc=0.6581
[ep 087] val_sel AUC=0.8104 acc=0.6547
[ep 088] val_sel AUC=0.8109 acc=0.6637
[ep 089] val_sel AUC=0.8097 acc=0.6641
[ep 090] val_sel AUC=0.8098 acc=0.6632
[ep 091] val_sel AUC=0.8096 acc=0.6652
[ep 092] val_sel AUC=0.8098 acc=0.6657
[ep 093] val_sel AUC=0.8097 acc=0.6659
[ep 094] val_sel AUC=0.8097 acc=0.6650
[ep 095] val_sel AUC=0.8097 acc=0.6641
[ep 096] val_sel AUC=0.8097 acc=0.6644
============================================================
TEST (best val_sel epoch, held-out, evaluated once)
============================================================
[DONE-QPE2] embed=conv model_III N=100 seed=51 test_AUC=0.8149 val_sel_AUC=0.8148 per_class=(axion=0.8839 cdm=0.6745 no_sub=0.8863) params=207619 embed_params=4160 R_frob_drift=None
