[INFO] QPE2 D=64 P=8 depth=4 | embed=conv | data=model_III N/class=100 seed=54 split_seed=0 | params=207619 embed_params=4160 lr=0.001 epochs=96 bs=32 | train(300, 64, 64) val_sel(4469, 64, 64) test(4470, 64, 64) device=cuda
[ep 001] val_sel AUC=0.4943 acc=0.3285
[ep 002] val_sel AUC=0.5274 acc=0.3433
[ep 003] val_sel AUC=0.5366 acc=0.3283
[ep 004] val_sel AUC=0.5383 acc=0.3285
[ep 005] val_sel AUC=0.5485 acc=0.3433
[ep 006] val_sel AUC=0.5503 acc=0.3433
[ep 007] val_sel AUC=0.5517 acc=0.3285
[ep 008] val_sel AUC=0.5491 acc=0.3283
[ep 009] val_sel AUC=0.5561 acc=0.3433
[ep 010] val_sel AUC=0.5439 acc=0.3283
[ep 011] val_sel AUC=0.5508 acc=0.3433
[ep 012] val_sel AUC=0.5450 acc=0.3283
[ep 013] val_sel AUC=0.5431 acc=0.3285
[ep 014] val_sel AUC=0.5422 acc=0.3433
[ep 015] val_sel AUC=0.5419 acc=0.3433
[ep 016] val_sel AUC=0.5378 acc=0.3285
[ep 017] val_sel AUC=0.5380 acc=0.3433
[ep 018] val_sel AUC=0.5351 acc=0.3283
[ep 019] val_sel AUC=0.5345 acc=0.3283
[ep 020] val_sel AUC=0.5340 acc=0.3285
[ep 021] val_sel AUC=0.5329 acc=0.3285
[ep 022] val_sel AUC=0.5321 acc=0.3283
[ep 023] val_sel AUC=0.5320 acc=0.3283
[ep 024] val_sel AUC=0.5311 acc=0.3455
[ep 025] val_sel AUC=0.5304 acc=0.3285
[ep 026] val_sel AUC=0.5301 acc=0.3285
[ep 027] val_sel AUC=0.5300 acc=0.3285
[ep 028] val_sel AUC=0.5301 acc=0.3285
[ep 029] val_sel AUC=0.5301 acc=0.3285
[ep 030] val_sel AUC=0.5301 acc=0.3285
[ep 031] val_sel AUC=0.5300 acc=0.3285
[ep 032] val_sel AUC=0.5300 acc=0.3285
[ep 033] val_sel AUC=0.5280 acc=0.3285
[ep 034] val_sel AUC=0.5279 acc=0.3435
[ep 035] val_sel AUC=0.5273 acc=0.3433
[ep 036] val_sel AUC=0.5284 acc=0.3283
[ep 037] val_sel AUC=0.5283 acc=0.3285
[ep 038] val_sel AUC=0.5317 acc=0.3433
[ep 039] val_sel AUC=0.5252 acc=0.3283
[ep 040] val_sel AUC=0.5225 acc=0.3433
[ep 041] val_sel AUC=0.5250 acc=0.3493
[ep 042] val_sel AUC=0.5224 acc=0.3285
[ep 043] val_sel AUC=0.5289 acc=0.3493
[ep 044] val_sel AUC=0.5401 acc=0.3303
[ep 045] val_sel AUC=0.5335 acc=0.3473
[ep 046] val_sel AUC=0.5382 acc=0.3484
[ep 047] val_sel AUC=0.5346 acc=0.3565
[ep 048] val_sel AUC=0.5410 acc=0.3562
[ep 049] val_sel AUC=0.5477 acc=0.3641
[ep 050] val_sel AUC=0.5447 acc=0.3670
[ep 051] val_sel AUC=0.5434 acc=0.3647
[ep 052] val_sel AUC=0.5411 acc=0.3681
[ep 053] val_sel AUC=0.5474 acc=0.3618
[ep 054] val_sel AUC=0.5454 acc=0.3641
[ep 055] val_sel AUC=0.5490 acc=0.3679
[ep 056] val_sel AUC=0.5461 acc=0.3656
[ep 057] val_sel AUC=0.5488 acc=0.3614
[ep 058] val_sel AUC=0.5478 acc=0.3764
[ep 059] val_sel AUC=0.5528 acc=0.3697
[ep 060] val_sel AUC=0.5733 acc=0.3938
[ep 061] val_sel AUC=0.5795 acc=0.3987
[ep 062] val_sel AUC=0.5902 acc=0.4072
[ep 063] val_sel AUC=0.5993 acc=0.4209
[ep 064] val_sel AUC=0.5999 acc=0.4225
[ep 065] val_sel AUC=0.6047 acc=0.4267
[ep 066] val_sel AUC=0.6101 acc=0.4290
[ep 067] val_sel AUC=0.6103 acc=0.4379
[ep 068] val_sel AUC=0.6042 acc=0.4220
[ep 069] val_sel AUC=0.6127 acc=0.4305
[ep 070] val_sel AUC=0.6182 acc=0.4401
[ep 071] val_sel AUC=0.6156 acc=0.4287
[ep 072] val_sel AUC=0.6154 acc=0.4395
[ep 073] val_sel AUC=0.6228 acc=0.4511
[ep 074] val_sel AUC=0.6273 acc=0.4509
[ep 075] val_sel AUC=0.6294 acc=0.4531
[ep 076] val_sel AUC=0.6234 acc=0.4431
[ep 077] val_sel AUC=0.6302 acc=0.4547
[ep 078] val_sel AUC=0.6300 acc=0.4489
[ep 079] val_sel AUC=0.6316 acc=0.4558
[ep 080] val_sel AUC=0.6274 acc=0.4457
[ep 081] val_sel AUC=0.6333 acc=0.4571
[ep 082] val_sel AUC=0.6337 acc=0.4576
[ep 083] val_sel AUC=0.6324 acc=0.4607
[ep 084] val_sel AUC=0.6296 acc=0.4627
[ep 085] val_sel AUC=0.6294 acc=0.4639
[ep 086] val_sel AUC=0.6314 acc=0.4663
[ep 087] val_sel AUC=0.6325 acc=0.4630
[ep 088] val_sel AUC=0.6319 acc=0.4661
[ep 089] val_sel AUC=0.6317 acc=0.4674
[ep 090] val_sel AUC=0.6311 acc=0.4663
[ep 091] val_sel AUC=0.6309 acc=0.4657
[ep 092] val_sel AUC=0.6308 acc=0.4659
[ep 093] val_sel AUC=0.6309 acc=0.4668
[ep 094] val_sel AUC=0.6310 acc=0.4679
[ep 095] val_sel AUC=0.6309 acc=0.4679
[ep 096] val_sel AUC=0.6309 acc=0.4679
============================================================
TEST (best val_sel epoch, held-out, evaluated once)
============================================================
[DONE-QPE2] embed=conv model_III N=100 seed=54 test_AUC=0.6289 val_sel_AUC=0.6337 per_class=(axion=0.6777 cdm=0.5321 no_sub=0.6769) params=207619 embed_params=4160 R_frob_drift=None
