[INFO] QPE2 D=64 P=8 depth=4 | embed=conv | data=model_III N/class=100 seed=60 split_seed=0 | params=207619 embed_params=4160 lr=0.001 epochs=96 bs=32 | train(300, 64, 64) val_sel(4469, 64, 64) test(4470, 64, 64) device=cuda
[ep 001] val_sel AUC=0.4943 acc=0.3433
[ep 002] val_sel AUC=0.4859 acc=0.3283
[ep 003] val_sel AUC=0.4882 acc=0.3433
[ep 004] val_sel AUC=0.4911 acc=0.3305
[ep 005] val_sel AUC=0.4927 acc=0.3186
[ep 006] val_sel AUC=0.4998 acc=0.3433
[ep 007] val_sel AUC=0.5013 acc=0.3285
[ep 008] val_sel AUC=0.5034 acc=0.3433
[ep 009] val_sel AUC=0.5049 acc=0.3283
[ep 010] val_sel AUC=0.5072 acc=0.3433
[ep 011] val_sel AUC=0.5085 acc=0.3283
[ep 012] val_sel AUC=0.5095 acc=0.3433
[ep 013] val_sel AUC=0.5105 acc=0.3283
[ep 014] val_sel AUC=0.5110 acc=0.3330
[ep 015] val_sel AUC=0.5118 acc=0.3285
[ep 016] val_sel AUC=0.5117 acc=0.3433
[ep 017] val_sel AUC=0.5105 acc=0.3283
[ep 018] val_sel AUC=0.5114 acc=0.3285
[ep 019] val_sel AUC=0.5122 acc=0.3433
[ep 020] val_sel AUC=0.5112 acc=0.3283
[ep 021] val_sel AUC=0.5119 acc=0.3285
[ep 022] val_sel AUC=0.5128 acc=0.3285
[ep 023] val_sel AUC=0.5130 acc=0.3433
[ep 024] val_sel AUC=0.5132 acc=0.3283
[ep 025] val_sel AUC=0.5144 acc=0.3332
[ep 026] val_sel AUC=0.5154 acc=0.3249
[ep 027] val_sel AUC=0.5162 acc=0.3495
[ep 028] val_sel AUC=0.5169 acc=0.3488
[ep 029] val_sel AUC=0.5173 acc=0.3488
[ep 030] val_sel AUC=0.5176 acc=0.3509
[ep 031] val_sel AUC=0.5177 acc=0.3491
[ep 032] val_sel AUC=0.5177 acc=0.3493
[ep 033] val_sel AUC=0.5335 acc=0.3500
[ep 034] val_sel AUC=0.5393 acc=0.3612
[ep 035] val_sel AUC=0.5410 acc=0.3527
[ep 036] val_sel AUC=0.5432 acc=0.3522
[ep 037] val_sel AUC=0.5376 acc=0.3527
[ep 038] val_sel AUC=0.5431 acc=0.3547
[ep 039] val_sel AUC=0.5426 acc=0.3556
[ep 040] val_sel AUC=0.5408 acc=0.3685
[ep 041] val_sel AUC=0.5430 acc=0.3524
[ep 042] val_sel AUC=0.5437 acc=0.3674
[ep 043] val_sel AUC=0.5456 acc=0.3612
[ep 044] val_sel AUC=0.5477 acc=0.3618
[ep 045] val_sel AUC=0.5422 acc=0.3643
[ep 046] val_sel AUC=0.5406 acc=0.3578
[ep 047] val_sel AUC=0.5377 acc=0.3462
[ep 048] val_sel AUC=0.5417 acc=0.3529
[ep 049] val_sel AUC=0.5407 acc=0.3495
[ep 050] val_sel AUC=0.5460 acc=0.3650
[ep 051] val_sel AUC=0.5486 acc=0.3688
[ep 052] val_sel AUC=0.5515 acc=0.3620
[ep 053] val_sel AUC=0.5558 acc=0.3694
[ep 054] val_sel AUC=0.5758 acc=0.3746
[ep 055] val_sel AUC=0.5752 acc=0.3934
[ep 056] val_sel AUC=0.5910 acc=0.3701
[ep 057] val_sel AUC=0.5668 acc=0.3893
[ep 058] val_sel AUC=0.5781 acc=0.3961
[ep 059] val_sel AUC=0.6000 acc=0.3958
[ep 060] val_sel AUC=0.6077 acc=0.4061
[ep 061] val_sel AUC=0.6171 acc=0.4008
[ep 062] val_sel AUC=0.6248 acc=0.4372
[ep 063] val_sel AUC=0.6297 acc=0.4554
[ep 064] val_sel AUC=0.6387 acc=0.4475
[ep 065] val_sel AUC=0.6524 acc=0.4789
[ep 066] val_sel AUC=0.6400 acc=0.4041
[ep 067] val_sel AUC=0.6638 acc=0.4451
[ep 068] val_sel AUC=0.6659 acc=0.4972
[ep 069] val_sel AUC=0.6892 acc=0.5122
[ep 070] val_sel AUC=0.6954 acc=0.5214
[ep 071] val_sel AUC=0.7197 acc=0.5498
[ep 072] val_sel AUC=0.7269 acc=0.5402
[ep 073] val_sel AUC=0.7471 acc=0.5708
[ep 074] val_sel AUC=0.7433 acc=0.5469
[ep 075] val_sel AUC=0.7256 acc=0.5343
[ep 076] val_sel AUC=0.7359 acc=0.5274
[ep 077] val_sel AUC=0.7531 acc=0.5511
[ep 078] val_sel AUC=0.7594 acc=0.5724
[ep 079] val_sel AUC=0.7484 acc=0.5502
[ep 080] val_sel AUC=0.7606 acc=0.5793
[ep 081] val_sel AUC=0.7633 acc=0.5766
[ep 082] val_sel AUC=0.7599 acc=0.5677
[ep 083] val_sel AUC=0.7673 acc=0.5831
[ep 084] val_sel AUC=0.7675 acc=0.5798
[ep 085] val_sel AUC=0.7666 acc=0.5818
[ep 086] val_sel AUC=0.7678 acc=0.5825
[ep 087] val_sel AUC=0.7668 acc=0.5816
[ep 088] val_sel AUC=0.7682 acc=0.5849
[ep 089] val_sel AUC=0.7679 acc=0.5834
[ep 090] val_sel AUC=0.7688 acc=0.5802
[ep 091] val_sel AUC=0.7683 acc=0.5836
[ep 092] val_sel AUC=0.7683 acc=0.5829
[ep 093] val_sel AUC=0.7680 acc=0.5847
[ep 094] val_sel AUC=0.7677 acc=0.5842
[ep 095] val_sel AUC=0.7677 acc=0.5829
[ep 096] val_sel AUC=0.7676 acc=0.5820
============================================================
TEST (best val_sel epoch, held-out, evaluated once)
============================================================
[DONE-QPE2] embed=conv model_III N=100 seed=60 test_AUC=0.7862 val_sel_AUC=0.7688 per_class=(axion=0.8687 cdm=0.6666 no_sub=0.8233) params=207619 embed_params=4160 R_frob_drift=None
