[INFO] QPE2 D=64 P=8 depth=4 | embed=conv | data=model_II N/class=100 seed=44 split_seed=0 | params=207619 embed_params=4160 lr=0.001 epochs=96 bs=32 | train(300, 64, 64) val_sel(4455, 64, 64) test(4455, 64, 64) device=cuda
[ep 001] val_sel AUC=0.5252 acc=0.3473
[ep 002] val_sel AUC=0.5184 acc=0.3237
[ep 003] val_sel AUC=0.5217 acc=0.3473
[ep 004] val_sel AUC=0.5244 acc=0.3291
[ep 005] val_sel AUC=0.5258 acc=0.3237
[ep 006] val_sel AUC=0.5281 acc=0.3473
[ep 007] val_sel AUC=0.5282 acc=0.3291
[ep 008] val_sel AUC=0.5281 acc=0.3470
[ep 009] val_sel AUC=0.5276 acc=0.3237
[ep 010] val_sel AUC=0.5281 acc=0.3544
[ep 011] val_sel AUC=0.5271 acc=0.3237
[ep 012] val_sel AUC=0.5277 acc=0.3562
[ep 013] val_sel AUC=0.5260 acc=0.3423
[ep 014] val_sel AUC=0.5250 acc=0.3636
[ep 015] val_sel AUC=0.5238 acc=0.3389
[ep 016] val_sel AUC=0.5282 acc=0.3587
[ep 017] val_sel AUC=0.5311 acc=0.3636
[ep 018] val_sel AUC=0.5301 acc=0.3578
[ep 019] val_sel AUC=0.5280 acc=0.3345
[ep 020] val_sel AUC=0.5299 acc=0.3481
[ep 021] val_sel AUC=0.5351 acc=0.3621
[ep 022] val_sel AUC=0.5342 acc=0.3654
[ep 023] val_sel AUC=0.5324 acc=0.3477
[ep 024] val_sel AUC=0.5324 acc=0.3486
[ep 025] val_sel AUC=0.5354 acc=0.3614
[ep 026] val_sel AUC=0.5360 acc=0.3621
[ep 027] val_sel AUC=0.5369 acc=0.3627
[ep 028] val_sel AUC=0.5372 acc=0.3675
[ep 029] val_sel AUC=0.5376 acc=0.3661
[ep 030] val_sel AUC=0.5376 acc=0.3645
[ep 031] val_sel AUC=0.5377 acc=0.3652
[ep 032] val_sel AUC=0.5378 acc=0.3650
[ep 033] val_sel AUC=0.5440 acc=0.3652
[ep 034] val_sel AUC=0.5541 acc=0.3621
[ep 035] val_sel AUC=0.5607 acc=0.3935
[ep 036] val_sel AUC=0.5650 acc=0.3890
[ep 037] val_sel AUC=0.5710 acc=0.3668
[ep 038] val_sel AUC=0.5681 acc=0.3971
[ep 039] val_sel AUC=0.6004 acc=0.3661
[ep 040] val_sel AUC=0.5955 acc=0.3827
[ep 041] val_sel AUC=0.6036 acc=0.4175
[ep 042] val_sel AUC=0.5870 acc=0.3910
[ep 043] val_sel AUC=0.5561 acc=0.3964
[ep 044] val_sel AUC=0.5605 acc=0.3715
[ep 045] val_sel AUC=0.5751 acc=0.4031
[ep 046] val_sel AUC=0.5944 acc=0.4121
[ep 047] val_sel AUC=0.6021 acc=0.4290
[ep 048] val_sel AUC=0.6507 acc=0.4783
[ep 049] val_sel AUC=0.6472 acc=0.4584
[ep 050] val_sel AUC=0.6396 acc=0.4617
[ep 051] val_sel AUC=0.6684 acc=0.4664
[ep 052] val_sel AUC=0.6747 acc=0.4804
[ep 053] val_sel AUC=0.6991 acc=0.4844
[ep 054] val_sel AUC=0.7108 acc=0.5275
[ep 055] val_sel AUC=0.6986 acc=0.4963
[ep 056] val_sel AUC=0.7255 acc=0.5499
[ep 057] val_sel AUC=0.7260 acc=0.5430
[ep 058] val_sel AUC=0.7322 acc=0.5134
[ep 059] val_sel AUC=0.7362 acc=0.5598
[ep 060] val_sel AUC=0.7453 acc=0.5576
[ep 061] val_sel AUC=0.7445 acc=0.5791
[ep 062] val_sel AUC=0.7415 acc=0.5690
[ep 063] val_sel AUC=0.7478 acc=0.5820
[ep 064] val_sel AUC=0.7439 acc=0.5553
[ep 065] val_sel AUC=0.7532 acc=0.5865
[ep 066] val_sel AUC=0.7538 acc=0.5793
[ep 067] val_sel AUC=0.7569 acc=0.5859
[ep 068] val_sel AUC=0.7670 acc=0.6025
[ep 069] val_sel AUC=0.7723 acc=0.5827
[ep 070] val_sel AUC=0.7723 acc=0.5699
[ep 071] val_sel AUC=0.7685 acc=0.6103
[ep 072] val_sel AUC=0.7804 acc=0.6166
[ep 073] val_sel AUC=0.7718 acc=0.6054
[ep 074] val_sel AUC=0.7803 acc=0.6198
[ep 075] val_sel AUC=0.7705 acc=0.5921
[ep 076] val_sel AUC=0.7824 acc=0.6175
[ep 077] val_sel AUC=0.7849 acc=0.6112
[ep 078] val_sel AUC=0.7873 acc=0.6198
[ep 079] val_sel AUC=0.7798 acc=0.5930
[ep 080] val_sel AUC=0.7863 acc=0.6204
[ep 081] val_sel AUC=0.7896 acc=0.6227
[ep 082] val_sel AUC=0.7884 acc=0.6195
[ep 083] val_sel AUC=0.7892 acc=0.6220
[ep 084] val_sel AUC=0.7886 acc=0.6240
[ep 085] val_sel AUC=0.7886 acc=0.6242
[ep 086] val_sel AUC=0.7889 acc=0.6231
[ep 087] val_sel AUC=0.7886 acc=0.6269
[ep 088] val_sel AUC=0.7882 acc=0.6242
[ep 089] val_sel AUC=0.7878 acc=0.6182
[ep 090] val_sel AUC=0.7888 acc=0.6242
[ep 091] val_sel AUC=0.7887 acc=0.6249
[ep 092] val_sel AUC=0.7881 acc=0.6220
[ep 093] val_sel AUC=0.7881 acc=0.6215
[ep 094] val_sel AUC=0.7880 acc=0.6209
[ep 095] val_sel AUC=0.7881 acc=0.6218
[ep 096] val_sel AUC=0.7881 acc=0.6220
============================================================
TEST (best val_sel epoch, held-out, evaluated once)
============================================================
[DONE-QPE2] embed=conv model_II N=100 seed=44 test_AUC=0.7848 val_sel_AUC=0.7896 per_class=(axion=0.8656 cdm=0.6462 no_sub=0.8427) params=207619 embed_params=4160 R_frob_drift=None
