[INFO] QPE2 D=64 P=8 depth=4 | embed=conv | data=model_II N/class=100 seed=57 split_seed=0 | params=207619 embed_params=4160 lr=0.001 epochs=96 bs=32 | train(300, 64, 64) val_sel(4455, 64, 64) test(4455, 64, 64) device=cuda
[ep 001] val_sel AUC=0.4730 acc=0.3237
[ep 002] val_sel AUC=0.4685 acc=0.3291
[ep 003] val_sel AUC=0.4747 acc=0.3237
[ep 004] val_sel AUC=0.4839 acc=0.3473
[ep 005] val_sel AUC=0.4844 acc=0.3237
[ep 006] val_sel AUC=0.4877 acc=0.3473
[ep 007] val_sel AUC=0.4908 acc=0.3473
[ep 008] val_sel AUC=0.4942 acc=0.3291
[ep 009] val_sel AUC=0.4981 acc=0.3473
[ep 010] val_sel AUC=0.4996 acc=0.3237
[ep 011] val_sel AUC=0.5012 acc=0.3473
[ep 012] val_sel AUC=0.5017 acc=0.3102
[ep 013] val_sel AUC=0.5037 acc=0.3291
[ep 014] val_sel AUC=0.5057 acc=0.3473
[ep 015] val_sel AUC=0.5060 acc=0.3291
[ep 016] val_sel AUC=0.5071 acc=0.3473
[ep 017] val_sel AUC=0.5081 acc=0.3473
[ep 018] val_sel AUC=0.5085 acc=0.3291
[ep 019] val_sel AUC=0.5096 acc=0.3291
[ep 020] val_sel AUC=0.5112 acc=0.3291
[ep 021] val_sel AUC=0.5118 acc=0.3473
[ep 022] val_sel AUC=0.5117 acc=0.3237
[ep 023] val_sel AUC=0.5125 acc=0.3499
[ep 024] val_sel AUC=0.5132 acc=0.3473
[ep 025] val_sel AUC=0.5135 acc=0.3464
[ep 026] val_sel AUC=0.5137 acc=0.3291
[ep 027] val_sel AUC=0.5138 acc=0.3291
[ep 028] val_sel AUC=0.5139 acc=0.3291
[ep 029] val_sel AUC=0.5138 acc=0.3291
[ep 030] val_sel AUC=0.5139 acc=0.3740
[ep 031] val_sel AUC=0.5139 acc=0.3556
[ep 032] val_sel AUC=0.5139 acc=0.3295
[ep 033] val_sel AUC=0.5164 acc=0.3291
[ep 034] val_sel AUC=0.5160 acc=0.3473
[ep 035] val_sel AUC=0.5168 acc=0.3291
[ep 036] val_sel AUC=0.5183 acc=0.3473
[ep 037] val_sel AUC=0.5198 acc=0.3237
[ep 038] val_sel AUC=0.5212 acc=0.3473
[ep 039] val_sel AUC=0.5214 acc=0.3473
[ep 040] val_sel AUC=0.5214 acc=0.3291
[ep 041] val_sel AUC=0.5205 acc=0.3473
[ep 042] val_sel AUC=0.5171 acc=0.3291
[ep 043] val_sel AUC=0.5173 acc=0.3351
[ep 044] val_sel AUC=0.5237 acc=0.3473
[ep 045] val_sel AUC=0.5278 acc=0.3446
[ep 046] val_sel AUC=0.5122 acc=0.3389
[ep 047] val_sel AUC=0.5398 acc=0.3490
[ep 048] val_sel AUC=0.5352 acc=0.3558
[ep 049] val_sel AUC=0.5215 acc=0.3226
[ep 050] val_sel AUC=0.5313 acc=0.3634
[ep 051] val_sel AUC=0.5413 acc=0.3634
[ep 052] val_sel AUC=0.5410 acc=0.3717
[ep 053] val_sel AUC=0.5400 acc=0.3692
[ep 054] val_sel AUC=0.5448 acc=0.3670
[ep 055] val_sel AUC=0.5576 acc=0.3753
[ep 056] val_sel AUC=0.5675 acc=0.4007
[ep 057] val_sel AUC=0.5687 acc=0.4047
[ep 058] val_sel AUC=0.5874 acc=0.4090
[ep 059] val_sel AUC=0.5978 acc=0.4180
[ep 060] val_sel AUC=0.5793 acc=0.3627
[ep 061] val_sel AUC=0.5898 acc=0.3802
[ep 062] val_sel AUC=0.5928 acc=0.3942
[ep 063] val_sel AUC=0.6016 acc=0.4287
[ep 064] val_sel AUC=0.6214 acc=0.4236
[ep 065] val_sel AUC=0.6393 acc=0.4640
[ep 066] val_sel AUC=0.6519 acc=0.4570
[ep 067] val_sel AUC=0.6302 acc=0.4310
[ep 068] val_sel AUC=0.6611 acc=0.4873
[ep 069] val_sel AUC=0.6708 acc=0.4976
[ep 070] val_sel AUC=0.6837 acc=0.4999
[ep 071] val_sel AUC=0.6933 acc=0.4967
[ep 072] val_sel AUC=0.6624 acc=0.4521
[ep 073] val_sel AUC=0.6852 acc=0.4909
[ep 074] val_sel AUC=0.6941 acc=0.5006
[ep 075] val_sel AUC=0.6751 acc=0.4792
[ep 076] val_sel AUC=0.7006 acc=0.5232
[ep 077] val_sel AUC=0.7051 acc=0.5154
[ep 078] val_sel AUC=0.7069 acc=0.5167
[ep 079] val_sel AUC=0.7135 acc=0.5275
[ep 080] val_sel AUC=0.7209 acc=0.5367
[ep 081] val_sel AUC=0.7225 acc=0.5354
[ep 082] val_sel AUC=0.7218 acc=0.5331
[ep 083] val_sel AUC=0.7263 acc=0.5448
[ep 084] val_sel AUC=0.7277 acc=0.5425
[ep 085] val_sel AUC=0.7284 acc=0.5389
[ep 086] val_sel AUC=0.7352 acc=0.5576
[ep 087] val_sel AUC=0.7337 acc=0.5520
[ep 088] val_sel AUC=0.7363 acc=0.5625
[ep 089] val_sel AUC=0.7378 acc=0.5614
[ep 090] val_sel AUC=0.7373 acc=0.5594
[ep 091] val_sel AUC=0.7381 acc=0.5636
[ep 092] val_sel AUC=0.7387 acc=0.5659
[ep 093] val_sel AUC=0.7387 acc=0.5652
[ep 094] val_sel AUC=0.7390 acc=0.5659
[ep 095] val_sel AUC=0.7391 acc=0.5668
[ep 096] val_sel AUC=0.7392 acc=0.5663
============================================================
TEST (best val_sel epoch, held-out, evaluated once)
============================================================
[DONE-QPE2] embed=conv model_II N=100 seed=57 test_AUC=0.7380 val_sel_AUC=0.7392 per_class=(axion=0.8221 cdm=0.6042 no_sub=0.7877) params=207619 embed_params=4160 R_frob_drift=None
