[INFO] QPE2 D=64 P=8 depth=4 | embed=conv | data=model_III N/class=250 seed=44 split_seed=0 | params=207619 embed_params=4160 lr=0.001 epochs=96 bs=32 | train(750, 64, 64) val_sel(4469, 64, 64) test(4470, 64, 64) device=cuda
[ep 001] val_sel AUC=0.5213 acc=0.3283
[ep 002] val_sel AUC=0.5320 acc=0.3283
[ep 003] val_sel AUC=0.5259 acc=0.3433
[ep 004] val_sel AUC=0.5327 acc=0.3433
[ep 005] val_sel AUC=0.5372 acc=0.3558
[ep 006] val_sel AUC=0.5422 acc=0.3285
[ep 007] val_sel AUC=0.5442 acc=0.3283
[ep 008] val_sel AUC=0.5448 acc=0.3283
[ep 009] val_sel AUC=0.5406 acc=0.3547
[ep 010] val_sel AUC=0.5428 acc=0.3433
[ep 011] val_sel AUC=0.5477 acc=0.3430
[ep 012] val_sel AUC=0.5500 acc=0.3289
[ep 013] val_sel AUC=0.5377 acc=0.3446
[ep 014] val_sel AUC=0.5464 acc=0.3712
[ep 015] val_sel AUC=0.5521 acc=0.3493
[ep 016] val_sel AUC=0.5457 acc=0.3620
[ep 017] val_sel AUC=0.5656 acc=0.3795
[ep 018] val_sel AUC=0.5666 acc=0.3797
[ep 019] val_sel AUC=0.5806 acc=0.3802
[ep 020] val_sel AUC=0.5986 acc=0.4077
[ep 021] val_sel AUC=0.6161 acc=0.4178
[ep 022] val_sel AUC=0.6391 acc=0.4498
[ep 023] val_sel AUC=0.6478 acc=0.4502
[ep 024] val_sel AUC=0.6598 acc=0.4677
[ep 025] val_sel AUC=0.6664 acc=0.4791
[ep 026] val_sel AUC=0.6716 acc=0.4813
[ep 027] val_sel AUC=0.6798 acc=0.4912
[ep 028] val_sel AUC=0.6835 acc=0.4938
[ep 029] val_sel AUC=0.6869 acc=0.4909
[ep 030] val_sel AUC=0.6885 acc=0.4983
[ep 031] val_sel AUC=0.6890 acc=0.4950
[ep 032] val_sel AUC=0.6891 acc=0.4945
[ep 033] val_sel AUC=0.6770 acc=0.4578
[ep 034] val_sel AUC=0.6735 acc=0.4697
[ep 035] val_sel AUC=0.6424 acc=0.4357
[ep 036] val_sel AUC=0.7051 acc=0.4923
[ep 037] val_sel AUC=0.7078 acc=0.5003
[ep 038] val_sel AUC=0.7053 acc=0.4829
[ep 039] val_sel AUC=0.7259 acc=0.5144
[ep 040] val_sel AUC=0.7627 acc=0.5625
[ep 041] val_sel AUC=0.7410 acc=0.5160
[ep 042] val_sel AUC=0.7007 acc=0.4618
[ep 043] val_sel AUC=0.7239 acc=0.4934
[ep 044] val_sel AUC=0.7694 acc=0.5679
[ep 045] val_sel AUC=0.7274 acc=0.5332
[ep 046] val_sel AUC=0.7705 acc=0.5719
[ep 047] val_sel AUC=0.7626 acc=0.5563
[ep 048] val_sel AUC=0.7648 acc=0.5552
[ep 049] val_sel AUC=0.7986 acc=0.5948
[ep 050] val_sel AUC=0.7955 acc=0.6306
[ep 051] val_sel AUC=0.7831 acc=0.5847
[ep 052] val_sel AUC=0.8133 acc=0.6196
[ep 053] val_sel AUC=0.8098 acc=0.6073
[ep 054] val_sel AUC=0.8118 acc=0.6359
[ep 055] val_sel AUC=0.8237 acc=0.6364
[ep 056] val_sel AUC=0.8280 acc=0.6550
[ep 057] val_sel AUC=0.8409 acc=0.6771
[ep 058] val_sel AUC=0.8228 acc=0.6362
[ep 059] val_sel AUC=0.8334 acc=0.6697
[ep 060] val_sel AUC=0.8025 acc=0.6212
[ep 061] val_sel AUC=0.8399 acc=0.6785
[ep 062] val_sel AUC=0.8419 acc=0.6785
[ep 063] val_sel AUC=0.8477 acc=0.6849
[ep 064] val_sel AUC=0.8071 acc=0.6344
[ep 065] val_sel AUC=0.8550 acc=0.7013
[ep 066] val_sel AUC=0.8498 acc=0.6923
[ep 067] val_sel AUC=0.8548 acc=0.6959
[ep 068] val_sel AUC=0.8531 acc=0.7037
[ep 069] val_sel AUC=0.8640 acc=0.6959
[ep 070] val_sel AUC=0.8661 acc=0.7181
[ep 071] val_sel AUC=0.8581 acc=0.7031
[ep 072] val_sel AUC=0.8594 acc=0.7051
[ep 073] val_sel AUC=0.8667 acc=0.7181
[ep 074] val_sel AUC=0.8694 acc=0.7239
[ep 075] val_sel AUC=0.8589 acc=0.7098
[ep 076] val_sel AUC=0.8663 acc=0.7190
[ep 077] val_sel AUC=0.8667 acc=0.7098
[ep 078] val_sel AUC=0.8710 acc=0.7290
[ep 079] val_sel AUC=0.8688 acc=0.7310
[ep 080] val_sel AUC=0.8683 acc=0.7317
[ep 081] val_sel AUC=0.8699 acc=0.7315
[ep 082] val_sel AUC=0.8721 acc=0.7326
[ep 083] val_sel AUC=0.8691 acc=0.7355
[ep 084] val_sel AUC=0.8670 acc=0.7221
[ep 085] val_sel AUC=0.8687 acc=0.7344
[ep 086] val_sel AUC=0.8725 acc=0.7422
[ep 087] val_sel AUC=0.8705 acc=0.7337
[ep 088] val_sel AUC=0.8711 acc=0.7382
[ep 089] val_sel AUC=0.8710 acc=0.7395
[ep 090] val_sel AUC=0.8677 acc=0.7301
[ep 091] val_sel AUC=0.8713 acc=0.7389
[ep 092] val_sel AUC=0.8704 acc=0.7377
[ep 093] val_sel AUC=0.8710 acc=0.7416
[ep 094] val_sel AUC=0.8709 acc=0.7411
[ep 095] val_sel AUC=0.8708 acc=0.7404
[ep 096] val_sel AUC=0.8707 acc=0.7404
============================================================
TEST (best val_sel epoch, held-out, evaluated once)
============================================================
[DONE-QPE2] embed=conv model_III N=250 seed=44 test_AUC=0.8814 val_sel_AUC=0.8725 per_class=(axion=0.9171 cdm=0.7867 no_sub=0.9404) params=207619 embed_params=4160 R_frob_drift=None
