[INFO] QPE2 D=64 P=8 depth=4 | embed=conv | data=model_II N/class=250 seed=54 split_seed=0 | params=207619 embed_params=4160 lr=0.001 epochs=96 bs=32 | train(750, 64, 64) val_sel(4455, 64, 64) test(4455, 64, 64) device=cuda
[ep 001] val_sel AUC=0.5416 acc=0.3291
[ep 002] val_sel AUC=0.5246 acc=0.3291
[ep 003] val_sel AUC=0.5288 acc=0.3291
[ep 004] val_sel AUC=0.5262 acc=0.3291
[ep 005] val_sel AUC=0.5227 acc=0.3291
[ep 006] val_sel AUC=0.5182 acc=0.3237
[ep 007] val_sel AUC=0.5212 acc=0.3405
[ep 008] val_sel AUC=0.5169 acc=0.3291
[ep 009] val_sel AUC=0.5076 acc=0.3291
[ep 010] val_sel AUC=0.5057 acc=0.3473
[ep 011] val_sel AUC=0.5108 acc=0.3237
[ep 012] val_sel AUC=0.5121 acc=0.3473
[ep 013] val_sel AUC=0.5144 acc=0.3237
[ep 014] val_sel AUC=0.5161 acc=0.3291
[ep 015] val_sel AUC=0.5223 acc=0.3356
[ep 016] val_sel AUC=0.5311 acc=0.3719
[ep 017] val_sel AUC=0.5301 acc=0.3349
[ep 018] val_sel AUC=0.5365 acc=0.3562
[ep 019] val_sel AUC=0.5477 acc=0.3587
[ep 020] val_sel AUC=0.5509 acc=0.3659
[ep 021] val_sel AUC=0.5612 acc=0.3861
[ep 022] val_sel AUC=0.5657 acc=0.3735
[ep 023] val_sel AUC=0.5768 acc=0.3924
[ep 024] val_sel AUC=0.5909 acc=0.4153
[ep 025] val_sel AUC=0.6052 acc=0.4258
[ep 026] val_sel AUC=0.6213 acc=0.4272
[ep 027] val_sel AUC=0.6517 acc=0.4541
[ep 028] val_sel AUC=0.6648 acc=0.4763
[ep 029] val_sel AUC=0.6697 acc=0.4723
[ep 030] val_sel AUC=0.6802 acc=0.4842
[ep 031] val_sel AUC=0.6825 acc=0.4902
[ep 032] val_sel AUC=0.6837 acc=0.4898
[ep 033] val_sel AUC=0.6125 acc=0.4056
[ep 034] val_sel AUC=0.6442 acc=0.4637
[ep 035] val_sel AUC=0.6510 acc=0.4613
[ep 036] val_sel AUC=0.7157 acc=0.4920
[ep 037] val_sel AUC=0.6693 acc=0.4563
[ep 038] val_sel AUC=0.6880 acc=0.4384
[ep 039] val_sel AUC=0.7225 acc=0.5244
[ep 040] val_sel AUC=0.7844 acc=0.5430
[ep 041] val_sel AUC=0.6779 acc=0.4570
[ep 042] val_sel AUC=0.7487 acc=0.5428
[ep 043] val_sel AUC=0.7867 acc=0.6123
[ep 044] val_sel AUC=0.8126 acc=0.6471
[ep 045] val_sel AUC=0.8024 acc=0.6018
[ep 046] val_sel AUC=0.8295 acc=0.6550
[ep 047] val_sel AUC=0.7875 acc=0.5843
[ep 048] val_sel AUC=0.8468 acc=0.6844
[ep 049] val_sel AUC=0.8391 acc=0.6730
[ep 050] val_sel AUC=0.8377 acc=0.6384
[ep 051] val_sel AUC=0.8494 acc=0.6891
[ep 052] val_sel AUC=0.7832 acc=0.4440
[ep 053] val_sel AUC=0.8419 acc=0.6772
[ep 054] val_sel AUC=0.8527 acc=0.7044
[ep 055] val_sel AUC=0.8619 acc=0.6949
[ep 056] val_sel AUC=0.8666 acc=0.7118
[ep 057] val_sel AUC=0.8733 acc=0.7331
[ep 058] val_sel AUC=0.8473 acc=0.6972
[ep 059] val_sel AUC=0.8885 acc=0.7468
[ep 060] val_sel AUC=0.8913 acc=0.7630
[ep 061] val_sel AUC=0.8642 acc=0.6994
[ep 062] val_sel AUC=0.8932 acc=0.7484
[ep 063] val_sel AUC=0.8673 acc=0.7306
[ep 064] val_sel AUC=0.8989 acc=0.7414
[ep 065] val_sel AUC=0.8860 acc=0.7306
[ep 066] val_sel AUC=0.8574 acc=0.7143
[ep 067] val_sel AUC=0.8749 acc=0.7365
[ep 068] val_sel AUC=0.8991 acc=0.7675
[ep 069] val_sel AUC=0.8924 acc=0.7603
[ep 070] val_sel AUC=0.8838 acc=0.7441
[ep 071] val_sel AUC=0.8974 acc=0.7582
[ep 072] val_sel AUC=0.8924 acc=0.7562
[ep 073] val_sel AUC=0.8661 acc=0.7017
[ep 074] val_sel AUC=0.9055 acc=0.7719
[ep 075] val_sel AUC=0.9071 acc=0.7850
[ep 076] val_sel AUC=0.9042 acc=0.7686
[ep 077] val_sel AUC=0.8808 acc=0.7219
[ep 078] val_sel AUC=0.9139 acc=0.7847
[ep 079] val_sel AUC=0.9103 acc=0.7888
[ep 080] val_sel AUC=0.9120 acc=0.7854
[ep 081] val_sel AUC=0.9109 acc=0.7895
[ep 082] val_sel AUC=0.9140 acc=0.7877
[ep 083] val_sel AUC=0.9126 acc=0.7897
[ep 084] val_sel AUC=0.9147 acc=0.7937
[ep 085] val_sel AUC=0.9165 acc=0.7948
[ep 086] val_sel AUC=0.9121 acc=0.7886
[ep 087] val_sel AUC=0.9155 acc=0.7989
[ep 088] val_sel AUC=0.9157 acc=0.7998
[ep 089] val_sel AUC=0.9163 acc=0.8040
[ep 090] val_sel AUC=0.9158 acc=0.7991
[ep 091] val_sel AUC=0.9167 acc=0.8052
[ep 092] val_sel AUC=0.9166 acc=0.8065
[ep 093] val_sel AUC=0.9155 acc=0.7996
[ep 094] val_sel AUC=0.9155 acc=0.7993
[ep 095] val_sel AUC=0.9155 acc=0.7996
[ep 096] val_sel AUC=0.9155 acc=0.7996
============================================================
TEST (best val_sel epoch, held-out, evaluated once)
============================================================
[DONE-QPE2] embed=conv model_II N=250 seed=54 test_AUC=0.9191 val_sel_AUC=0.9167 per_class=(axion=0.9420 cdm=0.8498 no_sub=0.9654) params=207619 embed_params=4160 R_frob_drift=None
