[INFO] QPE2 D=64 P=8 depth=4 | embed=conv | data=model_II N/class=100 seed=49 split_seed=0 | params=207619 embed_params=4160 lr=0.001 epochs=96 bs=32 | train(300, 64, 64) val_sel(4455, 64, 64) test(4455, 64, 64) device=cuda
[ep 001] val_sel AUC=0.5171 acc=0.3473
[ep 002] val_sel AUC=0.5190 acc=0.3473
[ep 003] val_sel AUC=0.5163 acc=0.3237
[ep 004] val_sel AUC=0.5198 acc=0.3473
[ep 005] val_sel AUC=0.5141 acc=0.3291
[ep 006] val_sel AUC=0.5143 acc=0.3237
[ep 007] val_sel AUC=0.5117 acc=0.3473
[ep 008] val_sel AUC=0.5083 acc=0.3533
[ep 009] val_sel AUC=0.5053 acc=0.3291
[ep 010] val_sel AUC=0.5037 acc=0.3214
[ep 011] val_sel AUC=0.5079 acc=0.3473
[ep 012] val_sel AUC=0.5049 acc=0.3237
[ep 013] val_sel AUC=0.5099 acc=0.3291
[ep 014] val_sel AUC=0.5062 acc=0.3383
[ep 015] val_sel AUC=0.4976 acc=0.3515
[ep 016] val_sel AUC=0.5110 acc=0.3237
[ep 017] val_sel AUC=0.4917 acc=0.3262
[ep 018] val_sel AUC=0.4899 acc=0.3371
[ep 019] val_sel AUC=0.4893 acc=0.3356
[ep 020] val_sel AUC=0.4895 acc=0.3349
[ep 021] val_sel AUC=0.4898 acc=0.3241
[ep 022] val_sel AUC=0.4881 acc=0.3318
[ep 023] val_sel AUC=0.4884 acc=0.3338
[ep 024] val_sel AUC=0.4897 acc=0.3358
[ep 025] val_sel AUC=0.4908 acc=0.3369
[ep 026] val_sel AUC=0.4911 acc=0.3329
[ep 027] val_sel AUC=0.4919 acc=0.3311
[ep 028] val_sel AUC=0.4919 acc=0.3327
[ep 029] val_sel AUC=0.4918 acc=0.3342
[ep 030] val_sel AUC=0.4920 acc=0.3340
[ep 031] val_sel AUC=0.4921 acc=0.3342
[ep 032] val_sel AUC=0.4921 acc=0.3336
[ep 033] val_sel AUC=0.4948 acc=0.3315
[ep 034] val_sel AUC=0.5022 acc=0.3351
[ep 035] val_sel AUC=0.5069 acc=0.3405
[ep 036] val_sel AUC=0.5170 acc=0.3477
[ep 037] val_sel AUC=0.5158 acc=0.3508
[ep 038] val_sel AUC=0.5259 acc=0.3497
[ep 039] val_sel AUC=0.5359 acc=0.3556
[ep 040] val_sel AUC=0.5419 acc=0.3302
[ep 041] val_sel AUC=0.5376 acc=0.3432
[ep 042] val_sel AUC=0.5406 acc=0.3719
[ep 043] val_sel AUC=0.5387 acc=0.3675
[ep 044] val_sel AUC=0.5387 acc=0.3506
[ep 045] val_sel AUC=0.5638 acc=0.3850
[ep 046] val_sel AUC=0.5580 acc=0.3740
[ep 047] val_sel AUC=0.5724 acc=0.3843
[ep 048] val_sel AUC=0.5916 acc=0.4157
[ep 049] val_sel AUC=0.5281 acc=0.3522
[ep 050] val_sel AUC=0.5363 acc=0.3459
[ep 051] val_sel AUC=0.5357 acc=0.3787
[ep 052] val_sel AUC=0.5493 acc=0.3872
[ep 053] val_sel AUC=0.5609 acc=0.3953
[ep 054] val_sel AUC=0.5676 acc=0.3814
[ep 055] val_sel AUC=0.5930 acc=0.4258
[ep 056] val_sel AUC=0.5907 acc=0.4038
[ep 057] val_sel AUC=0.6058 acc=0.4319
[ep 058] val_sel AUC=0.5917 acc=0.3993
[ep 059] val_sel AUC=0.6100 acc=0.4184
[ep 060] val_sel AUC=0.6194 acc=0.4278
[ep 061] val_sel AUC=0.6378 acc=0.4442
[ep 062] val_sel AUC=0.6508 acc=0.4653
[ep 063] val_sel AUC=0.6460 acc=0.4415
[ep 064] val_sel AUC=0.6446 acc=0.4433
[ep 065] val_sel AUC=0.6524 acc=0.4575
[ep 066] val_sel AUC=0.6460 acc=0.4355
[ep 067] val_sel AUC=0.6983 acc=0.5073
[ep 068] val_sel AUC=0.7056 acc=0.5190
[ep 069] val_sel AUC=0.7055 acc=0.5131
[ep 070] val_sel AUC=0.7215 acc=0.5389
[ep 071] val_sel AUC=0.6974 acc=0.5006
[ep 072] val_sel AUC=0.7149 acc=0.5241
[ep 073] val_sel AUC=0.7205 acc=0.5354
[ep 074] val_sel AUC=0.7220 acc=0.5434
[ep 075] val_sel AUC=0.7352 acc=0.5582
[ep 076] val_sel AUC=0.7289 acc=0.5378
[ep 077] val_sel AUC=0.7392 acc=0.5533
[ep 078] val_sel AUC=0.7388 acc=0.5538
[ep 079] val_sel AUC=0.7471 acc=0.5618
[ep 080] val_sel AUC=0.7440 acc=0.5699
[ep 081] val_sel AUC=0.7331 acc=0.5538
[ep 082] val_sel AUC=0.7524 acc=0.5688
[ep 083] val_sel AUC=0.7487 acc=0.5760
[ep 084] val_sel AUC=0.7539 acc=0.5811
[ep 085] val_sel AUC=0.7553 acc=0.5847
[ep 086] val_sel AUC=0.7529 acc=0.5713
[ep 087] val_sel AUC=0.7552 acc=0.5818
[ep 088] val_sel AUC=0.7574 acc=0.5823
[ep 089] val_sel AUC=0.7570 acc=0.5807
[ep 090] val_sel AUC=0.7573 acc=0.5802
[ep 091] val_sel AUC=0.7574 acc=0.5820
[ep 092] val_sel AUC=0.7576 acc=0.5816
[ep 093] val_sel AUC=0.7577 acc=0.5832
[ep 094] val_sel AUC=0.7574 acc=0.5834
[ep 095] val_sel AUC=0.7574 acc=0.5834
[ep 096] val_sel AUC=0.7575 acc=0.5834
============================================================
TEST (best val_sel epoch, held-out, evaluated once)
============================================================
[DONE-QPE2] embed=conv model_II N=100 seed=49 test_AUC=0.7662 val_sel_AUC=0.7577 per_class=(axion=0.8326 cdm=0.6554 no_sub=0.8106) params=207619 embed_params=4160 R_frob_drift=None
