[INFO] QPE2 D=64 P=8 depth=4 | embed=conv | data=model_II N/class=250 seed=49 split_seed=0 | params=207619 embed_params=4160 lr=0.001 epochs=96 bs=32 | train(750, 64, 64) val_sel(4455, 64, 64) test(4455, 64, 64) device=cuda
[ep 001] val_sel AUC=0.4959 acc=0.3291
[ep 002] val_sel AUC=0.5227 acc=0.3291
[ep 003] val_sel AUC=0.5211 acc=0.3291
[ep 004] val_sel AUC=0.5185 acc=0.3291
[ep 005] val_sel AUC=0.5194 acc=0.3473
[ep 006] val_sel AUC=0.5152 acc=0.3473
[ep 007] val_sel AUC=0.5225 acc=0.3237
[ep 008] val_sel AUC=0.5244 acc=0.3291
[ep 009] val_sel AUC=0.5282 acc=0.3291
[ep 010] val_sel AUC=0.5211 acc=0.3473
[ep 011] val_sel AUC=0.5235 acc=0.3291
[ep 012] val_sel AUC=0.5231 acc=0.3237
[ep 013] val_sel AUC=0.5218 acc=0.3473
[ep 014] val_sel AUC=0.5262 acc=0.3473
[ep 015] val_sel AUC=0.5246 acc=0.3291
[ep 016] val_sel AUC=0.5208 acc=0.3237
[ep 017] val_sel AUC=0.5216 acc=0.3473
[ep 018] val_sel AUC=0.5207 acc=0.3587
[ep 019] val_sel AUC=0.5209 acc=0.3428
[ep 020] val_sel AUC=0.5208 acc=0.3497
[ep 021] val_sel AUC=0.5196 acc=0.3354
[ep 022] val_sel AUC=0.5176 acc=0.3672
[ep 023] val_sel AUC=0.5212 acc=0.3605
[ep 024] val_sel AUC=0.5226 acc=0.3410
[ep 025] val_sel AUC=0.5219 acc=0.3719
[ep 026] val_sel AUC=0.5252 acc=0.3785
[ep 027] val_sel AUC=0.5263 acc=0.3728
[ep 028] val_sel AUC=0.5287 acc=0.3607
[ep 029] val_sel AUC=0.5300 acc=0.3731
[ep 030] val_sel AUC=0.5303 acc=0.3728
[ep 031] val_sel AUC=0.5303 acc=0.3690
[ep 032] val_sel AUC=0.5304 acc=0.3692
[ep 033] val_sel AUC=0.5637 acc=0.3538
[ep 034] val_sel AUC=0.5073 acc=0.3477
[ep 035] val_sel AUC=0.5085 acc=0.3237
[ep 036] val_sel AUC=0.5137 acc=0.3403
[ep 037] val_sel AUC=0.5186 acc=0.3291
[ep 038] val_sel AUC=0.5290 acc=0.3645
[ep 039] val_sel AUC=0.5441 acc=0.3805
[ep 040] val_sel AUC=0.5421 acc=0.3441
[ep 041] val_sel AUC=0.5515 acc=0.3470
[ep 042] val_sel AUC=0.5554 acc=0.3549
[ep 043] val_sel AUC=0.5894 acc=0.3856
[ep 044] val_sel AUC=0.5876 acc=0.3957
[ep 045] val_sel AUC=0.6274 acc=0.4476
[ep 046] val_sel AUC=0.6079 acc=0.4242
[ep 047] val_sel AUC=0.6301 acc=0.4516
[ep 048] val_sel AUC=0.6534 acc=0.4413
[ep 049] val_sel AUC=0.6660 acc=0.4678
[ep 050] val_sel AUC=0.6732 acc=0.4527
[ep 051] val_sel AUC=0.6881 acc=0.4967
[ep 052] val_sel AUC=0.6905 acc=0.4786
[ep 053] val_sel AUC=0.7275 acc=0.5286
[ep 054] val_sel AUC=0.7656 acc=0.5677
[ep 055] val_sel AUC=0.7411 acc=0.5443
[ep 056] val_sel AUC=0.7646 acc=0.5677
[ep 057] val_sel AUC=0.7790 acc=0.5874
[ep 058] val_sel AUC=0.7921 acc=0.6213
[ep 059] val_sel AUC=0.8067 acc=0.6368
[ep 060] val_sel AUC=0.8091 acc=0.5906
[ep 061] val_sel AUC=0.7832 acc=0.6159
[ep 062] val_sel AUC=0.8264 acc=0.6637
[ep 063] val_sel AUC=0.8155 acc=0.6339
[ep 064] val_sel AUC=0.8415 acc=0.6673
[ep 065] val_sel AUC=0.8407 acc=0.6788
[ep 066] val_sel AUC=0.8392 acc=0.6743
[ep 067] val_sel AUC=0.8342 acc=0.6510
[ep 068] val_sel AUC=0.8525 acc=0.7019
[ep 069] val_sel AUC=0.8454 acc=0.6792
[ep 070] val_sel AUC=0.8512 acc=0.6745
[ep 071] val_sel AUC=0.8614 acc=0.7075
[ep 072] val_sel AUC=0.8604 acc=0.7006
[ep 073] val_sel AUC=0.8605 acc=0.7084
[ep 074] val_sel AUC=0.8580 acc=0.7006
[ep 075] val_sel AUC=0.8612 acc=0.7059
[ep 076] val_sel AUC=0.8696 acc=0.7230
[ep 077] val_sel AUC=0.8716 acc=0.7241
[ep 078] val_sel AUC=0.8704 acc=0.7259
[ep 079] val_sel AUC=0.8662 acc=0.7196
[ep 080] val_sel AUC=0.8632 acc=0.7125
[ep 081] val_sel AUC=0.8692 acc=0.7176
[ep 082] val_sel AUC=0.8713 acc=0.7300
[ep 083] val_sel AUC=0.8730 acc=0.7286
[ep 084] val_sel AUC=0.8717 acc=0.7284
[ep 085] val_sel AUC=0.8694 acc=0.7219
[ep 086] val_sel AUC=0.8684 acc=0.7160
[ep 087] val_sel AUC=0.8728 acc=0.7302
[ep 088] val_sel AUC=0.8724 acc=0.7300
[ep 089] val_sel AUC=0.8715 acc=0.7315
[ep 090] val_sel AUC=0.8703 acc=0.7293
[ep 091] val_sel AUC=0.8700 acc=0.7293
[ep 092] val_sel AUC=0.8675 acc=0.7226
[ep 093] val_sel AUC=0.8699 acc=0.7273
[ep 094] val_sel AUC=0.8694 acc=0.7266
[ep 095] val_sel AUC=0.8693 acc=0.7266
[ep 096] val_sel AUC=0.8692 acc=0.7266
============================================================
TEST (best val_sel epoch, held-out, evaluated once)
============================================================
[DONE-QPE2] embed=conv model_II N=250 seed=49 test_AUC=0.8733 val_sel_AUC=0.8730 per_class=(axion=0.9205 cdm=0.7690 no_sub=0.9306) params=207619 embed_params=4160 R_frob_drift=None
