[INFO] QPE2 D=64 P=8 depth=4 | embed=conv | data=model_III N/class=250 seed=49 split_seed=0 | params=207619 embed_params=4160 lr=0.001 epochs=96 bs=32 | train(750, 64, 64) val_sel(4469, 64, 64) test(4470, 64, 64) device=cuda
[ep 001] val_sel AUC=0.5078 acc=0.3283
[ep 002] val_sel AUC=0.5295 acc=0.3283
[ep 003] val_sel AUC=0.5689 acc=0.3283
[ep 004] val_sel AUC=0.5765 acc=0.3283
[ep 005] val_sel AUC=0.5780 acc=0.3433
[ep 006] val_sel AUC=0.5466 acc=0.3433
[ep 007] val_sel AUC=0.5641 acc=0.3285
[ep 008] val_sel AUC=0.5523 acc=0.3283
[ep 009] val_sel AUC=0.5434 acc=0.3283
[ep 010] val_sel AUC=0.5289 acc=0.3433
[ep 011] val_sel AUC=0.5296 acc=0.3283
[ep 012] val_sel AUC=0.5268 acc=0.3285
[ep 013] val_sel AUC=0.5240 acc=0.3433
[ep 014] val_sel AUC=0.5245 acc=0.3433
[ep 015] val_sel AUC=0.5252 acc=0.3283
[ep 016] val_sel AUC=0.5244 acc=0.3285
[ep 017] val_sel AUC=0.5229 acc=0.3433
[ep 018] val_sel AUC=0.5220 acc=0.3301
[ep 019] val_sel AUC=0.5180 acc=0.3316
[ep 020] val_sel AUC=0.5131 acc=0.3457
[ep 021] val_sel AUC=0.5140 acc=0.3285
[ep 022] val_sel AUC=0.5119 acc=0.3207
[ep 023] val_sel AUC=0.5112 acc=0.3330
[ep 024] val_sel AUC=0.5161 acc=0.3289
[ep 025] val_sel AUC=0.5197 acc=0.3495
[ep 026] val_sel AUC=0.5246 acc=0.3415
[ep 027] val_sel AUC=0.5280 acc=0.3538
[ep 028] val_sel AUC=0.5312 acc=0.3428
[ep 029] val_sel AUC=0.5322 acc=0.3502
[ep 030] val_sel AUC=0.5339 acc=0.3612
[ep 031] val_sel AUC=0.5344 acc=0.3661
[ep 032] val_sel AUC=0.5346 acc=0.3663
[ep 033] val_sel AUC=0.5477 acc=0.3484
[ep 034] val_sel AUC=0.5246 acc=0.3296
[ep 035] val_sel AUC=0.5394 acc=0.3504
[ep 036] val_sel AUC=0.5193 acc=0.3462
[ep 037] val_sel AUC=0.5305 acc=0.3363
[ep 038] val_sel AUC=0.5214 acc=0.3515
[ep 039] val_sel AUC=0.5411 acc=0.3421
[ep 040] val_sel AUC=0.5645 acc=0.3934
[ep 041] val_sel AUC=0.5894 acc=0.3999
[ep 042] val_sel AUC=0.5770 acc=0.3759
[ep 043] val_sel AUC=0.5758 acc=0.3817
[ep 044] val_sel AUC=0.5998 acc=0.4099
[ep 045] val_sel AUC=0.5778 acc=0.3985
[ep 046] val_sel AUC=0.5950 acc=0.4111
[ep 047] val_sel AUC=0.6045 acc=0.4180
[ep 048] val_sel AUC=0.6337 acc=0.4556
[ep 049] val_sel AUC=0.6318 acc=0.4437
[ep 050] val_sel AUC=0.6430 acc=0.4457
[ep 051] val_sel AUC=0.6444 acc=0.4542
[ep 052] val_sel AUC=0.6564 acc=0.4708
[ep 053] val_sel AUC=0.6568 acc=0.4594
[ep 054] val_sel AUC=0.5956 acc=0.4010
[ep 055] val_sel AUC=0.6630 acc=0.4786
[ep 056] val_sel AUC=0.6806 acc=0.4813
[ep 057] val_sel AUC=0.6619 acc=0.4627
[ep 058] val_sel AUC=0.7022 acc=0.4954
[ep 059] val_sel AUC=0.6953 acc=0.4777
[ep 060] val_sel AUC=0.7188 acc=0.5265
[ep 061] val_sel AUC=0.7284 acc=0.5323
[ep 062] val_sel AUC=0.7415 acc=0.5496
[ep 063] val_sel AUC=0.7344 acc=0.5464
[ep 064] val_sel AUC=0.7469 acc=0.5520
[ep 065] val_sel AUC=0.7588 acc=0.5831
[ep 066] val_sel AUC=0.7682 acc=0.5943
[ep 067] val_sel AUC=0.7598 acc=0.5771
[ep 068] val_sel AUC=0.7649 acc=0.5748
[ep 069] val_sel AUC=0.7811 acc=0.6109
[ep 070] val_sel AUC=0.7818 acc=0.6030
[ep 071] val_sel AUC=0.7771 acc=0.5943
[ep 072] val_sel AUC=0.7790 acc=0.5970
[ep 073] val_sel AUC=0.7920 acc=0.6185
[ep 074] val_sel AUC=0.7870 acc=0.6035
[ep 075] val_sel AUC=0.7895 acc=0.6095
[ep 076] val_sel AUC=0.7952 acc=0.6274
[ep 077] val_sel AUC=0.7868 acc=0.6169
[ep 078] val_sel AUC=0.7840 acc=0.6001
[ep 079] val_sel AUC=0.8001 acc=0.6160
[ep 080] val_sel AUC=0.8005 acc=0.6339
[ep 081] val_sel AUC=0.7932 acc=0.6277
[ep 082] val_sel AUC=0.7983 acc=0.6310
[ep 083] val_sel AUC=0.8013 acc=0.6438
[ep 084] val_sel AUC=0.7956 acc=0.6303
[ep 085] val_sel AUC=0.8014 acc=0.6366
[ep 086] val_sel AUC=0.7996 acc=0.6373
[ep 087] val_sel AUC=0.7994 acc=0.6444
[ep 088] val_sel AUC=0.7999 acc=0.6462
[ep 089] val_sel AUC=0.7995 acc=0.6388
[ep 090] val_sel AUC=0.7999 acc=0.6431
[ep 091] val_sel AUC=0.7985 acc=0.6382
[ep 092] val_sel AUC=0.7992 acc=0.6393
[ep 093] val_sel AUC=0.7993 acc=0.6402
[ep 094] val_sel AUC=0.7989 acc=0.6386
[ep 095] val_sel AUC=0.7988 acc=0.6400
[ep 096] val_sel AUC=0.7988 acc=0.6404
============================================================
TEST (best val_sel epoch, held-out, evaluated once)
============================================================
[DONE-QPE2] embed=conv model_III N=250 seed=49 test_AUC=0.8060 val_sel_AUC=0.8014 per_class=(axion=0.8594 cdm=0.6770 no_sub=0.8815) params=207619 embed_params=4160 R_frob_drift=None
