[INFO] QPE2 D=64 P=8 depth=4 | embed=conv | data=model_II N/class=100 seed=56 split_seed=0 | params=207619 embed_params=4160 lr=0.001 epochs=96 bs=32 | train(300, 64, 64) val_sel(4455, 64, 64) test(4455, 64, 64) device=cuda
[ep 001] val_sel AUC=0.5066 acc=0.3237
[ep 002] val_sel AUC=0.5156 acc=0.3473
[ep 003] val_sel AUC=0.5185 acc=0.3473
[ep 004] val_sel AUC=0.5214 acc=0.3237
[ep 005] val_sel AUC=0.5210 acc=0.3291
[ep 006] val_sel AUC=0.5239 acc=0.3237
[ep 007] val_sel AUC=0.5233 acc=0.3291
[ep 008] val_sel AUC=0.5248 acc=0.3473
[ep 009] val_sel AUC=0.5239 acc=0.3237
[ep 010] val_sel AUC=0.5243 acc=0.3473
[ep 011] val_sel AUC=0.5229 acc=0.3237
[ep 012] val_sel AUC=0.5228 acc=0.3237
[ep 013] val_sel AUC=0.5215 acc=0.3291
[ep 014] val_sel AUC=0.5192 acc=0.3291
[ep 015] val_sel AUC=0.5175 acc=0.3473
[ep 016] val_sel AUC=0.5162 acc=0.3291
[ep 017] val_sel AUC=0.5144 acc=0.3237
[ep 018] val_sel AUC=0.5127 acc=0.3473
[ep 019] val_sel AUC=0.5108 acc=0.3237
[ep 020] val_sel AUC=0.5096 acc=0.3237
[ep 021] val_sel AUC=0.5085 acc=0.3473
[ep 022] val_sel AUC=0.5075 acc=0.3473
[ep 023] val_sel AUC=0.5071 acc=0.3450
[ep 024] val_sel AUC=0.5059 acc=0.3473
[ep 025] val_sel AUC=0.5055 acc=0.3237
[ep 026] val_sel AUC=0.5055 acc=0.3268
[ep 027] val_sel AUC=0.5053 acc=0.3455
[ep 028] val_sel AUC=0.5049 acc=0.3351
[ep 029] val_sel AUC=0.5047 acc=0.3322
[ep 030] val_sel AUC=0.5047 acc=0.3324
[ep 031] val_sel AUC=0.5046 acc=0.3300
[ep 032] val_sel AUC=0.5046 acc=0.3318
[ep 033] val_sel AUC=0.5024 acc=0.3322
[ep 034] val_sel AUC=0.5058 acc=0.3457
[ep 035] val_sel AUC=0.5158 acc=0.3434
[ep 036] val_sel AUC=0.5274 acc=0.3517
[ep 037] val_sel AUC=0.5253 acc=0.3517
[ep 038] val_sel AUC=0.5322 acc=0.3600
[ep 039] val_sel AUC=0.5448 acc=0.3571
[ep 040] val_sel AUC=0.5355 acc=0.3461
[ep 041] val_sel AUC=0.5436 acc=0.3533
[ep 042] val_sel AUC=0.5435 acc=0.3659
[ep 043] val_sel AUC=0.5568 acc=0.3811
[ep 044] val_sel AUC=0.5640 acc=0.3921
[ep 045] val_sel AUC=0.5628 acc=0.3827
[ep 046] val_sel AUC=0.5688 acc=0.3946
[ep 047] val_sel AUC=0.5875 acc=0.4038
[ep 048] val_sel AUC=0.5791 acc=0.3946
[ep 049] val_sel AUC=0.5878 acc=0.4022
[ep 050] val_sel AUC=0.5935 acc=0.4056
[ep 051] val_sel AUC=0.6030 acc=0.4146
[ep 052] val_sel AUC=0.5860 acc=0.4052
[ep 053] val_sel AUC=0.5949 acc=0.4049
[ep 054] val_sel AUC=0.6071 acc=0.4236
[ep 055] val_sel AUC=0.6216 acc=0.4265
[ep 056] val_sel AUC=0.6190 acc=0.4391
[ep 057] val_sel AUC=0.6221 acc=0.4388
[ep 058] val_sel AUC=0.6283 acc=0.4447
[ep 059] val_sel AUC=0.6232 acc=0.4377
[ep 060] val_sel AUC=0.6210 acc=0.4348
[ep 061] val_sel AUC=0.6394 acc=0.4496
[ep 062] val_sel AUC=0.6368 acc=0.4483
[ep 063] val_sel AUC=0.6370 acc=0.4516
[ep 064] val_sel AUC=0.6305 acc=0.4334
[ep 065] val_sel AUC=0.6514 acc=0.4662
[ep 066] val_sel AUC=0.6534 acc=0.4671
[ep 067] val_sel AUC=0.6551 acc=0.4633
[ep 068] val_sel AUC=0.6439 acc=0.4554
[ep 069] val_sel AUC=0.6655 acc=0.4813
[ep 070] val_sel AUC=0.6626 acc=0.4833
[ep 071] val_sel AUC=0.6639 acc=0.4871
[ep 072] val_sel AUC=0.6793 acc=0.4961
[ep 073] val_sel AUC=0.6669 acc=0.4810
[ep 074] val_sel AUC=0.6758 acc=0.4972
[ep 075] val_sel AUC=0.6748 acc=0.4923
[ep 076] val_sel AUC=0.6799 acc=0.4961
[ep 077] val_sel AUC=0.6756 acc=0.4826
[ep 078] val_sel AUC=0.6808 acc=0.4943
[ep 079] val_sel AUC=0.6822 acc=0.4999
[ep 080] val_sel AUC=0.6830 acc=0.5095
[ep 081] val_sel AUC=0.6870 acc=0.5113
[ep 082] val_sel AUC=0.6838 acc=0.5066
[ep 083] val_sel AUC=0.6867 acc=0.5125
[ep 084] val_sel AUC=0.6933 acc=0.5154
[ep 085] val_sel AUC=0.6948 acc=0.5183
[ep 086] val_sel AUC=0.6941 acc=0.5239
[ep 087] val_sel AUC=0.6949 acc=0.5183
[ep 088] val_sel AUC=0.6951 acc=0.5201
[ep 089] val_sel AUC=0.6956 acc=0.5217
[ep 090] val_sel AUC=0.6966 acc=0.5232
[ep 091] val_sel AUC=0.6968 acc=0.5235
[ep 092] val_sel AUC=0.6967 acc=0.5241
[ep 093] val_sel AUC=0.6966 acc=0.5217
[ep 094] val_sel AUC=0.6966 acc=0.5219
[ep 095] val_sel AUC=0.6967 acc=0.5228
[ep 096] val_sel AUC=0.6967 acc=0.5223
============================================================
TEST (best val_sel epoch, held-out, evaluated once)
============================================================
[DONE-QPE2] embed=conv model_II N=100 seed=56 test_AUC=0.6943 val_sel_AUC=0.6968 per_class=(axion=0.7686 cdm=0.5796 no_sub=0.7346) params=207619 embed_params=4160 R_frob_drift=None
