[INFO] QPE2 D=64 P=8 depth=4 | embed=conv | data=model_III N/class=250 seed=48 split_seed=0 | params=207619 embed_params=4160 lr=0.001 epochs=96 bs=32 | train(750, 64, 64) val_sel(4469, 64, 64) test(4470, 64, 64) device=cuda
[ep 001] val_sel AUC=0.5199 acc=0.3285
[ep 002] val_sel AUC=0.5319 acc=0.3283
[ep 003] val_sel AUC=0.5342 acc=0.3285
[ep 004] val_sel AUC=0.5240 acc=0.3283
[ep 005] val_sel AUC=0.5239 acc=0.3285
[ep 006] val_sel AUC=0.5251 acc=0.3433
[ep 007] val_sel AUC=0.5395 acc=0.3283
[ep 008] val_sel AUC=0.5435 acc=0.3283
[ep 009] val_sel AUC=0.5423 acc=0.3285
[ep 010] val_sel AUC=0.5312 acc=0.3433
[ep 011] val_sel AUC=0.5404 acc=0.3283
[ep 012] val_sel AUC=0.5366 acc=0.3285
[ep 013] val_sel AUC=0.5482 acc=0.3283
[ep 014] val_sel AUC=0.5384 acc=0.3433
[ep 015] val_sel AUC=0.5473 acc=0.3283
[ep 016] val_sel AUC=0.5412 acc=0.3433
[ep 017] val_sel AUC=0.5408 acc=0.3433
[ep 018] val_sel AUC=0.5392 acc=0.3283
[ep 019] val_sel AUC=0.5362 acc=0.3397
[ep 020] val_sel AUC=0.5342 acc=0.3283
[ep 021] val_sel AUC=0.5318 acc=0.3283
[ep 022] val_sel AUC=0.5314 acc=0.3283
[ep 023] val_sel AUC=0.5296 acc=0.3285
[ep 024] val_sel AUC=0.5285 acc=0.3417
[ep 025] val_sel AUC=0.5274 acc=0.3533
[ep 026] val_sel AUC=0.5295 acc=0.3421
[ep 027] val_sel AUC=0.5310 acc=0.3350
[ep 028] val_sel AUC=0.5307 acc=0.3531
[ep 029] val_sel AUC=0.5309 acc=0.3417
[ep 030] val_sel AUC=0.5310 acc=0.3377
[ep 031] val_sel AUC=0.5310 acc=0.3365
[ep 032] val_sel AUC=0.5310 acc=0.3388
[ep 033] val_sel AUC=0.5308 acc=0.3285
[ep 034] val_sel AUC=0.5340 acc=0.3303
[ep 035] val_sel AUC=0.5532 acc=0.3482
[ep 036] val_sel AUC=0.5581 acc=0.3473
[ep 037] val_sel AUC=0.5655 acc=0.3533
[ep 038] val_sel AUC=0.5787 acc=0.3873
[ep 039] val_sel AUC=0.5807 acc=0.4023
[ep 040] val_sel AUC=0.5925 acc=0.4182
[ep 041] val_sel AUC=0.6276 acc=0.4267
[ep 042] val_sel AUC=0.6126 acc=0.4225
[ep 043] val_sel AUC=0.7057 acc=0.4983
[ep 044] val_sel AUC=0.6246 acc=0.4339
[ep 045] val_sel AUC=0.7086 acc=0.4997
[ep 046] val_sel AUC=0.6887 acc=0.4540
[ep 047] val_sel AUC=0.7875 acc=0.5903
[ep 048] val_sel AUC=0.7977 acc=0.5948
[ep 049] val_sel AUC=0.6638 acc=0.4542
[ep 050] val_sel AUC=0.6890 acc=0.5044
[ep 051] val_sel AUC=0.7435 acc=0.5323
[ep 052] val_sel AUC=0.8293 acc=0.6198
[ep 053] val_sel AUC=0.8431 acc=0.6814
[ep 054] val_sel AUC=0.8263 acc=0.6254
[ep 055] val_sel AUC=0.8724 acc=0.7019
[ep 056] val_sel AUC=0.8573 acc=0.6778
[ep 057] val_sel AUC=0.8759 acc=0.7337
[ep 058] val_sel AUC=0.8722 acc=0.7185
[ep 059] val_sel AUC=0.8304 acc=0.5896
[ep 060] val_sel AUC=0.8774 acc=0.7053
[ep 061] val_sel AUC=0.9059 acc=0.7776
[ep 062] val_sel AUC=0.8948 acc=0.7686
[ep 063] val_sel AUC=0.9051 acc=0.7706
[ep 064] val_sel AUC=0.9051 acc=0.7697
[ep 065] val_sel AUC=0.9023 acc=0.7574
[ep 066] val_sel AUC=0.9122 acc=0.7991
[ep 067] val_sel AUC=0.8863 acc=0.7297
[ep 068] val_sel AUC=0.9027 acc=0.7438
[ep 069] val_sel AUC=0.9083 acc=0.7749
[ep 070] val_sel AUC=0.9151 acc=0.7970
[ep 071] val_sel AUC=0.9154 acc=0.8064
[ep 072] val_sel AUC=0.9146 acc=0.7894
[ep 073] val_sel AUC=0.9147 acc=0.7941
[ep 074] val_sel AUC=0.9135 acc=0.7930
[ep 075] val_sel AUC=0.9143 acc=0.8029
[ep 076] val_sel AUC=0.9187 acc=0.8149
[ep 077] val_sel AUC=0.9120 acc=0.7937
[ep 078] val_sel AUC=0.9144 acc=0.8029
[ep 079] val_sel AUC=0.9037 acc=0.7771
[ep 080] val_sel AUC=0.9151 acc=0.8078
[ep 081] val_sel AUC=0.9069 acc=0.7868
[ep 082] val_sel AUC=0.9141 acc=0.8154
[ep 083] val_sel AUC=0.9120 acc=0.8017
[ep 084] val_sel AUC=0.9127 acc=0.8118
[ep 085] val_sel AUC=0.9142 acc=0.8149
[ep 086] val_sel AUC=0.9122 acc=0.8064
[ep 087] val_sel AUC=0.9118 acc=0.8053
[ep 088] val_sel AUC=0.9113 acc=0.8055
[ep 089] val_sel AUC=0.9122 acc=0.8102
[ep 090] val_sel AUC=0.9108 acc=0.8040
[ep 091] val_sel AUC=0.9098 acc=0.8015
[ep 092] val_sel AUC=0.9105 acc=0.8051
[ep 093] val_sel AUC=0.9106 acc=0.8049
[ep 094] val_sel AUC=0.9103 acc=0.8038
[ep 095] val_sel AUC=0.9101 acc=0.8033
[ep 096] val_sel AUC=0.9101 acc=0.8033
============================================================
TEST (best val_sel epoch, held-out, evaluated once)
============================================================
[DONE-QPE2] embed=conv model_III N=250 seed=48 test_AUC=0.9239 val_sel_AUC=0.9187 per_class=(axion=0.9490 cdm=0.8583 no_sub=0.9643) params=207619 embed_params=4160 R_frob_drift=None
