[INFO] QPE2 D=64 P=8 depth=4 | embed=conv | data=model_II N/class=250 seed=45 split_seed=0 | params=207619 embed_params=4160 lr=0.001 epochs=96 bs=32 | train(750, 64, 64) val_sel(4455, 64, 64) test(4455, 64, 64) device=cuda
[ep 001] val_sel AUC=0.4988 acc=0.3237
[ep 002] val_sel AUC=0.5129 acc=0.3291
[ep 003] val_sel AUC=0.5221 acc=0.3291
[ep 004] val_sel AUC=0.5263 acc=0.3237
[ep 005] val_sel AUC=0.5293 acc=0.3473
[ep 006] val_sel AUC=0.5322 acc=0.3473
[ep 007] val_sel AUC=0.5338 acc=0.3237
[ep 008] val_sel AUC=0.5335 acc=0.3473
[ep 009] val_sel AUC=0.5347 acc=0.3473
[ep 010] val_sel AUC=0.5353 acc=0.3237
[ep 011] val_sel AUC=0.5363 acc=0.3237
[ep 012] val_sel AUC=0.5369 acc=0.3473
[ep 013] val_sel AUC=0.5375 acc=0.3237
[ep 014] val_sel AUC=0.5364 acc=0.3237
[ep 015] val_sel AUC=0.5353 acc=0.3473
[ep 016] val_sel AUC=0.5338 acc=0.3237
[ep 017] val_sel AUC=0.5327 acc=0.3237
[ep 018] val_sel AUC=0.5298 acc=0.3237
[ep 019] val_sel AUC=0.5288 acc=0.3349
[ep 020] val_sel AUC=0.5266 acc=0.3473
[ep 021] val_sel AUC=0.5270 acc=0.3291
[ep 022] val_sel AUC=0.5255 acc=0.3578
[ep 023] val_sel AUC=0.5251 acc=0.3407
[ep 024] val_sel AUC=0.5229 acc=0.3473
[ep 025] val_sel AUC=0.5226 acc=0.3401
[ep 026] val_sel AUC=0.5217 acc=0.3396
[ep 027] val_sel AUC=0.5213 acc=0.3380
[ep 028] val_sel AUC=0.5208 acc=0.3407
[ep 029] val_sel AUC=0.5206 acc=0.3459
[ep 030] val_sel AUC=0.5203 acc=0.3468
[ep 031] val_sel AUC=0.5203 acc=0.3529
[ep 032] val_sel AUC=0.5203 acc=0.3542
[ep 033] val_sel AUC=0.5272 acc=0.3342
[ep 034] val_sel AUC=0.5340 acc=0.3473
[ep 035] val_sel AUC=0.5481 acc=0.3473
[ep 036] val_sel AUC=0.5523 acc=0.3414
[ep 037] val_sel AUC=0.5694 acc=0.3672
[ep 038] val_sel AUC=0.5590 acc=0.3524
[ep 039] val_sel AUC=0.5375 acc=0.3560
[ep 040] val_sel AUC=0.5675 acc=0.3697
[ep 041] val_sel AUC=0.5870 acc=0.4177
[ep 042] val_sel AUC=0.5719 acc=0.3490
[ep 043] val_sel AUC=0.5609 acc=0.3354
[ep 044] val_sel AUC=0.5708 acc=0.3710
[ep 045] val_sel AUC=0.5783 acc=0.3609
[ep 046] val_sel AUC=0.5609 acc=0.3540
[ep 047] val_sel AUC=0.5903 acc=0.3850
[ep 048] val_sel AUC=0.6030 acc=0.4164
[ep 049] val_sel AUC=0.6429 acc=0.4222
[ep 050] val_sel AUC=0.6411 acc=0.4438
[ep 051] val_sel AUC=0.6823 acc=0.4900
[ep 052] val_sel AUC=0.6735 acc=0.4714
[ep 053] val_sel AUC=0.6616 acc=0.4938
[ep 054] val_sel AUC=0.7014 acc=0.5035
[ep 055] val_sel AUC=0.7399 acc=0.5634
[ep 056] val_sel AUC=0.7411 acc=0.5605
[ep 057] val_sel AUC=0.7590 acc=0.5513
[ep 058] val_sel AUC=0.7599 acc=0.5717
[ep 059] val_sel AUC=0.7747 acc=0.5912
[ep 060] val_sel AUC=0.7797 acc=0.6011
[ep 061] val_sel AUC=0.7920 acc=0.6132
[ep 062] val_sel AUC=0.7963 acc=0.6258
[ep 063] val_sel AUC=0.7940 acc=0.6070
[ep 064] val_sel AUC=0.7989 acc=0.6072
[ep 065] val_sel AUC=0.8220 acc=0.6682
[ep 066] val_sel AUC=0.8193 acc=0.6586
[ep 067] val_sel AUC=0.8034 acc=0.6559
[ep 068] val_sel AUC=0.8229 acc=0.6474
[ep 069] val_sel AUC=0.8285 acc=0.6626
[ep 070] val_sel AUC=0.8345 acc=0.6707
[ep 071] val_sel AUC=0.8361 acc=0.6792
[ep 072] val_sel AUC=0.8367 acc=0.6824
[ep 073] val_sel AUC=0.8450 acc=0.6949
[ep 074] val_sel AUC=0.8345 acc=0.6732
[ep 075] val_sel AUC=0.8374 acc=0.6853
[ep 076] val_sel AUC=0.8420 acc=0.6893
[ep 077] val_sel AUC=0.8445 acc=0.6994
[ep 078] val_sel AUC=0.8529 acc=0.7098
[ep 079] val_sel AUC=0.8420 acc=0.6898
[ep 080] val_sel AUC=0.8487 acc=0.7033
[ep 081] val_sel AUC=0.8559 acc=0.7145
[ep 082] val_sel AUC=0.8540 acc=0.7138
[ep 083] val_sel AUC=0.8494 acc=0.7089
[ep 084] val_sel AUC=0.8477 acc=0.7109
[ep 085] val_sel AUC=0.8463 acc=0.7080
[ep 086] val_sel AUC=0.8534 acc=0.7194
[ep 087] val_sel AUC=0.8527 acc=0.7199
[ep 088] val_sel AUC=0.8519 acc=0.7221
[ep 089] val_sel AUC=0.8511 acc=0.7165
[ep 090] val_sel AUC=0.8495 acc=0.7154
[ep 091] val_sel AUC=0.8499 acc=0.7122
[ep 092] val_sel AUC=0.8493 acc=0.7131
[ep 093] val_sel AUC=0.8492 acc=0.7125
[ep 094] val_sel AUC=0.8493 acc=0.7118
[ep 095] val_sel AUC=0.8493 acc=0.7120
[ep 096] val_sel AUC=0.8491 acc=0.7118
============================================================
TEST (best val_sel epoch, held-out, evaluated once)
============================================================
[DONE-QPE2] embed=conv model_II N=250 seed=45 test_AUC=0.8552 val_sel_AUC=0.8559 per_class=(axion=0.9205 cdm=0.7407 no_sub=0.9045) params=207619 embed_params=4160 R_frob_drift=None
