[INFO] QPE2 D=64 P=8 depth=4 | embed=conv | data=model_II N/class=100 seed=51 split_seed=0 | params=207619 embed_params=4160 lr=0.001 epochs=96 bs=32 | train(300, 64, 64) val_sel(4455, 64, 64) test(4455, 64, 64) device=cuda
[ep 001] val_sel AUC=0.5215 acc=0.3291
[ep 002] val_sel AUC=0.5183 acc=0.3237
[ep 003] val_sel AUC=0.5196 acc=0.3291
[ep 004] val_sel AUC=0.5189 acc=0.3473
[ep 005] val_sel AUC=0.5187 acc=0.3237
[ep 006] val_sel AUC=0.5177 acc=0.3473
[ep 007] val_sel AUC=0.5158 acc=0.3237
[ep 008] val_sel AUC=0.5159 acc=0.3291
[ep 009] val_sel AUC=0.5121 acc=0.3237
[ep 010] val_sel AUC=0.5097 acc=0.3473
[ep 011] val_sel AUC=0.5064 acc=0.3156
[ep 012] val_sel AUC=0.5068 acc=0.3473
[ep 013] val_sel AUC=0.5092 acc=0.3295
[ep 014] val_sel AUC=0.5086 acc=0.3264
[ep 015] val_sel AUC=0.5039 acc=0.3340
[ep 016] val_sel AUC=0.5006 acc=0.3432
[ep 017] val_sel AUC=0.5044 acc=0.3389
[ep 018] val_sel AUC=0.5042 acc=0.3430
[ep 019] val_sel AUC=0.5056 acc=0.3410
[ep 020] val_sel AUC=0.5078 acc=0.3405
[ep 021] val_sel AUC=0.5098 acc=0.3358
[ep 022] val_sel AUC=0.5110 acc=0.3421
[ep 023] val_sel AUC=0.5116 acc=0.3484
[ep 024] val_sel AUC=0.5124 acc=0.3421
[ep 025] val_sel AUC=0.5135 acc=0.3365
[ep 026] val_sel AUC=0.5139 acc=0.3374
[ep 027] val_sel AUC=0.5153 acc=0.3376
[ep 028] val_sel AUC=0.5170 acc=0.3560
[ep 029] val_sel AUC=0.5175 acc=0.3457
[ep 030] val_sel AUC=0.5179 acc=0.3468
[ep 031] val_sel AUC=0.5180 acc=0.3464
[ep 032] val_sel AUC=0.5180 acc=0.3466
[ep 033] val_sel AUC=0.5297 acc=0.3643
[ep 034] val_sel AUC=0.5351 acc=0.3558
[ep 035] val_sel AUC=0.5458 acc=0.3684
[ep 036] val_sel AUC=0.5499 acc=0.3654
[ep 037] val_sel AUC=0.5687 acc=0.3679
[ep 038] val_sel AUC=0.5535 acc=0.3823
[ep 039] val_sel AUC=0.5662 acc=0.3737
[ep 040] val_sel AUC=0.5778 acc=0.3791
[ep 041] val_sel AUC=0.5789 acc=0.4031
[ep 042] val_sel AUC=0.5948 acc=0.4258
[ep 043] val_sel AUC=0.6069 acc=0.4224
[ep 044] val_sel AUC=0.5933 acc=0.3897
[ep 045] val_sel AUC=0.6115 acc=0.4433
[ep 046] val_sel AUC=0.6349 acc=0.4570
[ep 047] val_sel AUC=0.6100 acc=0.4141
[ep 048] val_sel AUC=0.6336 acc=0.4570
[ep 049] val_sel AUC=0.6153 acc=0.4240
[ep 050] val_sel AUC=0.6268 acc=0.4296
[ep 051] val_sel AUC=0.6512 acc=0.4723
[ep 052] val_sel AUC=0.6600 acc=0.4738
[ep 053] val_sel AUC=0.6740 acc=0.4941
[ep 054] val_sel AUC=0.6932 acc=0.5158
[ep 055] val_sel AUC=0.6992 acc=0.5311
[ep 056] val_sel AUC=0.6847 acc=0.4954
[ep 057] val_sel AUC=0.6923 acc=0.5288
[ep 058] val_sel AUC=0.6911 acc=0.5203
[ep 059] val_sel AUC=0.7114 acc=0.5365
[ep 060] val_sel AUC=0.7194 acc=0.5576
[ep 061] val_sel AUC=0.7180 acc=0.5318
[ep 062] val_sel AUC=0.7161 acc=0.5338
[ep 063] val_sel AUC=0.7234 acc=0.5549
[ep 064] val_sel AUC=0.7329 acc=0.5657
[ep 065] val_sel AUC=0.7522 acc=0.5636
[ep 066] val_sel AUC=0.7402 acc=0.5632
[ep 067] val_sel AUC=0.7340 acc=0.5605
[ep 068] val_sel AUC=0.7379 acc=0.5556
[ep 069] val_sel AUC=0.7449 acc=0.5663
[ep 070] val_sel AUC=0.7521 acc=0.5856
[ep 071] val_sel AUC=0.7508 acc=0.5760
[ep 072] val_sel AUC=0.7560 acc=0.5874
[ep 073] val_sel AUC=0.7628 acc=0.6009
[ep 074] val_sel AUC=0.7629 acc=0.6063
[ep 075] val_sel AUC=0.7632 acc=0.6020
[ep 076] val_sel AUC=0.7689 acc=0.6157
[ep 077] val_sel AUC=0.7670 acc=0.6090
[ep 078] val_sel AUC=0.7676 acc=0.6182
[ep 079] val_sel AUC=0.7673 acc=0.6112
[ep 080] val_sel AUC=0.7725 acc=0.6204
[ep 081] val_sel AUC=0.7717 acc=0.6189
[ep 082] val_sel AUC=0.7734 acc=0.6238
[ep 083] val_sel AUC=0.7759 acc=0.6272
[ep 084] val_sel AUC=0.7729 acc=0.6209
[ep 085] val_sel AUC=0.7792 acc=0.6312
[ep 086] val_sel AUC=0.7782 acc=0.6269
[ep 087] val_sel AUC=0.7769 acc=0.6274
[ep 088] val_sel AUC=0.7786 acc=0.6310
[ep 089] val_sel AUC=0.7779 acc=0.6269
[ep 090] val_sel AUC=0.7798 acc=0.6355
[ep 091] val_sel AUC=0.7791 acc=0.6334
[ep 092] val_sel AUC=0.7789 acc=0.6328
[ep 093] val_sel AUC=0.7790 acc=0.6330
[ep 094] val_sel AUC=0.7792 acc=0.6343
[ep 095] val_sel AUC=0.7793 acc=0.6334
[ep 096] val_sel AUC=0.7793 acc=0.6334
============================================================
TEST (best val_sel epoch, held-out, evaluated once)
============================================================
[DONE-QPE2] embed=conv model_II N=100 seed=51 test_AUC=0.7758 val_sel_AUC=0.7798 per_class=(axion=0.8457 cdm=0.6291 no_sub=0.8526) params=207619 embed_params=4160 R_frob_drift=None
