[INFO] QPE2 D=64 P=8 depth=4 | embed=conv | data=model_III N/class=250 seed=45 split_seed=0 | params=207619 embed_params=4160 lr=0.001 epochs=96 bs=32 | train(750, 64, 64) val_sel(4469, 64, 64) test(4470, 64, 64) device=cuda
[ep 001] val_sel AUC=0.4731 acc=0.3285
[ep 002] val_sel AUC=0.4869 acc=0.3283
[ep 003] val_sel AUC=0.4947 acc=0.3283
[ep 004] val_sel AUC=0.5006 acc=0.3285
[ep 005] val_sel AUC=0.5065 acc=0.3433
[ep 006] val_sel AUC=0.5114 acc=0.3433
[ep 007] val_sel AUC=0.5155 acc=0.3285
[ep 008] val_sel AUC=0.5185 acc=0.3433
[ep 009] val_sel AUC=0.5207 acc=0.3433
[ep 010] val_sel AUC=0.5221 acc=0.3285
[ep 011] val_sel AUC=0.5236 acc=0.3285
[ep 012] val_sel AUC=0.5255 acc=0.3433
[ep 013] val_sel AUC=0.5260 acc=0.3285
[ep 014] val_sel AUC=0.5271 acc=0.3285
[ep 015] val_sel AUC=0.5282 acc=0.3433
[ep 016] val_sel AUC=0.5286 acc=0.3285
[ep 017] val_sel AUC=0.5296 acc=0.3285
[ep 018] val_sel AUC=0.5293 acc=0.3285
[ep 019] val_sel AUC=0.5300 acc=0.3283
[ep 020] val_sel AUC=0.5295 acc=0.3433
[ep 021] val_sel AUC=0.5270 acc=0.3352
[ep 022] val_sel AUC=0.5265 acc=0.3462
[ep 023] val_sel AUC=0.5267 acc=0.3437
[ep 024] val_sel AUC=0.5275 acc=0.3433
[ep 025] val_sel AUC=0.5282 acc=0.3276
[ep 026] val_sel AUC=0.5287 acc=0.3448
[ep 027] val_sel AUC=0.5290 acc=0.3495
[ep 028] val_sel AUC=0.5292 acc=0.3462
[ep 029] val_sel AUC=0.5293 acc=0.3542
[ep 030] val_sel AUC=0.5293 acc=0.3594
[ep 031] val_sel AUC=0.5294 acc=0.3569
[ep 032] val_sel AUC=0.5294 acc=0.3553
[ep 033] val_sel AUC=0.5294 acc=0.3603
[ep 034] val_sel AUC=0.5341 acc=0.3433
[ep 035] val_sel AUC=0.5190 acc=0.3433
[ep 036] val_sel AUC=0.5127 acc=0.3356
[ep 037] val_sel AUC=0.5192 acc=0.3574
[ep 038] val_sel AUC=0.5312 acc=0.3540
[ep 039] val_sel AUC=0.5401 acc=0.3547
[ep 040] val_sel AUC=0.5369 acc=0.3424
[ep 041] val_sel AUC=0.5420 acc=0.3520
[ep 042] val_sel AUC=0.5446 acc=0.3683
[ep 043] val_sel AUC=0.5501 acc=0.3582
[ep 044] val_sel AUC=0.5518 acc=0.3527
[ep 045] val_sel AUC=0.5550 acc=0.3625
[ep 046] val_sel AUC=0.5601 acc=0.3750
[ep 047] val_sel AUC=0.6006 acc=0.3965
[ep 048] val_sel AUC=0.6982 acc=0.4909
[ep 049] val_sel AUC=0.7839 acc=0.5849
[ep 050] val_sel AUC=0.6779 acc=0.4757
[ep 051] val_sel AUC=0.7328 acc=0.5057
[ep 052] val_sel AUC=0.7885 acc=0.5916
[ep 053] val_sel AUC=0.8096 acc=0.6355
[ep 054] val_sel AUC=0.7841 acc=0.5764
[ep 055] val_sel AUC=0.8255 acc=0.6563
[ep 056] val_sel AUC=0.8475 acc=0.6550
[ep 057] val_sel AUC=0.7959 acc=0.5925
[ep 058] val_sel AUC=0.8523 acc=0.6908
[ep 059] val_sel AUC=0.8531 acc=0.6939
[ep 060] val_sel AUC=0.8456 acc=0.6632
[ep 061] val_sel AUC=0.8770 acc=0.7362
[ep 062] val_sel AUC=0.8708 acc=0.7125
[ep 063] val_sel AUC=0.8907 acc=0.7480
[ep 064] val_sel AUC=0.8938 acc=0.7313
[ep 065] val_sel AUC=0.8892 acc=0.7451
[ep 066] val_sel AUC=0.8974 acc=0.7693
[ep 067] val_sel AUC=0.9026 acc=0.7787
[ep 068] val_sel AUC=0.9040 acc=0.7850
[ep 069] val_sel AUC=0.9067 acc=0.7939
[ep 070] val_sel AUC=0.9043 acc=0.7861
[ep 071] val_sel AUC=0.8973 acc=0.7503
[ep 072] val_sel AUC=0.9017 acc=0.7715
[ep 073] val_sel AUC=0.9043 acc=0.7852
[ep 074] val_sel AUC=0.9096 acc=0.7944
[ep 075] val_sel AUC=0.9088 acc=0.7825
[ep 076] val_sel AUC=0.9066 acc=0.7720
[ep 077] val_sel AUC=0.9144 acc=0.7812
[ep 078] val_sel AUC=0.9033 acc=0.7736
[ep 079] val_sel AUC=0.9113 acc=0.7959
[ep 080] val_sel AUC=0.9094 acc=0.7984
[ep 081] val_sel AUC=0.9156 acc=0.7953
[ep 082] val_sel AUC=0.9126 acc=0.8029
[ep 083] val_sel AUC=0.9151 acc=0.8087
[ep 084] val_sel AUC=0.9111 acc=0.7923
[ep 085] val_sel AUC=0.9131 acc=0.8111
[ep 086] val_sel AUC=0.9147 acc=0.8094
[ep 087] val_sel AUC=0.9147 acc=0.8051
[ep 088] val_sel AUC=0.9143 acc=0.8071
[ep 089] val_sel AUC=0.9133 acc=0.8078
[ep 090] val_sel AUC=0.9138 acc=0.8107
[ep 091] val_sel AUC=0.9137 acc=0.8089
[ep 092] val_sel AUC=0.9138 acc=0.8105
[ep 093] val_sel AUC=0.9135 acc=0.8114
[ep 094] val_sel AUC=0.9135 acc=0.8118
[ep 095] val_sel AUC=0.9132 acc=0.8096
[ep 096] val_sel AUC=0.9133 acc=0.8096
============================================================
TEST (best val_sel epoch, held-out, evaluated once)
============================================================
[DONE-QPE2] embed=conv model_III N=250 seed=45 test_AUC=0.9151 val_sel_AUC=0.9156 per_class=(axion=0.9359 cdm=0.8411 no_sub=0.9682) params=207619 embed_params=4160 R_frob_drift=None
