[INFO] QPE2 D=64 P=8 depth=4 | embed=conv | data=model_II N/class=250 seed=55 split_seed=0 | params=207619 embed_params=4160 lr=0.001 epochs=96 bs=32 | train(750, 64, 64) val_sel(4455, 64, 64) test(4455, 64, 64) device=cuda
[ep 001] val_sel AUC=0.4586 acc=0.3291
[ep 002] val_sel AUC=0.4635 acc=0.3237
[ep 003] val_sel AUC=0.4672 acc=0.3291
[ep 004] val_sel AUC=0.4736 acc=0.3291
[ep 005] val_sel AUC=0.4803 acc=0.3291
[ep 006] val_sel AUC=0.4858 acc=0.3237
[ep 007] val_sel AUC=0.4936 acc=0.3237
[ep 008] val_sel AUC=0.4951 acc=0.3473
[ep 009] val_sel AUC=0.5002 acc=0.3237
[ep 010] val_sel AUC=0.4984 acc=0.3473
[ep 011] val_sel AUC=0.5025 acc=0.3556
[ep 012] val_sel AUC=0.5003 acc=0.3473
[ep 013] val_sel AUC=0.5011 acc=0.3291
[ep 014] val_sel AUC=0.4991 acc=0.3473
[ep 015] val_sel AUC=0.5005 acc=0.3473
[ep 016] val_sel AUC=0.5001 acc=0.3473
[ep 017] val_sel AUC=0.5005 acc=0.3237
[ep 018] val_sel AUC=0.5000 acc=0.3351
[ep 019] val_sel AUC=0.5014 acc=0.3172
[ep 020] val_sel AUC=0.5031 acc=0.3625
[ep 021] val_sel AUC=0.5061 acc=0.3304
[ep 022] val_sel AUC=0.5061 acc=0.3291
[ep 023] val_sel AUC=0.5093 acc=0.3477
[ep 024] val_sel AUC=0.5105 acc=0.3275
[ep 025] val_sel AUC=0.5122 acc=0.3477
[ep 026] val_sel AUC=0.5134 acc=0.3531
[ep 027] val_sel AUC=0.5129 acc=0.3466
[ep 028] val_sel AUC=0.5133 acc=0.3421
[ep 029] val_sel AUC=0.5145 acc=0.3446
[ep 030] val_sel AUC=0.5142 acc=0.3432
[ep 031] val_sel AUC=0.5147 acc=0.3452
[ep 032] val_sel AUC=0.5148 acc=0.3466
[ep 033] val_sel AUC=0.5415 acc=0.3520
[ep 034] val_sel AUC=0.5343 acc=0.3291
[ep 035] val_sel AUC=0.5544 acc=0.3538
[ep 036] val_sel AUC=0.5549 acc=0.3618
[ep 037] val_sel AUC=0.5541 acc=0.3641
[ep 038] val_sel AUC=0.5646 acc=0.3654
[ep 039] val_sel AUC=0.5416 acc=0.3699
[ep 040] val_sel AUC=0.5636 acc=0.3749
[ep 041] val_sel AUC=0.5577 acc=0.3791
[ep 042] val_sel AUC=0.5741 acc=0.3805
[ep 043] val_sel AUC=0.5923 acc=0.3580
[ep 044] val_sel AUC=0.5784 acc=0.3863
[ep 045] val_sel AUC=0.6161 acc=0.4281
[ep 046] val_sel AUC=0.6415 acc=0.4584
[ep 047] val_sel AUC=0.6376 acc=0.4204
[ep 048] val_sel AUC=0.6610 acc=0.4685
[ep 049] val_sel AUC=0.6940 acc=0.4947
[ep 050] val_sel AUC=0.6282 acc=0.4332
[ep 051] val_sel AUC=0.6808 acc=0.4770
[ep 052] val_sel AUC=0.7159 acc=0.5208
[ep 053] val_sel AUC=0.7372 acc=0.5576
[ep 054] val_sel AUC=0.7129 acc=0.4994
[ep 055] val_sel AUC=0.7560 acc=0.5531
[ep 056] val_sel AUC=0.7739 acc=0.5807
[ep 057] val_sel AUC=0.7830 acc=0.6191
[ep 058] val_sel AUC=0.7669 acc=0.5778
[ep 059] val_sel AUC=0.7796 acc=0.5704
[ep 060] val_sel AUC=0.7967 acc=0.6070
[ep 061] val_sel AUC=0.7872 acc=0.5910
[ep 062] val_sel AUC=0.8044 acc=0.6386
[ep 063] val_sel AUC=0.8240 acc=0.6501
[ep 064] val_sel AUC=0.8165 acc=0.6334
[ep 065] val_sel AUC=0.8293 acc=0.6581
[ep 066] val_sel AUC=0.8389 acc=0.6754
[ep 067] val_sel AUC=0.8246 acc=0.6545
[ep 068] val_sel AUC=0.8322 acc=0.6512
[ep 069] val_sel AUC=0.8255 acc=0.6444
[ep 070] val_sel AUC=0.8418 acc=0.6840
[ep 071] val_sel AUC=0.8392 acc=0.6444
[ep 072] val_sel AUC=0.8463 acc=0.6707
[ep 073] val_sel AUC=0.8398 acc=0.6682
[ep 074] val_sel AUC=0.8579 acc=0.7010
[ep 075] val_sel AUC=0.8533 acc=0.6985
[ep 076] val_sel AUC=0.8543 acc=0.7111
[ep 077] val_sel AUC=0.8549 acc=0.7046
[ep 078] val_sel AUC=0.8663 acc=0.7143
[ep 079] val_sel AUC=0.8636 acc=0.7194
[ep 080] val_sel AUC=0.8666 acc=0.7255
[ep 081] val_sel AUC=0.8654 acc=0.7288
[ep 082] val_sel AUC=0.8663 acc=0.7293
[ep 083] val_sel AUC=0.8676 acc=0.7347
[ep 084] val_sel AUC=0.8572 acc=0.7111
[ep 085] val_sel AUC=0.8647 acc=0.7322
[ep 086] val_sel AUC=0.8608 acc=0.7221
[ep 087] val_sel AUC=0.8612 acc=0.7270
[ep 088] val_sel AUC=0.8684 acc=0.7363
[ep 089] val_sel AUC=0.8672 acc=0.7374
[ep 090] val_sel AUC=0.8663 acc=0.7320
[ep 091] val_sel AUC=0.8667 acc=0.7338
[ep 092] val_sel AUC=0.8655 acc=0.7349
[ep 093] val_sel AUC=0.8654 acc=0.7354
[ep 094] val_sel AUC=0.8657 acc=0.7347
[ep 095] val_sel AUC=0.8655 acc=0.7358
[ep 096] val_sel AUC=0.8655 acc=0.7354
============================================================
TEST (best val_sel epoch, held-out, evaluated once)
============================================================
[DONE-QPE2] embed=conv model_II N=250 seed=55 test_AUC=0.8762 val_sel_AUC=0.8684 per_class=(axion=0.9169 cdm=0.7829 no_sub=0.9287) params=207619 embed_params=4160 R_frob_drift=None
