[INFO] QPE2 D=64 P=8 depth=4 | embed=conv | data=model_III N/class=250 seed=58 split_seed=0 | params=207619 embed_params=4160 lr=0.001 epochs=96 bs=32 | train(750, 64, 64) val_sel(4469, 64, 64) test(4470, 64, 64) device=cuda
[ep 001] val_sel AUC=0.4517 acc=0.3283
[ep 002] val_sel AUC=0.4737 acc=0.3433
[ep 003] val_sel AUC=0.4988 acc=0.3433
[ep 004] val_sel AUC=0.5146 acc=0.3433
[ep 005] val_sel AUC=0.5136 acc=0.3283
[ep 006] val_sel AUC=0.5313 acc=0.3283
[ep 007] val_sel AUC=0.5255 acc=0.3433
[ep 008] val_sel AUC=0.5253 acc=0.3433
[ep 009] val_sel AUC=0.5353 acc=0.3433
[ep 010] val_sel AUC=0.5428 acc=0.3283
[ep 011] val_sel AUC=0.5432 acc=0.3285
[ep 012] val_sel AUC=0.5440 acc=0.3283
[ep 013] val_sel AUC=0.5462 acc=0.3285
[ep 014] val_sel AUC=0.5462 acc=0.3433
[ep 015] val_sel AUC=0.5483 acc=0.3285
[ep 016] val_sel AUC=0.5500 acc=0.3433
[ep 017] val_sel AUC=0.5527 acc=0.3283
[ep 018] val_sel AUC=0.5520 acc=0.3283
[ep 019] val_sel AUC=0.5476 acc=0.3433
[ep 020] val_sel AUC=0.5487 acc=0.3334
[ep 021] val_sel AUC=0.5485 acc=0.3309
[ep 022] val_sel AUC=0.5445 acc=0.3571
[ep 023] val_sel AUC=0.5442 acc=0.3656
[ep 024] val_sel AUC=0.5452 acc=0.3569
[ep 025] val_sel AUC=0.5451 acc=0.3500
[ep 026] val_sel AUC=0.5457 acc=0.3674
[ep 027] val_sel AUC=0.5467 acc=0.3520
[ep 028] val_sel AUC=0.5465 acc=0.3652
[ep 029] val_sel AUC=0.5469 acc=0.3665
[ep 030] val_sel AUC=0.5475 acc=0.3676
[ep 031] val_sel AUC=0.5478 acc=0.3661
[ep 032] val_sel AUC=0.5479 acc=0.3665
[ep 033] val_sel AUC=0.5413 acc=0.3433
[ep 034] val_sel AUC=0.5440 acc=0.3533
[ep 035] val_sel AUC=0.5505 acc=0.3587
[ep 036] val_sel AUC=0.5481 acc=0.3632
[ep 037] val_sel AUC=0.5261 acc=0.3522
[ep 038] val_sel AUC=0.5418 acc=0.3509
[ep 039] val_sel AUC=0.5554 acc=0.3386
[ep 040] val_sel AUC=0.5561 acc=0.3632
[ep 041] val_sel AUC=0.5712 acc=0.3855
[ep 042] val_sel AUC=0.5676 acc=0.3793
[ep 043] val_sel AUC=0.5822 acc=0.3822
[ep 044] val_sel AUC=0.5868 acc=0.3750
[ep 045] val_sel AUC=0.6155 acc=0.4171
[ep 046] val_sel AUC=0.6598 acc=0.4777
[ep 047] val_sel AUC=0.6002 acc=0.3750
[ep 048] val_sel AUC=0.6601 acc=0.4173
[ep 049] val_sel AUC=0.6759 acc=0.3972
[ep 050] val_sel AUC=0.6342 acc=0.4511
[ep 051] val_sel AUC=0.6886 acc=0.4717
[ep 052] val_sel AUC=0.6504 acc=0.4395
[ep 053] val_sel AUC=0.7628 acc=0.5795
[ep 054] val_sel AUC=0.7804 acc=0.5983
[ep 055] val_sel AUC=0.7700 acc=0.5668
[ep 056] val_sel AUC=0.7641 acc=0.5500
[ep 057] val_sel AUC=0.8155 acc=0.6113
[ep 058] val_sel AUC=0.8171 acc=0.6308
[ep 059] val_sel AUC=0.8332 acc=0.6592
[ep 060] val_sel AUC=0.7958 acc=0.5851
[ep 061] val_sel AUC=0.7960 acc=0.5648
[ep 062] val_sel AUC=0.8625 acc=0.7011
[ep 063] val_sel AUC=0.8497 acc=0.6823
[ep 064] val_sel AUC=0.8403 acc=0.6527
[ep 065] val_sel AUC=0.8773 acc=0.7069
[ep 066] val_sel AUC=0.8253 acc=0.6391
[ep 067] val_sel AUC=0.8522 acc=0.6854
[ep 068] val_sel AUC=0.8612 acc=0.6664
[ep 069] val_sel AUC=0.8588 acc=0.6695
[ep 070] val_sel AUC=0.8923 acc=0.7360
[ep 071] val_sel AUC=0.8868 acc=0.7205
[ep 072] val_sel AUC=0.8902 acc=0.7369
[ep 073] val_sel AUC=0.8968 acc=0.7467
[ep 074] val_sel AUC=0.8869 acc=0.7400
[ep 075] val_sel AUC=0.8767 acc=0.6802
[ep 076] val_sel AUC=0.8957 acc=0.7518
[ep 077] val_sel AUC=0.9059 acc=0.7733
[ep 078] val_sel AUC=0.9028 acc=0.7731
[ep 079] val_sel AUC=0.9067 acc=0.7646
[ep 080] val_sel AUC=0.9047 acc=0.7615
[ep 081] val_sel AUC=0.9090 acc=0.7874
[ep 082] val_sel AUC=0.9088 acc=0.7812
[ep 083] val_sel AUC=0.9072 acc=0.7823
[ep 084] val_sel AUC=0.9097 acc=0.7861
[ep 085] val_sel AUC=0.9086 acc=0.7865
[ep 086] val_sel AUC=0.9087 acc=0.7845
[ep 087] val_sel AUC=0.9115 acc=0.7917
[ep 088] val_sel AUC=0.9110 acc=0.7872
[ep 089] val_sel AUC=0.9108 acc=0.7910
[ep 090] val_sel AUC=0.9086 acc=0.7856
[ep 091] val_sel AUC=0.9110 acc=0.7915
[ep 092] val_sel AUC=0.9100 acc=0.7908
[ep 093] val_sel AUC=0.9101 acc=0.7906
[ep 094] val_sel AUC=0.9101 acc=0.7917
[ep 095] val_sel AUC=0.9102 acc=0.7921
[ep 096] val_sel AUC=0.9101 acc=0.7921
============================================================
TEST (best val_sel epoch, held-out, evaluated once)
============================================================
[DONE-QPE2] embed=conv model_III N=250 seed=58 test_AUC=0.9070 val_sel_AUC=0.9115 per_class=(axion=0.9440 cdm=0.8312 no_sub=0.9458) params=207619 embed_params=4160 R_frob_drift=None
