[INFO] QPE2 D=64 P=8 depth=4 | embed=conv | data=model_II N/class=250 seed=58 split_seed=0 | params=207619 embed_params=4160 lr=0.001 epochs=96 bs=32 | train(750, 64, 64) val_sel(4455, 64, 64) test(4455, 64, 64) device=cuda
[ep 001] val_sel AUC=0.4847 acc=0.3291
[ep 002] val_sel AUC=0.4972 acc=0.3473
[ep 003] val_sel AUC=0.5078 acc=0.3473
[ep 004] val_sel AUC=0.5134 acc=0.3473
[ep 005] val_sel AUC=0.5150 acc=0.3291
[ep 006] val_sel AUC=0.5180 acc=0.3291
[ep 007] val_sel AUC=0.5206 acc=0.3591
[ep 008] val_sel AUC=0.5228 acc=0.3473
[ep 009] val_sel AUC=0.5200 acc=0.3473
[ep 010] val_sel AUC=0.5204 acc=0.3291
[ep 011] val_sel AUC=0.5171 acc=0.3237
[ep 012] val_sel AUC=0.5184 acc=0.3309
[ep 013] val_sel AUC=0.5197 acc=0.3380
[ep 014] val_sel AUC=0.5195 acc=0.3430
[ep 015] val_sel AUC=0.5213 acc=0.3428
[ep 016] val_sel AUC=0.5218 acc=0.3549
[ep 017] val_sel AUC=0.5299 acc=0.3659
[ep 018] val_sel AUC=0.5356 acc=0.3594
[ep 019] val_sel AUC=0.5565 acc=0.3793
[ep 020] val_sel AUC=0.5463 acc=0.3461
[ep 021] val_sel AUC=0.5671 acc=0.3881
[ep 022] val_sel AUC=0.6198 acc=0.4449
[ep 023] val_sel AUC=0.5878 acc=0.3762
[ep 024] val_sel AUC=0.6330 acc=0.4281
[ep 025] val_sel AUC=0.6491 acc=0.4462
[ep 026] val_sel AUC=0.6542 acc=0.4469
[ep 027] val_sel AUC=0.6857 acc=0.4815
[ep 028] val_sel AUC=0.6927 acc=0.5075
[ep 029] val_sel AUC=0.6922 acc=0.5062
[ep 030] val_sel AUC=0.6932 acc=0.4994
[ep 031] val_sel AUC=0.7002 acc=0.5093
[ep 032] val_sel AUC=0.7007 acc=0.5089
[ep 033] val_sel AUC=0.5401 acc=0.3547
[ep 034] val_sel AUC=0.5592 acc=0.3755
[ep 035] val_sel AUC=0.5895 acc=0.3951
[ep 036] val_sel AUC=0.6545 acc=0.4736
[ep 037] val_sel AUC=0.6262 acc=0.4496
[ep 038] val_sel AUC=0.6688 acc=0.4734
[ep 039] val_sel AUC=0.6761 acc=0.4826
[ep 040] val_sel AUC=0.7031 acc=0.5030
[ep 041] val_sel AUC=0.7016 acc=0.5017
[ep 042] val_sel AUC=0.6865 acc=0.4588
[ep 043] val_sel AUC=0.7173 acc=0.5154
[ep 044] val_sel AUC=0.7411 acc=0.5515
[ep 045] val_sel AUC=0.7288 acc=0.5268
[ep 046] val_sel AUC=0.7314 acc=0.5374
[ep 047] val_sel AUC=0.7269 acc=0.5192
[ep 048] val_sel AUC=0.7624 acc=0.5796
[ep 049] val_sel AUC=0.7317 acc=0.5333
[ep 050] val_sel AUC=0.7623 acc=0.5535
[ep 051] val_sel AUC=0.7989 acc=0.6105
[ep 052] val_sel AUC=0.8001 acc=0.6076
[ep 053] val_sel AUC=0.8149 acc=0.6355
[ep 054] val_sel AUC=0.8159 acc=0.6254
[ep 055] val_sel AUC=0.7480 acc=0.5163
[ep 056] val_sel AUC=0.8074 acc=0.5906
[ep 057] val_sel AUC=0.8101 acc=0.6207
[ep 058] val_sel AUC=0.8094 acc=0.6274
[ep 059] val_sel AUC=0.8027 acc=0.6132
[ep 060] val_sel AUC=0.8292 acc=0.6516
[ep 061] val_sel AUC=0.8205 acc=0.6404
[ep 062] val_sel AUC=0.8144 acc=0.5960
[ep 063] val_sel AUC=0.8462 acc=0.6716
[ep 064] val_sel AUC=0.8543 acc=0.6927
[ep 065] val_sel AUC=0.8190 acc=0.6343
[ep 066] val_sel AUC=0.8171 acc=0.6352
[ep 067] val_sel AUC=0.8522 acc=0.6727
[ep 068] val_sel AUC=0.8631 acc=0.6819
[ep 069] val_sel AUC=0.8460 acc=0.6593
[ep 070] val_sel AUC=0.8545 acc=0.6819
[ep 071] val_sel AUC=0.8655 acc=0.7127
[ep 072] val_sel AUC=0.8652 acc=0.7051
[ep 073] val_sel AUC=0.8648 acc=0.7075
[ep 074] val_sel AUC=0.8646 acc=0.7071
[ep 075] val_sel AUC=0.8698 acc=0.6846
[ep 076] val_sel AUC=0.8778 acc=0.7244
[ep 077] val_sel AUC=0.8697 acc=0.7178
[ep 078] val_sel AUC=0.8751 acc=0.7244
[ep 079] val_sel AUC=0.8770 acc=0.7304
[ep 080] val_sel AUC=0.8739 acc=0.7244
[ep 081] val_sel AUC=0.8784 acc=0.7358
[ep 082] val_sel AUC=0.8817 acc=0.7378
[ep 083] val_sel AUC=0.8761 acc=0.7309
[ep 084] val_sel AUC=0.8789 acc=0.7365
[ep 085] val_sel AUC=0.8777 acc=0.7351
[ep 086] val_sel AUC=0.8815 acc=0.7407
[ep 087] val_sel AUC=0.8777 acc=0.7311
[ep 088] val_sel AUC=0.8790 acc=0.7371
[ep 089] val_sel AUC=0.8771 acc=0.7387
[ep 090] val_sel AUC=0.8802 acc=0.7403
[ep 091] val_sel AUC=0.8802 acc=0.7394
[ep 092] val_sel AUC=0.8803 acc=0.7394
[ep 093] val_sel AUC=0.8797 acc=0.7403
[ep 094] val_sel AUC=0.8797 acc=0.7401
[ep 095] val_sel AUC=0.8797 acc=0.7387
[ep 096] val_sel AUC=0.8795 acc=0.7403
============================================================
TEST (best val_sel epoch, held-out, evaluated once)
============================================================
[DONE-QPE2] embed=conv model_II N=250 seed=58 test_AUC=0.8862 val_sel_AUC=0.8817 per_class=(axion=0.9351 cdm=0.7873 no_sub=0.9362) params=207619 embed_params=4160 R_frob_drift=None
