[INFO] QPE2 D=64 P=8 depth=4 | embed=conv | data=model_II N/class=100 seed=50 split_seed=0 | params=207619 embed_params=4160 lr=0.001 epochs=96 bs=32 | train(300, 64, 64) val_sel(4455, 64, 64) test(4455, 64, 64) device=cuda
[ep 001] val_sel AUC=0.4917 acc=0.3237
[ep 002] val_sel AUC=0.5189 acc=0.3291
[ep 003] val_sel AUC=0.5260 acc=0.3473
[ep 004] val_sel AUC=0.5264 acc=0.3237
[ep 005] val_sel AUC=0.5279 acc=0.3473
[ep 006] val_sel AUC=0.5287 acc=0.3291
[ep 007] val_sel AUC=0.5283 acc=0.3237
[ep 008] val_sel AUC=0.5293 acc=0.3291
[ep 009] val_sel AUC=0.5284 acc=0.3237
[ep 010] val_sel AUC=0.5282 acc=0.3291
[ep 011] val_sel AUC=0.5272 acc=0.3237
[ep 012] val_sel AUC=0.5292 acc=0.3291
[ep 013] val_sel AUC=0.5288 acc=0.3473
[ep 014] val_sel AUC=0.5290 acc=0.3291
[ep 015] val_sel AUC=0.5278 acc=0.3237
[ep 016] val_sel AUC=0.5283 acc=0.3291
[ep 017] val_sel AUC=0.5276 acc=0.3473
[ep 018] val_sel AUC=0.5270 acc=0.3291
[ep 019] val_sel AUC=0.5260 acc=0.3291
[ep 020] val_sel AUC=0.5238 acc=0.3383
[ep 021] val_sel AUC=0.5211 acc=0.3237
[ep 022] val_sel AUC=0.5199 acc=0.3232
[ep 023] val_sel AUC=0.5193 acc=0.3473
[ep 024] val_sel AUC=0.5190 acc=0.3625
[ep 025] val_sel AUC=0.5182 acc=0.3650
[ep 026] val_sel AUC=0.5178 acc=0.3223
[ep 027] val_sel AUC=0.5179 acc=0.3645
[ep 028] val_sel AUC=0.5181 acc=0.3473
[ep 029] val_sel AUC=0.5181 acc=0.3502
[ep 030] val_sel AUC=0.5181 acc=0.3621
[ep 031] val_sel AUC=0.5181 acc=0.3589
[ep 032] val_sel AUC=0.5181 acc=0.3587
[ep 033] val_sel AUC=0.5157 acc=0.3459
[ep 034] val_sel AUC=0.5238 acc=0.3531
[ep 035] val_sel AUC=0.5266 acc=0.3553
[ep 036] val_sel AUC=0.5312 acc=0.3587
[ep 037] val_sel AUC=0.5275 acc=0.3677
[ep 038] val_sel AUC=0.5340 acc=0.3603
[ep 039] val_sel AUC=0.5358 acc=0.3551
[ep 040] val_sel AUC=0.5346 acc=0.3558
[ep 041] val_sel AUC=0.5395 acc=0.3679
[ep 042] val_sel AUC=0.5451 acc=0.3672
[ep 043] val_sel AUC=0.5477 acc=0.3805
[ep 044] val_sel AUC=0.5557 acc=0.3805
[ep 045] val_sel AUC=0.5428 acc=0.3616
[ep 046] val_sel AUC=0.5620 acc=0.3800
[ep 047] val_sel AUC=0.5892 acc=0.4070
[ep 048] val_sel AUC=0.5858 acc=0.3975
[ep 049] val_sel AUC=0.5757 acc=0.3841
[ep 050] val_sel AUC=0.5767 acc=0.4045
[ep 051] val_sel AUC=0.5931 acc=0.4198
[ep 052] val_sel AUC=0.6104 acc=0.4303
[ep 053] val_sel AUC=0.6243 acc=0.4456
[ep 054] val_sel AUC=0.5926 acc=0.4105
[ep 055] val_sel AUC=0.5928 acc=0.4204
[ep 056] val_sel AUC=0.6060 acc=0.4290
[ep 057] val_sel AUC=0.6261 acc=0.4328
[ep 058] val_sel AUC=0.6259 acc=0.4409
[ep 059] val_sel AUC=0.6223 acc=0.4429
[ep 060] val_sel AUC=0.6449 acc=0.4480
[ep 061] val_sel AUC=0.6410 acc=0.4646
[ep 062] val_sel AUC=0.6476 acc=0.4543
[ep 063] val_sel AUC=0.6504 acc=0.4738
[ep 064] val_sel AUC=0.6826 acc=0.5160
[ep 065] val_sel AUC=0.6737 acc=0.5071
[ep 066] val_sel AUC=0.6693 acc=0.4819
[ep 067] val_sel AUC=0.6912 acc=0.4817
[ep 068] val_sel AUC=0.6796 acc=0.4878
[ep 069] val_sel AUC=0.7097 acc=0.5475
[ep 070] val_sel AUC=0.7109 acc=0.5416
[ep 071] val_sel AUC=0.6958 acc=0.5156
[ep 072] val_sel AUC=0.7210 acc=0.5430
[ep 073] val_sel AUC=0.7147 acc=0.5437
[ep 074] val_sel AUC=0.7169 acc=0.5455
[ep 075] val_sel AUC=0.7217 acc=0.5468
[ep 076] val_sel AUC=0.7337 acc=0.5569
[ep 077] val_sel AUC=0.7408 acc=0.5753
[ep 078] val_sel AUC=0.7348 acc=0.5677
[ep 079] val_sel AUC=0.7382 acc=0.5814
[ep 080] val_sel AUC=0.7452 acc=0.5955
[ep 081] val_sel AUC=0.7466 acc=0.5877
[ep 082] val_sel AUC=0.7498 acc=0.5908
[ep 083] val_sel AUC=0.7455 acc=0.5802
[ep 084] val_sel AUC=0.7454 acc=0.5906
[ep 085] val_sel AUC=0.7463 acc=0.5946
[ep 086] val_sel AUC=0.7484 acc=0.5987
[ep 087] val_sel AUC=0.7487 acc=0.5987
[ep 088] val_sel AUC=0.7484 acc=0.5984
[ep 089] val_sel AUC=0.7476 acc=0.5910
[ep 090] val_sel AUC=0.7484 acc=0.5969
[ep 091] val_sel AUC=0.7491 acc=0.6004
[ep 092] val_sel AUC=0.7481 acc=0.6007
[ep 093] val_sel AUC=0.7486 acc=0.6000
[ep 094] val_sel AUC=0.7492 acc=0.6000
[ep 095] val_sel AUC=0.7492 acc=0.6004
[ep 096] val_sel AUC=0.7492 acc=0.6007
============================================================
TEST (best val_sel epoch, held-out, evaluated once)
============================================================
[DONE-QPE2] embed=conv model_II N=100 seed=50 test_AUC=0.7390 val_sel_AUC=0.7498 per_class=(axion=0.8159 cdm=0.6031 no_sub=0.7981) params=207619 embed_params=4160 R_frob_drift=None
