[INFO] QPE2 D=64 P=8 depth=4 | embed=conv | data=model_II N/class=250 seed=51 split_seed=0 | params=207619 embed_params=4160 lr=0.001 epochs=96 bs=32 | train(750, 64, 64) val_sel(4455, 64, 64) test(4455, 64, 64) device=cuda
[ep 001] val_sel AUC=0.5180 acc=0.3291
[ep 002] val_sel AUC=0.5228 acc=0.3237
[ep 003] val_sel AUC=0.5314 acc=0.3237
[ep 004] val_sel AUC=0.5312 acc=0.3291
[ep 005] val_sel AUC=0.5353 acc=0.3291
[ep 006] val_sel AUC=0.5298 acc=0.3237
[ep 007] val_sel AUC=0.5299 acc=0.3473
[ep 008] val_sel AUC=0.5216 acc=0.3473
[ep 009] val_sel AUC=0.5139 acc=0.3237
[ep 010] val_sel AUC=0.5297 acc=0.3473
[ep 011] val_sel AUC=0.5233 acc=0.3291
[ep 012] val_sel AUC=0.5165 acc=0.3237
[ep 013] val_sel AUC=0.5178 acc=0.3473
[ep 014] val_sel AUC=0.5169 acc=0.3237
[ep 015] val_sel AUC=0.5176 acc=0.3441
[ep 016] val_sel AUC=0.5221 acc=0.3237
[ep 017] val_sel AUC=0.5163 acc=0.3473
[ep 018] val_sel AUC=0.5170 acc=0.3304
[ep 019] val_sel AUC=0.5160 acc=0.3313
[ep 020] val_sel AUC=0.5164 acc=0.3358
[ep 021] val_sel AUC=0.5201 acc=0.3376
[ep 022] val_sel AUC=0.5249 acc=0.3455
[ep 023] val_sel AUC=0.5304 acc=0.3589
[ep 024] val_sel AUC=0.5361 acc=0.3315
[ep 025] val_sel AUC=0.5431 acc=0.3531
[ep 026] val_sel AUC=0.5475 acc=0.3533
[ep 027] val_sel AUC=0.5542 acc=0.3735
[ep 028] val_sel AUC=0.5580 acc=0.3661
[ep 029] val_sel AUC=0.5597 acc=0.3648
[ep 030] val_sel AUC=0.5611 acc=0.3663
[ep 031] val_sel AUC=0.5622 acc=0.3677
[ep 032] val_sel AUC=0.5625 acc=0.3675
[ep 033] val_sel AUC=0.5262 acc=0.3488
[ep 034] val_sel AUC=0.5402 acc=0.3473
[ep 035] val_sel AUC=0.5535 acc=0.3616
[ep 036] val_sel AUC=0.5485 acc=0.3490
[ep 037] val_sel AUC=0.5761 acc=0.3771
[ep 038] val_sel AUC=0.5647 acc=0.3933
[ep 039] val_sel AUC=0.5758 acc=0.3621
[ep 040] val_sel AUC=0.6133 acc=0.4220
[ep 041] val_sel AUC=0.6147 acc=0.3616
[ep 042] val_sel AUC=0.6280 acc=0.4011
[ep 043] val_sel AUC=0.6446 acc=0.4572
[ep 044] val_sel AUC=0.6723 acc=0.4842
[ep 045] val_sel AUC=0.6674 acc=0.4774
[ep 046] val_sel AUC=0.6922 acc=0.4676
[ep 047] val_sel AUC=0.7181 acc=0.4911
[ep 048] val_sel AUC=0.6701 acc=0.4880
[ep 049] val_sel AUC=0.7165 acc=0.4682
[ep 050] val_sel AUC=0.7082 acc=0.5318
[ep 051] val_sel AUC=0.7715 acc=0.5785
[ep 052] val_sel AUC=0.8108 acc=0.6426
[ep 053] val_sel AUC=0.7563 acc=0.4698
[ep 054] val_sel AUC=0.8093 acc=0.6384
[ep 055] val_sel AUC=0.8121 acc=0.6159
[ep 056] val_sel AUC=0.8156 acc=0.6512
[ep 057] val_sel AUC=0.8392 acc=0.6682
[ep 058] val_sel AUC=0.8642 acc=0.7073
[ep 059] val_sel AUC=0.8381 acc=0.6763
[ep 060] val_sel AUC=0.8718 acc=0.7021
[ep 061] val_sel AUC=0.8894 acc=0.7497
[ep 062] val_sel AUC=0.8713 acc=0.7140
[ep 063] val_sel AUC=0.8464 acc=0.6492
[ep 064] val_sel AUC=0.8600 acc=0.6884
[ep 065] val_sel AUC=0.8581 acc=0.7093
[ep 066] val_sel AUC=0.8835 acc=0.7194
[ep 067] val_sel AUC=0.8849 acc=0.7556
[ep 068] val_sel AUC=0.8722 acc=0.7205
[ep 069] val_sel AUC=0.8683 acc=0.7113
[ep 070] val_sel AUC=0.8931 acc=0.7466
[ep 071] val_sel AUC=0.8917 acc=0.7551
[ep 072] val_sel AUC=0.8910 acc=0.7724
[ep 073] val_sel AUC=0.8983 acc=0.7811
[ep 074] val_sel AUC=0.9016 acc=0.7677
[ep 075] val_sel AUC=0.8992 acc=0.7576
[ep 076] val_sel AUC=0.9012 acc=0.7731
[ep 077] val_sel AUC=0.9046 acc=0.7919
[ep 078] val_sel AUC=0.9004 acc=0.7955
[ep 079] val_sel AUC=0.9004 acc=0.7762
[ep 080] val_sel AUC=0.9024 acc=0.7957
[ep 081] val_sel AUC=0.9089 acc=0.8002
[ep 082] val_sel AUC=0.9035 acc=0.7881
[ep 083] val_sel AUC=0.9077 acc=0.7915
[ep 084] val_sel AUC=0.9087 acc=0.8034
[ep 085] val_sel AUC=0.9070 acc=0.8004
[ep 086] val_sel AUC=0.9090 acc=0.8076
[ep 087] val_sel AUC=0.9084 acc=0.8009
[ep 088] val_sel AUC=0.9063 acc=0.8065
[ep 089] val_sel AUC=0.9053 acc=0.8011
[ep 090] val_sel AUC=0.9067 acc=0.8038
[ep 091] val_sel AUC=0.9076 acc=0.8027
[ep 092] val_sel AUC=0.9069 acc=0.8038
[ep 093] val_sel AUC=0.9073 acc=0.8034
[ep 094] val_sel AUC=0.9070 acc=0.8029
[ep 095] val_sel AUC=0.9070 acc=0.8027
[ep 096] val_sel AUC=0.9070 acc=0.8029
============================================================
TEST (best val_sel epoch, held-out, evaluated once)
============================================================
[DONE-QPE2] embed=conv model_II N=250 seed=51 test_AUC=0.9096 val_sel_AUC=0.9090 per_class=(axion=0.9374 cdm=0.8288 no_sub=0.9626) params=207619 embed_params=4160 R_frob_drift=None
