[INFO] QPE2 D=64 P=8 depth=4 | embed=conv | data=model_II N/class=250 seed=44 split_seed=0 | params=207619 embed_params=4160 lr=0.001 epochs=96 bs=32 | train(750, 64, 64) val_sel(4455, 64, 64) test(4455, 64, 64) device=cuda
[ep 001] val_sel AUC=0.5427 acc=0.3291
[ep 002] val_sel AUC=0.5452 acc=0.3291
[ep 003] val_sel AUC=0.5448 acc=0.3473
[ep 004] val_sel AUC=0.5397 acc=0.3473
[ep 005] val_sel AUC=0.5366 acc=0.3237
[ep 006] val_sel AUC=0.5338 acc=0.3237
[ep 007] val_sel AUC=0.5286 acc=0.3291
[ep 008] val_sel AUC=0.5150 acc=0.3291
[ep 009] val_sel AUC=0.5105 acc=0.3502
[ep 010] val_sel AUC=0.5122 acc=0.3473
[ep 011] val_sel AUC=0.5153 acc=0.3293
[ep 012] val_sel AUC=0.5156 acc=0.3237
[ep 013] val_sel AUC=0.5189 acc=0.3448
[ep 014] val_sel AUC=0.5368 acc=0.3531
[ep 015] val_sel AUC=0.5227 acc=0.3616
[ep 016] val_sel AUC=0.5474 acc=0.3661
[ep 017] val_sel AUC=0.5717 acc=0.3917
[ep 018] val_sel AUC=0.5736 acc=0.3688
[ep 019] val_sel AUC=0.5841 acc=0.4198
[ep 020] val_sel AUC=0.6221 acc=0.4328
[ep 021] val_sel AUC=0.6336 acc=0.4496
[ep 022] val_sel AUC=0.6612 acc=0.4712
[ep 023] val_sel AUC=0.6539 acc=0.4633
[ep 024] val_sel AUC=0.7067 acc=0.5154
[ep 025] val_sel AUC=0.7023 acc=0.5118
[ep 026] val_sel AUC=0.7256 acc=0.5354
[ep 027] val_sel AUC=0.7208 acc=0.5320
[ep 028] val_sel AUC=0.7439 acc=0.5542
[ep 029] val_sel AUC=0.7469 acc=0.5600
[ep 030] val_sel AUC=0.7494 acc=0.5621
[ep 031] val_sel AUC=0.7485 acc=0.5639
[ep 032] val_sel AUC=0.7490 acc=0.5632
[ep 033] val_sel AUC=0.7062 acc=0.4972
[ep 034] val_sel AUC=0.7520 acc=0.5587
[ep 035] val_sel AUC=0.7227 acc=0.5248
[ep 036] val_sel AUC=0.7068 acc=0.4696
[ep 037] val_sel AUC=0.7313 acc=0.5455
[ep 038] val_sel AUC=0.7290 acc=0.4422
[ep 039] val_sel AUC=0.7192 acc=0.5118
[ep 040] val_sel AUC=0.7681 acc=0.5791
[ep 041] val_sel AUC=0.7846 acc=0.5971
[ep 042] val_sel AUC=0.7680 acc=0.5443
[ep 043] val_sel AUC=0.7563 acc=0.5650
[ep 044] val_sel AUC=0.7928 acc=0.6132
[ep 045] val_sel AUC=0.7965 acc=0.5987
[ep 046] val_sel AUC=0.7939 acc=0.5973
[ep 047] val_sel AUC=0.7617 acc=0.5387
[ep 048] val_sel AUC=0.8033 acc=0.6036
[ep 049] val_sel AUC=0.8080 acc=0.6267
[ep 050] val_sel AUC=0.8199 acc=0.6384
[ep 051] val_sel AUC=0.8169 acc=0.6204
[ep 052] val_sel AUC=0.7811 acc=0.5982
[ep 053] val_sel AUC=0.8313 acc=0.6498
[ep 054] val_sel AUC=0.7633 acc=0.5484
[ep 055] val_sel AUC=0.8312 acc=0.6541
[ep 056] val_sel AUC=0.8164 acc=0.6393
[ep 057] val_sel AUC=0.8191 acc=0.6352
[ep 058] val_sel AUC=0.8451 acc=0.6617
[ep 059] val_sel AUC=0.8454 acc=0.6826
[ep 060] val_sel AUC=0.8057 acc=0.6242
[ep 061] val_sel AUC=0.8162 acc=0.6337
[ep 062] val_sel AUC=0.8488 acc=0.6866
[ep 063] val_sel AUC=0.8603 acc=0.7024
[ep 064] val_sel AUC=0.8579 acc=0.6972
[ep 065] val_sel AUC=0.8584 acc=0.6990
[ep 066] val_sel AUC=0.8422 acc=0.6451
[ep 067] val_sel AUC=0.8513 acc=0.6988
[ep 068] val_sel AUC=0.8576 acc=0.6985
[ep 069] val_sel AUC=0.8564 acc=0.7057
[ep 070] val_sel AUC=0.8465 acc=0.6664
[ep 071] val_sel AUC=0.8515 acc=0.6860
[ep 072] val_sel AUC=0.8557 acc=0.7028
[ep 073] val_sel AUC=0.8620 acc=0.7172
[ep 074] val_sel AUC=0.8604 acc=0.6929
[ep 075] val_sel AUC=0.8531 acc=0.6700
[ep 076] val_sel AUC=0.8703 acc=0.7205
[ep 077] val_sel AUC=0.8687 acc=0.7250
[ep 078] val_sel AUC=0.8616 acc=0.7167
[ep 079] val_sel AUC=0.8680 acc=0.7226
[ep 080] val_sel AUC=0.8777 acc=0.7401
[ep 081] val_sel AUC=0.8679 acc=0.7226
[ep 082] val_sel AUC=0.8711 acc=0.7315
[ep 083] val_sel AUC=0.8703 acc=0.7331
[ep 084] val_sel AUC=0.8699 acc=0.7311
[ep 085] val_sel AUC=0.8729 acc=0.7347
[ep 086] val_sel AUC=0.8715 acc=0.7383
[ep 087] val_sel AUC=0.8731 acc=0.7385
[ep 088] val_sel AUC=0.8744 acc=0.7475
[ep 089] val_sel AUC=0.8723 acc=0.7428
[ep 090] val_sel AUC=0.8728 acc=0.7484
[ep 091] val_sel AUC=0.8713 acc=0.7423
[ep 092] val_sel AUC=0.8707 acc=0.7416
[ep 093] val_sel AUC=0.8704 acc=0.7410
[ep 094] val_sel AUC=0.8709 acc=0.7421
[ep 095] val_sel AUC=0.8705 acc=0.7403
[ep 096] val_sel AUC=0.8705 acc=0.7407
============================================================
TEST (best val_sel epoch, held-out, evaluated once)
============================================================
[DONE-QPE2] embed=conv model_II N=250 seed=44 test_AUC=0.8851 val_sel_AUC=0.8777 per_class=(axion=0.9253 cdm=0.7889 no_sub=0.9411) params=207619 embed_params=4160 R_frob_drift=None
