[INFO] QPE2 D=64 P=8 depth=4 | embed=conv | data=model_III N/class=100 seed=53 split_seed=0 | params=207619 embed_params=4160 lr=0.001 epochs=96 bs=32 | train(300, 64, 64) val_sel(4469, 64, 64) test(4470, 64, 64) device=cuda
[ep 001] val_sel AUC=0.4836 acc=0.3433
[ep 002] val_sel AUC=0.4853 acc=0.3285
[ep 003] val_sel AUC=0.4900 acc=0.3433
[ep 004] val_sel AUC=0.4913 acc=0.3283
[ep 005] val_sel AUC=0.4968 acc=0.3285
[ep 006] val_sel AUC=0.4997 acc=0.3433
[ep 007] val_sel AUC=0.5042 acc=0.3433
[ep 008] val_sel AUC=0.5037 acc=0.3283
[ep 009] val_sel AUC=0.5088 acc=0.3285
[ep 010] val_sel AUC=0.5100 acc=0.3433
[ep 011] val_sel AUC=0.5134 acc=0.3283
[ep 012] val_sel AUC=0.5262 acc=0.3285
[ep 013] val_sel AUC=0.5225 acc=0.3433
[ep 014] val_sel AUC=0.5237 acc=0.3283
[ep 015] val_sel AUC=0.5275 acc=0.3433
[ep 016] val_sel AUC=0.5307 acc=0.3283
[ep 017] val_sel AUC=0.5310 acc=0.3283
[ep 018] val_sel AUC=0.5355 acc=0.3285
[ep 019] val_sel AUC=0.5421 acc=0.3433
[ep 020] val_sel AUC=0.5400 acc=0.3433
[ep 021] val_sel AUC=0.5418 acc=0.3283
[ep 022] val_sel AUC=0.5438 acc=0.3285
[ep 023] val_sel AUC=0.5478 acc=0.3285
[ep 024] val_sel AUC=0.5473 acc=0.3285
[ep 025] val_sel AUC=0.5484 acc=0.3285
[ep 026] val_sel AUC=0.5489 acc=0.3433
[ep 027] val_sel AUC=0.5494 acc=0.3433
[ep 028] val_sel AUC=0.5503 acc=0.3433
[ep 029] val_sel AUC=0.5498 acc=0.3433
[ep 030] val_sel AUC=0.5499 acc=0.3433
[ep 031] val_sel AUC=0.5499 acc=0.3359
[ep 032] val_sel AUC=0.5500 acc=0.3381
[ep 033] val_sel AUC=0.5656 acc=0.3433
[ep 034] val_sel AUC=0.5723 acc=0.3433
[ep 035] val_sel AUC=0.5669 acc=0.3283
[ep 036] val_sel AUC=0.5830 acc=0.3285
[ep 037] val_sel AUC=0.5733 acc=0.3283
[ep 038] val_sel AUC=0.5854 acc=0.3285
[ep 039] val_sel AUC=0.5808 acc=0.3433
[ep 040] val_sel AUC=0.5712 acc=0.3283
[ep 041] val_sel AUC=0.5774 acc=0.3285
[ep 042] val_sel AUC=0.5579 acc=0.3283
[ep 043] val_sel AUC=0.5686 acc=0.3285
[ep 044] val_sel AUC=0.5733 acc=0.3433
[ep 045] val_sel AUC=0.5688 acc=0.3457
[ep 046] val_sel AUC=0.5742 acc=0.3433
[ep 047] val_sel AUC=0.5693 acc=0.3285
[ep 048] val_sel AUC=0.5732 acc=0.3285
[ep 049] val_sel AUC=0.5736 acc=0.3283
[ep 050] val_sel AUC=0.5751 acc=0.3285
[ep 051] val_sel AUC=0.5749 acc=0.3285
[ep 052] val_sel AUC=0.5742 acc=0.3283
[ep 053] val_sel AUC=0.5764 acc=0.3285
[ep 054] val_sel AUC=0.5762 acc=0.3285
[ep 055] val_sel AUC=0.5718 acc=0.3285
[ep 056] val_sel AUC=0.5738 acc=0.3433
[ep 057] val_sel AUC=0.5731 acc=0.3433
[ep 058] val_sel AUC=0.5684 acc=0.3283
[ep 059] val_sel AUC=0.5696 acc=0.3433
[ep 060] val_sel AUC=0.5651 acc=0.3462
[ep 061] val_sel AUC=0.5573 acc=0.3285
[ep 062] val_sel AUC=0.5573 acc=0.3283
[ep 063] val_sel AUC=0.5490 acc=0.3283
[ep 064] val_sel AUC=0.5471 acc=0.3283
[ep 065] val_sel AUC=0.5418 acc=0.3433
[ep 066] val_sel AUC=0.5361 acc=0.3285
[ep 067] val_sel AUC=0.5345 acc=0.3285
[ep 068] val_sel AUC=0.5330 acc=0.3285
[ep 069] val_sel AUC=0.5333 acc=0.3283
[ep 070] val_sel AUC=0.5295 acc=0.3283
[ep 071] val_sel AUC=0.5300 acc=0.3433
[ep 072] val_sel AUC=0.5287 acc=0.3433
[ep 073] val_sel AUC=0.5252 acc=0.3285
[ep 074] val_sel AUC=0.5241 acc=0.3285
[ep 075] val_sel AUC=0.5236 acc=0.3285
[ep 076] val_sel AUC=0.5237 acc=0.3441
[ep 077] val_sel AUC=0.5235 acc=0.3392
[ep 078] val_sel AUC=0.5222 acc=0.3421
[ep 079] val_sel AUC=0.5221 acc=0.3446
[ep 080] val_sel AUC=0.5215 acc=0.3417
[ep 081] val_sel AUC=0.5209 acc=0.3437
[ep 082] val_sel AUC=0.5208 acc=0.3399
[ep 083] val_sel AUC=0.5208 acc=0.3381
[ep 084] val_sel AUC=0.5210 acc=0.3383
[ep 085] val_sel AUC=0.5211 acc=0.3435
[ep 086] val_sel AUC=0.5211 acc=0.3439
[ep 087] val_sel AUC=0.5212 acc=0.3430
[ep 088] val_sel AUC=0.5213 acc=0.3435
[ep 089] val_sel AUC=0.5216 acc=0.3392
[ep 090] val_sel AUC=0.5218 acc=0.3415
[ep 091] val_sel AUC=0.5220 acc=0.3426
[ep 092] val_sel AUC=0.5221 acc=0.3399
[ep 093] val_sel AUC=0.5221 acc=0.3421
[ep 094] val_sel AUC=0.5222 acc=0.3415
[ep 095] val_sel AUC=0.5222 acc=0.3401
[ep 096] val_sel AUC=0.5222 acc=0.3406
============================================================
TEST (best val_sel epoch, held-out, evaluated once)
============================================================
[DONE-QPE2] embed=conv model_III N=100 seed=53 test_AUC=0.5717 val_sel_AUC=0.5854 per_class=(axion=0.5662 cdm=0.5287 no_sub=0.6201) params=207619 embed_params=4160 R_frob_drift=None
