[INFO] QPE2 D=64 P=8 depth=4 | embed=conv | data=model_II N/class=250 seed=46 split_seed=0 | params=207619 embed_params=4160 lr=0.001 epochs=96 bs=32 | train(750, 64, 64) val_sel(4455, 64, 64) test(4455, 64, 64) device=cuda
[ep 001] val_sel AUC=0.5025 acc=0.3237
[ep 002] val_sel AUC=0.5275 acc=0.3237
[ep 003] val_sel AUC=0.5360 acc=0.3473
[ep 004] val_sel AUC=0.5377 acc=0.3237
[ep 005] val_sel AUC=0.5362 acc=0.3237
[ep 006] val_sel AUC=0.5404 acc=0.3237
[ep 007] val_sel AUC=0.5399 acc=0.3473
[ep 008] val_sel AUC=0.5398 acc=0.3291
[ep 009] val_sel AUC=0.5384 acc=0.3473
[ep 010] val_sel AUC=0.5334 acc=0.3237
[ep 011] val_sel AUC=0.5175 acc=0.3490
[ep 012] val_sel AUC=0.5182 acc=0.3473
[ep 013] val_sel AUC=0.5199 acc=0.3349
[ep 014] val_sel AUC=0.5209 acc=0.3473
[ep 015] val_sel AUC=0.5266 acc=0.3237
[ep 016] val_sel AUC=0.5308 acc=0.3354
[ep 017] val_sel AUC=0.5351 acc=0.3479
[ep 018] val_sel AUC=0.5401 acc=0.3574
[ep 019] val_sel AUC=0.5478 acc=0.3704
[ep 020] val_sel AUC=0.5513 acc=0.3701
[ep 021] val_sel AUC=0.5525 acc=0.3758
[ep 022] val_sel AUC=0.5605 acc=0.3778
[ep 023] val_sel AUC=0.5684 acc=0.3910
[ep 024] val_sel AUC=0.5887 acc=0.4063
[ep 025] val_sel AUC=0.5942 acc=0.3978
[ep 026] val_sel AUC=0.6162 acc=0.4552
[ep 027] val_sel AUC=0.6424 acc=0.4599
[ep 028] val_sel AUC=0.6619 acc=0.4629
[ep 029] val_sel AUC=0.6688 acc=0.4606
[ep 030] val_sel AUC=0.6752 acc=0.4689
[ep 031] val_sel AUC=0.6784 acc=0.4723
[ep 032] val_sel AUC=0.6792 acc=0.4723
[ep 033] val_sel AUC=0.6543 acc=0.4579
[ep 034] val_sel AUC=0.6842 acc=0.4577
[ep 035] val_sel AUC=0.6214 acc=0.4040
[ep 036] val_sel AUC=0.7358 acc=0.4949
[ep 037] val_sel AUC=0.7527 acc=0.5086
[ep 038] val_sel AUC=0.7194 acc=0.5024
[ep 039] val_sel AUC=0.7606 acc=0.5470
[ep 040] val_sel AUC=0.7317 acc=0.5407
[ep 041] val_sel AUC=0.7448 acc=0.5286
[ep 042] val_sel AUC=0.7364 acc=0.4673
[ep 043] val_sel AUC=0.7995 acc=0.6103
[ep 044] val_sel AUC=0.7613 acc=0.5618
[ep 045] val_sel AUC=0.8242 acc=0.6397
[ep 046] val_sel AUC=0.7885 acc=0.5924
[ep 047] val_sel AUC=0.7982 acc=0.5868
[ep 048] val_sel AUC=0.8329 acc=0.6655
[ep 049] val_sel AUC=0.8110 acc=0.6193
[ep 050] val_sel AUC=0.8353 acc=0.6595
[ep 051] val_sel AUC=0.8106 acc=0.6348
[ep 052] val_sel AUC=0.8324 acc=0.6469
[ep 053] val_sel AUC=0.8611 acc=0.7019
[ep 054] val_sel AUC=0.8548 acc=0.6909
[ep 055] val_sel AUC=0.8201 acc=0.6236
[ep 056] val_sel AUC=0.8714 acc=0.7183
[ep 057] val_sel AUC=0.8267 acc=0.6139
[ep 058] val_sel AUC=0.8718 acc=0.7120
[ep 059] val_sel AUC=0.8521 acc=0.6902
[ep 060] val_sel AUC=0.8548 acc=0.6873
[ep 061] val_sel AUC=0.8513 acc=0.6941
[ep 062] val_sel AUC=0.8804 acc=0.7259
[ep 063] val_sel AUC=0.8855 acc=0.7244
[ep 064] val_sel AUC=0.8879 acc=0.7385
[ep 065] val_sel AUC=0.8644 acc=0.7194
[ep 066] val_sel AUC=0.8907 acc=0.7600
[ep 067] val_sel AUC=0.8891 acc=0.7493
[ep 068] val_sel AUC=0.8624 acc=0.6916
[ep 069] val_sel AUC=0.8876 acc=0.7513
[ep 070] val_sel AUC=0.8750 acc=0.7021
[ep 071] val_sel AUC=0.8870 acc=0.7363
[ep 072] val_sel AUC=0.8917 acc=0.7407
[ep 073] val_sel AUC=0.9063 acc=0.7713
[ep 074] val_sel AUC=0.8926 acc=0.7526
[ep 075] val_sel AUC=0.8934 acc=0.7542
[ep 076] val_sel AUC=0.9090 acc=0.7805
[ep 077] val_sel AUC=0.8957 acc=0.7688
[ep 078] val_sel AUC=0.9058 acc=0.7758
[ep 079] val_sel AUC=0.9098 acc=0.7883
[ep 080] val_sel AUC=0.9039 acc=0.7789
[ep 081] val_sel AUC=0.9068 acc=0.7733
[ep 082] val_sel AUC=0.9100 acc=0.7903
[ep 083] val_sel AUC=0.9011 acc=0.7782
[ep 084] val_sel AUC=0.9051 acc=0.7928
[ep 085] val_sel AUC=0.8981 acc=0.7749
[ep 086] val_sel AUC=0.9007 acc=0.7859
[ep 087] val_sel AUC=0.9106 acc=0.7877
[ep 088] val_sel AUC=0.9093 acc=0.7897
[ep 089] val_sel AUC=0.9050 acc=0.7843
[ep 090] val_sel AUC=0.9083 acc=0.7930
[ep 091] val_sel AUC=0.9063 acc=0.7901
[ep 092] val_sel AUC=0.9066 acc=0.7910
[ep 093] val_sel AUC=0.9074 acc=0.7928
[ep 094] val_sel AUC=0.9072 acc=0.7930
[ep 095] val_sel AUC=0.9071 acc=0.7930
[ep 096] val_sel AUC=0.9071 acc=0.7924
============================================================
TEST (best val_sel epoch, held-out, evaluated once)
============================================================
[DONE-QPE2] embed=conv model_II N=250 seed=46 test_AUC=0.9064 val_sel_AUC=0.9106 per_class=(axion=0.9330 cdm=0.8297 no_sub=0.9565) params=207619 embed_params=4160 R_frob_drift=None
