[INFO] QPE2 D=64 P=8 depth=4 | embed=conv | data=model_II N/class=250 seed=47 split_seed=0 | params=207619 embed_params=4160 lr=0.001 epochs=96 bs=32 | train(750, 64, 64) val_sel(4455, 64, 64) test(4455, 64, 64) device=cuda
[ep 001] val_sel AUC=0.4829 acc=0.3473
[ep 002] val_sel AUC=0.4877 acc=0.3473
[ep 003] val_sel AUC=0.4979 acc=0.3473
[ep 004] val_sel AUC=0.5010 acc=0.3237
[ep 005] val_sel AUC=0.5101 acc=0.3237
[ep 006] val_sel AUC=0.5139 acc=0.3291
[ep 007] val_sel AUC=0.5127 acc=0.3237
[ep 008] val_sel AUC=0.5167 acc=0.3473
[ep 009] val_sel AUC=0.5179 acc=0.3291
[ep 010] val_sel AUC=0.5167 acc=0.3473
[ep 011] val_sel AUC=0.5172 acc=0.3291
[ep 012] val_sel AUC=0.5163 acc=0.3549
[ep 013] val_sel AUC=0.5154 acc=0.3291
[ep 014] val_sel AUC=0.5146 acc=0.3237
[ep 015] val_sel AUC=0.5144 acc=0.3237
[ep 016] val_sel AUC=0.5146 acc=0.3291
[ep 017] val_sel AUC=0.5109 acc=0.3239
[ep 018] val_sel AUC=0.5147 acc=0.3300
[ep 019] val_sel AUC=0.5165 acc=0.3237
[ep 020] val_sel AUC=0.5189 acc=0.3455
[ep 021] val_sel AUC=0.5288 acc=0.3533
[ep 022] val_sel AUC=0.5369 acc=0.3609
[ep 023] val_sel AUC=0.5275 acc=0.3580
[ep 024] val_sel AUC=0.5331 acc=0.3645
[ep 025] val_sel AUC=0.5375 acc=0.3677
[ep 026] val_sel AUC=0.5440 acc=0.3701
[ep 027] val_sel AUC=0.5433 acc=0.3719
[ep 028] val_sel AUC=0.5478 acc=0.3654
[ep 029] val_sel AUC=0.5524 acc=0.3843
[ep 030] val_sel AUC=0.5512 acc=0.3870
[ep 031] val_sel AUC=0.5514 acc=0.3832
[ep 032] val_sel AUC=0.5514 acc=0.3836
[ep 033] val_sel AUC=0.5751 acc=0.3684
[ep 034] val_sel AUC=0.5863 acc=0.4097
[ep 035] val_sel AUC=0.5798 acc=0.3818
[ep 036] val_sel AUC=0.6015 acc=0.4272
[ep 037] val_sel AUC=0.6178 acc=0.3740
[ep 038] val_sel AUC=0.6187 acc=0.3966
[ep 039] val_sel AUC=0.6123 acc=0.4022
[ep 040] val_sel AUC=0.6410 acc=0.4166
[ep 041] val_sel AUC=0.6760 acc=0.4429
[ep 042] val_sel AUC=0.6843 acc=0.4880
[ep 043] val_sel AUC=0.6797 acc=0.4512
[ep 044] val_sel AUC=0.7404 acc=0.4952
[ep 045] val_sel AUC=0.7707 acc=0.5818
[ep 046] val_sel AUC=0.7751 acc=0.5661
[ep 047] val_sel AUC=0.7324 acc=0.5089
[ep 048] val_sel AUC=0.7905 acc=0.5908
[ep 049] val_sel AUC=0.8088 acc=0.6328
[ep 050] val_sel AUC=0.8065 acc=0.5838
[ep 051] val_sel AUC=0.8331 acc=0.6552
[ep 052] val_sel AUC=0.8613 acc=0.6873
[ep 053] val_sel AUC=0.8513 acc=0.6878
[ep 054] val_sel AUC=0.8403 acc=0.6413
[ep 055] val_sel AUC=0.8590 acc=0.6956
[ep 056] val_sel AUC=0.8631 acc=0.6925
[ep 057] val_sel AUC=0.8401 acc=0.6474
[ep 058] val_sel AUC=0.8672 acc=0.7107
[ep 059] val_sel AUC=0.8732 acc=0.7145
[ep 060] val_sel AUC=0.8455 acc=0.6783
[ep 061] val_sel AUC=0.8719 acc=0.7187
[ep 062] val_sel AUC=0.8880 acc=0.7358
[ep 063] val_sel AUC=0.8685 acc=0.7033
[ep 064] val_sel AUC=0.8778 acc=0.7255
[ep 065] val_sel AUC=0.8884 acc=0.7324
[ep 066] val_sel AUC=0.8921 acc=0.7396
[ep 067] val_sel AUC=0.8891 acc=0.7111
[ep 068] val_sel AUC=0.8762 acc=0.7039
[ep 069] val_sel AUC=0.8809 acc=0.7098
[ep 070] val_sel AUC=0.8914 acc=0.7396
[ep 071] val_sel AUC=0.8839 acc=0.7208
[ep 072] val_sel AUC=0.8859 acc=0.7082
[ep 073] val_sel AUC=0.8988 acc=0.7560
[ep 074] val_sel AUC=0.9036 acc=0.7657
[ep 075] val_sel AUC=0.9029 acc=0.7654
[ep 076] val_sel AUC=0.8973 acc=0.7430
[ep 077] val_sel AUC=0.8982 acc=0.7578
[ep 078] val_sel AUC=0.9067 acc=0.7688
[ep 079] val_sel AUC=0.9058 acc=0.7706
[ep 080] val_sel AUC=0.9080 acc=0.7877
[ep 081] val_sel AUC=0.9074 acc=0.7755
[ep 082] val_sel AUC=0.9040 acc=0.7614
[ep 083] val_sel AUC=0.9072 acc=0.7771
[ep 084] val_sel AUC=0.9089 acc=0.7917
[ep 085] val_sel AUC=0.9099 acc=0.7838
[ep 086] val_sel AUC=0.9080 acc=0.7888
[ep 087] val_sel AUC=0.9094 acc=0.7888
[ep 088] val_sel AUC=0.9089 acc=0.7856
[ep 089] val_sel AUC=0.9085 acc=0.7886
[ep 090] val_sel AUC=0.9073 acc=0.7843
[ep 091] val_sel AUC=0.9081 acc=0.7865
[ep 092] val_sel AUC=0.9079 acc=0.7870
[ep 093] val_sel AUC=0.9076 acc=0.7870
[ep 094] val_sel AUC=0.9076 acc=0.7874
[ep 095] val_sel AUC=0.9074 acc=0.7872
[ep 096] val_sel AUC=0.9076 acc=0.7868
============================================================
TEST (best val_sel epoch, held-out, evaluated once)
============================================================
[DONE-QPE2] embed=conv model_II N=250 seed=47 test_AUC=0.9171 val_sel_AUC=0.9099 per_class=(axion=0.9441 cdm=0.8440 no_sub=0.9632) params=207619 embed_params=4160 R_frob_drift=None
