[INFO] QPE2 D=64 P=8 depth=4 | embed=conv | data=model_III N/class=250 seed=47 split_seed=0 | params=207619 embed_params=4160 lr=0.001 epochs=96 bs=32 | train(750, 64, 64) val_sel(4469, 64, 64) test(4470, 64, 64) device=cuda
[ep 001] val_sel AUC=0.4772 acc=0.3433
[ep 002] val_sel AUC=0.4872 acc=0.3283
[ep 003] val_sel AUC=0.5019 acc=0.3433
[ep 004] val_sel AUC=0.5149 acc=0.3285
[ep 005] val_sel AUC=0.5231 acc=0.3433
[ep 006] val_sel AUC=0.5277 acc=0.3283
[ep 007] val_sel AUC=0.5281 acc=0.3285
[ep 008] val_sel AUC=0.5300 acc=0.3433
[ep 009] val_sel AUC=0.5268 acc=0.3283
[ep 010] val_sel AUC=0.5259 acc=0.3433
[ep 011] val_sel AUC=0.5222 acc=0.3283
[ep 012] val_sel AUC=0.5195 acc=0.3453
[ep 013] val_sel AUC=0.5217 acc=0.3283
[ep 014] val_sel AUC=0.5270 acc=0.3529
[ep 015] val_sel AUC=0.5347 acc=0.3285
[ep 016] val_sel AUC=0.5375 acc=0.3612
[ep 017] val_sel AUC=0.5490 acc=0.3723
[ep 018] val_sel AUC=0.5540 acc=0.3654
[ep 019] val_sel AUC=0.5606 acc=0.3882
[ep 020] val_sel AUC=0.5729 acc=0.3932
[ep 021] val_sel AUC=0.5905 acc=0.4126
[ep 022] val_sel AUC=0.5975 acc=0.4269
[ep 023] val_sel AUC=0.5971 acc=0.4267
[ep 024] val_sel AUC=0.6080 acc=0.4357
[ep 025] val_sel AUC=0.6090 acc=0.4359
[ep 026] val_sel AUC=0.6098 acc=0.4249
[ep 027] val_sel AUC=0.6184 acc=0.4325
[ep 028] val_sel AUC=0.6227 acc=0.4399
[ep 029] val_sel AUC=0.6260 acc=0.4417
[ep 030] val_sel AUC=0.6268 acc=0.4401
[ep 031] val_sel AUC=0.6280 acc=0.4406
[ep 032] val_sel AUC=0.6282 acc=0.4397
[ep 033] val_sel AUC=0.6410 acc=0.4211
[ep 034] val_sel AUC=0.6768 acc=0.4797
[ep 035] val_sel AUC=0.6470 acc=0.4775
[ep 036] val_sel AUC=0.6994 acc=0.5249
[ep 037] val_sel AUC=0.6920 acc=0.4952
[ep 038] val_sel AUC=0.6574 acc=0.4721
[ep 039] val_sel AUC=0.7051 acc=0.5100
[ep 040] val_sel AUC=0.7490 acc=0.5464
[ep 041] val_sel AUC=0.7622 acc=0.5726
[ep 042] val_sel AUC=0.7527 acc=0.5565
[ep 043] val_sel AUC=0.8033 acc=0.6147
[ep 044] val_sel AUC=0.7883 acc=0.6017
[ep 045] val_sel AUC=0.7699 acc=0.5737
[ep 046] val_sel AUC=0.7558 acc=0.5288
[ep 047] val_sel AUC=0.7970 acc=0.6124
[ep 048] val_sel AUC=0.8225 acc=0.6133
[ep 049] val_sel AUC=0.7989 acc=0.5939
[ep 050] val_sel AUC=0.8034 acc=0.5966
[ep 051] val_sel AUC=0.7990 acc=0.6091
[ep 052] val_sel AUC=0.8188 acc=0.6344
[ep 053] val_sel AUC=0.8356 acc=0.6603
[ep 054] val_sel AUC=0.8605 acc=0.7019
[ep 055] val_sel AUC=0.8151 acc=0.5932
[ep 056] val_sel AUC=0.8350 acc=0.6426
[ep 057] val_sel AUC=0.8766 acc=0.7046
[ep 058] val_sel AUC=0.8499 acc=0.6925
[ep 059] val_sel AUC=0.8644 acc=0.6874
[ep 060] val_sel AUC=0.8845 acc=0.7149
[ep 061] val_sel AUC=0.8676 acc=0.6744
[ep 062] val_sel AUC=0.8751 acc=0.7091
[ep 063] val_sel AUC=0.8781 acc=0.7024
[ep 064] val_sel AUC=0.8827 acc=0.7234
[ep 065] val_sel AUC=0.8936 acc=0.7476
[ep 066] val_sel AUC=0.8446 acc=0.6424
[ep 067] val_sel AUC=0.8886 acc=0.7328
[ep 068] val_sel AUC=0.9000 acc=0.7642
[ep 069] val_sel AUC=0.8889 acc=0.7498
[ep 070] val_sel AUC=0.8999 acc=0.7646
[ep 071] val_sel AUC=0.9101 acc=0.7776
[ep 072] val_sel AUC=0.8879 acc=0.7259
[ep 073] val_sel AUC=0.9021 acc=0.7702
[ep 074] val_sel AUC=0.9018 acc=0.7487
[ep 075] val_sel AUC=0.9025 acc=0.7809
[ep 076] val_sel AUC=0.9126 acc=0.7791
[ep 077] val_sel AUC=0.9117 acc=0.7991
[ep 078] val_sel AUC=0.9085 acc=0.7637
[ep 079] val_sel AUC=0.9121 acc=0.8020
[ep 080] val_sel AUC=0.9153 acc=0.7986
[ep 081] val_sel AUC=0.9155 acc=0.8029
[ep 082] val_sel AUC=0.9157 acc=0.8020
[ep 083] val_sel AUC=0.9108 acc=0.7901
[ep 084] val_sel AUC=0.9120 acc=0.7865
[ep 085] val_sel AUC=0.9130 acc=0.7948
[ep 086] val_sel AUC=0.9133 acc=0.8058
[ep 087] val_sel AUC=0.9129 acc=0.7997
[ep 088] val_sel AUC=0.9141 acc=0.8073
[ep 089] val_sel AUC=0.9140 acc=0.8042
[ep 090] val_sel AUC=0.9148 acc=0.8080
[ep 091] val_sel AUC=0.9126 acc=0.8002
[ep 092] val_sel AUC=0.9139 acc=0.8076
[ep 093] val_sel AUC=0.9131 acc=0.8044
[ep 094] val_sel AUC=0.9132 acc=0.8055
[ep 095] val_sel AUC=0.9129 acc=0.8047
[ep 096] val_sel AUC=0.9131 acc=0.8040
============================================================
TEST (best val_sel epoch, held-out, evaluated once)
============================================================
[DONE-QPE2] embed=conv model_III N=250 seed=47 test_AUC=0.9137 val_sel_AUC=0.9157 per_class=(axion=0.9414 cdm=0.8407 no_sub=0.9589) params=207619 embed_params=4160 R_frob_drift=None
