[INFO] QPE2 D=64 P=8 depth=4 | embed=conv | data=model_II N/class=250 seed=56 split_seed=0 | params=207619 embed_params=4160 lr=0.001 epochs=96 bs=32 | train(750, 64, 64) val_sel(4455, 64, 64) test(4455, 64, 64) device=cuda
[ep 001] val_sel AUC=0.5130 acc=0.3473
[ep 002] val_sel AUC=0.5110 acc=0.3291
[ep 003] val_sel AUC=0.5155 acc=0.3473
[ep 004] val_sel AUC=0.5202 acc=0.3473
[ep 005] val_sel AUC=0.5245 acc=0.3237
[ep 006] val_sel AUC=0.5212 acc=0.3291
[ep 007] val_sel AUC=0.5182 acc=0.3291
[ep 008] val_sel AUC=0.5189 acc=0.3291
[ep 009] val_sel AUC=0.5239 acc=0.3291
[ep 010] val_sel AUC=0.5335 acc=0.3237
[ep 011] val_sel AUC=0.5380 acc=0.3473
[ep 012] val_sel AUC=0.5394 acc=0.3291
[ep 013] val_sel AUC=0.5432 acc=0.3291
[ep 014] val_sel AUC=0.5493 acc=0.3237
[ep 015] val_sel AUC=0.5481 acc=0.3473
[ep 016] val_sel AUC=0.5490 acc=0.3291
[ep 017] val_sel AUC=0.5451 acc=0.3237
[ep 018] val_sel AUC=0.5345 acc=0.3331
[ep 019] val_sel AUC=0.5408 acc=0.3670
[ep 020] val_sel AUC=0.5438 acc=0.3686
[ep 021] val_sel AUC=0.5533 acc=0.3791
[ep 022] val_sel AUC=0.5498 acc=0.3751
[ep 023] val_sel AUC=0.5795 acc=0.4088
[ep 024] val_sel AUC=0.5865 acc=0.4123
[ep 025] val_sel AUC=0.6212 acc=0.4453
[ep 026] val_sel AUC=0.6388 acc=0.4611
[ep 027] val_sel AUC=0.6519 acc=0.4637
[ep 028] val_sel AUC=0.6487 acc=0.4613
[ep 029] val_sel AUC=0.6653 acc=0.4824
[ep 030] val_sel AUC=0.6662 acc=0.4714
[ep 031] val_sel AUC=0.6675 acc=0.4786
[ep 032] val_sel AUC=0.6680 acc=0.4759
[ep 033] val_sel AUC=0.5757 acc=0.3971
[ep 034] val_sel AUC=0.6185 acc=0.4366
[ep 035] val_sel AUC=0.6435 acc=0.4516
[ep 036] val_sel AUC=0.6470 acc=0.4426
[ep 037] val_sel AUC=0.6963 acc=0.5107
[ep 038] val_sel AUC=0.6397 acc=0.4393
[ep 039] val_sel AUC=0.6847 acc=0.4949
[ep 040] val_sel AUC=0.6977 acc=0.4952
[ep 041] val_sel AUC=0.7134 acc=0.5270
[ep 042] val_sel AUC=0.6652 acc=0.4669
[ep 043] val_sel AUC=0.7157 acc=0.5167
[ep 044] val_sel AUC=0.7436 acc=0.5499
[ep 045] val_sel AUC=0.7415 acc=0.5609
[ep 046] val_sel AUC=0.7789 acc=0.6076
[ep 047] val_sel AUC=0.7080 acc=0.5255
[ep 048] val_sel AUC=0.7577 acc=0.5686
[ep 049] val_sel AUC=0.7803 acc=0.6101
[ep 050] val_sel AUC=0.7943 acc=0.6016
[ep 051] val_sel AUC=0.7883 acc=0.6159
[ep 052] val_sel AUC=0.7917 acc=0.6227
[ep 053] val_sel AUC=0.8071 acc=0.6449
[ep 054] val_sel AUC=0.8346 acc=0.6557
[ep 055] val_sel AUC=0.8081 acc=0.6348
[ep 056] val_sel AUC=0.8187 acc=0.6575
[ep 057] val_sel AUC=0.8180 acc=0.6440
[ep 058] val_sel AUC=0.8111 acc=0.6117
[ep 059] val_sel AUC=0.8301 acc=0.6577
[ep 060] val_sel AUC=0.8422 acc=0.6860
[ep 061] val_sel AUC=0.8481 acc=0.7001
[ep 062] val_sel AUC=0.8210 acc=0.6532
[ep 063] val_sel AUC=0.8299 acc=0.6646
[ep 064] val_sel AUC=0.8491 acc=0.6936
[ep 065] val_sel AUC=0.8605 acc=0.7102
[ep 066] val_sel AUC=0.8484 acc=0.6945
[ep 067] val_sel AUC=0.8399 acc=0.6689
[ep 068] val_sel AUC=0.8503 acc=0.6914
[ep 069] val_sel AUC=0.8543 acc=0.6979
[ep 070] val_sel AUC=0.8666 acc=0.7172
[ep 071] val_sel AUC=0.8654 acc=0.7154
[ep 072] val_sel AUC=0.8637 acc=0.7120
[ep 073] val_sel AUC=0.8568 acc=0.7019
[ep 074] val_sel AUC=0.8631 acc=0.7237
[ep 075] val_sel AUC=0.8607 acc=0.7093
[ep 076] val_sel AUC=0.8667 acc=0.7158
[ep 077] val_sel AUC=0.8613 acc=0.7192
[ep 078] val_sel AUC=0.8662 acc=0.7246
[ep 079] val_sel AUC=0.8709 acc=0.7385
[ep 080] val_sel AUC=0.8672 acc=0.7257
[ep 081] val_sel AUC=0.8675 acc=0.7255
[ep 082] val_sel AUC=0.8701 acc=0.7282
[ep 083] val_sel AUC=0.8675 acc=0.7266
[ep 084] val_sel AUC=0.8666 acc=0.7244
[ep 085] val_sel AUC=0.8662 acc=0.7286
[ep 086] val_sel AUC=0.8681 acc=0.7327
[ep 087] val_sel AUC=0.8684 acc=0.7302
[ep 088] val_sel AUC=0.8672 acc=0.7333
[ep 089] val_sel AUC=0.8669 acc=0.7311
[ep 090] val_sel AUC=0.8662 acc=0.7282
[ep 091] val_sel AUC=0.8661 acc=0.7286
[ep 092] val_sel AUC=0.8660 acc=0.7266
[ep 093] val_sel AUC=0.8658 acc=0.7282
[ep 094] val_sel AUC=0.8657 acc=0.7279
[ep 095] val_sel AUC=0.8656 acc=0.7270
[ep 096] val_sel AUC=0.8656 acc=0.7275
============================================================
TEST (best val_sel epoch, held-out, evaluated once)
============================================================
[DONE-QPE2] embed=conv model_II N=250 seed=56 test_AUC=0.8754 val_sel_AUC=0.8709 per_class=(axion=0.9299 cdm=0.7718 no_sub=0.9244) params=207619 embed_params=4160 R_frob_drift=None
