[INFO] QPE2 D=64 P=8 depth=4 | embed=conv | data=model_III N/class=100 seed=42 split_seed=0 | params=207619 embed_params=4160 lr=0.001 epochs=96 bs=32 | train(300, 64, 64) val_sel(4469, 64, 64) test(4470, 64, 64) device=cuda
[ep 001] val_sel AUC=0.5108 acc=0.3433
[ep 002] val_sel AUC=0.5087 acc=0.3285
[ep 003] val_sel AUC=0.5191 acc=0.3455
[ep 004] val_sel AUC=0.5231 acc=0.3433
[ep 005] val_sel AUC=0.5226 acc=0.3283
[ep 006] val_sel AUC=0.5249 acc=0.3433
[ep 007] val_sel AUC=0.5240 acc=0.3283
[ep 008] val_sel AUC=0.5283 acc=0.3392
[ep 009] val_sel AUC=0.5249 acc=0.3283
[ep 010] val_sel AUC=0.5273 acc=0.3321
[ep 011] val_sel AUC=0.5312 acc=0.3285
[ep 012] val_sel AUC=0.5245 acc=0.3283
[ep 013] val_sel AUC=0.5315 acc=0.3285
[ep 014] val_sel AUC=0.5289 acc=0.3433
[ep 015] val_sel AUC=0.5272 acc=0.3457
[ep 016] val_sel AUC=0.5286 acc=0.3283
[ep 017] val_sel AUC=0.5318 acc=0.3285
[ep 018] val_sel AUC=0.5280 acc=0.3433
[ep 019] val_sel AUC=0.5282 acc=0.3283
[ep 020] val_sel AUC=0.5296 acc=0.3285
[ep 021] val_sel AUC=0.5284 acc=0.3433
[ep 022] val_sel AUC=0.5277 acc=0.3433
[ep 023] val_sel AUC=0.5293 acc=0.3419
[ep 024] val_sel AUC=0.5284 acc=0.3433
[ep 025] val_sel AUC=0.5284 acc=0.3433
[ep 026] val_sel AUC=0.5284 acc=0.3433
[ep 027] val_sel AUC=0.5291 acc=0.3285
[ep 028] val_sel AUC=0.5293 acc=0.3285
[ep 029] val_sel AUC=0.5290 acc=0.3292
[ep 030] val_sel AUC=0.5289 acc=0.3408
[ep 031] val_sel AUC=0.5289 acc=0.3419
[ep 032] val_sel AUC=0.5289 acc=0.3397
[ep 033] val_sel AUC=0.5327 acc=0.3285
[ep 034] val_sel AUC=0.5325 acc=0.3285
[ep 035] val_sel AUC=0.5271 acc=0.3433
[ep 036] val_sel AUC=0.5286 acc=0.3285
[ep 037] val_sel AUC=0.5278 acc=0.3433
[ep 038] val_sel AUC=0.5280 acc=0.3459
[ep 039] val_sel AUC=0.5310 acc=0.3285
[ep 040] val_sel AUC=0.5304 acc=0.3433
[ep 041] val_sel AUC=0.5321 acc=0.3289
[ep 042] val_sel AUC=0.5346 acc=0.3283
[ep 043] val_sel AUC=0.5328 acc=0.3285
[ep 044] val_sel AUC=0.5321 acc=0.3392
[ep 045] val_sel AUC=0.5318 acc=0.3618
[ep 046] val_sel AUC=0.5299 acc=0.3473
[ep 047] val_sel AUC=0.5244 acc=0.3426
[ep 048] val_sel AUC=0.5331 acc=0.3712
[ep 049] val_sel AUC=0.5371 acc=0.3515
[ep 050] val_sel AUC=0.5424 acc=0.3556
[ep 051] val_sel AUC=0.5400 acc=0.3824
[ep 052] val_sel AUC=0.5352 acc=0.3527
[ep 053] val_sel AUC=0.5455 acc=0.3905
[ep 054] val_sel AUC=0.5536 acc=0.3806
[ep 055] val_sel AUC=0.5619 acc=0.3815
[ep 056] val_sel AUC=0.5639 acc=0.3923
[ep 057] val_sel AUC=0.5705 acc=0.3925
[ep 058] val_sel AUC=0.5812 acc=0.4104
[ep 059] val_sel AUC=0.5897 acc=0.4144
[ep 060] val_sel AUC=0.6101 acc=0.4200
[ep 061] val_sel AUC=0.5882 acc=0.3981
[ep 062] val_sel AUC=0.5916 acc=0.4249
[ep 063] val_sel AUC=0.6153 acc=0.4182
[ep 064] val_sel AUC=0.6278 acc=0.4296
[ep 065] val_sel AUC=0.6237 acc=0.4283
[ep 066] val_sel AUC=0.6295 acc=0.4366
[ep 067] val_sel AUC=0.6326 acc=0.4442
[ep 068] val_sel AUC=0.6402 acc=0.4509
[ep 069] val_sel AUC=0.6546 acc=0.4683
[ep 070] val_sel AUC=0.6631 acc=0.4706
[ep 071] val_sel AUC=0.6676 acc=0.4777
[ep 072] val_sel AUC=0.6687 acc=0.4690
[ep 073] val_sel AUC=0.6784 acc=0.4952
[ep 074] val_sel AUC=0.6728 acc=0.4867
[ep 075] val_sel AUC=0.6726 acc=0.4916
[ep 076] val_sel AUC=0.6887 acc=0.5066
[ep 077] val_sel AUC=0.6858 acc=0.4997
[ep 078] val_sel AUC=0.6948 acc=0.5138
[ep 079] val_sel AUC=0.6909 acc=0.5066
[ep 080] val_sel AUC=0.6934 acc=0.5151
[ep 081] val_sel AUC=0.7009 acc=0.5227
[ep 082] val_sel AUC=0.7041 acc=0.5312
[ep 083] val_sel AUC=0.7036 acc=0.5265
[ep 084] val_sel AUC=0.7048 acc=0.5294
[ep 085] val_sel AUC=0.7043 acc=0.5252
[ep 086] val_sel AUC=0.7052 acc=0.5296
[ep 087] val_sel AUC=0.7057 acc=0.5299
[ep 088] val_sel AUC=0.7051 acc=0.5294
[ep 089] val_sel AUC=0.7051 acc=0.5305
[ep 090] val_sel AUC=0.7047 acc=0.5292
[ep 091] val_sel AUC=0.7045 acc=0.5328
[ep 092] val_sel AUC=0.7048 acc=0.5341
[ep 093] val_sel AUC=0.7051 acc=0.5352
[ep 094] val_sel AUC=0.7052 acc=0.5352
[ep 095] val_sel AUC=0.7052 acc=0.5348
[ep 096] val_sel AUC=0.7052 acc=0.5341
============================================================
TEST (best val_sel epoch, held-out, evaluated once)
============================================================
[DONE-QPE2] embed=conv model_III N=100 seed=42 test_AUC=0.6773 val_sel_AUC=0.7057 per_class=(axion=0.7416 cdm=0.5708 no_sub=0.7196) params=207619 embed_params=4160 R_frob_drift=None
