[INFO] QPE2 D=64 P=8 depth=4 | embed=conv | data=model_III N/class=100 seed=48 split_seed=0 | params=207619 embed_params=4160 lr=0.001 epochs=96 bs=32 | train(300, 64, 64) val_sel(4469, 64, 64) test(4470, 64, 64) device=cuda
[ep 001] val_sel AUC=0.5280 acc=0.3283
[ep 002] val_sel AUC=0.5358 acc=0.3285
[ep 003] val_sel AUC=0.5323 acc=0.3283
[ep 004] val_sel AUC=0.5422 acc=0.3527
[ep 005] val_sel AUC=0.5424 acc=0.3285
[ep 006] val_sel AUC=0.5402 acc=0.3283
[ep 007] val_sel AUC=0.5377 acc=0.3433
[ep 008] val_sel AUC=0.5342 acc=0.3285
[ep 009] val_sel AUC=0.5372 acc=0.3433
[ep 010] val_sel AUC=0.5349 acc=0.3283
[ep 011] val_sel AUC=0.5333 acc=0.3433
[ep 012] val_sel AUC=0.5317 acc=0.3433
[ep 013] val_sel AUC=0.5308 acc=0.3285
[ep 014] val_sel AUC=0.5286 acc=0.3433
[ep 015] val_sel AUC=0.5265 acc=0.3285
[ep 016] val_sel AUC=0.5223 acc=0.3433
[ep 017] val_sel AUC=0.5201 acc=0.3446
[ep 018] val_sel AUC=0.5216 acc=0.3450
[ep 019] val_sel AUC=0.5197 acc=0.3433
[ep 020] val_sel AUC=0.5212 acc=0.3415
[ep 021] val_sel AUC=0.5210 acc=0.3453
[ep 022] val_sel AUC=0.5212 acc=0.3531
[ep 023] val_sel AUC=0.5265 acc=0.3607
[ep 024] val_sel AUC=0.5240 acc=0.3612
[ep 025] val_sel AUC=0.5288 acc=0.3650
[ep 026] val_sel AUC=0.5278 acc=0.3629
[ep 027] val_sel AUC=0.5286 acc=0.3676
[ep 028] val_sel AUC=0.5291 acc=0.3688
[ep 029] val_sel AUC=0.5291 acc=0.3665
[ep 030] val_sel AUC=0.5295 acc=0.3679
[ep 031] val_sel AUC=0.5298 acc=0.3663
[ep 032] val_sel AUC=0.5299 acc=0.3654
[ep 033] val_sel AUC=0.5083 acc=0.3327
[ep 034] val_sel AUC=0.5062 acc=0.3285
[ep 035] val_sel AUC=0.5075 acc=0.3285
[ep 036] val_sel AUC=0.5075 acc=0.3285
[ep 037] val_sel AUC=0.5090 acc=0.3350
[ep 038] val_sel AUC=0.5089 acc=0.3354
[ep 039] val_sel AUC=0.5088 acc=0.3271
[ep 040] val_sel AUC=0.5085 acc=0.3285
[ep 041] val_sel AUC=0.5082 acc=0.3372
[ep 042] val_sel AUC=0.5083 acc=0.3348
[ep 043] val_sel AUC=0.5065 acc=0.3466
[ep 044] val_sel AUC=0.5071 acc=0.3301
[ep 045] val_sel AUC=0.5069 acc=0.3415
[ep 046] val_sel AUC=0.5080 acc=0.3408
[ep 047] val_sel AUC=0.5093 acc=0.3424
[ep 048] val_sel AUC=0.5063 acc=0.3327
[ep 049] val_sel AUC=0.5057 acc=0.3403
[ep 050] val_sel AUC=0.5095 acc=0.3386
[ep 051] val_sel AUC=0.5108 acc=0.3455
[ep 052] val_sel AUC=0.5118 acc=0.3415
[ep 053] val_sel AUC=0.5134 acc=0.3462
[ep 054] val_sel AUC=0.5130 acc=0.3372
[ep 055] val_sel AUC=0.5165 acc=0.3547
[ep 056] val_sel AUC=0.5160 acc=0.3412
[ep 057] val_sel AUC=0.5188 acc=0.3511
[ep 058] val_sel AUC=0.5186 acc=0.3426
[ep 059] val_sel AUC=0.5198 acc=0.3513
[ep 060] val_sel AUC=0.5209 acc=0.3437
[ep 061] val_sel AUC=0.5235 acc=0.3488
[ep 062] val_sel AUC=0.5235 acc=0.3527
[ep 063] val_sel AUC=0.5286 acc=0.3529
[ep 064] val_sel AUC=0.5304 acc=0.3558
[ep 065] val_sel AUC=0.5328 acc=0.3569
[ep 066] val_sel AUC=0.5377 acc=0.3538
[ep 067] val_sel AUC=0.5427 acc=0.3571
[ep 068] val_sel AUC=0.5555 acc=0.3688
[ep 069] val_sel AUC=0.5579 acc=0.3654
[ep 070] val_sel AUC=0.5492 acc=0.3714
[ep 071] val_sel AUC=0.5530 acc=0.3701
[ep 072] val_sel AUC=0.5585 acc=0.3775
[ep 073] val_sel AUC=0.5602 acc=0.3741
[ep 074] val_sel AUC=0.5691 acc=0.3795
[ep 075] val_sel AUC=0.5785 acc=0.3829
[ep 076] val_sel AUC=0.5820 acc=0.3949
[ep 077] val_sel AUC=0.5881 acc=0.4231
[ep 078] val_sel AUC=0.5852 acc=0.3918
[ep 079] val_sel AUC=0.5981 acc=0.4287
[ep 080] val_sel AUC=0.5988 acc=0.4276
[ep 081] val_sel AUC=0.6010 acc=0.4207
[ep 082] val_sel AUC=0.6071 acc=0.4243
[ep 083] val_sel AUC=0.6180 acc=0.4370
[ep 084] val_sel AUC=0.6104 acc=0.4274
[ep 085] val_sel AUC=0.6226 acc=0.4388
[ep 086] val_sel AUC=0.6223 acc=0.4433
[ep 087] val_sel AUC=0.6314 acc=0.4491
[ep 088] val_sel AUC=0.6299 acc=0.4500
[ep 089] val_sel AUC=0.6340 acc=0.4567
[ep 090] val_sel AUC=0.6337 acc=0.4576
[ep 091] val_sel AUC=0.6368 acc=0.4574
[ep 092] val_sel AUC=0.6370 acc=0.4571
[ep 093] val_sel AUC=0.6372 acc=0.4565
[ep 094] val_sel AUC=0.6381 acc=0.4601
[ep 095] val_sel AUC=0.6384 acc=0.4594
[ep 096] val_sel AUC=0.6384 acc=0.4601
============================================================
TEST (best val_sel epoch, held-out, evaluated once)
============================================================
[DONE-QPE2] embed=conv model_III N=100 seed=48 test_AUC=0.6371 val_sel_AUC=0.6384 per_class=(axion=0.7094 cdm=0.5377 no_sub=0.6643) params=207619 embed_params=4160 R_frob_drift=None
