[INFO] QPE2 D=64 P=8 depth=4 | embed=conv | data=model_II N/class=100 seed=61 split_seed=0 | params=207619 embed_params=4160 lr=0.001 epochs=96 bs=32 | train(300, 64, 64) val_sel(4455, 64, 64) test(4455, 64, 64) device=cuda
[ep 001] val_sel AUC=0.5032 acc=0.3291
[ep 002] val_sel AUC=0.5188 acc=0.3237
[ep 003] val_sel AUC=0.5186 acc=0.3291
[ep 004] val_sel AUC=0.5220 acc=0.3291
[ep 005] val_sel AUC=0.5247 acc=0.3237
[ep 006] val_sel AUC=0.5253 acc=0.3473
[ep 007] val_sel AUC=0.5264 acc=0.3291
[ep 008] val_sel AUC=0.5318 acc=0.3473
[ep 009] val_sel AUC=0.5303 acc=0.3291
[ep 010] val_sel AUC=0.5321 acc=0.3291
[ep 011] val_sel AUC=0.5329 acc=0.3473
[ep 012] val_sel AUC=0.5339 acc=0.3237
[ep 013] val_sel AUC=0.5333 acc=0.3473
[ep 014] val_sel AUC=0.5320 acc=0.3237
[ep 015] val_sel AUC=0.5304 acc=0.3473
[ep 016] val_sel AUC=0.5297 acc=0.3291
[ep 017] val_sel AUC=0.5278 acc=0.3473
[ep 018] val_sel AUC=0.5264 acc=0.3387
[ep 019] val_sel AUC=0.5253 acc=0.3493
[ep 020] val_sel AUC=0.5244 acc=0.3473
[ep 021] val_sel AUC=0.5241 acc=0.3437
[ep 022] val_sel AUC=0.5235 acc=0.3719
[ep 023] val_sel AUC=0.5244 acc=0.3237
[ep 024] val_sel AUC=0.5250 acc=0.3270
[ep 025] val_sel AUC=0.5250 acc=0.3470
[ep 026] val_sel AUC=0.5248 acc=0.3432
[ep 027] val_sel AUC=0.5251 acc=0.3421
[ep 028] val_sel AUC=0.5253 acc=0.3466
[ep 029] val_sel AUC=0.5252 acc=0.3542
[ep 030] val_sel AUC=0.5253 acc=0.3506
[ep 031] val_sel AUC=0.5253 acc=0.3488
[ep 032] val_sel AUC=0.5253 acc=0.3481
[ep 033] val_sel AUC=0.5228 acc=0.3464
[ep 034] val_sel AUC=0.5217 acc=0.3468
[ep 035] val_sel AUC=0.5325 acc=0.3439
[ep 036] val_sel AUC=0.5146 acc=0.3481
[ep 037] val_sel AUC=0.5183 acc=0.3291
[ep 038] val_sel AUC=0.5198 acc=0.3576
[ep 039] val_sel AUC=0.5216 acc=0.3342
[ep 040] val_sel AUC=0.5190 acc=0.3414
[ep 041] val_sel AUC=0.5207 acc=0.3607
[ep 042] val_sel AUC=0.5182 acc=0.3708
[ep 043] val_sel AUC=0.5194 acc=0.3641
[ep 044] val_sel AUC=0.5239 acc=0.3648
[ep 045] val_sel AUC=0.5323 acc=0.3854
[ep 046] val_sel AUC=0.5307 acc=0.3742
[ep 047] val_sel AUC=0.5327 acc=0.3558
[ep 048] val_sel AUC=0.5375 acc=0.3690
[ep 049] val_sel AUC=0.5516 acc=0.3681
[ep 050] val_sel AUC=0.5396 acc=0.3686
[ep 051] val_sel AUC=0.5365 acc=0.3670
[ep 052] val_sel AUC=0.5533 acc=0.3782
[ep 053] val_sel AUC=0.5588 acc=0.3791
[ep 054] val_sel AUC=0.5659 acc=0.4058
[ep 055] val_sel AUC=0.5886 acc=0.4011
[ep 056] val_sel AUC=0.5802 acc=0.3937
[ep 057] val_sel AUC=0.5967 acc=0.4052
[ep 058] val_sel AUC=0.6042 acc=0.4189
[ep 059] val_sel AUC=0.6198 acc=0.4339
[ep 060] val_sel AUC=0.6173 acc=0.4267
[ep 061] val_sel AUC=0.6133 acc=0.4229
[ep 062] val_sel AUC=0.6194 acc=0.4316
[ep 063] val_sel AUC=0.6337 acc=0.4449
[ep 064] val_sel AUC=0.6420 acc=0.4406
[ep 065] val_sel AUC=0.6436 acc=0.4409
[ep 066] val_sel AUC=0.6614 acc=0.4788
[ep 067] val_sel AUC=0.6537 acc=0.4730
[ep 068] val_sel AUC=0.6567 acc=0.4736
[ep 069] val_sel AUC=0.6631 acc=0.4691
[ep 070] val_sel AUC=0.6586 acc=0.4698
[ep 071] val_sel AUC=0.6619 acc=0.4783
[ep 072] val_sel AUC=0.6726 acc=0.5017
[ep 073] val_sel AUC=0.6662 acc=0.4810
[ep 074] val_sel AUC=0.6796 acc=0.5051
[ep 075] val_sel AUC=0.6735 acc=0.4992
[ep 076] val_sel AUC=0.6762 acc=0.4925
[ep 077] val_sel AUC=0.6682 acc=0.4860
[ep 078] val_sel AUC=0.6736 acc=0.4911
[ep 079] val_sel AUC=0.6825 acc=0.5149
[ep 080] val_sel AUC=0.6704 acc=0.4974
[ep 081] val_sel AUC=0.6759 acc=0.4990
[ep 082] val_sel AUC=0.6766 acc=0.4909
[ep 083] val_sel AUC=0.6754 acc=0.5024
[ep 084] val_sel AUC=0.6760 acc=0.4927
[ep 085] val_sel AUC=0.6806 acc=0.5116
[ep 086] val_sel AUC=0.6827 acc=0.5107
[ep 087] val_sel AUC=0.6824 acc=0.5086
[ep 088] val_sel AUC=0.6825 acc=0.5109
[ep 089] val_sel AUC=0.6824 acc=0.5093
[ep 090] val_sel AUC=0.6827 acc=0.5116
[ep 091] val_sel AUC=0.6830 acc=0.5134
[ep 092] val_sel AUC=0.6830 acc=0.5129
[ep 093] val_sel AUC=0.6835 acc=0.5093
[ep 094] val_sel AUC=0.6833 acc=0.5125
[ep 095] val_sel AUC=0.6833 acc=0.5127
[ep 096] val_sel AUC=0.6833 acc=0.5127
============================================================
TEST (best val_sel epoch, held-out, evaluated once)
============================================================
[DONE-QPE2] embed=conv model_II N=100 seed=61 test_AUC=0.6805 val_sel_AUC=0.6835 per_class=(axion=0.7680 cdm=0.5324 no_sub=0.7409) params=207619 embed_params=4160 R_frob_drift=None
