[INFO] QPE2 D=64 P=8 depth=4 | embed=conv | data=model_II N/class=250 seed=57 split_seed=0 | params=207619 embed_params=4160 lr=0.001 epochs=96 bs=32 | train(750, 64, 64) val_sel(4455, 64, 64) test(4455, 64, 64) device=cuda
[ep 001] val_sel AUC=0.5223 acc=0.3237
[ep 002] val_sel AUC=0.5405 acc=0.3473
[ep 003] val_sel AUC=0.5455 acc=0.3291
[ep 004] val_sel AUC=0.5464 acc=0.3473
[ep 005] val_sel AUC=0.5449 acc=0.3291
[ep 006] val_sel AUC=0.5447 acc=0.3237
[ep 007] val_sel AUC=0.5421 acc=0.3473
[ep 008] val_sel AUC=0.5421 acc=0.3291
[ep 009] val_sel AUC=0.5415 acc=0.3291
[ep 010] val_sel AUC=0.5362 acc=0.3473
[ep 011] val_sel AUC=0.5346 acc=0.3443
[ep 012] val_sel AUC=0.5317 acc=0.3237
[ep 013] val_sel AUC=0.5357 acc=0.3291
[ep 014] val_sel AUC=0.5451 acc=0.3291
[ep 015] val_sel AUC=0.5436 acc=0.3481
[ep 016] val_sel AUC=0.5423 acc=0.3446
[ep 017] val_sel AUC=0.5485 acc=0.3495
[ep 018] val_sel AUC=0.5575 acc=0.3847
[ep 019] val_sel AUC=0.5876 acc=0.4031
[ep 020] val_sel AUC=0.6044 acc=0.4105
[ep 021] val_sel AUC=0.6284 acc=0.4453
[ep 022] val_sel AUC=0.6644 acc=0.4741
[ep 023] val_sel AUC=0.7345 acc=0.5369
[ep 024] val_sel AUC=0.7419 acc=0.5477
[ep 025] val_sel AUC=0.7551 acc=0.5603
[ep 026] val_sel AUC=0.7741 acc=0.5814
[ep 027] val_sel AUC=0.7907 acc=0.6002
[ep 028] val_sel AUC=0.7879 acc=0.6000
[ep 029] val_sel AUC=0.7993 acc=0.6141
[ep 030] val_sel AUC=0.8003 acc=0.6150
[ep 031] val_sel AUC=0.8017 acc=0.6166
[ep 032] val_sel AUC=0.8024 acc=0.6189
[ep 033] val_sel AUC=0.6702 acc=0.4438
[ep 034] val_sel AUC=0.7437 acc=0.5562
[ep 035] val_sel AUC=0.7332 acc=0.5313
[ep 036] val_sel AUC=0.7580 acc=0.5820
[ep 037] val_sel AUC=0.7812 acc=0.5829
[ep 038] val_sel AUC=0.7972 acc=0.6191
[ep 039] val_sel AUC=0.7954 acc=0.6103
[ep 040] val_sel AUC=0.8116 acc=0.6137
[ep 041] val_sel AUC=0.8057 acc=0.6299
[ep 042] val_sel AUC=0.8402 acc=0.6631
[ep 043] val_sel AUC=0.8323 acc=0.6595
[ep 044] val_sel AUC=0.8291 acc=0.6521
[ep 045] val_sel AUC=0.8152 acc=0.6375
[ep 046] val_sel AUC=0.8733 acc=0.7221
[ep 047] val_sel AUC=0.8580 acc=0.6952
[ep 048] val_sel AUC=0.8574 acc=0.6792
[ep 049] val_sel AUC=0.8375 acc=0.5919
[ep 050] val_sel AUC=0.8822 acc=0.7318
[ep 051] val_sel AUC=0.8851 acc=0.7392
[ep 052] val_sel AUC=0.7923 acc=0.5432
[ep 053] val_sel AUC=0.8662 acc=0.6853
[ep 054] val_sel AUC=0.8822 acc=0.7181
[ep 055] val_sel AUC=0.8311 acc=0.5928
[ep 056] val_sel AUC=0.8938 acc=0.7587
[ep 057] val_sel AUC=0.8799 acc=0.7163
[ep 058] val_sel AUC=0.8682 acc=0.7057
[ep 059] val_sel AUC=0.8773 acc=0.6752
[ep 060] val_sel AUC=0.8845 acc=0.7134
[ep 061] val_sel AUC=0.8737 acc=0.7039
[ep 062] val_sel AUC=0.8840 acc=0.7446
[ep 063] val_sel AUC=0.8797 acc=0.7277
[ep 064] val_sel AUC=0.9033 acc=0.7751
[ep 065] val_sel AUC=0.8775 acc=0.7167
[ep 066] val_sel AUC=0.9066 acc=0.7760
[ep 067] val_sel AUC=0.9063 acc=0.7724
[ep 068] val_sel AUC=0.8960 acc=0.7371
[ep 069] val_sel AUC=0.9010 acc=0.7605
[ep 070] val_sel AUC=0.9048 acc=0.7636
[ep 071] val_sel AUC=0.8965 acc=0.7495
[ep 072] val_sel AUC=0.9113 acc=0.7888
[ep 073] val_sel AUC=0.9073 acc=0.7704
[ep 074] val_sel AUC=0.9075 acc=0.7814
[ep 075] val_sel AUC=0.9056 acc=0.7744
[ep 076] val_sel AUC=0.9129 acc=0.7811
[ep 077] val_sel AUC=0.9094 acc=0.7762
[ep 078] val_sel AUC=0.8993 acc=0.7580
[ep 079] val_sel AUC=0.9116 acc=0.7823
[ep 080] val_sel AUC=0.9052 acc=0.7719
[ep 081] val_sel AUC=0.9100 acc=0.7881
[ep 082] val_sel AUC=0.9113 acc=0.7800
[ep 083] val_sel AUC=0.9094 acc=0.7861
[ep 084] val_sel AUC=0.9046 acc=0.7751
[ep 085] val_sel AUC=0.9102 acc=0.7863
[ep 086] val_sel AUC=0.9074 acc=0.7701
[ep 087] val_sel AUC=0.9075 acc=0.7744
[ep 088] val_sel AUC=0.9100 acc=0.7818
[ep 089] val_sel AUC=0.9101 acc=0.7847
[ep 090] val_sel AUC=0.9095 acc=0.7854
[ep 091] val_sel AUC=0.9102 acc=0.7852
[ep 092] val_sel AUC=0.9082 acc=0.7805
[ep 093] val_sel AUC=0.9094 acc=0.7854
[ep 094] val_sel AUC=0.9089 acc=0.7845
[ep 095] val_sel AUC=0.9087 acc=0.7838
[ep 096] val_sel AUC=0.9086 acc=0.7834
============================================================
TEST (best val_sel epoch, held-out, evaluated once)
============================================================
[DONE-QPE2] embed=conv model_II N=250 seed=57 test_AUC=0.9176 val_sel_AUC=0.9129 per_class=(axion=0.9455 cdm=0.8517 no_sub=0.9558) params=207619 embed_params=4160 R_frob_drift=None
