[INFO] QPE2 D=64 P=8 depth=4 | embed=conv | data=model_III N/class=250 seed=59 split_seed=0 | params=207619 embed_params=4160 lr=0.001 epochs=96 bs=32 | train(750, 64, 64) val_sel(4469, 64, 64) test(4470, 64, 64) device=cuda
[ep 001] val_sel AUC=0.5126 acc=0.3283
[ep 002] val_sel AUC=0.5294 acc=0.3433
[ep 003] val_sel AUC=0.5287 acc=0.3285
[ep 004] val_sel AUC=0.5256 acc=0.3285
[ep 005] val_sel AUC=0.5226 acc=0.3283
[ep 006] val_sel AUC=0.5304 acc=0.3285
[ep 007] val_sel AUC=0.5271 acc=0.3285
[ep 008] val_sel AUC=0.5252 acc=0.3285
[ep 009] val_sel AUC=0.5262 acc=0.3285
[ep 010] val_sel AUC=0.5210 acc=0.3287
[ep 011] val_sel AUC=0.5186 acc=0.3397
[ep 012] val_sel AUC=0.5403 acc=0.3551
[ep 013] val_sel AUC=0.5424 acc=0.3616
[ep 014] val_sel AUC=0.5546 acc=0.3717
[ep 015] val_sel AUC=0.5568 acc=0.3605
[ep 016] val_sel AUC=0.5756 acc=0.3972
[ep 017] val_sel AUC=0.6026 acc=0.4220
[ep 018] val_sel AUC=0.5934 acc=0.4229
[ep 019] val_sel AUC=0.5971 acc=0.4213
[ep 020] val_sel AUC=0.6153 acc=0.4513
[ep 021] val_sel AUC=0.6181 acc=0.4301
[ep 022] val_sel AUC=0.6185 acc=0.4231
[ep 023] val_sel AUC=0.6337 acc=0.4457
[ep 024] val_sel AUC=0.6442 acc=0.4498
[ep 025] val_sel AUC=0.6566 acc=0.4589
[ep 026] val_sel AUC=0.6582 acc=0.4695
[ep 027] val_sel AUC=0.6702 acc=0.4768
[ep 028] val_sel AUC=0.6770 acc=0.4905
[ep 029] val_sel AUC=0.6861 acc=0.4992
[ep 030] val_sel AUC=0.6897 acc=0.5008
[ep 031] val_sel AUC=0.6907 acc=0.5026
[ep 032] val_sel AUC=0.6911 acc=0.5028
[ep 033] val_sel AUC=0.6319 acc=0.4334
[ep 034] val_sel AUC=0.6710 acc=0.4681
[ep 035] val_sel AUC=0.6458 acc=0.4491
[ep 036] val_sel AUC=0.6871 acc=0.4388
[ep 037] val_sel AUC=0.7194 acc=0.5106
[ep 038] val_sel AUC=0.6770 acc=0.4471
[ep 039] val_sel AUC=0.7252 acc=0.5317
[ep 040] val_sel AUC=0.7325 acc=0.5252
[ep 041] val_sel AUC=0.7568 acc=0.5710
[ep 042] val_sel AUC=0.6993 acc=0.4891
[ep 043] val_sel AUC=0.7282 acc=0.5003
[ep 044] val_sel AUC=0.7440 acc=0.5379
[ep 045] val_sel AUC=0.7859 acc=0.5930
[ep 046] val_sel AUC=0.7505 acc=0.5715
[ep 047] val_sel AUC=0.7960 acc=0.6017
[ep 048] val_sel AUC=0.8007 acc=0.5896
[ep 049] val_sel AUC=0.8203 acc=0.6471
[ep 050] val_sel AUC=0.8176 acc=0.6268
[ep 051] val_sel AUC=0.7909 acc=0.5910
[ep 052] val_sel AUC=0.8293 acc=0.6612
[ep 053] val_sel AUC=0.8379 acc=0.6590
[ep 054] val_sel AUC=0.8417 acc=0.6733
[ep 055] val_sel AUC=0.8440 acc=0.6697
[ep 056] val_sel AUC=0.8542 acc=0.6740
[ep 057] val_sel AUC=0.8379 acc=0.6632
[ep 058] val_sel AUC=0.8315 acc=0.6590
[ep 059] val_sel AUC=0.8610 acc=0.6872
[ep 060] val_sel AUC=0.8631 acc=0.6858
[ep 061] val_sel AUC=0.8656 acc=0.7031
[ep 062] val_sel AUC=0.8642 acc=0.6952
[ep 063] val_sel AUC=0.8617 acc=0.6876
[ep 064] val_sel AUC=0.8468 acc=0.6373
[ep 065] val_sel AUC=0.8736 acc=0.6959
[ep 066] val_sel AUC=0.8825 acc=0.7232
[ep 067] val_sel AUC=0.8866 acc=0.7248
[ep 068] val_sel AUC=0.8878 acc=0.7389
[ep 069] val_sel AUC=0.8693 acc=0.6867
[ep 070] val_sel AUC=0.8833 acc=0.7380
[ep 071] val_sel AUC=0.8931 acc=0.7572
[ep 072] val_sel AUC=0.8754 acc=0.7228
[ep 073] val_sel AUC=0.8923 acc=0.7521
[ep 074] val_sel AUC=0.8939 acc=0.7503
[ep 075] val_sel AUC=0.8970 acc=0.7572
[ep 076] val_sel AUC=0.8937 acc=0.7335
[ep 077] val_sel AUC=0.9001 acc=0.7724
[ep 078] val_sel AUC=0.9006 acc=0.7630
[ep 079] val_sel AUC=0.9017 acc=0.7563
[ep 080] val_sel AUC=0.9041 acc=0.7693
[ep 081] val_sel AUC=0.9055 acc=0.7682
[ep 082] val_sel AUC=0.9091 acc=0.7854
[ep 083] val_sel AUC=0.9112 acc=0.7923
[ep 084] val_sel AUC=0.9105 acc=0.7861
[ep 085] val_sel AUC=0.9127 acc=0.7908
[ep 086] val_sel AUC=0.9137 acc=0.7932
[ep 087] val_sel AUC=0.9120 acc=0.7812
[ep 088] val_sel AUC=0.9139 acc=0.7854
[ep 089] val_sel AUC=0.9147 acc=0.7901
[ep 090] val_sel AUC=0.9157 acc=0.7912
[ep 091] val_sel AUC=0.9163 acc=0.7959
[ep 092] val_sel AUC=0.9161 acc=0.7937
[ep 093] val_sel AUC=0.9163 acc=0.7941
[ep 094] val_sel AUC=0.9163 acc=0.7941
[ep 095] val_sel AUC=0.9162 acc=0.7915
[ep 096] val_sel AUC=0.9161 acc=0.7912
============================================================
TEST (best val_sel epoch, held-out, evaluated once)
============================================================
[DONE-QPE2] embed=conv model_III N=250 seed=59 test_AUC=0.9095 val_sel_AUC=0.9163 per_class=(axion=0.9426 cdm=0.8332 no_sub=0.9528) params=207619 embed_params=4160 R_frob_drift=None
