[INFO] QPE2 D=64 P=8 depth=4 | embed=conv | data=model_II N/class=100 seed=45 split_seed=0 | params=207619 embed_params=4160 lr=0.001 epochs=96 bs=32 | train(300, 64, 64) val_sel(4455, 64, 64) test(4455, 64, 64) device=cuda
[ep 001] val_sel AUC=0.5242 acc=0.3237
[ep 002] val_sel AUC=0.5287 acc=0.3291
[ep 003] val_sel AUC=0.5268 acc=0.3237
[ep 004] val_sel AUC=0.5281 acc=0.3473
[ep 005] val_sel AUC=0.5275 acc=0.3237
[ep 006] val_sel AUC=0.5285 acc=0.3291
[ep 007] val_sel AUC=0.5292 acc=0.3473
[ep 008] val_sel AUC=0.5293 acc=0.3439
[ep 009] val_sel AUC=0.5296 acc=0.3237
[ep 010] val_sel AUC=0.5294 acc=0.3291
[ep 011] val_sel AUC=0.5288 acc=0.3473
[ep 012] val_sel AUC=0.5305 acc=0.3291
[ep 013] val_sel AUC=0.5310 acc=0.3473
[ep 014] val_sel AUC=0.5305 acc=0.3291
[ep 015] val_sel AUC=0.5297 acc=0.3369
[ep 016] val_sel AUC=0.5283 acc=0.3473
[ep 017] val_sel AUC=0.5285 acc=0.3470
[ep 018] val_sel AUC=0.5270 acc=0.3237
[ep 019] val_sel AUC=0.5256 acc=0.3473
[ep 020] val_sel AUC=0.5245 acc=0.3237
[ep 021] val_sel AUC=0.5244 acc=0.3291
[ep 022] val_sel AUC=0.5228 acc=0.3291
[ep 023] val_sel AUC=0.5217 acc=0.3473
[ep 024] val_sel AUC=0.5200 acc=0.3237
[ep 025] val_sel AUC=0.5208 acc=0.3313
[ep 026] val_sel AUC=0.5195 acc=0.3237
[ep 027] val_sel AUC=0.5182 acc=0.3237
[ep 028] val_sel AUC=0.5180 acc=0.3237
[ep 029] val_sel AUC=0.5177 acc=0.3237
[ep 030] val_sel AUC=0.5177 acc=0.3237
[ep 031] val_sel AUC=0.5177 acc=0.3246
[ep 032] val_sel AUC=0.5177 acc=0.3257
[ep 033] val_sel AUC=0.5148 acc=0.3425
[ep 034] val_sel AUC=0.5107 acc=0.3237
[ep 035] val_sel AUC=0.5090 acc=0.3430
[ep 036] val_sel AUC=0.5102 acc=0.3329
[ep 037] val_sel AUC=0.5122 acc=0.3331
[ep 038] val_sel AUC=0.5095 acc=0.3363
[ep 039] val_sel AUC=0.5137 acc=0.3464
[ep 040] val_sel AUC=0.5151 acc=0.3358
[ep 041] val_sel AUC=0.5063 acc=0.3421
[ep 042] val_sel AUC=0.5128 acc=0.3387
[ep 043] val_sel AUC=0.5114 acc=0.3304
[ep 044] val_sel AUC=0.5083 acc=0.3441
[ep 045] val_sel AUC=0.5163 acc=0.3448
[ep 046] val_sel AUC=0.5170 acc=0.3345
[ep 047] val_sel AUC=0.5033 acc=0.3495
[ep 048] val_sel AUC=0.5052 acc=0.3190
[ep 049] val_sel AUC=0.5125 acc=0.3508
[ep 050] val_sel AUC=0.5048 acc=0.3416
[ep 051] val_sel AUC=0.5124 acc=0.3363
[ep 052] val_sel AUC=0.5131 acc=0.3403
[ep 053] val_sel AUC=0.5088 acc=0.3358
[ep 054] val_sel AUC=0.5132 acc=0.3452
[ep 055] val_sel AUC=0.5158 acc=0.3423
[ep 056] val_sel AUC=0.5157 acc=0.3401
[ep 057] val_sel AUC=0.5174 acc=0.3522
[ep 058] val_sel AUC=0.5175 acc=0.3432
[ep 059] val_sel AUC=0.5202 acc=0.3562
[ep 060] val_sel AUC=0.5289 acc=0.3531
[ep 061] val_sel AUC=0.5319 acc=0.3549
[ep 062] val_sel AUC=0.5412 acc=0.3643
[ep 063] val_sel AUC=0.5484 acc=0.3598
[ep 064] val_sel AUC=0.5682 acc=0.3706
[ep 065] val_sel AUC=0.5887 acc=0.3769
[ep 066] val_sel AUC=0.5551 acc=0.3663
[ep 067] val_sel AUC=0.5782 acc=0.3800
[ep 068] val_sel AUC=0.5892 acc=0.3901
[ep 069] val_sel AUC=0.6523 acc=0.4507
[ep 070] val_sel AUC=0.6944 acc=0.4932
[ep 071] val_sel AUC=0.6982 acc=0.5024
[ep 072] val_sel AUC=0.6976 acc=0.4685
[ep 073] val_sel AUC=0.7424 acc=0.5520
[ep 074] val_sel AUC=0.7341 acc=0.5414
[ep 075] val_sel AUC=0.7211 acc=0.5012
[ep 076] val_sel AUC=0.7672 acc=0.6070
[ep 077] val_sel AUC=0.8035 acc=0.6494
[ep 078] val_sel AUC=0.7894 acc=0.6263
[ep 079] val_sel AUC=0.8130 acc=0.6476
[ep 080] val_sel AUC=0.8202 acc=0.6756
[ep 081] val_sel AUC=0.8273 acc=0.6613
[ep 082] val_sel AUC=0.8206 acc=0.6456
[ep 083] val_sel AUC=0.8376 acc=0.6909
[ep 084] val_sel AUC=0.8453 acc=0.6947
[ep 085] val_sel AUC=0.8371 acc=0.6698
[ep 086] val_sel AUC=0.8474 acc=0.6965
[ep 087] val_sel AUC=0.8516 acc=0.7001
[ep 088] val_sel AUC=0.8517 acc=0.7093
[ep 089] val_sel AUC=0.8552 acc=0.7035
[ep 090] val_sel AUC=0.8519 acc=0.7071
[ep 091] val_sel AUC=0.8541 acc=0.7064
[ep 092] val_sel AUC=0.8551 acc=0.7080
[ep 093] val_sel AUC=0.8547 acc=0.7071
[ep 094] val_sel AUC=0.8543 acc=0.7107
[ep 095] val_sel AUC=0.8545 acc=0.7086
[ep 096] val_sel AUC=0.8545 acc=0.7089
============================================================
TEST (best val_sel epoch, held-out, evaluated once)
============================================================
[DONE-QPE2] embed=conv model_II N=100 seed=45 test_AUC=0.8524 val_sel_AUC=0.8552 per_class=(axion=0.8983 cdm=0.7433 no_sub=0.9155) params=207619 embed_params=4160 R_frob_drift=None
