[INFO] QPE2 D=64 P=8 depth=4 | embed=conv | data=model_II N/class=250 seed=50 split_seed=0 | params=207619 embed_params=4160 lr=0.001 epochs=96 bs=32 | train(750, 64, 64) val_sel(4455, 64, 64) test(4455, 64, 64) device=cuda
[ep 001] val_sel AUC=0.5047 acc=0.3237
[ep 002] val_sel AUC=0.5041 acc=0.3473
[ep 003] val_sel AUC=0.5085 acc=0.3473
[ep 004] val_sel AUC=0.5236 acc=0.3473
[ep 005] val_sel AUC=0.5372 acc=0.3291
[ep 006] val_sel AUC=0.5536 acc=0.3473
[ep 007] val_sel AUC=0.5634 acc=0.3291
[ep 008] val_sel AUC=0.5658 acc=0.3614
[ep 009] val_sel AUC=0.5617 acc=0.3291
[ep 010] val_sel AUC=0.5557 acc=0.3473
[ep 011] val_sel AUC=0.5504 acc=0.3237
[ep 012] val_sel AUC=0.5414 acc=0.3291
[ep 013] val_sel AUC=0.5366 acc=0.3291
[ep 014] val_sel AUC=0.5245 acc=0.3237
[ep 015] val_sel AUC=0.5200 acc=0.3291
[ep 016] val_sel AUC=0.5169 acc=0.3473
[ep 017] val_sel AUC=0.5141 acc=0.3291
[ep 018] val_sel AUC=0.5124 acc=0.3459
[ep 019] val_sel AUC=0.5126 acc=0.3356
[ep 020] val_sel AUC=0.5136 acc=0.3291
[ep 021] val_sel AUC=0.5122 acc=0.3461
[ep 022] val_sel AUC=0.5132 acc=0.3531
[ep 023] val_sel AUC=0.5146 acc=0.3490
[ep 024] val_sel AUC=0.5155 acc=0.3630
[ep 025] val_sel AUC=0.5215 acc=0.3502
[ep 026] val_sel AUC=0.5241 acc=0.3571
[ep 027] val_sel AUC=0.5258 acc=0.3585
[ep 028] val_sel AUC=0.5286 acc=0.3598
[ep 029] val_sel AUC=0.5307 acc=0.3607
[ep 030] val_sel AUC=0.5308 acc=0.3605
[ep 031] val_sel AUC=0.5313 acc=0.3614
[ep 032] val_sel AUC=0.5315 acc=0.3609
[ep 033] val_sel AUC=0.5377 acc=0.3630
[ep 034] val_sel AUC=0.5516 acc=0.3508
[ep 035] val_sel AUC=0.5488 acc=0.3502
[ep 036] val_sel AUC=0.5589 acc=0.3591
[ep 037] val_sel AUC=0.5804 acc=0.3533
[ep 038] val_sel AUC=0.5816 acc=0.3861
[ep 039] val_sel AUC=0.6372 acc=0.4492
[ep 040] val_sel AUC=0.5964 acc=0.4036
[ep 041] val_sel AUC=0.6454 acc=0.4550
[ep 042] val_sel AUC=0.6434 acc=0.4483
[ep 043] val_sel AUC=0.6584 acc=0.4902
[ep 044] val_sel AUC=0.6671 acc=0.4808
[ep 045] val_sel AUC=0.6311 acc=0.4110
[ep 046] val_sel AUC=0.6749 acc=0.4617
[ep 047] val_sel AUC=0.6695 acc=0.4516
[ep 048] val_sel AUC=0.7106 acc=0.5134
[ep 049] val_sel AUC=0.7498 acc=0.5416
[ep 050] val_sel AUC=0.7593 acc=0.5746
[ep 051] val_sel AUC=0.7680 acc=0.5861
[ep 052] val_sel AUC=0.7688 acc=0.5612
[ep 053] val_sel AUC=0.7717 acc=0.5845
[ep 054] val_sel AUC=0.7808 acc=0.5793
[ep 055] val_sel AUC=0.7888 acc=0.6040
[ep 056] val_sel AUC=0.7767 acc=0.5544
[ep 057] val_sel AUC=0.8130 acc=0.6386
[ep 058] val_sel AUC=0.8189 acc=0.6527
[ep 059] val_sel AUC=0.8117 acc=0.6247
[ep 060] val_sel AUC=0.8149 acc=0.6251
[ep 061] val_sel AUC=0.7959 acc=0.5989
[ep 062] val_sel AUC=0.8302 acc=0.6593
[ep 063] val_sel AUC=0.8342 acc=0.6633
[ep 064] val_sel AUC=0.8286 acc=0.6458
[ep 065] val_sel AUC=0.8349 acc=0.6539
[ep 066] val_sel AUC=0.8237 acc=0.6510
[ep 067] val_sel AUC=0.8384 acc=0.6714
[ep 068] val_sel AUC=0.8428 acc=0.6581
[ep 069] val_sel AUC=0.8307 acc=0.6579
[ep 070] val_sel AUC=0.8426 acc=0.6667
[ep 071] val_sel AUC=0.8482 acc=0.6743
[ep 072] val_sel AUC=0.8496 acc=0.6864
[ep 073] val_sel AUC=0.8522 acc=0.6799
[ep 074] val_sel AUC=0.8601 acc=0.6938
[ep 075] val_sel AUC=0.8616 acc=0.7080
[ep 076] val_sel AUC=0.8565 acc=0.6974
[ep 077] val_sel AUC=0.8585 acc=0.7006
[ep 078] val_sel AUC=0.8610 acc=0.7037
[ep 079] val_sel AUC=0.8622 acc=0.7015
[ep 080] val_sel AUC=0.8606 acc=0.7053
[ep 081] val_sel AUC=0.8642 acc=0.7111
[ep 082] val_sel AUC=0.8671 acc=0.7131
[ep 083] val_sel AUC=0.8654 acc=0.7158
[ep 084] val_sel AUC=0.8685 acc=0.7192
[ep 085] val_sel AUC=0.8640 acc=0.7039
[ep 086] val_sel AUC=0.8666 acc=0.7140
[ep 087] val_sel AUC=0.8674 acc=0.7214
[ep 088] val_sel AUC=0.8698 acc=0.7244
[ep 089] val_sel AUC=0.8673 acc=0.7167
[ep 090] val_sel AUC=0.8690 acc=0.7219
[ep 091] val_sel AUC=0.8665 acc=0.7167
[ep 092] val_sel AUC=0.8673 acc=0.7185
[ep 093] val_sel AUC=0.8679 acc=0.7187
[ep 094] val_sel AUC=0.8671 acc=0.7201
[ep 095] val_sel AUC=0.8673 acc=0.7194
[ep 096] val_sel AUC=0.8674 acc=0.7194
============================================================
TEST (best val_sel epoch, held-out, evaluated once)
============================================================
[DONE-QPE2] embed=conv model_II N=250 seed=50 test_AUC=0.8695 val_sel_AUC=0.8698 per_class=(axion=0.9274 cdm=0.7670 no_sub=0.9143) params=207619 embed_params=4160 R_frob_drift=None
