[INFO] QPE2 D=64 P=8 depth=4 | embed=conv | data=model_III N/class=100 seed=47 split_seed=0 | params=207619 embed_params=4160 lr=0.001 epochs=96 bs=32 | train(300, 64, 64) val_sel(4469, 64, 64) test(4470, 64, 64) device=cuda
[ep 001] val_sel AUC=0.4993 acc=0.3433
[ep 002] val_sel AUC=0.4928 acc=0.3285
[ep 003] val_sel AUC=0.5013 acc=0.3433
[ep 004] val_sel AUC=0.5056 acc=0.3285
[ep 005] val_sel AUC=0.5102 acc=0.3283
[ep 006] val_sel AUC=0.5132 acc=0.3433
[ep 007] val_sel AUC=0.5161 acc=0.3433
[ep 008] val_sel AUC=0.5185 acc=0.3283
[ep 009] val_sel AUC=0.5209 acc=0.3433
[ep 010] val_sel AUC=0.5227 acc=0.3283
[ep 011] val_sel AUC=0.5244 acc=0.3285
[ep 012] val_sel AUC=0.5277 acc=0.3283
[ep 013] val_sel AUC=0.5274 acc=0.3285
[ep 014] val_sel AUC=0.5298 acc=0.3285
[ep 015] val_sel AUC=0.5314 acc=0.3433
[ep 016] val_sel AUC=0.5308 acc=0.3399
[ep 017] val_sel AUC=0.5305 acc=0.3285
[ep 018] val_sel AUC=0.5312 acc=0.3283
[ep 019] val_sel AUC=0.5317 acc=0.3283
[ep 020] val_sel AUC=0.5330 acc=0.3285
[ep 021] val_sel AUC=0.5341 acc=0.3285
[ep 022] val_sel AUC=0.5359 acc=0.3283
[ep 023] val_sel AUC=0.5391 acc=0.3285
[ep 024] val_sel AUC=0.5414 acc=0.3455
[ep 025] val_sel AUC=0.5410 acc=0.3433
[ep 026] val_sel AUC=0.5401 acc=0.3417
[ep 027] val_sel AUC=0.5426 acc=0.3520
[ep 028] val_sel AUC=0.5439 acc=0.3578
[ep 029] val_sel AUC=0.5450 acc=0.3591
[ep 030] val_sel AUC=0.5452 acc=0.3594
[ep 031] val_sel AUC=0.5452 acc=0.3585
[ep 032] val_sel AUC=0.5453 acc=0.3580
[ep 033] val_sel AUC=0.5411 acc=0.3453
[ep 034] val_sel AUC=0.5435 acc=0.3571
[ep 035] val_sel AUC=0.5430 acc=0.3580
[ep 036] val_sel AUC=0.5419 acc=0.3582
[ep 037] val_sel AUC=0.5151 acc=0.3419
[ep 038] val_sel AUC=0.5373 acc=0.3415
[ep 039] val_sel AUC=0.5377 acc=0.3403
[ep 040] val_sel AUC=0.5342 acc=0.3538
[ep 041] val_sel AUC=0.5287 acc=0.3580
[ep 042] val_sel AUC=0.5321 acc=0.3587
[ep 043] val_sel AUC=0.5338 acc=0.3415
[ep 044] val_sel AUC=0.5311 acc=0.3607
[ep 045] val_sel AUC=0.5447 acc=0.3618
[ep 046] val_sel AUC=0.5339 acc=0.3589
[ep 047] val_sel AUC=0.5414 acc=0.3553
[ep 048] val_sel AUC=0.5410 acc=0.3535
[ep 049] val_sel AUC=0.5505 acc=0.3685
[ep 050] val_sel AUC=0.5583 acc=0.3641
[ep 051] val_sel AUC=0.5610 acc=0.3797
[ep 052] val_sel AUC=0.5689 acc=0.3849
[ep 053] val_sel AUC=0.5827 acc=0.3940
[ep 054] val_sel AUC=0.5886 acc=0.3882
[ep 055] val_sel AUC=0.5850 acc=0.3932
[ep 056] val_sel AUC=0.6020 acc=0.4146
[ep 057] val_sel AUC=0.6210 acc=0.4314
[ep 058] val_sel AUC=0.6163 acc=0.4189
[ep 059] val_sel AUC=0.6326 acc=0.4413
[ep 060] val_sel AUC=0.6167 acc=0.4222
[ep 061] val_sel AUC=0.6356 acc=0.4267
[ep 062] val_sel AUC=0.6400 acc=0.4500
[ep 063] val_sel AUC=0.6561 acc=0.4493
[ep 064] val_sel AUC=0.6651 acc=0.4701
[ep 065] val_sel AUC=0.6721 acc=0.4668
[ep 066] val_sel AUC=0.6485 acc=0.4475
[ep 067] val_sel AUC=0.6692 acc=0.4554
[ep 068] val_sel AUC=0.6689 acc=0.4686
[ep 069] val_sel AUC=0.6329 acc=0.4328
[ep 070] val_sel AUC=0.6701 acc=0.4594
[ep 071] val_sel AUC=0.6725 acc=0.4719
[ep 072] val_sel AUC=0.6767 acc=0.4804
[ep 073] val_sel AUC=0.6894 acc=0.4849
[ep 074] val_sel AUC=0.6794 acc=0.4789
[ep 075] val_sel AUC=0.6815 acc=0.4766
[ep 076] val_sel AUC=0.6816 acc=0.4880
[ep 077] val_sel AUC=0.6890 acc=0.4954
[ep 078] val_sel AUC=0.6904 acc=0.4930
[ep 079] val_sel AUC=0.6851 acc=0.4851
[ep 080] val_sel AUC=0.6883 acc=0.4907
[ep 081] val_sel AUC=0.6876 acc=0.4842
[ep 082] val_sel AUC=0.6992 acc=0.4941
[ep 083] val_sel AUC=0.6985 acc=0.5086
[ep 084] val_sel AUC=0.6987 acc=0.5041
[ep 085] val_sel AUC=0.7031 acc=0.5075
[ep 086] val_sel AUC=0.7007 acc=0.5064
[ep 087] val_sel AUC=0.7050 acc=0.5113
[ep 088] val_sel AUC=0.7047 acc=0.5129
[ep 089] val_sel AUC=0.7044 acc=0.5124
[ep 090] val_sel AUC=0.7050 acc=0.5133
[ep 091] val_sel AUC=0.7061 acc=0.5131
[ep 092] val_sel AUC=0.7061 acc=0.5113
[ep 093] val_sel AUC=0.7060 acc=0.5147
[ep 094] val_sel AUC=0.7059 acc=0.5142
[ep 095] val_sel AUC=0.7058 acc=0.5142
[ep 096] val_sel AUC=0.7059 acc=0.5142
============================================================
TEST (best val_sel epoch, held-out, evaluated once)
============================================================
[DONE-QPE2] embed=conv model_III N=100 seed=47 test_AUC=0.6984 val_sel_AUC=0.7061 per_class=(axion=0.7797 cdm=0.5804 no_sub=0.7350) params=207619 embed_params=4160 R_frob_drift=None
