[INFO] QPE2 D=64 P=8 depth=4 | embed=conv | data=model_II N/class=250 seed=48 split_seed=0 | params=207619 embed_params=4160 lr=0.001 epochs=96 bs=32 | train(750, 64, 64) val_sel(4455, 64, 64) test(4455, 64, 64) device=cuda
[ep 001] val_sel AUC=0.4980 acc=0.3237
[ep 002] val_sel AUC=0.5042 acc=0.3291
[ep 003] val_sel AUC=0.5071 acc=0.3237
[ep 004] val_sel AUC=0.5099 acc=0.3291
[ep 005] val_sel AUC=0.5118 acc=0.3237
[ep 006] val_sel AUC=0.5116 acc=0.3473
[ep 007] val_sel AUC=0.5130 acc=0.3291
[ep 008] val_sel AUC=0.5134 acc=0.3291
[ep 009] val_sel AUC=0.5123 acc=0.3237
[ep 010] val_sel AUC=0.5159 acc=0.3473
[ep 011] val_sel AUC=0.5144 acc=0.3291
[ep 012] val_sel AUC=0.5128 acc=0.3237
[ep 013] val_sel AUC=0.5121 acc=0.3291
[ep 014] val_sel AUC=0.5112 acc=0.3473
[ep 015] val_sel AUC=0.5120 acc=0.3291
[ep 016] val_sel AUC=0.5113 acc=0.3473
[ep 017] val_sel AUC=0.5168 acc=0.3623
[ep 018] val_sel AUC=0.5122 acc=0.3268
[ep 019] val_sel AUC=0.5228 acc=0.3517
[ep 020] val_sel AUC=0.5278 acc=0.3410
[ep 021] val_sel AUC=0.5238 acc=0.3468
[ep 022] val_sel AUC=0.5366 acc=0.3616
[ep 023] val_sel AUC=0.5551 acc=0.3751
[ep 024] val_sel AUC=0.5612 acc=0.3868
[ep 025] val_sel AUC=0.5690 acc=0.3955
[ep 026] val_sel AUC=0.5779 acc=0.4067
[ep 027] val_sel AUC=0.5848 acc=0.3960
[ep 028] val_sel AUC=0.5910 acc=0.4099
[ep 029] val_sel AUC=0.5944 acc=0.4114
[ep 030] val_sel AUC=0.5970 acc=0.4108
[ep 031] val_sel AUC=0.5983 acc=0.4088
[ep 032] val_sel AUC=0.5985 acc=0.4092
[ep 033] val_sel AUC=0.5644 acc=0.3504
[ep 034] val_sel AUC=0.6044 acc=0.3998
[ep 035] val_sel AUC=0.5920 acc=0.3829
[ep 036] val_sel AUC=0.5669 acc=0.3526
[ep 037] val_sel AUC=0.6091 acc=0.4319
[ep 038] val_sel AUC=0.6413 acc=0.4215
[ep 039] val_sel AUC=0.6551 acc=0.4523
[ep 040] val_sel AUC=0.6576 acc=0.4761
[ep 041] val_sel AUC=0.6910 acc=0.4952
[ep 042] val_sel AUC=0.7309 acc=0.5270
[ep 043] val_sel AUC=0.6567 acc=0.4808
[ep 044] val_sel AUC=0.7074 acc=0.5059
[ep 045] val_sel AUC=0.7037 acc=0.4932
[ep 046] val_sel AUC=0.7469 acc=0.5549
[ep 047] val_sel AUC=0.7697 acc=0.5773
[ep 048] val_sel AUC=0.7861 acc=0.5998
[ep 049] val_sel AUC=0.7373 acc=0.5322
[ep 050] val_sel AUC=0.7953 acc=0.6016
[ep 051] val_sel AUC=0.7692 acc=0.5809
[ep 052] val_sel AUC=0.7763 acc=0.5850
[ep 053] val_sel AUC=0.7841 acc=0.5749
[ep 054] val_sel AUC=0.7852 acc=0.5917
[ep 055] val_sel AUC=0.8275 acc=0.6469
[ep 056] val_sel AUC=0.8465 acc=0.6738
[ep 057] val_sel AUC=0.8461 acc=0.6561
[ep 058] val_sel AUC=0.8592 acc=0.6860
[ep 059] val_sel AUC=0.8427 acc=0.6788
[ep 060] val_sel AUC=0.8341 acc=0.6687
[ep 061] val_sel AUC=0.8041 acc=0.5939
[ep 062] val_sel AUC=0.8536 acc=0.6927
[ep 063] val_sel AUC=0.8504 acc=0.6842
[ep 064] val_sel AUC=0.8670 acc=0.7239
[ep 065] val_sel AUC=0.8586 acc=0.6860
[ep 066] val_sel AUC=0.8601 acc=0.7044
[ep 067] val_sel AUC=0.8748 acc=0.7223
[ep 068] val_sel AUC=0.8876 acc=0.7403
[ep 069] val_sel AUC=0.8793 acc=0.7223
[ep 070] val_sel AUC=0.8830 acc=0.7293
[ep 071] val_sel AUC=0.8707 acc=0.6970
[ep 072] val_sel AUC=0.8766 acc=0.7273
[ep 073] val_sel AUC=0.8860 acc=0.7291
[ep 074] val_sel AUC=0.8834 acc=0.7311
[ep 075] val_sel AUC=0.8747 acc=0.7035
[ep 076] val_sel AUC=0.8862 acc=0.7410
[ep 077] val_sel AUC=0.8861 acc=0.7311
[ep 078] val_sel AUC=0.8875 acc=0.7371
[ep 079] val_sel AUC=0.8800 acc=0.7017
[ep 080] val_sel AUC=0.8945 acc=0.7484
[ep 081] val_sel AUC=0.8954 acc=0.7556
[ep 082] val_sel AUC=0.8904 acc=0.7412
[ep 083] val_sel AUC=0.8924 acc=0.7520
[ep 084] val_sel AUC=0.8904 acc=0.7367
[ep 085] val_sel AUC=0.8940 acc=0.7464
[ep 086] val_sel AUC=0.8940 acc=0.7560
[ep 087] val_sel AUC=0.8961 acc=0.7594
[ep 088] val_sel AUC=0.8961 acc=0.7603
[ep 089] val_sel AUC=0.8948 acc=0.7576
[ep 090] val_sel AUC=0.8951 acc=0.7578
[ep 091] val_sel AUC=0.8946 acc=0.7571
[ep 092] val_sel AUC=0.8939 acc=0.7560
[ep 093] val_sel AUC=0.8932 acc=0.7565
[ep 094] val_sel AUC=0.8935 acc=0.7560
[ep 095] val_sel AUC=0.8937 acc=0.7576
[ep 096] val_sel AUC=0.8937 acc=0.7576
============================================================
TEST (best val_sel epoch, held-out, evaluated once)
============================================================
[DONE-QPE2] embed=conv model_II N=250 seed=48 test_AUC=0.8969 val_sel_AUC=0.8961 per_class=(axion=0.9412 cdm=0.8155 no_sub=0.9340) params=207619 embed_params=4160 R_frob_drift=None
