[INFO] QPE2 D=64 P=8 depth=4 | embed=conv | data=model_III N/class=250 seed=42 split_seed=0 | params=207619 embed_params=4160 lr=0.001 epochs=96 bs=32 | train(750, 64, 64) val_sel(4469, 64, 64) test(4470, 64, 64) device=cuda
[ep 001] val_sel AUC=0.5279 acc=0.3283
[ep 002] val_sel AUC=0.5331 acc=0.3285
[ep 003] val_sel AUC=0.5339 acc=0.3433
[ep 004] val_sel AUC=0.5368 acc=0.3285
[ep 005] val_sel AUC=0.5372 acc=0.3285
[ep 006] val_sel AUC=0.5371 acc=0.3283
[ep 007] val_sel AUC=0.5382 acc=0.3285
[ep 008] val_sel AUC=0.5403 acc=0.3283
[ep 009] val_sel AUC=0.5442 acc=0.3285
[ep 010] val_sel AUC=0.5481 acc=0.3433
[ep 011] val_sel AUC=0.5508 acc=0.3283
[ep 012] val_sel AUC=0.5432 acc=0.3410
[ep 013] val_sel AUC=0.5395 acc=0.3582
[ep 014] val_sel AUC=0.5360 acc=0.3683
[ep 015] val_sel AUC=0.5473 acc=0.3849
[ep 016] val_sel AUC=0.5544 acc=0.3643
[ep 017] val_sel AUC=0.5493 acc=0.3674
[ep 018] val_sel AUC=0.5639 acc=0.3782
[ep 019] val_sel AUC=0.5718 acc=0.3896
[ep 020] val_sel AUC=0.5884 acc=0.3835
[ep 021] val_sel AUC=0.5828 acc=0.4093
[ep 022] val_sel AUC=0.6007 acc=0.4193
[ep 023] val_sel AUC=0.6100 acc=0.4144
[ep 024] val_sel AUC=0.6163 acc=0.4363
[ep 025] val_sel AUC=0.6140 acc=0.4207
[ep 026] val_sel AUC=0.6299 acc=0.4442
[ep 027] val_sel AUC=0.6338 acc=0.4457
[ep 028] val_sel AUC=0.6411 acc=0.4592
[ep 029] val_sel AUC=0.6442 acc=0.4603
[ep 030] val_sel AUC=0.6456 acc=0.4601
[ep 031] val_sel AUC=0.6463 acc=0.4578
[ep 032] val_sel AUC=0.6465 acc=0.4576
[ep 033] val_sel AUC=0.6498 acc=0.4296
[ep 034] val_sel AUC=0.6597 acc=0.4464
[ep 035] val_sel AUC=0.6765 acc=0.4634
[ep 036] val_sel AUC=0.6710 acc=0.4862
[ep 037] val_sel AUC=0.7021 acc=0.4847
[ep 038] val_sel AUC=0.7089 acc=0.5117
[ep 039] val_sel AUC=0.7147 acc=0.4753
[ep 040] val_sel AUC=0.7241 acc=0.5082
[ep 041] val_sel AUC=0.7393 acc=0.5332
[ep 042] val_sel AUC=0.7264 acc=0.4943
[ep 043] val_sel AUC=0.7529 acc=0.5520
[ep 044] val_sel AUC=0.7587 acc=0.5856
[ep 045] val_sel AUC=0.8016 acc=0.6162
[ep 046] val_sel AUC=0.7688 acc=0.5491
[ep 047] val_sel AUC=0.7941 acc=0.5766
[ep 048] val_sel AUC=0.8079 acc=0.6171
[ep 049] val_sel AUC=0.8126 acc=0.6330
[ep 050] val_sel AUC=0.7827 acc=0.5885
[ep 051] val_sel AUC=0.7870 acc=0.5766
[ep 052] val_sel AUC=0.8353 acc=0.6720
[ep 053] val_sel AUC=0.8365 acc=0.6614
[ep 054] val_sel AUC=0.8181 acc=0.6252
[ep 055] val_sel AUC=0.8558 acc=0.6995
[ep 056] val_sel AUC=0.8587 acc=0.6865
[ep 057] val_sel AUC=0.8422 acc=0.6585
[ep 058] val_sel AUC=0.8613 acc=0.7122
[ep 059] val_sel AUC=0.8454 acc=0.6852
[ep 060] val_sel AUC=0.8569 acc=0.6986
[ep 061] val_sel AUC=0.8278 acc=0.6467
[ep 062] val_sel AUC=0.8308 acc=0.6462
[ep 063] val_sel AUC=0.8322 acc=0.6402
[ep 064] val_sel AUC=0.8564 acc=0.6910
[ep 065] val_sel AUC=0.8647 acc=0.7046
[ep 066] val_sel AUC=0.8658 acc=0.7151
[ep 067] val_sel AUC=0.8715 acc=0.7225
[ep 068] val_sel AUC=0.8624 acc=0.6809
[ep 069] val_sel AUC=0.8624 acc=0.6778
[ep 070] val_sel AUC=0.8747 acc=0.7243
[ep 071] val_sel AUC=0.8736 acc=0.7351
[ep 072] val_sel AUC=0.8732 acc=0.7223
[ep 073] val_sel AUC=0.8878 acc=0.7480
[ep 074] val_sel AUC=0.8845 acc=0.7243
[ep 075] val_sel AUC=0.8855 acc=0.7476
[ep 076] val_sel AUC=0.8836 acc=0.7474
[ep 077] val_sel AUC=0.8847 acc=0.7219
[ep 078] val_sel AUC=0.8789 acc=0.7445
[ep 079] val_sel AUC=0.8877 acc=0.7501
[ep 080] val_sel AUC=0.8902 acc=0.7489
[ep 081] val_sel AUC=0.8938 acc=0.7615
[ep 082] val_sel AUC=0.8944 acc=0.7557
[ep 083] val_sel AUC=0.8932 acc=0.7489
[ep 084] val_sel AUC=0.8936 acc=0.7521
[ep 085] val_sel AUC=0.8877 acc=0.7568
[ep 086] val_sel AUC=0.8903 acc=0.7588
[ep 087] val_sel AUC=0.8924 acc=0.7599
[ep 088] val_sel AUC=0.8941 acc=0.7630
[ep 089] val_sel AUC=0.8938 acc=0.7648
[ep 090] val_sel AUC=0.8936 acc=0.7675
[ep 091] val_sel AUC=0.8929 acc=0.7650
[ep 092] val_sel AUC=0.8937 acc=0.7697
[ep 093] val_sel AUC=0.8924 acc=0.7644
[ep 094] val_sel AUC=0.8935 acc=0.7689
[ep 095] val_sel AUC=0.8934 acc=0.7697
[ep 096] val_sel AUC=0.8932 acc=0.7684
============================================================
TEST (best val_sel epoch, held-out, evaluated once)
============================================================
[DONE-QPE2] embed=conv model_III N=250 seed=42 test_AUC=0.8884 val_sel_AUC=0.8944 per_class=(axion=0.9336 cdm=0.7925 no_sub=0.9391) params=207619 embed_params=4160 R_frob_drift=None
