[INFO] QPE2 D=64 P=8 depth=4 | embed=conv | data=model_II N/class=100 seed=55 split_seed=0 | params=207619 embed_params=4160 lr=0.001 epochs=96 bs=32 | train(300, 64, 64) val_sel(4455, 64, 64) test(4455, 64, 64) device=cuda
[ep 001] val_sel AUC=0.4630 acc=0.3237
[ep 002] val_sel AUC=0.4661 acc=0.3473
[ep 003] val_sel AUC=0.4682 acc=0.3291
[ep 004] val_sel AUC=0.4748 acc=0.3237
[ep 005] val_sel AUC=0.4779 acc=0.3295
[ep 006] val_sel AUC=0.4800 acc=0.3291
[ep 007] val_sel AUC=0.4825 acc=0.3237
[ep 008] val_sel AUC=0.4856 acc=0.3473
[ep 009] val_sel AUC=0.4864 acc=0.3291
[ep 010] val_sel AUC=0.4865 acc=0.3291
[ep 011] val_sel AUC=0.4885 acc=0.3473
[ep 012] val_sel AUC=0.4891 acc=0.3237
[ep 013] val_sel AUC=0.4902 acc=0.3473
[ep 014] val_sel AUC=0.4890 acc=0.3291
[ep 015] val_sel AUC=0.4914 acc=0.3473
[ep 016] val_sel AUC=0.4918 acc=0.3237
[ep 017] val_sel AUC=0.4921 acc=0.3473
[ep 018] val_sel AUC=0.4925 acc=0.3473
[ep 019] val_sel AUC=0.4924 acc=0.3237
[ep 020] val_sel AUC=0.4915 acc=0.3473
[ep 021] val_sel AUC=0.4908 acc=0.3291
[ep 022] val_sel AUC=0.4897 acc=0.3374
[ep 023] val_sel AUC=0.4887 acc=0.3291
[ep 024] val_sel AUC=0.4882 acc=0.3468
[ep 025] val_sel AUC=0.4882 acc=0.3473
[ep 026] val_sel AUC=0.4881 acc=0.3210
[ep 027] val_sel AUC=0.4882 acc=0.3237
[ep 028] val_sel AUC=0.4884 acc=0.3237
[ep 029] val_sel AUC=0.4885 acc=0.3217
[ep 030] val_sel AUC=0.4885 acc=0.3143
[ep 031] val_sel AUC=0.4885 acc=0.3165
[ep 032] val_sel AUC=0.4885 acc=0.3190
[ep 033] val_sel AUC=0.4911 acc=0.3455
[ep 034] val_sel AUC=0.5044 acc=0.3291
[ep 035] val_sel AUC=0.5008 acc=0.3262
[ep 036] val_sel AUC=0.5054 acc=0.3356
[ep 037] val_sel AUC=0.4990 acc=0.3473
[ep 038] val_sel AUC=0.5115 acc=0.3237
[ep 039] val_sel AUC=0.4946 acc=0.3306
[ep 040] val_sel AUC=0.5079 acc=0.3349
[ep 041] val_sel AUC=0.5111 acc=0.3428
[ep 042] val_sel AUC=0.5115 acc=0.3347
[ep 043] val_sel AUC=0.5073 acc=0.3392
[ep 044] val_sel AUC=0.5066 acc=0.3387
[ep 045] val_sel AUC=0.5057 acc=0.3425
[ep 046] val_sel AUC=0.5050 acc=0.3327
[ep 047] val_sel AUC=0.5034 acc=0.3336
[ep 048] val_sel AUC=0.5062 acc=0.3385
[ep 049] val_sel AUC=0.5104 acc=0.3327
[ep 050] val_sel AUC=0.5072 acc=0.3302
[ep 051] val_sel AUC=0.5082 acc=0.3367
[ep 052] val_sel AUC=0.5084 acc=0.3342
[ep 053] val_sel AUC=0.5119 acc=0.3340
[ep 054] val_sel AUC=0.5180 acc=0.3405
[ep 055] val_sel AUC=0.5250 acc=0.3396
[ep 056] val_sel AUC=0.5265 acc=0.3569
[ep 057] val_sel AUC=0.5413 acc=0.3659
[ep 058] val_sel AUC=0.5325 acc=0.3574
[ep 059] val_sel AUC=0.5461 acc=0.3697
[ep 060] val_sel AUC=0.5467 acc=0.3746
[ep 061] val_sel AUC=0.5453 acc=0.3578
[ep 062] val_sel AUC=0.5616 acc=0.3859
[ep 063] val_sel AUC=0.5645 acc=0.3877
[ep 064] val_sel AUC=0.5743 acc=0.3942
[ep 065] val_sel AUC=0.5814 acc=0.3989
[ep 066] val_sel AUC=0.5874 acc=0.3939
[ep 067] val_sel AUC=0.5832 acc=0.3955
[ep 068] val_sel AUC=0.5999 acc=0.4018
[ep 069] val_sel AUC=0.6079 acc=0.4233
[ep 070] val_sel AUC=0.6039 acc=0.4112
[ep 071] val_sel AUC=0.6150 acc=0.4312
[ep 072] val_sel AUC=0.6263 acc=0.4498
[ep 073] val_sel AUC=0.6324 acc=0.4395
[ep 074] val_sel AUC=0.6386 acc=0.4494
[ep 075] val_sel AUC=0.6426 acc=0.4534
[ep 076] val_sel AUC=0.6447 acc=0.4590
[ep 077] val_sel AUC=0.6539 acc=0.4725
[ep 078] val_sel AUC=0.6574 acc=0.4660
[ep 079] val_sel AUC=0.6614 acc=0.4772
[ep 080] val_sel AUC=0.6591 acc=0.4752
[ep 081] val_sel AUC=0.6648 acc=0.4806
[ep 082] val_sel AUC=0.6670 acc=0.4880
[ep 083] val_sel AUC=0.6673 acc=0.4878
[ep 084] val_sel AUC=0.6730 acc=0.4956
[ep 085] val_sel AUC=0.6725 acc=0.4990
[ep 086] val_sel AUC=0.6726 acc=0.4945
[ep 087] val_sel AUC=0.6713 acc=0.4949
[ep 088] val_sel AUC=0.6670 acc=0.4866
[ep 089] val_sel AUC=0.6701 acc=0.4932
[ep 090] val_sel AUC=0.6691 acc=0.4945
[ep 091] val_sel AUC=0.6694 acc=0.4947
[ep 092] val_sel AUC=0.6691 acc=0.4954
[ep 093] val_sel AUC=0.6689 acc=0.4947
[ep 094] val_sel AUC=0.6688 acc=0.4961
[ep 095] val_sel AUC=0.6687 acc=0.4956
[ep 096] val_sel AUC=0.6687 acc=0.4954
============================================================
TEST (best val_sel epoch, held-out, evaluated once)
============================================================
[DONE-QPE2] embed=conv model_II N=100 seed=55 test_AUC=0.6714 val_sel_AUC=0.6730 per_class=(axion=0.7499 cdm=0.5372 no_sub=0.7271) params=207619 embed_params=4160 R_frob_drift=None
