[INFO] QPE2 D=64 P=8 depth=4 | embed=conv | data=model_III N/class=250 seed=43 split_seed=0 | params=207619 embed_params=4160 lr=0.001 epochs=96 bs=32 | train(750, 64, 64) val_sel(4469, 64, 64) test(4470, 64, 64) device=cuda
[ep 001] val_sel AUC=0.4970 acc=0.3285
[ep 002] val_sel AUC=0.5108 acc=0.3283
[ep 003] val_sel AUC=0.5105 acc=0.3433
[ep 004] val_sel AUC=0.5141 acc=0.3433
[ep 005] val_sel AUC=0.5183 acc=0.3283
[ep 006] val_sel AUC=0.5199 acc=0.3285
[ep 007] val_sel AUC=0.5275 acc=0.3283
[ep 008] val_sel AUC=0.5281 acc=0.3433
[ep 009] val_sel AUC=0.5288 acc=0.3433
[ep 010] val_sel AUC=0.5318 acc=0.3283
[ep 011] val_sel AUC=0.5348 acc=0.3283
[ep 012] val_sel AUC=0.5332 acc=0.3285
[ep 013] val_sel AUC=0.5394 acc=0.3283
[ep 014] val_sel AUC=0.5534 acc=0.3430
[ep 015] val_sel AUC=0.5564 acc=0.3591
[ep 016] val_sel AUC=0.5527 acc=0.3638
[ep 017] val_sel AUC=0.5056 acc=0.3318
[ep 018] val_sel AUC=0.5513 acc=0.3473
[ep 019] val_sel AUC=0.5684 acc=0.3493
[ep 020] val_sel AUC=0.5639 acc=0.3486
[ep 021] val_sel AUC=0.5740 acc=0.3558
[ep 022] val_sel AUC=0.5822 acc=0.4050
[ep 023] val_sel AUC=0.5844 acc=0.3690
[ep 024] val_sel AUC=0.5885 acc=0.3726
[ep 025] val_sel AUC=0.6147 acc=0.4086
[ep 026] val_sel AUC=0.6284 acc=0.4231
[ep 027] val_sel AUC=0.6517 acc=0.4692
[ep 028] val_sel AUC=0.6699 acc=0.4869
[ep 029] val_sel AUC=0.6872 acc=0.4860
[ep 030] val_sel AUC=0.6996 acc=0.5214
[ep 031] val_sel AUC=0.7060 acc=0.5252
[ep 032] val_sel AUC=0.7071 acc=0.5265
[ep 033] val_sel AUC=0.6167 acc=0.4010
[ep 034] val_sel AUC=0.7061 acc=0.5229
[ep 035] val_sel AUC=0.7111 acc=0.5144
[ep 036] val_sel AUC=0.6920 acc=0.4748
[ep 037] val_sel AUC=0.7712 acc=0.4775
[ep 038] val_sel AUC=0.7164 acc=0.5008
[ep 039] val_sel AUC=0.7793 acc=0.5932
[ep 040] val_sel AUC=0.8216 acc=0.6250
[ep 041] val_sel AUC=0.8338 acc=0.6308
[ep 042] val_sel AUC=0.8558 acc=0.6910
[ep 043] val_sel AUC=0.8507 acc=0.6679
[ep 044] val_sel AUC=0.8140 acc=0.6245
[ep 045] val_sel AUC=0.8395 acc=0.5943
[ep 046] val_sel AUC=0.8799 acc=0.7203
[ep 047] val_sel AUC=0.8699 acc=0.6966
[ep 048] val_sel AUC=0.8841 acc=0.7259
[ep 049] val_sel AUC=0.8927 acc=0.7348
[ep 050] val_sel AUC=0.8896 acc=0.6941
[ep 051] val_sel AUC=0.9081 acc=0.7601
[ep 052] val_sel AUC=0.8624 acc=0.7024
[ep 053] val_sel AUC=0.8607 acc=0.6635
[ep 054] val_sel AUC=0.9067 acc=0.7465
[ep 055] val_sel AUC=0.9070 acc=0.7706
[ep 056] val_sel AUC=0.9107 acc=0.7655
[ep 057] val_sel AUC=0.9227 acc=0.8051
[ep 058] val_sel AUC=0.8984 acc=0.7348
[ep 059] val_sel AUC=0.8952 acc=0.7297
[ep 060] val_sel AUC=0.9242 acc=0.7783
[ep 061] val_sel AUC=0.9014 acc=0.7550
[ep 062] val_sel AUC=0.8998 acc=0.7615
[ep 063] val_sel AUC=0.9143 acc=0.7480
[ep 064] val_sel AUC=0.9050 acc=0.7210
[ep 065] val_sel AUC=0.9150 acc=0.7814
[ep 066] val_sel AUC=0.9054 acc=0.6990
[ep 067] val_sel AUC=0.8978 acc=0.7467
[ep 068] val_sel AUC=0.9245 acc=0.7979
[ep 069] val_sel AUC=0.9321 acc=0.8127
[ep 070] val_sel AUC=0.9143 acc=0.7507
[ep 071] val_sel AUC=0.9228 acc=0.7894
[ep 072] val_sel AUC=0.9274 acc=0.8154
[ep 073] val_sel AUC=0.9194 acc=0.7847
[ep 074] val_sel AUC=0.9297 acc=0.8091
[ep 075] val_sel AUC=0.9374 acc=0.8295
[ep 076] val_sel AUC=0.9267 acc=0.8053
[ep 077] val_sel AUC=0.9345 acc=0.8228
[ep 078] val_sel AUC=0.9360 acc=0.8257
[ep 079] val_sel AUC=0.9399 acc=0.8434
[ep 080] val_sel AUC=0.9385 acc=0.8364
[ep 081] val_sel AUC=0.9346 acc=0.8264
[ep 082] val_sel AUC=0.9386 acc=0.8288
[ep 083] val_sel AUC=0.9402 acc=0.8429
[ep 084] val_sel AUC=0.9401 acc=0.8384
[ep 085] val_sel AUC=0.9420 acc=0.8429
[ep 086] val_sel AUC=0.9412 acc=0.8373
[ep 087] val_sel AUC=0.9432 acc=0.8472
[ep 088] val_sel AUC=0.9438 acc=0.8445
[ep 089] val_sel AUC=0.9437 acc=0.8461
[ep 090] val_sel AUC=0.9431 acc=0.8481
[ep 091] val_sel AUC=0.9440 acc=0.8478
[ep 092] val_sel AUC=0.9436 acc=0.8496
[ep 093] val_sel AUC=0.9438 acc=0.8490
[ep 094] val_sel AUC=0.9439 acc=0.8494
[ep 095] val_sel AUC=0.9440 acc=0.8494
[ep 096] val_sel AUC=0.9440 acc=0.8494
============================================================
TEST (best val_sel epoch, held-out, evaluated once)
============================================================
[DONE-QPE2] embed=conv model_III N=250 seed=43 test_AUC=0.9356 val_sel_AUC=0.9440 per_class=(axion=0.9541 cdm=0.8814 no_sub=0.9712) params=207619 embed_params=4160 R_frob_drift=None
