[INFO] QPE2 D=64 P=8 depth=4 | embed=conv | data=model_III N/class=100 seed=61 split_seed=0 | params=207619 embed_params=4160 lr=0.001 epochs=96 bs=32 | train(300, 64, 64) val_sel(4469, 64, 64) test(4470, 64, 64) device=cuda
[ep 001] val_sel AUC=0.4950 acc=0.3283
[ep 002] val_sel AUC=0.4951 acc=0.3285
[ep 003] val_sel AUC=0.4956 acc=0.3283
[ep 004] val_sel AUC=0.4965 acc=0.3283
[ep 005] val_sel AUC=0.4974 acc=0.3285
[ep 006] val_sel AUC=0.4978 acc=0.3285
[ep 007] val_sel AUC=0.4981 acc=0.3283
[ep 008] val_sel AUC=0.4994 acc=0.3433
[ep 009] val_sel AUC=0.4998 acc=0.3283
[ep 010] val_sel AUC=0.5004 acc=0.3283
[ep 011] val_sel AUC=0.5008 acc=0.3433
[ep 012] val_sel AUC=0.5021 acc=0.3285
[ep 013] val_sel AUC=0.5024 acc=0.3433
[ep 014] val_sel AUC=0.5038 acc=0.3285
[ep 015] val_sel AUC=0.5042 acc=0.3433
[ep 016] val_sel AUC=0.5051 acc=0.3283
[ep 017] val_sel AUC=0.5056 acc=0.3426
[ep 018] val_sel AUC=0.5067 acc=0.3283
[ep 019] val_sel AUC=0.5072 acc=0.3424
[ep 020] val_sel AUC=0.5073 acc=0.3433
[ep 021] val_sel AUC=0.5071 acc=0.3433
[ep 022] val_sel AUC=0.5075 acc=0.3433
[ep 023] val_sel AUC=0.5076 acc=0.3285
[ep 024] val_sel AUC=0.5075 acc=0.3433
[ep 025] val_sel AUC=0.5067 acc=0.3292
[ep 026] val_sel AUC=0.5066 acc=0.3433
[ep 027] val_sel AUC=0.5069 acc=0.3298
[ep 028] val_sel AUC=0.5070 acc=0.3242
[ep 029] val_sel AUC=0.5073 acc=0.3321
[ep 030] val_sel AUC=0.5074 acc=0.3388
[ep 031] val_sel AUC=0.5074 acc=0.3399
[ep 032] val_sel AUC=0.5074 acc=0.3428
[ep 033] val_sel AUC=0.5105 acc=0.3334
[ep 034] val_sel AUC=0.5045 acc=0.3433
[ep 035] val_sel AUC=0.5057 acc=0.3439
[ep 036] val_sel AUC=0.5075 acc=0.3433
[ep 037] val_sel AUC=0.5303 acc=0.3558
[ep 038] val_sel AUC=0.5198 acc=0.3408
[ep 039] val_sel AUC=0.5250 acc=0.3356
[ep 040] val_sel AUC=0.5437 acc=0.3354
[ep 041] val_sel AUC=0.5255 acc=0.3356
[ep 042] val_sel AUC=0.5527 acc=0.3634
[ep 043] val_sel AUC=0.5542 acc=0.3685
[ep 044] val_sel AUC=0.5659 acc=0.3878
[ep 045] val_sel AUC=0.5557 acc=0.3741
[ep 046] val_sel AUC=0.5636 acc=0.3755
[ep 047] val_sel AUC=0.5710 acc=0.3817
[ep 048] val_sel AUC=0.5995 acc=0.3974
[ep 049] val_sel AUC=0.5716 acc=0.3831
[ep 050] val_sel AUC=0.5743 acc=0.3800
[ep 051] val_sel AUC=0.5780 acc=0.3920
[ep 052] val_sel AUC=0.5856 acc=0.4030
[ep 053] val_sel AUC=0.6152 acc=0.4299
[ep 054] val_sel AUC=0.6058 acc=0.4162
[ep 055] val_sel AUC=0.6275 acc=0.4325
[ep 056] val_sel AUC=0.5991 acc=0.4124
[ep 057] val_sel AUC=0.6264 acc=0.4460
[ep 058] val_sel AUC=0.6269 acc=0.4529
[ep 059] val_sel AUC=0.6477 acc=0.4663
[ep 060] val_sel AUC=0.6173 acc=0.4321
[ep 061] val_sel AUC=0.6328 acc=0.4558
[ep 062] val_sel AUC=0.6372 acc=0.4545
[ep 063] val_sel AUC=0.6390 acc=0.4596
[ep 064] val_sel AUC=0.6349 acc=0.4618
[ep 065] val_sel AUC=0.6439 acc=0.4625
[ep 066] val_sel AUC=0.6572 acc=0.4831
[ep 067] val_sel AUC=0.6699 acc=0.4844
[ep 068] val_sel AUC=0.6800 acc=0.5062
[ep 069] val_sel AUC=0.6673 acc=0.4764
[ep 070] val_sel AUC=0.6589 acc=0.4710
[ep 071] val_sel AUC=0.6792 acc=0.4927
[ep 072] val_sel AUC=0.6733 acc=0.4865
[ep 073] val_sel AUC=0.6823 acc=0.5028
[ep 074] val_sel AUC=0.6939 acc=0.5162
[ep 075] val_sel AUC=0.6941 acc=0.5117
[ep 076] val_sel AUC=0.7022 acc=0.5270
[ep 077] val_sel AUC=0.7001 acc=0.5225
[ep 078] val_sel AUC=0.6972 acc=0.5200
[ep 079] val_sel AUC=0.7082 acc=0.5355
[ep 080] val_sel AUC=0.7047 acc=0.5236
[ep 081] val_sel AUC=0.7112 acc=0.5357
[ep 082] val_sel AUC=0.7107 acc=0.5332
[ep 083] val_sel AUC=0.7164 acc=0.5433
[ep 084] val_sel AUC=0.7092 acc=0.5361
[ep 085] val_sel AUC=0.7148 acc=0.5437
[ep 086] val_sel AUC=0.7138 acc=0.5402
[ep 087] val_sel AUC=0.7132 acc=0.5404
[ep 088] val_sel AUC=0.7160 acc=0.5475
[ep 089] val_sel AUC=0.7164 acc=0.5429
[ep 090] val_sel AUC=0.7188 acc=0.5500
[ep 091] val_sel AUC=0.7185 acc=0.5489
[ep 092] val_sel AUC=0.7185 acc=0.5493
[ep 093] val_sel AUC=0.7188 acc=0.5507
[ep 094] val_sel AUC=0.7188 acc=0.5493
[ep 095] val_sel AUC=0.7188 acc=0.5491
[ep 096] val_sel AUC=0.7188 acc=0.5487
============================================================
TEST (best val_sel epoch, held-out, evaluated once)
============================================================
[DONE-QPE2] embed=conv model_III N=100 seed=61 test_AUC=0.7162 val_sel_AUC=0.7188 per_class=(axion=0.7846 cdm=0.5810 no_sub=0.7829) params=207619 embed_params=4160 R_frob_drift=None
