[INFO] QPE2 D=64 P=8 depth=4 | embed=conv | data=model_III N/class=250 seed=51 split_seed=0 | params=207619 embed_params=4160 lr=0.001 epochs=96 bs=32 | train(750, 64, 64) val_sel(4469, 64, 64) test(4470, 64, 64) device=cuda
[ep 001] val_sel AUC=0.5060 acc=0.3283
[ep 002] val_sel AUC=0.5104 acc=0.3285
[ep 003] val_sel AUC=0.5155 acc=0.3301
[ep 004] val_sel AUC=0.5194 acc=0.3283
[ep 005] val_sel AUC=0.5247 acc=0.3283
[ep 006] val_sel AUC=0.5283 acc=0.3285
[ep 007] val_sel AUC=0.5322 acc=0.3433
[ep 008] val_sel AUC=0.5335 acc=0.3433
[ep 009] val_sel AUC=0.5274 acc=0.3285
[ep 010] val_sel AUC=0.5302 acc=0.3433
[ep 011] val_sel AUC=0.5263 acc=0.3283
[ep 012] val_sel AUC=0.5241 acc=0.3285
[ep 013] val_sel AUC=0.5220 acc=0.3433
[ep 014] val_sel AUC=0.5224 acc=0.3285
[ep 015] val_sel AUC=0.5240 acc=0.3511
[ep 016] val_sel AUC=0.5213 acc=0.3527
[ep 017] val_sel AUC=0.5247 acc=0.3509
[ep 018] val_sel AUC=0.5353 acc=0.3383
[ep 019] val_sel AUC=0.5414 acc=0.3580
[ep 020] val_sel AUC=0.5382 acc=0.3674
[ep 021] val_sel AUC=0.5444 acc=0.3645
[ep 022] val_sel AUC=0.5500 acc=0.3730
[ep 023] val_sel AUC=0.5531 acc=0.3795
[ep 024] val_sel AUC=0.5556 acc=0.3737
[ep 025] val_sel AUC=0.5573 acc=0.3831
[ep 026] val_sel AUC=0.5631 acc=0.3864
[ep 027] val_sel AUC=0.5647 acc=0.3934
[ep 028] val_sel AUC=0.5681 acc=0.3936
[ep 029] val_sel AUC=0.5695 acc=0.3911
[ep 030] val_sel AUC=0.5703 acc=0.3938
[ep 031] val_sel AUC=0.5706 acc=0.3954
[ep 032] val_sel AUC=0.5708 acc=0.3943
[ep 033] val_sel AUC=0.5602 acc=0.3974
[ep 034] val_sel AUC=0.5669 acc=0.3755
[ep 035] val_sel AUC=0.5915 acc=0.4093
[ep 036] val_sel AUC=0.6152 acc=0.4256
[ep 037] val_sel AUC=0.6070 acc=0.4097
[ep 038] val_sel AUC=0.6368 acc=0.4462
[ep 039] val_sel AUC=0.6304 acc=0.4299
[ep 040] val_sel AUC=0.6520 acc=0.4460
[ep 041] val_sel AUC=0.6381 acc=0.4401
[ep 042] val_sel AUC=0.6762 acc=0.4759
[ep 043] val_sel AUC=0.6704 acc=0.4786
[ep 044] val_sel AUC=0.6874 acc=0.4963
[ep 045] val_sel AUC=0.6431 acc=0.4520
[ep 046] val_sel AUC=0.7162 acc=0.5243
[ep 047] val_sel AUC=0.7100 acc=0.5019
[ep 048] val_sel AUC=0.7076 acc=0.5203
[ep 049] val_sel AUC=0.7215 acc=0.5200
[ep 050] val_sel AUC=0.7378 acc=0.5489
[ep 051] val_sel AUC=0.7410 acc=0.5312
[ep 052] val_sel AUC=0.7054 acc=0.5077
[ep 053] val_sel AUC=0.7471 acc=0.5536
[ep 054] val_sel AUC=0.7635 acc=0.5867
[ep 055] val_sel AUC=0.7719 acc=0.5867
[ep 056] val_sel AUC=0.7797 acc=0.5943
[ep 057] val_sel AUC=0.7733 acc=0.5863
[ep 058] val_sel AUC=0.7798 acc=0.5849
[ep 059] val_sel AUC=0.7955 acc=0.6216
[ep 060] val_sel AUC=0.7813 acc=0.6209
[ep 061] val_sel AUC=0.8027 acc=0.6187
[ep 062] val_sel AUC=0.7995 acc=0.6115
[ep 063] val_sel AUC=0.7948 acc=0.6118
[ep 064] val_sel AUC=0.8075 acc=0.6435
[ep 065] val_sel AUC=0.8005 acc=0.6265
[ep 066] val_sel AUC=0.8054 acc=0.6198
[ep 067] val_sel AUC=0.8215 acc=0.6529
[ep 068] val_sel AUC=0.7987 acc=0.6178
[ep 069] val_sel AUC=0.8096 acc=0.6460
[ep 070] val_sel AUC=0.8292 acc=0.6507
[ep 071] val_sel AUC=0.8404 acc=0.6814
[ep 072] val_sel AUC=0.8212 acc=0.6498
[ep 073] val_sel AUC=0.8345 acc=0.6691
[ep 074] val_sel AUC=0.8401 acc=0.6776
[ep 075] val_sel AUC=0.8377 acc=0.6789
[ep 076] val_sel AUC=0.8282 acc=0.6753
[ep 077] val_sel AUC=0.8374 acc=0.6910
[ep 078] val_sel AUC=0.8392 acc=0.6887
[ep 079] val_sel AUC=0.8303 acc=0.6764
[ep 080] val_sel AUC=0.8320 acc=0.6865
[ep 081] val_sel AUC=0.8351 acc=0.6840
[ep 082] val_sel AUC=0.8366 acc=0.6930
[ep 083] val_sel AUC=0.8363 acc=0.6957
[ep 084] val_sel AUC=0.8377 acc=0.7004
[ep 085] val_sel AUC=0.8363 acc=0.6961
[ep 086] val_sel AUC=0.8379 acc=0.6981
[ep 087] val_sel AUC=0.8389 acc=0.7024
[ep 088] val_sel AUC=0.8360 acc=0.6972
[ep 089] val_sel AUC=0.8364 acc=0.7015
[ep 090] val_sel AUC=0.8365 acc=0.7002
[ep 091] val_sel AUC=0.8361 acc=0.6990
[ep 092] val_sel AUC=0.8361 acc=0.6999
[ep 093] val_sel AUC=0.8359 acc=0.6995
[ep 094] val_sel AUC=0.8358 acc=0.6993
[ep 095] val_sel AUC=0.8358 acc=0.6999
[ep 096] val_sel AUC=0.8358 acc=0.6990
============================================================
TEST (best val_sel epoch, held-out, evaluated once)
============================================================
[DONE-QPE2] embed=conv model_III N=250 seed=51 test_AUC=0.8362 val_sel_AUC=0.8404 per_class=(axion=0.8859 cdm=0.7165 no_sub=0.9061) params=207619 embed_params=4160 R_frob_drift=None
