[INFO] QPE2 D=64 P=8 depth=4 | embed=conv | data=model_III N/class=250 seed=56 split_seed=0 | params=207619 embed_params=4160 lr=0.001 epochs=96 bs=32 | train(750, 64, 64) val_sel(4469, 64, 64) test(4470, 64, 64) device=cuda
[ep 001] val_sel AUC=0.5337 acc=0.3433
[ep 002] val_sel AUC=0.5415 acc=0.3283
[ep 003] val_sel AUC=0.5459 acc=0.3433
[ep 004] val_sel AUC=0.5519 acc=0.3433
[ep 005] val_sel AUC=0.5597 acc=0.3285
[ep 006] val_sel AUC=0.5625 acc=0.3283
[ep 007] val_sel AUC=0.5625 acc=0.3283
[ep 008] val_sel AUC=0.5629 acc=0.3283
[ep 009] val_sel AUC=0.5612 acc=0.3283
[ep 010] val_sel AUC=0.5581 acc=0.3285
[ep 011] val_sel AUC=0.5570 acc=0.3433
[ep 012] val_sel AUC=0.5621 acc=0.3283
[ep 013] val_sel AUC=0.5688 acc=0.3283
[ep 014] val_sel AUC=0.5679 acc=0.3285
[ep 015] val_sel AUC=0.5663 acc=0.3433
[ep 016] val_sel AUC=0.5685 acc=0.3283
[ep 017] val_sel AUC=0.5550 acc=0.3285
[ep 018] val_sel AUC=0.5581 acc=0.3283
[ep 019] val_sel AUC=0.5399 acc=0.3285
[ep 020] val_sel AUC=0.5377 acc=0.3441
[ep 021] val_sel AUC=0.5280 acc=0.3444
[ep 022] val_sel AUC=0.5263 acc=0.3441
[ep 023] val_sel AUC=0.5246 acc=0.3495
[ep 024] val_sel AUC=0.5282 acc=0.3415
[ep 025] val_sel AUC=0.5248 acc=0.3450
[ep 026] val_sel AUC=0.5246 acc=0.3493
[ep 027] val_sel AUC=0.5257 acc=0.3488
[ep 028] val_sel AUC=0.5254 acc=0.3488
[ep 029] val_sel AUC=0.5249 acc=0.3491
[ep 030] val_sel AUC=0.5254 acc=0.3457
[ep 031] val_sel AUC=0.5254 acc=0.3437
[ep 032] val_sel AUC=0.5255 acc=0.3448
[ep 033] val_sel AUC=0.5534 acc=0.3529
[ep 034] val_sel AUC=0.5638 acc=0.3741
[ep 035] val_sel AUC=0.5401 acc=0.3665
[ep 036] val_sel AUC=0.5668 acc=0.3641
[ep 037] val_sel AUC=0.5803 acc=0.4090
[ep 038] val_sel AUC=0.6092 acc=0.4173
[ep 039] val_sel AUC=0.6115 acc=0.4075
[ep 040] val_sel AUC=0.6568 acc=0.4480
[ep 041] val_sel AUC=0.6125 acc=0.4104
[ep 042] val_sel AUC=0.6734 acc=0.4806
[ep 043] val_sel AUC=0.7160 acc=0.4932
[ep 044] val_sel AUC=0.6977 acc=0.5017
[ep 045] val_sel AUC=0.6888 acc=0.4891
[ep 046] val_sel AUC=0.7324 acc=0.5404
[ep 047] val_sel AUC=0.7608 acc=0.5791
[ep 048] val_sel AUC=0.7597 acc=0.5041
[ep 049] val_sel AUC=0.7817 acc=0.5704
[ep 050] val_sel AUC=0.7943 acc=0.6037
[ep 051] val_sel AUC=0.8014 acc=0.6245
[ep 052] val_sel AUC=0.8005 acc=0.6111
[ep 053] val_sel AUC=0.8261 acc=0.6239
[ep 054] val_sel AUC=0.8234 acc=0.6362
[ep 055] val_sel AUC=0.8369 acc=0.6512
[ep 056] val_sel AUC=0.8596 acc=0.6937
[ep 057] val_sel AUC=0.8430 acc=0.6668
[ep 058] val_sel AUC=0.8529 acc=0.6811
[ep 059] val_sel AUC=0.8606 acc=0.6932
[ep 060] val_sel AUC=0.8625 acc=0.7006
[ep 061] val_sel AUC=0.8487 acc=0.6838
[ep 062] val_sel AUC=0.8826 acc=0.7326
[ep 063] val_sel AUC=0.8796 acc=0.7295
[ep 064] val_sel AUC=0.8906 acc=0.7373
[ep 065] val_sel AUC=0.8814 acc=0.7328
[ep 066] val_sel AUC=0.8828 acc=0.7382
[ep 067] val_sel AUC=0.8875 acc=0.7395
[ep 068] val_sel AUC=0.8885 acc=0.7364
[ep 069] val_sel AUC=0.8918 acc=0.7422
[ep 070] val_sel AUC=0.8890 acc=0.7442
[ep 071] val_sel AUC=0.8749 acc=0.7196
[ep 072] val_sel AUC=0.8907 acc=0.7413
[ep 073] val_sel AUC=0.8902 acc=0.7389
[ep 074] val_sel AUC=0.8945 acc=0.7431
[ep 075] val_sel AUC=0.9045 acc=0.7747
[ep 076] val_sel AUC=0.9014 acc=0.7668
[ep 077] val_sel AUC=0.9006 acc=0.7561
[ep 078] val_sel AUC=0.9012 acc=0.7666
[ep 079] val_sel AUC=0.8916 acc=0.7548
[ep 080] val_sel AUC=0.8992 acc=0.7624
[ep 081] val_sel AUC=0.8969 acc=0.7588
[ep 082] val_sel AUC=0.9047 acc=0.7731
[ep 083] val_sel AUC=0.9032 acc=0.7727
[ep 084] val_sel AUC=0.9041 acc=0.7747
[ep 085] val_sel AUC=0.9022 acc=0.7715
[ep 086] val_sel AUC=0.9062 acc=0.7776
[ep 087] val_sel AUC=0.9037 acc=0.7753
[ep 088] val_sel AUC=0.9043 acc=0.7789
[ep 089] val_sel AUC=0.9045 acc=0.7805
[ep 090] val_sel AUC=0.9037 acc=0.7814
[ep 091] val_sel AUC=0.9037 acc=0.7814
[ep 092] val_sel AUC=0.9032 acc=0.7771
[ep 093] val_sel AUC=0.9035 acc=0.7796
[ep 094] val_sel AUC=0.9034 acc=0.7789
[ep 095] val_sel AUC=0.9036 acc=0.7807
[ep 096] val_sel AUC=0.9033 acc=0.7789
============================================================
TEST (best val_sel epoch, held-out, evaluated once)
============================================================
[DONE-QPE2] embed=conv model_III N=250 seed=56 test_AUC=0.9021 val_sel_AUC=0.9062 per_class=(axion=0.9398 cdm=0.8176 no_sub=0.9489) params=207619 embed_params=4160 R_frob_drift=None
