[INFO] QPE2 D=64 P=8 depth=4 | embed=conv | data=model_III N/class=250 seed=53 split_seed=0 | params=207619 embed_params=4160 lr=0.001 epochs=96 bs=32 | train(750, 64, 64) val_sel(4469, 64, 64) test(4470, 64, 64) device=cuda
[ep 001] val_sel AUC=0.4898 acc=0.3283
[ep 002] val_sel AUC=0.5061 acc=0.3285
[ep 003] val_sel AUC=0.5060 acc=0.3283
[ep 004] val_sel AUC=0.5175 acc=0.3433
[ep 005] val_sel AUC=0.5227 acc=0.3285
[ep 006] val_sel AUC=0.5284 acc=0.3433
[ep 007] val_sel AUC=0.5569 acc=0.3285
[ep 008] val_sel AUC=0.5442 acc=0.3285
[ep 009] val_sel AUC=0.5584 acc=0.3285
[ep 010] val_sel AUC=0.5480 acc=0.3283
[ep 011] val_sel AUC=0.5471 acc=0.3433
[ep 012] val_sel AUC=0.5535 acc=0.3285
[ep 013] val_sel AUC=0.5529 acc=0.3285
[ep 014] val_sel AUC=0.5303 acc=0.3433
[ep 015] val_sel AUC=0.5316 acc=0.3285
[ep 016] val_sel AUC=0.5351 acc=0.3363
[ep 017] val_sel AUC=0.5377 acc=0.3285
[ep 018] val_sel AUC=0.5367 acc=0.3614
[ep 019] val_sel AUC=0.5405 acc=0.3509
[ep 020] val_sel AUC=0.5393 acc=0.3694
[ep 021] val_sel AUC=0.5385 acc=0.3652
[ep 022] val_sel AUC=0.5405 acc=0.3515
[ep 023] val_sel AUC=0.5390 acc=0.3703
[ep 024] val_sel AUC=0.5427 acc=0.3524
[ep 025] val_sel AUC=0.5424 acc=0.3681
[ep 026] val_sel AUC=0.5430 acc=0.3699
[ep 027] val_sel AUC=0.5425 acc=0.3663
[ep 028] val_sel AUC=0.5430 acc=0.3692
[ep 029] val_sel AUC=0.5435 acc=0.3670
[ep 030] val_sel AUC=0.5440 acc=0.3699
[ep 031] val_sel AUC=0.5438 acc=0.3699
[ep 032] val_sel AUC=0.5439 acc=0.3699
[ep 033] val_sel AUC=0.5498 acc=0.3285
[ep 034] val_sel AUC=0.5494 acc=0.3285
[ep 035] val_sel AUC=0.5532 acc=0.3708
[ep 036] val_sel AUC=0.5780 acc=0.3757
[ep 037] val_sel AUC=0.5951 acc=0.3905
[ep 038] val_sel AUC=0.6066 acc=0.4052
[ep 039] val_sel AUC=0.6797 acc=0.4665
[ep 040] val_sel AUC=0.6997 acc=0.4871
[ep 041] val_sel AUC=0.7574 acc=0.5531
[ep 042] val_sel AUC=0.7234 acc=0.4659
[ep 043] val_sel AUC=0.8095 acc=0.6178
[ep 044] val_sel AUC=0.8340 acc=0.6617
[ep 045] val_sel AUC=0.8059 acc=0.6064
[ep 046] val_sel AUC=0.8161 acc=0.5641
[ep 047] val_sel AUC=0.8596 acc=0.6921
[ep 048] val_sel AUC=0.8650 acc=0.7107
[ep 049] val_sel AUC=0.8331 acc=0.6500
[ep 050] val_sel AUC=0.8645 acc=0.6776
[ep 051] val_sel AUC=0.8878 acc=0.7212
[ep 052] val_sel AUC=0.8479 acc=0.6185
[ep 053] val_sel AUC=0.8771 acc=0.7084
[ep 054] val_sel AUC=0.8761 acc=0.7163
[ep 055] val_sel AUC=0.9009 acc=0.7487
[ep 056] val_sel AUC=0.9066 acc=0.7579
[ep 057] val_sel AUC=0.8844 acc=0.6661
[ep 058] val_sel AUC=0.9134 acc=0.7771
[ep 059] val_sel AUC=0.9258 acc=0.7982
[ep 060] val_sel AUC=0.8905 acc=0.7069
[ep 061] val_sel AUC=0.9260 acc=0.8120
[ep 062] val_sel AUC=0.9215 acc=0.7950
[ep 063] val_sel AUC=0.9235 acc=0.7624
[ep 064] val_sel AUC=0.9308 acc=0.8109
[ep 065] val_sel AUC=0.9306 acc=0.8091
[ep 066] val_sel AUC=0.9321 acc=0.8183
[ep 067] val_sel AUC=0.9340 acc=0.8158
[ep 068] val_sel AUC=0.9287 acc=0.8013
[ep 069] val_sel AUC=0.8945 acc=0.6908
[ep 070] val_sel AUC=0.9095 acc=0.7720
[ep 071] val_sel AUC=0.9242 acc=0.8017
[ep 072] val_sel AUC=0.9276 acc=0.8004
[ep 073] val_sel AUC=0.9159 acc=0.7590
[ep 074] val_sel AUC=0.9328 acc=0.8116
[ep 075] val_sel AUC=0.9398 acc=0.8324
[ep 076] val_sel AUC=0.9357 acc=0.8076
[ep 077] val_sel AUC=0.9375 acc=0.8246
[ep 078] val_sel AUC=0.9358 acc=0.8214
[ep 079] val_sel AUC=0.9372 acc=0.8284
[ep 080] val_sel AUC=0.9405 acc=0.8317
[ep 081] val_sel AUC=0.9419 acc=0.8429
[ep 082] val_sel AUC=0.9400 acc=0.8360
[ep 083] val_sel AUC=0.9409 acc=0.8302
[ep 084] val_sel AUC=0.9410 acc=0.8299
[ep 085] val_sel AUC=0.9418 acc=0.8364
[ep 086] val_sel AUC=0.9414 acc=0.8389
[ep 087] val_sel AUC=0.9429 acc=0.8353
[ep 088] val_sel AUC=0.9424 acc=0.8340
[ep 089] val_sel AUC=0.9428 acc=0.8362
[ep 090] val_sel AUC=0.9430 acc=0.8393
[ep 091] val_sel AUC=0.9414 acc=0.8317
[ep 092] val_sel AUC=0.9430 acc=0.8393
[ep 093] val_sel AUC=0.9426 acc=0.8351
[ep 094] val_sel AUC=0.9426 acc=0.8353
[ep 095] val_sel AUC=0.9425 acc=0.8344
[ep 096] val_sel AUC=0.9426 acc=0.8355
============================================================
TEST (best val_sel epoch, held-out, evaluated once)
============================================================
[DONE-QPE2] embed=conv model_III N=250 seed=53 test_AUC=0.9402 val_sel_AUC=0.9430 per_class=(axion=0.9520 cdm=0.8926 no_sub=0.9760) params=207619 embed_params=4160 R_frob_drift=None
