[INFO] QPE2 D=64 P=8 depth=4 | embed=conv | data=model_II N/class=250 seed=52 split_seed=0 | params=207619 embed_params=4160 lr=0.001 epochs=96 bs=32 | train(750, 64, 64) val_sel(4455, 64, 64) test(4455, 64, 64) device=cuda
[ep 001] val_sel AUC=0.5086 acc=0.3237
[ep 002] val_sel AUC=0.5106 acc=0.3291
[ep 003] val_sel AUC=0.5111 acc=0.3291
[ep 004] val_sel AUC=0.5129 acc=0.3419
[ep 005] val_sel AUC=0.5163 acc=0.3291
[ep 006] val_sel AUC=0.5177 acc=0.3237
[ep 007] val_sel AUC=0.5164 acc=0.3473
[ep 008] val_sel AUC=0.5229 acc=0.3237
[ep 009] val_sel AUC=0.5229 acc=0.3576
[ep 010] val_sel AUC=0.5299 acc=0.3291
[ep 011] val_sel AUC=0.5256 acc=0.3291
[ep 012] val_sel AUC=0.5219 acc=0.3237
[ep 013] val_sel AUC=0.5249 acc=0.3291
[ep 014] val_sel AUC=0.5281 acc=0.3630
[ep 015] val_sel AUC=0.5203 acc=0.3237
[ep 016] val_sel AUC=0.5223 acc=0.3369
[ep 017] val_sel AUC=0.5276 acc=0.3279
[ep 018] val_sel AUC=0.5331 acc=0.3551
[ep 019] val_sel AUC=0.5440 acc=0.3661
[ep 020] val_sel AUC=0.5564 acc=0.3816
[ep 021] val_sel AUC=0.5678 acc=0.3805
[ep 022] val_sel AUC=0.5835 acc=0.3843
[ep 023] val_sel AUC=0.6221 acc=0.4267
[ep 024] val_sel AUC=0.6323 acc=0.4397
[ep 025] val_sel AUC=0.6610 acc=0.4572
[ep 026] val_sel AUC=0.6922 acc=0.4945
[ep 027] val_sel AUC=0.7136 acc=0.5057
[ep 028] val_sel AUC=0.7348 acc=0.5304
[ep 029] val_sel AUC=0.7314 acc=0.5286
[ep 030] val_sel AUC=0.7503 acc=0.5466
[ep 031] val_sel AUC=0.7506 acc=0.5484
[ep 032] val_sel AUC=0.7522 acc=0.5522
[ep 033] val_sel AUC=0.6449 acc=0.4602
[ep 034] val_sel AUC=0.7039 acc=0.5001
[ep 035] val_sel AUC=0.6765 acc=0.4815
[ep 036] val_sel AUC=0.6312 acc=0.4337
[ep 037] val_sel AUC=0.7191 acc=0.4907
[ep 038] val_sel AUC=0.7391 acc=0.4741
[ep 039] val_sel AUC=0.7813 acc=0.5758
[ep 040] val_sel AUC=0.7468 acc=0.5313
[ep 041] val_sel AUC=0.7727 acc=0.5829
[ep 042] val_sel AUC=0.7488 acc=0.5419
[ep 043] val_sel AUC=0.7569 acc=0.5134
[ep 044] val_sel AUC=0.7721 acc=0.5448
[ep 045] val_sel AUC=0.7975 acc=0.5897
[ep 046] val_sel AUC=0.8090 acc=0.5717
[ep 047] val_sel AUC=0.8182 acc=0.6247
[ep 048] val_sel AUC=0.8266 acc=0.6337
[ep 049] val_sel AUC=0.8560 acc=0.6983
[ep 050] val_sel AUC=0.8330 acc=0.6541
[ep 051] val_sel AUC=0.8082 acc=0.5939
[ep 052] val_sel AUC=0.8126 acc=0.6146
[ep 053] val_sel AUC=0.8545 acc=0.6548
[ep 054] val_sel AUC=0.8440 acc=0.6411
[ep 055] val_sel AUC=0.8522 acc=0.6815
[ep 056] val_sel AUC=0.8584 acc=0.6938
[ep 057] val_sel AUC=0.8579 acc=0.6828
[ep 058] val_sel AUC=0.8674 acc=0.6974
[ep 059] val_sel AUC=0.8621 acc=0.7026
[ep 060] val_sel AUC=0.8498 acc=0.6925
[ep 061] val_sel AUC=0.8680 acc=0.7008
[ep 062] val_sel AUC=0.8731 acc=0.7194
[ep 063] val_sel AUC=0.8780 acc=0.7282
[ep 064] val_sel AUC=0.8916 acc=0.7351
[ep 065] val_sel AUC=0.8791 acc=0.7075
[ep 066] val_sel AUC=0.9033 acc=0.7591
[ep 067] val_sel AUC=0.8954 acc=0.7493
[ep 068] val_sel AUC=0.8625 acc=0.6898
[ep 069] val_sel AUC=0.9030 acc=0.7670
[ep 070] val_sel AUC=0.8833 acc=0.7380
[ep 071] val_sel AUC=0.8880 acc=0.7423
[ep 072] val_sel AUC=0.9072 acc=0.7800
[ep 073] val_sel AUC=0.9026 acc=0.7715
[ep 074] val_sel AUC=0.9079 acc=0.7841
[ep 075] val_sel AUC=0.9039 acc=0.7668
[ep 076] val_sel AUC=0.9114 acc=0.7901
[ep 077] val_sel AUC=0.8973 acc=0.7692
[ep 078] val_sel AUC=0.9125 acc=0.7789
[ep 079] val_sel AUC=0.9167 acc=0.7971
[ep 080] val_sel AUC=0.9149 acc=0.7962
[ep 081] val_sel AUC=0.9152 acc=0.7951
[ep 082] val_sel AUC=0.9159 acc=0.7984
[ep 083] val_sel AUC=0.9122 acc=0.7897
[ep 084] val_sel AUC=0.9078 acc=0.7843
[ep 085] val_sel AUC=0.9101 acc=0.7924
[ep 086] val_sel AUC=0.9102 acc=0.7861
[ep 087] val_sel AUC=0.9137 acc=0.7944
[ep 088] val_sel AUC=0.9183 acc=0.8034
[ep 089] val_sel AUC=0.9172 acc=0.8002
[ep 090] val_sel AUC=0.9174 acc=0.8029
[ep 091] val_sel AUC=0.9172 acc=0.8009
[ep 092] val_sel AUC=0.9172 acc=0.8007
[ep 093] val_sel AUC=0.9173 acc=0.8013
[ep 094] val_sel AUC=0.9173 acc=0.8007
[ep 095] val_sel AUC=0.9173 acc=0.8011
[ep 096] val_sel AUC=0.9172 acc=0.8013
============================================================
TEST (best val_sel epoch, held-out, evaluated once)
============================================================
[DONE-QPE2] embed=conv model_II N=250 seed=52 test_AUC=0.9202 val_sel_AUC=0.9183 per_class=(axion=0.9493 cdm=0.8485 no_sub=0.9629) params=207619 embed_params=4160 R_frob_drift=None
