[INFO] QPE2 D=64 P=8 depth=4 | embed=conv | data=model_II N/class=100 seed=42 split_seed=0 | params=207619 embed_params=4160 lr=0.001 epochs=96 bs=32 | train(300, 64, 64) val_sel(4455, 64, 64) test(4455, 64, 64) device=cuda
[ep 001] val_sel AUC=0.5203 acc=0.3473
[ep 002] val_sel AUC=0.5227 acc=0.3237
[ep 003] val_sel AUC=0.5226 acc=0.3473
[ep 004] val_sel AUC=0.5238 acc=0.3473
[ep 005] val_sel AUC=0.5227 acc=0.3291
[ep 006] val_sel AUC=0.5232 acc=0.3473
[ep 007] val_sel AUC=0.5223 acc=0.3291
[ep 008] val_sel AUC=0.5213 acc=0.3504
[ep 009] val_sel AUC=0.5201 acc=0.3291
[ep 010] val_sel AUC=0.5184 acc=0.3538
[ep 011] val_sel AUC=0.5154 acc=0.3237
[ep 012] val_sel AUC=0.5123 acc=0.3291
[ep 013] val_sel AUC=0.5087 acc=0.3237
[ep 014] val_sel AUC=0.5040 acc=0.3473
[ep 015] val_sel AUC=0.5016 acc=0.3340
[ep 016] val_sel AUC=0.4991 acc=0.3493
[ep 017] val_sel AUC=0.4965 acc=0.3237
[ep 018] val_sel AUC=0.4965 acc=0.3473
[ep 019] val_sel AUC=0.4976 acc=0.3389
[ep 020] val_sel AUC=0.4984 acc=0.3342
[ep 021] val_sel AUC=0.5000 acc=0.3428
[ep 022] val_sel AUC=0.5001 acc=0.3446
[ep 023] val_sel AUC=0.4994 acc=0.3363
[ep 024] val_sel AUC=0.5003 acc=0.3428
[ep 025] val_sel AUC=0.5000 acc=0.3446
[ep 026] val_sel AUC=0.4999 acc=0.3443
[ep 027] val_sel AUC=0.5011 acc=0.3410
[ep 028] val_sel AUC=0.5014 acc=0.3446
[ep 029] val_sel AUC=0.5016 acc=0.3441
[ep 030] val_sel AUC=0.5017 acc=0.3475
[ep 031] val_sel AUC=0.5017 acc=0.3455
[ep 032] val_sel AUC=0.5018 acc=0.3464
[ep 033] val_sel AUC=0.5041 acc=0.3262
[ep 034] val_sel AUC=0.5018 acc=0.3490
[ep 035] val_sel AUC=0.5058 acc=0.3549
[ep 036] val_sel AUC=0.5201 acc=0.3802
[ep 037] val_sel AUC=0.5405 acc=0.3585
[ep 038] val_sel AUC=0.5552 acc=0.3811
[ep 039] val_sel AUC=0.5637 acc=0.3843
[ep 040] val_sel AUC=0.5648 acc=0.3969
[ep 041] val_sel AUC=0.5793 acc=0.3944
[ep 042] val_sel AUC=0.5963 acc=0.4258
[ep 043] val_sel AUC=0.6168 acc=0.4177
[ep 044] val_sel AUC=0.6347 acc=0.4505
[ep 045] val_sel AUC=0.6204 acc=0.4173
[ep 046] val_sel AUC=0.6297 acc=0.4348
[ep 047] val_sel AUC=0.6470 acc=0.4433
[ep 048] val_sel AUC=0.6468 acc=0.4478
[ep 049] val_sel AUC=0.6551 acc=0.4649
[ep 050] val_sel AUC=0.6500 acc=0.4572
[ep 051] val_sel AUC=0.6712 acc=0.4941
[ep 052] val_sel AUC=0.6653 acc=0.4851
[ep 053] val_sel AUC=0.6814 acc=0.4909
[ep 054] val_sel AUC=0.6834 acc=0.5024
[ep 055] val_sel AUC=0.6871 acc=0.4902
[ep 056] val_sel AUC=0.6968 acc=0.5086
[ep 057] val_sel AUC=0.7035 acc=0.5183
[ep 058] val_sel AUC=0.7107 acc=0.5230
[ep 059] val_sel AUC=0.6967 acc=0.5055
[ep 060] val_sel AUC=0.7043 acc=0.5077
[ep 061] val_sel AUC=0.7105 acc=0.5331
[ep 062] val_sel AUC=0.7092 acc=0.5091
[ep 063] val_sel AUC=0.7131 acc=0.5295
[ep 064] val_sel AUC=0.7084 acc=0.5178
[ep 065] val_sel AUC=0.7142 acc=0.5365
[ep 066] val_sel AUC=0.7168 acc=0.5235
[ep 067] val_sel AUC=0.7083 acc=0.4945
[ep 068] val_sel AUC=0.7057 acc=0.5205
[ep 069] val_sel AUC=0.7169 acc=0.5264
[ep 070] val_sel AUC=0.7106 acc=0.5244
[ep 071] val_sel AUC=0.7172 acc=0.5288
[ep 072] val_sel AUC=0.7196 acc=0.5369
[ep 073] val_sel AUC=0.7211 acc=0.5351
[ep 074] val_sel AUC=0.7172 acc=0.5365
[ep 075] val_sel AUC=0.7166 acc=0.5329
[ep 076] val_sel AUC=0.7230 acc=0.5524
[ep 077] val_sel AUC=0.7218 acc=0.5374
[ep 078] val_sel AUC=0.7254 acc=0.5547
[ep 079] val_sel AUC=0.7249 acc=0.5457
[ep 080] val_sel AUC=0.7269 acc=0.5493
[ep 081] val_sel AUC=0.7219 acc=0.5513
[ep 082] val_sel AUC=0.7266 acc=0.5446
[ep 083] val_sel AUC=0.7281 acc=0.5562
[ep 084] val_sel AUC=0.7249 acc=0.5475
[ep 085] val_sel AUC=0.7273 acc=0.5499
[ep 086] val_sel AUC=0.7273 acc=0.5567
[ep 087] val_sel AUC=0.7258 acc=0.5513
[ep 088] val_sel AUC=0.7297 acc=0.5533
[ep 089] val_sel AUC=0.7308 acc=0.5556
[ep 090] val_sel AUC=0.7307 acc=0.5553
[ep 091] val_sel AUC=0.7301 acc=0.5535
[ep 092] val_sel AUC=0.7300 acc=0.5533
[ep 093] val_sel AUC=0.7301 acc=0.5544
[ep 094] val_sel AUC=0.7300 acc=0.5547
[ep 095] val_sel AUC=0.7301 acc=0.5542
[ep 096] val_sel AUC=0.7301 acc=0.5542
============================================================
TEST (best val_sel epoch, held-out, evaluated once)
============================================================
[DONE-QPE2] embed=conv model_II N=100 seed=42 test_AUC=0.7346 val_sel_AUC=0.7308 per_class=(axion=0.8019 cdm=0.6119 no_sub=0.7901) params=207619 embed_params=4160 R_frob_drift=None
