[INFO] QPE2 D=64 P=8 depth=4 | embed=conv | data=model_III N/class=250 seed=55 split_seed=0 | params=207619 embed_params=4160 lr=0.001 epochs=96 bs=32 | train(750, 64, 64) val_sel(4469, 64, 64) test(4470, 64, 64) device=cuda
[ep 001] val_sel AUC=0.4604 acc=0.3283
[ep 002] val_sel AUC=0.4603 acc=0.3285
[ep 003] val_sel AUC=0.4652 acc=0.3283
[ep 004] val_sel AUC=0.4650 acc=0.3283
[ep 005] val_sel AUC=0.4720 acc=0.3283
[ep 006] val_sel AUC=0.4777 acc=0.3285
[ep 007] val_sel AUC=0.4820 acc=0.3285
[ep 008] val_sel AUC=0.4894 acc=0.3433
[ep 009] val_sel AUC=0.5010 acc=0.3285
[ep 010] val_sel AUC=0.5025 acc=0.3433
[ep 011] val_sel AUC=0.5114 acc=0.3283
[ep 012] val_sel AUC=0.5205 acc=0.3433
[ep 013] val_sel AUC=0.5266 acc=0.3283
[ep 014] val_sel AUC=0.5381 acc=0.3433
[ep 015] val_sel AUC=0.5421 acc=0.3433
[ep 016] val_sel AUC=0.5465 acc=0.3433
[ep 017] val_sel AUC=0.5499 acc=0.3285
[ep 018] val_sel AUC=0.5525 acc=0.3433
[ep 019] val_sel AUC=0.5543 acc=0.3285
[ep 020] val_sel AUC=0.5535 acc=0.3433
[ep 021] val_sel AUC=0.5551 acc=0.3433
[ep 022] val_sel AUC=0.5545 acc=0.3283
[ep 023] val_sel AUC=0.5550 acc=0.3285
[ep 024] val_sel AUC=0.5552 acc=0.3283
[ep 025] val_sel AUC=0.5553 acc=0.3283
[ep 026] val_sel AUC=0.5560 acc=0.3433
[ep 027] val_sel AUC=0.5556 acc=0.3283
[ep 028] val_sel AUC=0.5556 acc=0.3433
[ep 029] val_sel AUC=0.5557 acc=0.3433
[ep 030] val_sel AUC=0.5557 acc=0.3285
[ep 031] val_sel AUC=0.5557 acc=0.3269
[ep 032] val_sel AUC=0.5556 acc=0.3285
[ep 033] val_sel AUC=0.5600 acc=0.3283
[ep 034] val_sel AUC=0.5605 acc=0.3283
[ep 035] val_sel AUC=0.5615 acc=0.3285
[ep 036] val_sel AUC=0.5559 acc=0.3285
[ep 037] val_sel AUC=0.5556 acc=0.3285
[ep 038] val_sel AUC=0.5552 acc=0.3285
[ep 039] val_sel AUC=0.5516 acc=0.3283
[ep 040] val_sel AUC=0.5427 acc=0.3283
[ep 041] val_sel AUC=0.5449 acc=0.3285
[ep 042] val_sel AUC=0.5555 acc=0.3283
[ep 043] val_sel AUC=0.5554 acc=0.3755
[ep 044] val_sel AUC=0.5484 acc=0.3283
[ep 045] val_sel AUC=0.5505 acc=0.3363
[ep 046] val_sel AUC=0.5635 acc=0.3567
[ep 047] val_sel AUC=0.5683 acc=0.3753
[ep 048] val_sel AUC=0.5537 acc=0.3746
[ep 049] val_sel AUC=0.5658 acc=0.3412
[ep 050] val_sel AUC=0.6094 acc=0.3403
[ep 051] val_sel AUC=0.6096 acc=0.3880
[ep 052] val_sel AUC=0.6366 acc=0.4439
[ep 053] val_sel AUC=0.6860 acc=0.5010
[ep 054] val_sel AUC=0.6493 acc=0.4408
[ep 055] val_sel AUC=0.7082 acc=0.5339
[ep 056] val_sel AUC=0.7339 acc=0.5525
[ep 057] val_sel AUC=0.7275 acc=0.5364
[ep 058] val_sel AUC=0.7574 acc=0.5643
[ep 059] val_sel AUC=0.7636 acc=0.5482
[ep 060] val_sel AUC=0.7824 acc=0.5845
[ep 061] val_sel AUC=0.7776 acc=0.5769
[ep 062] val_sel AUC=0.7958 acc=0.5963
[ep 063] val_sel AUC=0.7985 acc=0.6221
[ep 064] val_sel AUC=0.7894 acc=0.5303
[ep 065] val_sel AUC=0.8213 acc=0.6319
[ep 066] val_sel AUC=0.8184 acc=0.6529
[ep 067] val_sel AUC=0.7973 acc=0.6039
[ep 068] val_sel AUC=0.8353 acc=0.6646
[ep 069] val_sel AUC=0.8416 acc=0.6606
[ep 070] val_sel AUC=0.8347 acc=0.6610
[ep 071] val_sel AUC=0.8336 acc=0.6415
[ep 072] val_sel AUC=0.8345 acc=0.6565
[ep 073] val_sel AUC=0.8493 acc=0.6776
[ep 074] val_sel AUC=0.8466 acc=0.6928
[ep 075] val_sel AUC=0.8578 acc=0.7093
[ep 076] val_sel AUC=0.8617 acc=0.7196
[ep 077] val_sel AUC=0.8662 acc=0.7147
[ep 078] val_sel AUC=0.8687 acc=0.7232
[ep 079] val_sel AUC=0.8615 acc=0.6914
[ep 080] val_sel AUC=0.8657 acc=0.7194
[ep 081] val_sel AUC=0.8672 acc=0.7075
[ep 082] val_sel AUC=0.8702 acc=0.7353
[ep 083] val_sel AUC=0.8767 acc=0.7389
[ep 084] val_sel AUC=0.8721 acc=0.7239
[ep 085] val_sel AUC=0.8787 acc=0.7395
[ep 086] val_sel AUC=0.8807 acc=0.7418
[ep 087] val_sel AUC=0.8715 acc=0.7120
[ep 088] val_sel AUC=0.8771 acc=0.7315
[ep 089] val_sel AUC=0.8797 acc=0.7454
[ep 090] val_sel AUC=0.8820 acc=0.7476
[ep 091] val_sel AUC=0.8807 acc=0.7465
[ep 092] val_sel AUC=0.8822 acc=0.7507
[ep 093] val_sel AUC=0.8808 acc=0.7487
[ep 094] val_sel AUC=0.8815 acc=0.7510
[ep 095] val_sel AUC=0.8815 acc=0.7510
[ep 096] val_sel AUC=0.8813 acc=0.7489
============================================================
TEST (best val_sel epoch, held-out, evaluated once)
============================================================
[DONE-QPE2] embed=conv model_III N=250 seed=55 test_AUC=0.8792 val_sel_AUC=0.8822 per_class=(axion=0.9393 cdm=0.7837 no_sub=0.9146) params=207619 embed_params=4160 R_frob_drift=None
