[INFO] QPE2 D=64 P=8 depth=4 | embed=conv | data=model_II N/class=250 seed=43 split_seed=0 | params=207619 embed_params=4160 lr=0.001 epochs=96 bs=32 | train(750, 64, 64) val_sel(4455, 64, 64) test(4455, 64, 64) device=cuda
[ep 001] val_sel AUC=0.5251 acc=0.3237
[ep 002] val_sel AUC=0.5305 acc=0.3291
[ep 003] val_sel AUC=0.5260 acc=0.3473
[ep 004] val_sel AUC=0.5258 acc=0.3473
[ep 005] val_sel AUC=0.5361 acc=0.3291
[ep 006] val_sel AUC=0.5269 acc=0.3237
[ep 007] val_sel AUC=0.5272 acc=0.3291
[ep 008] val_sel AUC=0.5224 acc=0.3473
[ep 009] val_sel AUC=0.5155 acc=0.3473
[ep 010] val_sel AUC=0.5166 acc=0.3313
[ep 011] val_sel AUC=0.5118 acc=0.3430
[ep 012] val_sel AUC=0.5114 acc=0.3371
[ep 013] val_sel AUC=0.5093 acc=0.3291
[ep 014] val_sel AUC=0.5096 acc=0.3553
[ep 015] val_sel AUC=0.5066 acc=0.3477
[ep 016] val_sel AUC=0.5148 acc=0.3556
[ep 017] val_sel AUC=0.5168 acc=0.3605
[ep 018] val_sel AUC=0.5219 acc=0.3513
[ep 019] val_sel AUC=0.5209 acc=0.3455
[ep 020] val_sel AUC=0.5294 acc=0.3520
[ep 021] val_sel AUC=0.5384 acc=0.3751
[ep 022] val_sel AUC=0.5575 acc=0.3924
[ep 023] val_sel AUC=0.5797 acc=0.4049
[ep 024] val_sel AUC=0.6066 acc=0.4182
[ep 025] val_sel AUC=0.6486 acc=0.4494
[ep 026] val_sel AUC=0.6959 acc=0.5095
[ep 027] val_sel AUC=0.7121 acc=0.5107
[ep 028] val_sel AUC=0.7375 acc=0.5526
[ep 029] val_sel AUC=0.7605 acc=0.5798
[ep 030] val_sel AUC=0.7676 acc=0.5908
[ep 031] val_sel AUC=0.7704 acc=0.5953
[ep 032] val_sel AUC=0.7714 acc=0.5944
[ep 033] val_sel AUC=0.6915 acc=0.5075
[ep 034] val_sel AUC=0.7306 acc=0.5160
[ep 035] val_sel AUC=0.7572 acc=0.5695
[ep 036] val_sel AUC=0.7257 acc=0.5241
[ep 037] val_sel AUC=0.7877 acc=0.6130
[ep 038] val_sel AUC=0.7098 acc=0.5122
[ep 039] val_sel AUC=0.7523 acc=0.5315
[ep 040] val_sel AUC=0.7843 acc=0.6121
[ep 041] val_sel AUC=0.7959 acc=0.6215
[ep 042] val_sel AUC=0.7811 acc=0.5764
[ep 043] val_sel AUC=0.7937 acc=0.6316
[ep 044] val_sel AUC=0.8214 acc=0.6557
[ep 045] val_sel AUC=0.7678 acc=0.5625
[ep 046] val_sel AUC=0.8232 acc=0.6420
[ep 047] val_sel AUC=0.8332 acc=0.6561
[ep 048] val_sel AUC=0.8323 acc=0.6716
[ep 049] val_sel AUC=0.8223 acc=0.6622
[ep 050] val_sel AUC=0.8371 acc=0.6384
[ep 051] val_sel AUC=0.8399 acc=0.6707
[ep 052] val_sel AUC=0.8351 acc=0.6409
[ep 053] val_sel AUC=0.8118 acc=0.6025
[ep 054] val_sel AUC=0.8512 acc=0.6974
[ep 055] val_sel AUC=0.8528 acc=0.6956
[ep 056] val_sel AUC=0.8308 acc=0.6611
[ep 057] val_sel AUC=0.8500 acc=0.6786
[ep 058] val_sel AUC=0.8547 acc=0.7012
[ep 059] val_sel AUC=0.8742 acc=0.7275
[ep 060] val_sel AUC=0.8654 acc=0.6974
[ep 061] val_sel AUC=0.8632 acc=0.7055
[ep 062] val_sel AUC=0.8503 acc=0.6505
[ep 063] val_sel AUC=0.8617 acc=0.6837
[ep 064] val_sel AUC=0.8380 acc=0.6256
[ep 065] val_sel AUC=0.8755 acc=0.7235
[ep 066] val_sel AUC=0.8823 acc=0.7356
[ep 067] val_sel AUC=0.8681 acc=0.7129
[ep 068] val_sel AUC=0.8638 acc=0.6999
[ep 069] val_sel AUC=0.8682 acc=0.7181
[ep 070] val_sel AUC=0.8724 acc=0.7008
[ep 071] val_sel AUC=0.8771 acc=0.7304
[ep 072] val_sel AUC=0.8658 acc=0.7147
[ep 073] val_sel AUC=0.8895 acc=0.7504
[ep 074] val_sel AUC=0.8797 acc=0.7309
[ep 075] val_sel AUC=0.8773 acc=0.7342
[ep 076] val_sel AUC=0.8910 acc=0.7589
[ep 077] val_sel AUC=0.8875 acc=0.7542
[ep 078] val_sel AUC=0.8879 acc=0.7432
[ep 079] val_sel AUC=0.8894 acc=0.7567
[ep 080] val_sel AUC=0.8913 acc=0.7603
[ep 081] val_sel AUC=0.8876 acc=0.7533
[ep 082] val_sel AUC=0.8846 acc=0.7421
[ep 083] val_sel AUC=0.8889 acc=0.7560
[ep 084] val_sel AUC=0.8882 acc=0.7562
[ep 085] val_sel AUC=0.8883 acc=0.7571
[ep 086] val_sel AUC=0.8922 acc=0.7607
[ep 087] val_sel AUC=0.8912 acc=0.7621
[ep 088] val_sel AUC=0.8909 acc=0.7643
[ep 089] val_sel AUC=0.8908 acc=0.7623
[ep 090] val_sel AUC=0.8901 acc=0.7630
[ep 091] val_sel AUC=0.8905 acc=0.7632
[ep 092] val_sel AUC=0.8902 acc=0.7630
[ep 093] val_sel AUC=0.8902 acc=0.7632
[ep 094] val_sel AUC=0.8901 acc=0.7632
[ep 095] val_sel AUC=0.8901 acc=0.7634
[ep 096] val_sel AUC=0.8901 acc=0.7632
============================================================
TEST (best val_sel epoch, held-out, evaluated once)
============================================================
[DONE-QPE2] embed=conv model_II N=250 seed=43 test_AUC=0.8861 val_sel_AUC=0.8922 per_class=(axion=0.9320 cdm=0.7863 no_sub=0.9400) params=207619 embed_params=4160 R_frob_drift=None
