[INFO] QPE2 D=64 P=8 depth=4 | embed=conv | data=model_III N/class=100 seed=52 split_seed=0 | params=207619 embed_params=4160 lr=0.001 epochs=96 bs=32 | train(300, 64, 64) val_sel(4469, 64, 64) test(4470, 64, 64) device=cuda
[ep 001] val_sel AUC=0.5187 acc=0.3283
[ep 002] val_sel AUC=0.5171 acc=0.3433
[ep 003] val_sel AUC=0.5171 acc=0.3433
[ep 004] val_sel AUC=0.5216 acc=0.3285
[ep 005] val_sel AUC=0.5190 acc=0.3433
[ep 006] val_sel AUC=0.5265 acc=0.3285
[ep 007] val_sel AUC=0.5285 acc=0.3283
[ep 008] val_sel AUC=0.5214 acc=0.3433
[ep 009] val_sel AUC=0.5252 acc=0.3283
[ep 010] val_sel AUC=0.5205 acc=0.3433
[ep 011] val_sel AUC=0.5256 acc=0.3283
[ep 012] val_sel AUC=0.5246 acc=0.3285
[ep 013] val_sel AUC=0.5204 acc=0.3433
[ep 014] val_sel AUC=0.5226 acc=0.3287
[ep 015] val_sel AUC=0.5260 acc=0.3283
[ep 016] val_sel AUC=0.5222 acc=0.3433
[ep 017] val_sel AUC=0.5242 acc=0.3285
[ep 018] val_sel AUC=0.5266 acc=0.3283
[ep 019] val_sel AUC=0.5231 acc=0.3433
[ep 020] val_sel AUC=0.5247 acc=0.3285
[ep 021] val_sel AUC=0.5250 acc=0.3283
[ep 022] val_sel AUC=0.5242 acc=0.3466
[ep 023] val_sel AUC=0.5249 acc=0.3285
[ep 024] val_sel AUC=0.5241 acc=0.3457
[ep 025] val_sel AUC=0.5246 acc=0.3283
[ep 026] val_sel AUC=0.5242 acc=0.3497
[ep 027] val_sel AUC=0.5242 acc=0.3475
[ep 028] val_sel AUC=0.5244 acc=0.3419
[ep 029] val_sel AUC=0.5245 acc=0.3298
[ep 030] val_sel AUC=0.5246 acc=0.3285
[ep 031] val_sel AUC=0.5246 acc=0.3285
[ep 032] val_sel AUC=0.5246 acc=0.3285
[ep 033] val_sel AUC=0.5248 acc=0.3433
[ep 034] val_sel AUC=0.5308 acc=0.3283
[ep 035] val_sel AUC=0.5281 acc=0.3285
[ep 036] val_sel AUC=0.5315 acc=0.3283
[ep 037] val_sel AUC=0.5289 acc=0.3433
[ep 038] val_sel AUC=0.5316 acc=0.3433
[ep 039] val_sel AUC=0.5334 acc=0.3433
[ep 040] val_sel AUC=0.5341 acc=0.3466
[ep 041] val_sel AUC=0.5344 acc=0.3285
[ep 042] val_sel AUC=0.5341 acc=0.3283
[ep 043] val_sel AUC=0.5276 acc=0.3473
[ep 044] val_sel AUC=0.5241 acc=0.3283
[ep 045] val_sel AUC=0.5193 acc=0.3464
[ep 046] val_sel AUC=0.5163 acc=0.3285
[ep 047] val_sel AUC=0.5163 acc=0.3390
[ep 048] val_sel AUC=0.5185 acc=0.3560
[ep 049] val_sel AUC=0.5105 acc=0.3354
[ep 050] val_sel AUC=0.5108 acc=0.3538
[ep 051] val_sel AUC=0.5161 acc=0.3509
[ep 052] val_sel AUC=0.5286 acc=0.3553
[ep 053] val_sel AUC=0.5442 acc=0.3589
[ep 054] val_sel AUC=0.5539 acc=0.3714
[ep 055] val_sel AUC=0.5567 acc=0.3623
[ep 056] val_sel AUC=0.5654 acc=0.3620
[ep 057] val_sel AUC=0.5639 acc=0.3766
[ep 058] val_sel AUC=0.5812 acc=0.3954
[ep 059] val_sel AUC=0.6052 acc=0.4260
[ep 060] val_sel AUC=0.5793 acc=0.4017
[ep 061] val_sel AUC=0.6019 acc=0.4108
[ep 062] val_sel AUC=0.6051 acc=0.4281
[ep 063] val_sel AUC=0.6069 acc=0.4205
[ep 064] val_sel AUC=0.6183 acc=0.4348
[ep 065] val_sel AUC=0.6160 acc=0.4366
[ep 066] val_sel AUC=0.6290 acc=0.4229
[ep 067] val_sel AUC=0.6269 acc=0.4218
[ep 068] val_sel AUC=0.6398 acc=0.4433
[ep 069] val_sel AUC=0.6684 acc=0.4936
[ep 070] val_sel AUC=0.6727 acc=0.4831
[ep 071] val_sel AUC=0.6580 acc=0.4748
[ep 072] val_sel AUC=0.6604 acc=0.4708
[ep 073] val_sel AUC=0.6648 acc=0.4753
[ep 074] val_sel AUC=0.6905 acc=0.5082
[ep 075] val_sel AUC=0.6906 acc=0.5120
[ep 076] val_sel AUC=0.6943 acc=0.5252
[ep 077] val_sel AUC=0.6969 acc=0.5281
[ep 078] val_sel AUC=0.7021 acc=0.5290
[ep 079] val_sel AUC=0.7026 acc=0.5234
[ep 080] val_sel AUC=0.6925 acc=0.5209
[ep 081] val_sel AUC=0.7094 acc=0.5281
[ep 082] val_sel AUC=0.6949 acc=0.5115
[ep 083] val_sel AUC=0.7119 acc=0.5348
[ep 084] val_sel AUC=0.7066 acc=0.5256
[ep 085] val_sel AUC=0.7124 acc=0.5323
[ep 086] val_sel AUC=0.7109 acc=0.5279
[ep 087] val_sel AUC=0.7136 acc=0.5312
[ep 088] val_sel AUC=0.7131 acc=0.5335
[ep 089] val_sel AUC=0.7148 acc=0.5341
[ep 090] val_sel AUC=0.7154 acc=0.5346
[ep 091] val_sel AUC=0.7152 acc=0.5341
[ep 092] val_sel AUC=0.7152 acc=0.5346
[ep 093] val_sel AUC=0.7151 acc=0.5317
[ep 094] val_sel AUC=0.7152 acc=0.5321
[ep 095] val_sel AUC=0.7152 acc=0.5323
[ep 096] val_sel AUC=0.7153 acc=0.5321
============================================================
TEST (best val_sel epoch, held-out, evaluated once)
============================================================
[DONE-QPE2] embed=conv model_III N=100 seed=52 test_AUC=0.7132 val_sel_AUC=0.7154 per_class=(axion=0.7858 cdm=0.5752 no_sub=0.7786) params=207619 embed_params=4160 R_frob_drift=None
