[INFO] QPE2 D=64 P=8 depth=4 | embed=conv | data=model_II N/class=100 seed=53 split_seed=0 | params=207619 embed_params=4160 lr=0.001 epochs=96 bs=32 | train(300, 64, 64) val_sel(4455, 64, 64) test(4455, 64, 64) device=cuda
[ep 001] val_sel AUC=0.4727 acc=0.3473
[ep 002] val_sel AUC=0.4695 acc=0.3237
[ep 003] val_sel AUC=0.4728 acc=0.3473
[ep 004] val_sel AUC=0.4729 acc=0.3291
[ep 005] val_sel AUC=0.4751 acc=0.3237
[ep 006] val_sel AUC=0.4766 acc=0.3473
[ep 007] val_sel AUC=0.4781 acc=0.3473
[ep 008] val_sel AUC=0.4789 acc=0.3291
[ep 009] val_sel AUC=0.4811 acc=0.3237
[ep 010] val_sel AUC=0.4820 acc=0.3473
[ep 011] val_sel AUC=0.4830 acc=0.3291
[ep 012] val_sel AUC=0.4867 acc=0.3237
[ep 013] val_sel AUC=0.4866 acc=0.3473
[ep 014] val_sel AUC=0.4871 acc=0.3291
[ep 015] val_sel AUC=0.4887 acc=0.3473
[ep 016] val_sel AUC=0.4896 acc=0.3291
[ep 017] val_sel AUC=0.4897 acc=0.3291
[ep 018] val_sel AUC=0.4915 acc=0.3039
[ep 019] val_sel AUC=0.4935 acc=0.3473
[ep 020] val_sel AUC=0.4928 acc=0.3473
[ep 021] val_sel AUC=0.4929 acc=0.3291
[ep 022] val_sel AUC=0.4936 acc=0.3237
[ep 023] val_sel AUC=0.4944 acc=0.3237
[ep 024] val_sel AUC=0.4942 acc=0.3237
[ep 025] val_sel AUC=0.4944 acc=0.3237
[ep 026] val_sel AUC=0.4946 acc=0.3473
[ep 027] val_sel AUC=0.4948 acc=0.3473
[ep 028] val_sel AUC=0.4950 acc=0.3473
[ep 029] val_sel AUC=0.4949 acc=0.3473
[ep 030] val_sel AUC=0.4949 acc=0.3488
[ep 031] val_sel AUC=0.4949 acc=0.3363
[ep 032] val_sel AUC=0.4949 acc=0.3371
[ep 033] val_sel AUC=0.4973 acc=0.3473
[ep 034] val_sel AUC=0.4987 acc=0.3473
[ep 035] val_sel AUC=0.4991 acc=0.3291
[ep 036] val_sel AUC=0.5016 acc=0.3237
[ep 037] val_sel AUC=0.5040 acc=0.3291
[ep 038] val_sel AUC=0.5060 acc=0.3237
[ep 039] val_sel AUC=0.5100 acc=0.3473
[ep 040] val_sel AUC=0.5141 acc=0.3291
[ep 041] val_sel AUC=0.5142 acc=0.3237
[ep 042] val_sel AUC=0.5145 acc=0.3291
[ep 043] val_sel AUC=0.5107 acc=0.3300
[ep 044] val_sel AUC=0.5122 acc=0.3452
[ep 045] val_sel AUC=0.5180 acc=0.3327
[ep 046] val_sel AUC=0.5120 acc=0.3488
[ep 047] val_sel AUC=0.5208 acc=0.3237
[ep 048] val_sel AUC=0.5114 acc=0.3497
[ep 049] val_sel AUC=0.5164 acc=0.3398
[ep 050] val_sel AUC=0.5077 acc=0.3194
[ep 051] val_sel AUC=0.5159 acc=0.3556
[ep 052] val_sel AUC=0.5197 acc=0.3524
[ep 053] val_sel AUC=0.5095 acc=0.3320
[ep 054] val_sel AUC=0.5097 acc=0.3257
[ep 055] val_sel AUC=0.5152 acc=0.3419
[ep 056] val_sel AUC=0.5231 acc=0.3401
[ep 057] val_sel AUC=0.5251 acc=0.3574
[ep 058] val_sel AUC=0.5295 acc=0.3731
[ep 059] val_sel AUC=0.5291 acc=0.3481
[ep 060] val_sel AUC=0.5332 acc=0.3524
[ep 061] val_sel AUC=0.5467 acc=0.3481
[ep 062] val_sel AUC=0.5279 acc=0.3529
[ep 063] val_sel AUC=0.5452 acc=0.3526
[ep 064] val_sel AUC=0.5494 acc=0.3805
[ep 065] val_sel AUC=0.5632 acc=0.4018
[ep 066] val_sel AUC=0.5559 acc=0.3836
[ep 067] val_sel AUC=0.5755 acc=0.3908
[ep 068] val_sel AUC=0.5791 acc=0.3955
[ep 069] val_sel AUC=0.5854 acc=0.4092
[ep 070] val_sel AUC=0.5983 acc=0.4157
[ep 071] val_sel AUC=0.6103 acc=0.4123
[ep 072] val_sel AUC=0.6265 acc=0.4476
[ep 073] val_sel AUC=0.6383 acc=0.4631
[ep 074] val_sel AUC=0.6338 acc=0.4503
[ep 075] val_sel AUC=0.6560 acc=0.4680
[ep 076] val_sel AUC=0.6708 acc=0.4698
[ep 077] val_sel AUC=0.6700 acc=0.4745
[ep 078] val_sel AUC=0.6651 acc=0.4817
[ep 079] val_sel AUC=0.6799 acc=0.5131
[ep 080] val_sel AUC=0.7038 acc=0.5111
[ep 081] val_sel AUC=0.6916 acc=0.4786
[ep 082] val_sel AUC=0.7101 acc=0.5329
[ep 083] val_sel AUC=0.7144 acc=0.5441
[ep 084] val_sel AUC=0.7151 acc=0.5468
[ep 085] val_sel AUC=0.7264 acc=0.5618
[ep 086] val_sel AUC=0.7323 acc=0.5565
[ep 087] val_sel AUC=0.7314 acc=0.5587
[ep 088] val_sel AUC=0.7300 acc=0.5607
[ep 089] val_sel AUC=0.7356 acc=0.5621
[ep 090] val_sel AUC=0.7390 acc=0.5771
[ep 091] val_sel AUC=0.7397 acc=0.5746
[ep 092] val_sel AUC=0.7383 acc=0.5717
[ep 093] val_sel AUC=0.7389 acc=0.5737
[ep 094] val_sel AUC=0.7390 acc=0.5755
[ep 095] val_sel AUC=0.7390 acc=0.5735
[ep 096] val_sel AUC=0.7390 acc=0.5735
============================================================
TEST (best val_sel epoch, held-out, evaluated once)
============================================================
[DONE-QPE2] embed=conv model_II N=100 seed=53 test_AUC=0.7367 val_sel_AUC=0.7397 per_class=(axion=0.8217 cdm=0.5996 no_sub=0.7890) params=207619 embed_params=4160 R_frob_drift=None
