[INFO] QPE2 D=64 P=8 depth=4 | embed=conv | data=model_III N/class=100 seed=44 split_seed=0 | params=207619 embed_params=4160 lr=0.001 epochs=96 bs=32 | train(300, 64, 64) val_sel(4469, 64, 64) test(4470, 64, 64) device=cuda
[ep 001] val_sel AUC=0.5164 acc=0.3433
[ep 002] val_sel AUC=0.5105 acc=0.3285
[ep 003] val_sel AUC=0.5191 acc=0.3433
[ep 004] val_sel AUC=0.5234 acc=0.3283
[ep 005] val_sel AUC=0.5245 acc=0.3285
[ep 006] val_sel AUC=0.5253 acc=0.3433
[ep 007] val_sel AUC=0.5276 acc=0.3283
[ep 008] val_sel AUC=0.5273 acc=0.3433
[ep 009] val_sel AUC=0.5273 acc=0.3285
[ep 010] val_sel AUC=0.5263 acc=0.3446
[ep 011] val_sel AUC=0.5240 acc=0.3285
[ep 012] val_sel AUC=0.5223 acc=0.3616
[ep 013] val_sel AUC=0.5235 acc=0.3401
[ep 014] val_sel AUC=0.5266 acc=0.3527
[ep 015] val_sel AUC=0.5301 acc=0.3439
[ep 016] val_sel AUC=0.5301 acc=0.3527
[ep 017] val_sel AUC=0.5359 acc=0.3679
[ep 018] val_sel AUC=0.5366 acc=0.3663
[ep 019] val_sel AUC=0.5297 acc=0.3650
[ep 020] val_sel AUC=0.5521 acc=0.3891
[ep 021] val_sel AUC=0.5614 acc=0.3893
[ep 022] val_sel AUC=0.5485 acc=0.3887
[ep 023] val_sel AUC=0.5663 acc=0.3943
[ep 024] val_sel AUC=0.5645 acc=0.3974
[ep 025] val_sel AUC=0.5656 acc=0.3983
[ep 026] val_sel AUC=0.5690 acc=0.4005
[ep 027] val_sel AUC=0.5656 acc=0.3967
[ep 028] val_sel AUC=0.5707 acc=0.3999
[ep 029] val_sel AUC=0.5710 acc=0.4005
[ep 030] val_sel AUC=0.5707 acc=0.4017
[ep 031] val_sel AUC=0.5711 acc=0.4003
[ep 032] val_sel AUC=0.5710 acc=0.4003
[ep 033] val_sel AUC=0.5503 acc=0.3739
[ep 034] val_sel AUC=0.5493 acc=0.3638
[ep 035] val_sel AUC=0.5511 acc=0.3688
[ep 036] val_sel AUC=0.5575 acc=0.3768
[ep 037] val_sel AUC=0.5522 acc=0.3699
[ep 038] val_sel AUC=0.5780 acc=0.3853
[ep 039] val_sel AUC=0.5793 acc=0.4008
[ep 040] val_sel AUC=0.5860 acc=0.4104
[ep 041] val_sel AUC=0.5940 acc=0.3923
[ep 042] val_sel AUC=0.5694 acc=0.3800
[ep 043] val_sel AUC=0.5786 acc=0.4039
[ep 044] val_sel AUC=0.5791 acc=0.3936
[ep 045] val_sel AUC=0.6023 acc=0.4209
[ep 046] val_sel AUC=0.6082 acc=0.4175
[ep 047] val_sel AUC=0.5967 acc=0.4111
[ep 048] val_sel AUC=0.6162 acc=0.4258
[ep 049] val_sel AUC=0.6146 acc=0.4377
[ep 050] val_sel AUC=0.6064 acc=0.4205
[ep 051] val_sel AUC=0.6151 acc=0.4325
[ep 052] val_sel AUC=0.5982 acc=0.4135
[ep 053] val_sel AUC=0.5857 acc=0.3683
[ep 054] val_sel AUC=0.6014 acc=0.4119
[ep 055] val_sel AUC=0.6126 acc=0.4265
[ep 056] val_sel AUC=0.6240 acc=0.4446
[ep 057] val_sel AUC=0.6189 acc=0.4428
[ep 058] val_sel AUC=0.6304 acc=0.4473
[ep 059] val_sel AUC=0.6348 acc=0.4451
[ep 060] val_sel AUC=0.6140 acc=0.4245
[ep 061] val_sel AUC=0.6319 acc=0.4363
[ep 062] val_sel AUC=0.5913 acc=0.3999
[ep 063] val_sel AUC=0.6400 acc=0.4482
[ep 064] val_sel AUC=0.6446 acc=0.4659
[ep 065] val_sel AUC=0.6412 acc=0.4614
[ep 066] val_sel AUC=0.6488 acc=0.4547
[ep 067] val_sel AUC=0.6513 acc=0.4621
[ep 068] val_sel AUC=0.6466 acc=0.4464
[ep 069] val_sel AUC=0.6674 acc=0.4800
[ep 070] val_sel AUC=0.6586 acc=0.4668
[ep 071] val_sel AUC=0.6630 acc=0.4777
[ep 072] val_sel AUC=0.6590 acc=0.4748
[ep 073] val_sel AUC=0.6598 acc=0.4836
[ep 074] val_sel AUC=0.6674 acc=0.4862
[ep 075] val_sel AUC=0.6493 acc=0.4708
[ep 076] val_sel AUC=0.6623 acc=0.4815
[ep 077] val_sel AUC=0.6679 acc=0.4782
[ep 078] val_sel AUC=0.6663 acc=0.4827
[ep 079] val_sel AUC=0.6717 acc=0.4862
[ep 080] val_sel AUC=0.6707 acc=0.4876
[ep 081] val_sel AUC=0.6728 acc=0.4856
[ep 082] val_sel AUC=0.6718 acc=0.4923
[ep 083] val_sel AUC=0.6720 acc=0.4894
[ep 084] val_sel AUC=0.6759 acc=0.4970
[ep 085] val_sel AUC=0.6747 acc=0.4909
[ep 086] val_sel AUC=0.6744 acc=0.4905
[ep 087] val_sel AUC=0.6743 acc=0.4912
[ep 088] val_sel AUC=0.6757 acc=0.4943
[ep 089] val_sel AUC=0.6766 acc=0.4947
[ep 090] val_sel AUC=0.6766 acc=0.4943
[ep 091] val_sel AUC=0.6761 acc=0.4954
[ep 092] val_sel AUC=0.6759 acc=0.4947
[ep 093] val_sel AUC=0.6760 acc=0.4936
[ep 094] val_sel AUC=0.6760 acc=0.4938
[ep 095] val_sel AUC=0.6760 acc=0.4938
[ep 096] val_sel AUC=0.6760 acc=0.4936
============================================================
TEST (best val_sel epoch, held-out, evaluated once)
============================================================
[DONE-QPE2] embed=conv model_III N=100 seed=44 test_AUC=0.6747 val_sel_AUC=0.6766 per_class=(axion=0.7462 cdm=0.5587 no_sub=0.7192) params=207619 embed_params=4160 R_frob_drift=None
