[INFO] QPE2 D=64 P=8 depth=4 | embed=conv | data=model_III N/class=100 seed=55 split_seed=0 | params=207619 embed_params=4160 lr=0.001 epochs=96 bs=32 | train(300, 64, 64) val_sel(4469, 64, 64) test(4470, 64, 64) device=cuda
[ep 001] val_sel AUC=0.4730 acc=0.3285
[ep 002] val_sel AUC=0.4727 acc=0.3433
[ep 003] val_sel AUC=0.4755 acc=0.3283
[ep 004] val_sel AUC=0.4761 acc=0.3285
[ep 005] val_sel AUC=0.4774 acc=0.3251
[ep 006] val_sel AUC=0.4785 acc=0.3283
[ep 007] val_sel AUC=0.4793 acc=0.3285
[ep 008] val_sel AUC=0.4803 acc=0.3433
[ep 009] val_sel AUC=0.4808 acc=0.3283
[ep 010] val_sel AUC=0.4813 acc=0.3283
[ep 011] val_sel AUC=0.4820 acc=0.3433
[ep 012] val_sel AUC=0.4823 acc=0.3285
[ep 013] val_sel AUC=0.4832 acc=0.3433
[ep 014] val_sel AUC=0.4829 acc=0.3283
[ep 015] val_sel AUC=0.4843 acc=0.3433
[ep 016] val_sel AUC=0.4837 acc=0.3285
[ep 017] val_sel AUC=0.4840 acc=0.3433
[ep 018] val_sel AUC=0.4846 acc=0.3433
[ep 019] val_sel AUC=0.4842 acc=0.3285
[ep 020] val_sel AUC=0.4846 acc=0.3433
[ep 021] val_sel AUC=0.4837 acc=0.3283
[ep 022] val_sel AUC=0.4849 acc=0.3283
[ep 023] val_sel AUC=0.4851 acc=0.3332
[ep 024] val_sel AUC=0.4855 acc=0.3446
[ep 025] val_sel AUC=0.4861 acc=0.3433
[ep 026] val_sel AUC=0.4860 acc=0.3285
[ep 027] val_sel AUC=0.4857 acc=0.3285
[ep 028] val_sel AUC=0.4857 acc=0.3285
[ep 029] val_sel AUC=0.4856 acc=0.3341
[ep 030] val_sel AUC=0.4854 acc=0.3321
[ep 031] val_sel AUC=0.4855 acc=0.3336
[ep 032] val_sel AUC=0.4855 acc=0.3339
[ep 033] val_sel AUC=0.4864 acc=0.3464
[ep 034] val_sel AUC=0.4822 acc=0.3283
[ep 035] val_sel AUC=0.4929 acc=0.3307
[ep 036] val_sel AUC=0.4991 acc=0.3202
[ep 037] val_sel AUC=0.5004 acc=0.3433
[ep 038] val_sel AUC=0.5030 acc=0.3285
[ep 039] val_sel AUC=0.5030 acc=0.3283
[ep 040] val_sel AUC=0.5031 acc=0.3359
[ep 041] val_sel AUC=0.5005 acc=0.3408
[ep 042] val_sel AUC=0.4968 acc=0.3377
[ep 043] val_sel AUC=0.4923 acc=0.3363
[ep 044] val_sel AUC=0.5011 acc=0.3415
[ep 045] val_sel AUC=0.5204 acc=0.3544
[ep 046] val_sel AUC=0.5201 acc=0.3569
[ep 047] val_sel AUC=0.5347 acc=0.3596
[ep 048] val_sel AUC=0.5266 acc=0.3609
[ep 049] val_sel AUC=0.5100 acc=0.3383
[ep 050] val_sel AUC=0.5144 acc=0.3488
[ep 051] val_sel AUC=0.5176 acc=0.3560
[ep 052] val_sel AUC=0.5265 acc=0.3574
[ep 053] val_sel AUC=0.5377 acc=0.3598
[ep 054] val_sel AUC=0.5466 acc=0.3735
[ep 055] val_sel AUC=0.5541 acc=0.3703
[ep 056] val_sel AUC=0.5559 acc=0.3770
[ep 057] val_sel AUC=0.5662 acc=0.3927
[ep 058] val_sel AUC=0.5543 acc=0.3824
[ep 059] val_sel AUC=0.5606 acc=0.3791
[ep 060] val_sel AUC=0.5735 acc=0.3806
[ep 061] val_sel AUC=0.5796 acc=0.4059
[ep 062] val_sel AUC=0.5837 acc=0.3979
[ep 063] val_sel AUC=0.5786 acc=0.4034
[ep 064] val_sel AUC=0.5808 acc=0.3838
[ep 065] val_sel AUC=0.6000 acc=0.4140
[ep 066] val_sel AUC=0.5980 acc=0.4001
[ep 067] val_sel AUC=0.5839 acc=0.3996
[ep 068] val_sel AUC=0.5947 acc=0.4066
[ep 069] val_sel AUC=0.6055 acc=0.4113
[ep 070] val_sel AUC=0.6156 acc=0.4370
[ep 071] val_sel AUC=0.6157 acc=0.4321
[ep 072] val_sel AUC=0.6258 acc=0.4408
[ep 073] val_sel AUC=0.6280 acc=0.4473
[ep 074] val_sel AUC=0.6235 acc=0.4565
[ep 075] val_sel AUC=0.6401 acc=0.4585
[ep 076] val_sel AUC=0.6363 acc=0.4556
[ep 077] val_sel AUC=0.6389 acc=0.4560
[ep 078] val_sel AUC=0.6400 acc=0.4695
[ep 079] val_sel AUC=0.6412 acc=0.4623
[ep 080] val_sel AUC=0.6408 acc=0.4695
[ep 081] val_sel AUC=0.6479 acc=0.4708
[ep 082] val_sel AUC=0.6500 acc=0.4753
[ep 083] val_sel AUC=0.6509 acc=0.4842
[ep 084] val_sel AUC=0.6521 acc=0.4844
[ep 085] val_sel AUC=0.6550 acc=0.4871
[ep 086] val_sel AUC=0.6552 acc=0.4831
[ep 087] val_sel AUC=0.6562 acc=0.4887
[ep 088] val_sel AUC=0.6577 acc=0.4909
[ep 089] val_sel AUC=0.6551 acc=0.4912
[ep 090] val_sel AUC=0.6586 acc=0.4927
[ep 091] val_sel AUC=0.6580 acc=0.4916
[ep 092] val_sel AUC=0.6572 acc=0.4885
[ep 093] val_sel AUC=0.6571 acc=0.4912
[ep 094] val_sel AUC=0.6581 acc=0.4930
[ep 095] val_sel AUC=0.6581 acc=0.4925
[ep 096] val_sel AUC=0.6580 acc=0.4925
============================================================
TEST (best val_sel epoch, held-out, evaluated once)
============================================================
[DONE-QPE2] embed=conv model_III N=100 seed=55 test_AUC=0.6482 val_sel_AUC=0.6586 per_class=(axion=0.7110 cdm=0.5491 no_sub=0.6846) params=207619 embed_params=4160 R_frob_drift=None
