[INFO] QPE2 D=64 P=8 depth=4 | embed=conv | data=model_III N/class=250 seed=54 split_seed=0 | params=207619 embed_params=4160 lr=0.001 epochs=96 bs=32 | train(750, 64, 64) val_sel(4469, 64, 64) test(4470, 64, 64) device=cuda
[ep 001] val_sel AUC=0.5341 acc=0.3283
[ep 002] val_sel AUC=0.5181 acc=0.3283
[ep 003] val_sel AUC=0.5273 acc=0.3283
[ep 004] val_sel AUC=0.5222 acc=0.3283
[ep 005] val_sel AUC=0.5198 acc=0.3287
[ep 006] val_sel AUC=0.5180 acc=0.3285
[ep 007] val_sel AUC=0.5198 acc=0.3323
[ep 008] val_sel AUC=0.5493 acc=0.3283
[ep 009] val_sel AUC=0.5584 acc=0.3283
[ep 010] val_sel AUC=0.5529 acc=0.3433
[ep 011] val_sel AUC=0.5439 acc=0.3285
[ep 012] val_sel AUC=0.5446 acc=0.3433
[ep 013] val_sel AUC=0.5386 acc=0.3285
[ep 014] val_sel AUC=0.5389 acc=0.3283
[ep 015] val_sel AUC=0.5329 acc=0.3433
[ep 016] val_sel AUC=0.5384 acc=0.3495
[ep 017] val_sel AUC=0.5359 acc=0.3457
[ep 018] val_sel AUC=0.5337 acc=0.3665
[ep 019] val_sel AUC=0.5386 acc=0.3475
[ep 020] val_sel AUC=0.5483 acc=0.3641
[ep 021] val_sel AUC=0.5612 acc=0.3761
[ep 022] val_sel AUC=0.5773 acc=0.4028
[ep 023] val_sel AUC=0.6020 acc=0.4240
[ep 024] val_sel AUC=0.6290 acc=0.4473
[ep 025] val_sel AUC=0.6257 acc=0.4569
[ep 026] val_sel AUC=0.6475 acc=0.4574
[ep 027] val_sel AUC=0.6657 acc=0.4697
[ep 028] val_sel AUC=0.6722 acc=0.4871
[ep 029] val_sel AUC=0.6786 acc=0.4952
[ep 030] val_sel AUC=0.6820 acc=0.4959
[ep 031] val_sel AUC=0.6831 acc=0.4990
[ep 032] val_sel AUC=0.6837 acc=0.4974
[ep 033] val_sel AUC=0.6188 acc=0.4057
[ep 034] val_sel AUC=0.6298 acc=0.4489
[ep 035] val_sel AUC=0.6762 acc=0.4903
[ep 036] val_sel AUC=0.6688 acc=0.4797
[ep 037] val_sel AUC=0.6832 acc=0.4965
[ep 038] val_sel AUC=0.7042 acc=0.5059
[ep 039] val_sel AUC=0.7217 acc=0.4979
[ep 040] val_sel AUC=0.7213 acc=0.5126
[ep 041] val_sel AUC=0.6187 acc=0.3864
[ep 042] val_sel AUC=0.6659 acc=0.4616
[ep 043] val_sel AUC=0.7287 acc=0.5386
[ep 044] val_sel AUC=0.7664 acc=0.5849
[ep 045] val_sel AUC=0.7107 acc=0.5133
[ep 046] val_sel AUC=0.7556 acc=0.5787
[ep 047] val_sel AUC=0.7888 acc=0.6039
[ep 048] val_sel AUC=0.7893 acc=0.6037
[ep 049] val_sel AUC=0.7922 acc=0.6044
[ep 050] val_sel AUC=0.7835 acc=0.5697
[ep 051] val_sel AUC=0.7937 acc=0.6131
[ep 052] val_sel AUC=0.7953 acc=0.6030
[ep 053] val_sel AUC=0.8085 acc=0.6301
[ep 054] val_sel AUC=0.8065 acc=0.6362
[ep 055] val_sel AUC=0.7898 acc=0.5943
[ep 056] val_sel AUC=0.8231 acc=0.6500
[ep 057] val_sel AUC=0.8104 acc=0.6366
[ep 058] val_sel AUC=0.8056 acc=0.6286
[ep 059] val_sel AUC=0.8080 acc=0.6254
[ep 060] val_sel AUC=0.8230 acc=0.6527
[ep 061] val_sel AUC=0.8278 acc=0.6606
[ep 062] val_sel AUC=0.8341 acc=0.6652
[ep 063] val_sel AUC=0.8383 acc=0.6677
[ep 064] val_sel AUC=0.8134 acc=0.6160
[ep 065] val_sel AUC=0.8326 acc=0.6543
[ep 066] val_sel AUC=0.8304 acc=0.6518
[ep 067] val_sel AUC=0.8209 acc=0.6303
[ep 068] val_sel AUC=0.8301 acc=0.6297
[ep 069] val_sel AUC=0.8264 acc=0.6480
[ep 070] val_sel AUC=0.8394 acc=0.6688
[ep 071] val_sel AUC=0.8440 acc=0.6742
[ep 072] val_sel AUC=0.8495 acc=0.6856
[ep 073] val_sel AUC=0.8222 acc=0.6348
[ep 074] val_sel AUC=0.8366 acc=0.6686
[ep 075] val_sel AUC=0.8538 acc=0.6990
[ep 076] val_sel AUC=0.8503 acc=0.6899
[ep 077] val_sel AUC=0.8471 acc=0.6914
[ep 078] val_sel AUC=0.8560 acc=0.6946
[ep 079] val_sel AUC=0.8463 acc=0.6876
[ep 080] val_sel AUC=0.8489 acc=0.7040
[ep 081] val_sel AUC=0.8496 acc=0.6979
[ep 082] val_sel AUC=0.8620 acc=0.7051
[ep 083] val_sel AUC=0.8591 acc=0.7066
[ep 084] val_sel AUC=0.8596 acc=0.7053
[ep 085] val_sel AUC=0.8577 acc=0.7194
[ep 086] val_sel AUC=0.8575 acc=0.7176
[ep 087] val_sel AUC=0.8583 acc=0.7181
[ep 088] val_sel AUC=0.8599 acc=0.7196
[ep 089] val_sel AUC=0.8581 acc=0.7230
[ep 090] val_sel AUC=0.8588 acc=0.7187
[ep 091] val_sel AUC=0.8580 acc=0.7192
[ep 092] val_sel AUC=0.8586 acc=0.7234
[ep 093] val_sel AUC=0.8582 acc=0.7214
[ep 094] val_sel AUC=0.8587 acc=0.7243
[ep 095] val_sel AUC=0.8588 acc=0.7243
[ep 096] val_sel AUC=0.8588 acc=0.7237
============================================================
TEST (best val_sel epoch, held-out, evaluated once)
============================================================
[DONE-QPE2] embed=conv model_III N=250 seed=54 test_AUC=0.8625 val_sel_AUC=0.8620 per_class=(axion=0.9133 cdm=0.7599 no_sub=0.9145) params=207619 embed_params=4160 R_frob_drift=None
