[INFO] QPE2 D=64 P=8 depth=4 | embed=conv | data=model_III N/class=100 seed=45 split_seed=0 | params=207619 embed_params=4160 lr=0.001 epochs=96 bs=32 | train(300, 64, 64) val_sel(4469, 64, 64) test(4470, 64, 64) device=cuda
[ep 001] val_sel AUC=0.5211 acc=0.3285
[ep 002] val_sel AUC=0.5209 acc=0.3283
[ep 003] val_sel AUC=0.5223 acc=0.3285
[ep 004] val_sel AUC=0.5231 acc=0.3433
[ep 005] val_sel AUC=0.5236 acc=0.3285
[ep 006] val_sel AUC=0.5250 acc=0.3283
[ep 007] val_sel AUC=0.5255 acc=0.3433
[ep 008] val_sel AUC=0.5259 acc=0.3283
[ep 009] val_sel AUC=0.5266 acc=0.3285
[ep 010] val_sel AUC=0.5267 acc=0.3283
[ep 011] val_sel AUC=0.5263 acc=0.3433
[ep 012] val_sel AUC=0.5279 acc=0.3283
[ep 013] val_sel AUC=0.5277 acc=0.3433
[ep 014] val_sel AUC=0.5280 acc=0.3283
[ep 015] val_sel AUC=0.5273 acc=0.3283
[ep 016] val_sel AUC=0.5261 acc=0.3433
[ep 017] val_sel AUC=0.5257 acc=0.3582
[ep 018] val_sel AUC=0.5249 acc=0.3285
[ep 019] val_sel AUC=0.5258 acc=0.3433
[ep 020] val_sel AUC=0.5264 acc=0.3285
[ep 021] val_sel AUC=0.5277 acc=0.3283
[ep 022] val_sel AUC=0.5283 acc=0.3359
[ep 023] val_sel AUC=0.5290 acc=0.3544
[ep 024] val_sel AUC=0.5294 acc=0.3285
[ep 025] val_sel AUC=0.5298 acc=0.3527
[ep 026] val_sel AUC=0.5299 acc=0.3558
[ep 027] val_sel AUC=0.5300 acc=0.3283
[ep 028] val_sel AUC=0.5301 acc=0.3533
[ep 029] val_sel AUC=0.5301 acc=0.3544
[ep 030] val_sel AUC=0.5301 acc=0.3620
[ep 031] val_sel AUC=0.5301 acc=0.3574
[ep 032] val_sel AUC=0.5301 acc=0.3587
[ep 033] val_sel AUC=0.5317 acc=0.3368
[ep 034] val_sel AUC=0.5236 acc=0.3582
[ep 035] val_sel AUC=0.5372 acc=0.3594
[ep 036] val_sel AUC=0.5341 acc=0.3605
[ep 037] val_sel AUC=0.5378 acc=0.3497
[ep 038] val_sel AUC=0.5359 acc=0.3547
[ep 039] val_sel AUC=0.5325 acc=0.3529
[ep 040] val_sel AUC=0.5306 acc=0.3603
[ep 041] val_sel AUC=0.5456 acc=0.3672
[ep 042] val_sel AUC=0.5325 acc=0.3598
[ep 043] val_sel AUC=0.5391 acc=0.3656
[ep 044] val_sel AUC=0.5465 acc=0.3632
[ep 045] val_sel AUC=0.5472 acc=0.3632
[ep 046] val_sel AUC=0.5493 acc=0.3750
[ep 047] val_sel AUC=0.5536 acc=0.3732
[ep 048] val_sel AUC=0.5635 acc=0.3840
[ep 049] val_sel AUC=0.5718 acc=0.3808
[ep 050] val_sel AUC=0.5709 acc=0.3994
[ep 051] val_sel AUC=0.5689 acc=0.3956
[ep 052] val_sel AUC=0.5700 acc=0.3990
[ep 053] val_sel AUC=0.5746 acc=0.4019
[ep 054] val_sel AUC=0.5800 acc=0.4106
[ep 055] val_sel AUC=0.5943 acc=0.4283
[ep 056] val_sel AUC=0.6069 acc=0.4037
[ep 057] val_sel AUC=0.6000 acc=0.3936
[ep 058] val_sel AUC=0.6130 acc=0.4287
[ep 059] val_sel AUC=0.6179 acc=0.4354
[ep 060] val_sel AUC=0.6329 acc=0.4542
[ep 061] val_sel AUC=0.6463 acc=0.4585
[ep 062] val_sel AUC=0.6218 acc=0.4348
[ep 063] val_sel AUC=0.6322 acc=0.4556
[ep 064] val_sel AUC=0.6408 acc=0.4587
[ep 065] val_sel AUC=0.6469 acc=0.4433
[ep 066] val_sel AUC=0.6545 acc=0.4681
[ep 067] val_sel AUC=0.6534 acc=0.4601
[ep 068] val_sel AUC=0.6555 acc=0.4795
[ep 069] val_sel AUC=0.6620 acc=0.4701
[ep 070] val_sel AUC=0.6649 acc=0.4786
[ep 071] val_sel AUC=0.6608 acc=0.4748
[ep 072] val_sel AUC=0.6732 acc=0.4900
[ep 073] val_sel AUC=0.6802 acc=0.4994
[ep 074] val_sel AUC=0.6775 acc=0.4932
[ep 075] val_sel AUC=0.6803 acc=0.4965
[ep 076] val_sel AUC=0.6765 acc=0.4981
[ep 077] val_sel AUC=0.6728 acc=0.4981
[ep 078] val_sel AUC=0.6802 acc=0.4988
[ep 079] val_sel AUC=0.6697 acc=0.4840
[ep 080] val_sel AUC=0.6673 acc=0.4947
[ep 081] val_sel AUC=0.6702 acc=0.4945
[ep 082] val_sel AUC=0.6764 acc=0.5008
[ep 083] val_sel AUC=0.6779 acc=0.4956
[ep 084] val_sel AUC=0.6834 acc=0.5059
[ep 085] val_sel AUC=0.6829 acc=0.5037
[ep 086] val_sel AUC=0.6829 acc=0.5026
[ep 087] val_sel AUC=0.6830 acc=0.5006
[ep 088] val_sel AUC=0.6836 acc=0.5070
[ep 089] val_sel AUC=0.6828 acc=0.5115
[ep 090] val_sel AUC=0.6838 acc=0.5140
[ep 091] val_sel AUC=0.6840 acc=0.5073
[ep 092] val_sel AUC=0.6843 acc=0.5109
[ep 093] val_sel AUC=0.6845 acc=0.5109
[ep 094] val_sel AUC=0.6846 acc=0.5129
[ep 095] val_sel AUC=0.6846 acc=0.5131
[ep 096] val_sel AUC=0.6847 acc=0.5135
============================================================
TEST (best val_sel epoch, held-out, evaluated once)
============================================================
[DONE-QPE2] embed=conv model_III N=100 seed=45 test_AUC=0.6637 val_sel_AUC=0.6847 per_class=(axion=0.7345 cdm=0.5474 no_sub=0.7092) params=207619 embed_params=4160 R_frob_drift=None
