[INFO] QPE2 D=64 P=8 depth=4 | embed=conv | data=model_III N/class=100 seed=50 split_seed=0 | params=207619 embed_params=4160 lr=0.001 epochs=96 bs=32 | train(300, 64, 64) val_sel(4469, 64, 64) test(4470, 64, 64) device=cuda
[ep 001] val_sel AUC=0.5043 acc=0.3285
[ep 002] val_sel AUC=0.5122 acc=0.3283
[ep 003] val_sel AUC=0.5163 acc=0.3433
[ep 004] val_sel AUC=0.5233 acc=0.3285
[ep 005] val_sel AUC=0.5209 acc=0.3433
[ep 006] val_sel AUC=0.5225 acc=0.3283
[ep 007] val_sel AUC=0.5200 acc=0.3285
[ep 008] val_sel AUC=0.5202 acc=0.3283
[ep 009] val_sel AUC=0.5208 acc=0.3285
[ep 010] val_sel AUC=0.5199 acc=0.3283
[ep 011] val_sel AUC=0.5181 acc=0.3285
[ep 012] val_sel AUC=0.5205 acc=0.3283
[ep 013] val_sel AUC=0.5188 acc=0.3433
[ep 014] val_sel AUC=0.5196 acc=0.3283
[ep 015] val_sel AUC=0.5200 acc=0.3285
[ep 016] val_sel AUC=0.5196 acc=0.3283
[ep 017] val_sel AUC=0.5192 acc=0.3433
[ep 018] val_sel AUC=0.5201 acc=0.3283
[ep 019] val_sel AUC=0.5202 acc=0.3283
[ep 020] val_sel AUC=0.5203 acc=0.3332
[ep 021] val_sel AUC=0.5205 acc=0.3285
[ep 022] val_sel AUC=0.5207 acc=0.3285
[ep 023] val_sel AUC=0.5207 acc=0.3433
[ep 024] val_sel AUC=0.5208 acc=0.3419
[ep 025] val_sel AUC=0.5203 acc=0.3426
[ep 026] val_sel AUC=0.5198 acc=0.3365
[ep 027] val_sel AUC=0.5194 acc=0.3433
[ep 028] val_sel AUC=0.5191 acc=0.3433
[ep 029] val_sel AUC=0.5190 acc=0.3437
[ep 030] val_sel AUC=0.5189 acc=0.3482
[ep 031] val_sel AUC=0.5189 acc=0.3410
[ep 032] val_sel AUC=0.5189 acc=0.3410
[ep 033] val_sel AUC=0.5117 acc=0.3480
[ep 034] val_sel AUC=0.5079 acc=0.3386
[ep 035] val_sel AUC=0.5056 acc=0.3433
[ep 036] val_sel AUC=0.5095 acc=0.3403
[ep 037] val_sel AUC=0.5061 acc=0.3450
[ep 038] val_sel AUC=0.4872 acc=0.3099
[ep 039] val_sel AUC=0.4970 acc=0.3265
[ep 040] val_sel AUC=0.5023 acc=0.3388
[ep 041] val_sel AUC=0.5027 acc=0.3336
[ep 042] val_sel AUC=0.5090 acc=0.3392
[ep 043] val_sel AUC=0.5192 acc=0.3379
[ep 044] val_sel AUC=0.5119 acc=0.3318
[ep 045] val_sel AUC=0.5126 acc=0.3354
[ep 046] val_sel AUC=0.5102 acc=0.3236
[ep 047] val_sel AUC=0.5126 acc=0.3406
[ep 048] val_sel AUC=0.5261 acc=0.3468
[ep 049] val_sel AUC=0.5192 acc=0.3410
[ep 050] val_sel AUC=0.5243 acc=0.3410
[ep 051] val_sel AUC=0.5355 acc=0.3535
[ep 052] val_sel AUC=0.5137 acc=0.3348
[ep 053] val_sel AUC=0.5415 acc=0.3500
[ep 054] val_sel AUC=0.5356 acc=0.3533
[ep 055] val_sel AUC=0.5376 acc=0.3549
[ep 056] val_sel AUC=0.5563 acc=0.3645
[ep 057] val_sel AUC=0.5380 acc=0.3551
[ep 058] val_sel AUC=0.5579 acc=0.3652
[ep 059] val_sel AUC=0.5516 acc=0.3652
[ep 060] val_sel AUC=0.5463 acc=0.3634
[ep 061] val_sel AUC=0.5570 acc=0.3708
[ep 062] val_sel AUC=0.5617 acc=0.3775
[ep 063] val_sel AUC=0.5519 acc=0.3661
[ep 064] val_sel AUC=0.5687 acc=0.3833
[ep 065] val_sel AUC=0.5503 acc=0.3697
[ep 066] val_sel AUC=0.5534 acc=0.3692
[ep 067] val_sel AUC=0.5591 acc=0.3766
[ep 068] val_sel AUC=0.5697 acc=0.3829
[ep 069] val_sel AUC=0.5642 acc=0.3864
[ep 070] val_sel AUC=0.5751 acc=0.3853
[ep 071] val_sel AUC=0.5695 acc=0.3864
[ep 072] val_sel AUC=0.5728 acc=0.3822
[ep 073] val_sel AUC=0.5811 acc=0.4113
[ep 074] val_sel AUC=0.5716 acc=0.3889
[ep 075] val_sel AUC=0.5838 acc=0.4144
[ep 076] val_sel AUC=0.5869 acc=0.4202
[ep 077] val_sel AUC=0.5817 acc=0.3992
[ep 078] val_sel AUC=0.5911 acc=0.4240
[ep 079] val_sel AUC=0.5804 acc=0.3996
[ep 080] val_sel AUC=0.5907 acc=0.4243
[ep 081] val_sel AUC=0.5894 acc=0.4117
[ep 082] val_sel AUC=0.5951 acc=0.4290
[ep 083] val_sel AUC=0.5965 acc=0.4357
[ep 084] val_sel AUC=0.5956 acc=0.4312
[ep 085] val_sel AUC=0.5969 acc=0.4354
[ep 086] val_sel AUC=0.5976 acc=0.4316
[ep 087] val_sel AUC=0.5964 acc=0.4339
[ep 088] val_sel AUC=0.5994 acc=0.4372
[ep 089] val_sel AUC=0.5989 acc=0.4350
[ep 090] val_sel AUC=0.5986 acc=0.4354
[ep 091] val_sel AUC=0.5977 acc=0.4354
[ep 092] val_sel AUC=0.5976 acc=0.4366
[ep 093] val_sel AUC=0.5977 acc=0.4375
[ep 094] val_sel AUC=0.5977 acc=0.4377
[ep 095] val_sel AUC=0.5978 acc=0.4372
[ep 096] val_sel AUC=0.5978 acc=0.4375
============================================================
TEST (best val_sel epoch, held-out, evaluated once)
============================================================
[DONE-QPE2] embed=conv model_III N=100 seed=50 test_AUC=0.5992 val_sel_AUC=0.5994 per_class=(axion=0.6355 cdm=0.5077 no_sub=0.6543) params=207619 embed_params=4160 R_frob_drift=None
