[INFO] QPE2 D=64 P=8 depth=4 | embed=conv | data=model_II N/class=100 seed=58 split_seed=0 | params=207619 embed_params=4160 lr=0.001 epochs=96 bs=32 | train(300, 64, 64) val_sel(4455, 64, 64) test(4455, 64, 64) device=cuda
[ep 001] val_sel AUC=0.5137 acc=0.3237
[ep 002] val_sel AUC=0.5115 acc=0.3291
[ep 003] val_sel AUC=0.5127 acc=0.3473
[ep 004] val_sel AUC=0.5132 acc=0.3473
[ep 005] val_sel AUC=0.5156 acc=0.3291
[ep 006] val_sel AUC=0.5163 acc=0.3495
[ep 007] val_sel AUC=0.5158 acc=0.3473
[ep 008] val_sel AUC=0.5184 acc=0.3291
[ep 009] val_sel AUC=0.5174 acc=0.3237
[ep 010] val_sel AUC=0.5166 acc=0.3473
[ep 011] val_sel AUC=0.5139 acc=0.3291
[ep 012] val_sel AUC=0.5114 acc=0.3473
[ep 013] val_sel AUC=0.5054 acc=0.3237
[ep 014] val_sel AUC=0.5135 acc=0.3291
[ep 015] val_sel AUC=0.5091 acc=0.3237
[ep 016] val_sel AUC=0.5135 acc=0.3291
[ep 017] val_sel AUC=0.5138 acc=0.3506
[ep 018] val_sel AUC=0.5148 acc=0.3291
[ep 019] val_sel AUC=0.5145 acc=0.3190
[ep 020] val_sel AUC=0.5185 acc=0.3504
[ep 021] val_sel AUC=0.5202 acc=0.3288
[ep 022] val_sel AUC=0.5209 acc=0.3302
[ep 023] val_sel AUC=0.5234 acc=0.3571
[ep 024] val_sel AUC=0.5248 acc=0.3511
[ep 025] val_sel AUC=0.5255 acc=0.3508
[ep 026] val_sel AUC=0.5268 acc=0.3497
[ep 027] val_sel AUC=0.5263 acc=0.3425
[ep 028] val_sel AUC=0.5269 acc=0.3446
[ep 029] val_sel AUC=0.5273 acc=0.3457
[ep 030] val_sel AUC=0.5275 acc=0.3446
[ep 031] val_sel AUC=0.5276 acc=0.3461
[ep 032] val_sel AUC=0.5276 acc=0.3459
[ep 033] val_sel AUC=0.5321 acc=0.3511
[ep 034] val_sel AUC=0.5484 acc=0.3221
[ep 035] val_sel AUC=0.5582 acc=0.3966
[ep 036] val_sel AUC=0.5833 acc=0.3861
[ep 037] val_sel AUC=0.5799 acc=0.4018
[ep 038] val_sel AUC=0.5633 acc=0.3895
[ep 039] val_sel AUC=0.5694 acc=0.3737
[ep 040] val_sel AUC=0.5867 acc=0.4031
[ep 041] val_sel AUC=0.5959 acc=0.3924
[ep 042] val_sel AUC=0.5846 acc=0.3847
[ep 043] val_sel AUC=0.6041 acc=0.3978
[ep 044] val_sel AUC=0.6060 acc=0.4036
[ep 045] val_sel AUC=0.6348 acc=0.4483
[ep 046] val_sel AUC=0.6344 acc=0.4397
[ep 047] val_sel AUC=0.6115 acc=0.3915
[ep 048] val_sel AUC=0.6409 acc=0.4202
[ep 049] val_sel AUC=0.6029 acc=0.4274
[ep 050] val_sel AUC=0.6032 acc=0.4180
[ep 051] val_sel AUC=0.6250 acc=0.4101
[ep 052] val_sel AUC=0.6360 acc=0.4458
[ep 053] val_sel AUC=0.6472 acc=0.4750
[ep 054] val_sel AUC=0.6459 acc=0.4198
[ep 055] val_sel AUC=0.6485 acc=0.4662
[ep 056] val_sel AUC=0.6445 acc=0.4442
[ep 057] val_sel AUC=0.6665 acc=0.4925
[ep 058] val_sel AUC=0.6675 acc=0.5003
[ep 059] val_sel AUC=0.6745 acc=0.5053
[ep 060] val_sel AUC=0.6924 acc=0.5127
[ep 061] val_sel AUC=0.6525 acc=0.4323
[ep 062] val_sel AUC=0.6700 acc=0.5001
[ep 063] val_sel AUC=0.6867 acc=0.5185
[ep 064] val_sel AUC=0.6842 acc=0.5003
[ep 065] val_sel AUC=0.7085 acc=0.5329
[ep 066] val_sel AUC=0.6982 acc=0.5219
[ep 067] val_sel AUC=0.7063 acc=0.5185
[ep 068] val_sel AUC=0.6990 acc=0.5230
[ep 069] val_sel AUC=0.6962 acc=0.4999
[ep 070] val_sel AUC=0.6829 acc=0.5080
[ep 071] val_sel AUC=0.7087 acc=0.5455
[ep 072] val_sel AUC=0.6984 acc=0.5172
[ep 073] val_sel AUC=0.6909 acc=0.5160
[ep 074] val_sel AUC=0.7050 acc=0.5320
[ep 075] val_sel AUC=0.7139 acc=0.5416
[ep 076] val_sel AUC=0.7188 acc=0.5533
[ep 077] val_sel AUC=0.7223 acc=0.5645
[ep 078] val_sel AUC=0.7051 acc=0.5268
[ep 079] val_sel AUC=0.7235 acc=0.5621
[ep 080] val_sel AUC=0.7218 acc=0.5596
[ep 081] val_sel AUC=0.7228 acc=0.5600
[ep 082] val_sel AUC=0.7260 acc=0.5641
[ep 083] val_sel AUC=0.7242 acc=0.5623
[ep 084] val_sel AUC=0.7291 acc=0.5679
[ep 085] val_sel AUC=0.7282 acc=0.5672
[ep 086] val_sel AUC=0.7267 acc=0.5643
[ep 087] val_sel AUC=0.7281 acc=0.5648
[ep 088] val_sel AUC=0.7286 acc=0.5684
[ep 089] val_sel AUC=0.7277 acc=0.5634
[ep 090] val_sel AUC=0.7275 acc=0.5645
[ep 091] val_sel AUC=0.7302 acc=0.5701
[ep 092] val_sel AUC=0.7294 acc=0.5666
[ep 093] val_sel AUC=0.7291 acc=0.5652
[ep 094] val_sel AUC=0.7291 acc=0.5672
[ep 095] val_sel AUC=0.7292 acc=0.5672
[ep 096] val_sel AUC=0.7292 acc=0.5666
============================================================
TEST (best val_sel epoch, held-out, evaluated once)
============================================================
[DONE-QPE2] embed=conv model_II N=100 seed=58 test_AUC=0.7316 val_sel_AUC=0.7302 per_class=(axion=0.7885 cdm=0.5849 no_sub=0.8214) params=207619 embed_params=4160 R_frob_drift=None
