[INFO] QPE2 D=64 P=8 depth=4 | embed=conv | data=model_II N/class=250 seed=53 split_seed=0 | params=207619 embed_params=4160 lr=0.001 epochs=96 bs=32 | train(750, 64, 64) val_sel(4455, 64, 64) test(4455, 64, 64) device=cuda
[ep 001] val_sel AUC=0.4830 acc=0.3291
[ep 002] val_sel AUC=0.5023 acc=0.3237
[ep 003] val_sel AUC=0.5056 acc=0.3291
[ep 004] val_sel AUC=0.5174 acc=0.3473
[ep 005] val_sel AUC=0.5228 acc=0.3237
[ep 006] val_sel AUC=0.5252 acc=0.3473
[ep 007] val_sel AUC=0.5262 acc=0.3237
[ep 008] val_sel AUC=0.5269 acc=0.3237
[ep 009] val_sel AUC=0.5259 acc=0.3237
[ep 010] val_sel AUC=0.5261 acc=0.3291
[ep 011] val_sel AUC=0.5248 acc=0.3473
[ep 012] val_sel AUC=0.5168 acc=0.3237
[ep 013] val_sel AUC=0.5140 acc=0.3237
[ep 014] val_sel AUC=0.5123 acc=0.3473
[ep 015] val_sel AUC=0.5064 acc=0.3237
[ep 016] val_sel AUC=0.5084 acc=0.3291
[ep 017] val_sel AUC=0.5035 acc=0.3237
[ep 018] val_sel AUC=0.5052 acc=0.3389
[ep 019] val_sel AUC=0.5044 acc=0.3237
[ep 020] val_sel AUC=0.5125 acc=0.3452
[ep 021] val_sel AUC=0.5074 acc=0.3354
[ep 022] val_sel AUC=0.5135 acc=0.3378
[ep 023] val_sel AUC=0.5147 acc=0.3538
[ep 024] val_sel AUC=0.5193 acc=0.3448
[ep 025] val_sel AUC=0.5291 acc=0.3556
[ep 026] val_sel AUC=0.5348 acc=0.3582
[ep 027] val_sel AUC=0.5405 acc=0.3713
[ep 028] val_sel AUC=0.5489 acc=0.3769
[ep 029] val_sel AUC=0.5518 acc=0.3823
[ep 030] val_sel AUC=0.5544 acc=0.3850
[ep 031] val_sel AUC=0.5549 acc=0.3865
[ep 032] val_sel AUC=0.5550 acc=0.3843
[ep 033] val_sel AUC=0.5381 acc=0.3612
[ep 034] val_sel AUC=0.5683 acc=0.3677
[ep 035] val_sel AUC=0.5522 acc=0.3657
[ep 036] val_sel AUC=0.5487 acc=0.3515
[ep 037] val_sel AUC=0.5621 acc=0.3825
[ep 038] val_sel AUC=0.5957 acc=0.4211
[ep 039] val_sel AUC=0.6090 acc=0.4328
[ep 040] val_sel AUC=0.6305 acc=0.4236
[ep 041] val_sel AUC=0.6678 acc=0.4620
[ep 042] val_sel AUC=0.6572 acc=0.4685
[ep 043] val_sel AUC=0.7073 acc=0.5221
[ep 044] val_sel AUC=0.7122 acc=0.5138
[ep 045] val_sel AUC=0.7184 acc=0.5158
[ep 046] val_sel AUC=0.7705 acc=0.5681
[ep 047] val_sel AUC=0.7803 acc=0.6007
[ep 048] val_sel AUC=0.8035 acc=0.6332
[ep 049] val_sel AUC=0.7766 acc=0.4669
[ep 050] val_sel AUC=0.8082 acc=0.6343
[ep 051] val_sel AUC=0.8585 acc=0.6952
[ep 052] val_sel AUC=0.8325 acc=0.6128
[ep 053] val_sel AUC=0.8226 acc=0.5832
[ep 054] val_sel AUC=0.8478 acc=0.6391
[ep 055] val_sel AUC=0.8003 acc=0.5558
[ep 056] val_sel AUC=0.8682 acc=0.7037
[ep 057] val_sel AUC=0.8587 acc=0.7010
[ep 058] val_sel AUC=0.8770 acc=0.7163
[ep 059] val_sel AUC=0.8522 acc=0.6727
[ep 060] val_sel AUC=0.8357 acc=0.6013
[ep 061] val_sel AUC=0.8657 acc=0.6947
[ep 062] val_sel AUC=0.8829 acc=0.7190
[ep 063] val_sel AUC=0.8762 acc=0.7044
[ep 064] val_sel AUC=0.8242 acc=0.6316
[ep 065] val_sel AUC=0.8314 acc=0.6606
[ep 066] val_sel AUC=0.8953 acc=0.7484
[ep 067] val_sel AUC=0.8813 acc=0.6896
[ep 068] val_sel AUC=0.9040 acc=0.7567
[ep 069] val_sel AUC=0.8851 acc=0.7340
[ep 070] val_sel AUC=0.9060 acc=0.7692
[ep 071] val_sel AUC=0.9133 acc=0.7755
[ep 072] val_sel AUC=0.8915 acc=0.7448
[ep 073] val_sel AUC=0.9050 acc=0.7603
[ep 074] val_sel AUC=0.9150 acc=0.7749
[ep 075] val_sel AUC=0.9094 acc=0.7722
[ep 076] val_sel AUC=0.9101 acc=0.7713
[ep 077] val_sel AUC=0.9055 acc=0.7724
[ep 078] val_sel AUC=0.9152 acc=0.7852
[ep 079] val_sel AUC=0.9027 acc=0.7589
[ep 080] val_sel AUC=0.9135 acc=0.7892
[ep 081] val_sel AUC=0.9125 acc=0.7910
[ep 082] val_sel AUC=0.9171 acc=0.7955
[ep 083] val_sel AUC=0.9192 acc=0.7966
[ep 084] val_sel AUC=0.9184 acc=0.8031
[ep 085] val_sel AUC=0.9193 acc=0.7964
[ep 086] val_sel AUC=0.9149 acc=0.7926
[ep 087] val_sel AUC=0.9204 acc=0.8047
[ep 088] val_sel AUC=0.9209 acc=0.8061
[ep 089] val_sel AUC=0.9197 acc=0.8011
[ep 090] val_sel AUC=0.9211 acc=0.8063
[ep 091] val_sel AUC=0.9193 acc=0.8018
[ep 092] val_sel AUC=0.9185 acc=0.8004
[ep 093] val_sel AUC=0.9192 acc=0.8022
[ep 094] val_sel AUC=0.9185 acc=0.8013
[ep 095] val_sel AUC=0.9188 acc=0.8027
[ep 096] val_sel AUC=0.9188 acc=0.8027
============================================================
TEST (best val_sel epoch, held-out, evaluated once)
============================================================
[DONE-QPE2] embed=conv model_II N=250 seed=53 test_AUC=0.9235 val_sel_AUC=0.9211 per_class=(axion=0.9523 cdm=0.8579 no_sub=0.9603) params=207619 embed_params=4160 R_frob_drift=None
