[INFO] QPE2 D=64 P=8 depth=4 | embed=conv | data=model_III N/class=100 seed=49 split_seed=0 | params=207619 embed_params=4160 lr=0.001 epochs=96 bs=32 | train(300, 64, 64) val_sel(4469, 64, 64) test(4470, 64, 64) device=cuda
[ep 001] val_sel AUC=0.5137 acc=0.3433
[ep 002] val_sel AUC=0.5237 acc=0.3433
[ep 003] val_sel AUC=0.5187 acc=0.3285
[ep 004] val_sel AUC=0.5344 acc=0.3433
[ep 005] val_sel AUC=0.5233 acc=0.3283
[ep 006] val_sel AUC=0.5289 acc=0.3285
[ep 007] val_sel AUC=0.5336 acc=0.3433
[ep 008] val_sel AUC=0.5336 acc=0.3283
[ep 009] val_sel AUC=0.5334 acc=0.3283
[ep 010] val_sel AUC=0.5368 acc=0.3285
[ep 011] val_sel AUC=0.5380 acc=0.3433
[ep 012] val_sel AUC=0.5362 acc=0.3285
[ep 013] val_sel AUC=0.5358 acc=0.3283
[ep 014] val_sel AUC=0.5366 acc=0.3283
[ep 015] val_sel AUC=0.5381 acc=0.3433
[ep 016] val_sel AUC=0.5357 acc=0.3285
[ep 017] val_sel AUC=0.5351 acc=0.3283
[ep 018] val_sel AUC=0.5373 acc=0.3433
[ep 019] val_sel AUC=0.5357 acc=0.3433
[ep 020] val_sel AUC=0.5351 acc=0.3446
[ep 021] val_sel AUC=0.5348 acc=0.3285
[ep 022] val_sel AUC=0.5335 acc=0.3285
[ep 023] val_sel AUC=0.5335 acc=0.3433
[ep 024] val_sel AUC=0.5325 acc=0.3283
[ep 025] val_sel AUC=0.5320 acc=0.3283
[ep 026] val_sel AUC=0.5317 acc=0.3285
[ep 027] val_sel AUC=0.5315 acc=0.3285
[ep 028] val_sel AUC=0.5315 acc=0.3285
[ep 029] val_sel AUC=0.5316 acc=0.3285
[ep 030] val_sel AUC=0.5317 acc=0.3285
[ep 031] val_sel AUC=0.5318 acc=0.3285
[ep 032] val_sel AUC=0.5318 acc=0.3285
[ep 033] val_sel AUC=0.5322 acc=0.3283
[ep 034] val_sel AUC=0.5363 acc=0.3520
[ep 035] val_sel AUC=0.5345 acc=0.3285
[ep 036] val_sel AUC=0.5348 acc=0.3283
[ep 037] val_sel AUC=0.5366 acc=0.3283
[ep 038] val_sel AUC=0.5445 acc=0.3433
[ep 039] val_sel AUC=0.5398 acc=0.3283
[ep 040] val_sel AUC=0.5312 acc=0.3283
[ep 041] val_sel AUC=0.5232 acc=0.3477
[ep 042] val_sel AUC=0.5178 acc=0.3491
[ep 043] val_sel AUC=0.5181 acc=0.3399
[ep 044] val_sel AUC=0.5122 acc=0.3388
[ep 045] val_sel AUC=0.5132 acc=0.3339
[ep 046] val_sel AUC=0.5075 acc=0.3457
[ep 047] val_sel AUC=0.5224 acc=0.3343
[ep 048] val_sel AUC=0.5318 acc=0.3480
[ep 049] val_sel AUC=0.5266 acc=0.3421
[ep 050] val_sel AUC=0.5292 acc=0.3600
[ep 051] val_sel AUC=0.5389 acc=0.3502
[ep 052] val_sel AUC=0.5382 acc=0.3482
[ep 053] val_sel AUC=0.5537 acc=0.3659
[ep 054] val_sel AUC=0.5695 acc=0.3770
[ep 055] val_sel AUC=0.5819 acc=0.3914
[ep 056] val_sel AUC=0.5896 acc=0.3846
[ep 057] val_sel AUC=0.5990 acc=0.4061
[ep 058] val_sel AUC=0.6215 acc=0.4164
[ep 059] val_sel AUC=0.6274 acc=0.4269
[ep 060] val_sel AUC=0.6514 acc=0.4551
[ep 061] val_sel AUC=0.6367 acc=0.4162
[ep 062] val_sel AUC=0.6566 acc=0.4540
[ep 063] val_sel AUC=0.6387 acc=0.3976
[ep 064] val_sel AUC=0.6655 acc=0.4645
[ep 065] val_sel AUC=0.6971 acc=0.4979
[ep 066] val_sel AUC=0.7047 acc=0.5109
[ep 067] val_sel AUC=0.7170 acc=0.5023
[ep 068] val_sel AUC=0.7132 acc=0.5220
[ep 069] val_sel AUC=0.7253 acc=0.5256
[ep 070] val_sel AUC=0.7270 acc=0.5211
[ep 071] val_sel AUC=0.7319 acc=0.5214
[ep 072] val_sel AUC=0.7307 acc=0.5169
[ep 073] val_sel AUC=0.7327 acc=0.5205
[ep 074] val_sel AUC=0.7265 acc=0.5113
[ep 075] val_sel AUC=0.7397 acc=0.5420
[ep 076] val_sel AUC=0.7473 acc=0.5319
[ep 077] val_sel AUC=0.7469 acc=0.5382
[ep 078] val_sel AUC=0.7534 acc=0.5603
[ep 079] val_sel AUC=0.7517 acc=0.5547
[ep 080] val_sel AUC=0.7563 acc=0.5592
[ep 081] val_sel AUC=0.7624 acc=0.5695
[ep 082] val_sel AUC=0.7623 acc=0.5699
[ep 083] val_sel AUC=0.7646 acc=0.5706
[ep 084] val_sel AUC=0.7651 acc=0.5715
[ep 085] val_sel AUC=0.7675 acc=0.5784
[ep 086] val_sel AUC=0.7662 acc=0.5684
[ep 087] val_sel AUC=0.7677 acc=0.5742
[ep 088] val_sel AUC=0.7674 acc=0.5755
[ep 089] val_sel AUC=0.7677 acc=0.5733
[ep 090] val_sel AUC=0.7697 acc=0.5766
[ep 091] val_sel AUC=0.7703 acc=0.5827
[ep 092] val_sel AUC=0.7696 acc=0.5782
[ep 093] val_sel AUC=0.7697 acc=0.5780
[ep 094] val_sel AUC=0.7696 acc=0.5793
[ep 095] val_sel AUC=0.7696 acc=0.5784
[ep 096] val_sel AUC=0.7696 acc=0.5787
============================================================
TEST (best val_sel epoch, held-out, evaluated once)
============================================================
[DONE-QPE2] embed=conv model_III N=100 seed=49 test_AUC=0.7681 val_sel_AUC=0.7703 per_class=(axion=0.8689 cdm=0.6399 no_sub=0.7955) params=207619 embed_params=4160 R_frob_drift=None
