[INFO] QPE2 D=64 P=8 depth=4 | embed=conv | data=model_III N/class=250 seed=50 split_seed=0 | params=207619 embed_params=4160 lr=0.001 epochs=96 bs=32 | train(750, 64, 64) val_sel(4469, 64, 64) test(4470, 64, 64) device=cuda
[ep 001] val_sel AUC=0.5116 acc=0.3285
[ep 002] val_sel AUC=0.5095 acc=0.3433
[ep 003] val_sel AUC=0.5099 acc=0.3433
[ep 004] val_sel AUC=0.5110 acc=0.3433
[ep 005] val_sel AUC=0.5131 acc=0.3334
[ep 006] val_sel AUC=0.5145 acc=0.3433
[ep 007] val_sel AUC=0.5202 acc=0.3283
[ep 008] val_sel AUC=0.5193 acc=0.3283
[ep 009] val_sel AUC=0.5240 acc=0.3283
[ep 010] val_sel AUC=0.5208 acc=0.3433
[ep 011] val_sel AUC=0.5335 acc=0.3285
[ep 012] val_sel AUC=0.5262 acc=0.3283
[ep 013] val_sel AUC=0.5235 acc=0.3283
[ep 014] val_sel AUC=0.5226 acc=0.3285
[ep 015] val_sel AUC=0.5231 acc=0.3283
[ep 016] val_sel AUC=0.5218 acc=0.3433
[ep 017] val_sel AUC=0.5316 acc=0.3283
[ep 018] val_sel AUC=0.5261 acc=0.3433
[ep 019] val_sel AUC=0.5286 acc=0.3285
[ep 020] val_sel AUC=0.5322 acc=0.3283
[ep 021] val_sel AUC=0.5311 acc=0.3381
[ep 022] val_sel AUC=0.5326 acc=0.3433
[ep 023] val_sel AUC=0.5353 acc=0.3433
[ep 024] val_sel AUC=0.5407 acc=0.3285
[ep 025] val_sel AUC=0.5408 acc=0.3330
[ep 026] val_sel AUC=0.5428 acc=0.3441
[ep 027] val_sel AUC=0.5440 acc=0.3439
[ep 028] val_sel AUC=0.5445 acc=0.3417
[ep 029] val_sel AUC=0.5448 acc=0.3495
[ep 030] val_sel AUC=0.5445 acc=0.3531
[ep 031] val_sel AUC=0.5447 acc=0.3540
[ep 032] val_sel AUC=0.5446 acc=0.3535
[ep 033] val_sel AUC=0.5473 acc=0.3433
[ep 034] val_sel AUC=0.5543 acc=0.3697
[ep 035] val_sel AUC=0.5610 acc=0.3518
[ep 036] val_sel AUC=0.5743 acc=0.3441
[ep 037] val_sel AUC=0.5777 acc=0.3408
[ep 038] val_sel AUC=0.5692 acc=0.3560
[ep 039] val_sel AUC=0.5727 acc=0.3694
[ep 040] val_sel AUC=0.5564 acc=0.3450
[ep 041] val_sel AUC=0.5694 acc=0.3585
[ep 042] val_sel AUC=0.5937 acc=0.4220
[ep 043] val_sel AUC=0.6476 acc=0.4359
[ep 044] val_sel AUC=0.6483 acc=0.4348
[ep 045] val_sel AUC=0.6616 acc=0.4070
[ep 046] val_sel AUC=0.6966 acc=0.4914
[ep 047] val_sel AUC=0.7523 acc=0.5527
[ep 048] val_sel AUC=0.7406 acc=0.4480
[ep 049] val_sel AUC=0.7395 acc=0.5214
[ep 050] val_sel AUC=0.7909 acc=0.5809
[ep 051] val_sel AUC=0.7854 acc=0.5475
[ep 052] val_sel AUC=0.8085 acc=0.6292
[ep 053] val_sel AUC=0.7749 acc=0.5710
[ep 054] val_sel AUC=0.8150 acc=0.6165
[ep 055] val_sel AUC=0.8288 acc=0.6400
[ep 056] val_sel AUC=0.7857 acc=0.5769
[ep 057] val_sel AUC=0.7992 acc=0.6048
[ep 058] val_sel AUC=0.8140 acc=0.6426
[ep 059] val_sel AUC=0.8252 acc=0.6433
[ep 060] val_sel AUC=0.8397 acc=0.6588
[ep 061] val_sel AUC=0.8615 acc=0.7031
[ep 062] val_sel AUC=0.8589 acc=0.6990
[ep 063] val_sel AUC=0.8329 acc=0.6393
[ep 064] val_sel AUC=0.8537 acc=0.6829
[ep 065] val_sel AUC=0.8607 acc=0.6923
[ep 066] val_sel AUC=0.8615 acc=0.6834
[ep 067] val_sel AUC=0.8582 acc=0.6823
[ep 068] val_sel AUC=0.8672 acc=0.6997
[ep 069] val_sel AUC=0.8679 acc=0.6979
[ep 070] val_sel AUC=0.8840 acc=0.7297
[ep 071] val_sel AUC=0.8697 acc=0.7185
[ep 072] val_sel AUC=0.8636 acc=0.6934
[ep 073] val_sel AUC=0.8840 acc=0.7328
[ep 074] val_sel AUC=0.8885 acc=0.7369
[ep 075] val_sel AUC=0.8847 acc=0.7411
[ep 076] val_sel AUC=0.8796 acc=0.7219
[ep 077] val_sel AUC=0.8874 acc=0.7454
[ep 078] val_sel AUC=0.8866 acc=0.7366
[ep 079] val_sel AUC=0.8845 acc=0.7364
[ep 080] val_sel AUC=0.8913 acc=0.7617
[ep 081] val_sel AUC=0.8947 acc=0.7563
[ep 082] val_sel AUC=0.8988 acc=0.7671
[ep 083] val_sel AUC=0.8927 acc=0.7548
[ep 084] val_sel AUC=0.8904 acc=0.7579
[ep 085] val_sel AUC=0.9003 acc=0.7727
[ep 086] val_sel AUC=0.8979 acc=0.7673
[ep 087] val_sel AUC=0.8999 acc=0.7756
[ep 088] val_sel AUC=0.8984 acc=0.7785
[ep 089] val_sel AUC=0.8976 acc=0.7771
[ep 090] val_sel AUC=0.8969 acc=0.7747
[ep 091] val_sel AUC=0.8975 acc=0.7818
[ep 092] val_sel AUC=0.8982 acc=0.7818
[ep 093] val_sel AUC=0.8985 acc=0.7816
[ep 094] val_sel AUC=0.8982 acc=0.7821
[ep 095] val_sel AUC=0.8981 acc=0.7821
[ep 096] val_sel AUC=0.8981 acc=0.7825
============================================================
TEST (best val_sel epoch, held-out, evaluated once)
============================================================
[DONE-QPE2] embed=conv model_III N=250 seed=50 test_AUC=0.8965 val_sel_AUC=0.9003 per_class=(axion=0.9467 cdm=0.8054 no_sub=0.9375) params=207619 embed_params=4160 R_frob_drift=None
