[INFO] QPE2 D=64 P=8 depth=4 | embed=conv | data=model_III N/class=100 seed=59 split_seed=0 | params=207619 embed_params=4160 lr=0.001 epochs=96 bs=32 | train(300, 64, 64) val_sel(4469, 64, 64) test(4470, 64, 64) device=cuda
[ep 001] val_sel AUC=0.5031 acc=0.3285
[ep 002] val_sel AUC=0.5151 acc=0.3283
[ep 003] val_sel AUC=0.5259 acc=0.3285
[ep 004] val_sel AUC=0.5279 acc=0.3430
[ep 005] val_sel AUC=0.5283 acc=0.3433
[ep 006] val_sel AUC=0.5280 acc=0.3285
[ep 007] val_sel AUC=0.5232 acc=0.3283
[ep 008] val_sel AUC=0.5218 acc=0.3433
[ep 009] val_sel AUC=0.5209 acc=0.3433
[ep 010] val_sel AUC=0.5210 acc=0.3285
[ep 011] val_sel AUC=0.5240 acc=0.3283
[ep 012] val_sel AUC=0.5202 acc=0.3433
[ep 013] val_sel AUC=0.5238 acc=0.3285
[ep 014] val_sel AUC=0.5186 acc=0.3433
[ep 015] val_sel AUC=0.5185 acc=0.3285
[ep 016] val_sel AUC=0.5159 acc=0.3527
[ep 017] val_sel AUC=0.5150 acc=0.3377
[ep 018] val_sel AUC=0.5138 acc=0.3437
[ep 019] val_sel AUC=0.5134 acc=0.3354
[ep 020] val_sel AUC=0.5127 acc=0.3332
[ep 021] val_sel AUC=0.5122 acc=0.3509
[ep 022] val_sel AUC=0.5121 acc=0.3394
[ep 023] val_sel AUC=0.5119 acc=0.3480
[ep 024] val_sel AUC=0.5111 acc=0.3527
[ep 025] val_sel AUC=0.5108 acc=0.3551
[ep 026] val_sel AUC=0.5107 acc=0.3379
[ep 027] val_sel AUC=0.5108 acc=0.3415
[ep 028] val_sel AUC=0.5108 acc=0.3433
[ep 029] val_sel AUC=0.5106 acc=0.3446
[ep 030] val_sel AUC=0.5105 acc=0.3488
[ep 031] val_sel AUC=0.5104 acc=0.3504
[ep 032] val_sel AUC=0.5104 acc=0.3488
[ep 033] val_sel AUC=0.5096 acc=0.3486
[ep 034] val_sel AUC=0.5133 acc=0.3276
[ep 035] val_sel AUC=0.5096 acc=0.3480
[ep 036] val_sel AUC=0.5112 acc=0.3480
[ep 037] val_sel AUC=0.5116 acc=0.3491
[ep 038] val_sel AUC=0.5127 acc=0.3330
[ep 039] val_sel AUC=0.5109 acc=0.3471
[ep 040] val_sel AUC=0.5133 acc=0.3518
[ep 041] val_sel AUC=0.5224 acc=0.3497
[ep 042] val_sel AUC=0.5190 acc=0.3500
[ep 043] val_sel AUC=0.5213 acc=0.3553
[ep 044] val_sel AUC=0.5362 acc=0.3551
[ep 045] val_sel AUC=0.5362 acc=0.3717
[ep 046] val_sel AUC=0.5280 acc=0.3471
[ep 047] val_sel AUC=0.5348 acc=0.3719
[ep 048] val_sel AUC=0.5403 acc=0.3614
[ep 049] val_sel AUC=0.5556 acc=0.3864
[ep 050] val_sel AUC=0.5539 acc=0.3835
[ep 051] val_sel AUC=0.5596 acc=0.3902
[ep 052] val_sel AUC=0.5588 acc=0.3878
[ep 053] val_sel AUC=0.5656 acc=0.3878
[ep 054] val_sel AUC=0.5742 acc=0.3923
[ep 055] val_sel AUC=0.5806 acc=0.3844
[ep 056] val_sel AUC=0.5917 acc=0.3979
[ep 057] val_sel AUC=0.5933 acc=0.4245
[ep 058] val_sel AUC=0.5781 acc=0.3813
[ep 059] val_sel AUC=0.5915 acc=0.3730
[ep 060] val_sel AUC=0.5933 acc=0.4258
[ep 061] val_sel AUC=0.5983 acc=0.4135
[ep 062] val_sel AUC=0.6018 acc=0.4153
[ep 063] val_sel AUC=0.6161 acc=0.4366
[ep 064] val_sel AUC=0.6251 acc=0.4435
[ep 065] val_sel AUC=0.6075 acc=0.4379
[ep 066] val_sel AUC=0.6132 acc=0.4419
[ep 067] val_sel AUC=0.6303 acc=0.4511
[ep 068] val_sel AUC=0.6458 acc=0.4677
[ep 069] val_sel AUC=0.6417 acc=0.4614
[ep 070] val_sel AUC=0.6394 acc=0.4645
[ep 071] val_sel AUC=0.6425 acc=0.4657
[ep 072] val_sel AUC=0.6427 acc=0.4672
[ep 073] val_sel AUC=0.6528 acc=0.4791
[ep 074] val_sel AUC=0.6455 acc=0.4630
[ep 075] val_sel AUC=0.6481 acc=0.4583
[ep 076] val_sel AUC=0.6481 acc=0.4728
[ep 077] val_sel AUC=0.6562 acc=0.4690
[ep 078] val_sel AUC=0.6575 acc=0.4789
[ep 079] val_sel AUC=0.6576 acc=0.4802
[ep 080] val_sel AUC=0.6565 acc=0.4766
[ep 081] val_sel AUC=0.6561 acc=0.4791
[ep 082] val_sel AUC=0.6596 acc=0.4813
[ep 083] val_sel AUC=0.6624 acc=0.4813
[ep 084] val_sel AUC=0.6611 acc=0.4791
[ep 085] val_sel AUC=0.6602 acc=0.4795
[ep 086] val_sel AUC=0.6607 acc=0.4795
[ep 087] val_sel AUC=0.6606 acc=0.4797
[ep 088] val_sel AUC=0.6603 acc=0.4797
[ep 089] val_sel AUC=0.6605 acc=0.4780
[ep 090] val_sel AUC=0.6603 acc=0.4786
[ep 091] val_sel AUC=0.6603 acc=0.4775
[ep 092] val_sel AUC=0.6602 acc=0.4771
[ep 093] val_sel AUC=0.6601 acc=0.4780
[ep 094] val_sel AUC=0.6600 acc=0.4786
[ep 095] val_sel AUC=0.6600 acc=0.4782
[ep 096] val_sel AUC=0.6600 acc=0.4784
============================================================
TEST (best val_sel epoch, held-out, evaluated once)
============================================================
[DONE-QPE2] embed=conv model_III N=100 seed=59 test_AUC=0.6501 val_sel_AUC=0.6624 per_class=(axion=0.7088 cdm=0.5259 no_sub=0.7156) params=207619 embed_params=4160 R_frob_drift=None
