[INFO] QPE2 D=64 P=8 depth=4 | embed=conv | data=model_III N/class=250 seed=52 split_seed=0 | params=207619 embed_params=4160 lr=0.001 epochs=96 bs=32 | train(750, 64, 64) val_sel(4469, 64, 64) test(4470, 64, 64) device=cuda
[ep 001] val_sel AUC=0.5180 acc=0.3285
[ep 002] val_sel AUC=0.5286 acc=0.3283
[ep 003] val_sel AUC=0.5307 acc=0.3283
[ep 004] val_sel AUC=0.5294 acc=0.3433
[ep 005] val_sel AUC=0.5283 acc=0.3283
[ep 006] val_sel AUC=0.5280 acc=0.3285
[ep 007] val_sel AUC=0.5269 acc=0.3433
[ep 008] val_sel AUC=0.5269 acc=0.3285
[ep 009] val_sel AUC=0.5265 acc=0.3433
[ep 010] val_sel AUC=0.5272 acc=0.3283
[ep 011] val_sel AUC=0.5274 acc=0.3283
[ep 012] val_sel AUC=0.5279 acc=0.3285
[ep 013] val_sel AUC=0.5302 acc=0.3283
[ep 014] val_sel AUC=0.5325 acc=0.3283
[ep 015] val_sel AUC=0.5338 acc=0.3285
[ep 016] val_sel AUC=0.5368 acc=0.3283
[ep 017] val_sel AUC=0.5449 acc=0.3285
[ep 018] val_sel AUC=0.5441 acc=0.3283
[ep 019] val_sel AUC=0.5405 acc=0.3285
[ep 020] val_sel AUC=0.5410 acc=0.3605
[ep 021] val_sel AUC=0.5362 acc=0.3332
[ep 022] val_sel AUC=0.5445 acc=0.3363
[ep 023] val_sel AUC=0.5447 acc=0.3768
[ep 024] val_sel AUC=0.5497 acc=0.3833
[ep 025] val_sel AUC=0.5512 acc=0.3739
[ep 026] val_sel AUC=0.5575 acc=0.3750
[ep 027] val_sel AUC=0.5628 acc=0.3791
[ep 028] val_sel AUC=0.5670 acc=0.3813
[ep 029] val_sel AUC=0.5707 acc=0.3824
[ep 030] val_sel AUC=0.5730 acc=0.3800
[ep 031] val_sel AUC=0.5744 acc=0.3829
[ep 032] val_sel AUC=0.5748 acc=0.3824
[ep 033] val_sel AUC=0.5667 acc=0.3598
[ep 034] val_sel AUC=0.5947 acc=0.3983
[ep 035] val_sel AUC=0.6208 acc=0.4321
[ep 036] val_sel AUC=0.6474 acc=0.4489
[ep 037] val_sel AUC=0.6409 acc=0.4567
[ep 038] val_sel AUC=0.5943 acc=0.4070
[ep 039] val_sel AUC=0.6957 acc=0.4849
[ep 040] val_sel AUC=0.6728 acc=0.4563
[ep 041] val_sel AUC=0.6914 acc=0.4889
[ep 042] val_sel AUC=0.7073 acc=0.4885
[ep 043] val_sel AUC=0.6694 acc=0.4560
[ep 044] val_sel AUC=0.6906 acc=0.5028
[ep 045] val_sel AUC=0.6940 acc=0.4878
[ep 046] val_sel AUC=0.6784 acc=0.4898
[ep 047] val_sel AUC=0.7236 acc=0.4990
[ep 048] val_sel AUC=0.7270 acc=0.5086
[ep 049] val_sel AUC=0.7478 acc=0.5397
[ep 050] val_sel AUC=0.7509 acc=0.5484
[ep 051] val_sel AUC=0.7799 acc=0.5820
[ep 052] val_sel AUC=0.7934 acc=0.5889
[ep 053] val_sel AUC=0.7680 acc=0.5670
[ep 054] val_sel AUC=0.7296 acc=0.5256
[ep 055] val_sel AUC=0.7950 acc=0.6200
[ep 056] val_sel AUC=0.7905 acc=0.6107
[ep 057] val_sel AUC=0.8167 acc=0.6353
[ep 058] val_sel AUC=0.7981 acc=0.5921
[ep 059] val_sel AUC=0.8290 acc=0.6621
[ep 060] val_sel AUC=0.8115 acc=0.6330
[ep 061] val_sel AUC=0.8179 acc=0.6494
[ep 062] val_sel AUC=0.7956 acc=0.6017
[ep 063] val_sel AUC=0.8050 acc=0.6297
[ep 064] val_sel AUC=0.8358 acc=0.6693
[ep 065] val_sel AUC=0.8193 acc=0.6274
[ep 066] val_sel AUC=0.8363 acc=0.6805
[ep 067] val_sel AUC=0.8405 acc=0.6805
[ep 068] val_sel AUC=0.8340 acc=0.6601
[ep 069] val_sel AUC=0.8286 acc=0.6630
[ep 070] val_sel AUC=0.8238 acc=0.6574
[ep 071] val_sel AUC=0.8329 acc=0.6702
[ep 072] val_sel AUC=0.8371 acc=0.6684
[ep 073] val_sel AUC=0.8340 acc=0.6603
[ep 074] val_sel AUC=0.8365 acc=0.6825
[ep 075] val_sel AUC=0.8431 acc=0.6876
[ep 076] val_sel AUC=0.8379 acc=0.6845
[ep 077] val_sel AUC=0.8374 acc=0.6816
[ep 078] val_sel AUC=0.8424 acc=0.6957
[ep 079] val_sel AUC=0.8375 acc=0.6858
[ep 080] val_sel AUC=0.8353 acc=0.6740
[ep 081] val_sel AUC=0.8427 acc=0.6881
[ep 082] val_sel AUC=0.8391 acc=0.6892
[ep 083] val_sel AUC=0.8425 acc=0.6896
[ep 084] val_sel AUC=0.8453 acc=0.6990
[ep 085] val_sel AUC=0.8427 acc=0.6932
[ep 086] val_sel AUC=0.8442 acc=0.6990
[ep 087] val_sel AUC=0.8445 acc=0.6957
[ep 088] val_sel AUC=0.8424 acc=0.6925
[ep 089] val_sel AUC=0.8427 acc=0.6961
[ep 090] val_sel AUC=0.8435 acc=0.6946
[ep 091] val_sel AUC=0.8422 acc=0.6921
[ep 092] val_sel AUC=0.8425 acc=0.6946
[ep 093] val_sel AUC=0.8426 acc=0.6964
[ep 094] val_sel AUC=0.8424 acc=0.6948
[ep 095] val_sel AUC=0.8425 acc=0.6957
[ep 096] val_sel AUC=0.8424 acc=0.6950
============================================================
TEST (best val_sel epoch, held-out, evaluated once)
============================================================
[DONE-QPE2] embed=conv model_III N=250 seed=52 test_AUC=0.8559 val_sel_AUC=0.8453 per_class=(axion=0.9011 cdm=0.7415 no_sub=0.9251) params=207619 embed_params=4160 R_frob_drift=None
