[INFO] QPE2 D=64 P=8 depth=4 | embed=conv | data=model_III N/class=100 seed=57 split_seed=0 | params=207619 embed_params=4160 lr=0.001 epochs=96 bs=32 | train(300, 64, 64) val_sel(4469, 64, 64) test(4470, 64, 64) device=cuda
[ep 001] val_sel AUC=0.4801 acc=0.3285
[ep 002] val_sel AUC=0.4729 acc=0.3283
[ep 003] val_sel AUC=0.4765 acc=0.3285
[ep 004] val_sel AUC=0.4939 acc=0.3433
[ep 005] val_sel AUC=0.4887 acc=0.3285
[ep 006] val_sel AUC=0.4978 acc=0.3433
[ep 007] val_sel AUC=0.4999 acc=0.3433
[ep 008] val_sel AUC=0.4996 acc=0.3283
[ep 009] val_sel AUC=0.5044 acc=0.3433
[ep 010] val_sel AUC=0.5034 acc=0.3285
[ep 011] val_sel AUC=0.5058 acc=0.3433
[ep 012] val_sel AUC=0.5064 acc=0.3213
[ep 013] val_sel AUC=0.5070 acc=0.3283
[ep 014] val_sel AUC=0.5087 acc=0.3433
[ep 015] val_sel AUC=0.5071 acc=0.3283
[ep 016] val_sel AUC=0.5098 acc=0.3433
[ep 017] val_sel AUC=0.5099 acc=0.3433
[ep 018] val_sel AUC=0.5093 acc=0.3283
[ep 019] val_sel AUC=0.5100 acc=0.3283
[ep 020] val_sel AUC=0.5102 acc=0.3283
[ep 021] val_sel AUC=0.5105 acc=0.3433
[ep 022] val_sel AUC=0.5101 acc=0.3285
[ep 023] val_sel AUC=0.5097 acc=0.3473
[ep 024] val_sel AUC=0.5100 acc=0.3433
[ep 025] val_sel AUC=0.5092 acc=0.3392
[ep 026] val_sel AUC=0.5086 acc=0.3428
[ep 027] val_sel AUC=0.5079 acc=0.3283
[ep 028] val_sel AUC=0.5081 acc=0.3285
[ep 029] val_sel AUC=0.5080 acc=0.3283
[ep 030] val_sel AUC=0.5081 acc=0.3428
[ep 031] val_sel AUC=0.5081 acc=0.3374
[ep 032] val_sel AUC=0.5081 acc=0.3361
[ep 033] val_sel AUC=0.5055 acc=0.3283
[ep 034] val_sel AUC=0.5052 acc=0.3433
[ep 035] val_sel AUC=0.5013 acc=0.3283
[ep 036] val_sel AUC=0.5006 acc=0.3504
[ep 037] val_sel AUC=0.5012 acc=0.3256
[ep 038] val_sel AUC=0.4985 acc=0.3403
[ep 039] val_sel AUC=0.4986 acc=0.3412
[ep 040] val_sel AUC=0.4967 acc=0.3359
[ep 041] val_sel AUC=0.5075 acc=0.3421
[ep 042] val_sel AUC=0.5137 acc=0.3334
[ep 043] val_sel AUC=0.5119 acc=0.3674
[ep 044] val_sel AUC=0.5088 acc=0.3386
[ep 045] val_sel AUC=0.5145 acc=0.3426
[ep 046] val_sel AUC=0.5147 acc=0.3600
[ep 047] val_sel AUC=0.5196 acc=0.3401
[ep 048] val_sel AUC=0.5232 acc=0.3612
[ep 049] val_sel AUC=0.5290 acc=0.3377
[ep 050] val_sel AUC=0.5350 acc=0.3681
[ep 051] val_sel AUC=0.5388 acc=0.3612
[ep 052] val_sel AUC=0.5362 acc=0.3589
[ep 053] val_sel AUC=0.5371 acc=0.3681
[ep 054] val_sel AUC=0.5520 acc=0.3844
[ep 055] val_sel AUC=0.5577 acc=0.3869
[ep 056] val_sel AUC=0.5623 acc=0.3871
[ep 057] val_sel AUC=0.5692 acc=0.4005
[ep 058] val_sel AUC=0.5656 acc=0.3813
[ep 059] val_sel AUC=0.5907 acc=0.4164
[ep 060] val_sel AUC=0.6111 acc=0.4417
[ep 061] val_sel AUC=0.6034 acc=0.4254
[ep 062] val_sel AUC=0.6055 acc=0.4180
[ep 063] val_sel AUC=0.5976 acc=0.4088
[ep 064] val_sel AUC=0.6234 acc=0.4354
[ep 065] val_sel AUC=0.6152 acc=0.4392
[ep 066] val_sel AUC=0.6272 acc=0.4388
[ep 067] val_sel AUC=0.6430 acc=0.4630
[ep 068] val_sel AUC=0.6484 acc=0.4625
[ep 069] val_sel AUC=0.6491 acc=0.4643
[ep 070] val_sel AUC=0.6614 acc=0.4744
[ep 071] val_sel AUC=0.6568 acc=0.4719
[ep 072] val_sel AUC=0.6568 acc=0.4567
[ep 073] val_sel AUC=0.6668 acc=0.4753
[ep 074] val_sel AUC=0.6725 acc=0.4916
[ep 075] val_sel AUC=0.6847 acc=0.5106
[ep 076] val_sel AUC=0.6849 acc=0.5077
[ep 077] val_sel AUC=0.6876 acc=0.5135
[ep 078] val_sel AUC=0.6867 acc=0.5077
[ep 079] val_sel AUC=0.6859 acc=0.5070
[ep 080] val_sel AUC=0.6897 acc=0.5111
[ep 081] val_sel AUC=0.6942 acc=0.5207
[ep 082] val_sel AUC=0.6918 acc=0.5256
[ep 083] val_sel AUC=0.6959 acc=0.5138
[ep 084] val_sel AUC=0.6977 acc=0.5305
[ep 085] val_sel AUC=0.6966 acc=0.5294
[ep 086] val_sel AUC=0.6971 acc=0.5361
[ep 087] val_sel AUC=0.6981 acc=0.5346
[ep 088] val_sel AUC=0.6982 acc=0.5330
[ep 089] val_sel AUC=0.6999 acc=0.5393
[ep 090] val_sel AUC=0.7000 acc=0.5361
[ep 091] val_sel AUC=0.7002 acc=0.5411
[ep 092] val_sel AUC=0.7004 acc=0.5413
[ep 093] val_sel AUC=0.7004 acc=0.5399
[ep 094] val_sel AUC=0.7004 acc=0.5411
[ep 095] val_sel AUC=0.7004 acc=0.5404
[ep 096] val_sel AUC=0.7004 acc=0.5404
============================================================
TEST (best val_sel epoch, held-out, evaluated once)
============================================================
[DONE-QPE2] embed=conv model_III N=100 seed=57 test_AUC=0.6823 val_sel_AUC=0.7004 per_class=(axion=0.7677 cdm=0.5531 no_sub=0.7262) params=207619 embed_params=4160 R_frob_drift=None
