[INFO] QPE2 D=64 P=8 depth=4 | embed=conv | data=model_III N/class=100 seed=56 split_seed=0 | params=207619 embed_params=4160 lr=0.001 epochs=96 bs=32 | train(300, 64, 64) val_sel(4469, 64, 64) test(4470, 64, 64) device=cuda
[ep 001] val_sel AUC=0.4998 acc=0.3285
[ep 002] val_sel AUC=0.5241 acc=0.3433
[ep 003] val_sel AUC=0.5212 acc=0.3403
[ep 004] val_sel AUC=0.5209 acc=0.3285
[ep 005] val_sel AUC=0.5141 acc=0.3283
[ep 006] val_sel AUC=0.5182 acc=0.3285
[ep 007] val_sel AUC=0.5165 acc=0.3283
[ep 008] val_sel AUC=0.5173 acc=0.3433
[ep 009] val_sel AUC=0.5221 acc=0.3285
[ep 010] val_sel AUC=0.5200 acc=0.3433
[ep 011] val_sel AUC=0.5288 acc=0.3285
[ep 012] val_sel AUC=0.5284 acc=0.3285
[ep 013] val_sel AUC=0.5334 acc=0.3283
[ep 014] val_sel AUC=0.5285 acc=0.3283
[ep 015] val_sel AUC=0.5379 acc=0.3433
[ep 016] val_sel AUC=0.5259 acc=0.3283
[ep 017] val_sel AUC=0.5226 acc=0.3285
[ep 018] val_sel AUC=0.5230 acc=0.3433
[ep 019] val_sel AUC=0.5193 acc=0.3285
[ep 020] val_sel AUC=0.5189 acc=0.3285
[ep 021] val_sel AUC=0.5205 acc=0.3433
[ep 022] val_sel AUC=0.5199 acc=0.3433
[ep 023] val_sel AUC=0.5181 acc=0.3283
[ep 024] val_sel AUC=0.5201 acc=0.3459
[ep 025] val_sel AUC=0.5193 acc=0.3381
[ep 026] val_sel AUC=0.5184 acc=0.3356
[ep 027] val_sel AUC=0.5180 acc=0.3283
[ep 028] val_sel AUC=0.5184 acc=0.3283
[ep 029] val_sel AUC=0.5187 acc=0.3283
[ep 030] val_sel AUC=0.5187 acc=0.3283
[ep 031] val_sel AUC=0.5186 acc=0.3283
[ep 032] val_sel AUC=0.5187 acc=0.3283
[ep 033] val_sel AUC=0.5171 acc=0.3285
[ep 034] val_sel AUC=0.5202 acc=0.3307
[ep 035] val_sel AUC=0.5198 acc=0.3383
[ep 036] val_sel AUC=0.5190 acc=0.3390
[ep 037] val_sel AUC=0.5227 acc=0.3283
[ep 038] val_sel AUC=0.5250 acc=0.3466
[ep 039] val_sel AUC=0.5230 acc=0.3307
[ep 040] val_sel AUC=0.5292 acc=0.3578
[ep 041] val_sel AUC=0.5336 acc=0.3283
[ep 042] val_sel AUC=0.5371 acc=0.3506
[ep 043] val_sel AUC=0.5401 acc=0.3603
[ep 044] val_sel AUC=0.5449 acc=0.3614
[ep 045] val_sel AUC=0.5469 acc=0.3614
[ep 046] val_sel AUC=0.5556 acc=0.3721
[ep 047] val_sel AUC=0.5593 acc=0.3659
[ep 048] val_sel AUC=0.5696 acc=0.3788
[ep 049] val_sel AUC=0.5656 acc=0.3746
[ep 050] val_sel AUC=0.5702 acc=0.3800
[ep 051] val_sel AUC=0.5852 acc=0.3824
[ep 052] val_sel AUC=0.5913 acc=0.4128
[ep 053] val_sel AUC=0.6046 acc=0.4075
[ep 054] val_sel AUC=0.6431 acc=0.4507
[ep 055] val_sel AUC=0.6532 acc=0.4202
[ep 056] val_sel AUC=0.7033 acc=0.5216
[ep 057] val_sel AUC=0.7116 acc=0.5019
[ep 058] val_sel AUC=0.6997 acc=0.4997
[ep 059] val_sel AUC=0.7138 acc=0.5097
[ep 060] val_sel AUC=0.7176 acc=0.5138
[ep 061] val_sel AUC=0.7223 acc=0.5035
[ep 062] val_sel AUC=0.7602 acc=0.5686
[ep 063] val_sel AUC=0.7884 acc=0.5932
[ep 064] val_sel AUC=0.7720 acc=0.5997
[ep 065] val_sel AUC=0.7782 acc=0.6104
[ep 066] val_sel AUC=0.7807 acc=0.6039
[ep 067] val_sel AUC=0.7947 acc=0.6102
[ep 068] val_sel AUC=0.7761 acc=0.5974
[ep 069] val_sel AUC=0.7883 acc=0.6091
[ep 070] val_sel AUC=0.7841 acc=0.6017
[ep 071] val_sel AUC=0.8020 acc=0.6203
[ep 072] val_sel AUC=0.7952 acc=0.6485
[ep 073] val_sel AUC=0.8045 acc=0.6395
[ep 074] val_sel AUC=0.7943 acc=0.6044
[ep 075] val_sel AUC=0.8110 acc=0.6440
[ep 076] val_sel AUC=0.8052 acc=0.6554
[ep 077] val_sel AUC=0.7861 acc=0.6362
[ep 078] val_sel AUC=0.8072 acc=0.6545
[ep 079] val_sel AUC=0.8058 acc=0.6449
[ep 080] val_sel AUC=0.8040 acc=0.6462
[ep 081] val_sel AUC=0.8047 acc=0.6599
[ep 082] val_sel AUC=0.8068 acc=0.6529
[ep 083] val_sel AUC=0.8095 acc=0.6554
[ep 084] val_sel AUC=0.8075 acc=0.6505
[ep 085] val_sel AUC=0.8078 acc=0.6574
[ep 086] val_sel AUC=0.8025 acc=0.6449
[ep 087] val_sel AUC=0.8035 acc=0.6509
[ep 088] val_sel AUC=0.8041 acc=0.6541
[ep 089] val_sel AUC=0.8061 acc=0.6590
[ep 090] val_sel AUC=0.8049 acc=0.6601
[ep 091] val_sel AUC=0.8038 acc=0.6536
[ep 092] val_sel AUC=0.8046 acc=0.6603
[ep 093] val_sel AUC=0.8045 acc=0.6599
[ep 094] val_sel AUC=0.8045 acc=0.6581
[ep 095] val_sel AUC=0.8045 acc=0.6581
[ep 096] val_sel AUC=0.8045 acc=0.6581
============================================================
TEST (best val_sel epoch, held-out, evaluated once)
============================================================
[DONE-QPE2] embed=conv model_III N=100 seed=56 test_AUC=0.8087 val_sel_AUC=0.8110 per_class=(axion=0.8954 cdm=0.6851 no_sub=0.8456) params=207619 embed_params=4160 R_frob_drift=None
