[INFO] QPE2 D=64 P=8 depth=4 | embed=conv | data=model_II N/class=100 seed=52 split_seed=0 | params=207619 embed_params=4160 lr=0.001 epochs=96 bs=32 | train(300, 64, 64) val_sel(4455, 64, 64) test(4455, 64, 64) device=cuda
[ep 001] val_sel AUC=0.5068 acc=0.3291
[ep 002] val_sel AUC=0.5059 acc=0.3473
[ep 003] val_sel AUC=0.5065 acc=0.3448
[ep 004] val_sel AUC=0.5095 acc=0.3237
[ep 005] val_sel AUC=0.5083 acc=0.3473
[ep 006] val_sel AUC=0.5124 acc=0.3237
[ep 007] val_sel AUC=0.5127 acc=0.3291
[ep 008] val_sel AUC=0.5107 acc=0.3473
[ep 009] val_sel AUC=0.5131 acc=0.3291
[ep 010] val_sel AUC=0.5113 acc=0.3473
[ep 011] val_sel AUC=0.5135 acc=0.3291
[ep 012] val_sel AUC=0.5136 acc=0.3237
[ep 013] val_sel AUC=0.5113 acc=0.3473
[ep 014] val_sel AUC=0.5120 acc=0.3425
[ep 015] val_sel AUC=0.5146 acc=0.3291
[ep 016] val_sel AUC=0.5121 acc=0.3473
[ep 017] val_sel AUC=0.5137 acc=0.3237
[ep 018] val_sel AUC=0.5154 acc=0.3291
[ep 019] val_sel AUC=0.5132 acc=0.3473
[ep 020] val_sel AUC=0.5147 acc=0.3237
[ep 021] val_sel AUC=0.5149 acc=0.3291
[ep 022] val_sel AUC=0.5144 acc=0.3446
[ep 023] val_sel AUC=0.5154 acc=0.3237
[ep 024] val_sel AUC=0.5147 acc=0.3529
[ep 025] val_sel AUC=0.5152 acc=0.3291
[ep 026] val_sel AUC=0.5146 acc=0.3488
[ep 027] val_sel AUC=0.5145 acc=0.3441
[ep 028] val_sel AUC=0.5148 acc=0.3374
[ep 029] val_sel AUC=0.5149 acc=0.3169
[ep 030] val_sel AUC=0.5149 acc=0.3226
[ep 031] val_sel AUC=0.5149 acc=0.3237
[ep 032] val_sel AUC=0.5149 acc=0.3230
[ep 033] val_sel AUC=0.5140 acc=0.3538
[ep 034] val_sel AUC=0.5244 acc=0.3291
[ep 035] val_sel AUC=0.5188 acc=0.3237
[ep 036] val_sel AUC=0.5237 acc=0.3291
[ep 037] val_sel AUC=0.5243 acc=0.3562
[ep 038] val_sel AUC=0.5317 acc=0.3562
[ep 039] val_sel AUC=0.5371 acc=0.3529
[ep 040] val_sel AUC=0.5422 acc=0.3468
[ep 041] val_sel AUC=0.5395 acc=0.3587
[ep 042] val_sel AUC=0.5544 acc=0.3473
[ep 043] val_sel AUC=0.5251 acc=0.3446
[ep 044] val_sel AUC=0.5460 acc=0.3414
[ep 045] val_sel AUC=0.5570 acc=0.3598
[ep 046] val_sel AUC=0.5670 acc=0.3928
[ep 047] val_sel AUC=0.5744 acc=0.3926
[ep 048] val_sel AUC=0.5316 acc=0.3558
[ep 049] val_sel AUC=0.5519 acc=0.3614
[ep 050] val_sel AUC=0.5710 acc=0.3928
[ep 051] val_sel AUC=0.5859 acc=0.3975
[ep 052] val_sel AUC=0.5994 acc=0.4215
[ep 053] val_sel AUC=0.5871 acc=0.4049
[ep 054] val_sel AUC=0.6084 acc=0.4290
[ep 055] val_sel AUC=0.6014 acc=0.4085
[ep 056] val_sel AUC=0.6156 acc=0.4247
[ep 057] val_sel AUC=0.6280 acc=0.4413
[ep 058] val_sel AUC=0.6323 acc=0.4393
[ep 059] val_sel AUC=0.6145 acc=0.4173
[ep 060] val_sel AUC=0.5997 acc=0.4222
[ep 061] val_sel AUC=0.6187 acc=0.4346
[ep 062] val_sel AUC=0.6231 acc=0.4290
[ep 063] val_sel AUC=0.6276 acc=0.4341
[ep 064] val_sel AUC=0.6270 acc=0.4438
[ep 065] val_sel AUC=0.6347 acc=0.4545
[ep 066] val_sel AUC=0.6444 acc=0.4512
[ep 067] val_sel AUC=0.6448 acc=0.4465
[ep 068] val_sel AUC=0.6482 acc=0.4667
[ep 069] val_sel AUC=0.6537 acc=0.4622
[ep 070] val_sel AUC=0.6574 acc=0.4795
[ep 071] val_sel AUC=0.6654 acc=0.4617
[ep 072] val_sel AUC=0.6659 acc=0.4653
[ep 073] val_sel AUC=0.6622 acc=0.4813
[ep 074] val_sel AUC=0.6712 acc=0.4774
[ep 075] val_sel AUC=0.6661 acc=0.4831
[ep 076] val_sel AUC=0.6600 acc=0.4635
[ep 077] val_sel AUC=0.6625 acc=0.4658
[ep 078] val_sel AUC=0.6763 acc=0.4790
[ep 079] val_sel AUC=0.6711 acc=0.4786
[ep 080] val_sel AUC=0.6740 acc=0.4777
[ep 081] val_sel AUC=0.6706 acc=0.4862
[ep 082] val_sel AUC=0.6772 acc=0.4828
[ep 083] val_sel AUC=0.6736 acc=0.4947
[ep 084] val_sel AUC=0.6794 acc=0.4900
[ep 085] val_sel AUC=0.6770 acc=0.4949
[ep 086] val_sel AUC=0.6796 acc=0.4954
[ep 087] val_sel AUC=0.6801 acc=0.4988
[ep 088] val_sel AUC=0.6808 acc=0.4997
[ep 089] val_sel AUC=0.6796 acc=0.4997
[ep 090] val_sel AUC=0.6833 acc=0.5006
[ep 091] val_sel AUC=0.6825 acc=0.5015
[ep 092] val_sel AUC=0.6822 acc=0.5028
[ep 093] val_sel AUC=0.6828 acc=0.5033
[ep 094] val_sel AUC=0.6833 acc=0.5028
[ep 095] val_sel AUC=0.6833 acc=0.5021
[ep 096] val_sel AUC=0.6834 acc=0.5021
============================================================
TEST (best val_sel epoch, held-out, evaluated once)
============================================================
[DONE-QPE2] embed=conv model_II N=100 seed=52 test_AUC=0.6887 val_sel_AUC=0.6834 per_class=(axion=0.7681 cdm=0.5909 no_sub=0.7071) params=207619 embed_params=4160 R_frob_drift=None
