[INFO] QPE2 D=64 P=8 depth=4 | embed=conv | data=model_II N/class=100 seed=43 split_seed=0 | params=207619 embed_params=4160 lr=0.001 epochs=96 bs=32 | train(300, 64, 64) val_sel(4455, 64, 64) test(4455, 64, 64) device=cuda
[ep 001] val_sel AUC=0.4870 acc=0.3291
[ep 002] val_sel AUC=0.4911 acc=0.3473
[ep 003] val_sel AUC=0.4926 acc=0.3291
[ep 004] val_sel AUC=0.4958 acc=0.3473
[ep 005] val_sel AUC=0.4976 acc=0.3473
[ep 006] val_sel AUC=0.4961 acc=0.3237
[ep 007] val_sel AUC=0.4968 acc=0.3473
[ep 008] val_sel AUC=0.4979 acc=0.3237
[ep 009] val_sel AUC=0.5000 acc=0.3473
[ep 010] val_sel AUC=0.5009 acc=0.3291
[ep 011] val_sel AUC=0.5010 acc=0.3237
[ep 012] val_sel AUC=0.5042 acc=0.3473
[ep 013] val_sel AUC=0.5065 acc=0.3291
[ep 014] val_sel AUC=0.5090 acc=0.3473
[ep 015] val_sel AUC=0.5143 acc=0.3291
[ep 016] val_sel AUC=0.5165 acc=0.3473
[ep 017] val_sel AUC=0.5200 acc=0.3571
[ep 018] val_sel AUC=0.5238 acc=0.3511
[ep 019] val_sel AUC=0.5255 acc=0.3329
[ep 020] val_sel AUC=0.5303 acc=0.3291
[ep 021] val_sel AUC=0.5300 acc=0.3470
[ep 022] val_sel AUC=0.5300 acc=0.3479
[ep 023] val_sel AUC=0.5339 acc=0.3488
[ep 024] val_sel AUC=0.5340 acc=0.3520
[ep 025] val_sel AUC=0.5352 acc=0.3618
[ep 026] val_sel AUC=0.5371 acc=0.3547
[ep 027] val_sel AUC=0.5371 acc=0.3582
[ep 028] val_sel AUC=0.5374 acc=0.3553
[ep 029] val_sel AUC=0.5373 acc=0.3621
[ep 030] val_sel AUC=0.5376 acc=0.3627
[ep 031] val_sel AUC=0.5379 acc=0.3600
[ep 032] val_sel AUC=0.5379 acc=0.3612
[ep 033] val_sel AUC=0.5427 acc=0.3515
[ep 034] val_sel AUC=0.5333 acc=0.3585
[ep 035] val_sel AUC=0.5320 acc=0.3383
[ep 036] val_sel AUC=0.5429 acc=0.3688
[ep 037] val_sel AUC=0.5466 acc=0.3654
[ep 038] val_sel AUC=0.5547 acc=0.3634
[ep 039] val_sel AUC=0.5654 acc=0.3767
[ep 040] val_sel AUC=0.5791 acc=0.4139
[ep 041] val_sel AUC=0.6016 acc=0.4258
[ep 042] val_sel AUC=0.6110 acc=0.4155
[ep 043] val_sel AUC=0.6379 acc=0.4429
[ep 044] val_sel AUC=0.6383 acc=0.4200
[ep 045] val_sel AUC=0.6356 acc=0.4552
[ep 046] val_sel AUC=0.6575 acc=0.4611
[ep 047] val_sel AUC=0.6464 acc=0.4438
[ep 048] val_sel AUC=0.6241 acc=0.4088
[ep 049] val_sel AUC=0.6335 acc=0.4256
[ep 050] val_sel AUC=0.6359 acc=0.4579
[ep 051] val_sel AUC=0.6606 acc=0.4498
[ep 052] val_sel AUC=0.6807 acc=0.4972
[ep 053] val_sel AUC=0.6621 acc=0.4545
[ep 054] val_sel AUC=0.6463 acc=0.4604
[ep 055] val_sel AUC=0.6603 acc=0.4745
[ep 056] val_sel AUC=0.6823 acc=0.5073
[ep 057] val_sel AUC=0.6843 acc=0.4857
[ep 058] val_sel AUC=0.6891 acc=0.5138
[ep 059] val_sel AUC=0.6815 acc=0.5021
[ep 060] val_sel AUC=0.6951 acc=0.4914
[ep 061] val_sel AUC=0.6797 acc=0.4743
[ep 062] val_sel AUC=0.6865 acc=0.4929
[ep 063] val_sel AUC=0.6962 acc=0.5149
[ep 064] val_sel AUC=0.6955 acc=0.5044
[ep 065] val_sel AUC=0.6962 acc=0.5196
[ep 066] val_sel AUC=0.7005 acc=0.5327
[ep 067] val_sel AUC=0.6987 acc=0.5284
[ep 068] val_sel AUC=0.6983 acc=0.5057
[ep 069] val_sel AUC=0.7082 acc=0.5340
[ep 070] val_sel AUC=0.7059 acc=0.5107
[ep 071] val_sel AUC=0.7062 acc=0.5428
[ep 072] val_sel AUC=0.7135 acc=0.5275
[ep 073] val_sel AUC=0.7224 acc=0.5452
[ep 074] val_sel AUC=0.7209 acc=0.5423
[ep 075] val_sel AUC=0.7147 acc=0.5378
[ep 076] val_sel AUC=0.7157 acc=0.5385
[ep 077] val_sel AUC=0.7106 acc=0.5201
[ep 078] val_sel AUC=0.7096 acc=0.5333
[ep 079] val_sel AUC=0.7129 acc=0.5320
[ep 080] val_sel AUC=0.7183 acc=0.5430
[ep 081] val_sel AUC=0.7154 acc=0.5385
[ep 082] val_sel AUC=0.7086 acc=0.5385
[ep 083] val_sel AUC=0.7098 acc=0.5365
[ep 084] val_sel AUC=0.7151 acc=0.5385
[ep 085] val_sel AUC=0.7113 acc=0.5376
[ep 086] val_sel AUC=0.7107 acc=0.5423
[ep 087] val_sel AUC=0.7107 acc=0.5423
[ep 088] val_sel AUC=0.7095 acc=0.5441
[ep 089] val_sel AUC=0.7090 acc=0.5410
[ep 090] val_sel AUC=0.7102 acc=0.5392
[ep 091] val_sel AUC=0.7098 acc=0.5430
[ep 092] val_sel AUC=0.7096 acc=0.5407
[ep 093] val_sel AUC=0.7097 acc=0.5398
[ep 094] val_sel AUC=0.7097 acc=0.5401
[ep 095] val_sel AUC=0.7097 acc=0.5396
[ep 096] val_sel AUC=0.7097 acc=0.5394
============================================================
TEST (best val_sel epoch, held-out, evaluated once)
============================================================
[DONE-QPE2] embed=conv model_II N=100 seed=43 test_AUC=0.7339 val_sel_AUC=0.7224 per_class=(axion=0.8130 cdm=0.6260 no_sub=0.7628) params=207619 embed_params=4160 R_frob_drift=None
