[INFO] QPE2 D=64 P=8 depth=4 | embed=conv | data=model_III N/class=100 seed=58 split_seed=0 | params=207619 embed_params=4160 lr=0.001 epochs=96 bs=32 | train(300, 64, 64) val_sel(4469, 64, 64) test(4470, 64, 64) device=cuda
[ep 001] val_sel AUC=0.5023 acc=0.3285
[ep 002] val_sel AUC=0.4749 acc=0.3283
[ep 003] val_sel AUC=0.4765 acc=0.3285
[ep 004] val_sel AUC=0.4747 acc=0.3433
[ep 005] val_sel AUC=0.4802 acc=0.3283
[ep 006] val_sel AUC=0.4868 acc=0.3433
[ep 007] val_sel AUC=0.4978 acc=0.3433
[ep 008] val_sel AUC=0.4952 acc=0.3283
[ep 009] val_sel AUC=0.5115 acc=0.3285
[ep 010] val_sel AUC=0.5156 acc=0.3433
[ep 011] val_sel AUC=0.5228 acc=0.3283
[ep 012] val_sel AUC=0.5226 acc=0.3433
[ep 013] val_sel AUC=0.5299 acc=0.3285
[ep 014] val_sel AUC=0.5247 acc=0.3283
[ep 015] val_sel AUC=0.5281 acc=0.3285
[ep 016] val_sel AUC=0.5278 acc=0.3283
[ep 017] val_sel AUC=0.5279 acc=0.3283
[ep 018] val_sel AUC=0.5296 acc=0.3283
[ep 019] val_sel AUC=0.5303 acc=0.3285
[ep 020] val_sel AUC=0.5295 acc=0.3283
[ep 021] val_sel AUC=0.5299 acc=0.3285
[ep 022] val_sel AUC=0.5301 acc=0.3285
[ep 023] val_sel AUC=0.5293 acc=0.3433
[ep 024] val_sel AUC=0.5295 acc=0.3283
[ep 025] val_sel AUC=0.5297 acc=0.3283
[ep 026] val_sel AUC=0.5305 acc=0.3283
[ep 027] val_sel AUC=0.5306 acc=0.3283
[ep 028] val_sel AUC=0.5301 acc=0.3283
[ep 029] val_sel AUC=0.5303 acc=0.3589
[ep 030] val_sel AUC=0.5301 acc=0.3285
[ep 031] val_sel AUC=0.5300 acc=0.3285
[ep 032] val_sel AUC=0.5300 acc=0.3285
[ep 033] val_sel AUC=0.5293 acc=0.3285
[ep 034] val_sel AUC=0.5279 acc=0.3392
[ep 035] val_sel AUC=0.5309 acc=0.3285
[ep 036] val_sel AUC=0.5272 acc=0.3433
[ep 037] val_sel AUC=0.5325 acc=0.3285
[ep 038] val_sel AUC=0.5320 acc=0.3283
[ep 039] val_sel AUC=0.5302 acc=0.3285
[ep 040] val_sel AUC=0.5260 acc=0.3283
[ep 041] val_sel AUC=0.5215 acc=0.3285
[ep 042] val_sel AUC=0.5193 acc=0.3433
[ep 043] val_sel AUC=0.5190 acc=0.3285
[ep 044] val_sel AUC=0.5141 acc=0.3283
[ep 045] val_sel AUC=0.5137 acc=0.3430
[ep 046] val_sel AUC=0.5090 acc=0.3462
[ep 047] val_sel AUC=0.5010 acc=0.3390
[ep 048] val_sel AUC=0.5104 acc=0.3424
[ep 049] val_sel AUC=0.5165 acc=0.3565
[ep 050] val_sel AUC=0.5071 acc=0.3403
[ep 051] val_sel AUC=0.5066 acc=0.3462
[ep 052] val_sel AUC=0.5094 acc=0.3453
[ep 053] val_sel AUC=0.5266 acc=0.3531
[ep 054] val_sel AUC=0.5119 acc=0.3388
[ep 055] val_sel AUC=0.5253 acc=0.3535
[ep 056] val_sel AUC=0.5107 acc=0.3444
[ep 057] val_sel AUC=0.5293 acc=0.3612
[ep 058] val_sel AUC=0.5323 acc=0.3527
[ep 059] val_sel AUC=0.5318 acc=0.3603
[ep 060] val_sel AUC=0.5361 acc=0.3574
[ep 061] val_sel AUC=0.5353 acc=0.3603
[ep 062] val_sel AUC=0.5381 acc=0.3609
[ep 063] val_sel AUC=0.5422 acc=0.3708
[ep 064] val_sel AUC=0.5482 acc=0.3672
[ep 065] val_sel AUC=0.5485 acc=0.3544
[ep 066] val_sel AUC=0.5241 acc=0.3475
[ep 067] val_sel AUC=0.5418 acc=0.3600
[ep 068] val_sel AUC=0.5418 acc=0.3634
[ep 069] val_sel AUC=0.5500 acc=0.3748
[ep 070] val_sel AUC=0.5495 acc=0.3647
[ep 071] val_sel AUC=0.5516 acc=0.3737
[ep 072] val_sel AUC=0.5521 acc=0.3723
[ep 073] val_sel AUC=0.5584 acc=0.3697
[ep 074] val_sel AUC=0.5510 acc=0.3788
[ep 075] val_sel AUC=0.5623 acc=0.3719
[ep 076] val_sel AUC=0.5562 acc=0.3829
[ep 077] val_sel AUC=0.5657 acc=0.3878
[ep 078] val_sel AUC=0.5648 acc=0.3833
[ep 079] val_sel AUC=0.5758 acc=0.4023
[ep 080] val_sel AUC=0.5834 acc=0.4151
[ep 081] val_sel AUC=0.5858 acc=0.4133
[ep 082] val_sel AUC=0.5872 acc=0.4146
[ep 083] val_sel AUC=0.5897 acc=0.4180
[ep 084] val_sel AUC=0.5917 acc=0.4137
[ep 085] val_sel AUC=0.5928 acc=0.4030
[ep 086] val_sel AUC=0.5957 acc=0.4131
[ep 087] val_sel AUC=0.5946 acc=0.4173
[ep 088] val_sel AUC=0.6009 acc=0.4184
[ep 089] val_sel AUC=0.6029 acc=0.4198
[ep 090] val_sel AUC=0.6036 acc=0.4209
[ep 091] val_sel AUC=0.6038 acc=0.4249
[ep 092] val_sel AUC=0.6050 acc=0.4231
[ep 093] val_sel AUC=0.6054 acc=0.4256
[ep 094] val_sel AUC=0.6055 acc=0.4245
[ep 095] val_sel AUC=0.6058 acc=0.4245
[ep 096] val_sel AUC=0.6057 acc=0.4243
============================================================
TEST (best val_sel epoch, held-out, evaluated once)
============================================================
[DONE-QPE2] embed=conv model_III N=100 seed=58 test_AUC=0.6085 val_sel_AUC=0.6058 per_class=(axion=0.6513 cdm=0.5158 no_sub=0.6583) params=207619 embed_params=4160 R_frob_drift=None
