[INFO] QPE2 D=64 P=8 depth=4 | embed=conv | data=model_II N/class=250 seed=42 split_seed=0 | params=207619 embed_params=4160 lr=0.001 epochs=96 bs=32 | train(750, 64, 64) val_sel(4455, 64, 64) test(4455, 64, 64) device=cuda
[ep 001] val_sel AUC=0.5328 acc=0.3291
[ep 002] val_sel AUC=0.5337 acc=0.3237
[ep 003] val_sel AUC=0.5304 acc=0.3473
[ep 004] val_sel AUC=0.5267 acc=0.3237
[ep 005] val_sel AUC=0.5265 acc=0.3237
[ep 006] val_sel AUC=0.5281 acc=0.3291
[ep 007] val_sel AUC=0.5352 acc=0.3237
[ep 008] val_sel AUC=0.5344 acc=0.3291
[ep 009] val_sel AUC=0.5397 acc=0.3477
[ep 010] val_sel AUC=0.5325 acc=0.3439
[ep 011] val_sel AUC=0.5467 acc=0.3522
[ep 012] val_sel AUC=0.5844 acc=0.4011
[ep 013] val_sel AUC=0.6042 acc=0.4108
[ep 014] val_sel AUC=0.6041 acc=0.4092
[ep 015] val_sel AUC=0.6571 acc=0.4732
[ep 016] val_sel AUC=0.6925 acc=0.5140
[ep 017] val_sel AUC=0.6667 acc=0.4577
[ep 018] val_sel AUC=0.7072 acc=0.5104
[ep 019] val_sel AUC=0.7233 acc=0.5163
[ep 020] val_sel AUC=0.7460 acc=0.5484
[ep 021] val_sel AUC=0.7515 acc=0.5668
[ep 022] val_sel AUC=0.7533 acc=0.5540
[ep 023] val_sel AUC=0.7823 acc=0.5998
[ep 024] val_sel AUC=0.7973 acc=0.6092
[ep 025] val_sel AUC=0.7998 acc=0.6290
[ep 026] val_sel AUC=0.8096 acc=0.6366
[ep 027] val_sel AUC=0.8119 acc=0.6409
[ep 028] val_sel AUC=0.8187 acc=0.6604
[ep 029] val_sel AUC=0.8185 acc=0.6620
[ep 030] val_sel AUC=0.8213 acc=0.6631
[ep 031] val_sel AUC=0.8220 acc=0.6649
[ep 032] val_sel AUC=0.8220 acc=0.6635
[ep 033] val_sel AUC=0.7578 acc=0.4736
[ep 034] val_sel AUC=0.7585 acc=0.5677
[ep 035] val_sel AUC=0.7649 acc=0.5807
[ep 036] val_sel AUC=0.7367 acc=0.5490
[ep 037] val_sel AUC=0.7945 acc=0.5852
[ep 038] val_sel AUC=0.7621 acc=0.5609
[ep 039] val_sel AUC=0.7763 acc=0.5883
[ep 040] val_sel AUC=0.7731 acc=0.5971
[ep 041] val_sel AUC=0.7864 acc=0.5850
[ep 042] val_sel AUC=0.8017 acc=0.6083
[ep 043] val_sel AUC=0.8215 acc=0.6339
[ep 044] val_sel AUC=0.7226 acc=0.5203
[ep 045] val_sel AUC=0.8004 acc=0.6325
[ep 046] val_sel AUC=0.8279 acc=0.6840
[ep 047] val_sel AUC=0.7807 acc=0.5859
[ep 048] val_sel AUC=0.8186 acc=0.6505
[ep 049] val_sel AUC=0.8427 acc=0.6595
[ep 050] val_sel AUC=0.8082 acc=0.6420
[ep 051] val_sel AUC=0.8464 acc=0.6873
[ep 052] val_sel AUC=0.8254 acc=0.6554
[ep 053] val_sel AUC=0.8500 acc=0.6747
[ep 054] val_sel AUC=0.8426 acc=0.6817
[ep 055] val_sel AUC=0.7957 acc=0.5969
[ep 056] val_sel AUC=0.8390 acc=0.6786
[ep 057] val_sel AUC=0.8476 acc=0.6842
[ep 058] val_sel AUC=0.8433 acc=0.6406
[ep 059] val_sel AUC=0.8567 acc=0.7015
[ep 060] val_sel AUC=0.8635 acc=0.7089
[ep 061] val_sel AUC=0.8436 acc=0.6900
[ep 062] val_sel AUC=0.8503 acc=0.6781
[ep 063] val_sel AUC=0.8617 acc=0.6923
[ep 064] val_sel AUC=0.8594 acc=0.6891
[ep 065] val_sel AUC=0.8582 acc=0.7059
[ep 066] val_sel AUC=0.8634 acc=0.7228
[ep 067] val_sel AUC=0.8692 acc=0.7196
[ep 068] val_sel AUC=0.8685 acc=0.7165
[ep 069] val_sel AUC=0.8785 acc=0.7284
[ep 070] val_sel AUC=0.8827 acc=0.7448
[ep 071] val_sel AUC=0.8675 acc=0.7174
[ep 072] val_sel AUC=0.8753 acc=0.7304
[ep 073] val_sel AUC=0.8781 acc=0.7401
[ep 074] val_sel AUC=0.8725 acc=0.7250
[ep 075] val_sel AUC=0.8781 acc=0.7331
[ep 076] val_sel AUC=0.8785 acc=0.7380
[ep 077] val_sel AUC=0.8817 acc=0.7466
[ep 078] val_sel AUC=0.8872 acc=0.7547
[ep 079] val_sel AUC=0.8884 acc=0.7582
[ep 080] val_sel AUC=0.8885 acc=0.7560
[ep 081] val_sel AUC=0.8944 acc=0.7663
[ep 082] val_sel AUC=0.8887 acc=0.7567
[ep 083] val_sel AUC=0.8919 acc=0.7643
[ep 084] val_sel AUC=0.8921 acc=0.7659
[ep 085] val_sel AUC=0.8902 acc=0.7600
[ep 086] val_sel AUC=0.8917 acc=0.7661
[ep 087] val_sel AUC=0.8902 acc=0.7659
[ep 088] val_sel AUC=0.8910 acc=0.7645
[ep 089] val_sel AUC=0.8901 acc=0.7627
[ep 090] val_sel AUC=0.8920 acc=0.7704
[ep 091] val_sel AUC=0.8911 acc=0.7688
[ep 092] val_sel AUC=0.8909 acc=0.7670
[ep 093] val_sel AUC=0.8910 acc=0.7668
[ep 094] val_sel AUC=0.8908 acc=0.7666
[ep 095] val_sel AUC=0.8908 acc=0.7668
[ep 096] val_sel AUC=0.8908 acc=0.7670
============================================================
TEST (best val_sel epoch, held-out, evaluated once)
============================================================
[DONE-QPE2] embed=conv model_II N=250 seed=42 test_AUC=0.8948 val_sel_AUC=0.8944 per_class=(axion=0.9397 cdm=0.8048 no_sub=0.9398) params=207619 embed_params=4160 R_frob_drift=None
