[INFO] QPE2 D=64 P=8 depth=4 | embed=conv | data=model_III N/class=250 seed=60 split_seed=0 | params=207619 embed_params=4160 lr=0.001 epochs=96 bs=32 | train(750, 64, 64) val_sel(4469, 64, 64) test(4470, 64, 64) device=cuda
[ep 001] val_sel AUC=0.4781 acc=0.3283
[ep 002] val_sel AUC=0.4801 acc=0.3285
[ep 003] val_sel AUC=0.4892 acc=0.3285
[ep 004] val_sel AUC=0.5032 acc=0.3433
[ep 005] val_sel AUC=0.5072 acc=0.3285
[ep 006] val_sel AUC=0.5098 acc=0.3285
[ep 007] val_sel AUC=0.5131 acc=0.3283
[ep 008] val_sel AUC=0.5160 acc=0.3285
[ep 009] val_sel AUC=0.5173 acc=0.3283
[ep 010] val_sel AUC=0.5202 acc=0.3283
[ep 011] val_sel AUC=0.5196 acc=0.3433
[ep 012] val_sel AUC=0.5231 acc=0.3285
[ep 013] val_sel AUC=0.5245 acc=0.3283
[ep 014] val_sel AUC=0.5244 acc=0.3433
[ep 015] val_sel AUC=0.5251 acc=0.3433
[ep 016] val_sel AUC=0.5231 acc=0.3283
[ep 017] val_sel AUC=0.5176 acc=0.3433
[ep 018] val_sel AUC=0.5180 acc=0.3285
[ep 019] val_sel AUC=0.5179 acc=0.3242
[ep 020] val_sel AUC=0.5155 acc=0.3459
[ep 021] val_sel AUC=0.5205 acc=0.3567
[ep 022] val_sel AUC=0.5266 acc=0.3515
[ep 023] val_sel AUC=0.5212 acc=0.3500
[ep 024] val_sel AUC=0.5375 acc=0.3466
[ep 025] val_sel AUC=0.5270 acc=0.3585
[ep 026] val_sel AUC=0.5380 acc=0.3515
[ep 027] val_sel AUC=0.5385 acc=0.3502
[ep 028] val_sel AUC=0.5407 acc=0.3504
[ep 029] val_sel AUC=0.5428 acc=0.3529
[ep 030] val_sel AUC=0.5419 acc=0.3506
[ep 031] val_sel AUC=0.5426 acc=0.3486
[ep 032] val_sel AUC=0.5428 acc=0.3477
[ep 033] val_sel AUC=0.6023 acc=0.4017
[ep 034] val_sel AUC=0.5482 acc=0.3450
[ep 035] val_sel AUC=0.5555 acc=0.3667
[ep 036] val_sel AUC=0.5700 acc=0.3428
[ep 037] val_sel AUC=0.5953 acc=0.4046
[ep 038] val_sel AUC=0.5981 acc=0.4001
[ep 039] val_sel AUC=0.6242 acc=0.3911
[ep 040] val_sel AUC=0.6784 acc=0.4567
[ep 041] val_sel AUC=0.7030 acc=0.4406
[ep 042] val_sel AUC=0.6899 acc=0.4822
[ep 043] val_sel AUC=0.7271 acc=0.5321
[ep 044] val_sel AUC=0.6922 acc=0.4654
[ep 045] val_sel AUC=0.7670 acc=0.5558
[ep 046] val_sel AUC=0.7817 acc=0.5771
[ep 047] val_sel AUC=0.8015 acc=0.5885
[ep 048] val_sel AUC=0.7945 acc=0.6082
[ep 049] val_sel AUC=0.7827 acc=0.5898
[ep 050] val_sel AUC=0.7987 acc=0.6033
[ep 051] val_sel AUC=0.8190 acc=0.6518
[ep 052] val_sel AUC=0.8132 acc=0.6328
[ep 053] val_sel AUC=0.8068 acc=0.6100
[ep 054] val_sel AUC=0.8320 acc=0.6482
[ep 055] val_sel AUC=0.8392 acc=0.6567
[ep 056] val_sel AUC=0.8409 acc=0.6699
[ep 057] val_sel AUC=0.8493 acc=0.6807
[ep 058] val_sel AUC=0.8452 acc=0.6715
[ep 059] val_sel AUC=0.8534 acc=0.6785
[ep 060] val_sel AUC=0.8355 acc=0.6373
[ep 061] val_sel AUC=0.8487 acc=0.6764
[ep 062] val_sel AUC=0.8559 acc=0.6934
[ep 063] val_sel AUC=0.8488 acc=0.6876
[ep 064] val_sel AUC=0.8499 acc=0.6599
[ep 065] val_sel AUC=0.8381 acc=0.6467
[ep 066] val_sel AUC=0.8569 acc=0.6997
[ep 067] val_sel AUC=0.8430 acc=0.6778
[ep 068] val_sel AUC=0.8628 acc=0.6975
[ep 069] val_sel AUC=0.8607 acc=0.7082
[ep 070] val_sel AUC=0.8518 acc=0.6937
[ep 071] val_sel AUC=0.8547 acc=0.6943
[ep 072] val_sel AUC=0.8702 acc=0.7328
[ep 073] val_sel AUC=0.8689 acc=0.7263
[ep 074] val_sel AUC=0.8682 acc=0.7129
[ep 075] val_sel AUC=0.8748 acc=0.7308
[ep 076] val_sel AUC=0.8730 acc=0.7275
[ep 077] val_sel AUC=0.8747 acc=0.7395
[ep 078] val_sel AUC=0.8693 acc=0.7257
[ep 079] val_sel AUC=0.8778 acc=0.7424
[ep 080] val_sel AUC=0.8737 acc=0.7440
[ep 081] val_sel AUC=0.8785 acc=0.7642
[ep 082] val_sel AUC=0.8821 acc=0.7612
[ep 083] val_sel AUC=0.8799 acc=0.7442
[ep 084] val_sel AUC=0.8825 acc=0.7480
[ep 085] val_sel AUC=0.8846 acc=0.7583
[ep 086] val_sel AUC=0.8814 acc=0.7568
[ep 087] val_sel AUC=0.8832 acc=0.7626
[ep 088] val_sel AUC=0.8849 acc=0.7671
[ep 089] val_sel AUC=0.8845 acc=0.7639
[ep 090] val_sel AUC=0.8823 acc=0.7601
[ep 091] val_sel AUC=0.8835 acc=0.7633
[ep 092] val_sel AUC=0.8817 acc=0.7579
[ep 093] val_sel AUC=0.8826 acc=0.7599
[ep 094] val_sel AUC=0.8823 acc=0.7606
[ep 095] val_sel AUC=0.8823 acc=0.7601
[ep 096] val_sel AUC=0.8823 acc=0.7599
============================================================
TEST (best val_sel epoch, held-out, evaluated once)
============================================================
[DONE-QPE2] embed=conv model_III N=250 seed=60 test_AUC=0.8788 val_sel_AUC=0.8849 per_class=(axion=0.9075 cdm=0.7899 no_sub=0.9391) params=207619 embed_params=4160 R_frob_drift=None
