[INFO] QPE2 D=64 P=8 depth=4 | embed=conv | data=model_II N/class=100 seed=48 split_seed=0 | params=207619 embed_params=4160 lr=0.001 epochs=96 bs=32 | train(300, 64, 64) val_sel(4455, 64, 64) test(4455, 64, 64) device=cuda
[ep 001] val_sel AUC=0.4962 acc=0.3291
[ep 002] val_sel AUC=0.4952 acc=0.3237
[ep 003] val_sel AUC=0.4950 acc=0.3291
[ep 004] val_sel AUC=0.4964 acc=0.3324
[ep 005] val_sel AUC=0.4974 acc=0.3237
[ep 006] val_sel AUC=0.4977 acc=0.3291
[ep 007] val_sel AUC=0.4983 acc=0.3473
[ep 008] val_sel AUC=0.4989 acc=0.3237
[ep 009] val_sel AUC=0.4992 acc=0.3473
[ep 010] val_sel AUC=0.4982 acc=0.3291
[ep 011] val_sel AUC=0.4979 acc=0.3473
[ep 012] val_sel AUC=0.4966 acc=0.3473
[ep 013] val_sel AUC=0.4957 acc=0.3237
[ep 014] val_sel AUC=0.5001 acc=0.3473
[ep 015] val_sel AUC=0.4993 acc=0.3237
[ep 016] val_sel AUC=0.5046 acc=0.3473
[ep 017] val_sel AUC=0.5086 acc=0.3416
[ep 018] val_sel AUC=0.5090 acc=0.3329
[ep 019] val_sel AUC=0.5080 acc=0.3473
[ep 020] val_sel AUC=0.5090 acc=0.3345
[ep 021] val_sel AUC=0.5106 acc=0.3333
[ep 022] val_sel AUC=0.5064 acc=0.3205
[ep 023] val_sel AUC=0.5071 acc=0.3392
[ep 024] val_sel AUC=0.5066 acc=0.3369
[ep 025] val_sel AUC=0.5066 acc=0.3378
[ep 026] val_sel AUC=0.5062 acc=0.3387
[ep 027] val_sel AUC=0.5049 acc=0.3367
[ep 028] val_sel AUC=0.5059 acc=0.3313
[ep 029] val_sel AUC=0.5057 acc=0.3387
[ep 030] val_sel AUC=0.5059 acc=0.3401
[ep 031] val_sel AUC=0.5057 acc=0.3389
[ep 032] val_sel AUC=0.5057 acc=0.3392
[ep 033] val_sel AUC=0.5119 acc=0.3383
[ep 034] val_sel AUC=0.5051 acc=0.3367
[ep 035] val_sel AUC=0.5014 acc=0.3475
[ep 036] val_sel AUC=0.4987 acc=0.3407
[ep 037] val_sel AUC=0.4984 acc=0.3430
[ep 038] val_sel AUC=0.5014 acc=0.3407
[ep 039] val_sel AUC=0.5165 acc=0.3403
[ep 040] val_sel AUC=0.5069 acc=0.3369
[ep 041] val_sel AUC=0.5118 acc=0.3499
[ep 042] val_sel AUC=0.5206 acc=0.3452
[ep 043] val_sel AUC=0.5276 acc=0.3468
[ep 044] val_sel AUC=0.5317 acc=0.3506
[ep 045] val_sel AUC=0.5372 acc=0.3513
[ep 046] val_sel AUC=0.5522 acc=0.3666
[ep 047] val_sel AUC=0.5564 acc=0.3666
[ep 048] val_sel AUC=0.5727 acc=0.3942
[ep 049] val_sel AUC=0.5937 acc=0.3877
[ep 050] val_sel AUC=0.6016 acc=0.4135
[ep 051] val_sel AUC=0.5852 acc=0.3861
[ep 052] val_sel AUC=0.5845 acc=0.4171
[ep 053] val_sel AUC=0.6065 acc=0.4285
[ep 054] val_sel AUC=0.6109 acc=0.4186
[ep 055] val_sel AUC=0.6170 acc=0.4364
[ep 056] val_sel AUC=0.6047 acc=0.4117
[ep 057] val_sel AUC=0.6222 acc=0.4505
[ep 058] val_sel AUC=0.6327 acc=0.4507
[ep 059] val_sel AUC=0.6513 acc=0.4633
[ep 060] val_sel AUC=0.6465 acc=0.4741
[ep 061] val_sel AUC=0.6622 acc=0.4700
[ep 062] val_sel AUC=0.6666 acc=0.4871
[ep 063] val_sel AUC=0.6306 acc=0.4599
[ep 064] val_sel AUC=0.6574 acc=0.4660
[ep 065] val_sel AUC=0.6760 acc=0.4943
[ep 066] val_sel AUC=0.6960 acc=0.5185
[ep 067] val_sel AUC=0.6697 acc=0.5071
[ep 068] val_sel AUC=0.6700 acc=0.4795
[ep 069] val_sel AUC=0.6542 acc=0.4925
[ep 070] val_sel AUC=0.6736 acc=0.5064
[ep 071] val_sel AUC=0.6931 acc=0.5295
[ep 072] val_sel AUC=0.7025 acc=0.5167
[ep 073] val_sel AUC=0.7055 acc=0.5430
[ep 074] val_sel AUC=0.7134 acc=0.5392
[ep 075] val_sel AUC=0.7119 acc=0.5412
[ep 076] val_sel AUC=0.7017 acc=0.5208
[ep 077] val_sel AUC=0.6999 acc=0.5342
[ep 078] val_sel AUC=0.7086 acc=0.5358
[ep 079] val_sel AUC=0.7078 acc=0.5356
[ep 080] val_sel AUC=0.7186 acc=0.5464
[ep 081] val_sel AUC=0.7148 acc=0.5428
[ep 082] val_sel AUC=0.7196 acc=0.5416
[ep 083] val_sel AUC=0.7101 acc=0.5336
[ep 084] val_sel AUC=0.7175 acc=0.5497
[ep 085] val_sel AUC=0.7198 acc=0.5508
[ep 086] val_sel AUC=0.7180 acc=0.5412
[ep 087] val_sel AUC=0.7164 acc=0.5398
[ep 088] val_sel AUC=0.7169 acc=0.5425
[ep 089] val_sel AUC=0.7170 acc=0.5439
[ep 090] val_sel AUC=0.7179 acc=0.5477
[ep 091] val_sel AUC=0.7175 acc=0.5452
[ep 092] val_sel AUC=0.7170 acc=0.5432
[ep 093] val_sel AUC=0.7169 acc=0.5430
[ep 094] val_sel AUC=0.7172 acc=0.5425
[ep 095] val_sel AUC=0.7172 acc=0.5434
[ep 096] val_sel AUC=0.7172 acc=0.5430
============================================================
TEST (best val_sel epoch, held-out, evaluated once)
============================================================
[DONE-QPE2] embed=conv model_II N=100 seed=48 test_AUC=0.7138 val_sel_AUC=0.7198 per_class=(axion=0.7822 cdm=0.5659 no_sub=0.7933) params=207619 embed_params=4160 R_frob_drift=None
