[INFO] QPE2 D=64 P=8 depth=4 | embed=conv | data=model_III N/class=250 seed=57 split_seed=0 | params=207619 embed_params=4160 lr=0.001 epochs=96 bs=32 | train(750, 64, 64) val_sel(4469, 64, 64) test(4470, 64, 64) device=cuda
[ep 001] val_sel AUC=0.4967 acc=0.3285
[ep 002] val_sel AUC=0.5048 acc=0.3433
[ep 003] val_sel AUC=0.5244 acc=0.3283
[ep 004] val_sel AUC=0.5378 acc=0.3433
[ep 005] val_sel AUC=0.5489 acc=0.3283
[ep 006] val_sel AUC=0.5548 acc=0.3285
[ep 007] val_sel AUC=0.5609 acc=0.3433
[ep 008] val_sel AUC=0.5599 acc=0.3283
[ep 009] val_sel AUC=0.5660 acc=0.3283
[ep 010] val_sel AUC=0.5675 acc=0.3433
[ep 011] val_sel AUC=0.5742 acc=0.3285
[ep 012] val_sel AUC=0.5705 acc=0.3285
[ep 013] val_sel AUC=0.5656 acc=0.3283
[ep 014] val_sel AUC=0.5712 acc=0.3283
[ep 015] val_sel AUC=0.5713 acc=0.3433
[ep 016] val_sel AUC=0.5720 acc=0.3433
[ep 017] val_sel AUC=0.5752 acc=0.3285
[ep 018] val_sel AUC=0.5746 acc=0.3283
[ep 019] val_sel AUC=0.5665 acc=0.3285
[ep 020] val_sel AUC=0.5538 acc=0.3433
[ep 021] val_sel AUC=0.5535 acc=0.3283
[ep 022] val_sel AUC=0.5446 acc=0.3645
[ep 023] val_sel AUC=0.5379 acc=0.3433
[ep 024] val_sel AUC=0.5372 acc=0.3433
[ep 025] val_sel AUC=0.5332 acc=0.3285
[ep 026] val_sel AUC=0.5336 acc=0.3433
[ep 027] val_sel AUC=0.5333 acc=0.3433
[ep 028] val_sel AUC=0.5333 acc=0.3750
[ep 029] val_sel AUC=0.5333 acc=0.3441
[ep 030] val_sel AUC=0.5334 acc=0.3430
[ep 031] val_sel AUC=0.5334 acc=0.3578
[ep 032] val_sel AUC=0.5334 acc=0.3620
[ep 033] val_sel AUC=0.5294 acc=0.3433
[ep 034] val_sel AUC=0.5235 acc=0.3480
[ep 035] val_sel AUC=0.5192 acc=0.3354
[ep 036] val_sel AUC=0.5227 acc=0.3356
[ep 037] val_sel AUC=0.5325 acc=0.3430
[ep 038] val_sel AUC=0.5377 acc=0.3585
[ep 039] val_sel AUC=0.5554 acc=0.3632
[ep 040] val_sel AUC=0.5620 acc=0.3497
[ep 041] val_sel AUC=0.5627 acc=0.3616
[ep 042] val_sel AUC=0.5779 acc=0.3896
[ep 043] val_sel AUC=0.5560 acc=0.3732
[ep 044] val_sel AUC=0.6298 acc=0.3701
[ep 045] val_sel AUC=0.6172 acc=0.4433
[ep 046] val_sel AUC=0.6458 acc=0.4439
[ep 047] val_sel AUC=0.7091 acc=0.4829
[ep 048] val_sel AUC=0.7298 acc=0.5343
[ep 049] val_sel AUC=0.7641 acc=0.5724
[ep 050] val_sel AUC=0.8065 acc=0.6451
[ep 051] val_sel AUC=0.8250 acc=0.6485
[ep 052] val_sel AUC=0.7517 acc=0.5538
[ep 053] val_sel AUC=0.8416 acc=0.6702
[ep 054] val_sel AUC=0.8057 acc=0.5847
[ep 055] val_sel AUC=0.8600 acc=0.6925
[ep 056] val_sel AUC=0.8805 acc=0.7295
[ep 057] val_sel AUC=0.8916 acc=0.7116
[ep 058] val_sel AUC=0.8922 acc=0.7333
[ep 059] val_sel AUC=0.8330 acc=0.5950
[ep 060] val_sel AUC=0.8966 acc=0.7557
[ep 061] val_sel AUC=0.9110 acc=0.7796
[ep 062] val_sel AUC=0.9005 acc=0.7550
[ep 063] val_sel AUC=0.9124 acc=0.7861
[ep 064] val_sel AUC=0.9039 acc=0.7704
[ep 065] val_sel AUC=0.9113 acc=0.7881
[ep 066] val_sel AUC=0.9248 acc=0.8134
[ep 067] val_sel AUC=0.9179 acc=0.7903
[ep 068] val_sel AUC=0.9143 acc=0.8047
[ep 069] val_sel AUC=0.9261 acc=0.8111
[ep 070] val_sel AUC=0.9243 acc=0.8246
[ep 071] val_sel AUC=0.9248 acc=0.8067
[ep 072] val_sel AUC=0.9199 acc=0.7809
[ep 073] val_sel AUC=0.9276 acc=0.8257
[ep 074] val_sel AUC=0.9284 acc=0.8170
[ep 075] val_sel AUC=0.9259 acc=0.8221
[ep 076] val_sel AUC=0.9300 acc=0.8304
[ep 077] val_sel AUC=0.9284 acc=0.8333
[ep 078] val_sel AUC=0.9121 acc=0.7870
[ep 079] val_sel AUC=0.9271 acc=0.8154
[ep 080] val_sel AUC=0.9319 acc=0.8389
[ep 081] val_sel AUC=0.9305 acc=0.8409
[ep 082] val_sel AUC=0.9309 acc=0.8396
[ep 083] val_sel AUC=0.9331 acc=0.8476
[ep 084] val_sel AUC=0.9305 acc=0.8407
[ep 085] val_sel AUC=0.9331 acc=0.8463
[ep 086] val_sel AUC=0.9324 acc=0.8467
[ep 087] val_sel AUC=0.9315 acc=0.8465
[ep 088] val_sel AUC=0.9303 acc=0.8469
[ep 089] val_sel AUC=0.9308 acc=0.8487
[ep 090] val_sel AUC=0.9308 acc=0.8472
[ep 091] val_sel AUC=0.9306 acc=0.8465
[ep 092] val_sel AUC=0.9305 acc=0.8481
[ep 093] val_sel AUC=0.9309 acc=0.8476
[ep 094] val_sel AUC=0.9307 acc=0.8476
[ep 095] val_sel AUC=0.9305 acc=0.8481
[ep 096] val_sel AUC=0.9306 acc=0.8472
============================================================
TEST (best val_sel epoch, held-out, evaluated once)
============================================================
[DONE-QPE2] embed=conv model_III N=250 seed=57 test_AUC=0.9304 val_sel_AUC=0.9331 per_class=(axion=0.9430 cdm=0.8742 no_sub=0.9740) params=207619 embed_params=4160 R_frob_drift=None
