[INFO] QPE2 D=64 P=8 depth=4 | embed=conv | data=model_II N/class=250 seed=61 split_seed=0 | params=207619 embed_params=4160 lr=0.001 epochs=96 bs=32 | train(750, 64, 64) val_sel(4455, 64, 64) test(4455, 64, 64) device=cuda
[ep 001] val_sel AUC=0.5190 acc=0.3237
[ep 002] val_sel AUC=0.5200 acc=0.3473
[ep 003] val_sel AUC=0.5226 acc=0.3484
[ep 004] val_sel AUC=0.5215 acc=0.3237
[ep 005] val_sel AUC=0.5193 acc=0.3473
[ep 006] val_sel AUC=0.5160 acc=0.3473
[ep 007] val_sel AUC=0.5139 acc=0.3473
[ep 008] val_sel AUC=0.5116 acc=0.3237
[ep 009] val_sel AUC=0.5116 acc=0.3237
[ep 010] val_sel AUC=0.5150 acc=0.3473
[ep 011] val_sel AUC=0.5173 acc=0.3522
[ep 012] val_sel AUC=0.5161 acc=0.3244
[ep 013] val_sel AUC=0.5215 acc=0.3291
[ep 014] val_sel AUC=0.5187 acc=0.3255
[ep 015] val_sel AUC=0.5291 acc=0.3499
[ep 016] val_sel AUC=0.5296 acc=0.3666
[ep 017] val_sel AUC=0.5372 acc=0.3560
[ep 018] val_sel AUC=0.5415 acc=0.3684
[ep 019] val_sel AUC=0.5576 acc=0.3903
[ep 020] val_sel AUC=0.5717 acc=0.3865
[ep 021] val_sel AUC=0.5795 acc=0.3834
[ep 022] val_sel AUC=0.5702 acc=0.3978
[ep 023] val_sel AUC=0.6049 acc=0.4177
[ep 024] val_sel AUC=0.6248 acc=0.4321
[ep 025] val_sel AUC=0.6459 acc=0.4507
[ep 026] val_sel AUC=0.6463 acc=0.4617
[ep 027] val_sel AUC=0.6519 acc=0.4709
[ep 028] val_sel AUC=0.6597 acc=0.4671
[ep 029] val_sel AUC=0.6644 acc=0.4745
[ep 030] val_sel AUC=0.6672 acc=0.4734
[ep 031] val_sel AUC=0.6693 acc=0.4723
[ep 032] val_sel AUC=0.6696 acc=0.4734
[ep 033] val_sel AUC=0.5736 acc=0.4105
[ep 034] val_sel AUC=0.5932 acc=0.3969
[ep 035] val_sel AUC=0.6458 acc=0.4476
[ep 036] val_sel AUC=0.6751 acc=0.4853
[ep 037] val_sel AUC=0.6563 acc=0.4438
[ep 038] val_sel AUC=0.6649 acc=0.4343
[ep 039] val_sel AUC=0.6586 acc=0.4514
[ep 040] val_sel AUC=0.6907 acc=0.4869
[ep 041] val_sel AUC=0.6631 acc=0.4350
[ep 042] val_sel AUC=0.7009 acc=0.5086
[ep 043] val_sel AUC=0.6900 acc=0.4857
[ep 044] val_sel AUC=0.6999 acc=0.4902
[ep 045] val_sel AUC=0.7164 acc=0.5324
[ep 046] val_sel AUC=0.7330 acc=0.5484
[ep 047] val_sel AUC=0.7506 acc=0.5562
[ep 048] val_sel AUC=0.7570 acc=0.5650
[ep 049] val_sel AUC=0.7509 acc=0.5731
[ep 050] val_sel AUC=0.7583 acc=0.5614
[ep 051] val_sel AUC=0.7938 acc=0.6207
[ep 052] val_sel AUC=0.7884 acc=0.5980
[ep 053] val_sel AUC=0.7814 acc=0.6009
[ep 054] val_sel AUC=0.7753 acc=0.5793
[ep 055] val_sel AUC=0.8159 acc=0.6325
[ep 056] val_sel AUC=0.8251 acc=0.6581
[ep 057] val_sel AUC=0.7949 acc=0.6249
[ep 058] val_sel AUC=0.8128 acc=0.6364
[ep 059] val_sel AUC=0.8331 acc=0.6646
[ep 060] val_sel AUC=0.8386 acc=0.6777
[ep 061] val_sel AUC=0.8177 acc=0.6301
[ep 062] val_sel AUC=0.8405 acc=0.6581
[ep 063] val_sel AUC=0.8340 acc=0.6640
[ep 064] val_sel AUC=0.8347 acc=0.6615
[ep 065] val_sel AUC=0.8299 acc=0.6626
[ep 066] val_sel AUC=0.8459 acc=0.6840
[ep 067] val_sel AUC=0.8492 acc=0.7001
[ep 068] val_sel AUC=0.8437 acc=0.6774
[ep 069] val_sel AUC=0.8509 acc=0.6970
[ep 070] val_sel AUC=0.8477 acc=0.6952
[ep 071] val_sel AUC=0.8562 acc=0.7051
[ep 072] val_sel AUC=0.8567 acc=0.7129
[ep 073] val_sel AUC=0.8487 acc=0.6907
[ep 074] val_sel AUC=0.8546 acc=0.7064
[ep 075] val_sel AUC=0.8502 acc=0.7012
[ep 076] val_sel AUC=0.8609 acc=0.7199
[ep 077] val_sel AUC=0.8508 acc=0.7012
[ep 078] val_sel AUC=0.8454 acc=0.6909
[ep 079] val_sel AUC=0.8582 acc=0.7098
[ep 080] val_sel AUC=0.8544 acc=0.7053
[ep 081] val_sel AUC=0.8556 acc=0.7091
[ep 082] val_sel AUC=0.8583 acc=0.7098
[ep 083] val_sel AUC=0.8580 acc=0.7073
[ep 084] val_sel AUC=0.8576 acc=0.7134
[ep 085] val_sel AUC=0.8605 acc=0.7178
[ep 086] val_sel AUC=0.8600 acc=0.7178
[ep 087] val_sel AUC=0.8580 acc=0.7138
[ep 088] val_sel AUC=0.8592 acc=0.7113
[ep 089] val_sel AUC=0.8585 acc=0.7156
[ep 090] val_sel AUC=0.8587 acc=0.7156
[ep 091] val_sel AUC=0.8590 acc=0.7125
[ep 092] val_sel AUC=0.8589 acc=0.7165
[ep 093] val_sel AUC=0.8588 acc=0.7145
[ep 094] val_sel AUC=0.8585 acc=0.7131
[ep 095] val_sel AUC=0.8583 acc=0.7143
[ep 096] val_sel AUC=0.8585 acc=0.7152
============================================================
TEST (best val_sel epoch, held-out, evaluated once)
============================================================
[DONE-QPE2] embed=conv model_II N=250 seed=61 test_AUC=0.8593 val_sel_AUC=0.8609 per_class=(axion=0.9191 cdm=0.7390 no_sub=0.9197) params=207619 embed_params=4160 R_frob_drift=None
