[INFO] QPE2 D=64 P=8 depth=4 | embed=conv | data=model_II N/class=100 seed=46 split_seed=0 | params=207619 embed_params=4160 lr=0.001 epochs=96 bs=32 | train(300, 64, 64) val_sel(4455, 64, 64) test(4455, 64, 64) device=cuda
[ep 001] val_sel AUC=0.5268 acc=0.3237
[ep 002] val_sel AUC=0.5273 acc=0.3473
[ep 003] val_sel AUC=0.5282 acc=0.3237
[ep 004] val_sel AUC=0.5317 acc=0.3291
[ep 005] val_sel AUC=0.5358 acc=0.3291
[ep 006] val_sel AUC=0.5415 acc=0.3237
[ep 007] val_sel AUC=0.5442 acc=0.3291
[ep 008] val_sel AUC=0.5466 acc=0.3291
[ep 009] val_sel AUC=0.5479 acc=0.3313
[ep 010] val_sel AUC=0.5502 acc=0.3291
[ep 011] val_sel AUC=0.5478 acc=0.3237
[ep 012] val_sel AUC=0.5514 acc=0.3291
[ep 013] val_sel AUC=0.5507 acc=0.3291
[ep 014] val_sel AUC=0.5515 acc=0.3473
[ep 015] val_sel AUC=0.5513 acc=0.3291
[ep 016] val_sel AUC=0.5490 acc=0.3237
[ep 017] val_sel AUC=0.5491 acc=0.3473
[ep 018] val_sel AUC=0.5475 acc=0.3291
[ep 019] val_sel AUC=0.5422 acc=0.3237
[ep 020] val_sel AUC=0.5346 acc=0.3237
[ep 021] val_sel AUC=0.5263 acc=0.3291
[ep 022] val_sel AUC=0.5240 acc=0.3300
[ep 023] val_sel AUC=0.5204 acc=0.3473
[ep 024] val_sel AUC=0.5197 acc=0.3641
[ep 025] val_sel AUC=0.5169 acc=0.3250
[ep 026] val_sel AUC=0.5159 acc=0.3531
[ep 027] val_sel AUC=0.5151 acc=0.3508
[ep 028] val_sel AUC=0.5144 acc=0.3540
[ep 029] val_sel AUC=0.5141 acc=0.3542
[ep 030] val_sel AUC=0.5139 acc=0.3535
[ep 031] val_sel AUC=0.5138 acc=0.3515
[ep 032] val_sel AUC=0.5138 acc=0.3533
[ep 033] val_sel AUC=0.5087 acc=0.3291
[ep 034] val_sel AUC=0.5108 acc=0.3291
[ep 035] val_sel AUC=0.5148 acc=0.3374
[ep 036] val_sel AUC=0.5130 acc=0.3401
[ep 037] val_sel AUC=0.5182 acc=0.3515
[ep 038] val_sel AUC=0.5189 acc=0.3329
[ep 039] val_sel AUC=0.5168 acc=0.3497
[ep 040] val_sel AUC=0.5269 acc=0.3378
[ep 041] val_sel AUC=0.5203 acc=0.3493
[ep 042] val_sel AUC=0.5239 acc=0.3569
[ep 043] val_sel AUC=0.5272 acc=0.3473
[ep 044] val_sel AUC=0.5240 acc=0.3439
[ep 045] val_sel AUC=0.5330 acc=0.3567
[ep 046] val_sel AUC=0.5099 acc=0.3544
[ep 047] val_sel AUC=0.5109 acc=0.3342
[ep 048] val_sel AUC=0.5169 acc=0.3515
[ep 049] val_sel AUC=0.5177 acc=0.3470
[ep 050] val_sel AUC=0.5125 acc=0.3320
[ep 051] val_sel AUC=0.5171 acc=0.3475
[ep 052] val_sel AUC=0.5173 acc=0.3432
[ep 053] val_sel AUC=0.5185 acc=0.3396
[ep 054] val_sel AUC=0.5202 acc=0.3481
[ep 055] val_sel AUC=0.5234 acc=0.3461
[ep 056] val_sel AUC=0.5230 acc=0.3439
[ep 057] val_sel AUC=0.5254 acc=0.3457
[ep 058] val_sel AUC=0.5304 acc=0.3538
[ep 059] val_sel AUC=0.5339 acc=0.3481
[ep 060] val_sel AUC=0.5441 acc=0.3596
[ep 061] val_sel AUC=0.5573 acc=0.3692
[ep 062] val_sel AUC=0.5609 acc=0.3735
[ep 063] val_sel AUC=0.5712 acc=0.3782
[ep 064] val_sel AUC=0.5850 acc=0.3856
[ep 065] val_sel AUC=0.6102 acc=0.4155
[ep 066] val_sel AUC=0.6145 acc=0.4004
[ep 067] val_sel AUC=0.6165 acc=0.4444
[ep 068] val_sel AUC=0.6273 acc=0.4512
[ep 069] val_sel AUC=0.6473 acc=0.4604
[ep 070] val_sel AUC=0.6347 acc=0.4325
[ep 071] val_sel AUC=0.6466 acc=0.4496
[ep 072] val_sel AUC=0.6448 acc=0.4489
[ep 073] val_sel AUC=0.6620 acc=0.4788
[ep 074] val_sel AUC=0.6620 acc=0.4743
[ep 075] val_sel AUC=0.6595 acc=0.4687
[ep 076] val_sel AUC=0.6667 acc=0.4967
[ep 077] val_sel AUC=0.6947 acc=0.5273
[ep 078] val_sel AUC=0.6856 acc=0.4884
[ep 079] val_sel AUC=0.6888 acc=0.5255
[ep 080] val_sel AUC=0.6962 acc=0.5250
[ep 081] val_sel AUC=0.6955 acc=0.4988
[ep 082] val_sel AUC=0.7021 acc=0.5259
[ep 083] val_sel AUC=0.7021 acc=0.5176
[ep 084] val_sel AUC=0.7004 acc=0.5082
[ep 085] val_sel AUC=0.7042 acc=0.5279
[ep 086] val_sel AUC=0.7050 acc=0.5187
[ep 087] val_sel AUC=0.7089 acc=0.5270
[ep 088] val_sel AUC=0.7093 acc=0.5291
[ep 089] val_sel AUC=0.7089 acc=0.5279
[ep 090] val_sel AUC=0.7116 acc=0.5374
[ep 091] val_sel AUC=0.7119 acc=0.5351
[ep 092] val_sel AUC=0.7127 acc=0.5363
[ep 093] val_sel AUC=0.7122 acc=0.5351
[ep 094] val_sel AUC=0.7124 acc=0.5360
[ep 095] val_sel AUC=0.7126 acc=0.5349
[ep 096] val_sel AUC=0.7127 acc=0.5356
============================================================
TEST (best val_sel epoch, held-out, evaluated once)
============================================================
[DONE-QPE2] embed=conv model_II N=100 seed=46 test_AUC=0.7193 val_sel_AUC=0.7127 per_class=(axion=0.7844 cdm=0.6130 no_sub=0.7605) params=207619 embed_params=4160 R_frob_drift=None
