[INFO] QPE2 D=64 P=8 depth=4 | embed=conv | data=model_II N/class=100 seed=59 split_seed=0 | params=207619 embed_params=4160 lr=0.001 epochs=96 bs=32 | train(300, 64, 64) val_sel(4455, 64, 64) test(4455, 64, 64) device=cuda
[ep 001] val_sel AUC=0.5122 acc=0.3237
[ep 002] val_sel AUC=0.5091 acc=0.3291
[ep 003] val_sel AUC=0.5149 acc=0.3237
[ep 004] val_sel AUC=0.5156 acc=0.3473
[ep 005] val_sel AUC=0.5165 acc=0.3473
[ep 006] val_sel AUC=0.5164 acc=0.3237
[ep 007] val_sel AUC=0.5160 acc=0.3291
[ep 008] val_sel AUC=0.5155 acc=0.3513
[ep 009] val_sel AUC=0.5153 acc=0.3479
[ep 010] val_sel AUC=0.5149 acc=0.3237
[ep 011] val_sel AUC=0.5146 acc=0.3297
[ep 012] val_sel AUC=0.5168 acc=0.3513
[ep 013] val_sel AUC=0.5153 acc=0.3439
[ep 014] val_sel AUC=0.5163 acc=0.3464
[ep 015] val_sel AUC=0.5170 acc=0.3439
[ep 016] val_sel AUC=0.5217 acc=0.3466
[ep 017] val_sel AUC=0.5190 acc=0.3452
[ep 018] val_sel AUC=0.5181 acc=0.3508
[ep 019] val_sel AUC=0.5194 acc=0.3481
[ep 020] val_sel AUC=0.5181 acc=0.3522
[ep 021] val_sel AUC=0.5199 acc=0.3549
[ep 022] val_sel AUC=0.5208 acc=0.3540
[ep 023] val_sel AUC=0.5215 acc=0.3542
[ep 024] val_sel AUC=0.5216 acc=0.3549
[ep 025] val_sel AUC=0.5219 acc=0.3553
[ep 026] val_sel AUC=0.5221 acc=0.3612
[ep 027] val_sel AUC=0.5224 acc=0.3535
[ep 028] val_sel AUC=0.5227 acc=0.3591
[ep 029] val_sel AUC=0.5228 acc=0.3623
[ep 030] val_sel AUC=0.5228 acc=0.3605
[ep 031] val_sel AUC=0.5228 acc=0.3598
[ep 032] val_sel AUC=0.5228 acc=0.3598
[ep 033] val_sel AUC=0.5254 acc=0.3621
[ep 034] val_sel AUC=0.5249 acc=0.3306
[ep 035] val_sel AUC=0.5243 acc=0.3636
[ep 036] val_sel AUC=0.5274 acc=0.3475
[ep 037] val_sel AUC=0.5348 acc=0.3668
[ep 038] val_sel AUC=0.5365 acc=0.3580
[ep 039] val_sel AUC=0.5402 acc=0.3457
[ep 040] val_sel AUC=0.5391 acc=0.3690
[ep 041] val_sel AUC=0.5438 acc=0.3735
[ep 042] val_sel AUC=0.5415 acc=0.3645
[ep 043] val_sel AUC=0.5390 acc=0.3695
[ep 044] val_sel AUC=0.5587 acc=0.3688
[ep 045] val_sel AUC=0.5536 acc=0.3634
[ep 046] val_sel AUC=0.5620 acc=0.3751
[ep 047] val_sel AUC=0.5672 acc=0.3987
[ep 048] val_sel AUC=0.5937 acc=0.4067
[ep 049] val_sel AUC=0.5909 acc=0.4054
[ep 050] val_sel AUC=0.6014 acc=0.4236
[ep 051] val_sel AUC=0.6006 acc=0.4213
[ep 052] val_sel AUC=0.6184 acc=0.4251
[ep 053] val_sel AUC=0.6093 acc=0.4184
[ep 054] val_sel AUC=0.6193 acc=0.4334
[ep 055] val_sel AUC=0.6120 acc=0.4076
[ep 056] val_sel AUC=0.6334 acc=0.4476
[ep 057] val_sel AUC=0.6410 acc=0.4458
[ep 058] val_sel AUC=0.6368 acc=0.4256
[ep 059] val_sel AUC=0.6339 acc=0.4447
[ep 060] val_sel AUC=0.6578 acc=0.4617
[ep 061] val_sel AUC=0.6412 acc=0.4384
[ep 062] val_sel AUC=0.6730 acc=0.4831
[ep 063] val_sel AUC=0.6696 acc=0.4813
[ep 064] val_sel AUC=0.6869 acc=0.5006
[ep 065] val_sel AUC=0.6851 acc=0.4770
[ep 066] val_sel AUC=0.6765 acc=0.4887
[ep 067] val_sel AUC=0.6924 acc=0.5019
[ep 068] val_sel AUC=0.6883 acc=0.4891
[ep 069] val_sel AUC=0.7072 acc=0.5167
[ep 070] val_sel AUC=0.7062 acc=0.5140
[ep 071] val_sel AUC=0.7034 acc=0.5194
[ep 072] val_sel AUC=0.7089 acc=0.5077
[ep 073] val_sel AUC=0.7099 acc=0.5302
[ep 074] val_sel AUC=0.7144 acc=0.5302
[ep 075] val_sel AUC=0.7157 acc=0.5255
[ep 076] val_sel AUC=0.7021 acc=0.5199
[ep 077] val_sel AUC=0.7058 acc=0.5275
[ep 078] val_sel AUC=0.7184 acc=0.5302
[ep 079] val_sel AUC=0.7180 acc=0.5304
[ep 080] val_sel AUC=0.7178 acc=0.5284
[ep 081] val_sel AUC=0.7194 acc=0.5394
[ep 082] val_sel AUC=0.7141 acc=0.5318
[ep 083] val_sel AUC=0.7131 acc=0.5374
[ep 084] val_sel AUC=0.7137 acc=0.5358
[ep 085] val_sel AUC=0.7131 acc=0.5338
[ep 086] val_sel AUC=0.7106 acc=0.5279
[ep 087] val_sel AUC=0.7123 acc=0.5342
[ep 088] val_sel AUC=0.7130 acc=0.5358
[ep 089] val_sel AUC=0.7124 acc=0.5345
[ep 090] val_sel AUC=0.7125 acc=0.5340
[ep 091] val_sel AUC=0.7125 acc=0.5360
[ep 092] val_sel AUC=0.7124 acc=0.5358
[ep 093] val_sel AUC=0.7126 acc=0.5367
[ep 094] val_sel AUC=0.7125 acc=0.5354
[ep 095] val_sel AUC=0.7126 acc=0.5360
[ep 096] val_sel AUC=0.7126 acc=0.5358
============================================================
TEST (best val_sel epoch, held-out, evaluated once)
============================================================
[DONE-QPE2] embed=conv model_II N=100 seed=59 test_AUC=0.7228 val_sel_AUC=0.7194 per_class=(axion=0.8143 cdm=0.5819 no_sub=0.7722) params=207619 embed_params=4160 R_frob_drift=None
