[INFO] QPE2 D=64 P=8 depth=4 | embed=conv | data=model_III N/class=100 seed=46 split_seed=0 | params=207619 embed_params=4160 lr=0.001 epochs=96 bs=32 | train(300, 64, 64) val_sel(4469, 64, 64) test(4470, 64, 64) device=cuda
[ep 001] val_sel AUC=0.5112 acc=0.3285
[ep 002] val_sel AUC=0.5156 acc=0.3433
[ep 003] val_sel AUC=0.5157 acc=0.3285
[ep 004] val_sel AUC=0.5178 acc=0.3424
[ep 005] val_sel AUC=0.5199 acc=0.3370
[ep 006] val_sel AUC=0.5213 acc=0.3285
[ep 007] val_sel AUC=0.5220 acc=0.3283
[ep 008] val_sel AUC=0.5232 acc=0.3283
[ep 009] val_sel AUC=0.5239 acc=0.3433
[ep 010] val_sel AUC=0.5248 acc=0.3283
[ep 011] val_sel AUC=0.5252 acc=0.3285
[ep 012] val_sel AUC=0.5255 acc=0.3283
[ep 013] val_sel AUC=0.5254 acc=0.3283
[ep 014] val_sel AUC=0.5262 acc=0.3433
[ep 015] val_sel AUC=0.5263 acc=0.3283
[ep 016] val_sel AUC=0.5258 acc=0.3285
[ep 017] val_sel AUC=0.5268 acc=0.3433
[ep 018] val_sel AUC=0.5263 acc=0.3283
[ep 019] val_sel AUC=0.5257 acc=0.3285
[ep 020] val_sel AUC=0.5251 acc=0.3285
[ep 021] val_sel AUC=0.5253 acc=0.3283
[ep 022] val_sel AUC=0.5251 acc=0.3386
[ep 023] val_sel AUC=0.5247 acc=0.3475
[ep 024] val_sel AUC=0.5243 acc=0.3433
[ep 025] val_sel AUC=0.5243 acc=0.3466
[ep 026] val_sel AUC=0.5244 acc=0.3433
[ep 027] val_sel AUC=0.5244 acc=0.3437
[ep 028] val_sel AUC=0.5244 acc=0.3466
[ep 029] val_sel AUC=0.5244 acc=0.3415
[ep 030] val_sel AUC=0.5244 acc=0.3464
[ep 031] val_sel AUC=0.5244 acc=0.3509
[ep 032] val_sel AUC=0.5244 acc=0.3511
[ep 033] val_sel AUC=0.5272 acc=0.3283
[ep 034] val_sel AUC=0.5302 acc=0.3283
[ep 035] val_sel AUC=0.5343 acc=0.3553
[ep 036] val_sel AUC=0.5368 acc=0.3285
[ep 037] val_sel AUC=0.5389 acc=0.3392
[ep 038] val_sel AUC=0.5393 acc=0.3488
[ep 039] val_sel AUC=0.5428 acc=0.3533
[ep 040] val_sel AUC=0.5152 acc=0.3318
[ep 041] val_sel AUC=0.5414 acc=0.3480
[ep 042] val_sel AUC=0.5413 acc=0.3480
[ep 043] val_sel AUC=0.5490 acc=0.3636
[ep 044] val_sel AUC=0.5597 acc=0.3929
[ep 045] val_sel AUC=0.5519 acc=0.3831
[ep 046] val_sel AUC=0.5463 acc=0.3688
[ep 047] val_sel AUC=0.5334 acc=0.3612
[ep 048] val_sel AUC=0.5329 acc=0.3518
[ep 049] val_sel AUC=0.5514 acc=0.3723
[ep 050] val_sel AUC=0.5461 acc=0.3667
[ep 051] val_sel AUC=0.5522 acc=0.3761
[ep 052] val_sel AUC=0.5635 acc=0.3864
[ep 053] val_sel AUC=0.5346 acc=0.3553
[ep 054] val_sel AUC=0.5656 acc=0.3793
[ep 055] val_sel AUC=0.5469 acc=0.3766
[ep 056] val_sel AUC=0.5560 acc=0.3849
[ep 057] val_sel AUC=0.5667 acc=0.3826
[ep 058] val_sel AUC=0.5688 acc=0.3958
[ep 059] val_sel AUC=0.5795 acc=0.4001
[ep 060] val_sel AUC=0.5946 acc=0.4243
[ep 061] val_sel AUC=0.5955 acc=0.4111
[ep 062] val_sel AUC=0.6097 acc=0.4301
[ep 063] val_sel AUC=0.6133 acc=0.4363
[ep 064] val_sel AUC=0.6058 acc=0.4160
[ep 065] val_sel AUC=0.6155 acc=0.4343
[ep 066] val_sel AUC=0.6235 acc=0.4417
[ep 067] val_sel AUC=0.6251 acc=0.4549
[ep 068] val_sel AUC=0.6259 acc=0.4379
[ep 069] val_sel AUC=0.6411 acc=0.4659
[ep 070] val_sel AUC=0.6456 acc=0.4697
[ep 071] val_sel AUC=0.6491 acc=0.4513
[ep 072] val_sel AUC=0.6483 acc=0.4652
[ep 073] val_sel AUC=0.6545 acc=0.4719
[ep 074] val_sel AUC=0.6529 acc=0.4768
[ep 075] val_sel AUC=0.6545 acc=0.4780
[ep 076] val_sel AUC=0.6635 acc=0.4784
[ep 077] val_sel AUC=0.6690 acc=0.4755
[ep 078] val_sel AUC=0.6606 acc=0.4820
[ep 079] val_sel AUC=0.6636 acc=0.4838
[ep 080] val_sel AUC=0.6683 acc=0.4880
[ep 081] val_sel AUC=0.6605 acc=0.4809
[ep 082] val_sel AUC=0.6732 acc=0.4898
[ep 083] val_sel AUC=0.6667 acc=0.4898
[ep 084] val_sel AUC=0.6751 acc=0.4930
[ep 085] val_sel AUC=0.6616 acc=0.4820
[ep 086] val_sel AUC=0.6725 acc=0.4918
[ep 087] val_sel AUC=0.6678 acc=0.4894
[ep 088] val_sel AUC=0.6702 acc=0.4945
[ep 089] val_sel AUC=0.6706 acc=0.4916
[ep 090] val_sel AUC=0.6700 acc=0.4956
[ep 091] val_sel AUC=0.6704 acc=0.4954
[ep 092] val_sel AUC=0.6695 acc=0.4959
[ep 093] val_sel AUC=0.6695 acc=0.4965
[ep 094] val_sel AUC=0.6696 acc=0.4954
[ep 095] val_sel AUC=0.6697 acc=0.4961
[ep 096] val_sel AUC=0.6697 acc=0.4963
============================================================
TEST (best val_sel epoch, held-out, evaluated once)
============================================================
[DONE-QPE2] embed=conv model_III N=100 seed=46 test_AUC=0.6896 val_sel_AUC=0.6751 per_class=(axion=0.7603 cdm=0.5883 no_sub=0.7200) params=207619 embed_params=4160 R_frob_drift=None
