[INFO] QPE2 D=64 P=8 depth=4 | embed=conv | data=model_III N/class=250 seed=61 split_seed=0 | params=207619 embed_params=4160 lr=0.001 epochs=96 bs=32 | train(750, 64, 64) val_sel(4469, 64, 64) test(4470, 64, 64) device=cuda
[ep 001] val_sel AUC=0.5183 acc=0.3285
[ep 002] val_sel AUC=0.5191 acc=0.3433
[ep 003] val_sel AUC=0.5221 acc=0.3435
[ep 004] val_sel AUC=0.5223 acc=0.3285
[ep 005] val_sel AUC=0.5261 acc=0.3433
[ep 006] val_sel AUC=0.5261 acc=0.3433
[ep 007] val_sel AUC=0.5256 acc=0.3433
[ep 008] val_sel AUC=0.5330 acc=0.3285
[ep 009] val_sel AUC=0.5335 acc=0.3285
[ep 010] val_sel AUC=0.5307 acc=0.3433
[ep 011] val_sel AUC=0.5306 acc=0.3714
[ep 012] val_sel AUC=0.5309 acc=0.3285
[ep 013] val_sel AUC=0.5312 acc=0.3283
[ep 014] val_sel AUC=0.5315 acc=0.3283
[ep 015] val_sel AUC=0.5309 acc=0.3433
[ep 016] val_sel AUC=0.5317 acc=0.3433
[ep 017] val_sel AUC=0.5341 acc=0.3433
[ep 018] val_sel AUC=0.5414 acc=0.3560
[ep 019] val_sel AUC=0.5354 acc=0.3283
[ep 020] val_sel AUC=0.5479 acc=0.3616
[ep 021] val_sel AUC=0.5523 acc=0.3701
[ep 022] val_sel AUC=0.5487 acc=0.3551
[ep 023] val_sel AUC=0.5502 acc=0.3690
[ep 024] val_sel AUC=0.5472 acc=0.3652
[ep 025] val_sel AUC=0.5515 acc=0.3706
[ep 026] val_sel AUC=0.5532 acc=0.3690
[ep 027] val_sel AUC=0.5562 acc=0.3732
[ep 028] val_sel AUC=0.5573 acc=0.3748
[ep 029] val_sel AUC=0.5604 acc=0.3741
[ep 030] val_sel AUC=0.5627 acc=0.3777
[ep 031] val_sel AUC=0.5630 acc=0.3770
[ep 032] val_sel AUC=0.5630 acc=0.3782
[ep 033] val_sel AUC=0.5674 acc=0.3370
[ep 034] val_sel AUC=0.5975 acc=0.3676
[ep 035] val_sel AUC=0.5854 acc=0.3379
[ep 036] val_sel AUC=0.6137 acc=0.3486
[ep 037] val_sel AUC=0.6146 acc=0.3334
[ep 038] val_sel AUC=0.6273 acc=0.3976
[ep 039] val_sel AUC=0.5612 acc=0.3869
[ep 040] val_sel AUC=0.5690 acc=0.3620
[ep 041] val_sel AUC=0.6122 acc=0.4341
[ep 042] val_sel AUC=0.6245 acc=0.4310
[ep 043] val_sel AUC=0.6432 acc=0.4815
[ep 044] val_sel AUC=0.7107 acc=0.5182
[ep 045] val_sel AUC=0.7531 acc=0.5292
[ep 046] val_sel AUC=0.7641 acc=0.5332
[ep 047] val_sel AUC=0.7909 acc=0.5825
[ep 048] val_sel AUC=0.8191 acc=0.6344
[ep 049] val_sel AUC=0.7765 acc=0.5514
[ep 050] val_sel AUC=0.8385 acc=0.6693
[ep 051] val_sel AUC=0.8304 acc=0.6288
[ep 052] val_sel AUC=0.8741 acc=0.7031
[ep 053] val_sel AUC=0.8187 acc=0.6297
[ep 054] val_sel AUC=0.8746 acc=0.7174
[ep 055] val_sel AUC=0.8723 acc=0.6921
[ep 056] val_sel AUC=0.8475 acc=0.6885
[ep 057] val_sel AUC=0.8834 acc=0.7266
[ep 058] val_sel AUC=0.8924 acc=0.7431
[ep 059] val_sel AUC=0.8222 acc=0.6095
[ep 060] val_sel AUC=0.8761 acc=0.7098
[ep 061] val_sel AUC=0.9043 acc=0.7706
[ep 062] val_sel AUC=0.8973 acc=0.7431
[ep 063] val_sel AUC=0.9023 acc=0.7724
[ep 064] val_sel AUC=0.8978 acc=0.7259
[ep 065] val_sel AUC=0.9073 acc=0.7740
[ep 066] val_sel AUC=0.9054 acc=0.7572
[ep 067] val_sel AUC=0.8920 acc=0.7172
[ep 068] val_sel AUC=0.9072 acc=0.7666
[ep 069] val_sel AUC=0.8989 acc=0.7590
[ep 070] val_sel AUC=0.9101 acc=0.7805
[ep 071] val_sel AUC=0.9094 acc=0.7727
[ep 072] val_sel AUC=0.9200 acc=0.8020
[ep 073] val_sel AUC=0.9113 acc=0.7767
[ep 074] val_sel AUC=0.9135 acc=0.7783
[ep 075] val_sel AUC=0.9199 acc=0.7948
[ep 076] val_sel AUC=0.9222 acc=0.7997
[ep 077] val_sel AUC=0.9215 acc=0.7912
[ep 078] val_sel AUC=0.9250 acc=0.8087
[ep 079] val_sel AUC=0.9243 acc=0.8118
[ep 080] val_sel AUC=0.9196 acc=0.7923
[ep 081] val_sel AUC=0.9243 acc=0.8024
[ep 082] val_sel AUC=0.9265 acc=0.8116
[ep 083] val_sel AUC=0.9292 acc=0.8152
[ep 084] val_sel AUC=0.9254 acc=0.8051
[ep 085] val_sel AUC=0.9318 acc=0.8217
[ep 086] val_sel AUC=0.9310 acc=0.8239
[ep 087] val_sel AUC=0.9302 acc=0.8179
[ep 088] val_sel AUC=0.9305 acc=0.8185
[ep 089] val_sel AUC=0.9315 acc=0.8223
[ep 090] val_sel AUC=0.9316 acc=0.8239
[ep 091] val_sel AUC=0.9284 acc=0.8176
[ep 092] val_sel AUC=0.9315 acc=0.8239
[ep 093] val_sel AUC=0.9312 acc=0.8217
[ep 094] val_sel AUC=0.9313 acc=0.8223
[ep 095] val_sel AUC=0.9311 acc=0.8221
[ep 096] val_sel AUC=0.9313 acc=0.8223
============================================================
TEST (best val_sel epoch, held-out, evaluated once)
============================================================
[DONE-QPE2] embed=conv model_III N=250 seed=61 test_AUC=0.9271 val_sel_AUC=0.9318 per_class=(axion=0.9550 cdm=0.8617 no_sub=0.9645) params=207619 embed_params=4160 R_frob_drift=None
