[INFO] QPE2 D=64 P=8 depth=4 | embed=conv | data=model_II N/class=100 seed=47 split_seed=0 | params=207619 embed_params=4160 lr=0.001 epochs=96 bs=32 | train(300, 64, 64) val_sel(4455, 64, 64) test(4455, 64, 64) device=cuda
[ep 001] val_sel AUC=0.5062 acc=0.3473
[ep 002] val_sel AUC=0.4977 acc=0.3237
[ep 003] val_sel AUC=0.5035 acc=0.3473
[ep 004] val_sel AUC=0.5099 acc=0.3082
[ep 005] val_sel AUC=0.5125 acc=0.3466
[ep 006] val_sel AUC=0.5156 acc=0.3558
[ep 007] val_sel AUC=0.5156 acc=0.3464
[ep 008] val_sel AUC=0.5156 acc=0.3367
[ep 009] val_sel AUC=0.5147 acc=0.3473
[ep 010] val_sel AUC=0.5142 acc=0.3228
[ep 011] val_sel AUC=0.5181 acc=0.3484
[ep 012] val_sel AUC=0.5225 acc=0.3645
[ep 013] val_sel AUC=0.5226 acc=0.3428
[ep 014] val_sel AUC=0.5191 acc=0.3544
[ep 015] val_sel AUC=0.5185 acc=0.3551
[ep 016] val_sel AUC=0.5215 acc=0.3479
[ep 017] val_sel AUC=0.5261 acc=0.3455
[ep 018] val_sel AUC=0.5260 acc=0.3591
[ep 019] val_sel AUC=0.5287 acc=0.3544
[ep 020] val_sel AUC=0.5345 acc=0.3576
[ep 021] val_sel AUC=0.5344 acc=0.3589
[ep 022] val_sel AUC=0.5359 acc=0.3569
[ep 023] val_sel AUC=0.5421 acc=0.3677
[ep 024] val_sel AUC=0.5446 acc=0.3728
[ep 025] val_sel AUC=0.5398 acc=0.3715
[ep 026] val_sel AUC=0.5438 acc=0.3645
[ep 027] val_sel AUC=0.5431 acc=0.3686
[ep 028] val_sel AUC=0.5460 acc=0.3706
[ep 029] val_sel AUC=0.5460 acc=0.3704
[ep 030] val_sel AUC=0.5463 acc=0.3686
[ep 031] val_sel AUC=0.5465 acc=0.3708
[ep 032] val_sel AUC=0.5466 acc=0.3708
[ep 033] val_sel AUC=0.5571 acc=0.3630
[ep 034] val_sel AUC=0.5525 acc=0.3488
[ep 035] val_sel AUC=0.5487 acc=0.3672
[ep 036] val_sel AUC=0.5426 acc=0.3605
[ep 037] val_sel AUC=0.5583 acc=0.3589
[ep 038] val_sel AUC=0.5588 acc=0.3841
[ep 039] val_sel AUC=0.5603 acc=0.3944
[ep 040] val_sel AUC=0.5878 acc=0.4040
[ep 041] val_sel AUC=0.5856 acc=0.4094
[ep 042] val_sel AUC=0.5576 acc=0.3845
[ep 043] val_sel AUC=0.5880 acc=0.4049
[ep 044] val_sel AUC=0.5736 acc=0.4002
[ep 045] val_sel AUC=0.5893 acc=0.3996
[ep 046] val_sel AUC=0.5860 acc=0.3845
[ep 047] val_sel AUC=0.5954 acc=0.4105
[ep 048] val_sel AUC=0.6006 acc=0.4090
[ep 049] val_sel AUC=0.5923 acc=0.4141
[ep 050] val_sel AUC=0.6327 acc=0.4220
[ep 051] val_sel AUC=0.6223 acc=0.4198
[ep 052] val_sel AUC=0.6227 acc=0.4305
[ep 053] val_sel AUC=0.6323 acc=0.4420
[ep 054] val_sel AUC=0.6418 acc=0.4382
[ep 055] val_sel AUC=0.6431 acc=0.4444
[ep 056] val_sel AUC=0.6537 acc=0.4563
[ep 057] val_sel AUC=0.6480 acc=0.4566
[ep 058] val_sel AUC=0.6383 acc=0.4157
[ep 059] val_sel AUC=0.6573 acc=0.4593
[ep 060] val_sel AUC=0.6570 acc=0.4611
[ep 061] val_sel AUC=0.6699 acc=0.4689
[ep 062] val_sel AUC=0.6649 acc=0.4716
[ep 063] val_sel AUC=0.6536 acc=0.4577
[ep 064] val_sel AUC=0.6651 acc=0.4561
[ep 065] val_sel AUC=0.6564 acc=0.4723
[ep 066] val_sel AUC=0.6730 acc=0.4721
[ep 067] val_sel AUC=0.6807 acc=0.4813
[ep 068] val_sel AUC=0.6824 acc=0.4972
[ep 069] val_sel AUC=0.6728 acc=0.4714
[ep 070] val_sel AUC=0.6718 acc=0.4756
[ep 071] val_sel AUC=0.6693 acc=0.4786
[ep 072] val_sel AUC=0.6747 acc=0.4920
[ep 073] val_sel AUC=0.6755 acc=0.4801
[ep 074] val_sel AUC=0.6805 acc=0.5012
[ep 075] val_sel AUC=0.6797 acc=0.4920
[ep 076] val_sel AUC=0.6846 acc=0.5021
[ep 077] val_sel AUC=0.6875 acc=0.5055
[ep 078] val_sel AUC=0.6821 acc=0.4976
[ep 079] val_sel AUC=0.6847 acc=0.5118
[ep 080] val_sel AUC=0.6818 acc=0.5017
[ep 081] val_sel AUC=0.6830 acc=0.5100
[ep 082] val_sel AUC=0.6823 acc=0.5048
[ep 083] val_sel AUC=0.6859 acc=0.5109
[ep 084] val_sel AUC=0.6859 acc=0.5143
[ep 085] val_sel AUC=0.6830 acc=0.5077
[ep 086] val_sel AUC=0.6842 acc=0.5134
[ep 087] val_sel AUC=0.6823 acc=0.5057
[ep 088] val_sel AUC=0.6836 acc=0.5102
[ep 089] val_sel AUC=0.6846 acc=0.5165
[ep 090] val_sel AUC=0.6829 acc=0.5136
[ep 091] val_sel AUC=0.6838 acc=0.5160
[ep 092] val_sel AUC=0.6840 acc=0.5174
[ep 093] val_sel AUC=0.6836 acc=0.5163
[ep 094] val_sel AUC=0.6837 acc=0.5163
[ep 095] val_sel AUC=0.6836 acc=0.5163
[ep 096] val_sel AUC=0.6836 acc=0.5167
============================================================
TEST (best val_sel epoch, held-out, evaluated once)
============================================================
[DONE-QPE2] embed=conv model_II N=100 seed=47 test_AUC=0.6936 val_sel_AUC=0.6875 per_class=(axion=0.7599 cdm=0.5696 no_sub=0.7511) params=207619 embed_params=4160 R_frob_drift=None
