[INFO] QPE2 D=64 P=8 depth=4 | embed=conv | data=model_II N/class=250 seed=60 split_seed=0 | params=207619 embed_params=4160 lr=0.001 epochs=96 bs=32 | train(750, 64, 64) val_sel(4455, 64, 64) test(4455, 64, 64) device=cuda
[ep 001] val_sel AUC=0.4830 acc=0.3291
[ep 002] val_sel AUC=0.4926 acc=0.3237
[ep 003] val_sel AUC=0.5005 acc=0.3237
[ep 004] val_sel AUC=0.5153 acc=0.3473
[ep 005] val_sel AUC=0.5231 acc=0.3205
[ep 006] val_sel AUC=0.5309 acc=0.3237
[ep 007] val_sel AUC=0.5362 acc=0.3291
[ep 008] val_sel AUC=0.5344 acc=0.3237
[ep 009] val_sel AUC=0.5325 acc=0.3567
[ep 010] val_sel AUC=0.5367 acc=0.3538
[ep 011] val_sel AUC=0.5498 acc=0.3479
[ep 012] val_sel AUC=0.5542 acc=0.3659
[ep 013] val_sel AUC=0.5772 acc=0.3868
[ep 014] val_sel AUC=0.6042 acc=0.4251
[ep 015] val_sel AUC=0.6559 acc=0.4467
[ep 016] val_sel AUC=0.6749 acc=0.4808
[ep 017] val_sel AUC=0.7089 acc=0.4743
[ep 018] val_sel AUC=0.7520 acc=0.5632
[ep 019] val_sel AUC=0.7479 acc=0.5645
[ep 020] val_sel AUC=0.7898 acc=0.6085
[ep 021] val_sel AUC=0.7904 acc=0.5852
[ep 022] val_sel AUC=0.8196 acc=0.6431
[ep 023] val_sel AUC=0.8305 acc=0.6527
[ep 024] val_sel AUC=0.8345 acc=0.6579
[ep 025] val_sel AUC=0.8494 acc=0.6907
[ep 026] val_sel AUC=0.8496 acc=0.6997
[ep 027] val_sel AUC=0.8593 acc=0.6976
[ep 028] val_sel AUC=0.8654 acc=0.7116
[ep 029] val_sel AUC=0.8684 acc=0.7163
[ep 030] val_sel AUC=0.8726 acc=0.7257
[ep 031] val_sel AUC=0.8723 acc=0.7293
[ep 032] val_sel AUC=0.8725 acc=0.7297
[ep 033] val_sel AUC=0.7972 acc=0.5733
[ep 034] val_sel AUC=0.8230 acc=0.6334
[ep 035] val_sel AUC=0.8360 acc=0.6660
[ep 036] val_sel AUC=0.8340 acc=0.6548
[ep 037] val_sel AUC=0.8477 acc=0.6826
[ep 038] val_sel AUC=0.8337 acc=0.6590
[ep 039] val_sel AUC=0.8372 acc=0.6588
[ep 040] val_sel AUC=0.8361 acc=0.6806
[ep 041] val_sel AUC=0.8238 acc=0.6274
[ep 042] val_sel AUC=0.8252 acc=0.6402
[ep 043] val_sel AUC=0.8692 acc=0.7127
[ep 044] val_sel AUC=0.8531 acc=0.6916
[ep 045] val_sel AUC=0.8759 acc=0.7273
[ep 046] val_sel AUC=0.8786 acc=0.7336
[ep 047] val_sel AUC=0.8741 acc=0.7120
[ep 048] val_sel AUC=0.8653 acc=0.7057
[ep 049] val_sel AUC=0.8778 acc=0.7212
[ep 050] val_sel AUC=0.8808 acc=0.7306
[ep 051] val_sel AUC=0.8863 acc=0.7416
[ep 052] val_sel AUC=0.8855 acc=0.7228
[ep 053] val_sel AUC=0.8748 acc=0.7098
[ep 054] val_sel AUC=0.8644 acc=0.6705
[ep 055] val_sel AUC=0.8764 acc=0.7185
[ep 056] val_sel AUC=0.8808 acc=0.7154
[ep 057] val_sel AUC=0.9008 acc=0.7641
[ep 058] val_sel AUC=0.8735 acc=0.7250
[ep 059] val_sel AUC=0.8878 acc=0.7394
[ep 060] val_sel AUC=0.8836 acc=0.7446
[ep 061] val_sel AUC=0.8908 acc=0.7697
[ep 062] val_sel AUC=0.8920 acc=0.7490
[ep 063] val_sel AUC=0.8440 acc=0.6696
[ep 064] val_sel AUC=0.9004 acc=0.7625
[ep 065] val_sel AUC=0.8963 acc=0.7535
[ep 066] val_sel AUC=0.8757 acc=0.6853
[ep 067] val_sel AUC=0.8969 acc=0.7684
[ep 068] val_sel AUC=0.8894 acc=0.7414
[ep 069] val_sel AUC=0.8973 acc=0.7793
[ep 070] val_sel AUC=0.8871 acc=0.7547
[ep 071] val_sel AUC=0.8920 acc=0.7576
[ep 072] val_sel AUC=0.9013 acc=0.7872
[ep 073] val_sel AUC=0.8952 acc=0.7499
[ep 074] val_sel AUC=0.9041 acc=0.7872
[ep 075] val_sel AUC=0.9034 acc=0.7917
[ep 076] val_sel AUC=0.8997 acc=0.7762
[ep 077] val_sel AUC=0.9017 acc=0.7749
[ep 078] val_sel AUC=0.8948 acc=0.7769
[ep 079] val_sel AUC=0.8931 acc=0.7663
[ep 080] val_sel AUC=0.9039 acc=0.7883
[ep 081] val_sel AUC=0.9013 acc=0.7908
[ep 082] val_sel AUC=0.9009 acc=0.7930
[ep 083] val_sel AUC=0.8969 acc=0.7791
[ep 084] val_sel AUC=0.9009 acc=0.7908
[ep 085] val_sel AUC=0.9011 acc=0.7856
[ep 086] val_sel AUC=0.8974 acc=0.7946
[ep 087] val_sel AUC=0.8990 acc=0.7897
[ep 088] val_sel AUC=0.8941 acc=0.7883
[ep 089] val_sel AUC=0.8970 acc=0.7942
[ep 090] val_sel AUC=0.8989 acc=0.7933
[ep 091] val_sel AUC=0.8992 acc=0.7908
[ep 092] val_sel AUC=0.8967 acc=0.7957
[ep 093] val_sel AUC=0.8971 acc=0.7935
[ep 094] val_sel AUC=0.8972 acc=0.7939
[ep 095] val_sel AUC=0.8971 acc=0.7957
[ep 096] val_sel AUC=0.8970 acc=0.7953
============================================================
TEST (best val_sel epoch, held-out, evaluated once)
============================================================
[DONE-QPE2] embed=conv model_II N=250 seed=60 test_AUC=0.9067 val_sel_AUC=0.9041 per_class=(axion=0.9344 cdm=0.8288 no_sub=0.9569) params=207619 embed_params=4160 R_frob_drift=None
