[INFO] QPE2 D=64 P=8 depth=4 | embed=conv | data=model_II N/class=100 seed=60 split_seed=0 | params=207619 embed_params=4160 lr=0.001 epochs=96 bs=32 | train(300, 64, 64) val_sel(4455, 64, 64) test(4455, 64, 64) device=cuda
[ep 001] val_sel AUC=0.4753 acc=0.3473
[ep 002] val_sel AUC=0.4801 acc=0.3291
[ep 003] val_sel AUC=0.4810 acc=0.3473
[ep 004] val_sel AUC=0.4839 acc=0.3291
[ep 005] val_sel AUC=0.4862 acc=0.3291
[ep 006] val_sel AUC=0.4888 acc=0.3473
[ep 007] val_sel AUC=0.4915 acc=0.3237
[ep 008] val_sel AUC=0.4956 acc=0.3473
[ep 009] val_sel AUC=0.4987 acc=0.3342
[ep 010] val_sel AUC=0.5018 acc=0.3473
[ep 011] val_sel AUC=0.5035 acc=0.3360
[ep 012] val_sel AUC=0.5062 acc=0.3591
[ep 013] val_sel AUC=0.5093 acc=0.3365
[ep 014] val_sel AUC=0.5125 acc=0.3522
[ep 015] val_sel AUC=0.5140 acc=0.3486
[ep 016] val_sel AUC=0.5178 acc=0.3612
[ep 017] val_sel AUC=0.5168 acc=0.3208
[ep 018] val_sel AUC=0.5237 acc=0.3542
[ep 019] val_sel AUC=0.5237 acc=0.3452
[ep 020] val_sel AUC=0.5286 acc=0.3522
[ep 021] val_sel AUC=0.5319 acc=0.3398
[ep 022] val_sel AUC=0.5353 acc=0.3520
[ep 023] val_sel AUC=0.5369 acc=0.3567
[ep 024] val_sel AUC=0.5389 acc=0.3560
[ep 025] val_sel AUC=0.5407 acc=0.3605
[ep 026] val_sel AUC=0.5412 acc=0.3654
[ep 027] val_sel AUC=0.5416 acc=0.3639
[ep 028] val_sel AUC=0.5425 acc=0.3666
[ep 029] val_sel AUC=0.5425 acc=0.3670
[ep 030] val_sel AUC=0.5429 acc=0.3675
[ep 031] val_sel AUC=0.5429 acc=0.3677
[ep 032] val_sel AUC=0.5429 acc=0.3659
[ep 033] val_sel AUC=0.5406 acc=0.3641
[ep 034] val_sel AUC=0.5326 acc=0.3389
[ep 035] val_sel AUC=0.5420 acc=0.3632
[ep 036] val_sel AUC=0.5423 acc=0.3594
[ep 037] val_sel AUC=0.5420 acc=0.3668
[ep 038] val_sel AUC=0.5391 acc=0.3650
[ep 039] val_sel AUC=0.5531 acc=0.3684
[ep 040] val_sel AUC=0.5597 acc=0.3767
[ep 041] val_sel AUC=0.5535 acc=0.3672
[ep 042] val_sel AUC=0.5660 acc=0.3811
[ep 043] val_sel AUC=0.5554 acc=0.3737
[ep 044] val_sel AUC=0.5626 acc=0.3793
[ep 045] val_sel AUC=0.5718 acc=0.3820
[ep 046] val_sel AUC=0.5695 acc=0.3793
[ep 047] val_sel AUC=0.5842 acc=0.3966
[ep 048] val_sel AUC=0.5797 acc=0.3930
[ep 049] val_sel AUC=0.5895 acc=0.4193
[ep 050] val_sel AUC=0.5848 acc=0.3982
[ep 051] val_sel AUC=0.5894 acc=0.4070
[ep 052] val_sel AUC=0.6037 acc=0.4088
[ep 053] val_sel AUC=0.6071 acc=0.4370
[ep 054] val_sel AUC=0.6131 acc=0.4299
[ep 055] val_sel AUC=0.6293 acc=0.4474
[ep 056] val_sel AUC=0.6424 acc=0.4599
[ep 057] val_sel AUC=0.6433 acc=0.4343
[ep 058] val_sel AUC=0.6153 acc=0.4236
[ep 059] val_sel AUC=0.6276 acc=0.4442
[ep 060] val_sel AUC=0.6258 acc=0.4433
[ep 061] val_sel AUC=0.6236 acc=0.4382
[ep 062] val_sel AUC=0.6266 acc=0.4400
[ep 063] val_sel AUC=0.6606 acc=0.4772
[ep 064] val_sel AUC=0.6463 acc=0.4521
[ep 065] val_sel AUC=0.6580 acc=0.4763
[ep 066] val_sel AUC=0.6709 acc=0.4855
[ep 067] val_sel AUC=0.6533 acc=0.4629
[ep 068] val_sel AUC=0.6660 acc=0.4844
[ep 069] val_sel AUC=0.6408 acc=0.4718
[ep 070] val_sel AUC=0.6570 acc=0.4761
[ep 071] val_sel AUC=0.6601 acc=0.4752
[ep 072] val_sel AUC=0.6656 acc=0.4869
[ep 073] val_sel AUC=0.6647 acc=0.4792
[ep 074] val_sel AUC=0.6720 acc=0.4914
[ep 075] val_sel AUC=0.6748 acc=0.4907
[ep 076] val_sel AUC=0.6794 acc=0.5071
[ep 077] val_sel AUC=0.6763 acc=0.5055
[ep 078] val_sel AUC=0.6768 acc=0.5102
[ep 079] val_sel AUC=0.6794 acc=0.4985
[ep 080] val_sel AUC=0.6837 acc=0.5111
[ep 081] val_sel AUC=0.6793 acc=0.5107
[ep 082] val_sel AUC=0.6769 acc=0.4938
[ep 083] val_sel AUC=0.6816 acc=0.5086
[ep 084] val_sel AUC=0.6852 acc=0.5158
[ep 085] val_sel AUC=0.6836 acc=0.5089
[ep 086] val_sel AUC=0.6853 acc=0.5176
[ep 087] val_sel AUC=0.6822 acc=0.5093
[ep 088] val_sel AUC=0.6824 acc=0.5107
[ep 089] val_sel AUC=0.6832 acc=0.5134
[ep 090] val_sel AUC=0.6834 acc=0.5104
[ep 091] val_sel AUC=0.6836 acc=0.5100
[ep 092] val_sel AUC=0.6839 acc=0.5125
[ep 093] val_sel AUC=0.6839 acc=0.5127
[ep 094] val_sel AUC=0.6839 acc=0.5122
[ep 095] val_sel AUC=0.6840 acc=0.5120
[ep 096] val_sel AUC=0.6839 acc=0.5118
============================================================
TEST (best val_sel epoch, held-out, evaluated once)
============================================================
[DONE-QPE2] embed=conv model_II N=100 seed=60 test_AUC=0.6931 val_sel_AUC=0.6853 per_class=(axion=0.7815 cdm=0.5709 no_sub=0.7269) params=207619 embed_params=4160 R_frob_drift=None
