[INFO] QPE2 D=64 P=8 depth=4 | embed=conv | data=model_II N/class=100 seed=54 split_seed=0 | params=207619 embed_params=4160 lr=0.001 epochs=96 bs=32 | train(300, 64, 64) val_sel(4455, 64, 64) test(4455, 64, 64) device=cuda
[ep 001] val_sel AUC=0.5270 acc=0.3237
[ep 002] val_sel AUC=0.5194 acc=0.3473
[ep 003] val_sel AUC=0.5230 acc=0.3291
[ep 004] val_sel AUC=0.5249 acc=0.3237
[ep 005] val_sel AUC=0.5194 acc=0.3473
[ep 006] val_sel AUC=0.5208 acc=0.3473
[ep 007] val_sel AUC=0.5207 acc=0.3237
[ep 008] val_sel AUC=0.5221 acc=0.3291
[ep 009] val_sel AUC=0.5194 acc=0.3473
[ep 010] val_sel AUC=0.5237 acc=0.3291
[ep 011] val_sel AUC=0.5204 acc=0.3473
[ep 012] val_sel AUC=0.5223 acc=0.3291
[ep 013] val_sel AUC=0.5220 acc=0.3237
[ep 014] val_sel AUC=0.5222 acc=0.3473
[ep 015] val_sel AUC=0.5224 acc=0.3473
[ep 016] val_sel AUC=0.5232 acc=0.3237
[ep 017] val_sel AUC=0.5230 acc=0.3473
[ep 018] val_sel AUC=0.5233 acc=0.3291
[ep 019] val_sel AUC=0.5229 acc=0.3291
[ep 020] val_sel AUC=0.5216 acc=0.3237
[ep 021] val_sel AUC=0.5198 acc=0.3237
[ep 022] val_sel AUC=0.5183 acc=0.3291
[ep 023] val_sel AUC=0.5186 acc=0.3291
[ep 024] val_sel AUC=0.5197 acc=0.3378
[ep 025] val_sel AUC=0.5208 acc=0.3237
[ep 026] val_sel AUC=0.5222 acc=0.3237
[ep 027] val_sel AUC=0.5228 acc=0.3354
[ep 028] val_sel AUC=0.5234 acc=0.3376
[ep 029] val_sel AUC=0.5238 acc=0.3369
[ep 030] val_sel AUC=0.5240 acc=0.3360
[ep 031] val_sel AUC=0.5241 acc=0.3345
[ep 032] val_sel AUC=0.5242 acc=0.3351
[ep 033] val_sel AUC=0.5286 acc=0.3398
[ep 034] val_sel AUC=0.5361 acc=0.3621
[ep 035] val_sel AUC=0.5275 acc=0.3508
[ep 036] val_sel AUC=0.5319 acc=0.3524
[ep 037] val_sel AUC=0.5390 acc=0.3609
[ep 038] val_sel AUC=0.5340 acc=0.3556
[ep 039] val_sel AUC=0.5305 acc=0.3526
[ep 040] val_sel AUC=0.5295 acc=0.3567
[ep 041] val_sel AUC=0.5322 acc=0.3600
[ep 042] val_sel AUC=0.5305 acc=0.3569
[ep 043] val_sel AUC=0.5332 acc=0.3571
[ep 044] val_sel AUC=0.5387 acc=0.3618
[ep 045] val_sel AUC=0.5310 acc=0.3524
[ep 046] val_sel AUC=0.5336 acc=0.3565
[ep 047] val_sel AUC=0.5413 acc=0.3596
[ep 048] val_sel AUC=0.5383 acc=0.3681
[ep 049] val_sel AUC=0.5378 acc=0.3621
[ep 050] val_sel AUC=0.5417 acc=0.3776
[ep 051] val_sel AUC=0.5464 acc=0.3717
[ep 052] val_sel AUC=0.5600 acc=0.3962
[ep 053] val_sel AUC=0.5531 acc=0.3641
[ep 054] val_sel AUC=0.5522 acc=0.4027
[ep 055] val_sel AUC=0.5704 acc=0.4063
[ep 056] val_sel AUC=0.5738 acc=0.4159
[ep 057] val_sel AUC=0.5762 acc=0.3827
[ep 058] val_sel AUC=0.5844 acc=0.4088
[ep 059] val_sel AUC=0.5900 acc=0.3827
[ep 060] val_sel AUC=0.5895 acc=0.4110
[ep 061] val_sel AUC=0.6107 acc=0.4442
[ep 062] val_sel AUC=0.6405 acc=0.4664
[ep 063] val_sel AUC=0.6290 acc=0.4539
[ep 064] val_sel AUC=0.6620 acc=0.4932
[ep 065] val_sel AUC=0.6590 acc=0.4833
[ep 066] val_sel AUC=0.6873 acc=0.5248
[ep 067] val_sel AUC=0.6509 acc=0.4649
[ep 068] val_sel AUC=0.6744 acc=0.5187
[ep 069] val_sel AUC=0.6626 acc=0.4718
[ep 070] val_sel AUC=0.6624 acc=0.4907
[ep 071] val_sel AUC=0.6665 acc=0.5006
[ep 072] val_sel AUC=0.6782 acc=0.5163
[ep 073] val_sel AUC=0.6825 acc=0.5158
[ep 074] val_sel AUC=0.6979 acc=0.5288
[ep 075] val_sel AUC=0.7001 acc=0.5255
[ep 076] val_sel AUC=0.7111 acc=0.5342
[ep 077] val_sel AUC=0.7036 acc=0.5360
[ep 078] val_sel AUC=0.7170 acc=0.5522
[ep 079] val_sel AUC=0.7174 acc=0.5430
[ep 080] val_sel AUC=0.7161 acc=0.5556
[ep 081] val_sel AUC=0.7184 acc=0.5614
[ep 082] val_sel AUC=0.7221 acc=0.5596
[ep 083] val_sel AUC=0.7255 acc=0.5587
[ep 084] val_sel AUC=0.7236 acc=0.5641
[ep 085] val_sel AUC=0.7300 acc=0.5612
[ep 086] val_sel AUC=0.7280 acc=0.5708
[ep 087] val_sel AUC=0.7306 acc=0.5636
[ep 088] val_sel AUC=0.7322 acc=0.5710
[ep 089] val_sel AUC=0.7308 acc=0.5695
[ep 090] val_sel AUC=0.7318 acc=0.5697
[ep 091] val_sel AUC=0.7314 acc=0.5692
[ep 092] val_sel AUC=0.7322 acc=0.5692
[ep 093] val_sel AUC=0.7316 acc=0.5690
[ep 094] val_sel AUC=0.7312 acc=0.5688
[ep 095] val_sel AUC=0.7313 acc=0.5686
[ep 096] val_sel AUC=0.7313 acc=0.5686
============================================================
TEST (best val_sel epoch, held-out, evaluated once)
============================================================
[DONE-QPE2] embed=conv model_II N=100 seed=54 test_AUC=0.7330 val_sel_AUC=0.7322 per_class=(axion=0.7849 cdm=0.6232 no_sub=0.7910) params=207619 embed_params=4160 R_frob_drift=None
