[INFO] QPE2 D=64 P=8 depth=4 | embed=conv | data=model_III N/class=250 seed=46 split_seed=0 | params=207619 embed_params=4160 lr=0.001 epochs=96 bs=32 | train(750, 64, 64) val_sel(4469, 64, 64) test(4470, 64, 64) device=cuda
[ep 001] val_sel AUC=0.5106 acc=0.3285
[ep 002] val_sel AUC=0.5160 acc=0.3285
[ep 003] val_sel AUC=0.5182 acc=0.3433
[ep 004] val_sel AUC=0.5197 acc=0.3285
[ep 005] val_sel AUC=0.5219 acc=0.3285
[ep 006] val_sel AUC=0.5237 acc=0.3285
[ep 007] val_sel AUC=0.5279 acc=0.3433
[ep 008] val_sel AUC=0.5317 acc=0.3283
[ep 009] val_sel AUC=0.5352 acc=0.3486
[ep 010] val_sel AUC=0.5416 acc=0.3285
[ep 011] val_sel AUC=0.5527 acc=0.3607
[ep 012] val_sel AUC=0.5471 acc=0.3688
[ep 013] val_sel AUC=0.5587 acc=0.3797
[ep 014] val_sel AUC=0.5659 acc=0.3851
[ep 015] val_sel AUC=0.5744 acc=0.3869
[ep 016] val_sel AUC=0.5753 acc=0.3755
[ep 017] val_sel AUC=0.5783 acc=0.3961
[ep 018] val_sel AUC=0.6122 acc=0.4175
[ep 019] val_sel AUC=0.6263 acc=0.3860
[ep 020] val_sel AUC=0.6514 acc=0.4587
[ep 021] val_sel AUC=0.6708 acc=0.4681
[ep 022] val_sel AUC=0.6817 acc=0.4730
[ep 023] val_sel AUC=0.6971 acc=0.5019
[ep 024] val_sel AUC=0.7283 acc=0.5332
[ep 025] val_sel AUC=0.7359 acc=0.5379
[ep 026] val_sel AUC=0.7363 acc=0.5361
[ep 027] val_sel AUC=0.7318 acc=0.5404
[ep 028] val_sel AUC=0.7538 acc=0.5684
[ep 029] val_sel AUC=0.7563 acc=0.5679
[ep 030] val_sel AUC=0.7592 acc=0.5733
[ep 031] val_sel AUC=0.7583 acc=0.5713
[ep 032] val_sel AUC=0.7579 acc=0.5722
[ep 033] val_sel AUC=0.6863 acc=0.4988
[ep 034] val_sel AUC=0.7372 acc=0.5487
[ep 035] val_sel AUC=0.7414 acc=0.5039
[ep 036] val_sel AUC=0.7586 acc=0.5775
[ep 037] val_sel AUC=0.7612 acc=0.5632
[ep 038] val_sel AUC=0.8028 acc=0.6053
[ep 039] val_sel AUC=0.7826 acc=0.5952
[ep 040] val_sel AUC=0.7665 acc=0.6004
[ep 041] val_sel AUC=0.8070 acc=0.6292
[ep 042] val_sel AUC=0.8265 acc=0.6413
[ep 043] val_sel AUC=0.8147 acc=0.6420
[ep 044] val_sel AUC=0.8286 acc=0.6543
[ep 045] val_sel AUC=0.8383 acc=0.6661
[ep 046] val_sel AUC=0.7686 acc=0.5536
[ep 047] val_sel AUC=0.8419 acc=0.6825
[ep 048] val_sel AUC=0.8309 acc=0.6650
[ep 049] val_sel AUC=0.8620 acc=0.7087
[ep 050] val_sel AUC=0.8519 acc=0.7008
[ep 051] val_sel AUC=0.8581 acc=0.6715
[ep 052] val_sel AUC=0.8560 acc=0.6972
[ep 053] val_sel AUC=0.8389 acc=0.6532
[ep 054] val_sel AUC=0.8465 acc=0.6928
[ep 055] val_sel AUC=0.8744 acc=0.7317
[ep 056] val_sel AUC=0.8734 acc=0.7145
[ep 057] val_sel AUC=0.8693 acc=0.7055
[ep 058] val_sel AUC=0.8765 acc=0.7241
[ep 059] val_sel AUC=0.8791 acc=0.7160
[ep 060] val_sel AUC=0.9001 acc=0.7624
[ep 061] val_sel AUC=0.8358 acc=0.6599
[ep 062] val_sel AUC=0.8892 acc=0.7409
[ep 063] val_sel AUC=0.9014 acc=0.7682
[ep 064] val_sel AUC=0.8844 acc=0.7463
[ep 065] val_sel AUC=0.8850 acc=0.7382
[ep 066] val_sel AUC=0.8884 acc=0.7469
[ep 067] val_sel AUC=0.8944 acc=0.7409
[ep 068] val_sel AUC=0.9004 acc=0.7583
[ep 069] val_sel AUC=0.8818 acc=0.7185
[ep 070] val_sel AUC=0.8884 acc=0.7474
[ep 071] val_sel AUC=0.8996 acc=0.7608
[ep 072] val_sel AUC=0.9044 acc=0.7776
[ep 073] val_sel AUC=0.9005 acc=0.7695
[ep 074] val_sel AUC=0.9028 acc=0.7720
[ep 075] val_sel AUC=0.8969 acc=0.7563
[ep 076] val_sel AUC=0.9001 acc=0.7646
[ep 077] val_sel AUC=0.9077 acc=0.7829
[ep 078] val_sel AUC=0.9009 acc=0.7671
[ep 079] val_sel AUC=0.9063 acc=0.7821
[ep 080] val_sel AUC=0.9059 acc=0.7742
[ep 081] val_sel AUC=0.9015 acc=0.7689
[ep 082] val_sel AUC=0.9003 acc=0.7718
[ep 083] val_sel AUC=0.9019 acc=0.7812
[ep 084] val_sel AUC=0.9050 acc=0.7807
[ep 085] val_sel AUC=0.9023 acc=0.7812
[ep 086] val_sel AUC=0.9019 acc=0.7780
[ep 087] val_sel AUC=0.9039 acc=0.7861
[ep 088] val_sel AUC=0.9030 acc=0.7861
[ep 089] val_sel AUC=0.8990 acc=0.7816
[ep 090] val_sel AUC=0.9006 acc=0.7847
[ep 091] val_sel AUC=0.8989 acc=0.7834
[ep 092] val_sel AUC=0.8986 acc=0.7816
[ep 093] val_sel AUC=0.8974 acc=0.7809
[ep 094] val_sel AUC=0.8979 acc=0.7821
[ep 095] val_sel AUC=0.8978 acc=0.7825
[ep 096] val_sel AUC=0.8978 acc=0.7821
============================================================
TEST (best val_sel epoch, held-out, evaluated once)
============================================================
[DONE-QPE2] embed=conv model_III N=250 seed=46 test_AUC=0.9104 val_sel_AUC=0.9077 per_class=(axion=0.9437 cdm=0.8385 no_sub=0.9489) params=207619 embed_params=4160 R_frob_drift=None
