[INFO] QPE2 D=64 P=8 depth=4 | embed=conv | data=model_II N/class=250 seed=59 split_seed=0 | params=207619 embed_params=4160 lr=0.001 epochs=96 bs=32 | train(750, 64, 64) val_sel(4455, 64, 64) test(4455, 64, 64) device=cuda
[ep 001] val_sel AUC=0.5049 acc=0.3291
[ep 002] val_sel AUC=0.5112 acc=0.3473
[ep 003] val_sel AUC=0.5096 acc=0.3237
[ep 004] val_sel AUC=0.5144 acc=0.3237
[ep 005] val_sel AUC=0.5172 acc=0.3291
[ep 006] val_sel AUC=0.5180 acc=0.3237
[ep 007] val_sel AUC=0.5189 acc=0.3237
[ep 008] val_sel AUC=0.5154 acc=0.3237
[ep 009] val_sel AUC=0.5149 acc=0.3237
[ep 010] val_sel AUC=0.5189 acc=0.3237
[ep 011] val_sel AUC=0.5123 acc=0.3508
[ep 012] val_sel AUC=0.5252 acc=0.3551
[ep 013] val_sel AUC=0.5148 acc=0.3477
[ep 014] val_sel AUC=0.5160 acc=0.3396
[ep 015] val_sel AUC=0.5197 acc=0.3423
[ep 016] val_sel AUC=0.5253 acc=0.3401
[ep 017] val_sel AUC=0.5365 acc=0.3580
[ep 018] val_sel AUC=0.5451 acc=0.3679
[ep 019] val_sel AUC=0.5524 acc=0.3724
[ep 020] val_sel AUC=0.5624 acc=0.3996
[ep 021] val_sel AUC=0.5932 acc=0.4155
[ep 022] val_sel AUC=0.6191 acc=0.4382
[ep 023] val_sel AUC=0.6338 acc=0.4460
[ep 024] val_sel AUC=0.6567 acc=0.4689
[ep 025] val_sel AUC=0.6888 acc=0.4806
[ep 026] val_sel AUC=0.6912 acc=0.4866
[ep 027] val_sel AUC=0.7071 acc=0.4934
[ep 028] val_sel AUC=0.7219 acc=0.5122
[ep 029] val_sel AUC=0.7330 acc=0.5219
[ep 030] val_sel AUC=0.7282 acc=0.5156
[ep 031] val_sel AUC=0.7404 acc=0.5322
[ep 032] val_sel AUC=0.7402 acc=0.5282
[ep 033] val_sel AUC=0.6905 acc=0.4597
[ep 034] val_sel AUC=0.6899 acc=0.4743
[ep 035] val_sel AUC=0.7318 acc=0.5342
[ep 036] val_sel AUC=0.6880 acc=0.4736
[ep 037] val_sel AUC=0.7361 acc=0.5201
[ep 038] val_sel AUC=0.7473 acc=0.5562
[ep 039] val_sel AUC=0.7697 acc=0.5755
[ep 040] val_sel AUC=0.7610 acc=0.5758
[ep 041] val_sel AUC=0.7976 acc=0.6101
[ep 042] val_sel AUC=0.7759 acc=0.5942
[ep 043] val_sel AUC=0.8090 acc=0.6103
[ep 044] val_sel AUC=0.8136 acc=0.6539
[ep 045] val_sel AUC=0.8196 acc=0.6323
[ep 046] val_sel AUC=0.8233 acc=0.6415
[ep 047] val_sel AUC=0.7825 acc=0.6007
[ep 048] val_sel AUC=0.8275 acc=0.6121
[ep 049] val_sel AUC=0.8134 acc=0.6543
[ep 050] val_sel AUC=0.8402 acc=0.6622
[ep 051] val_sel AUC=0.8312 acc=0.6676
[ep 052] val_sel AUC=0.8437 acc=0.6682
[ep 053] val_sel AUC=0.8666 acc=0.7059
[ep 054] val_sel AUC=0.8409 acc=0.6543
[ep 055] val_sel AUC=0.8267 acc=0.6519
[ep 056] val_sel AUC=0.8508 acc=0.6923
[ep 057] val_sel AUC=0.8631 acc=0.6860
[ep 058] val_sel AUC=0.8445 acc=0.6680
[ep 059] val_sel AUC=0.8519 acc=0.6577
[ep 060] val_sel AUC=0.8501 acc=0.6781
[ep 061] val_sel AUC=0.8555 acc=0.6941
[ep 062] val_sel AUC=0.8533 acc=0.6887
[ep 063] val_sel AUC=0.8717 acc=0.7178
[ep 064] val_sel AUC=0.8603 acc=0.7026
[ep 065] val_sel AUC=0.8671 acc=0.6992
[ep 066] val_sel AUC=0.8640 acc=0.7095
[ep 067] val_sel AUC=0.8868 acc=0.7407
[ep 068] val_sel AUC=0.8677 acc=0.7302
[ep 069] val_sel AUC=0.8786 acc=0.7378
[ep 070] val_sel AUC=0.8841 acc=0.7354
[ep 071] val_sel AUC=0.8886 acc=0.7533
[ep 072] val_sel AUC=0.8826 acc=0.7345
[ep 073] val_sel AUC=0.8897 acc=0.7464
[ep 074] val_sel AUC=0.8918 acc=0.7544
[ep 075] val_sel AUC=0.8932 acc=0.7591
[ep 076] val_sel AUC=0.8894 acc=0.7425
[ep 077] val_sel AUC=0.8846 acc=0.7515
[ep 078] val_sel AUC=0.8882 acc=0.7493
[ep 079] val_sel AUC=0.8884 acc=0.7464
[ep 080] val_sel AUC=0.8854 acc=0.7490
[ep 081] val_sel AUC=0.8926 acc=0.7614
[ep 082] val_sel AUC=0.8889 acc=0.7556
[ep 083] val_sel AUC=0.8918 acc=0.7639
[ep 084] val_sel AUC=0.8903 acc=0.7589
[ep 085] val_sel AUC=0.8876 acc=0.7522
[ep 086] val_sel AUC=0.8873 acc=0.7562
[ep 087] val_sel AUC=0.8860 acc=0.7556
[ep 088] val_sel AUC=0.8839 acc=0.7531
[ep 089] val_sel AUC=0.8842 acc=0.7544
[ep 090] val_sel AUC=0.8826 acc=0.7517
[ep 091] val_sel AUC=0.8827 acc=0.7533
[ep 092] val_sel AUC=0.8817 acc=0.7511
[ep 093] val_sel AUC=0.8813 acc=0.7511
[ep 094] val_sel AUC=0.8817 acc=0.7511
[ep 095] val_sel AUC=0.8816 acc=0.7508
[ep 096] val_sel AUC=0.8816 acc=0.7504
============================================================
TEST (best val_sel epoch, held-out, evaluated once)
============================================================
[DONE-QPE2] embed=conv model_II N=250 seed=59 test_AUC=0.9021 val_sel_AUC=0.8932 per_class=(axion=0.9408 cdm=0.8234 no_sub=0.9422) params=207619 embed_params=4160 R_frob_drift=None
