[INFO] QPE2 D=64 P=8 depth=4 | embed=dctfix | data=model_II N/class=100 seed=59 split_seed=0 | params=203460 embed_params=1 lr=0.001 epochs=96 bs=32 | train(300, 64, 64) val_sel(4455, 64, 64) test(4455, 64, 64) device=cuda
[ep 001] val_sel AUC=0.4946 acc=0.3473
[ep 002] val_sel AUC=0.5056 acc=0.3237
[ep 003] val_sel AUC=0.5108 acc=0.3473
[ep 004] val_sel AUC=0.5097 acc=0.3237
[ep 005] val_sel AUC=0.5233 acc=0.3291
[ep 006] val_sel AUC=0.5280 acc=0.3473
[ep 007] val_sel AUC=0.5236 acc=0.3237
[ep 008] val_sel AUC=0.5354 acc=0.3473
[ep 009] val_sel AUC=0.5430 acc=0.3291
[ep 010] val_sel AUC=0.5389 acc=0.3237
[ep 011] val_sel AUC=0.5349 acc=0.3473
[ep 012] val_sel AUC=0.5402 acc=0.3291
[ep 013] val_sel AUC=0.5372 acc=0.3473
[ep 014] val_sel AUC=0.5344 acc=0.3237
[ep 015] val_sel AUC=0.5339 acc=0.3291
[ep 016] val_sel AUC=0.5294 acc=0.3392
[ep 017] val_sel AUC=0.5293 acc=0.3634
[ep 018] val_sel AUC=0.5295 acc=0.3237
[ep 019] val_sel AUC=0.5293 acc=0.3441
[ep 020] val_sel AUC=0.5323 acc=0.3461
[ep 021] val_sel AUC=0.5331 acc=0.3571
[ep 022] val_sel AUC=0.5324 acc=0.3607
[ep 023] val_sel AUC=0.5315 acc=0.3598
[ep 024] val_sel AUC=0.5330 acc=0.3652
[ep 025] val_sel AUC=0.5345 acc=0.3614
[ep 026] val_sel AUC=0.5344 acc=0.3598
[ep 027] val_sel AUC=0.5345 acc=0.3659
[ep 028] val_sel AUC=0.5349 acc=0.3623
[ep 029] val_sel AUC=0.5345 acc=0.3630
[ep 030] val_sel AUC=0.5346 acc=0.3634
[ep 031] val_sel AUC=0.5347 acc=0.3623
[ep 032] val_sel AUC=0.5347 acc=0.3623
[ep 033] val_sel AUC=0.5366 acc=0.3589
[ep 034] val_sel AUC=0.5403 acc=0.3598
[ep 035] val_sel AUC=0.5386 acc=0.3681
[ep 036] val_sel AUC=0.5400 acc=0.3360
[ep 037] val_sel AUC=0.5419 acc=0.3596
[ep 038] val_sel AUC=0.5424 acc=0.3450
[ep 039] val_sel AUC=0.5353 acc=0.3616
[ep 040] val_sel AUC=0.5418 acc=0.3459
[ep 041] val_sel AUC=0.5387 acc=0.3506
[ep 042] val_sel AUC=0.5455 acc=0.3560
[ep 043] val_sel AUC=0.5422 acc=0.3495
[ep 044] val_sel AUC=0.5310 acc=0.3533
[ep 045] val_sel AUC=0.5327 acc=0.3410
[ep 046] val_sel AUC=0.5357 acc=0.3531
[ep 047] val_sel AUC=0.5405 acc=0.3735
[ep 048] val_sel AUC=0.5472 acc=0.3744
[ep 049] val_sel AUC=0.5523 acc=0.3659
[ep 050] val_sel AUC=0.5476 acc=0.3670
[ep 051] val_sel AUC=0.5507 acc=0.3558
[ep 052] val_sel AUC=0.5456 acc=0.3697
[ep 053] val_sel AUC=0.5595 acc=0.4063
[ep 054] val_sel AUC=0.5642 acc=0.3829
[ep 055] val_sel AUC=0.5773 acc=0.3908
[ep 056] val_sel AUC=0.5917 acc=0.4047
[ep 057] val_sel AUC=0.5768 acc=0.3753
[ep 058] val_sel AUC=0.5790 acc=0.3811
[ep 059] val_sel AUC=0.5837 acc=0.4233
[ep 060] val_sel AUC=0.6006 acc=0.4411
[ep 061] val_sel AUC=0.6046 acc=0.4233
[ep 062] val_sel AUC=0.5984 acc=0.3987
[ep 063] val_sel AUC=0.6308 acc=0.4597
[ep 064] val_sel AUC=0.6390 acc=0.4597
[ep 065] val_sel AUC=0.6598 acc=0.4689
[ep 066] val_sel AUC=0.6661 acc=0.4716
[ep 067] val_sel AUC=0.6726 acc=0.4813
[ep 068] val_sel AUC=0.6579 acc=0.4337
[ep 069] val_sel AUC=0.6786 acc=0.4718
[ep 070] val_sel AUC=0.6959 acc=0.5104
[ep 071] val_sel AUC=0.7152 acc=0.5268
[ep 072] val_sel AUC=0.7399 acc=0.5457
[ep 073] val_sel AUC=0.7367 acc=0.5448
[ep 074] val_sel AUC=0.7382 acc=0.5614
[ep 075] val_sel AUC=0.7599 acc=0.5814
[ep 076] val_sel AUC=0.7658 acc=0.5870
[ep 077] val_sel AUC=0.7724 acc=0.5935
[ep 078] val_sel AUC=0.7706 acc=0.5802
[ep 079] val_sel AUC=0.7713 acc=0.5843
[ep 080] val_sel AUC=0.7805 acc=0.6070
[ep 081] val_sel AUC=0.7862 acc=0.6105
[ep 082] val_sel AUC=0.7853 acc=0.6045
[ep 083] val_sel AUC=0.7930 acc=0.6171
[ep 084] val_sel AUC=0.7918 acc=0.6182
[ep 085] val_sel AUC=0.7972 acc=0.6245
[ep 086] val_sel AUC=0.7973 acc=0.6198
[ep 087] val_sel AUC=0.8021 acc=0.6292
[ep 088] val_sel AUC=0.7990 acc=0.6281
[ep 089] val_sel AUC=0.7985 acc=0.6258
[ep 090] val_sel AUC=0.7977 acc=0.6247
[ep 091] val_sel AUC=0.7989 acc=0.6283
[ep 092] val_sel AUC=0.7998 acc=0.6310
[ep 093] val_sel AUC=0.7984 acc=0.6272
[ep 094] val_sel AUC=0.7985 acc=0.6260
[ep 095] val_sel AUC=0.7988 acc=0.6269
[ep 096] val_sel AUC=0.7987 acc=0.6263
============================================================
TEST (best val_sel epoch, held-out, evaluated once)
============================================================
[DONE-QPE2] embed=dctfix model_II N=100 seed=59 test_AUC=0.8053 val_sel_AUC=0.8021 per_class=(axion=0.8936 cdm=0.6565 no_sub=0.8657) params=203460 embed_params=1 R_frob_drift=None
