[INFO] QPE2 D=64 P=8 depth=4 | embed=dctfix | data=model_III N/class=100 seed=49 split_seed=0 | params=203460 embed_params=1 lr=0.001 epochs=96 bs=32 | train(300, 64, 64) val_sel(4469, 64, 64) test(4470, 64, 64) device=cuda
[ep 001] val_sel AUC=0.5514 acc=0.3433
[ep 002] val_sel AUC=0.5703 acc=0.3283
[ep 003] val_sel AUC=0.5738 acc=0.3433
[ep 004] val_sel AUC=0.5774 acc=0.3285
[ep 005] val_sel AUC=0.5756 acc=0.3433
[ep 006] val_sel AUC=0.5797 acc=0.3283
[ep 007] val_sel AUC=0.5742 acc=0.3569
[ep 008] val_sel AUC=0.5732 acc=0.3558
[ep 009] val_sel AUC=0.5765 acc=0.3283
[ep 010] val_sel AUC=0.5767 acc=0.3285
[ep 011] val_sel AUC=0.5677 acc=0.3433
[ep 012] val_sel AUC=0.5736 acc=0.3318
[ep 013] val_sel AUC=0.5772 acc=0.3285
[ep 014] val_sel AUC=0.5744 acc=0.3403
[ep 015] val_sel AUC=0.5588 acc=0.3518
[ep 016] val_sel AUC=0.5524 acc=0.3580
[ep 017] val_sel AUC=0.5542 acc=0.3587
[ep 018] val_sel AUC=0.5578 acc=0.3493
[ep 019] val_sel AUC=0.5571 acc=0.3567
[ep 020] val_sel AUC=0.5592 acc=0.3656
[ep 021] val_sel AUC=0.5539 acc=0.3511
[ep 022] val_sel AUC=0.5552 acc=0.3629
[ep 023] val_sel AUC=0.5557 acc=0.3576
[ep 024] val_sel AUC=0.5598 acc=0.3659
[ep 025] val_sel AUC=0.5614 acc=0.3685
[ep 026] val_sel AUC=0.5616 acc=0.3701
[ep 027] val_sel AUC=0.5616 acc=0.3683
[ep 028] val_sel AUC=0.5619 acc=0.3667
[ep 029] val_sel AUC=0.5612 acc=0.3654
[ep 030] val_sel AUC=0.5612 acc=0.3654
[ep 031] val_sel AUC=0.5614 acc=0.3659
[ep 032] val_sel AUC=0.5614 acc=0.3659
[ep 033] val_sel AUC=0.5694 acc=0.3605
[ep 034] val_sel AUC=0.5864 acc=0.3600
[ep 035] val_sel AUC=0.5801 acc=0.3712
[ep 036] val_sel AUC=0.5991 acc=0.3804
[ep 037] val_sel AUC=0.6526 acc=0.4529
[ep 038] val_sel AUC=0.6540 acc=0.4202
[ep 039] val_sel AUC=0.6738 acc=0.4462
[ep 040] val_sel AUC=0.7143 acc=0.5131
[ep 041] val_sel AUC=0.7003 acc=0.4918
[ep 042] val_sel AUC=0.6979 acc=0.4797
[ep 043] val_sel AUC=0.6634 acc=0.4531
[ep 044] val_sel AUC=0.7253 acc=0.5028
[ep 045] val_sel AUC=0.7460 acc=0.5556
[ep 046] val_sel AUC=0.7385 acc=0.4954
[ep 047] val_sel AUC=0.7624 acc=0.5469
[ep 048] val_sel AUC=0.8088 acc=0.5921
[ep 049] val_sel AUC=0.8134 acc=0.5974
[ep 050] val_sel AUC=0.7838 acc=0.6039
[ep 051] val_sel AUC=0.7960 acc=0.5525
[ep 052] val_sel AUC=0.8111 acc=0.6286
[ep 053] val_sel AUC=0.8379 acc=0.6838
[ep 054] val_sel AUC=0.8307 acc=0.6375
[ep 055] val_sel AUC=0.8243 acc=0.6171
[ep 056] val_sel AUC=0.8015 acc=0.6382
[ep 057] val_sel AUC=0.8309 acc=0.6355
[ep 058] val_sel AUC=0.8348 acc=0.6487
[ep 059] val_sel AUC=0.8458 acc=0.6941
[ep 060] val_sel AUC=0.8164 acc=0.6659
[ep 061] val_sel AUC=0.8407 acc=0.6652
[ep 062] val_sel AUC=0.8367 acc=0.6796
[ep 063] val_sel AUC=0.8408 acc=0.6865
[ep 064] val_sel AUC=0.8443 acc=0.7064
[ep 065] val_sel AUC=0.8508 acc=0.7098
[ep 066] val_sel AUC=0.8634 acc=0.7221
[ep 067] val_sel AUC=0.8410 acc=0.6979
[ep 068] val_sel AUC=0.8510 acc=0.7087
[ep 069] val_sel AUC=0.8523 acc=0.6682
[ep 070] val_sel AUC=0.8374 acc=0.6411
[ep 071] val_sel AUC=0.8532 acc=0.6948
[ep 072] val_sel AUC=0.8489 acc=0.6856
[ep 073] val_sel AUC=0.8554 acc=0.7259
[ep 074] val_sel AUC=0.8601 acc=0.7259
[ep 075] val_sel AUC=0.8618 acc=0.7277
[ep 076] val_sel AUC=0.8651 acc=0.7301
[ep 077] val_sel AUC=0.8581 acc=0.7151
[ep 078] val_sel AUC=0.8663 acc=0.7239
[ep 079] val_sel AUC=0.8643 acc=0.7223
[ep 080] val_sel AUC=0.8639 acc=0.7163
[ep 081] val_sel AUC=0.8661 acc=0.7250
[ep 082] val_sel AUC=0.8644 acc=0.7237
[ep 083] val_sel AUC=0.8670 acc=0.7268
[ep 084] val_sel AUC=0.8656 acc=0.7234
[ep 085] val_sel AUC=0.8676 acc=0.7259
[ep 086] val_sel AUC=0.8671 acc=0.7214
[ep 087] val_sel AUC=0.8672 acc=0.7270
[ep 088] val_sel AUC=0.8673 acc=0.7245
[ep 089] val_sel AUC=0.8668 acc=0.7239
[ep 090] val_sel AUC=0.8662 acc=0.7221
[ep 091] val_sel AUC=0.8659 acc=0.7219
[ep 092] val_sel AUC=0.8661 acc=0.7232
[ep 093] val_sel AUC=0.8665 acc=0.7245
[ep 094] val_sel AUC=0.8664 acc=0.7248
[ep 095] val_sel AUC=0.8663 acc=0.7245
[ep 096] val_sel AUC=0.8662 acc=0.7239
============================================================
TEST (best val_sel epoch, held-out, evaluated once)
============================================================
[DONE-QPE2] embed=dctfix model_III N=100 seed=49 test_AUC=0.8699 val_sel_AUC=0.8676 per_class=(axion=0.9056 cdm=0.7760 no_sub=0.9281) params=203460 embed_params=1 R_frob_drift=None
