[INFO] QPE2 D=64 P=8 depth=4 | embed=dctfix | data=model_II N/class=250 seed=45 split_seed=0 | params=203460 embed_params=1 lr=0.001 epochs=96 bs=32 | train(750, 64, 64) val_sel(4455, 64, 64) test(4455, 64, 64) device=cuda
[ep 001] val_sel AUC=0.5343 acc=0.3237
[ep 002] val_sel AUC=0.5532 acc=0.3291
[ep 003] val_sel AUC=0.5471 acc=0.3473
[ep 004] val_sel AUC=0.5558 acc=0.3291
[ep 005] val_sel AUC=0.5577 acc=0.3291
[ep 006] val_sel AUC=0.5567 acc=0.3473
[ep 007] val_sel AUC=0.5567 acc=0.3291
[ep 008] val_sel AUC=0.5525 acc=0.3237
[ep 009] val_sel AUC=0.5510 acc=0.3473
[ep 010] val_sel AUC=0.5513 acc=0.3376
[ep 011] val_sel AUC=0.5452 acc=0.3291
[ep 012] val_sel AUC=0.5475 acc=0.3490
[ep 013] val_sel AUC=0.5439 acc=0.3291
[ep 014] val_sel AUC=0.5489 acc=0.3291
[ep 015] val_sel AUC=0.5420 acc=0.3605
[ep 016] val_sel AUC=0.5514 acc=0.3560
[ep 017] val_sel AUC=0.5561 acc=0.3724
[ep 018] val_sel AUC=0.5676 acc=0.3836
[ep 019] val_sel AUC=0.5859 acc=0.4168
[ep 020] val_sel AUC=0.6220 acc=0.4202
[ep 021] val_sel AUC=0.6619 acc=0.4700
[ep 022] val_sel AUC=0.6901 acc=0.4952
[ep 023] val_sel AUC=0.7147 acc=0.5504
[ep 024] val_sel AUC=0.7444 acc=0.5717
[ep 025] val_sel AUC=0.7883 acc=0.6207
[ep 026] val_sel AUC=0.8043 acc=0.6350
[ep 027] val_sel AUC=0.8019 acc=0.6357
[ep 028] val_sel AUC=0.8142 acc=0.6366
[ep 029] val_sel AUC=0.8198 acc=0.6494
[ep 030] val_sel AUC=0.8248 acc=0.6554
[ep 031] val_sel AUC=0.8253 acc=0.6575
[ep 032] val_sel AUC=0.8259 acc=0.6593
[ep 033] val_sel AUC=0.7298 acc=0.5603
[ep 034] val_sel AUC=0.7797 acc=0.5942
[ep 035] val_sel AUC=0.7481 acc=0.5589
[ep 036] val_sel AUC=0.7955 acc=0.6126
[ep 037] val_sel AUC=0.7649 acc=0.5645
[ep 038] val_sel AUC=0.7985 acc=0.5744
[ep 039] val_sel AUC=0.7993 acc=0.6290
[ep 040] val_sel AUC=0.7793 acc=0.4954
[ep 041] val_sel AUC=0.8525 acc=0.6707
[ep 042] val_sel AUC=0.8405 acc=0.6489
[ep 043] val_sel AUC=0.8241 acc=0.6135
[ep 044] val_sel AUC=0.8317 acc=0.6550
[ep 045] val_sel AUC=0.8370 acc=0.5387
[ep 046] val_sel AUC=0.8603 acc=0.6819
[ep 047] val_sel AUC=0.8611 acc=0.7378
[ep 048] val_sel AUC=0.7835 acc=0.5131
[ep 049] val_sel AUC=0.8805 acc=0.7331
[ep 050] val_sel AUC=0.8909 acc=0.7423
[ep 051] val_sel AUC=0.8706 acc=0.7143
[ep 052] val_sel AUC=0.9000 acc=0.7558
[ep 053] val_sel AUC=0.9003 acc=0.7677
[ep 054] val_sel AUC=0.8999 acc=0.7722
[ep 055] val_sel AUC=0.8971 acc=0.7724
[ep 056] val_sel AUC=0.8872 acc=0.7466
[ep 057] val_sel AUC=0.9072 acc=0.7737
[ep 058] val_sel AUC=0.9120 acc=0.8029
[ep 059] val_sel AUC=0.9083 acc=0.7881
[ep 060] val_sel AUC=0.9191 acc=0.7984
[ep 061] val_sel AUC=0.8999 acc=0.7762
[ep 062] val_sel AUC=0.8996 acc=0.7710
[ep 063] val_sel AUC=0.9078 acc=0.7865
[ep 064] val_sel AUC=0.9199 acc=0.8025
[ep 065] val_sel AUC=0.9120 acc=0.8079
[ep 066] val_sel AUC=0.9069 acc=0.7785
[ep 067] val_sel AUC=0.9141 acc=0.7933
[ep 068] val_sel AUC=0.9170 acc=0.7800
[ep 069] val_sel AUC=0.8918 acc=0.7547
[ep 070] val_sel AUC=0.9137 acc=0.7879
[ep 071] val_sel AUC=0.9072 acc=0.7706
[ep 072] val_sel AUC=0.9242 acc=0.8085
[ep 073] val_sel AUC=0.9193 acc=0.8016
[ep 074] val_sel AUC=0.9269 acc=0.8312
[ep 075] val_sel AUC=0.9207 acc=0.8132
[ep 076] val_sel AUC=0.9194 acc=0.8168
[ep 077] val_sel AUC=0.9260 acc=0.8139
[ep 078] val_sel AUC=0.9227 acc=0.8132
[ep 079] val_sel AUC=0.9218 acc=0.8081
[ep 080] val_sel AUC=0.9261 acc=0.8186
[ep 081] val_sel AUC=0.9230 acc=0.8233
[ep 082] val_sel AUC=0.9300 acc=0.8370
[ep 083] val_sel AUC=0.9293 acc=0.8384
[ep 084] val_sel AUC=0.9301 acc=0.8406
[ep 085] val_sel AUC=0.9288 acc=0.8240
[ep 086] val_sel AUC=0.9301 acc=0.8406
[ep 087] val_sel AUC=0.9299 acc=0.8400
[ep 088] val_sel AUC=0.9304 acc=0.8400
[ep 089] val_sel AUC=0.9305 acc=0.8429
[ep 090] val_sel AUC=0.9308 acc=0.8418
[ep 091] val_sel AUC=0.9308 acc=0.8438
[ep 092] val_sel AUC=0.9304 acc=0.8415
[ep 093] val_sel AUC=0.9306 acc=0.8447
[ep 094] val_sel AUC=0.9307 acc=0.8435
[ep 095] val_sel AUC=0.9306 acc=0.8458
[ep 096] val_sel AUC=0.9306 acc=0.8451
============================================================
TEST (best val_sel epoch, held-out, evaluated once)
============================================================
[DONE-QPE2] embed=dctfix model_II N=250 seed=45 test_AUC=0.9310 val_sel_AUC=0.9308 per_class=(axion=0.9386 cdm=0.8718 no_sub=0.9826) params=203460 embed_params=1 R_frob_drift=None
