[INFO] QPE2 D=64 P=8 depth=4 | embed=dctfix | data=model_II N/class=100 seed=54 split_seed=0 | params=203460 embed_params=1 lr=0.001 epochs=96 bs=32 | train(300, 64, 64) val_sel(4455, 64, 64) test(4455, 64, 64) device=cuda
[ep 001] val_sel AUC=0.5031 acc=0.3291
[ep 002] val_sel AUC=0.4944 acc=0.3237
[ep 003] val_sel AUC=0.4937 acc=0.3291
[ep 004] val_sel AUC=0.4941 acc=0.3473
[ep 005] val_sel AUC=0.4961 acc=0.3473
[ep 006] val_sel AUC=0.4999 acc=0.3237
[ep 007] val_sel AUC=0.5001 acc=0.3111
[ep 008] val_sel AUC=0.5023 acc=0.3237
[ep 009] val_sel AUC=0.5035 acc=0.3226
[ep 010] val_sel AUC=0.5058 acc=0.3291
[ep 011] val_sel AUC=0.5065 acc=0.3279
[ep 012] val_sel AUC=0.5065 acc=0.3237
[ep 013] val_sel AUC=0.5080 acc=0.3291
[ep 014] val_sel AUC=0.5082 acc=0.3398
[ep 015] val_sel AUC=0.5087 acc=0.3237
[ep 016] val_sel AUC=0.5095 acc=0.3385
[ep 017] val_sel AUC=0.5113 acc=0.3342
[ep 018] val_sel AUC=0.5100 acc=0.3473
[ep 019] val_sel AUC=0.5103 acc=0.3266
[ep 020] val_sel AUC=0.5111 acc=0.3360
[ep 021] val_sel AUC=0.5108 acc=0.3407
[ep 022] val_sel AUC=0.5111 acc=0.3259
[ep 023] val_sel AUC=0.5117 acc=0.3425
[ep 024] val_sel AUC=0.5121 acc=0.3407
[ep 025] val_sel AUC=0.5121 acc=0.3421
[ep 026] val_sel AUC=0.5122 acc=0.3421
[ep 027] val_sel AUC=0.5121 acc=0.3425
[ep 028] val_sel AUC=0.5123 acc=0.3423
[ep 029] val_sel AUC=0.5123 acc=0.3401
[ep 030] val_sel AUC=0.5123 acc=0.3432
[ep 031] val_sel AUC=0.5124 acc=0.3428
[ep 032] val_sel AUC=0.5124 acc=0.3428
[ep 033] val_sel AUC=0.5131 acc=0.3466
[ep 034] val_sel AUC=0.5140 acc=0.3439
[ep 035] val_sel AUC=0.5256 acc=0.3403
[ep 036] val_sel AUC=0.5216 acc=0.3412
[ep 037] val_sel AUC=0.5171 acc=0.3468
[ep 038] val_sel AUC=0.5324 acc=0.3511
[ep 039] val_sel AUC=0.5279 acc=0.3428
[ep 040] val_sel AUC=0.5317 acc=0.3380
[ep 041] val_sel AUC=0.5367 acc=0.3452
[ep 042] val_sel AUC=0.5391 acc=0.3605
[ep 043] val_sel AUC=0.5650 acc=0.3776
[ep 044] val_sel AUC=0.5677 acc=0.3753
[ep 045] val_sel AUC=0.5906 acc=0.4043
[ep 046] val_sel AUC=0.6465 acc=0.4492
[ep 047] val_sel AUC=0.6669 acc=0.4743
[ep 048] val_sel AUC=0.7260 acc=0.5421
[ep 049] val_sel AUC=0.7244 acc=0.5178
[ep 050] val_sel AUC=0.6962 acc=0.5118
[ep 051] val_sel AUC=0.7529 acc=0.5645
[ep 052] val_sel AUC=0.7071 acc=0.4660
[ep 053] val_sel AUC=0.6644 acc=0.4604
[ep 054] val_sel AUC=0.7386 acc=0.5378
[ep 055] val_sel AUC=0.7640 acc=0.5354
[ep 056] val_sel AUC=0.7039 acc=0.5102
[ep 057] val_sel AUC=0.7691 acc=0.5641
[ep 058] val_sel AUC=0.7657 acc=0.5587
[ep 059] val_sel AUC=0.7926 acc=0.6049
[ep 060] val_sel AUC=0.7993 acc=0.6229
[ep 061] val_sel AUC=0.7950 acc=0.6058
[ep 062] val_sel AUC=0.7626 acc=0.5266
[ep 063] val_sel AUC=0.8157 acc=0.6278
[ep 064] val_sel AUC=0.8201 acc=0.6409
[ep 065] val_sel AUC=0.8356 acc=0.6566
[ep 066] val_sel AUC=0.8367 acc=0.6406
[ep 067] val_sel AUC=0.8293 acc=0.6548
[ep 068] val_sel AUC=0.8227 acc=0.6606
[ep 069] val_sel AUC=0.8293 acc=0.6397
[ep 070] val_sel AUC=0.8287 acc=0.6483
[ep 071] val_sel AUC=0.8533 acc=0.6902
[ep 072] val_sel AUC=0.8639 acc=0.7212
[ep 073] val_sel AUC=0.8703 acc=0.7223
[ep 074] val_sel AUC=0.8652 acc=0.7208
[ep 075] val_sel AUC=0.8763 acc=0.7488
[ep 076] val_sel AUC=0.8726 acc=0.7329
[ep 077] val_sel AUC=0.8599 acc=0.7051
[ep 078] val_sel AUC=0.8723 acc=0.7295
[ep 079] val_sel AUC=0.8754 acc=0.7210
[ep 080] val_sel AUC=0.8590 acc=0.6970
[ep 081] val_sel AUC=0.8800 acc=0.7351
[ep 082] val_sel AUC=0.8775 acc=0.7347
[ep 083] val_sel AUC=0.8816 acc=0.7428
[ep 084] val_sel AUC=0.8834 acc=0.7533
[ep 085] val_sel AUC=0.8848 acc=0.7513
[ep 086] val_sel AUC=0.8848 acc=0.7589
[ep 087] val_sel AUC=0.8869 acc=0.7594
[ep 088] val_sel AUC=0.8885 acc=0.7605
[ep 089] val_sel AUC=0.8872 acc=0.7580
[ep 090] val_sel AUC=0.8860 acc=0.7580
[ep 091] val_sel AUC=0.8889 acc=0.7616
[ep 092] val_sel AUC=0.8892 acc=0.7614
[ep 093] val_sel AUC=0.8889 acc=0.7607
[ep 094] val_sel AUC=0.8884 acc=0.7603
[ep 095] val_sel AUC=0.8885 acc=0.7605
[ep 096] val_sel AUC=0.8885 acc=0.7609
============================================================
TEST (best val_sel epoch, held-out, evaluated once)
============================================================
[DONE-QPE2] embed=dctfix model_II N=100 seed=54 test_AUC=0.8935 val_sel_AUC=0.8892 per_class=(axion=0.9228 cdm=0.8040 no_sub=0.9537) params=203460 embed_params=1 R_frob_drift=None
