[INFO] QPE2 D=64 P=8 depth=4 | embed=dctfix | data=model_II N/class=250 seed=52 split_seed=0 | params=203460 embed_params=1 lr=0.001 epochs=96 bs=32 | train(750, 64, 64) val_sel(4455, 64, 64) test(4455, 64, 64) device=cuda
[ep 001] val_sel AUC=0.5045 acc=0.3237
[ep 002] val_sel AUC=0.5144 acc=0.3291
[ep 003] val_sel AUC=0.5160 acc=0.3473
[ep 004] val_sel AUC=0.5220 acc=0.3291
[ep 005] val_sel AUC=0.5273 acc=0.3237
[ep 006] val_sel AUC=0.5291 acc=0.3473
[ep 007] val_sel AUC=0.5377 acc=0.3291
[ep 008] val_sel AUC=0.5338 acc=0.3237
[ep 009] val_sel AUC=0.5352 acc=0.3365
[ep 010] val_sel AUC=0.5312 acc=0.3394
[ep 011] val_sel AUC=0.5176 acc=0.3291
[ep 012] val_sel AUC=0.5143 acc=0.3306
[ep 013] val_sel AUC=0.5175 acc=0.3378
[ep 014] val_sel AUC=0.5264 acc=0.3488
[ep 015] val_sel AUC=0.5454 acc=0.3582
[ep 016] val_sel AUC=0.5834 acc=0.3814
[ep 017] val_sel AUC=0.6112 acc=0.4418
[ep 018] val_sel AUC=0.6600 acc=0.4117
[ep 019] val_sel AUC=0.7230 acc=0.5178
[ep 020] val_sel AUC=0.7871 acc=0.6004
[ep 021] val_sel AUC=0.7810 acc=0.5877
[ep 022] val_sel AUC=0.8094 acc=0.6189
[ep 023] val_sel AUC=0.7854 acc=0.5863
[ep 024] val_sel AUC=0.8133 acc=0.6382
[ep 025] val_sel AUC=0.8307 acc=0.6496
[ep 026] val_sel AUC=0.8382 acc=0.6658
[ep 027] val_sel AUC=0.8495 acc=0.6734
[ep 028] val_sel AUC=0.8508 acc=0.6754
[ep 029] val_sel AUC=0.8496 acc=0.6808
[ep 030] val_sel AUC=0.8578 acc=0.6866
[ep 031] val_sel AUC=0.8601 acc=0.6905
[ep 032] val_sel AUC=0.8600 acc=0.6923
[ep 033] val_sel AUC=0.8024 acc=0.5787
[ep 034] val_sel AUC=0.7640 acc=0.5789
[ep 035] val_sel AUC=0.8176 acc=0.6227
[ep 036] val_sel AUC=0.7886 acc=0.6330
[ep 037] val_sel AUC=0.8147 acc=0.6267
[ep 038] val_sel AUC=0.8386 acc=0.6682
[ep 039] val_sel AUC=0.8380 acc=0.6790
[ep 040] val_sel AUC=0.8656 acc=0.7066
[ep 041] val_sel AUC=0.8729 acc=0.7145
[ep 042] val_sel AUC=0.8142 acc=0.6263
[ep 043] val_sel AUC=0.8792 acc=0.7259
[ep 044] val_sel AUC=0.8517 acc=0.6781
[ep 045] val_sel AUC=0.8648 acc=0.7201
[ep 046] val_sel AUC=0.8822 acc=0.7342
[ep 047] val_sel AUC=0.8391 acc=0.6604
[ep 048] val_sel AUC=0.8821 acc=0.7329
[ep 049] val_sel AUC=0.8833 acc=0.7389
[ep 050] val_sel AUC=0.8786 acc=0.7259
[ep 051] val_sel AUC=0.8859 acc=0.7452
[ep 052] val_sel AUC=0.8735 acc=0.7347
[ep 053] val_sel AUC=0.8828 acc=0.7398
[ep 054] val_sel AUC=0.8762 acc=0.7248
[ep 055] val_sel AUC=0.8920 acc=0.7470
[ep 056] val_sel AUC=0.8901 acc=0.7585
[ep 057] val_sel AUC=0.8850 acc=0.7401
[ep 058] val_sel AUC=0.8897 acc=0.7547
[ep 059] val_sel AUC=0.8567 acc=0.6687
[ep 060] val_sel AUC=0.8907 acc=0.7544
[ep 061] val_sel AUC=0.9011 acc=0.7663
[ep 062] val_sel AUC=0.8886 acc=0.7475
[ep 063] val_sel AUC=0.9006 acc=0.7697
[ep 064] val_sel AUC=0.8791 acc=0.7190
[ep 065] val_sel AUC=0.8978 acc=0.7699
[ep 066] val_sel AUC=0.8855 acc=0.7147
[ep 067] val_sel AUC=0.9002 acc=0.7706
[ep 068] val_sel AUC=0.9041 acc=0.7704
[ep 069] val_sel AUC=0.8988 acc=0.7621
[ep 070] val_sel AUC=0.9082 acc=0.7946
[ep 071] val_sel AUC=0.9123 acc=0.7944
[ep 072] val_sel AUC=0.9163 acc=0.8063
[ep 073] val_sel AUC=0.9106 acc=0.8011
[ep 074] val_sel AUC=0.9118 acc=0.7901
[ep 075] val_sel AUC=0.9130 acc=0.8036
[ep 076] val_sel AUC=0.9090 acc=0.7843
[ep 077] val_sel AUC=0.9082 acc=0.7899
[ep 078] val_sel AUC=0.9127 acc=0.8043
[ep 079] val_sel AUC=0.9133 acc=0.7955
[ep 080] val_sel AUC=0.9131 acc=0.8067
[ep 081] val_sel AUC=0.9137 acc=0.8043
[ep 082] val_sel AUC=0.9162 acc=0.8016
[ep 083] val_sel AUC=0.9189 acc=0.8090
[ep 084] val_sel AUC=0.9194 acc=0.8218
[ep 085] val_sel AUC=0.9175 acc=0.8164
[ep 086] val_sel AUC=0.9160 acc=0.8103
[ep 087] val_sel AUC=0.9150 acc=0.8112
[ep 088] val_sel AUC=0.9173 acc=0.8148
[ep 089] val_sel AUC=0.9183 acc=0.8240
[ep 090] val_sel AUC=0.9186 acc=0.8251
[ep 091] val_sel AUC=0.9177 acc=0.8184
[ep 092] val_sel AUC=0.9182 acc=0.8251
[ep 093] val_sel AUC=0.9181 acc=0.8249
[ep 094] val_sel AUC=0.9180 acc=0.8238
[ep 095] val_sel AUC=0.9181 acc=0.8242
[ep 096] val_sel AUC=0.9181 acc=0.8240
============================================================
TEST (best val_sel epoch, held-out, evaluated once)
============================================================
[DONE-QPE2] embed=dctfix model_II N=250 seed=52 test_AUC=0.9225 val_sel_AUC=0.9194 per_class=(axion=0.9279 cdm=0.8585 no_sub=0.9811) params=203460 embed_params=1 R_frob_drift=None
