[INFO] QPE2 D=64 P=8 depth=4 | embed=dctfix | data=model_III N/class=250 seed=53 split_seed=0 | params=203460 embed_params=1 lr=0.001 epochs=96 bs=32 | train(750, 64, 64) val_sel(4469, 64, 64) test(4470, 64, 64) device=cuda
[ep 001] val_sel AUC=0.5329 acc=0.3283
[ep 002] val_sel AUC=0.5346 acc=0.3283
[ep 003] val_sel AUC=0.5308 acc=0.3283
[ep 004] val_sel AUC=0.5266 acc=0.3513
[ep 005] val_sel AUC=0.5266 acc=0.3415
[ep 006] val_sel AUC=0.5277 acc=0.3433
[ep 007] val_sel AUC=0.5292 acc=0.3433
[ep 008] val_sel AUC=0.5313 acc=0.3433
[ep 009] val_sel AUC=0.5309 acc=0.3433
[ep 010] val_sel AUC=0.5278 acc=0.3439
[ep 011] val_sel AUC=0.5287 acc=0.3428
[ep 012] val_sel AUC=0.5334 acc=0.3538
[ep 013] val_sel AUC=0.5342 acc=0.3448
[ep 014] val_sel AUC=0.5370 acc=0.3576
[ep 015] val_sel AUC=0.5394 acc=0.3634
[ep 016] val_sel AUC=0.5522 acc=0.3685
[ep 017] val_sel AUC=0.5590 acc=0.3728
[ep 018] val_sel AUC=0.5838 acc=0.3972
[ep 019] val_sel AUC=0.6354 acc=0.3784
[ep 020] val_sel AUC=0.6932 acc=0.5229
[ep 021] val_sel AUC=0.7453 acc=0.5836
[ep 022] val_sel AUC=0.7910 acc=0.6124
[ep 023] val_sel AUC=0.8064 acc=0.6471
[ep 024] val_sel AUC=0.8287 acc=0.6507
[ep 025] val_sel AUC=0.8616 acc=0.6863
[ep 026] val_sel AUC=0.8529 acc=0.6755
[ep 027] val_sel AUC=0.8744 acc=0.7066
[ep 028] val_sel AUC=0.8632 acc=0.6858
[ep 029] val_sel AUC=0.8845 acc=0.7322
[ep 030] val_sel AUC=0.8845 acc=0.7301
[ep 031] val_sel AUC=0.8878 acc=0.7315
[ep 032] val_sel AUC=0.8874 acc=0.7337
[ep 033] val_sel AUC=0.7815 acc=0.5679
[ep 034] val_sel AUC=0.8711 acc=0.7225
[ep 035] val_sel AUC=0.8634 acc=0.6661
[ep 036] val_sel AUC=0.8514 acc=0.6990
[ep 037] val_sel AUC=0.8690 acc=0.7140
[ep 038] val_sel AUC=0.8302 acc=0.6592
[ep 039] val_sel AUC=0.8697 acc=0.7154
[ep 040] val_sel AUC=0.8575 acc=0.6782
[ep 041] val_sel AUC=0.8842 acc=0.7471
[ep 042] val_sel AUC=0.8962 acc=0.7516
[ep 043] val_sel AUC=0.8106 acc=0.6406
[ep 044] val_sel AUC=0.8579 acc=0.6200
[ep 045] val_sel AUC=0.9004 acc=0.7557
[ep 046] val_sel AUC=0.8894 acc=0.7259
[ep 047] val_sel AUC=0.8897 acc=0.7597
[ep 048] val_sel AUC=0.8980 acc=0.7306
[ep 049] val_sel AUC=0.8883 acc=0.7377
[ep 050] val_sel AUC=0.9191 acc=0.7774
[ep 051] val_sel AUC=0.9142 acc=0.7910
[ep 052] val_sel AUC=0.9005 acc=0.7469
[ep 053] val_sel AUC=0.9205 acc=0.8064
[ep 054] val_sel AUC=0.9064 acc=0.7756
[ep 055] val_sel AUC=0.9263 acc=0.8199
[ep 056] val_sel AUC=0.8881 acc=0.7525
[ep 057] val_sel AUC=0.9109 acc=0.7953
[ep 058] val_sel AUC=0.9248 acc=0.8183
[ep 059] val_sel AUC=0.9236 acc=0.8208
[ep 060] val_sel AUC=0.9110 acc=0.7850
[ep 061] val_sel AUC=0.9052 acc=0.7832
[ep 062] val_sel AUC=0.9288 acc=0.8320
[ep 063] val_sel AUC=0.9244 acc=0.8111
[ep 064] val_sel AUC=0.9089 acc=0.7879
[ep 065] val_sel AUC=0.9194 acc=0.7919
[ep 066] val_sel AUC=0.9159 acc=0.7919
[ep 067] val_sel AUC=0.9291 acc=0.8167
[ep 068] val_sel AUC=0.9222 acc=0.8141
[ep 069] val_sel AUC=0.9323 acc=0.8407
[ep 070] val_sel AUC=0.9176 acc=0.8129
[ep 071] val_sel AUC=0.9117 acc=0.8006
[ep 072] val_sel AUC=0.9288 acc=0.8346
[ep 073] val_sel AUC=0.9291 acc=0.8328
[ep 074] val_sel AUC=0.9242 acc=0.8102
[ep 075] val_sel AUC=0.9277 acc=0.8035
[ep 076] val_sel AUC=0.9304 acc=0.8358
[ep 077] val_sel AUC=0.9234 acc=0.8308
[ep 078] val_sel AUC=0.9262 acc=0.8239
[ep 079] val_sel AUC=0.9305 acc=0.8411
[ep 080] val_sel AUC=0.9319 acc=0.8409
[ep 081] val_sel AUC=0.9190 acc=0.8141
[ep 082] val_sel AUC=0.9319 acc=0.8391
[ep 083] val_sel AUC=0.9313 acc=0.8371
[ep 084] val_sel AUC=0.9311 acc=0.8409
[ep 085] val_sel AUC=0.9336 acc=0.8461
[ep 086] val_sel AUC=0.9277 acc=0.8391
[ep 087] val_sel AUC=0.9268 acc=0.8284
[ep 088] val_sel AUC=0.9287 acc=0.8364
[ep 089] val_sel AUC=0.9310 acc=0.8436
[ep 090] val_sel AUC=0.9324 acc=0.8449
[ep 091] val_sel AUC=0.9315 acc=0.8420
[ep 092] val_sel AUC=0.9312 acc=0.8429
[ep 093] val_sel AUC=0.9311 acc=0.8431
[ep 094] val_sel AUC=0.9311 acc=0.8427
[ep 095] val_sel AUC=0.9310 acc=0.8429
[ep 096] val_sel AUC=0.9309 acc=0.8434
============================================================
TEST (best val_sel epoch, held-out, evaluated once)
============================================================
[DONE-QPE2] embed=dctfix model_III N=250 seed=53 test_AUC=0.9294 val_sel_AUC=0.9336 per_class=(axion=0.9381 cdm=0.8720 no_sub=0.9783) params=203460 embed_params=1 R_frob_drift=None
