[INFO] QPE2 D=64 P=8 depth=4 | embed=dctfix | data=model_II N/class=100 seed=47 split_seed=0 | params=203460 embed_params=1 lr=0.001 epochs=96 bs=32 | train(300, 64, 64) val_sel(4455, 64, 64) test(4455, 64, 64) device=cuda
[ep 001] val_sel AUC=0.5214 acc=0.3291
[ep 002] val_sel AUC=0.5037 acc=0.3237
[ep 003] val_sel AUC=0.5044 acc=0.3473
[ep 004] val_sel AUC=0.5042 acc=0.3237
[ep 005] val_sel AUC=0.5063 acc=0.3473
[ep 006] val_sel AUC=0.5077 acc=0.3291
[ep 007] val_sel AUC=0.5090 acc=0.3237
[ep 008] val_sel AUC=0.5097 acc=0.3439
[ep 009] val_sel AUC=0.5096 acc=0.3473
[ep 010] val_sel AUC=0.5099 acc=0.3291
[ep 011] val_sel AUC=0.5106 acc=0.3237
[ep 012] val_sel AUC=0.5103 acc=0.3473
[ep 013] val_sel AUC=0.5107 acc=0.3237
[ep 014] val_sel AUC=0.5101 acc=0.3291
[ep 015] val_sel AUC=0.5088 acc=0.3473
[ep 016] val_sel AUC=0.5090 acc=0.3526
[ep 017] val_sel AUC=0.5078 acc=0.3571
[ep 018] val_sel AUC=0.5076 acc=0.3293
[ep 019] val_sel AUC=0.5085 acc=0.3205
[ep 020] val_sel AUC=0.5084 acc=0.3511
[ep 021] val_sel AUC=0.5084 acc=0.3145
[ep 022] val_sel AUC=0.5083 acc=0.3437
[ep 023] val_sel AUC=0.5099 acc=0.3475
[ep 024] val_sel AUC=0.5094 acc=0.3288
[ep 025] val_sel AUC=0.5109 acc=0.3403
[ep 026] val_sel AUC=0.5105 acc=0.3428
[ep 027] val_sel AUC=0.5099 acc=0.3410
[ep 028] val_sel AUC=0.5100 acc=0.3378
[ep 029] val_sel AUC=0.5099 acc=0.3421
[ep 030] val_sel AUC=0.5101 acc=0.3396
[ep 031] val_sel AUC=0.5100 acc=0.3414
[ep 032] val_sel AUC=0.5100 acc=0.3412
[ep 033] val_sel AUC=0.5101 acc=0.3154
[ep 034] val_sel AUC=0.5167 acc=0.3363
[ep 035] val_sel AUC=0.5209 acc=0.3432
[ep 036] val_sel AUC=0.5255 acc=0.3688
[ep 037] val_sel AUC=0.5268 acc=0.3448
[ep 038] val_sel AUC=0.5252 acc=0.3499
[ep 039] val_sel AUC=0.5459 acc=0.3448
[ep 040] val_sel AUC=0.5322 acc=0.3715
[ep 041] val_sel AUC=0.5305 acc=0.3488
[ep 042] val_sel AUC=0.5330 acc=0.3419
[ep 043] val_sel AUC=0.5312 acc=0.3556
[ep 044] val_sel AUC=0.5490 acc=0.3737
[ep 045] val_sel AUC=0.5625 acc=0.3776
[ep 046] val_sel AUC=0.6259 acc=0.3715
[ep 047] val_sel AUC=0.6528 acc=0.4375
[ep 048] val_sel AUC=0.6256 acc=0.4079
[ep 049] val_sel AUC=0.6224 acc=0.3827
[ep 050] val_sel AUC=0.5763 acc=0.3764
[ep 051] val_sel AUC=0.5774 acc=0.3915
[ep 052] val_sel AUC=0.6025 acc=0.4155
[ep 053] val_sel AUC=0.6127 acc=0.4137
[ep 054] val_sel AUC=0.6131 acc=0.4265
[ep 055] val_sel AUC=0.6090 acc=0.3975
[ep 056] val_sel AUC=0.6609 acc=0.4887
[ep 057] val_sel AUC=0.7105 acc=0.4900
[ep 058] val_sel AUC=0.7194 acc=0.5185
[ep 059] val_sel AUC=0.7169 acc=0.5356
[ep 060] val_sel AUC=0.7626 acc=0.5868
[ep 061] val_sel AUC=0.7698 acc=0.5681
[ep 062] val_sel AUC=0.7579 acc=0.5428
[ep 063] val_sel AUC=0.7564 acc=0.5625
[ep 064] val_sel AUC=0.7899 acc=0.6193
[ep 065] val_sel AUC=0.7985 acc=0.6404
[ep 066] val_sel AUC=0.7884 acc=0.6220
[ep 067] val_sel AUC=0.8128 acc=0.6629
[ep 068] val_sel AUC=0.8037 acc=0.6070
[ep 069] val_sel AUC=0.8219 acc=0.6671
[ep 070] val_sel AUC=0.8288 acc=0.6824
[ep 071] val_sel AUC=0.8341 acc=0.6961
[ep 072] val_sel AUC=0.8363 acc=0.6961
[ep 073] val_sel AUC=0.8361 acc=0.6934
[ep 074] val_sel AUC=0.8334 acc=0.6952
[ep 075] val_sel AUC=0.8406 acc=0.6976
[ep 076] val_sel AUC=0.8241 acc=0.6462
[ep 077] val_sel AUC=0.8416 acc=0.7055
[ep 078] val_sel AUC=0.8426 acc=0.7066
[ep 079] val_sel AUC=0.8350 acc=0.6801
[ep 080] val_sel AUC=0.8501 acc=0.7199
[ep 081] val_sel AUC=0.8529 acc=0.7221
[ep 082] val_sel AUC=0.8504 acc=0.7107
[ep 083] val_sel AUC=0.8515 acc=0.7113
[ep 084] val_sel AUC=0.8532 acc=0.7217
[ep 085] val_sel AUC=0.8522 acc=0.7134
[ep 086] val_sel AUC=0.8527 acc=0.7235
[ep 087] val_sel AUC=0.8480 acc=0.7059
[ep 088] val_sel AUC=0.8545 acc=0.7241
[ep 089] val_sel AUC=0.8532 acc=0.7201
[ep 090] val_sel AUC=0.8543 acc=0.7203
[ep 091] val_sel AUC=0.8528 acc=0.7167
[ep 092] val_sel AUC=0.8532 acc=0.7183
[ep 093] val_sel AUC=0.8530 acc=0.7178
[ep 094] val_sel AUC=0.8531 acc=0.7185
[ep 095] val_sel AUC=0.8530 acc=0.7181
[ep 096] val_sel AUC=0.8529 acc=0.7190
============================================================
TEST (best val_sel epoch, held-out, evaluated once)
============================================================
[DONE-QPE2] embed=dctfix model_II N=100 seed=47 test_AUC=0.8629 val_sel_AUC=0.8545 per_class=(axion=0.9249 cdm=0.7461 no_sub=0.9177) params=203460 embed_params=1 R_frob_drift=None
