[INFO] QPE2 D=64 P=8 depth=4 | embed=dctfix | data=model_III N/class=100 seed=57 split_seed=0 | params=203460 embed_params=1 lr=0.001 epochs=96 bs=32 | train(300, 64, 64) val_sel(4469, 64, 64) test(4470, 64, 64) device=cuda
[ep 001] val_sel AUC=0.5109 acc=0.3433
[ep 002] val_sel AUC=0.5123 acc=0.3285
[ep 003] val_sel AUC=0.5144 acc=0.3285
[ep 004] val_sel AUC=0.5189 acc=0.3459
[ep 005] val_sel AUC=0.5241 acc=0.3522
[ep 006] val_sel AUC=0.5256 acc=0.3285
[ep 007] val_sel AUC=0.5308 acc=0.3433
[ep 008] val_sel AUC=0.5357 acc=0.3330
[ep 009] val_sel AUC=0.5373 acc=0.3730
[ep 010] val_sel AUC=0.5388 acc=0.3441
[ep 011] val_sel AUC=0.5396 acc=0.3450
[ep 012] val_sel AUC=0.5418 acc=0.3692
[ep 013] val_sel AUC=0.5463 acc=0.3663
[ep 014] val_sel AUC=0.5449 acc=0.3641
[ep 015] val_sel AUC=0.5680 acc=0.3638
[ep 016] val_sel AUC=0.5737 acc=0.3782
[ep 017] val_sel AUC=0.5739 acc=0.3822
[ep 018] val_sel AUC=0.5764 acc=0.3829
[ep 019] val_sel AUC=0.5796 acc=0.3867
[ep 020] val_sel AUC=0.5829 acc=0.3855
[ep 021] val_sel AUC=0.5820 acc=0.3770
[ep 022] val_sel AUC=0.6009 acc=0.4023
[ep 023] val_sel AUC=0.6093 acc=0.4005
[ep 024] val_sel AUC=0.6308 acc=0.4296
[ep 025] val_sel AUC=0.6405 acc=0.4379
[ep 026] val_sel AUC=0.6507 acc=0.4431
[ep 027] val_sel AUC=0.6571 acc=0.4618
[ep 028] val_sel AUC=0.6673 acc=0.4719
[ep 029] val_sel AUC=0.6735 acc=0.4735
[ep 030] val_sel AUC=0.6761 acc=0.4771
[ep 031] val_sel AUC=0.6772 acc=0.4802
[ep 032] val_sel AUC=0.6778 acc=0.4804
[ep 033] val_sel AUC=0.6015 acc=0.3797
[ep 034] val_sel AUC=0.6317 acc=0.3869
[ep 035] val_sel AUC=0.6422 acc=0.4451
[ep 036] val_sel AUC=0.6491 acc=0.4379
[ep 037] val_sel AUC=0.6562 acc=0.4384
[ep 038] val_sel AUC=0.6849 acc=0.4961
[ep 039] val_sel AUC=0.7081 acc=0.5238
[ep 040] val_sel AUC=0.7409 acc=0.5252
[ep 041] val_sel AUC=0.7308 acc=0.5368
[ep 042] val_sel AUC=0.7203 acc=0.5375
[ep 043] val_sel AUC=0.7551 acc=0.5648
[ep 044] val_sel AUC=0.7614 acc=0.5780
[ep 045] val_sel AUC=0.7971 acc=0.5764
[ep 046] val_sel AUC=0.7794 acc=0.5701
[ep 047] val_sel AUC=0.7683 acc=0.5596
[ep 048] val_sel AUC=0.7639 acc=0.5746
[ep 049] val_sel AUC=0.7941 acc=0.5997
[ep 050] val_sel AUC=0.8306 acc=0.6500
[ep 051] val_sel AUC=0.7998 acc=0.6015
[ep 052] val_sel AUC=0.7980 acc=0.6167
[ep 053] val_sel AUC=0.8108 acc=0.6180
[ep 054] val_sel AUC=0.8419 acc=0.6726
[ep 055] val_sel AUC=0.8113 acc=0.6476
[ep 056] val_sel AUC=0.8277 acc=0.5894
[ep 057] val_sel AUC=0.8494 acc=0.6449
[ep 058] val_sel AUC=0.8336 acc=0.6438
[ep 059] val_sel AUC=0.8449 acc=0.6635
[ep 060] val_sel AUC=0.8568 acc=0.6885
[ep 061] val_sel AUC=0.8579 acc=0.6975
[ep 062] val_sel AUC=0.8541 acc=0.7031
[ep 063] val_sel AUC=0.7910 acc=0.6053
[ep 064] val_sel AUC=0.8345 acc=0.6635
[ep 065] val_sel AUC=0.8426 acc=0.6529
[ep 066] val_sel AUC=0.8772 acc=0.7140
[ep 067] val_sel AUC=0.8588 acc=0.7024
[ep 068] val_sel AUC=0.8566 acc=0.6928
[ep 069] val_sel AUC=0.8550 acc=0.6961
[ep 070] val_sel AUC=0.8631 acc=0.6881
[ep 071] val_sel AUC=0.8663 acc=0.7089
[ep 072] val_sel AUC=0.8583 acc=0.6885
[ep 073] val_sel AUC=0.8555 acc=0.6999
[ep 074] val_sel AUC=0.8659 acc=0.7028
[ep 075] val_sel AUC=0.8708 acc=0.7102
[ep 076] val_sel AUC=0.8534 acc=0.6928
[ep 077] val_sel AUC=0.8746 acc=0.7158
[ep 078] val_sel AUC=0.8777 acc=0.7344
[ep 079] val_sel AUC=0.8806 acc=0.7389
[ep 080] val_sel AUC=0.8696 acc=0.7270
[ep 081] val_sel AUC=0.8589 acc=0.6881
[ep 082] val_sel AUC=0.8752 acc=0.7147
[ep 083] val_sel AUC=0.8722 acc=0.7342
[ep 084] val_sel AUC=0.8785 acc=0.7402
[ep 085] val_sel AUC=0.8819 acc=0.7563
[ep 086] val_sel AUC=0.8811 acc=0.7474
[ep 087] val_sel AUC=0.8796 acc=0.7416
[ep 088] val_sel AUC=0.8780 acc=0.7442
[ep 089] val_sel AUC=0.8804 acc=0.7467
[ep 090] val_sel AUC=0.8800 acc=0.7460
[ep 091] val_sel AUC=0.8799 acc=0.7480
[ep 092] val_sel AUC=0.8795 acc=0.7469
[ep 093] val_sel AUC=0.8794 acc=0.7449
[ep 094] val_sel AUC=0.8794 acc=0.7456
[ep 095] val_sel AUC=0.8795 acc=0.7465
[ep 096] val_sel AUC=0.8795 acc=0.7458
============================================================
TEST (best val_sel epoch, held-out, evaluated once)
============================================================
[DONE-QPE2] embed=dctfix model_III N=100 seed=57 test_AUC=0.8742 val_sel_AUC=0.8819 per_class=(axion=0.9093 cdm=0.7793 no_sub=0.9340) params=203460 embed_params=1 R_frob_drift=None
