[INFO] QPE2 D=64 P=8 depth=4 | embed=dctfix | data=model_II N/class=250 seed=47 split_seed=0 | params=203460 embed_params=1 lr=0.001 epochs=96 bs=32 | train(750, 64, 64) val_sel(4455, 64, 64) test(4455, 64, 64) device=cuda
[ep 001] val_sel AUC=0.5161 acc=0.3473
[ep 002] val_sel AUC=0.5200 acc=0.3237
[ep 003] val_sel AUC=0.5226 acc=0.3237
[ep 004] val_sel AUC=0.5265 acc=0.3502
[ep 005] val_sel AUC=0.5302 acc=0.3473
[ep 006] val_sel AUC=0.5434 acc=0.3473
[ep 007] val_sel AUC=0.5464 acc=0.3473
[ep 008] val_sel AUC=0.5454 acc=0.3237
[ep 009] val_sel AUC=0.5332 acc=0.3291
[ep 010] val_sel AUC=0.5295 acc=0.3376
[ep 011] val_sel AUC=0.5281 acc=0.3291
[ep 012] val_sel AUC=0.5242 acc=0.3412
[ep 013] val_sel AUC=0.5233 acc=0.3412
[ep 014] val_sel AUC=0.5205 acc=0.3237
[ep 015] val_sel AUC=0.5287 acc=0.3594
[ep 016] val_sel AUC=0.5269 acc=0.3650
[ep 017] val_sel AUC=0.5358 acc=0.3389
[ep 018] val_sel AUC=0.5319 acc=0.3681
[ep 019] val_sel AUC=0.5333 acc=0.3643
[ep 020] val_sel AUC=0.5377 acc=0.3634
[ep 021] val_sel AUC=0.5454 acc=0.3623
[ep 022] val_sel AUC=0.5405 acc=0.3672
[ep 023] val_sel AUC=0.5562 acc=0.3701
[ep 024] val_sel AUC=0.5568 acc=0.3877
[ep 025] val_sel AUC=0.5554 acc=0.3787
[ep 026] val_sel AUC=0.5807 acc=0.3872
[ep 027] val_sel AUC=0.5966 acc=0.4112
[ep 028] val_sel AUC=0.6029 acc=0.4148
[ep 029] val_sel AUC=0.6402 acc=0.4337
[ep 030] val_sel AUC=0.6384 acc=0.4476
[ep 031] val_sel AUC=0.6493 acc=0.4543
[ep 032] val_sel AUC=0.6519 acc=0.4559
[ep 033] val_sel AUC=0.5432 acc=0.3237
[ep 034] val_sel AUC=0.5364 acc=0.3473
[ep 035] val_sel AUC=0.5475 acc=0.3291
[ep 036] val_sel AUC=0.5442 acc=0.3291
[ep 037] val_sel AUC=0.5407 acc=0.3549
[ep 038] val_sel AUC=0.5409 acc=0.3291
[ep 039] val_sel AUC=0.5360 acc=0.3437
[ep 040] val_sel AUC=0.5360 acc=0.3524
[ep 041] val_sel AUC=0.5367 acc=0.3383
[ep 042] val_sel AUC=0.5369 acc=0.3237
[ep 043] val_sel AUC=0.5388 acc=0.3448
[ep 044] val_sel AUC=0.5389 acc=0.3473
[ep 045] val_sel AUC=0.5396 acc=0.3542
[ep 046] val_sel AUC=0.5483 acc=0.3547
[ep 047] val_sel AUC=0.5507 acc=0.3479
[ep 048] val_sel AUC=0.5520 acc=0.3623
[ep 049] val_sel AUC=0.5532 acc=0.3643
[ep 050] val_sel AUC=0.5544 acc=0.3643
[ep 051] val_sel AUC=0.6000 acc=0.4065
[ep 052] val_sel AUC=0.6114 acc=0.3767
[ep 053] val_sel AUC=0.6333 acc=0.4382
[ep 054] val_sel AUC=0.6833 acc=0.5003
[ep 055] val_sel AUC=0.6119 acc=0.4258
[ep 056] val_sel AUC=0.7143 acc=0.5109
[ep 057] val_sel AUC=0.7800 acc=0.6000
[ep 058] val_sel AUC=0.6886 acc=0.4299
[ep 059] val_sel AUC=0.7688 acc=0.5735
[ep 060] val_sel AUC=0.8066 acc=0.5982
[ep 061] val_sel AUC=0.7890 acc=0.6114
[ep 062] val_sel AUC=0.8520 acc=0.6949
[ep 063] val_sel AUC=0.8376 acc=0.6366
[ep 064] val_sel AUC=0.8709 acc=0.7176
[ep 065] val_sel AUC=0.8731 acc=0.7156
[ep 066] val_sel AUC=0.8759 acc=0.6997
[ep 067] val_sel AUC=0.8466 acc=0.6292
[ep 068] val_sel AUC=0.8744 acc=0.7165
[ep 069] val_sel AUC=0.8896 acc=0.7511
[ep 070] val_sel AUC=0.8592 acc=0.6584
[ep 071] val_sel AUC=0.8917 acc=0.7340
[ep 072] val_sel AUC=0.9080 acc=0.7636
[ep 073] val_sel AUC=0.8938 acc=0.7363
[ep 074] val_sel AUC=0.9056 acc=0.7648
[ep 075] val_sel AUC=0.9092 acc=0.7881
[ep 076] val_sel AUC=0.9183 acc=0.8027
[ep 077] val_sel AUC=0.9142 acc=0.7816
[ep 078] val_sel AUC=0.9185 acc=0.7886
[ep 079] val_sel AUC=0.9167 acc=0.7874
[ep 080] val_sel AUC=0.9179 acc=0.7998
[ep 081] val_sel AUC=0.9152 acc=0.8027
[ep 082] val_sel AUC=0.9198 acc=0.8092
[ep 083] val_sel AUC=0.9193 acc=0.8011
[ep 084] val_sel AUC=0.9062 acc=0.7645
[ep 085] val_sel AUC=0.9207 acc=0.8105
[ep 086] val_sel AUC=0.9194 acc=0.8076
[ep 087] val_sel AUC=0.9199 acc=0.8088
[ep 088] val_sel AUC=0.9210 acc=0.8119
[ep 089] val_sel AUC=0.9194 acc=0.8079
[ep 090] val_sel AUC=0.9214 acc=0.8157
[ep 091] val_sel AUC=0.9213 acc=0.8126
[ep 092] val_sel AUC=0.9211 acc=0.8139
[ep 093] val_sel AUC=0.9203 acc=0.8137
[ep 094] val_sel AUC=0.9206 acc=0.8153
[ep 095] val_sel AUC=0.9205 acc=0.8150
[ep 096] val_sel AUC=0.9206 acc=0.8155
============================================================
TEST (best val_sel epoch, held-out, evaluated once)
============================================================
[DONE-QPE2] embed=dctfix model_II N=250 seed=47 test_AUC=0.9276 val_sel_AUC=0.9214 per_class=(axion=0.9451 cdm=0.8634 no_sub=0.9742) params=203460 embed_params=1 R_frob_drift=None
