[INFO] QPE2 D=64 P=8 depth=4 | embed=dctfix | data=model_III N/class=250 seed=56 split_seed=0 | params=203460 embed_params=1 lr=0.001 epochs=96 bs=32 | train(750, 64, 64) val_sel(4469, 64, 64) test(4470, 64, 64) device=cuda
[ep 001] val_sel AUC=0.6203 acc=0.3433
[ep 002] val_sel AUC=0.6146 acc=0.3433
[ep 003] val_sel AUC=0.6231 acc=0.3283
[ep 004] val_sel AUC=0.6358 acc=0.3289
[ep 005] val_sel AUC=0.6483 acc=0.3285
[ep 006] val_sel AUC=0.6430 acc=0.3433
[ep 007] val_sel AUC=0.6318 acc=0.3433
[ep 008] val_sel AUC=0.5697 acc=0.3527
[ep 009] val_sel AUC=0.6057 acc=0.3515
[ep 010] val_sel AUC=0.6230 acc=0.3949
[ep 011] val_sel AUC=0.5952 acc=0.3356
[ep 012] val_sel AUC=0.6310 acc=0.3907
[ep 013] val_sel AUC=0.6525 acc=0.4719
[ep 014] val_sel AUC=0.7009 acc=0.5077
[ep 015] val_sel AUC=0.7198 acc=0.5254
[ep 016] val_sel AUC=0.7670 acc=0.5809
[ep 017] val_sel AUC=0.7990 acc=0.6055
[ep 018] val_sel AUC=0.7996 acc=0.6145
[ep 019] val_sel AUC=0.8544 acc=0.6856
[ep 020] val_sel AUC=0.8472 acc=0.6648
[ep 021] val_sel AUC=0.8699 acc=0.7122
[ep 022] val_sel AUC=0.8774 acc=0.7319
[ep 023] val_sel AUC=0.8639 acc=0.7033
[ep 024] val_sel AUC=0.8825 acc=0.7313
[ep 025] val_sel AUC=0.8843 acc=0.7503
[ep 026] val_sel AUC=0.8928 acc=0.7626
[ep 027] val_sel AUC=0.8918 acc=0.7711
[ep 028] val_sel AUC=0.8895 acc=0.7583
[ep 029] val_sel AUC=0.8910 acc=0.7621
[ep 030] val_sel AUC=0.8943 acc=0.7747
[ep 031] val_sel AUC=0.8950 acc=0.7758
[ep 032] val_sel AUC=0.8946 acc=0.7767
[ep 033] val_sel AUC=0.8678 acc=0.7228
[ep 034] val_sel AUC=0.8420 acc=0.6422
[ep 035] val_sel AUC=0.8575 acc=0.7040
[ep 036] val_sel AUC=0.8946 acc=0.7507
[ep 037] val_sel AUC=0.8801 acc=0.7525
[ep 038] val_sel AUC=0.8852 acc=0.7413
[ep 039] val_sel AUC=0.8828 acc=0.7512
[ep 040] val_sel AUC=0.9088 acc=0.7948
[ep 041] val_sel AUC=0.8986 acc=0.7747
[ep 042] val_sel AUC=0.9011 acc=0.7456
[ep 043] val_sel AUC=0.8743 acc=0.7107
[ep 044] val_sel AUC=0.9131 acc=0.7912
[ep 045] val_sel AUC=0.9079 acc=0.7838
[ep 046] val_sel AUC=0.8822 acc=0.7384
[ep 047] val_sel AUC=0.9151 acc=0.7901
[ep 048] val_sel AUC=0.8922 acc=0.7682
[ep 049] val_sel AUC=0.9096 acc=0.7736
[ep 050] val_sel AUC=0.9042 acc=0.7930
[ep 051] val_sel AUC=0.9062 acc=0.7465
[ep 052] val_sel AUC=0.9040 acc=0.7785
[ep 053] val_sel AUC=0.9227 acc=0.8055
[ep 054] val_sel AUC=0.9232 acc=0.8194
[ep 055] val_sel AUC=0.8774 acc=0.7297
[ep 056] val_sel AUC=0.9220 acc=0.8194
[ep 057] val_sel AUC=0.9191 acc=0.7935
[ep 058] val_sel AUC=0.9298 acc=0.8017
[ep 059] val_sel AUC=0.9256 acc=0.8176
[ep 060] val_sel AUC=0.9164 acc=0.7821
[ep 061] val_sel AUC=0.9150 acc=0.7704
[ep 062] val_sel AUC=0.9038 acc=0.7595
[ep 063] val_sel AUC=0.9145 acc=0.7982
[ep 064] val_sel AUC=0.9271 acc=0.8181
[ep 065] val_sel AUC=0.9221 acc=0.7997
[ep 066] val_sel AUC=0.9245 acc=0.8078
[ep 067] val_sel AUC=0.9320 acc=0.8315
[ep 068] val_sel AUC=0.9226 acc=0.8138
[ep 069] val_sel AUC=0.9021 acc=0.7829
[ep 070] val_sel AUC=0.9179 acc=0.8022
[ep 071] val_sel AUC=0.9186 acc=0.7973
[ep 072] val_sel AUC=0.9325 acc=0.8320
[ep 073] val_sel AUC=0.9301 acc=0.8237
[ep 074] val_sel AUC=0.9302 acc=0.8266
[ep 075] val_sel AUC=0.9233 acc=0.8165
[ep 076] val_sel AUC=0.9297 acc=0.8205
[ep 077] val_sel AUC=0.9333 acc=0.8431
[ep 078] val_sel AUC=0.9344 acc=0.8391
[ep 079] val_sel AUC=0.9276 acc=0.8188
[ep 080] val_sel AUC=0.9319 acc=0.8358
[ep 081] val_sel AUC=0.9351 acc=0.8400
[ep 082] val_sel AUC=0.9314 acc=0.8295
[ep 083] val_sel AUC=0.9306 acc=0.8306
[ep 084] val_sel AUC=0.9316 acc=0.8362
[ep 085] val_sel AUC=0.9302 acc=0.8355
[ep 086] val_sel AUC=0.9291 acc=0.8268
[ep 087] val_sel AUC=0.9290 acc=0.8326
[ep 088] val_sel AUC=0.9269 acc=0.8331
[ep 089] val_sel AUC=0.9286 acc=0.8375
[ep 090] val_sel AUC=0.9270 acc=0.8353
[ep 091] val_sel AUC=0.9266 acc=0.8380
[ep 092] val_sel AUC=0.9261 acc=0.8322
[ep 093] val_sel AUC=0.9260 acc=0.8342
[ep 094] val_sel AUC=0.9257 acc=0.8342
[ep 095] val_sel AUC=0.9256 acc=0.8358
[ep 096] val_sel AUC=0.9256 acc=0.8351
============================================================
TEST (best val_sel epoch, held-out, evaluated once)
============================================================
[DONE-QPE2] embed=dctfix model_III N=250 seed=56 test_AUC=0.9312 val_sel_AUC=0.9351 per_class=(axion=0.9364 cdm=0.8722 no_sub=0.9850) params=203460 embed_params=1 R_frob_drift=None
