[INFO] QPE2 D=64 P=8 depth=4 | embed=dctfix | data=model_II N/class=100 seed=44 split_seed=0 | params=203460 embed_params=1 lr=0.001 epochs=96 bs=32 | train(300, 64, 64) val_sel(4455, 64, 64) test(4455, 64, 64) device=cuda
[ep 001] val_sel AUC=0.5215 acc=0.3237
[ep 002] val_sel AUC=0.5375 acc=0.3291
[ep 003] val_sel AUC=0.5390 acc=0.3291
[ep 004] val_sel AUC=0.5388 acc=0.3473
[ep 005] val_sel AUC=0.5423 acc=0.3291
[ep 006] val_sel AUC=0.5404 acc=0.3473
[ep 007] val_sel AUC=0.5408 acc=0.3291
[ep 008] val_sel AUC=0.5402 acc=0.3324
[ep 009] val_sel AUC=0.5405 acc=0.3473
[ep 010] val_sel AUC=0.5399 acc=0.3473
[ep 011] val_sel AUC=0.5399 acc=0.3398
[ep 012] val_sel AUC=0.5392 acc=0.3291
[ep 013] val_sel AUC=0.5396 acc=0.3473
[ep 014] val_sel AUC=0.5399 acc=0.3291
[ep 015] val_sel AUC=0.5396 acc=0.3439
[ep 016] val_sel AUC=0.5408 acc=0.3623
[ep 017] val_sel AUC=0.5427 acc=0.3502
[ep 018] val_sel AUC=0.5430 acc=0.3731
[ep 019] val_sel AUC=0.5449 acc=0.3657
[ep 020] val_sel AUC=0.5439 acc=0.3591
[ep 021] val_sel AUC=0.5479 acc=0.3531
[ep 022] val_sel AUC=0.5514 acc=0.3645
[ep 023] val_sel AUC=0.5570 acc=0.3742
[ep 024] val_sel AUC=0.5599 acc=0.3771
[ep 025] val_sel AUC=0.5635 acc=0.3708
[ep 026] val_sel AUC=0.5759 acc=0.4025
[ep 027] val_sel AUC=0.5805 acc=0.4128
[ep 028] val_sel AUC=0.5870 acc=0.4159
[ep 029] val_sel AUC=0.5958 acc=0.4117
[ep 030] val_sel AUC=0.5973 acc=0.4278
[ep 031] val_sel AUC=0.5992 acc=0.4325
[ep 032] val_sel AUC=0.5996 acc=0.4337
[ep 033] val_sel AUC=0.6305 acc=0.3773
[ep 034] val_sel AUC=0.5879 acc=0.3681
[ep 035] val_sel AUC=0.5875 acc=0.3859
[ep 036] val_sel AUC=0.6040 acc=0.4229
[ep 037] val_sel AUC=0.6317 acc=0.4797
[ep 038] val_sel AUC=0.6160 acc=0.4507
[ep 039] val_sel AUC=0.6516 acc=0.4584
[ep 040] val_sel AUC=0.6681 acc=0.3793
[ep 041] val_sel AUC=0.6114 acc=0.3787
[ep 042] val_sel AUC=0.6175 acc=0.4334
[ep 043] val_sel AUC=0.6468 acc=0.4579
[ep 044] val_sel AUC=0.6549 acc=0.4319
[ep 045] val_sel AUC=0.6929 acc=0.4992
[ep 046] val_sel AUC=0.6887 acc=0.4855
[ep 047] val_sel AUC=0.7465 acc=0.5154
[ep 048] val_sel AUC=0.7666 acc=0.5793
[ep 049] val_sel AUC=0.7635 acc=0.5520
[ep 050] val_sel AUC=0.7417 acc=0.5432
[ep 051] val_sel AUC=0.7652 acc=0.5787
[ep 052] val_sel AUC=0.7825 acc=0.5987
[ep 053] val_sel AUC=0.7857 acc=0.6119
[ep 054] val_sel AUC=0.8026 acc=0.5811
[ep 055] val_sel AUC=0.8066 acc=0.6272
[ep 056] val_sel AUC=0.8208 acc=0.6541
[ep 057] val_sel AUC=0.8403 acc=0.6797
[ep 058] val_sel AUC=0.8143 acc=0.6718
[ep 059] val_sel AUC=0.8199 acc=0.6442
[ep 060] val_sel AUC=0.8039 acc=0.6269
[ep 061] val_sel AUC=0.8185 acc=0.6496
[ep 062] val_sel AUC=0.8331 acc=0.6631
[ep 063] val_sel AUC=0.8497 acc=0.7093
[ep 064] val_sel AUC=0.8550 acc=0.7120
[ep 065] val_sel AUC=0.8448 acc=0.6707
[ep 066] val_sel AUC=0.8292 acc=0.6361
[ep 067] val_sel AUC=0.8674 acc=0.7107
[ep 068] val_sel AUC=0.8423 acc=0.6669
[ep 069] val_sel AUC=0.8597 acc=0.7219
[ep 070] val_sel AUC=0.8618 acc=0.7309
[ep 071] val_sel AUC=0.8706 acc=0.7241
[ep 072] val_sel AUC=0.8435 acc=0.6519
[ep 073] val_sel AUC=0.8436 acc=0.6458
[ep 074] val_sel AUC=0.8736 acc=0.7329
[ep 075] val_sel AUC=0.8690 acc=0.7338
[ep 076] val_sel AUC=0.8682 acc=0.7136
[ep 077] val_sel AUC=0.8727 acc=0.7461
[ep 078] val_sel AUC=0.8795 acc=0.7515
[ep 079] val_sel AUC=0.8753 acc=0.7452
[ep 080] val_sel AUC=0.8699 acc=0.7129
[ep 081] val_sel AUC=0.8781 acc=0.7481
[ep 082] val_sel AUC=0.8667 acc=0.7244
[ep 083] val_sel AUC=0.8748 acc=0.7542
[ep 084] val_sel AUC=0.8718 acc=0.7484
[ep 085] val_sel AUC=0.8706 acc=0.7428
[ep 086] val_sel AUC=0.8707 acc=0.7477
[ep 087] val_sel AUC=0.8677 acc=0.7428
[ep 088] val_sel AUC=0.8689 acc=0.7378
[ep 089] val_sel AUC=0.8686 acc=0.7475
[ep 090] val_sel AUC=0.8693 acc=0.7466
[ep 091] val_sel AUC=0.8684 acc=0.7403
[ep 092] val_sel AUC=0.8682 acc=0.7416
[ep 093] val_sel AUC=0.8688 acc=0.7470
[ep 094] val_sel AUC=0.8678 acc=0.7459
[ep 095] val_sel AUC=0.8679 acc=0.7459
[ep 096] val_sel AUC=0.8680 acc=0.7459
============================================================
TEST (best val_sel epoch, held-out, evaluated once)
============================================================
[DONE-QPE2] embed=dctfix model_II N=100 seed=44 test_AUC=0.8847 val_sel_AUC=0.8795 per_class=(axion=0.9170 cdm=0.7813 no_sub=0.9558) params=203460 embed_params=1 R_frob_drift=None
