[INFO] QPE2 D=64 P=8 depth=4 | embed=dctfix | data=model_II N/class=100 seed=60 split_seed=0 | params=203460 embed_params=1 lr=0.001 epochs=96 bs=32 | train(300, 64, 64) val_sel(4455, 64, 64) test(4455, 64, 64) device=cuda
[ep 001] val_sel AUC=0.5179 acc=0.3473
[ep 002] val_sel AUC=0.5270 acc=0.3237
[ep 003] val_sel AUC=0.5252 acc=0.3291
[ep 004] val_sel AUC=0.5201 acc=0.3237
[ep 005] val_sel AUC=0.5172 acc=0.3473
[ep 006] val_sel AUC=0.5113 acc=0.3473
[ep 007] val_sel AUC=0.5092 acc=0.3291
[ep 008] val_sel AUC=0.5064 acc=0.3342
[ep 009] val_sel AUC=0.5007 acc=0.3473
[ep 010] val_sel AUC=0.5010 acc=0.3291
[ep 011] val_sel AUC=0.4940 acc=0.3473
[ep 012] val_sel AUC=0.4997 acc=0.3154
[ep 013] val_sel AUC=0.4965 acc=0.3163
[ep 014] val_sel AUC=0.4955 acc=0.3414
[ep 015] val_sel AUC=0.4963 acc=0.3270
[ep 016] val_sel AUC=0.4950 acc=0.3109
[ep 017] val_sel AUC=0.4968 acc=0.3086
[ep 018] val_sel AUC=0.4956 acc=0.3125
[ep 019] val_sel AUC=0.4973 acc=0.3156
[ep 020] val_sel AUC=0.4972 acc=0.3111
[ep 021] val_sel AUC=0.4980 acc=0.3129
[ep 022] val_sel AUC=0.4983 acc=0.3262
[ep 023] val_sel AUC=0.4995 acc=0.3165
[ep 024] val_sel AUC=0.5011 acc=0.3199
[ep 025] val_sel AUC=0.5021 acc=0.3190
[ep 026] val_sel AUC=0.5034 acc=0.3219
[ep 027] val_sel AUC=0.5038 acc=0.3217
[ep 028] val_sel AUC=0.5046 acc=0.3306
[ep 029] val_sel AUC=0.5049 acc=0.3327
[ep 030] val_sel AUC=0.5051 acc=0.3333
[ep 031] val_sel AUC=0.5052 acc=0.3311
[ep 032] val_sel AUC=0.5052 acc=0.3313
[ep 033] val_sel AUC=0.5077 acc=0.3439
[ep 034] val_sel AUC=0.5187 acc=0.3419
[ep 035] val_sel AUC=0.5275 acc=0.3625
[ep 036] val_sel AUC=0.5274 acc=0.3455
[ep 037] val_sel AUC=0.5413 acc=0.3578
[ep 038] val_sel AUC=0.5349 acc=0.3448
[ep 039] val_sel AUC=0.5410 acc=0.3493
[ep 040] val_sel AUC=0.5453 acc=0.3672
[ep 041] val_sel AUC=0.5679 acc=0.3722
[ep 042] val_sel AUC=0.5704 acc=0.3872
[ep 043] val_sel AUC=0.5620 acc=0.3598
[ep 044] val_sel AUC=0.5871 acc=0.3679
[ep 045] val_sel AUC=0.6163 acc=0.4245
[ep 046] val_sel AUC=0.6175 acc=0.4186
[ep 047] val_sel AUC=0.6232 acc=0.4245
[ep 048] val_sel AUC=0.6247 acc=0.4265
[ep 049] val_sel AUC=0.6545 acc=0.4238
[ep 050] val_sel AUC=0.6639 acc=0.4716
[ep 051] val_sel AUC=0.6687 acc=0.4815
[ep 052] val_sel AUC=0.7352 acc=0.5208
[ep 053] val_sel AUC=0.6798 acc=0.5053
[ep 054] val_sel AUC=0.7454 acc=0.5596
[ep 055] val_sel AUC=0.7220 acc=0.5152
[ep 056] val_sel AUC=0.7354 acc=0.5475
[ep 057] val_sel AUC=0.7629 acc=0.5841
[ep 058] val_sel AUC=0.7529 acc=0.5587
[ep 059] val_sel AUC=0.7965 acc=0.6218
[ep 060] val_sel AUC=0.7986 acc=0.5953
[ep 061] val_sel AUC=0.7874 acc=0.6022
[ep 062] val_sel AUC=0.8017 acc=0.6200
[ep 063] val_sel AUC=0.7963 acc=0.6052
[ep 064] val_sel AUC=0.8064 acc=0.6135
[ep 065] val_sel AUC=0.8122 acc=0.6368
[ep 066] val_sel AUC=0.8188 acc=0.6240
[ep 067] val_sel AUC=0.8281 acc=0.6548
[ep 068] val_sel AUC=0.8368 acc=0.6658
[ep 069] val_sel AUC=0.8270 acc=0.6301
[ep 070] val_sel AUC=0.8122 acc=0.5928
[ep 071] val_sel AUC=0.8337 acc=0.6669
[ep 072] val_sel AUC=0.8415 acc=0.6705
[ep 073] val_sel AUC=0.8424 acc=0.6745
[ep 074] val_sel AUC=0.8125 acc=0.5987
[ep 075] val_sel AUC=0.8325 acc=0.6750
[ep 076] val_sel AUC=0.8352 acc=0.6716
[ep 077] val_sel AUC=0.8432 acc=0.6752
[ep 078] val_sel AUC=0.8295 acc=0.6581
[ep 079] val_sel AUC=0.8401 acc=0.6860
[ep 080] val_sel AUC=0.8455 acc=0.6927
[ep 081] val_sel AUC=0.8366 acc=0.6691
[ep 082] val_sel AUC=0.8391 acc=0.6813
[ep 083] val_sel AUC=0.8300 acc=0.6606
[ep 084] val_sel AUC=0.8454 acc=0.6943
[ep 085] val_sel AUC=0.8407 acc=0.6864
[ep 086] val_sel AUC=0.8442 acc=0.6941
[ep 087] val_sel AUC=0.8428 acc=0.6914
[ep 088] val_sel AUC=0.8423 acc=0.6925
[ep 089] val_sel AUC=0.8427 acc=0.6916
[ep 090] val_sel AUC=0.8439 acc=0.6927
[ep 091] val_sel AUC=0.8431 acc=0.6909
[ep 092] val_sel AUC=0.8436 acc=0.6941
[ep 093] val_sel AUC=0.8435 acc=0.6911
[ep 094] val_sel AUC=0.8431 acc=0.6882
[ep 095] val_sel AUC=0.8432 acc=0.6893
[ep 096] val_sel AUC=0.8432 acc=0.6898
============================================================
TEST (best val_sel epoch, held-out, evaluated once)
============================================================
[DONE-QPE2] embed=dctfix model_II N=100 seed=60 test_AUC=0.8539 val_sel_AUC=0.8455 per_class=(axion=0.9006 cdm=0.7179 no_sub=0.9433) params=203460 embed_params=1 R_frob_drift=None
