[INFO] QPE2 D=64 P=8 depth=4 | embed=dctfix | data=model_III N/class=100 seed=50 split_seed=0 | params=203460 embed_params=1 lr=0.001 epochs=96 bs=32 | train(300, 64, 64) val_sel(4469, 64, 64) test(4470, 64, 64) device=cuda
[ep 001] val_sel AUC=0.5348 acc=0.3283
[ep 002] val_sel AUC=0.5310 acc=0.3433
[ep 003] val_sel AUC=0.5413 acc=0.3283
[ep 004] val_sel AUC=0.5397 acc=0.3433
[ep 005] val_sel AUC=0.5459 acc=0.3717
[ep 006] val_sel AUC=0.5457 acc=0.3437
[ep 007] val_sel AUC=0.5442 acc=0.3433
[ep 008] val_sel AUC=0.5445 acc=0.3285
[ep 009] val_sel AUC=0.5444 acc=0.3415
[ep 010] val_sel AUC=0.5408 acc=0.3488
[ep 011] val_sel AUC=0.5344 acc=0.3298
[ep 012] val_sel AUC=0.5306 acc=0.3388
[ep 013] val_sel AUC=0.5275 acc=0.3504
[ep 014] val_sel AUC=0.5254 acc=0.3473
[ep 015] val_sel AUC=0.5248 acc=0.3462
[ep 016] val_sel AUC=0.5253 acc=0.3466
[ep 017] val_sel AUC=0.5250 acc=0.3439
[ep 018] val_sel AUC=0.5264 acc=0.3439
[ep 019] val_sel AUC=0.5286 acc=0.3580
[ep 020] val_sel AUC=0.5303 acc=0.3587
[ep 021] val_sel AUC=0.5429 acc=0.3524
[ep 022] val_sel AUC=0.5429 acc=0.3522
[ep 023] val_sel AUC=0.5708 acc=0.3652
[ep 024] val_sel AUC=0.5801 acc=0.4169
[ep 025] val_sel AUC=0.5818 acc=0.3761
[ep 026] val_sel AUC=0.5918 acc=0.4220
[ep 027] val_sel AUC=0.6014 acc=0.4435
[ep 028] val_sel AUC=0.6006 acc=0.4549
[ep 029] val_sel AUC=0.6082 acc=0.4634
[ep 030] val_sel AUC=0.6128 acc=0.4650
[ep 031] val_sel AUC=0.6146 acc=0.4672
[ep 032] val_sel AUC=0.6152 acc=0.4674
[ep 033] val_sel AUC=0.5814 acc=0.3285
[ep 034] val_sel AUC=0.5550 acc=0.3242
[ep 035] val_sel AUC=0.5528 acc=0.3408
[ep 036] val_sel AUC=0.5454 acc=0.3641
[ep 037] val_sel AUC=0.5502 acc=0.3681
[ep 038] val_sel AUC=0.5574 acc=0.3804
[ep 039] val_sel AUC=0.5414 acc=0.3685
[ep 040] val_sel AUC=0.5543 acc=0.3641
[ep 041] val_sel AUC=0.5676 acc=0.3674
[ep 042] val_sel AUC=0.5789 acc=0.4019
[ep 043] val_sel AUC=0.5696 acc=0.3688
[ep 044] val_sel AUC=0.5849 acc=0.3905
[ep 045] val_sel AUC=0.5936 acc=0.4207
[ep 046] val_sel AUC=0.5971 acc=0.3967
[ep 047] val_sel AUC=0.6057 acc=0.4050
[ep 048] val_sel AUC=0.6223 acc=0.4126
[ep 049] val_sel AUC=0.6243 acc=0.4039
[ep 050] val_sel AUC=0.6351 acc=0.4489
[ep 051] val_sel AUC=0.6380 acc=0.4475
[ep 052] val_sel AUC=0.6654 acc=0.4513
[ep 053] val_sel AUC=0.6888 acc=0.4968
[ep 054] val_sel AUC=0.7090 acc=0.4851
[ep 055] val_sel AUC=0.7240 acc=0.5173
[ep 056] val_sel AUC=0.7655 acc=0.5610
[ep 057] val_sel AUC=0.7553 acc=0.5782
[ep 058] val_sel AUC=0.7504 acc=0.5930
[ep 059] val_sel AUC=0.7800 acc=0.6042
[ep 060] val_sel AUC=0.7805 acc=0.5992
[ep 061] val_sel AUC=0.8045 acc=0.6344
[ep 062] val_sel AUC=0.8153 acc=0.6221
[ep 063] val_sel AUC=0.8202 acc=0.6308
[ep 064] val_sel AUC=0.7981 acc=0.6312
[ep 065] val_sel AUC=0.8091 acc=0.6567
[ep 066] val_sel AUC=0.8049 acc=0.6234
[ep 067] val_sel AUC=0.8066 acc=0.6270
[ep 068] val_sel AUC=0.8148 acc=0.6200
[ep 069] val_sel AUC=0.8210 acc=0.6623
[ep 070] val_sel AUC=0.8174 acc=0.6310
[ep 071] val_sel AUC=0.8251 acc=0.6827
[ep 072] val_sel AUC=0.8178 acc=0.6476
[ep 073] val_sel AUC=0.8196 acc=0.6722
[ep 074] val_sel AUC=0.8305 acc=0.6561
[ep 075] val_sel AUC=0.8295 acc=0.6758
[ep 076] val_sel AUC=0.8330 acc=0.6637
[ep 077] val_sel AUC=0.8244 acc=0.6588
[ep 078] val_sel AUC=0.8263 acc=0.6720
[ep 079] val_sel AUC=0.8235 acc=0.6773
[ep 080] val_sel AUC=0.8128 acc=0.6270
[ep 081] val_sel AUC=0.8311 acc=0.6686
[ep 082] val_sel AUC=0.8281 acc=0.6601
[ep 083] val_sel AUC=0.8301 acc=0.6691
[ep 084] val_sel AUC=0.8254 acc=0.6682
[ep 085] val_sel AUC=0.8243 acc=0.6664
[ep 086] val_sel AUC=0.8237 acc=0.6724
[ep 087] val_sel AUC=0.8231 acc=0.6691
[ep 088] val_sel AUC=0.8194 acc=0.6641
[ep 089] val_sel AUC=0.8207 acc=0.6702
[ep 090] val_sel AUC=0.8192 acc=0.6684
[ep 091] val_sel AUC=0.8213 acc=0.6742
[ep 092] val_sel AUC=0.8205 acc=0.6686
[ep 093] val_sel AUC=0.8191 acc=0.6650
[ep 094] val_sel AUC=0.8188 acc=0.6661
[ep 095] val_sel AUC=0.8187 acc=0.6664
[ep 096] val_sel AUC=0.8187 acc=0.6666
============================================================
TEST (best val_sel epoch, held-out, evaluated once)
============================================================
[DONE-QPE2] embed=dctfix model_III N=100 seed=50 test_AUC=0.8361 val_sel_AUC=0.8330 per_class=(axion=0.8997 cdm=0.7023 no_sub=0.9062) params=203460 embed_params=1 R_frob_drift=None
