[INFO] QPE2 D=64 P=8 depth=4 | embed=dctfix | data=model_II N/class=250 seed=48 split_seed=0 | params=203460 embed_params=1 lr=0.001 epochs=96 bs=32 | train(750, 64, 64) val_sel(4455, 64, 64) test(4455, 64, 64) device=cuda
[ep 001] val_sel AUC=0.5557 acc=0.3237
[ep 002] val_sel AUC=0.5508 acc=0.3237
[ep 003] val_sel AUC=0.5672 acc=0.3291
[ep 004] val_sel AUC=0.5606 acc=0.3237
[ep 005] val_sel AUC=0.5709 acc=0.3291
[ep 006] val_sel AUC=0.5650 acc=0.3291
[ep 007] val_sel AUC=0.5523 acc=0.3473
[ep 008] val_sel AUC=0.5401 acc=0.3291
[ep 009] val_sel AUC=0.5345 acc=0.3291
[ep 010] val_sel AUC=0.5272 acc=0.3661
[ep 011] val_sel AUC=0.5255 acc=0.3473
[ep 012] val_sel AUC=0.5264 acc=0.3389
[ep 013] val_sel AUC=0.5329 acc=0.3486
[ep 014] val_sel AUC=0.5411 acc=0.3490
[ep 015] val_sel AUC=0.5465 acc=0.3636
[ep 016] val_sel AUC=0.5812 acc=0.3818
[ep 017] val_sel AUC=0.5945 acc=0.3962
[ep 018] val_sel AUC=0.5869 acc=0.3432
[ep 019] val_sel AUC=0.6097 acc=0.3984
[ep 020] val_sel AUC=0.6965 acc=0.4873
[ep 021] val_sel AUC=0.7363 acc=0.5026
[ep 022] val_sel AUC=0.7612 acc=0.5623
[ep 023] val_sel AUC=0.7739 acc=0.5868
[ep 024] val_sel AUC=0.7874 acc=0.5778
[ep 025] val_sel AUC=0.7930 acc=0.5776
[ep 026] val_sel AUC=0.8387 acc=0.6761
[ep 027] val_sel AUC=0.8372 acc=0.6680
[ep 028] val_sel AUC=0.8490 acc=0.6932
[ep 029] val_sel AUC=0.8566 acc=0.6925
[ep 030] val_sel AUC=0.8579 acc=0.6988
[ep 031] val_sel AUC=0.8612 acc=0.7042
[ep 032] val_sel AUC=0.8610 acc=0.7033
[ep 033] val_sel AUC=0.7435 acc=0.5434
[ep 034] val_sel AUC=0.7629 acc=0.5452
[ep 035] val_sel AUC=0.7988 acc=0.6339
[ep 036] val_sel AUC=0.7916 acc=0.6162
[ep 037] val_sel AUC=0.8000 acc=0.6310
[ep 038] val_sel AUC=0.8252 acc=0.6563
[ep 039] val_sel AUC=0.8167 acc=0.6299
[ep 040] val_sel AUC=0.8554 acc=0.6882
[ep 041] val_sel AUC=0.7935 acc=0.5419
[ep 042] val_sel AUC=0.8310 acc=0.6397
[ep 043] val_sel AUC=0.7992 acc=0.6400
[ep 044] val_sel AUC=0.8254 acc=0.6557
[ep 045] val_sel AUC=0.8472 acc=0.6588
[ep 046] val_sel AUC=0.8660 acc=0.6979
[ep 047] val_sel AUC=0.8474 acc=0.6669
[ep 048] val_sel AUC=0.8422 acc=0.6815
[ep 049] val_sel AUC=0.8472 acc=0.6941
[ep 050] val_sel AUC=0.8840 acc=0.7484
[ep 051] val_sel AUC=0.8373 acc=0.6848
[ep 052] val_sel AUC=0.8893 acc=0.7657
[ep 053] val_sel AUC=0.8623 acc=0.7003
[ep 054] val_sel AUC=0.8860 acc=0.7517
[ep 055] val_sel AUC=0.9028 acc=0.7818
[ep 056] val_sel AUC=0.8893 acc=0.7349
[ep 057] val_sel AUC=0.8935 acc=0.7661
[ep 058] val_sel AUC=0.8832 acc=0.7607
[ep 059] val_sel AUC=0.8702 acc=0.7398
[ep 060] val_sel AUC=0.9029 acc=0.7670
[ep 061] val_sel AUC=0.9024 acc=0.7780
[ep 062] val_sel AUC=0.8843 acc=0.7468
[ep 063] val_sel AUC=0.9047 acc=0.7737
[ep 064] val_sel AUC=0.9025 acc=0.7684
[ep 065] val_sel AUC=0.8870 acc=0.7475
[ep 066] val_sel AUC=0.9129 acc=0.8040
[ep 067] val_sel AUC=0.8894 acc=0.6929
[ep 068] val_sel AUC=0.9028 acc=0.7598
[ep 069] val_sel AUC=0.9143 acc=0.8045
[ep 070] val_sel AUC=0.9006 acc=0.7838
[ep 071] val_sel AUC=0.9164 acc=0.8135
[ep 072] val_sel AUC=0.9137 acc=0.7953
[ep 073] val_sel AUC=0.9131 acc=0.8045
[ep 074] val_sel AUC=0.9113 acc=0.7982
[ep 075] val_sel AUC=0.9039 acc=0.7897
[ep 076] val_sel AUC=0.9151 acc=0.8022
[ep 077] val_sel AUC=0.9140 acc=0.8040
[ep 078] val_sel AUC=0.9172 acc=0.8099
[ep 079] val_sel AUC=0.9165 acc=0.8002
[ep 080] val_sel AUC=0.9180 acc=0.8097
[ep 081] val_sel AUC=0.9091 acc=0.7919
[ep 082] val_sel AUC=0.9160 acc=0.8105
[ep 083] val_sel AUC=0.9162 acc=0.8085
[ep 084] val_sel AUC=0.9153 acc=0.8004
[ep 085] val_sel AUC=0.9157 acc=0.8101
[ep 086] val_sel AUC=0.9154 acc=0.8090
[ep 087] val_sel AUC=0.9148 acc=0.8083
[ep 088] val_sel AUC=0.9152 acc=0.8079
[ep 089] val_sel AUC=0.9125 acc=0.8072
[ep 090] val_sel AUC=0.9137 acc=0.8076
[ep 091] val_sel AUC=0.9138 acc=0.8070
[ep 092] val_sel AUC=0.9135 acc=0.8072
[ep 093] val_sel AUC=0.9137 acc=0.8081
[ep 094] val_sel AUC=0.9136 acc=0.8083
[ep 095] val_sel AUC=0.9133 acc=0.8072
[ep 096] val_sel AUC=0.9134 acc=0.8085
============================================================
TEST (best val_sel epoch, held-out, evaluated once)
============================================================
[DONE-QPE2] embed=dctfix model_II N=250 seed=48 test_AUC=0.9211 val_sel_AUC=0.9180 per_class=(axion=0.9341 cdm=0.8529 no_sub=0.9763) params=203460 embed_params=1 R_frob_drift=None
