[INFO] QPE2 D=64 P=8 depth=4 | embed=dctfix | data=model_III N/class=100 seed=45 split_seed=0 | params=203460 embed_params=1 lr=0.001 epochs=96 bs=32 | train(300, 64, 64) val_sel(4469, 64, 64) test(4470, 64, 64) device=cuda
[ep 001] val_sel AUC=0.4535 acc=0.3433
[ep 002] val_sel AUC=0.4935 acc=0.3285
[ep 003] val_sel AUC=0.4983 acc=0.3433
[ep 004] val_sel AUC=0.5171 acc=0.3285
[ep 005] val_sel AUC=0.5272 acc=0.3285
[ep 006] val_sel AUC=0.5427 acc=0.3433
[ep 007] val_sel AUC=0.5607 acc=0.3433
[ep 008] val_sel AUC=0.5605 acc=0.3285
[ep 009] val_sel AUC=0.5672 acc=0.3433
[ep 010] val_sel AUC=0.5690 acc=0.3285
[ep 011] val_sel AUC=0.5650 acc=0.3285
[ep 012] val_sel AUC=0.5688 acc=0.3433
[ep 013] val_sel AUC=0.5663 acc=0.3283
[ep 014] val_sel AUC=0.5581 acc=0.3433
[ep 015] val_sel AUC=0.5565 acc=0.3283
[ep 016] val_sel AUC=0.5492 acc=0.3285
[ep 017] val_sel AUC=0.5505 acc=0.3348
[ep 018] val_sel AUC=0.5384 acc=0.3330
[ep 019] val_sel AUC=0.5407 acc=0.3433
[ep 020] val_sel AUC=0.5451 acc=0.3596
[ep 021] val_sel AUC=0.5511 acc=0.3491
[ep 022] val_sel AUC=0.5490 acc=0.3600
[ep 023] val_sel AUC=0.5503 acc=0.3591
[ep 024] val_sel AUC=0.5475 acc=0.3627
[ep 025] val_sel AUC=0.5474 acc=0.3636
[ep 026] val_sel AUC=0.5474 acc=0.3674
[ep 027] val_sel AUC=0.5457 acc=0.3587
[ep 028] val_sel AUC=0.5456 acc=0.3614
[ep 029] val_sel AUC=0.5459 acc=0.3623
[ep 030] val_sel AUC=0.5460 acc=0.3623
[ep 031] val_sel AUC=0.5463 acc=0.3614
[ep 032] val_sel AUC=0.5462 acc=0.3614
[ep 033] val_sel AUC=0.5523 acc=0.3477
[ep 034] val_sel AUC=0.5448 acc=0.3614
[ep 035] val_sel AUC=0.5610 acc=0.3838
[ep 036] val_sel AUC=0.5516 acc=0.3625
[ep 037] val_sel AUC=0.5510 acc=0.3746
[ep 038] val_sel AUC=0.5667 acc=0.3829
[ep 039] val_sel AUC=0.5751 acc=0.3574
[ep 040] val_sel AUC=0.5931 acc=0.4144
[ep 041] val_sel AUC=0.6026 acc=0.4081
[ep 042] val_sel AUC=0.5981 acc=0.4088
[ep 043] val_sel AUC=0.5887 acc=0.3893
[ep 044] val_sel AUC=0.5876 acc=0.4046
[ep 045] val_sel AUC=0.6082 acc=0.4021
[ep 046] val_sel AUC=0.6187 acc=0.4093
[ep 047] val_sel AUC=0.6154 acc=0.4287
[ep 048] val_sel AUC=0.6236 acc=0.4057
[ep 049] val_sel AUC=0.6006 acc=0.4343
[ep 050] val_sel AUC=0.6196 acc=0.4162
[ep 051] val_sel AUC=0.6156 acc=0.4310
[ep 052] val_sel AUC=0.6250 acc=0.4343
[ep 053] val_sel AUC=0.6434 acc=0.4621
[ep 054] val_sel AUC=0.6905 acc=0.4999
[ep 055] val_sel AUC=0.6994 acc=0.4482
[ep 056] val_sel AUC=0.7053 acc=0.5245
[ep 057] val_sel AUC=0.7368 acc=0.5498
[ep 058] val_sel AUC=0.7378 acc=0.5540
[ep 059] val_sel AUC=0.7604 acc=0.5706
[ep 060] val_sel AUC=0.7351 acc=0.5377
[ep 061] val_sel AUC=0.7785 acc=0.6015
[ep 062] val_sel AUC=0.7918 acc=0.6192
[ep 063] val_sel AUC=0.7801 acc=0.5999
[ep 064] val_sel AUC=0.8088 acc=0.6341
[ep 065] val_sel AUC=0.7807 acc=0.5941
[ep 066] val_sel AUC=0.8096 acc=0.6601
[ep 067] val_sel AUC=0.8318 acc=0.6366
[ep 068] val_sel AUC=0.8399 acc=0.6800
[ep 069] val_sel AUC=0.8131 acc=0.6149
[ep 070] val_sel AUC=0.8446 acc=0.6937
[ep 071] val_sel AUC=0.8329 acc=0.6840
[ep 072] val_sel AUC=0.8397 acc=0.6695
[ep 073] val_sel AUC=0.8496 acc=0.7011
[ep 074] val_sel AUC=0.8515 acc=0.6961
[ep 075] val_sel AUC=0.8564 acc=0.7064
[ep 076] val_sel AUC=0.8486 acc=0.6988
[ep 077] val_sel AUC=0.8591 acc=0.7154
[ep 078] val_sel AUC=0.8659 acc=0.7270
[ep 079] val_sel AUC=0.8581 acc=0.6892
[ep 080] val_sel AUC=0.8666 acc=0.7252
[ep 081] val_sel AUC=0.8697 acc=0.7194
[ep 082] val_sel AUC=0.8700 acc=0.7308
[ep 083] val_sel AUC=0.8621 acc=0.7328
[ep 084] val_sel AUC=0.8745 acc=0.7297
[ep 085] val_sel AUC=0.8670 acc=0.7393
[ep 086] val_sel AUC=0.8758 acc=0.7395
[ep 087] val_sel AUC=0.8729 acc=0.7507
[ep 088] val_sel AUC=0.8749 acc=0.7445
[ep 089] val_sel AUC=0.8760 acc=0.7494
[ep 090] val_sel AUC=0.8753 acc=0.7518
[ep 091] val_sel AUC=0.8758 acc=0.7431
[ep 092] val_sel AUC=0.8743 acc=0.7514
[ep 093] val_sel AUC=0.8744 acc=0.7503
[ep 094] val_sel AUC=0.8751 acc=0.7521
[ep 095] val_sel AUC=0.8753 acc=0.7516
[ep 096] val_sel AUC=0.8753 acc=0.7516
============================================================
TEST (best val_sel epoch, held-out, evaluated once)
============================================================
[DONE-QPE2] embed=dctfix model_III N=100 seed=45 test_AUC=0.8791 val_sel_AUC=0.8760 per_class=(axion=0.9161 cdm=0.7777 no_sub=0.9435) params=203460 embed_params=1 R_frob_drift=None
