[INFO] QPE2 D=64 P=8 depth=4 | embed=dctfix | data=model_III N/class=250 seed=50 split_seed=0 | params=203460 embed_params=1 lr=0.001 epochs=96 bs=32 | train(750, 64, 64) val_sel(4469, 64, 64) test(4470, 64, 64) device=cuda
[ep 001] val_sel AUC=0.5646 acc=0.3283
[ep 002] val_sel AUC=0.5703 acc=0.3283
[ep 003] val_sel AUC=0.5636 acc=0.3285
[ep 004] val_sel AUC=0.5633 acc=0.3283
[ep 005] val_sel AUC=0.5623 acc=0.3433
[ep 006] val_sel AUC=0.5602 acc=0.3433
[ep 007] val_sel AUC=0.5552 acc=0.3285
[ep 008] val_sel AUC=0.5537 acc=0.3285
[ep 009] val_sel AUC=0.5489 acc=0.3283
[ep 010] val_sel AUC=0.5380 acc=0.3285
[ep 011] val_sel AUC=0.5322 acc=0.3283
[ep 012] val_sel AUC=0.5333 acc=0.3283
[ep 013] val_sel AUC=0.5301 acc=0.3433
[ep 014] val_sel AUC=0.5376 acc=0.3506
[ep 015] val_sel AUC=0.6076 acc=0.3620
[ep 016] val_sel AUC=0.6747 acc=0.4838
[ep 017] val_sel AUC=0.7629 acc=0.5681
[ep 018] val_sel AUC=0.8182 acc=0.6590
[ep 019] val_sel AUC=0.8165 acc=0.6397
[ep 020] val_sel AUC=0.8755 acc=0.7082
[ep 021] val_sel AUC=0.8891 acc=0.7299
[ep 022] val_sel AUC=0.8911 acc=0.7348
[ep 023] val_sel AUC=0.8944 acc=0.7306
[ep 024] val_sel AUC=0.9000 acc=0.7485
[ep 025] val_sel AUC=0.9084 acc=0.7653
[ep 026] val_sel AUC=0.9136 acc=0.7888
[ep 027] val_sel AUC=0.9162 acc=0.7955
[ep 028] val_sel AUC=0.9200 acc=0.7953
[ep 029] val_sel AUC=0.9187 acc=0.7962
[ep 030] val_sel AUC=0.9200 acc=0.7997
[ep 031] val_sel AUC=0.9198 acc=0.7955
[ep 032] val_sel AUC=0.9202 acc=0.8004
[ep 033] val_sel AUC=0.8212 acc=0.5972
[ep 034] val_sel AUC=0.8938 acc=0.7532
[ep 035] val_sel AUC=0.8177 acc=0.5552
[ep 036] val_sel AUC=0.8891 acc=0.7118
[ep 037] val_sel AUC=0.8584 acc=0.6836
[ep 038] val_sel AUC=0.8725 acc=0.7297
[ep 039] val_sel AUC=0.9095 acc=0.7778
[ep 040] val_sel AUC=0.9083 acc=0.7650
[ep 041] val_sel AUC=0.8843 acc=0.7342
[ep 042] val_sel AUC=0.9103 acc=0.7543
[ep 043] val_sel AUC=0.9066 acc=0.7751
[ep 044] val_sel AUC=0.8553 acc=0.6762
[ep 045] val_sel AUC=0.9148 acc=0.7496
[ep 046] val_sel AUC=0.9023 acc=0.7521
[ep 047] val_sel AUC=0.8941 acc=0.7225
[ep 048] val_sel AUC=0.8957 acc=0.7243
[ep 049] val_sel AUC=0.9146 acc=0.8011
[ep 050] val_sel AUC=0.9210 acc=0.7975
[ep 051] val_sel AUC=0.9143 acc=0.7722
[ep 052] val_sel AUC=0.9245 acc=0.8060
[ep 053] val_sel AUC=0.9061 acc=0.7814
[ep 054] val_sel AUC=0.9237 acc=0.8082
[ep 055] val_sel AUC=0.9183 acc=0.7744
[ep 056] val_sel AUC=0.9207 acc=0.7666
[ep 057] val_sel AUC=0.9309 acc=0.8078
[ep 058] val_sel AUC=0.8938 acc=0.7270
[ep 059] val_sel AUC=0.8934 acc=0.6630
[ep 060] val_sel AUC=0.9276 acc=0.8096
[ep 061] val_sel AUC=0.9097 acc=0.7812
[ep 062] val_sel AUC=0.9250 acc=0.8038
[ep 063] val_sel AUC=0.9203 acc=0.7928
[ep 064] val_sel AUC=0.9242 acc=0.7986
[ep 065] val_sel AUC=0.9232 acc=0.7885
[ep 066] val_sel AUC=0.9333 acc=0.8273
[ep 067] val_sel AUC=0.9211 acc=0.7957
[ep 068] val_sel AUC=0.9204 acc=0.7843
[ep 069] val_sel AUC=0.9319 acc=0.8149
[ep 070] val_sel AUC=0.9289 acc=0.8100
[ep 071] val_sel AUC=0.9294 acc=0.8040
[ep 072] val_sel AUC=0.9268 acc=0.8000
[ep 073] val_sel AUC=0.9123 acc=0.7711
[ep 074] val_sel AUC=0.9388 acc=0.8382
[ep 075] val_sel AUC=0.9392 acc=0.8427
[ep 076] val_sel AUC=0.9318 acc=0.8194
[ep 077] val_sel AUC=0.9337 acc=0.8235
[ep 078] val_sel AUC=0.9364 acc=0.8306
[ep 079] val_sel AUC=0.9367 acc=0.8293
[ep 080] val_sel AUC=0.9401 acc=0.8405
[ep 081] val_sel AUC=0.9379 acc=0.8288
[ep 082] val_sel AUC=0.9381 acc=0.8293
[ep 083] val_sel AUC=0.9379 acc=0.8333
[ep 084] val_sel AUC=0.9338 acc=0.8188
[ep 085] val_sel AUC=0.9367 acc=0.8308
[ep 086] val_sel AUC=0.9366 acc=0.8237
[ep 087] val_sel AUC=0.9386 acc=0.8297
[ep 088] val_sel AUC=0.9373 acc=0.8317
[ep 089] val_sel AUC=0.9391 acc=0.8315
[ep 090] val_sel AUC=0.9383 acc=0.8333
[ep 091] val_sel AUC=0.9376 acc=0.8304
[ep 092] val_sel AUC=0.9382 acc=0.8331
[ep 093] val_sel AUC=0.9383 acc=0.8328
[ep 094] val_sel AUC=0.9377 acc=0.8320
[ep 095] val_sel AUC=0.9376 acc=0.8322
[ep 096] val_sel AUC=0.9377 acc=0.8333
============================================================
TEST (best val_sel epoch, held-out, evaluated once)
============================================================
[DONE-QPE2] embed=dctfix model_III N=250 seed=50 test_AUC=0.9371 val_sel_AUC=0.9401 per_class=(axion=0.9438 cdm=0.8858 no_sub=0.9818) params=203460 embed_params=1 R_frob_drift=None
