[INFO] QPE2 D=64 P=8 depth=4 | embed=dctfix | data=model_II N/class=100 seed=50 split_seed=0 | params=203460 embed_params=1 lr=0.001 epochs=96 bs=32 | train(300, 64, 64) val_sel(4455, 64, 64) test(4455, 64, 64) device=cuda
[ep 001] val_sel AUC=0.5332 acc=0.3291
[ep 002] val_sel AUC=0.5470 acc=0.3473
[ep 003] val_sel AUC=0.5543 acc=0.3291
[ep 004] val_sel AUC=0.5592 acc=0.3473
[ep 005] val_sel AUC=0.5574 acc=0.3277
[ep 006] val_sel AUC=0.5550 acc=0.3473
[ep 007] val_sel AUC=0.5533 acc=0.3473
[ep 008] val_sel AUC=0.5532 acc=0.3237
[ep 009] val_sel AUC=0.5508 acc=0.3607
[ep 010] val_sel AUC=0.5498 acc=0.3291
[ep 011] val_sel AUC=0.5486 acc=0.3237
[ep 012] val_sel AUC=0.5461 acc=0.3291
[ep 013] val_sel AUC=0.5443 acc=0.3773
[ep 014] val_sel AUC=0.5421 acc=0.3291
[ep 015] val_sel AUC=0.5383 acc=0.3385
[ep 016] val_sel AUC=0.5377 acc=0.3614
[ep 017] val_sel AUC=0.5362 acc=0.3407
[ep 018] val_sel AUC=0.5356 acc=0.3506
[ep 019] val_sel AUC=0.5355 acc=0.3520
[ep 020] val_sel AUC=0.5347 acc=0.3448
[ep 021] val_sel AUC=0.5346 acc=0.3569
[ep 022] val_sel AUC=0.5340 acc=0.3549
[ep 023] val_sel AUC=0.5342 acc=0.3448
[ep 024] val_sel AUC=0.5337 acc=0.3484
[ep 025] val_sel AUC=0.5344 acc=0.3481
[ep 026] val_sel AUC=0.5346 acc=0.3540
[ep 027] val_sel AUC=0.5348 acc=0.3549
[ep 028] val_sel AUC=0.5350 acc=0.3533
[ep 029] val_sel AUC=0.5350 acc=0.3535
[ep 030] val_sel AUC=0.5350 acc=0.3535
[ep 031] val_sel AUC=0.5350 acc=0.3535
[ep 032] val_sel AUC=0.5350 acc=0.3524
[ep 033] val_sel AUC=0.5282 acc=0.3441
[ep 034] val_sel AUC=0.5343 acc=0.3535
[ep 035] val_sel AUC=0.5374 acc=0.3524
[ep 036] val_sel AUC=0.5371 acc=0.3535
[ep 037] val_sel AUC=0.5348 acc=0.3461
[ep 038] val_sel AUC=0.5369 acc=0.3524
[ep 039] val_sel AUC=0.5452 acc=0.3701
[ep 040] val_sel AUC=0.5505 acc=0.3758
[ep 041] val_sel AUC=0.5611 acc=0.3946
[ep 042] val_sel AUC=0.5621 acc=0.3742
[ep 043] val_sel AUC=0.5552 acc=0.3684
[ep 044] val_sel AUC=0.5668 acc=0.3715
[ep 045] val_sel AUC=0.5860 acc=0.3897
[ep 046] val_sel AUC=0.5795 acc=0.3948
[ep 047] val_sel AUC=0.5835 acc=0.3980
[ep 048] val_sel AUC=0.6123 acc=0.4195
[ep 049] val_sel AUC=0.5971 acc=0.4114
[ep 050] val_sel AUC=0.6193 acc=0.4494
[ep 051] val_sel AUC=0.6569 acc=0.4471
[ep 052] val_sel AUC=0.6594 acc=0.3980
[ep 053] val_sel AUC=0.7011 acc=0.5284
[ep 054] val_sel AUC=0.6871 acc=0.4691
[ep 055] val_sel AUC=0.6818 acc=0.4079
[ep 056] val_sel AUC=0.7203 acc=0.5257
[ep 057] val_sel AUC=0.7144 acc=0.4851
[ep 058] val_sel AUC=0.7257 acc=0.5140
[ep 059] val_sel AUC=0.7393 acc=0.5446
[ep 060] val_sel AUC=0.7583 acc=0.5636
[ep 061] val_sel AUC=0.7348 acc=0.5439
[ep 062] val_sel AUC=0.7617 acc=0.5955
[ep 063] val_sel AUC=0.7618 acc=0.5897
[ep 064] val_sel AUC=0.7704 acc=0.5614
[ep 065] val_sel AUC=0.7576 acc=0.5632
[ep 066] val_sel AUC=0.7919 acc=0.6155
[ep 067] val_sel AUC=0.8066 acc=0.6577
[ep 068] val_sel AUC=0.7817 acc=0.5998
[ep 069] val_sel AUC=0.7991 acc=0.6267
[ep 070] val_sel AUC=0.7990 acc=0.6328
[ep 071] val_sel AUC=0.7976 acc=0.6301
[ep 072] val_sel AUC=0.8076 acc=0.6498
[ep 073] val_sel AUC=0.8094 acc=0.6397
[ep 074] val_sel AUC=0.7825 acc=0.5928
[ep 075] val_sel AUC=0.7915 acc=0.6350
[ep 076] val_sel AUC=0.8150 acc=0.6536
[ep 077] val_sel AUC=0.8158 acc=0.6579
[ep 078] val_sel AUC=0.8174 acc=0.6485
[ep 079] val_sel AUC=0.8099 acc=0.6494
[ep 080] val_sel AUC=0.8200 acc=0.6651
[ep 081] val_sel AUC=0.8067 acc=0.6449
[ep 082] val_sel AUC=0.8185 acc=0.6644
[ep 083] val_sel AUC=0.8177 acc=0.6709
[ep 084] val_sel AUC=0.8081 acc=0.6568
[ep 085] val_sel AUC=0.8155 acc=0.6712
[ep 086] val_sel AUC=0.8126 acc=0.6615
[ep 087] val_sel AUC=0.8121 acc=0.6662
[ep 088] val_sel AUC=0.8125 acc=0.6613
[ep 089] val_sel AUC=0.8120 acc=0.6624
[ep 090] val_sel AUC=0.8117 acc=0.6590
[ep 091] val_sel AUC=0.8115 acc=0.6570
[ep 092] val_sel AUC=0.8114 acc=0.6584
[ep 093] val_sel AUC=0.8114 acc=0.6586
[ep 094] val_sel AUC=0.8113 acc=0.6590
[ep 095] val_sel AUC=0.8111 acc=0.6590
[ep 096] val_sel AUC=0.8111 acc=0.6590
============================================================
TEST (best val_sel epoch, held-out, evaluated once)
============================================================
[DONE-QPE2] embed=dctfix model_II N=100 seed=50 test_AUC=0.8187 val_sel_AUC=0.8200 per_class=(axion=0.8657 cdm=0.6876 no_sub=0.9028) params=203460 embed_params=1 R_frob_drift=None
