[INFO] QPE2 D=64 P=8 depth=4 | embed=dctfix | data=model_II N/class=250 seed=59 split_seed=0 | params=203460 embed_params=1 lr=0.001 epochs=96 bs=32 | train(750, 64, 64) val_sel(4455, 64, 64) test(4455, 64, 64) device=cuda
[ep 001] val_sel AUC=0.4555 acc=0.3291
[ep 002] val_sel AUC=0.4762 acc=0.3237
[ep 003] val_sel AUC=0.4961 acc=0.3237
[ep 004] val_sel AUC=0.5146 acc=0.3291
[ep 005] val_sel AUC=0.5219 acc=0.3291
[ep 006] val_sel AUC=0.5274 acc=0.3237
[ep 007] val_sel AUC=0.5231 acc=0.3291
[ep 008] val_sel AUC=0.5234 acc=0.3473
[ep 009] val_sel AUC=0.5235 acc=0.3237
[ep 010] val_sel AUC=0.5242 acc=0.3401
[ep 011] val_sel AUC=0.5264 acc=0.3502
[ep 012] val_sel AUC=0.5273 acc=0.3457
[ep 013] val_sel AUC=0.5287 acc=0.3533
[ep 014] val_sel AUC=0.5314 acc=0.3459
[ep 015] val_sel AUC=0.5355 acc=0.3524
[ep 016] val_sel AUC=0.5400 acc=0.3535
[ep 017] val_sel AUC=0.5503 acc=0.3710
[ep 018] val_sel AUC=0.6074 acc=0.3962
[ep 019] val_sel AUC=0.6168 acc=0.4319
[ep 020] val_sel AUC=0.6564 acc=0.4604
[ep 021] val_sel AUC=0.7206 acc=0.5019
[ep 022] val_sel AUC=0.7274 acc=0.5360
[ep 023] val_sel AUC=0.7700 acc=0.5859
[ep 024] val_sel AUC=0.7793 acc=0.5749
[ep 025] val_sel AUC=0.7985 acc=0.6220
[ep 026] val_sel AUC=0.8138 acc=0.6471
[ep 027] val_sel AUC=0.8279 acc=0.6559
[ep 028] val_sel AUC=0.8368 acc=0.6685
[ep 029] val_sel AUC=0.8400 acc=0.6783
[ep 030] val_sel AUC=0.8404 acc=0.6786
[ep 031] val_sel AUC=0.8420 acc=0.6810
[ep 032] val_sel AUC=0.8419 acc=0.6810
[ep 033] val_sel AUC=0.7661 acc=0.5154
[ep 034] val_sel AUC=0.8128 acc=0.6265
[ep 035] val_sel AUC=0.7768 acc=0.6025
[ep 036] val_sel AUC=0.8085 acc=0.5991
[ep 037] val_sel AUC=0.8077 acc=0.6624
[ep 038] val_sel AUC=0.8182 acc=0.6337
[ep 039] val_sel AUC=0.8378 acc=0.6848
[ep 040] val_sel AUC=0.8569 acc=0.6846
[ep 041] val_sel AUC=0.8682 acc=0.7235
[ep 042] val_sel AUC=0.8324 acc=0.6873
[ep 043] val_sel AUC=0.8373 acc=0.6705
[ep 044] val_sel AUC=0.8693 acc=0.7048
[ep 045] val_sel AUC=0.8635 acc=0.7138
[ep 046] val_sel AUC=0.8712 acc=0.7086
[ep 047] val_sel AUC=0.8466 acc=0.6624
[ep 048] val_sel AUC=0.8795 acc=0.6997
[ep 049] val_sel AUC=0.8647 acc=0.6999
[ep 050] val_sel AUC=0.8423 acc=0.7147
[ep 051] val_sel AUC=0.8558 acc=0.6662
[ep 052] val_sel AUC=0.8861 acc=0.7302
[ep 053] val_sel AUC=0.8770 acc=0.7098
[ep 054] val_sel AUC=0.8768 acc=0.7111
[ep 055] val_sel AUC=0.8741 acc=0.7347
[ep 056] val_sel AUC=0.8761 acc=0.7459
[ep 057] val_sel AUC=0.8949 acc=0.7560
[ep 058] val_sel AUC=0.8899 acc=0.7396
[ep 059] val_sel AUC=0.9007 acc=0.7874
[ep 060] val_sel AUC=0.8825 acc=0.7145
[ep 061] val_sel AUC=0.9026 acc=0.7459
[ep 062] val_sel AUC=0.8997 acc=0.7834
[ep 063] val_sel AUC=0.9108 acc=0.7944
[ep 064] val_sel AUC=0.9134 acc=0.7975
[ep 065] val_sel AUC=0.9084 acc=0.7679
[ep 066] val_sel AUC=0.9120 acc=0.7928
[ep 067] val_sel AUC=0.9208 acc=0.8105
[ep 068] val_sel AUC=0.9046 acc=0.7713
[ep 069] val_sel AUC=0.8953 acc=0.7843
[ep 070] val_sel AUC=0.9168 acc=0.8088
[ep 071] val_sel AUC=0.9125 acc=0.7843
[ep 072] val_sel AUC=0.9130 acc=0.8063
[ep 073] val_sel AUC=0.8949 acc=0.7499
[ep 074] val_sel AUC=0.9145 acc=0.8054
[ep 075] val_sel AUC=0.9151 acc=0.8022
[ep 076] val_sel AUC=0.9206 acc=0.8263
[ep 077] val_sel AUC=0.9185 acc=0.8175
[ep 078] val_sel AUC=0.9199 acc=0.8162
[ep 079] val_sel AUC=0.9139 acc=0.8164
[ep 080] val_sel AUC=0.9080 acc=0.8130
[ep 081] val_sel AUC=0.9202 acc=0.8247
[ep 082] val_sel AUC=0.9162 acc=0.8236
[ep 083] val_sel AUC=0.9185 acc=0.8207
[ep 084] val_sel AUC=0.9204 acc=0.8247
[ep 085] val_sel AUC=0.9191 acc=0.8283
[ep 086] val_sel AUC=0.9200 acc=0.8321
[ep 087] val_sel AUC=0.9191 acc=0.8285
[ep 088] val_sel AUC=0.9193 acc=0.8290
[ep 089] val_sel AUC=0.9185 acc=0.8299
[ep 090] val_sel AUC=0.9193 acc=0.8276
[ep 091] val_sel AUC=0.9184 acc=0.8296
[ep 092] val_sel AUC=0.9191 acc=0.8287
[ep 093] val_sel AUC=0.9189 acc=0.8292
[ep 094] val_sel AUC=0.9189 acc=0.8308
[ep 095] val_sel AUC=0.9190 acc=0.8305
[ep 096] val_sel AUC=0.9189 acc=0.8299
============================================================
TEST (best val_sel epoch, held-out, evaluated once)
============================================================
[DONE-QPE2] embed=dctfix model_II N=250 seed=59 test_AUC=0.9274 val_sel_AUC=0.9208 per_class=(axion=0.9396 cdm=0.8654 no_sub=0.9773) params=203460 embed_params=1 R_frob_drift=None
