[INFO] QPE2 D=64 P=8 depth=4 | embed=dctfix | data=model_II N/class=100 seed=51 split_seed=0 | params=203460 embed_params=1 lr=0.001 epochs=96 bs=32 | train(300, 64, 64) val_sel(4455, 64, 64) test(4455, 64, 64) device=cuda
[ep 001] val_sel AUC=0.5039 acc=0.3473
[ep 002] val_sel AUC=0.5255 acc=0.3291
[ep 003] val_sel AUC=0.5283 acc=0.3450
[ep 004] val_sel AUC=0.5271 acc=0.3237
[ep 005] val_sel AUC=0.5239 acc=0.3473
[ep 006] val_sel AUC=0.5225 acc=0.3291
[ep 007] val_sel AUC=0.5216 acc=0.3237
[ep 008] val_sel AUC=0.5200 acc=0.3455
[ep 009] val_sel AUC=0.5176 acc=0.3522
[ep 010] val_sel AUC=0.5216 acc=0.3302
[ep 011] val_sel AUC=0.5266 acc=0.3434
[ep 012] val_sel AUC=0.5275 acc=0.3571
[ep 013] val_sel AUC=0.5256 acc=0.3448
[ep 014] val_sel AUC=0.5235 acc=0.3441
[ep 015] val_sel AUC=0.5243 acc=0.3414
[ep 016] val_sel AUC=0.5230 acc=0.3464
[ep 017] val_sel AUC=0.5256 acc=0.3486
[ep 018] val_sel AUC=0.5247 acc=0.3493
[ep 019] val_sel AUC=0.5270 acc=0.3495
[ep 020] val_sel AUC=0.5298 acc=0.3565
[ep 021] val_sel AUC=0.5276 acc=0.3486
[ep 022] val_sel AUC=0.5284 acc=0.3473
[ep 023] val_sel AUC=0.5287 acc=0.3502
[ep 024] val_sel AUC=0.5295 acc=0.3502
[ep 025] val_sel AUC=0.5306 acc=0.3484
[ep 026] val_sel AUC=0.5301 acc=0.3520
[ep 027] val_sel AUC=0.5300 acc=0.3486
[ep 028] val_sel AUC=0.5301 acc=0.3520
[ep 029] val_sel AUC=0.5304 acc=0.3524
[ep 030] val_sel AUC=0.5304 acc=0.3513
[ep 031] val_sel AUC=0.5304 acc=0.3522
[ep 032] val_sel AUC=0.5304 acc=0.3522
[ep 033] val_sel AUC=0.5319 acc=0.3459
[ep 034] val_sel AUC=0.5375 acc=0.3654
[ep 035] val_sel AUC=0.5359 acc=0.3769
[ep 036] val_sel AUC=0.5411 acc=0.3603
[ep 037] val_sel AUC=0.5484 acc=0.3706
[ep 038] val_sel AUC=0.5410 acc=0.3553
[ep 039] val_sel AUC=0.5457 acc=0.3538
[ep 040] val_sel AUC=0.5441 acc=0.3668
[ep 041] val_sel AUC=0.5477 acc=0.3758
[ep 042] val_sel AUC=0.5423 acc=0.3657
[ep 043] val_sel AUC=0.5480 acc=0.3677
[ep 044] val_sel AUC=0.5578 acc=0.3695
[ep 045] val_sel AUC=0.5589 acc=0.3881
[ep 046] val_sel AUC=0.5619 acc=0.3778
[ep 047] val_sel AUC=0.6044 acc=0.4157
[ep 048] val_sel AUC=0.5830 acc=0.3556
[ep 049] val_sel AUC=0.5734 acc=0.3618
[ep 050] val_sel AUC=0.6152 acc=0.4281
[ep 051] val_sel AUC=0.6172 acc=0.4283
[ep 052] val_sel AUC=0.6514 acc=0.4292
[ep 053] val_sel AUC=0.6850 acc=0.5048
[ep 054] val_sel AUC=0.7184 acc=0.4813
[ep 055] val_sel AUC=0.7275 acc=0.5228
[ep 056] val_sel AUC=0.7277 acc=0.5300
[ep 057] val_sel AUC=0.6745 acc=0.5107
[ep 058] val_sel AUC=0.7187 acc=0.5185
[ep 059] val_sel AUC=0.7605 acc=0.5957
[ep 060] val_sel AUC=0.7648 acc=0.5800
[ep 061] val_sel AUC=0.7453 acc=0.5205
[ep 062] val_sel AUC=0.7858 acc=0.5955
[ep 063] val_sel AUC=0.7983 acc=0.6314
[ep 064] val_sel AUC=0.7970 acc=0.6162
[ep 065] val_sel AUC=0.7789 acc=0.6272
[ep 066] val_sel AUC=0.7985 acc=0.6422
[ep 067] val_sel AUC=0.8038 acc=0.6572
[ep 068] val_sel AUC=0.8096 acc=0.6141
[ep 069] val_sel AUC=0.8233 acc=0.6725
[ep 070] val_sel AUC=0.8340 acc=0.6963
[ep 071] val_sel AUC=0.8344 acc=0.6997
[ep 072] val_sel AUC=0.8125 acc=0.5969
[ep 073] val_sel AUC=0.8334 acc=0.7037
[ep 074] val_sel AUC=0.8345 acc=0.7006
[ep 075] val_sel AUC=0.8321 acc=0.6662
[ep 076] val_sel AUC=0.8389 acc=0.6927
[ep 077] val_sel AUC=0.8444 acc=0.6997
[ep 078] val_sel AUC=0.8444 acc=0.7008
[ep 079] val_sel AUC=0.8520 acc=0.7241
[ep 080] val_sel AUC=0.8593 acc=0.7410
[ep 081] val_sel AUC=0.8424 acc=0.6691
[ep 082] val_sel AUC=0.8592 acc=0.7354
[ep 083] val_sel AUC=0.8561 acc=0.7082
[ep 084] val_sel AUC=0.8588 acc=0.7365
[ep 085] val_sel AUC=0.8585 acc=0.7219
[ep 086] val_sel AUC=0.8645 acc=0.7403
[ep 087] val_sel AUC=0.8585 acc=0.7358
[ep 088] val_sel AUC=0.8657 acc=0.7443
[ep 089] val_sel AUC=0.8628 acc=0.7430
[ep 090] val_sel AUC=0.8656 acc=0.7446
[ep 091] val_sel AUC=0.8648 acc=0.7452
[ep 092] val_sel AUC=0.8648 acc=0.7448
[ep 093] val_sel AUC=0.8647 acc=0.7461
[ep 094] val_sel AUC=0.8652 acc=0.7452
[ep 095] val_sel AUC=0.8654 acc=0.7450
[ep 096] val_sel AUC=0.8653 acc=0.7450
============================================================
TEST (best val_sel epoch, held-out, evaluated once)
============================================================
[DONE-QPE2] embed=dctfix model_II N=100 seed=51 test_AUC=0.8736 val_sel_AUC=0.8657 per_class=(axion=0.8897 cdm=0.7639 no_sub=0.9671) params=203460 embed_params=1 R_frob_drift=None
