[INFO] QPE2 D=64 P=8 depth=4 | embed=dctfix | data=model_III N/class=100 seed=42 split_seed=0 | params=203460 embed_params=1 lr=0.001 epochs=96 bs=32 | train(300, 64, 64) val_sel(4469, 64, 64) test(4470, 64, 64) device=cuda
[ep 001] val_sel AUC=0.5663 acc=0.3283
[ep 002] val_sel AUC=0.5734 acc=0.3433
[ep 003] val_sel AUC=0.5667 acc=0.3285
[ep 004] val_sel AUC=0.5587 acc=0.3433
[ep 005] val_sel AUC=0.5555 acc=0.3283
[ep 006] val_sel AUC=0.5340 acc=0.3285
[ep 007] val_sel AUC=0.5363 acc=0.3283
[ep 008] val_sel AUC=0.5349 acc=0.3433
[ep 009] val_sel AUC=0.5383 acc=0.3475
[ep 010] val_sel AUC=0.5285 acc=0.3383
[ep 011] val_sel AUC=0.5333 acc=0.3421
[ep 012] val_sel AUC=0.5308 acc=0.3428
[ep 013] val_sel AUC=0.5294 acc=0.3410
[ep 014] val_sel AUC=0.5284 acc=0.3381
[ep 015] val_sel AUC=0.5330 acc=0.3531
[ep 016] val_sel AUC=0.5323 acc=0.3486
[ep 017] val_sel AUC=0.5326 acc=0.3547
[ep 018] val_sel AUC=0.5369 acc=0.3587
[ep 019] val_sel AUC=0.5433 acc=0.3652
[ep 020] val_sel AUC=0.5507 acc=0.3701
[ep 021] val_sel AUC=0.5553 acc=0.3551
[ep 022] val_sel AUC=0.5652 acc=0.3873
[ep 023] val_sel AUC=0.5802 acc=0.4017
[ep 024] val_sel AUC=0.5878 acc=0.4043
[ep 025] val_sel AUC=0.6064 acc=0.4249
[ep 026] val_sel AUC=0.6003 acc=0.4019
[ep 027] val_sel AUC=0.6277 acc=0.4426
[ep 028] val_sel AUC=0.6478 acc=0.4560
[ep 029] val_sel AUC=0.6667 acc=0.4668
[ep 030] val_sel AUC=0.6825 acc=0.4813
[ep 031] val_sel AUC=0.6882 acc=0.4894
[ep 032] val_sel AUC=0.6904 acc=0.4907
[ep 033] val_sel AUC=0.6532 acc=0.4124
[ep 034] val_sel AUC=0.6278 acc=0.3797
[ep 035] val_sel AUC=0.6616 acc=0.4415
[ep 036] val_sel AUC=0.7126 acc=0.4717
[ep 037] val_sel AUC=0.6915 acc=0.4211
[ep 038] val_sel AUC=0.7090 acc=0.4122
[ep 039] val_sel AUC=0.7375 acc=0.5046
[ep 040] val_sel AUC=0.7775 acc=0.5742
[ep 041] val_sel AUC=0.7797 acc=0.6236
[ep 042] val_sel AUC=0.6319 acc=0.4227
[ep 043] val_sel AUC=0.6895 acc=0.4932
[ep 044] val_sel AUC=0.7318 acc=0.5522
[ep 045] val_sel AUC=0.8184 acc=0.6288
[ep 046] val_sel AUC=0.7791 acc=0.6147
[ep 047] val_sel AUC=0.8101 acc=0.5845
[ep 048] val_sel AUC=0.7893 acc=0.5809
[ep 049] val_sel AUC=0.8140 acc=0.6288
[ep 050] val_sel AUC=0.8667 acc=0.6999
[ep 051] val_sel AUC=0.7841 acc=0.5050
[ep 052] val_sel AUC=0.7235 acc=0.5133
[ep 053] val_sel AUC=0.8097 acc=0.5968
[ep 054] val_sel AUC=0.8559 acc=0.6664
[ep 055] val_sel AUC=0.8051 acc=0.6124
[ep 056] val_sel AUC=0.8411 acc=0.6820
[ep 057] val_sel AUC=0.8503 acc=0.6854
[ep 058] val_sel AUC=0.8290 acc=0.6751
[ep 059] val_sel AUC=0.8101 acc=0.5988
[ep 060] val_sel AUC=0.8609 acc=0.6941
[ep 061] val_sel AUC=0.8424 acc=0.6767
[ep 062] val_sel AUC=0.8682 acc=0.7098
[ep 063] val_sel AUC=0.8702 acc=0.7120
[ep 064] val_sel AUC=0.8475 acc=0.6802
[ep 065] val_sel AUC=0.8787 acc=0.7355
[ep 066] val_sel AUC=0.8908 acc=0.7635
[ep 067] val_sel AUC=0.8119 acc=0.5648
[ep 068] val_sel AUC=0.8734 acc=0.7116
[ep 069] val_sel AUC=0.8421 acc=0.6243
[ep 070] val_sel AUC=0.8838 acc=0.7395
[ep 071] val_sel AUC=0.8799 acc=0.7386
[ep 072] val_sel AUC=0.8947 acc=0.7666
[ep 073] val_sel AUC=0.8906 acc=0.7559
[ep 074] val_sel AUC=0.8924 acc=0.7572
[ep 075] val_sel AUC=0.8728 acc=0.6995
[ep 076] val_sel AUC=0.8743 acc=0.7167
[ep 077] val_sel AUC=0.8991 acc=0.7736
[ep 078] val_sel AUC=0.9008 acc=0.7722
[ep 079] val_sel AUC=0.8728 acc=0.7087
[ep 080] val_sel AUC=0.9025 acc=0.7715
[ep 081] val_sel AUC=0.9045 acc=0.7807
[ep 082] val_sel AUC=0.8927 acc=0.7581
[ep 083] val_sel AUC=0.9028 acc=0.7798
[ep 084] val_sel AUC=0.9029 acc=0.7796
[ep 085] val_sel AUC=0.8983 acc=0.7653
[ep 086] val_sel AUC=0.9032 acc=0.7798
[ep 087] val_sel AUC=0.9028 acc=0.7787
[ep 088] val_sel AUC=0.8996 acc=0.7689
[ep 089] val_sel AUC=0.9032 acc=0.7791
[ep 090] val_sel AUC=0.9024 acc=0.7753
[ep 091] val_sel AUC=0.9010 acc=0.7727
[ep 092] val_sel AUC=0.9015 acc=0.7733
[ep 093] val_sel AUC=0.9027 acc=0.7751
[ep 094] val_sel AUC=0.9023 acc=0.7738
[ep 095] val_sel AUC=0.9025 acc=0.7742
[ep 096] val_sel AUC=0.9024 acc=0.7742
============================================================
TEST (best val_sel epoch, held-out, evaluated once)
============================================================
[DONE-QPE2] embed=dctfix model_III N=100 seed=42 test_AUC=0.8996 val_sel_AUC=0.9045 per_class=(axion=0.9257 cdm=0.8101 no_sub=0.9630) params=203460 embed_params=1 R_frob_drift=None
