[INFO] QPE2 D=64 P=8 depth=4 | embed=dctfix | data=model_III N/class=100 seed=56 split_seed=0 | params=203460 embed_params=1 lr=0.001 epochs=96 bs=32 | train(300, 64, 64) val_sel(4469, 64, 64) test(4470, 64, 64) device=cuda
[ep 001] val_sel AUC=0.5762 acc=0.3283
[ep 002] val_sel AUC=0.5666 acc=0.3433
[ep 003] val_sel AUC=0.5606 acc=0.3350
[ep 004] val_sel AUC=0.5565 acc=0.3283
[ep 005] val_sel AUC=0.5549 acc=0.3283
[ep 006] val_sel AUC=0.5494 acc=0.3433
[ep 007] val_sel AUC=0.5508 acc=0.3283
[ep 008] val_sel AUC=0.5439 acc=0.3285
[ep 009] val_sel AUC=0.5458 acc=0.3283
[ep 010] val_sel AUC=0.5407 acc=0.3433
[ep 011] val_sel AUC=0.5349 acc=0.3285
[ep 012] val_sel AUC=0.5296 acc=0.3401
[ep 013] val_sel AUC=0.5244 acc=0.3462
[ep 014] val_sel AUC=0.5316 acc=0.3535
[ep 015] val_sel AUC=0.5361 acc=0.3491
[ep 016] val_sel AUC=0.5482 acc=0.3793
[ep 017] val_sel AUC=0.5530 acc=0.3788
[ep 018] val_sel AUC=0.5543 acc=0.3764
[ep 019] val_sel AUC=0.5552 acc=0.3788
[ep 020] val_sel AUC=0.5564 acc=0.3755
[ep 021] val_sel AUC=0.5570 acc=0.3838
[ep 022] val_sel AUC=0.5579 acc=0.3826
[ep 023] val_sel AUC=0.5587 acc=0.3806
[ep 024] val_sel AUC=0.5593 acc=0.3793
[ep 025] val_sel AUC=0.5602 acc=0.3862
[ep 026] val_sel AUC=0.5610 acc=0.3860
[ep 027] val_sel AUC=0.5615 acc=0.3864
[ep 028] val_sel AUC=0.5622 acc=0.3842
[ep 029] val_sel AUC=0.5626 acc=0.3862
[ep 030] val_sel AUC=0.5628 acc=0.3858
[ep 031] val_sel AUC=0.5629 acc=0.3855
[ep 032] val_sel AUC=0.5629 acc=0.3862
[ep 033] val_sel AUC=0.5758 acc=0.3927
[ep 034] val_sel AUC=0.5842 acc=0.3840
[ep 035] val_sel AUC=0.6123 acc=0.4137
[ep 036] val_sel AUC=0.6086 acc=0.3600
[ep 037] val_sel AUC=0.6120 acc=0.4222
[ep 038] val_sel AUC=0.5888 acc=0.3927
[ep 039] val_sel AUC=0.6182 acc=0.4281
[ep 040] val_sel AUC=0.6447 acc=0.3927
[ep 041] val_sel AUC=0.6973 acc=0.5182
[ep 042] val_sel AUC=0.7371 acc=0.5249
[ep 043] val_sel AUC=0.7671 acc=0.5444
[ep 044] val_sel AUC=0.7739 acc=0.5919
[ep 045] val_sel AUC=0.8128 acc=0.6243
[ep 046] val_sel AUC=0.7175 acc=0.4578
[ep 047] val_sel AUC=0.7614 acc=0.5281
[ep 048] val_sel AUC=0.8272 acc=0.6319
[ep 049] val_sel AUC=0.8383 acc=0.6686
[ep 050] val_sel AUC=0.8031 acc=0.6169
[ep 051] val_sel AUC=0.7891 acc=0.5746
[ep 052] val_sel AUC=0.8254 acc=0.6333
[ep 053] val_sel AUC=0.8305 acc=0.6655
[ep 054] val_sel AUC=0.7748 acc=0.5404
[ep 055] val_sel AUC=0.8227 acc=0.6442
[ep 056] val_sel AUC=0.8493 acc=0.6722
[ep 057] val_sel AUC=0.8398 acc=0.6612
[ep 058] val_sel AUC=0.8632 acc=0.7051
[ep 059] val_sel AUC=0.8631 acc=0.7107
[ep 060] val_sel AUC=0.8623 acc=0.7073
[ep 061] val_sel AUC=0.8559 acc=0.7044
[ep 062] val_sel AUC=0.8502 acc=0.6686
[ep 063] val_sel AUC=0.8473 acc=0.6782
[ep 064] val_sel AUC=0.8538 acc=0.6834
[ep 065] val_sel AUC=0.8441 acc=0.6856
[ep 066] val_sel AUC=0.8640 acc=0.7125
[ep 067] val_sel AUC=0.8776 acc=0.7239
[ep 068] val_sel AUC=0.8760 acc=0.7355
[ep 069] val_sel AUC=0.8825 acc=0.7407
[ep 070] val_sel AUC=0.8789 acc=0.7420
[ep 071] val_sel AUC=0.8798 acc=0.7505
[ep 072] val_sel AUC=0.8775 acc=0.7176
[ep 073] val_sel AUC=0.8663 acc=0.6925
[ep 074] val_sel AUC=0.8581 acc=0.6585
[ep 075] val_sel AUC=0.8831 acc=0.7478
[ep 076] val_sel AUC=0.8800 acc=0.7096
[ep 077] val_sel AUC=0.8842 acc=0.7532
[ep 078] val_sel AUC=0.8881 acc=0.7554
[ep 079] val_sel AUC=0.8876 acc=0.7543
[ep 080] val_sel AUC=0.8877 acc=0.7626
[ep 081] val_sel AUC=0.8857 acc=0.7648
[ep 082] val_sel AUC=0.8907 acc=0.7489
[ep 083] val_sel AUC=0.8923 acc=0.7706
[ep 084] val_sel AUC=0.8904 acc=0.7563
[ep 085] val_sel AUC=0.8940 acc=0.7762
[ep 086] val_sel AUC=0.8933 acc=0.7677
[ep 087] val_sel AUC=0.8929 acc=0.7736
[ep 088] val_sel AUC=0.8922 acc=0.7673
[ep 089] val_sel AUC=0.8926 acc=0.7724
[ep 090] val_sel AUC=0.8932 acc=0.7702
[ep 091] val_sel AUC=0.8930 acc=0.7697
[ep 092] val_sel AUC=0.8930 acc=0.7711
[ep 093] val_sel AUC=0.8927 acc=0.7722
[ep 094] val_sel AUC=0.8926 acc=0.7706
[ep 095] val_sel AUC=0.8925 acc=0.7686
[ep 096] val_sel AUC=0.8925 acc=0.7686
============================================================
TEST (best val_sel epoch, held-out, evaluated once)
============================================================
[DONE-QPE2] embed=dctfix model_III N=100 seed=56 test_AUC=0.8897 val_sel_AUC=0.8940 per_class=(axion=0.9149 cdm=0.8003 no_sub=0.9538) params=203460 embed_params=1 R_frob_drift=None
