[INFO] QPE2 D=64 P=8 depth=4 | embed=dctfix | data=model_III N/class=250 seed=55 split_seed=0 | params=203460 embed_params=1 lr=0.001 epochs=96 bs=32 | train(750, 64, 64) val_sel(4469, 64, 64) test(4470, 64, 64) device=cuda
[ep 001] val_sel AUC=0.4958 acc=0.3285
[ep 002] val_sel AUC=0.5184 acc=0.3433
[ep 003] val_sel AUC=0.5553 acc=0.3283
[ep 004] val_sel AUC=0.5777 acc=0.3283
[ep 005] val_sel AUC=0.5742 acc=0.3433
[ep 006] val_sel AUC=0.5800 acc=0.3285
[ep 007] val_sel AUC=0.5831 acc=0.3285
[ep 008] val_sel AUC=0.5793 acc=0.3283
[ep 009] val_sel AUC=0.5730 acc=0.3587
[ep 010] val_sel AUC=0.5696 acc=0.3433
[ep 011] val_sel AUC=0.5707 acc=0.3433
[ep 012] val_sel AUC=0.5512 acc=0.3283
[ep 013] val_sel AUC=0.5574 acc=0.3433
[ep 014] val_sel AUC=0.5326 acc=0.3446
[ep 015] val_sel AUC=0.5351 acc=0.3283
[ep 016] val_sel AUC=0.5265 acc=0.3417
[ep 017] val_sel AUC=0.5343 acc=0.3417
[ep 018] val_sel AUC=0.5535 acc=0.3524
[ep 019] val_sel AUC=0.5773 acc=0.3636
[ep 020] val_sel AUC=0.6136 acc=0.4352
[ep 021] val_sel AUC=0.6704 acc=0.3970
[ep 022] val_sel AUC=0.6969 acc=0.5241
[ep 023] val_sel AUC=0.7646 acc=0.5800
[ep 024] val_sel AUC=0.7602 acc=0.5554
[ep 025] val_sel AUC=0.8178 acc=0.6247
[ep 026] val_sel AUC=0.8322 acc=0.6422
[ep 027] val_sel AUC=0.8573 acc=0.6925
[ep 028] val_sel AUC=0.8628 acc=0.7060
[ep 029] val_sel AUC=0.8763 acc=0.7131
[ep 030] val_sel AUC=0.8835 acc=0.7225
[ep 031] val_sel AUC=0.8846 acc=0.7429
[ep 032] val_sel AUC=0.8856 acc=0.7346
[ep 033] val_sel AUC=0.8119 acc=0.6496
[ep 034] val_sel AUC=0.8391 acc=0.6151
[ep 035] val_sel AUC=0.8368 acc=0.6585
[ep 036] val_sel AUC=0.8674 acc=0.6881
[ep 037] val_sel AUC=0.7887 acc=0.6042
[ep 038] val_sel AUC=0.8683 acc=0.6453
[ep 039] val_sel AUC=0.8508 acc=0.6529
[ep 040] val_sel AUC=0.8305 acc=0.5686
[ep 041] val_sel AUC=0.8823 acc=0.7037
[ep 042] val_sel AUC=0.8831 acc=0.7194
[ep 043] val_sel AUC=0.8575 acc=0.6635
[ep 044] val_sel AUC=0.8923 acc=0.7156
[ep 045] val_sel AUC=0.9016 acc=0.7404
[ep 046] val_sel AUC=0.8935 acc=0.7438
[ep 047] val_sel AUC=0.8960 acc=0.7523
[ep 048] val_sel AUC=0.9039 acc=0.7536
[ep 049] val_sel AUC=0.8660 acc=0.7060
[ep 050] val_sel AUC=0.8578 acc=0.7122
[ep 051] val_sel AUC=0.9100 acc=0.7883
[ep 052] val_sel AUC=0.9227 acc=0.7970
[ep 053] val_sel AUC=0.9002 acc=0.7541
[ep 054] val_sel AUC=0.8914 acc=0.7069
[ep 055] val_sel AUC=0.9277 acc=0.8165
[ep 056] val_sel AUC=0.9086 acc=0.7633
[ep 057] val_sel AUC=0.9183 acc=0.7888
[ep 058] val_sel AUC=0.9217 acc=0.7935
[ep 059] val_sel AUC=0.9271 acc=0.8087
[ep 060] val_sel AUC=0.9086 acc=0.7774
[ep 061] val_sel AUC=0.9134 acc=0.7619
[ep 062] val_sel AUC=0.9345 acc=0.8009
[ep 063] val_sel AUC=0.9275 acc=0.7984
[ep 064] val_sel AUC=0.9181 acc=0.7733
[ep 065] val_sel AUC=0.9278 acc=0.8096
[ep 066] val_sel AUC=0.9356 acc=0.8373
[ep 067] val_sel AUC=0.9296 acc=0.8120
[ep 068] val_sel AUC=0.9290 acc=0.8143
[ep 069] val_sel AUC=0.9263 acc=0.8051
[ep 070] val_sel AUC=0.9317 acc=0.8152
[ep 071] val_sel AUC=0.9311 acc=0.8208
[ep 072] val_sel AUC=0.9379 acc=0.8295
[ep 073] val_sel AUC=0.9217 acc=0.7823
[ep 074] val_sel AUC=0.9283 acc=0.8134
[ep 075] val_sel AUC=0.9332 acc=0.7950
[ep 076] val_sel AUC=0.9362 acc=0.8302
[ep 077] val_sel AUC=0.9374 acc=0.8346
[ep 078] val_sel AUC=0.9355 acc=0.8196
[ep 079] val_sel AUC=0.9402 acc=0.8402
[ep 080] val_sel AUC=0.9372 acc=0.8230
[ep 081] val_sel AUC=0.9355 acc=0.8369
[ep 082] val_sel AUC=0.9370 acc=0.8346
[ep 083] val_sel AUC=0.9381 acc=0.8393
[ep 084] val_sel AUC=0.9402 acc=0.8449
[ep 085] val_sel AUC=0.9394 acc=0.8445
[ep 086] val_sel AUC=0.9400 acc=0.8458
[ep 087] val_sel AUC=0.9404 acc=0.8422
[ep 088] val_sel AUC=0.9378 acc=0.8398
[ep 089] val_sel AUC=0.9383 acc=0.8405
[ep 090] val_sel AUC=0.9383 acc=0.8447
[ep 091] val_sel AUC=0.9386 acc=0.8454
[ep 092] val_sel AUC=0.9382 acc=0.8436
[ep 093] val_sel AUC=0.9382 acc=0.8447
[ep 094] val_sel AUC=0.9381 acc=0.8438
[ep 095] val_sel AUC=0.9380 acc=0.8445
[ep 096] val_sel AUC=0.9380 acc=0.8443
============================================================
TEST (best val_sel epoch, held-out, evaluated once)
============================================================
[DONE-QPE2] embed=dctfix model_III N=250 seed=55 test_AUC=0.9342 val_sel_AUC=0.9404 per_class=(axion=0.9493 cdm=0.8765 no_sub=0.9766) params=203460 embed_params=1 R_frob_drift=None
