[INFO] QPE2 D=64 P=8 depth=4 | embed=dctfix | data=model_II N/class=100 seed=52 split_seed=0 | params=203460 embed_params=1 lr=0.001 epochs=96 bs=32 | train(300, 64, 64) val_sel(4455, 64, 64) test(4455, 64, 64) device=cuda
[ep 001] val_sel AUC=0.4764 acc=0.3473
[ep 002] val_sel AUC=0.4944 acc=0.3291
[ep 003] val_sel AUC=0.4930 acc=0.3237
[ep 004] val_sel AUC=0.4982 acc=0.3473
[ep 005] val_sel AUC=0.5082 acc=0.3291
[ep 006] val_sel AUC=0.5102 acc=0.3237
[ep 007] val_sel AUC=0.5120 acc=0.3237
[ep 008] val_sel AUC=0.5228 acc=0.3291
[ep 009] val_sel AUC=0.5255 acc=0.3291
[ep 010] val_sel AUC=0.5305 acc=0.3291
[ep 011] val_sel AUC=0.5305 acc=0.3237
[ep 012] val_sel AUC=0.5376 acc=0.3291
[ep 013] val_sel AUC=0.5419 acc=0.3291
[ep 014] val_sel AUC=0.5423 acc=0.3473
[ep 015] val_sel AUC=0.5493 acc=0.3291
[ep 016] val_sel AUC=0.5528 acc=0.3291
[ep 017] val_sel AUC=0.5516 acc=0.3237
[ep 018] val_sel AUC=0.5536 acc=0.3473
[ep 019] val_sel AUC=0.5541 acc=0.3291
[ep 020] val_sel AUC=0.5552 acc=0.3291
[ep 021] val_sel AUC=0.5525 acc=0.3237
[ep 022] val_sel AUC=0.5533 acc=0.3237
[ep 023] val_sel AUC=0.5547 acc=0.3473
[ep 024] val_sel AUC=0.5542 acc=0.3291
[ep 025] val_sel AUC=0.5541 acc=0.3291
[ep 026] val_sel AUC=0.5534 acc=0.3237
[ep 027] val_sel AUC=0.5539 acc=0.3291
[ep 028] val_sel AUC=0.5540 acc=0.3291
[ep 029] val_sel AUC=0.5539 acc=0.3291
[ep 030] val_sel AUC=0.5537 acc=0.3556
[ep 031] val_sel AUC=0.5537 acc=0.3753
[ep 032] val_sel AUC=0.5537 acc=0.3870
[ep 033] val_sel AUC=0.5517 acc=0.3291
[ep 034] val_sel AUC=0.5513 acc=0.3237
[ep 035] val_sel AUC=0.5517 acc=0.3291
[ep 036] val_sel AUC=0.5497 acc=0.3237
[ep 037] val_sel AUC=0.5532 acc=0.3291
[ep 038] val_sel AUC=0.5535 acc=0.3237
[ep 039] val_sel AUC=0.5553 acc=0.3291
[ep 040] val_sel AUC=0.5553 acc=0.3383
[ep 041] val_sel AUC=0.5515 acc=0.3645
[ep 042] val_sel AUC=0.5498 acc=0.3473
[ep 043] val_sel AUC=0.5514 acc=0.3605
[ep 044] val_sel AUC=0.5573 acc=0.3392
[ep 045] val_sel AUC=0.5517 acc=0.3430
[ep 046] val_sel AUC=0.5465 acc=0.3291
[ep 047] val_sel AUC=0.5453 acc=0.3614
[ep 048] val_sel AUC=0.5439 acc=0.3354
[ep 049] val_sel AUC=0.5417 acc=0.3497
[ep 050] val_sel AUC=0.5427 acc=0.3473
[ep 051] val_sel AUC=0.5471 acc=0.3686
[ep 052] val_sel AUC=0.5415 acc=0.3237
[ep 053] val_sel AUC=0.5454 acc=0.3526
[ep 054] val_sel AUC=0.5415 acc=0.3520
[ep 055] val_sel AUC=0.5468 acc=0.3529
[ep 056] val_sel AUC=0.5466 acc=0.3641
[ep 057] val_sel AUC=0.5559 acc=0.3796
[ep 058] val_sel AUC=0.5649 acc=0.3666
[ep 059] val_sel AUC=0.5713 acc=0.4054
[ep 060] val_sel AUC=0.5789 acc=0.4067
[ep 061] val_sel AUC=0.5802 acc=0.3654
[ep 062] val_sel AUC=0.5869 acc=0.4097
[ep 063] val_sel AUC=0.6099 acc=0.4299
[ep 064] val_sel AUC=0.6182 acc=0.4505
[ep 065] val_sel AUC=0.6259 acc=0.4278
[ep 066] val_sel AUC=0.6520 acc=0.4754
[ep 067] val_sel AUC=0.6415 acc=0.4166
[ep 068] val_sel AUC=0.6520 acc=0.4590
[ep 069] val_sel AUC=0.6833 acc=0.5156
[ep 070] val_sel AUC=0.6909 acc=0.4999
[ep 071] val_sel AUC=0.7220 acc=0.5324
[ep 072] val_sel AUC=0.7313 acc=0.5461
[ep 073] val_sel AUC=0.7445 acc=0.5430
[ep 074] val_sel AUC=0.7772 acc=0.5984
[ep 075] val_sel AUC=0.7983 acc=0.6141
[ep 076] val_sel AUC=0.7676 acc=0.5686
[ep 077] val_sel AUC=0.7689 acc=0.5731
[ep 078] val_sel AUC=0.7741 acc=0.5670
[ep 079] val_sel AUC=0.8002 acc=0.6193
[ep 080] val_sel AUC=0.8127 acc=0.6444
[ep 081] val_sel AUC=0.8141 acc=0.6420
[ep 082] val_sel AUC=0.8213 acc=0.6532
[ep 083] val_sel AUC=0.8268 acc=0.6687
[ep 084] val_sel AUC=0.8338 acc=0.6819
[ep 085] val_sel AUC=0.8348 acc=0.6795
[ep 086] val_sel AUC=0.8377 acc=0.6813
[ep 087] val_sel AUC=0.8336 acc=0.6669
[ep 088] val_sel AUC=0.8377 acc=0.6822
[ep 089] val_sel AUC=0.8399 acc=0.6831
[ep 090] val_sel AUC=0.8400 acc=0.6840
[ep 091] val_sel AUC=0.8418 acc=0.6866
[ep 092] val_sel AUC=0.8415 acc=0.6893
[ep 093] val_sel AUC=0.8427 acc=0.6893
[ep 094] val_sel AUC=0.8431 acc=0.6882
[ep 095] val_sel AUC=0.8431 acc=0.6896
[ep 096] val_sel AUC=0.8432 acc=0.6900
============================================================
TEST (best val_sel epoch, held-out, evaluated once)
============================================================
[DONE-QPE2] embed=dctfix model_II N=100 seed=52 test_AUC=0.8517 val_sel_AUC=0.8432 per_class=(axion=0.8902 cdm=0.7387 no_sub=0.9264) params=203460 embed_params=1 R_frob_drift=None
