[INFO] QPE2 D=64 P=8 depth=4 | embed=dctfix | data=model_III N/class=100 seed=43 split_seed=0 | params=203460 embed_params=1 lr=0.001 epochs=96 bs=32 | train(300, 64, 64) val_sel(4469, 64, 64) test(4470, 64, 64) device=cuda
[ep 001] val_sel AUC=0.5119 acc=0.3433
[ep 002] val_sel AUC=0.5126 acc=0.3285
[ep 003] val_sel AUC=0.5207 acc=0.3283
[ep 004] val_sel AUC=0.5236 acc=0.3285
[ep 005] val_sel AUC=0.5268 acc=0.3433
[ep 006] val_sel AUC=0.5298 acc=0.3283
[ep 007] val_sel AUC=0.5313 acc=0.3285
[ep 008] val_sel AUC=0.5329 acc=0.3285
[ep 009] val_sel AUC=0.5336 acc=0.3433
[ep 010] val_sel AUC=0.5351 acc=0.3283
[ep 011] val_sel AUC=0.5363 acc=0.3495
[ep 012] val_sel AUC=0.5328 acc=0.3285
[ep 013] val_sel AUC=0.5275 acc=0.3283
[ep 014] val_sel AUC=0.5302 acc=0.3285
[ep 015] val_sel AUC=0.5251 acc=0.3283
[ep 016] val_sel AUC=0.5251 acc=0.3488
[ep 017] val_sel AUC=0.5271 acc=0.3439
[ep 018] val_sel AUC=0.5266 acc=0.3462
[ep 019] val_sel AUC=0.5239 acc=0.3477
[ep 020] val_sel AUC=0.5254 acc=0.3437
[ep 021] val_sel AUC=0.5277 acc=0.3462
[ep 022] val_sel AUC=0.5390 acc=0.3533
[ep 023] val_sel AUC=0.5244 acc=0.3493
[ep 024] val_sel AUC=0.5246 acc=0.3522
[ep 025] val_sel AUC=0.5243 acc=0.3493
[ep 026] val_sel AUC=0.5249 acc=0.3513
[ep 027] val_sel AUC=0.5251 acc=0.3504
[ep 028] val_sel AUC=0.5254 acc=0.3491
[ep 029] val_sel AUC=0.5255 acc=0.3473
[ep 030] val_sel AUC=0.5256 acc=0.3488
[ep 031] val_sel AUC=0.5255 acc=0.3500
[ep 032] val_sel AUC=0.5255 acc=0.3502
[ep 033] val_sel AUC=0.5339 acc=0.3522
[ep 034] val_sel AUC=0.5361 acc=0.3529
[ep 035] val_sel AUC=0.5786 acc=0.3750
[ep 036] val_sel AUC=0.5761 acc=0.3665
[ep 037] val_sel AUC=0.6300 acc=0.4213
[ep 038] val_sel AUC=0.6043 acc=0.4164
[ep 039] val_sel AUC=0.6142 acc=0.4014
[ep 040] val_sel AUC=0.6171 acc=0.4339
[ep 041] val_sel AUC=0.6678 acc=0.4583
[ep 042] val_sel AUC=0.7178 acc=0.5169
[ep 043] val_sel AUC=0.7452 acc=0.5614
[ep 044] val_sel AUC=0.7456 acc=0.5015
[ep 045] val_sel AUC=0.7528 acc=0.5612
[ep 046] val_sel AUC=0.7173 acc=0.4840
[ep 047] val_sel AUC=0.7681 acc=0.5704
[ep 048] val_sel AUC=0.7877 acc=0.5952
[ep 049] val_sel AUC=0.7957 acc=0.6169
[ep 050] val_sel AUC=0.8042 acc=0.6203
[ep 051] val_sel AUC=0.8075 acc=0.6194
[ep 052] val_sel AUC=0.8281 acc=0.6500
[ep 053] val_sel AUC=0.8463 acc=0.6932
[ep 054] val_sel AUC=0.8367 acc=0.6648
[ep 055] val_sel AUC=0.8483 acc=0.6955
[ep 056] val_sel AUC=0.8567 acc=0.6691
[ep 057] val_sel AUC=0.8450 acc=0.6476
[ep 058] val_sel AUC=0.8484 acc=0.6603
[ep 059] val_sel AUC=0.8736 acc=0.7216
[ep 060] val_sel AUC=0.8721 acc=0.7362
[ep 061] val_sel AUC=0.8627 acc=0.7028
[ep 062] val_sel AUC=0.8716 acc=0.7366
[ep 063] val_sel AUC=0.8936 acc=0.7729
[ep 064] val_sel AUC=0.8908 acc=0.7534
[ep 065] val_sel AUC=0.8810 acc=0.7382
[ep 066] val_sel AUC=0.8970 acc=0.7601
[ep 067] val_sel AUC=0.8626 acc=0.6892
[ep 068] val_sel AUC=0.8615 acc=0.6849
[ep 069] val_sel AUC=0.8953 acc=0.7729
[ep 070] val_sel AUC=0.8877 acc=0.7458
[ep 071] val_sel AUC=0.8981 acc=0.7897
[ep 072] val_sel AUC=0.8983 acc=0.7785
[ep 073] val_sel AUC=0.8973 acc=0.7814
[ep 074] val_sel AUC=0.8974 acc=0.7695
[ep 075] val_sel AUC=0.9067 acc=0.7991
[ep 076] val_sel AUC=0.9005 acc=0.7776
[ep 077] val_sel AUC=0.8847 acc=0.7290
[ep 078] val_sel AUC=0.8813 acc=0.7306
[ep 079] val_sel AUC=0.9013 acc=0.7796
[ep 080] val_sel AUC=0.9020 acc=0.7984
[ep 081] val_sel AUC=0.8966 acc=0.7890
[ep 082] val_sel AUC=0.8993 acc=0.8029
[ep 083] val_sel AUC=0.9009 acc=0.7964
[ep 084] val_sel AUC=0.8967 acc=0.8044
[ep 085] val_sel AUC=0.9034 acc=0.7946
[ep 086] val_sel AUC=0.8999 acc=0.8042
[ep 087] val_sel AUC=0.9006 acc=0.8073
[ep 088] val_sel AUC=0.9006 acc=0.8038
[ep 089] val_sel AUC=0.8997 acc=0.8024
[ep 090] val_sel AUC=0.8994 acc=0.8035
[ep 091] val_sel AUC=0.8983 acc=0.8087
[ep 092] val_sel AUC=0.8986 acc=0.8071
[ep 093] val_sel AUC=0.8978 acc=0.8069
[ep 094] val_sel AUC=0.8981 acc=0.8055
[ep 095] val_sel AUC=0.8984 acc=0.8047
[ep 096] val_sel AUC=0.8984 acc=0.8051
============================================================
TEST (best val_sel epoch, held-out, evaluated once)
============================================================
[DONE-QPE2] embed=dctfix model_III N=100 seed=43 test_AUC=0.9068 val_sel_AUC=0.9067 per_class=(axion=0.9280 cdm=0.8272 no_sub=0.9652) params=203460 embed_params=1 R_frob_drift=None
