[INFO] QPE2 D=64 P=8 depth=4 | embed=dctfix | data=model_II N/class=250 seed=57 split_seed=0 | params=203460 embed_params=1 lr=0.001 epochs=96 bs=32 | train(750, 64, 64) val_sel(4455, 64, 64) test(4455, 64, 64) device=cuda
[ep 001] val_sel AUC=0.5205 acc=0.3237
[ep 002] val_sel AUC=0.5275 acc=0.3567
[ep 003] val_sel AUC=0.5361 acc=0.3237
[ep 004] val_sel AUC=0.5360 acc=0.3441
[ep 005] val_sel AUC=0.5322 acc=0.3470
[ep 006] val_sel AUC=0.5211 acc=0.3407
[ep 007] val_sel AUC=0.5383 acc=0.3466
[ep 008] val_sel AUC=0.5395 acc=0.3473
[ep 009] val_sel AUC=0.5571 acc=0.3336
[ep 010] val_sel AUC=0.5821 acc=0.3807
[ep 011] val_sel AUC=0.5785 acc=0.3746
[ep 012] val_sel AUC=0.6578 acc=0.4545
[ep 013] val_sel AUC=0.6944 acc=0.5156
[ep 014] val_sel AUC=0.7370 acc=0.5704
[ep 015] val_sel AUC=0.7649 acc=0.5497
[ep 016] val_sel AUC=0.7854 acc=0.5883
[ep 017] val_sel AUC=0.7955 acc=0.6177
[ep 018] val_sel AUC=0.8225 acc=0.6435
[ep 019] val_sel AUC=0.8468 acc=0.6999
[ep 020] val_sel AUC=0.8423 acc=0.6741
[ep 021] val_sel AUC=0.8558 acc=0.7118
[ep 022] val_sel AUC=0.8606 acc=0.7210
[ep 023] val_sel AUC=0.8667 acc=0.7371
[ep 024] val_sel AUC=0.8696 acc=0.7311
[ep 025] val_sel AUC=0.8754 acc=0.7367
[ep 026] val_sel AUC=0.8796 acc=0.7477
[ep 027] val_sel AUC=0.8760 acc=0.7508
[ep 028] val_sel AUC=0.8789 acc=0.7461
[ep 029] val_sel AUC=0.8822 acc=0.7562
[ep 030] val_sel AUC=0.8821 acc=0.7571
[ep 031] val_sel AUC=0.8830 acc=0.7582
[ep 032] val_sel AUC=0.8831 acc=0.7598
[ep 033] val_sel AUC=0.8444 acc=0.6945
[ep 034] val_sel AUC=0.8142 acc=0.6460
[ep 035] val_sel AUC=0.8387 acc=0.6588
[ep 036] val_sel AUC=0.8433 acc=0.6875
[ep 037] val_sel AUC=0.8399 acc=0.6168
[ep 038] val_sel AUC=0.7870 acc=0.5187
[ep 039] val_sel AUC=0.8400 acc=0.7019
[ep 040] val_sel AUC=0.8603 acc=0.7113
[ep 041] val_sel AUC=0.8781 acc=0.7470
[ep 042] val_sel AUC=0.8727 acc=0.7502
[ep 043] val_sel AUC=0.8825 acc=0.7562
[ep 044] val_sel AUC=0.8658 acc=0.7345
[ep 045] val_sel AUC=0.8643 acc=0.7080
[ep 046] val_sel AUC=0.9003 acc=0.7888
[ep 047] val_sel AUC=0.8735 acc=0.7365
[ep 048] val_sel AUC=0.8919 acc=0.7690
[ep 049] val_sel AUC=0.8925 acc=0.7607
[ep 050] val_sel AUC=0.8499 acc=0.6880
[ep 051] val_sel AUC=0.8880 acc=0.7684
[ep 052] val_sel AUC=0.8818 acc=0.7407
[ep 053] val_sel AUC=0.8900 acc=0.7636
[ep 054] val_sel AUC=0.9028 acc=0.7924
[ep 055] val_sel AUC=0.8931 acc=0.7749
[ep 056] val_sel AUC=0.8991 acc=0.7773
[ep 057] val_sel AUC=0.8999 acc=0.7773
[ep 058] val_sel AUC=0.8137 acc=0.6653
[ep 059] val_sel AUC=0.8942 acc=0.7829
[ep 060] val_sel AUC=0.9073 acc=0.7989
[ep 061] val_sel AUC=0.9029 acc=0.7955
[ep 062] val_sel AUC=0.9011 acc=0.7883
[ep 063] val_sel AUC=0.9024 acc=0.7901
[ep 064] val_sel AUC=0.8949 acc=0.7470
[ep 065] val_sel AUC=0.9083 acc=0.7982
[ep 066] val_sel AUC=0.8803 acc=0.7302
[ep 067] val_sel AUC=0.9085 acc=0.7944
[ep 068] val_sel AUC=0.9045 acc=0.7928
[ep 069] val_sel AUC=0.9034 acc=0.7953
[ep 070] val_sel AUC=0.9090 acc=0.8076
[ep 071] val_sel AUC=0.9104 acc=0.7881
[ep 072] val_sel AUC=0.9046 acc=0.7737
[ep 073] val_sel AUC=0.9075 acc=0.8070
[ep 074] val_sel AUC=0.9113 acc=0.8137
[ep 075] val_sel AUC=0.9117 acc=0.8117
[ep 076] val_sel AUC=0.9012 acc=0.7989
[ep 077] val_sel AUC=0.9011 acc=0.8043
[ep 078] val_sel AUC=0.9134 acc=0.8173
[ep 079] val_sel AUC=0.9196 acc=0.8254
[ep 080] val_sel AUC=0.9204 acc=0.8267
[ep 081] val_sel AUC=0.9125 acc=0.8171
[ep 082] val_sel AUC=0.9154 acc=0.8207
[ep 083] val_sel AUC=0.9183 acc=0.8227
[ep 084] val_sel AUC=0.9175 acc=0.8278
[ep 085] val_sel AUC=0.9181 acc=0.8211
[ep 086] val_sel AUC=0.9193 acc=0.8260
[ep 087] val_sel AUC=0.9190 acc=0.8260
[ep 088] val_sel AUC=0.9217 acc=0.8272
[ep 089] val_sel AUC=0.9209 acc=0.8260
[ep 090] val_sel AUC=0.9200 acc=0.8263
[ep 091] val_sel AUC=0.9213 acc=0.8285
[ep 092] val_sel AUC=0.9209 acc=0.8269
[ep 093] val_sel AUC=0.9204 acc=0.8267
[ep 094] val_sel AUC=0.9207 acc=0.8258
[ep 095] val_sel AUC=0.9205 acc=0.8256
[ep 096] val_sel AUC=0.9205 acc=0.8254
============================================================
TEST (best val_sel epoch, held-out, evaluated once)
============================================================
[DONE-QPE2] embed=dctfix model_II N=250 seed=57 test_AUC=0.9251 val_sel_AUC=0.9217 per_class=(axion=0.9304 cdm=0.8633 no_sub=0.9815) params=203460 embed_params=1 R_frob_drift=None
