[INFO] QPE2 D=64 P=8 depth=4 | embed=dctfix | data=model_III N/class=100 seed=44 split_seed=0 | params=203460 embed_params=1 lr=0.001 epochs=96 bs=32 | train(300, 64, 64) val_sel(4469, 64, 64) test(4470, 64, 64) device=cuda
[ep 001] val_sel AUC=0.5221 acc=0.3285
[ep 002] val_sel AUC=0.5036 acc=0.3301
[ep 003] val_sel AUC=0.5100 acc=0.3283
[ep 004] val_sel AUC=0.5128 acc=0.3285
[ep 005] val_sel AUC=0.5162 acc=0.3283
[ep 006] val_sel AUC=0.5189 acc=0.3433
[ep 007] val_sel AUC=0.5207 acc=0.3368
[ep 008] val_sel AUC=0.5244 acc=0.3330
[ep 009] val_sel AUC=0.5248 acc=0.3433
[ep 010] val_sel AUC=0.5262 acc=0.3433
[ep 011] val_sel AUC=0.5244 acc=0.3307
[ep 012] val_sel AUC=0.5222 acc=0.3283
[ep 013] val_sel AUC=0.5209 acc=0.3433
[ep 014] val_sel AUC=0.5232 acc=0.3283
[ep 015] val_sel AUC=0.5225 acc=0.3298
[ep 016] val_sel AUC=0.5235 acc=0.3433
[ep 017] val_sel AUC=0.5256 acc=0.3399
[ep 018] val_sel AUC=0.5278 acc=0.3518
[ep 019] val_sel AUC=0.5294 acc=0.3538
[ep 020] val_sel AUC=0.5340 acc=0.3701
[ep 021] val_sel AUC=0.5395 acc=0.3406
[ep 022] val_sel AUC=0.5437 acc=0.3815
[ep 023] val_sel AUC=0.5486 acc=0.3667
[ep 024] val_sel AUC=0.5522 acc=0.3556
[ep 025] val_sel AUC=0.5626 acc=0.3835
[ep 026] val_sel AUC=0.5685 acc=0.3806
[ep 027] val_sel AUC=0.5725 acc=0.3817
[ep 028] val_sel AUC=0.5749 acc=0.3869
[ep 029] val_sel AUC=0.5753 acc=0.3766
[ep 030] val_sel AUC=0.5760 acc=0.3820
[ep 031] val_sel AUC=0.5762 acc=0.3820
[ep 032] val_sel AUC=0.5763 acc=0.3840
[ep 033] val_sel AUC=0.5698 acc=0.3394
[ep 034] val_sel AUC=0.6305 acc=0.3574
[ep 035] val_sel AUC=0.6389 acc=0.4283
[ep 036] val_sel AUC=0.6144 acc=0.3676
[ep 037] val_sel AUC=0.6374 acc=0.3773
[ep 038] val_sel AUC=0.6937 acc=0.5162
[ep 039] val_sel AUC=0.6635 acc=0.4446
[ep 040] val_sel AUC=0.6490 acc=0.4540
[ep 041] val_sel AUC=0.7298 acc=0.5059
[ep 042] val_sel AUC=0.7144 acc=0.4495
[ep 043] val_sel AUC=0.7448 acc=0.5634
[ep 044] val_sel AUC=0.7729 acc=0.5581
[ep 045] val_sel AUC=0.7675 acc=0.5883
[ep 046] val_sel AUC=0.8077 acc=0.6167
[ep 047] val_sel AUC=0.7682 acc=0.5675
[ep 048] val_sel AUC=0.7446 acc=0.5366
[ep 049] val_sel AUC=0.7998 acc=0.6086
[ep 050] val_sel AUC=0.7666 acc=0.5811
[ep 051] val_sel AUC=0.7746 acc=0.5784
[ep 052] val_sel AUC=0.7993 acc=0.5999
[ep 053] val_sel AUC=0.8070 acc=0.6440
[ep 054] val_sel AUC=0.8127 acc=0.5936
[ep 055] val_sel AUC=0.8070 acc=0.5717
[ep 056] val_sel AUC=0.8411 acc=0.6823
[ep 057] val_sel AUC=0.7775 acc=0.6039
[ep 058] val_sel AUC=0.8469 acc=0.6722
[ep 059] val_sel AUC=0.8405 acc=0.6699
[ep 060] val_sel AUC=0.8236 acc=0.6337
[ep 061] val_sel AUC=0.8337 acc=0.6400
[ep 062] val_sel AUC=0.8508 acc=0.6943
[ep 063] val_sel AUC=0.8049 acc=0.6019
[ep 064] val_sel AUC=0.8373 acc=0.6592
[ep 065] val_sel AUC=0.8511 acc=0.6932
[ep 066] val_sel AUC=0.8399 acc=0.6758
[ep 067] val_sel AUC=0.8559 acc=0.6957
[ep 068] val_sel AUC=0.8297 acc=0.6377
[ep 069] val_sel AUC=0.8595 acc=0.6961
[ep 070] val_sel AUC=0.8310 acc=0.6733
[ep 071] val_sel AUC=0.8576 acc=0.6979
[ep 072] val_sel AUC=0.8622 acc=0.7093
[ep 073] val_sel AUC=0.8535 acc=0.6932
[ep 074] val_sel AUC=0.8534 acc=0.6885
[ep 075] val_sel AUC=0.8571 acc=0.6816
[ep 076] val_sel AUC=0.8617 acc=0.6964
[ep 077] val_sel AUC=0.8611 acc=0.6999
[ep 078] val_sel AUC=0.8587 acc=0.6892
[ep 079] val_sel AUC=0.8631 acc=0.7122
[ep 080] val_sel AUC=0.8684 acc=0.7084
[ep 081] val_sel AUC=0.8651 acc=0.7037
[ep 082] val_sel AUC=0.8702 acc=0.7102
[ep 083] val_sel AUC=0.8635 acc=0.7022
[ep 084] val_sel AUC=0.8694 acc=0.7107
[ep 085] val_sel AUC=0.8683 acc=0.7098
[ep 086] val_sel AUC=0.8706 acc=0.7174
[ep 087] val_sel AUC=0.8666 acc=0.7102
[ep 088] val_sel AUC=0.8699 acc=0.7134
[ep 089] val_sel AUC=0.8692 acc=0.7113
[ep 090] val_sel AUC=0.8685 acc=0.7131
[ep 091] val_sel AUC=0.8686 acc=0.7127
[ep 092] val_sel AUC=0.8673 acc=0.7145
[ep 093] val_sel AUC=0.8683 acc=0.7131
[ep 094] val_sel AUC=0.8685 acc=0.7122
[ep 095] val_sel AUC=0.8684 acc=0.7127
[ep 096] val_sel AUC=0.8683 acc=0.7131
============================================================
TEST (best val_sel epoch, held-out, evaluated once)
============================================================
[DONE-QPE2] embed=dctfix model_III N=100 seed=44 test_AUC=0.8699 val_sel_AUC=0.8706 per_class=(axion=0.9229 cdm=0.7679 no_sub=0.9191) params=203460 embed_params=1 R_frob_drift=None
