[INFO] QPE2 D=64 P=8 depth=4 | embed=dctfix | data=model_II N/class=250 seed=61 split_seed=0 | params=203460 embed_params=1 lr=0.001 epochs=96 bs=32 | train(750, 64, 64) val_sel(4455, 64, 64) test(4455, 64, 64) device=cuda
[ep 001] val_sel AUC=0.5427 acc=0.3291
[ep 002] val_sel AUC=0.5503 acc=0.3291
[ep 003] val_sel AUC=0.5469 acc=0.3237
[ep 004] val_sel AUC=0.5408 acc=0.3237
[ep 005] val_sel AUC=0.5407 acc=0.3291
[ep 006] val_sel AUC=0.5340 acc=0.3473
[ep 007] val_sel AUC=0.5276 acc=0.3473
[ep 008] val_sel AUC=0.5216 acc=0.3405
[ep 009] val_sel AUC=0.5216 acc=0.3268
[ep 010] val_sel AUC=0.5227 acc=0.3540
[ep 011] val_sel AUC=0.5227 acc=0.3567
[ep 012] val_sel AUC=0.5248 acc=0.3461
[ep 013] val_sel AUC=0.5280 acc=0.3410
[ep 014] val_sel AUC=0.5405 acc=0.3398
[ep 015] val_sel AUC=0.5884 acc=0.3556
[ep 016] val_sel AUC=0.6940 acc=0.4723
[ep 017] val_sel AUC=0.7349 acc=0.5006
[ep 018] val_sel AUC=0.7837 acc=0.5118
[ep 019] val_sel AUC=0.8143 acc=0.6386
[ep 020] val_sel AUC=0.8273 acc=0.6321
[ep 021] val_sel AUC=0.8476 acc=0.6893
[ep 022] val_sel AUC=0.8549 acc=0.7095
[ep 023] val_sel AUC=0.8726 acc=0.7226
[ep 024] val_sel AUC=0.8674 acc=0.7086
[ep 025] val_sel AUC=0.8598 acc=0.7035
[ep 026] val_sel AUC=0.8790 acc=0.7318
[ep 027] val_sel AUC=0.8819 acc=0.7389
[ep 028] val_sel AUC=0.8862 acc=0.7452
[ep 029] val_sel AUC=0.8881 acc=0.7470
[ep 030] val_sel AUC=0.8862 acc=0.7434
[ep 031] val_sel AUC=0.8872 acc=0.7461
[ep 032] val_sel AUC=0.8876 acc=0.7479
[ep 033] val_sel AUC=0.8306 acc=0.6359
[ep 034] val_sel AUC=0.8516 acc=0.6925
[ep 035] val_sel AUC=0.8119 acc=0.6263
[ep 036] val_sel AUC=0.8789 acc=0.7268
[ep 037] val_sel AUC=0.8356 acc=0.6467
[ep 038] val_sel AUC=0.8596 acc=0.6828
[ep 039] val_sel AUC=0.8964 acc=0.7686
[ep 040] val_sel AUC=0.8701 acc=0.7140
[ep 041] val_sel AUC=0.8583 acc=0.6747
[ep 042] val_sel AUC=0.8660 acc=0.7035
[ep 043] val_sel AUC=0.8750 acc=0.7174
[ep 044] val_sel AUC=0.8705 acc=0.7349
[ep 045] val_sel AUC=0.8964 acc=0.7697
[ep 046] val_sel AUC=0.8780 acc=0.7131
[ep 047] val_sel AUC=0.8468 acc=0.6633
[ep 048] val_sel AUC=0.8883 acc=0.7490
[ep 049] val_sel AUC=0.9022 acc=0.7672
[ep 050] val_sel AUC=0.8906 acc=0.7511
[ep 051] val_sel AUC=0.9103 acc=0.7760
[ep 052] val_sel AUC=0.8982 acc=0.7383
[ep 053] val_sel AUC=0.8943 acc=0.7589
[ep 054] val_sel AUC=0.9014 acc=0.7760
[ep 055] val_sel AUC=0.8961 acc=0.7490
[ep 056] val_sel AUC=0.8968 acc=0.7524
[ep 057] val_sel AUC=0.8897 acc=0.7407
[ep 058] val_sel AUC=0.8946 acc=0.7585
[ep 059] val_sel AUC=0.9065 acc=0.7744
[ep 060] val_sel AUC=0.9063 acc=0.7782
[ep 061] val_sel AUC=0.8932 acc=0.7529
[ep 062] val_sel AUC=0.9125 acc=0.7874
[ep 063] val_sel AUC=0.9108 acc=0.8000
[ep 064] val_sel AUC=0.8856 acc=0.7506
[ep 065] val_sel AUC=0.9152 acc=0.8031
[ep 066] val_sel AUC=0.9205 acc=0.8105
[ep 067] val_sel AUC=0.8417 acc=0.6357
[ep 068] val_sel AUC=0.9017 acc=0.7585
[ep 069] val_sel AUC=0.9126 acc=0.7838
[ep 070] val_sel AUC=0.9168 acc=0.7881
[ep 071] val_sel AUC=0.9097 acc=0.7695
[ep 072] val_sel AUC=0.9169 acc=0.7998
[ep 073] val_sel AUC=0.9209 acc=0.8227
[ep 074] val_sel AUC=0.9200 acc=0.8224
[ep 075] val_sel AUC=0.9041 acc=0.7883
[ep 076] val_sel AUC=0.9107 acc=0.8123
[ep 077] val_sel AUC=0.9174 acc=0.8180
[ep 078] val_sel AUC=0.9170 acc=0.8177
[ep 079] val_sel AUC=0.9129 acc=0.8126
[ep 080] val_sel AUC=0.9100 acc=0.8031
[ep 081] val_sel AUC=0.9146 acc=0.8139
[ep 082] val_sel AUC=0.9140 acc=0.8164
[ep 083] val_sel AUC=0.9162 acc=0.8139
[ep 084] val_sel AUC=0.9131 acc=0.8132
[ep 085] val_sel AUC=0.9113 acc=0.8144
[ep 086] val_sel AUC=0.9131 acc=0.8119
[ep 087] val_sel AUC=0.9130 acc=0.8103
[ep 088] val_sel AUC=0.9137 acc=0.8144
[ep 089] val_sel AUC=0.9125 acc=0.8108
[ep 090] val_sel AUC=0.9129 acc=0.8155
[ep 091] val_sel AUC=0.9127 acc=0.8141
[ep 092] val_sel AUC=0.9125 acc=0.8139
[ep 093] val_sel AUC=0.9125 acc=0.8144
[ep 094] val_sel AUC=0.9124 acc=0.8126
[ep 095] val_sel AUC=0.9121 acc=0.8117
[ep 096] val_sel AUC=0.9122 acc=0.8130
============================================================
TEST (best val_sel epoch, held-out, evaluated once)
============================================================
[DONE-QPE2] embed=dctfix model_II N=250 seed=61 test_AUC=0.9239 val_sel_AUC=0.9209 per_class=(axion=0.9413 cdm=0.8578 no_sub=0.9724) params=203460 embed_params=1 R_frob_drift=None
