[INFO] QPE2 D=64 P=8 depth=4 | embed=dctfix | data=model_II N/class=250 seed=43 split_seed=0 | params=203460 embed_params=1 lr=0.001 epochs=96 bs=32 | train(750, 64, 64) val_sel(4455, 64, 64) test(4455, 64, 64) device=cuda
[ep 001] val_sel AUC=0.4980 acc=0.3473
[ep 002] val_sel AUC=0.5056 acc=0.3473
[ep 003] val_sel AUC=0.5211 acc=0.3473
[ep 004] val_sel AUC=0.5337 acc=0.3291
[ep 005] val_sel AUC=0.5397 acc=0.3237
[ep 006] val_sel AUC=0.5439 acc=0.3237
[ep 007] val_sel AUC=0.5497 acc=0.3473
[ep 008] val_sel AUC=0.5537 acc=0.3291
[ep 009] val_sel AUC=0.5562 acc=0.3291
[ep 010] val_sel AUC=0.5565 acc=0.3291
[ep 011] val_sel AUC=0.5585 acc=0.3473
[ep 012] val_sel AUC=0.5512 acc=0.3291
[ep 013] val_sel AUC=0.5489 acc=0.3291
[ep 014] val_sel AUC=0.5558 acc=0.3237
[ep 015] val_sel AUC=0.5546 acc=0.3473
[ep 016] val_sel AUC=0.5477 acc=0.3291
[ep 017] val_sel AUC=0.5467 acc=0.3495
[ep 018] val_sel AUC=0.5491 acc=0.3596
[ep 019] val_sel AUC=0.5805 acc=0.3675
[ep 020] val_sel AUC=0.6057 acc=0.4153
[ep 021] val_sel AUC=0.5818 acc=0.4097
[ep 022] val_sel AUC=0.6359 acc=0.4597
[ep 023] val_sel AUC=0.6983 acc=0.4988
[ep 024] val_sel AUC=0.7460 acc=0.5643
[ep 025] val_sel AUC=0.7558 acc=0.5701
[ep 026] val_sel AUC=0.7777 acc=0.5872
[ep 027] val_sel AUC=0.8048 acc=0.6281
[ep 028] val_sel AUC=0.8100 acc=0.6218
[ep 029] val_sel AUC=0.8237 acc=0.6559
[ep 030] val_sel AUC=0.8304 acc=0.6662
[ep 031] val_sel AUC=0.8327 acc=0.6635
[ep 032] val_sel AUC=0.8335 acc=0.6664
[ep 033] val_sel AUC=0.7946 acc=0.6146
[ep 034] val_sel AUC=0.7792 acc=0.5740
[ep 035] val_sel AUC=0.8111 acc=0.5526
[ep 036] val_sel AUC=0.8220 acc=0.6604
[ep 037] val_sel AUC=0.8244 acc=0.6505
[ep 038] val_sel AUC=0.8370 acc=0.6664
[ep 039] val_sel AUC=0.8598 acc=0.7149
[ep 040] val_sel AUC=0.8241 acc=0.6132
[ep 041] val_sel AUC=0.8864 acc=0.7073
[ep 042] val_sel AUC=0.7450 acc=0.4952
[ep 043] val_sel AUC=0.7850 acc=0.5672
[ep 044] val_sel AUC=0.8507 acc=0.6880
[ep 045] val_sel AUC=0.8730 acc=0.7349
[ep 046] val_sel AUC=0.8350 acc=0.6054
[ep 047] val_sel AUC=0.8576 acc=0.6516
[ep 048] val_sel AUC=0.8831 acc=0.7488
[ep 049] val_sel AUC=0.8971 acc=0.7526
[ep 050] val_sel AUC=0.8851 acc=0.7315
[ep 051] val_sel AUC=0.8828 acc=0.7333
[ep 052] val_sel AUC=0.9088 acc=0.7910
[ep 053] val_sel AUC=0.8732 acc=0.7208
[ep 054] val_sel AUC=0.8464 acc=0.6290
[ep 055] val_sel AUC=0.8939 acc=0.7634
[ep 056] val_sel AUC=0.9020 acc=0.7818
[ep 057] val_sel AUC=0.9030 acc=0.7836
[ep 058] val_sel AUC=0.9008 acc=0.7710
[ep 059] val_sel AUC=0.8791 acc=0.7452
[ep 060] val_sel AUC=0.8861 acc=0.7515
[ep 061] val_sel AUC=0.8775 acc=0.7378
[ep 062] val_sel AUC=0.8512 acc=0.7028
[ep 063] val_sel AUC=0.8857 acc=0.7080
[ep 064] val_sel AUC=0.8988 acc=0.7930
[ep 065] val_sel AUC=0.8990 acc=0.7827
[ep 066] val_sel AUC=0.9070 acc=0.7921
[ep 067] val_sel AUC=0.9075 acc=0.7921
[ep 068] val_sel AUC=0.8943 acc=0.7663
[ep 069] val_sel AUC=0.9104 acc=0.7928
[ep 070] val_sel AUC=0.9009 acc=0.7776
[ep 071] val_sel AUC=0.9024 acc=0.7767
[ep 072] val_sel AUC=0.9064 acc=0.7957
[ep 073] val_sel AUC=0.9122 acc=0.7998
[ep 074] val_sel AUC=0.9099 acc=0.7982
[ep 075] val_sel AUC=0.9106 acc=0.8063
[ep 076] val_sel AUC=0.9130 acc=0.8067
[ep 077] val_sel AUC=0.9021 acc=0.7755
[ep 078] val_sel AUC=0.9036 acc=0.7870
[ep 079] val_sel AUC=0.9071 acc=0.7944
[ep 080] val_sel AUC=0.9052 acc=0.7917
[ep 081] val_sel AUC=0.9147 acc=0.8103
[ep 082] val_sel AUC=0.9143 acc=0.7991
[ep 083] val_sel AUC=0.9127 acc=0.8114
[ep 084] val_sel AUC=0.9089 acc=0.7987
[ep 085] val_sel AUC=0.9141 acc=0.8135
[ep 086] val_sel AUC=0.9130 acc=0.8112
[ep 087] val_sel AUC=0.9140 acc=0.8128
[ep 088] val_sel AUC=0.9127 acc=0.8128
[ep 089] val_sel AUC=0.9127 acc=0.8105
[ep 090] val_sel AUC=0.9137 acc=0.8123
[ep 091] val_sel AUC=0.9116 acc=0.8101
[ep 092] val_sel AUC=0.9127 acc=0.8108
[ep 093] val_sel AUC=0.9127 acc=0.8121
[ep 094] val_sel AUC=0.9130 acc=0.8126
[ep 095] val_sel AUC=0.9129 acc=0.8117
[ep 096] val_sel AUC=0.9128 acc=0.8117
============================================================
TEST (best val_sel epoch, held-out, evaluated once)
============================================================
[DONE-QPE2] embed=dctfix model_II N=250 seed=43 test_AUC=0.9186 val_sel_AUC=0.9147 per_class=(axion=0.9279 cdm=0.8518 no_sub=0.9761) params=203460 embed_params=1 R_frob_drift=None
