[INFO] QPE2 D=64 P=8 depth=4 | embed=dctfix | data=model_II N/class=250 seed=50 split_seed=0 | params=203460 embed_params=1 lr=0.001 epochs=96 bs=32 | train(750, 64, 64) val_sel(4455, 64, 64) test(4455, 64, 64) device=cuda
[ep 001] val_sel AUC=0.5700 acc=0.3473
[ep 002] val_sel AUC=0.5784 acc=0.3291
[ep 003] val_sel AUC=0.5772 acc=0.3237
[ep 004] val_sel AUC=0.5769 acc=0.3291
[ep 005] val_sel AUC=0.5741 acc=0.3473
[ep 006] val_sel AUC=0.5704 acc=0.3473
[ep 007] val_sel AUC=0.5611 acc=0.3237
[ep 008] val_sel AUC=0.5536 acc=0.3237
[ep 009] val_sel AUC=0.5451 acc=0.3291
[ep 010] val_sel AUC=0.5447 acc=0.3237
[ep 011] val_sel AUC=0.5362 acc=0.3291
[ep 012] val_sel AUC=0.5373 acc=0.3363
[ep 013] val_sel AUC=0.5360 acc=0.3473
[ep 014] val_sel AUC=0.5301 acc=0.3556
[ep 015] val_sel AUC=0.5318 acc=0.3582
[ep 016] val_sel AUC=0.5299 acc=0.3569
[ep 017] val_sel AUC=0.5219 acc=0.3403
[ep 018] val_sel AUC=0.5222 acc=0.3398
[ep 019] val_sel AUC=0.5234 acc=0.3625
[ep 020] val_sel AUC=0.5203 acc=0.3446
[ep 021] val_sel AUC=0.5186 acc=0.3457
[ep 022] val_sel AUC=0.5176 acc=0.3558
[ep 023] val_sel AUC=0.5167 acc=0.3407
[ep 024] val_sel AUC=0.5182 acc=0.3490
[ep 025] val_sel AUC=0.5178 acc=0.3511
[ep 026] val_sel AUC=0.5187 acc=0.3515
[ep 027] val_sel AUC=0.5178 acc=0.3484
[ep 028] val_sel AUC=0.5178 acc=0.3565
[ep 029] val_sel AUC=0.5196 acc=0.3544
[ep 030] val_sel AUC=0.5196 acc=0.3515
[ep 031] val_sel AUC=0.5196 acc=0.3526
[ep 032] val_sel AUC=0.5196 acc=0.3529
[ep 033] val_sel AUC=0.5172 acc=0.3336
[ep 034] val_sel AUC=0.5262 acc=0.3479
[ep 035] val_sel AUC=0.5288 acc=0.3596
[ep 036] val_sel AUC=0.5444 acc=0.3477
[ep 037] val_sel AUC=0.5419 acc=0.3686
[ep 038] val_sel AUC=0.5509 acc=0.3502
[ep 039] val_sel AUC=0.5658 acc=0.3681
[ep 040] val_sel AUC=0.6006 acc=0.3773
[ep 041] val_sel AUC=0.5821 acc=0.3966
[ep 042] val_sel AUC=0.6365 acc=0.4045
[ep 043] val_sel AUC=0.6379 acc=0.4449
[ep 044] val_sel AUC=0.6793 acc=0.4864
[ep 045] val_sel AUC=0.7070 acc=0.5053
[ep 046] val_sel AUC=0.7091 acc=0.5156
[ep 047] val_sel AUC=0.7943 acc=0.6085
[ep 048] val_sel AUC=0.8272 acc=0.6305
[ep 049] val_sel AUC=0.8456 acc=0.6730
[ep 050] val_sel AUC=0.8202 acc=0.6209
[ep 051] val_sel AUC=0.8120 acc=0.6299
[ep 052] val_sel AUC=0.8468 acc=0.6783
[ep 053] val_sel AUC=0.8554 acc=0.6763
[ep 054] val_sel AUC=0.8430 acc=0.6494
[ep 055] val_sel AUC=0.8577 acc=0.7017
[ep 056] val_sel AUC=0.8866 acc=0.7318
[ep 057] val_sel AUC=0.8700 acc=0.7223
[ep 058] val_sel AUC=0.8496 acc=0.6826
[ep 059] val_sel AUC=0.8710 acc=0.7158
[ep 060] val_sel AUC=0.8458 acc=0.5978
[ep 061] val_sel AUC=0.8882 acc=0.7466
[ep 062] val_sel AUC=0.8912 acc=0.7493
[ep 063] val_sel AUC=0.9020 acc=0.7686
[ep 064] val_sel AUC=0.9053 acc=0.7890
[ep 065] val_sel AUC=0.9040 acc=0.7630
[ep 066] val_sel AUC=0.9072 acc=0.7933
[ep 067] val_sel AUC=0.8930 acc=0.7421
[ep 068] val_sel AUC=0.9138 acc=0.7899
[ep 069] val_sel AUC=0.8923 acc=0.7526
[ep 070] val_sel AUC=0.9035 acc=0.7782
[ep 071] val_sel AUC=0.9145 acc=0.8090
[ep 072] val_sel AUC=0.9173 acc=0.8056
[ep 073] val_sel AUC=0.9112 acc=0.7987
[ep 074] val_sel AUC=0.9107 acc=0.8009
[ep 075] val_sel AUC=0.9119 acc=0.7933
[ep 076] val_sel AUC=0.9187 acc=0.8110
[ep 077] val_sel AUC=0.9163 acc=0.8110
[ep 078] val_sel AUC=0.9208 acc=0.8108
[ep 079] val_sel AUC=0.9187 acc=0.8103
[ep 080] val_sel AUC=0.9187 acc=0.8081
[ep 081] val_sel AUC=0.9159 acc=0.8083
[ep 082] val_sel AUC=0.9185 acc=0.8175
[ep 083] val_sel AUC=0.9184 acc=0.8180
[ep 084] val_sel AUC=0.9160 acc=0.8007
[ep 085] val_sel AUC=0.9185 acc=0.8144
[ep 086] val_sel AUC=0.9186 acc=0.8204
[ep 087] val_sel AUC=0.9190 acc=0.8184
[ep 088] val_sel AUC=0.9191 acc=0.8182
[ep 089] val_sel AUC=0.9163 acc=0.8195
[ep 090] val_sel AUC=0.9181 acc=0.8209
[ep 091] val_sel AUC=0.9150 acc=0.8193
[ep 092] val_sel AUC=0.9169 acc=0.8215
[ep 093] val_sel AUC=0.9163 acc=0.8207
[ep 094] val_sel AUC=0.9162 acc=0.8209
[ep 095] val_sel AUC=0.9164 acc=0.8209
[ep 096] val_sel AUC=0.9164 acc=0.8202
============================================================
TEST (best val_sel epoch, held-out, evaluated once)
============================================================
[DONE-QPE2] embed=dctfix model_II N=250 seed=50 test_AUC=0.9311 val_sel_AUC=0.9208 per_class=(axion=0.9372 cdm=0.8754 no_sub=0.9806) params=203460 embed_params=1 R_frob_drift=None
