[INFO] QPE2 D=64 P=8 depth=4 | embed=dctfix | data=model_III N/class=250 seed=52 split_seed=0 | params=203460 embed_params=1 lr=0.001 epochs=96 bs=32 | train(750, 64, 64) val_sel(4469, 64, 64) test(4470, 64, 64) device=cuda
[ep 001] val_sel AUC=0.5181 acc=0.3285
[ep 002] val_sel AUC=0.5380 acc=0.3283
[ep 003] val_sel AUC=0.5408 acc=0.3433
[ep 004] val_sel AUC=0.5447 acc=0.3283
[ep 005] val_sel AUC=0.5409 acc=0.3285
[ep 006] val_sel AUC=0.5395 acc=0.3377
[ep 007] val_sel AUC=0.5350 acc=0.3283
[ep 008] val_sel AUC=0.5271 acc=0.3285
[ep 009] val_sel AUC=0.5256 acc=0.3285
[ep 010] val_sel AUC=0.5218 acc=0.3406
[ep 011] val_sel AUC=0.5252 acc=0.3283
[ep 012] val_sel AUC=0.5253 acc=0.3459
[ep 013] val_sel AUC=0.5287 acc=0.3462
[ep 014] val_sel AUC=0.5433 acc=0.3659
[ep 015] val_sel AUC=0.6007 acc=0.4269
[ep 016] val_sel AUC=0.6406 acc=0.4511
[ep 017] val_sel AUC=0.7158 acc=0.4263
[ep 018] val_sel AUC=0.7632 acc=0.5802
[ep 019] val_sel AUC=0.8026 acc=0.6243
[ep 020] val_sel AUC=0.8090 acc=0.6263
[ep 021] val_sel AUC=0.8644 acc=0.7134
[ep 022] val_sel AUC=0.8639 acc=0.7223
[ep 023] val_sel AUC=0.8867 acc=0.7489
[ep 024] val_sel AUC=0.8537 acc=0.6306
[ep 025] val_sel AUC=0.8709 acc=0.7357
[ep 026] val_sel AUC=0.8995 acc=0.7565
[ep 027] val_sel AUC=0.8845 acc=0.7590
[ep 028] val_sel AUC=0.8974 acc=0.7597
[ep 029] val_sel AUC=0.9030 acc=0.7711
[ep 030] val_sel AUC=0.9051 acc=0.7774
[ep 031] val_sel AUC=0.9046 acc=0.7736
[ep 032] val_sel AUC=0.9056 acc=0.7753
[ep 033] val_sel AUC=0.8170 acc=0.6536
[ep 034] val_sel AUC=0.8725 acc=0.7022
[ep 035] val_sel AUC=0.8305 acc=0.5919
[ep 036] val_sel AUC=0.8900 acc=0.7610
[ep 037] val_sel AUC=0.8622 acc=0.7230
[ep 038] val_sel AUC=0.8736 acc=0.7151
[ep 039] val_sel AUC=0.8886 acc=0.7530
[ep 040] val_sel AUC=0.8765 acc=0.7261
[ep 041] val_sel AUC=0.8750 acc=0.7221
[ep 042] val_sel AUC=0.9011 acc=0.7706
[ep 043] val_sel AUC=0.8739 acc=0.6919
[ep 044] val_sel AUC=0.9051 acc=0.7791
[ep 045] val_sel AUC=0.8873 acc=0.7216
[ep 046] val_sel AUC=0.9032 acc=0.7624
[ep 047] val_sel AUC=0.8783 acc=0.7471
[ep 048] val_sel AUC=0.9056 acc=0.7789
[ep 049] val_sel AUC=0.9047 acc=0.7603
[ep 050] val_sel AUC=0.8685 acc=0.6999
[ep 051] val_sel AUC=0.9154 acc=0.8013
[ep 052] val_sel AUC=0.9186 acc=0.7955
[ep 053] val_sel AUC=0.8888 acc=0.7570
[ep 054] val_sel AUC=0.9051 acc=0.7697
[ep 055] val_sel AUC=0.9122 acc=0.7794
[ep 056] val_sel AUC=0.9032 acc=0.7818
[ep 057] val_sel AUC=0.8878 acc=0.7369
[ep 058] val_sel AUC=0.9163 acc=0.7883
[ep 059] val_sel AUC=0.9130 acc=0.7881
[ep 060] val_sel AUC=0.9173 acc=0.7928
[ep 061] val_sel AUC=0.9252 acc=0.8136
[ep 062] val_sel AUC=0.9215 acc=0.8011
[ep 063] val_sel AUC=0.9132 acc=0.7959
[ep 064] val_sel AUC=0.9063 acc=0.7628
[ep 065] val_sel AUC=0.9023 acc=0.7536
[ep 066] val_sel AUC=0.9135 acc=0.7888
[ep 067] val_sel AUC=0.9265 acc=0.8172
[ep 068] val_sel AUC=0.9277 acc=0.8228
[ep 069] val_sel AUC=0.9256 acc=0.8172
[ep 070] val_sel AUC=0.9252 acc=0.8270
[ep 071] val_sel AUC=0.9201 acc=0.7841
[ep 072] val_sel AUC=0.9182 acc=0.7888
[ep 073] val_sel AUC=0.9237 acc=0.8147
[ep 074] val_sel AUC=0.9243 acc=0.8078
[ep 075] val_sel AUC=0.9151 acc=0.7803
[ep 076] val_sel AUC=0.9271 acc=0.8102
[ep 077] val_sel AUC=0.9241 acc=0.8208
[ep 078] val_sel AUC=0.9241 acc=0.8259
[ep 079] val_sel AUC=0.9214 acc=0.8196
[ep 080] val_sel AUC=0.9268 acc=0.8188
[ep 081] val_sel AUC=0.9259 acc=0.8185
[ep 082] val_sel AUC=0.9246 acc=0.8172
[ep 083] val_sel AUC=0.9203 acc=0.8228
[ep 084] val_sel AUC=0.9228 acc=0.8250
[ep 085] val_sel AUC=0.9182 acc=0.8230
[ep 086] val_sel AUC=0.9229 acc=0.8264
[ep 087] val_sel AUC=0.9195 acc=0.8255
[ep 088] val_sel AUC=0.9219 acc=0.8255
[ep 089] val_sel AUC=0.9208 acc=0.8268
[ep 090] val_sel AUC=0.9212 acc=0.8261
[ep 091] val_sel AUC=0.9188 acc=0.8255
[ep 092] val_sel AUC=0.9195 acc=0.8268
[ep 093] val_sel AUC=0.9196 acc=0.8259
[ep 094] val_sel AUC=0.9198 acc=0.8257
[ep 095] val_sel AUC=0.9196 acc=0.8257
[ep 096] val_sel AUC=0.9197 acc=0.8259
============================================================
TEST (best val_sel epoch, held-out, evaluated once)
============================================================
[DONE-QPE2] embed=dctfix model_III N=250 seed=52 test_AUC=0.9301 val_sel_AUC=0.9277 per_class=(axion=0.9443 cdm=0.8670 no_sub=0.9790) params=203460 embed_params=1 R_frob_drift=None
