[INFO] QPE2 D=64 P=8 depth=4 | embed=dctfix | data=model_III N/class=100 seed=48 split_seed=0 | params=203460 embed_params=1 lr=0.001 epochs=96 bs=32 | train(300, 64, 64) val_sel(4469, 64, 64) test(4470, 64, 64) device=cuda
[ep 001] val_sel AUC=0.5819 acc=0.3283
[ep 002] val_sel AUC=0.5905 acc=0.3285
[ep 003] val_sel AUC=0.5998 acc=0.3283
[ep 004] val_sel AUC=0.6085 acc=0.3283
[ep 005] val_sel AUC=0.6127 acc=0.3285
[ep 006] val_sel AUC=0.6226 acc=0.3433
[ep 007] val_sel AUC=0.6227 acc=0.3285
[ep 008] val_sel AUC=0.6226 acc=0.3285
[ep 009] val_sel AUC=0.6259 acc=0.3433
[ep 010] val_sel AUC=0.6203 acc=0.3285
[ep 011] val_sel AUC=0.6222 acc=0.3283
[ep 012] val_sel AUC=0.6140 acc=0.3433
[ep 013] val_sel AUC=0.6131 acc=0.3285
[ep 014] val_sel AUC=0.6156 acc=0.3283
[ep 015] val_sel AUC=0.6036 acc=0.3433
[ep 016] val_sel AUC=0.6002 acc=0.3285
[ep 017] val_sel AUC=0.5974 acc=0.3283
[ep 018] val_sel AUC=0.5871 acc=0.3433
[ep 019] val_sel AUC=0.5819 acc=0.3314
[ep 020] val_sel AUC=0.5751 acc=0.3285
[ep 021] val_sel AUC=0.5651 acc=0.3607
[ep 022] val_sel AUC=0.5656 acc=0.3690
[ep 023] val_sel AUC=0.5678 acc=0.3867
[ep 024] val_sel AUC=0.5677 acc=0.3739
[ep 025] val_sel AUC=0.5679 acc=0.3905
[ep 026] val_sel AUC=0.5682 acc=0.3685
[ep 027] val_sel AUC=0.5684 acc=0.3544
[ep 028] val_sel AUC=0.5684 acc=0.3694
[ep 029] val_sel AUC=0.5687 acc=0.3703
[ep 030] val_sel AUC=0.5690 acc=0.3632
[ep 031] val_sel AUC=0.5692 acc=0.3650
[ep 032] val_sel AUC=0.5692 acc=0.3663
[ep 033] val_sel AUC=0.5893 acc=0.3784
[ep 034] val_sel AUC=0.5827 acc=0.3497
[ep 035] val_sel AUC=0.5877 acc=0.3761
[ep 036] val_sel AUC=0.5942 acc=0.3710
[ep 037] val_sel AUC=0.6397 acc=0.4263
[ep 038] val_sel AUC=0.6757 acc=0.4719
[ep 039] val_sel AUC=0.6480 acc=0.4081
[ep 040] val_sel AUC=0.7235 acc=0.5030
[ep 041] val_sel AUC=0.7036 acc=0.4735
[ep 042] val_sel AUC=0.7046 acc=0.4419
[ep 043] val_sel AUC=0.7333 acc=0.5180
[ep 044] val_sel AUC=0.7635 acc=0.5498
[ep 045] val_sel AUC=0.7764 acc=0.5912
[ep 046] val_sel AUC=0.7462 acc=0.5357
[ep 047] val_sel AUC=0.7853 acc=0.5715
[ep 048] val_sel AUC=0.7864 acc=0.6098
[ep 049] val_sel AUC=0.7880 acc=0.5693
[ep 050] val_sel AUC=0.7830 acc=0.6100
[ep 051] val_sel AUC=0.8261 acc=0.6666
[ep 052] val_sel AUC=0.8318 acc=0.6706
[ep 053] val_sel AUC=0.8303 acc=0.6538
[ep 054] val_sel AUC=0.8343 acc=0.6733
[ep 055] val_sel AUC=0.8294 acc=0.6581
[ep 056] val_sel AUC=0.8444 acc=0.6919
[ep 057] val_sel AUC=0.7951 acc=0.6194
[ep 058] val_sel AUC=0.8536 acc=0.7024
[ep 059] val_sel AUC=0.8547 acc=0.6966
[ep 060] val_sel AUC=0.8628 acc=0.7174
[ep 061] val_sel AUC=0.8567 acc=0.7028
[ep 062] val_sel AUC=0.8497 acc=0.7033
[ep 063] val_sel AUC=0.8526 acc=0.7064
[ep 064] val_sel AUC=0.8296 acc=0.6498
[ep 065] val_sel AUC=0.8480 acc=0.6883
[ep 066] val_sel AUC=0.8637 acc=0.7019
[ep 067] val_sel AUC=0.8669 acc=0.7201
[ep 068] val_sel AUC=0.8650 acc=0.7214
[ep 069] val_sel AUC=0.8718 acc=0.7245
[ep 070] val_sel AUC=0.8727 acc=0.7160
[ep 071] val_sel AUC=0.8688 acc=0.7219
[ep 072] val_sel AUC=0.8733 acc=0.7160
[ep 073] val_sel AUC=0.8741 acc=0.7409
[ep 074] val_sel AUC=0.8787 acc=0.7483
[ep 075] val_sel AUC=0.8732 acc=0.7534
[ep 076] val_sel AUC=0.8785 acc=0.7324
[ep 077] val_sel AUC=0.8741 acc=0.7447
[ep 078] val_sel AUC=0.8778 acc=0.7532
[ep 079] val_sel AUC=0.8747 acc=0.7501
[ep 080] val_sel AUC=0.8825 acc=0.7503
[ep 081] val_sel AUC=0.8750 acc=0.7590
[ep 082] val_sel AUC=0.8753 acc=0.7308
[ep 083] val_sel AUC=0.8723 acc=0.7561
[ep 084] val_sel AUC=0.8758 acc=0.7489
[ep 085] val_sel AUC=0.8716 acc=0.7534
[ep 086] val_sel AUC=0.8750 acc=0.7501
[ep 087] val_sel AUC=0.8730 acc=0.7510
[ep 088] val_sel AUC=0.8712 acc=0.7527
[ep 089] val_sel AUC=0.8709 acc=0.7545
[ep 090] val_sel AUC=0.8705 acc=0.7521
[ep 091] val_sel AUC=0.8707 acc=0.7541
[ep 092] val_sel AUC=0.8710 acc=0.7532
[ep 093] val_sel AUC=0.8708 acc=0.7503
[ep 094] val_sel AUC=0.8710 acc=0.7534
[ep 095] val_sel AUC=0.8709 acc=0.7530
[ep 096] val_sel AUC=0.8709 acc=0.7530
============================================================
TEST (best val_sel epoch, held-out, evaluated once)
============================================================
[DONE-QPE2] embed=dctfix model_III N=100 seed=48 test_AUC=0.8848 val_sel_AUC=0.8825 per_class=(axion=0.9267 cdm=0.7815 no_sub=0.9460) params=203460 embed_params=1 R_frob_drift=None
