[INFO] QPE2 D=64 P=8 depth=4 | embed=dctfix | data=model_II N/class=100 seed=45 split_seed=0 | params=203460 embed_params=1 lr=0.001 epochs=96 bs=32 | train(300, 64, 64) val_sel(4455, 64, 64) test(4455, 64, 64) device=cuda
[ep 001] val_sel AUC=0.5013 acc=0.3473
[ep 002] val_sel AUC=0.5198 acc=0.3237
[ep 003] val_sel AUC=0.5157 acc=0.3473
[ep 004] val_sel AUC=0.5233 acc=0.3237
[ep 005] val_sel AUC=0.5212 acc=0.3473
[ep 006] val_sel AUC=0.5257 acc=0.3473
[ep 007] val_sel AUC=0.5303 acc=0.3354
[ep 008] val_sel AUC=0.5339 acc=0.3237
[ep 009] val_sel AUC=0.5312 acc=0.3473
[ep 010] val_sel AUC=0.5343 acc=0.3237
[ep 011] val_sel AUC=0.5332 acc=0.3237
[ep 012] val_sel AUC=0.5366 acc=0.3437
[ep 013] val_sel AUC=0.5397 acc=0.3291
[ep 014] val_sel AUC=0.5373 acc=0.3473
[ep 015] val_sel AUC=0.5397 acc=0.3291
[ep 016] val_sel AUC=0.5387 acc=0.3237
[ep 017] val_sel AUC=0.5387 acc=0.3291
[ep 018] val_sel AUC=0.5369 acc=0.3237
[ep 019] val_sel AUC=0.5365 acc=0.3237
[ep 020] val_sel AUC=0.5381 acc=0.3473
[ep 021] val_sel AUC=0.5400 acc=0.3291
[ep 022] val_sel AUC=0.5397 acc=0.3291
[ep 023] val_sel AUC=0.5392 acc=0.3473
[ep 024] val_sel AUC=0.5393 acc=0.3473
[ep 025] val_sel AUC=0.5399 acc=0.3237
[ep 026] val_sel AUC=0.5406 acc=0.3291
[ep 027] val_sel AUC=0.5401 acc=0.3291
[ep 028] val_sel AUC=0.5399 acc=0.3291
[ep 029] val_sel AUC=0.5397 acc=0.3291
[ep 030] val_sel AUC=0.5396 acc=0.3291
[ep 031] val_sel AUC=0.5397 acc=0.3291
[ep 032] val_sel AUC=0.5397 acc=0.3291
[ep 033] val_sel AUC=0.5392 acc=0.3291
[ep 034] val_sel AUC=0.5384 acc=0.3481
[ep 035] val_sel AUC=0.5330 acc=0.3315
[ep 036] val_sel AUC=0.5302 acc=0.3291
[ep 037] val_sel AUC=0.5282 acc=0.3461
[ep 038] val_sel AUC=0.5314 acc=0.3533
[ep 039] val_sel AUC=0.5392 acc=0.3291
[ep 040] val_sel AUC=0.5532 acc=0.3591
[ep 041] val_sel AUC=0.5459 acc=0.3580
[ep 042] val_sel AUC=0.5518 acc=0.3596
[ep 043] val_sel AUC=0.5528 acc=0.3666
[ep 044] val_sel AUC=0.5545 acc=0.3363
[ep 045] val_sel AUC=0.5490 acc=0.3621
[ep 046] val_sel AUC=0.5628 acc=0.3679
[ep 047] val_sel AUC=0.5601 acc=0.3596
[ep 048] val_sel AUC=0.5642 acc=0.3623
[ep 049] val_sel AUC=0.5502 acc=0.3535
[ep 050] val_sel AUC=0.5615 acc=0.3728
[ep 051] val_sel AUC=0.5759 acc=0.3800
[ep 052] val_sel AUC=0.5918 acc=0.3957
[ep 053] val_sel AUC=0.5588 acc=0.3652
[ep 054] val_sel AUC=0.6059 acc=0.3785
[ep 055] val_sel AUC=0.5985 acc=0.4218
[ep 056] val_sel AUC=0.6336 acc=0.4418
[ep 057] val_sel AUC=0.6638 acc=0.4539
[ep 058] val_sel AUC=0.6825 acc=0.4961
[ep 059] val_sel AUC=0.7000 acc=0.4983
[ep 060] val_sel AUC=0.7523 acc=0.5677
[ep 061] val_sel AUC=0.7558 acc=0.5827
[ep 062] val_sel AUC=0.7021 acc=0.4431
[ep 063] val_sel AUC=0.7477 acc=0.5477
[ep 064] val_sel AUC=0.7550 acc=0.5767
[ep 065] val_sel AUC=0.7561 acc=0.5497
[ep 066] val_sel AUC=0.7699 acc=0.5403
[ep 067] val_sel AUC=0.7901 acc=0.6308
[ep 068] val_sel AUC=0.8132 acc=0.6590
[ep 069] val_sel AUC=0.8037 acc=0.6112
[ep 070] val_sel AUC=0.7907 acc=0.5578
[ep 071] val_sel AUC=0.8238 acc=0.6453
[ep 072] val_sel AUC=0.8457 acc=0.6938
[ep 073] val_sel AUC=0.8422 acc=0.6819
[ep 074] val_sel AUC=0.8555 acc=0.7080
[ep 075] val_sel AUC=0.8660 acc=0.7266
[ep 076] val_sel AUC=0.8620 acc=0.7187
[ep 077] val_sel AUC=0.8481 acc=0.6967
[ep 078] val_sel AUC=0.8543 acc=0.6945
[ep 079] val_sel AUC=0.8228 acc=0.6076
[ep 080] val_sel AUC=0.8571 acc=0.7089
[ep 081] val_sel AUC=0.8669 acc=0.7176
[ep 082] val_sel AUC=0.8680 acc=0.7291
[ep 083] val_sel AUC=0.8660 acc=0.7250
[ep 084] val_sel AUC=0.8648 acc=0.7203
[ep 085] val_sel AUC=0.8598 acc=0.6965
[ep 086] val_sel AUC=0.8647 acc=0.7226
[ep 087] val_sel AUC=0.8615 acc=0.7077
[ep 088] val_sel AUC=0.8683 acc=0.7297
[ep 089] val_sel AUC=0.8678 acc=0.7230
[ep 090] val_sel AUC=0.8689 acc=0.7295
[ep 091] val_sel AUC=0.8696 acc=0.7311
[ep 092] val_sel AUC=0.8693 acc=0.7311
[ep 093] val_sel AUC=0.8690 acc=0.7302
[ep 094] val_sel AUC=0.8693 acc=0.7331
[ep 095] val_sel AUC=0.8693 acc=0.7306
[ep 096] val_sel AUC=0.8692 acc=0.7309
============================================================
TEST (best val_sel epoch, held-out, evaluated once)
============================================================
[DONE-QPE2] embed=dctfix model_II N=100 seed=45 test_AUC=0.8784 val_sel_AUC=0.8696 per_class=(axion=0.9123 cdm=0.7730 no_sub=0.9499) params=203460 embed_params=1 R_frob_drift=None
