[INFO] QPE2 D=64 P=8 depth=4 | embed=dctfix | data=model_II N/class=100 seed=56 split_seed=0 | params=203460 embed_params=1 lr=0.001 epochs=96 bs=32 | train(300, 64, 64) val_sel(4455, 64, 64) test(4455, 64, 64) device=cuda
[ep 001] val_sel AUC=0.5484 acc=0.3291
[ep 002] val_sel AUC=0.5335 acc=0.3473
[ep 003] val_sel AUC=0.5393 acc=0.3473
[ep 004] val_sel AUC=0.5481 acc=0.3699
[ep 005] val_sel AUC=0.5483 acc=0.3291
[ep 006] val_sel AUC=0.5461 acc=0.3437
[ep 007] val_sel AUC=0.5490 acc=0.3291
[ep 008] val_sel AUC=0.5445 acc=0.3237
[ep 009] val_sel AUC=0.5480 acc=0.3291
[ep 010] val_sel AUC=0.5443 acc=0.3473
[ep 011] val_sel AUC=0.5451 acc=0.3237
[ep 012] val_sel AUC=0.5516 acc=0.3291
[ep 013] val_sel AUC=0.5494 acc=0.3237
[ep 014] val_sel AUC=0.5497 acc=0.3470
[ep 015] val_sel AUC=0.5523 acc=0.3291
[ep 016] val_sel AUC=0.5506 acc=0.3371
[ep 017] val_sel AUC=0.5504 acc=0.3473
[ep 018] val_sel AUC=0.5526 acc=0.3237
[ep 019] val_sel AUC=0.5489 acc=0.3410
[ep 020] val_sel AUC=0.5449 acc=0.3713
[ep 021] val_sel AUC=0.5491 acc=0.3338
[ep 022] val_sel AUC=0.5499 acc=0.3621
[ep 023] val_sel AUC=0.5521 acc=0.3585
[ep 024] val_sel AUC=0.5526 acc=0.3675
[ep 025] val_sel AUC=0.5555 acc=0.3672
[ep 026] val_sel AUC=0.5578 acc=0.3681
[ep 027] val_sel AUC=0.5594 acc=0.3639
[ep 028] val_sel AUC=0.5610 acc=0.3701
[ep 029] val_sel AUC=0.5631 acc=0.3690
[ep 030] val_sel AUC=0.5641 acc=0.3675
[ep 031] val_sel AUC=0.5645 acc=0.3679
[ep 032] val_sel AUC=0.5647 acc=0.3692
[ep 033] val_sel AUC=0.5971 acc=0.3769
[ep 034] val_sel AUC=0.6128 acc=0.4036
[ep 035] val_sel AUC=0.6443 acc=0.3991
[ep 036] val_sel AUC=0.5562 acc=0.3883
[ep 037] val_sel AUC=0.5462 acc=0.3495
[ep 038] val_sel AUC=0.5532 acc=0.3764
[ep 039] val_sel AUC=0.5525 acc=0.3630
[ep 040] val_sel AUC=0.5459 acc=0.3549
[ep 041] val_sel AUC=0.5480 acc=0.3764
[ep 042] val_sel AUC=0.5825 acc=0.3347
[ep 043] val_sel AUC=0.5644 acc=0.3596
[ep 044] val_sel AUC=0.5888 acc=0.4000
[ep 045] val_sel AUC=0.5885 acc=0.3856
[ep 046] val_sel AUC=0.5620 acc=0.3681
[ep 047] val_sel AUC=0.6119 acc=0.3865
[ep 048] val_sel AUC=0.6079 acc=0.3991
[ep 049] val_sel AUC=0.6355 acc=0.4366
[ep 050] val_sel AUC=0.6754 acc=0.4606
[ep 051] val_sel AUC=0.6873 acc=0.4774
[ep 052] val_sel AUC=0.7054 acc=0.5192
[ep 053] val_sel AUC=0.7243 acc=0.5405
[ep 054] val_sel AUC=0.7495 acc=0.5416
[ep 055] val_sel AUC=0.7144 acc=0.5077
[ep 056] val_sel AUC=0.7841 acc=0.6121
[ep 057] val_sel AUC=0.7855 acc=0.6038
[ep 058] val_sel AUC=0.8193 acc=0.6606
[ep 059] val_sel AUC=0.8057 acc=0.6130
[ep 060] val_sel AUC=0.7851 acc=0.5903
[ep 061] val_sel AUC=0.7803 acc=0.5906
[ep 062] val_sel AUC=0.7769 acc=0.5798
[ep 063] val_sel AUC=0.8048 acc=0.6469
[ep 064] val_sel AUC=0.8373 acc=0.6772
[ep 065] val_sel AUC=0.8352 acc=0.6822
[ep 066] val_sel AUC=0.8133 acc=0.6590
[ep 067] val_sel AUC=0.8114 acc=0.6332
[ep 068] val_sel AUC=0.8388 acc=0.6725
[ep 069] val_sel AUC=0.8407 acc=0.6857
[ep 070] val_sel AUC=0.8370 acc=0.6664
[ep 071] val_sel AUC=0.8470 acc=0.7003
[ep 072] val_sel AUC=0.8494 acc=0.7122
[ep 073] val_sel AUC=0.8564 acc=0.7066
[ep 074] val_sel AUC=0.8475 acc=0.6752
[ep 075] val_sel AUC=0.8623 acc=0.7223
[ep 076] val_sel AUC=0.8590 acc=0.7208
[ep 077] val_sel AUC=0.8631 acc=0.7262
[ep 078] val_sel AUC=0.8610 acc=0.7192
[ep 079] val_sel AUC=0.8646 acc=0.7270
[ep 080] val_sel AUC=0.8544 acc=0.6983
[ep 081] val_sel AUC=0.8642 acc=0.7120
[ep 082] val_sel AUC=0.8524 acc=0.7122
[ep 083] val_sel AUC=0.8632 acc=0.7336
[ep 084] val_sel AUC=0.8647 acc=0.7394
[ep 085] val_sel AUC=0.8595 acc=0.7338
[ep 086] val_sel AUC=0.8651 acc=0.7430
[ep 087] val_sel AUC=0.8636 acc=0.7434
[ep 088] val_sel AUC=0.8619 acc=0.7389
[ep 089] val_sel AUC=0.8612 acc=0.7387
[ep 090] val_sel AUC=0.8615 acc=0.7403
[ep 091] val_sel AUC=0.8600 acc=0.7389
[ep 092] val_sel AUC=0.8602 acc=0.7389
[ep 093] val_sel AUC=0.8599 acc=0.7380
[ep 094] val_sel AUC=0.8592 acc=0.7358
[ep 095] val_sel AUC=0.8591 acc=0.7351
[ep 096] val_sel AUC=0.8592 acc=0.7356
============================================================
TEST (best val_sel epoch, held-out, evaluated once)
============================================================
[DONE-QPE2] embed=dctfix model_II N=100 seed=56 test_AUC=0.8689 val_sel_AUC=0.8651 per_class=(axion=0.8988 cdm=0.7571 no_sub=0.9508) params=203460 embed_params=1 R_frob_drift=None
