[INFO] QPE2 D=64 P=8 depth=4 | embed=dctfix | data=model_II N/class=100 seed=55 split_seed=0 | params=203460 embed_params=1 lr=0.001 epochs=96 bs=32 | train(300, 64, 64) val_sel(4455, 64, 64) test(4455, 64, 64) device=cuda
[ep 001] val_sel AUC=0.4963 acc=0.3473
[ep 002] val_sel AUC=0.5340 acc=0.3291
[ep 003] val_sel AUC=0.5370 acc=0.3473
[ep 004] val_sel AUC=0.5396 acc=0.3237
[ep 005] val_sel AUC=0.5340 acc=0.3473
[ep 006] val_sel AUC=0.5291 acc=0.3508
[ep 007] val_sel AUC=0.5253 acc=0.3237
[ep 008] val_sel AUC=0.5217 acc=0.3291
[ep 009] val_sel AUC=0.5198 acc=0.3473
[ep 010] val_sel AUC=0.5167 acc=0.3376
[ep 011] val_sel AUC=0.5149 acc=0.3421
[ep 012] val_sel AUC=0.5135 acc=0.3354
[ep 013] val_sel AUC=0.5131 acc=0.3389
[ep 014] val_sel AUC=0.5125 acc=0.3412
[ep 015] val_sel AUC=0.5123 acc=0.3351
[ep 016] val_sel AUC=0.5127 acc=0.3461
[ep 017] val_sel AUC=0.5122 acc=0.3338
[ep 018] val_sel AUC=0.5116 acc=0.3410
[ep 019] val_sel AUC=0.5128 acc=0.3309
[ep 020] val_sel AUC=0.5133 acc=0.3387
[ep 021] val_sel AUC=0.5152 acc=0.3338
[ep 022] val_sel AUC=0.5130 acc=0.3416
[ep 023] val_sel AUC=0.5132 acc=0.3443
[ep 024] val_sel AUC=0.5166 acc=0.3345
[ep 025] val_sel AUC=0.5165 acc=0.3347
[ep 026] val_sel AUC=0.5168 acc=0.3329
[ep 027] val_sel AUC=0.5142 acc=0.3432
[ep 028] val_sel AUC=0.5148 acc=0.3401
[ep 029] val_sel AUC=0.5156 acc=0.3387
[ep 030] val_sel AUC=0.5162 acc=0.3387
[ep 031] val_sel AUC=0.5163 acc=0.3378
[ep 032] val_sel AUC=0.5163 acc=0.3380
[ep 033] val_sel AUC=0.5199 acc=0.3396
[ep 034] val_sel AUC=0.5231 acc=0.3446
[ep 035] val_sel AUC=0.5298 acc=0.3495
[ep 036] val_sel AUC=0.5276 acc=0.3396
[ep 037] val_sel AUC=0.5317 acc=0.3526
[ep 038] val_sel AUC=0.5399 acc=0.3455
[ep 039] val_sel AUC=0.5407 acc=0.3495
[ep 040] val_sel AUC=0.5626 acc=0.3508
[ep 041] val_sel AUC=0.5503 acc=0.3556
[ep 042] val_sel AUC=0.5739 acc=0.3506
[ep 043] val_sel AUC=0.5758 acc=0.3912
[ep 044] val_sel AUC=0.5793 acc=0.3897
[ep 045] val_sel AUC=0.5863 acc=0.3957
[ep 046] val_sel AUC=0.6327 acc=0.4332
[ep 047] val_sel AUC=0.6394 acc=0.4366
[ep 048] val_sel AUC=0.6684 acc=0.4460
[ep 049] val_sel AUC=0.6234 acc=0.4368
[ep 050] val_sel AUC=0.6306 acc=0.4422
[ep 051] val_sel AUC=0.6653 acc=0.4716
[ep 052] val_sel AUC=0.6879 acc=0.4599
[ep 053] val_sel AUC=0.7038 acc=0.5046
[ep 054] val_sel AUC=0.7246 acc=0.5134
[ep 055] val_sel AUC=0.6988 acc=0.4781
[ep 056] val_sel AUC=0.7160 acc=0.5059
[ep 057] val_sel AUC=0.7361 acc=0.5297
[ep 058] val_sel AUC=0.7324 acc=0.5327
[ep 059] val_sel AUC=0.7606 acc=0.5663
[ep 060] val_sel AUC=0.7523 acc=0.5529
[ep 061] val_sel AUC=0.7480 acc=0.5542
[ep 062] val_sel AUC=0.7557 acc=0.5672
[ep 063] val_sel AUC=0.7275 acc=0.4664
[ep 064] val_sel AUC=0.7447 acc=0.5192
[ep 065] val_sel AUC=0.7598 acc=0.5600
[ep 066] val_sel AUC=0.7637 acc=0.5574
[ep 067] val_sel AUC=0.7668 acc=0.5625
[ep 068] val_sel AUC=0.7806 acc=0.5919
[ep 069] val_sel AUC=0.7870 acc=0.5982
[ep 070] val_sel AUC=0.7746 acc=0.5823
[ep 071] val_sel AUC=0.7673 acc=0.5277
[ep 072] val_sel AUC=0.7490 acc=0.5594
[ep 073] val_sel AUC=0.7724 acc=0.5668
[ep 074] val_sel AUC=0.7839 acc=0.6022
[ep 075] val_sel AUC=0.7845 acc=0.5802
[ep 076] val_sel AUC=0.7831 acc=0.5881
[ep 077] val_sel AUC=0.7900 acc=0.6022
[ep 078] val_sel AUC=0.7974 acc=0.6009
[ep 079] val_sel AUC=0.8056 acc=0.6155
[ep 080] val_sel AUC=0.8030 acc=0.6260
[ep 081] val_sel AUC=0.8010 acc=0.6009
[ep 082] val_sel AUC=0.8043 acc=0.6251
[ep 083] val_sel AUC=0.8034 acc=0.6267
[ep 084] val_sel AUC=0.8094 acc=0.6236
[ep 085] val_sel AUC=0.8085 acc=0.6267
[ep 086] val_sel AUC=0.8093 acc=0.6305
[ep 087] val_sel AUC=0.8105 acc=0.6263
[ep 088] val_sel AUC=0.8082 acc=0.6256
[ep 089] val_sel AUC=0.8078 acc=0.6265
[ep 090] val_sel AUC=0.8090 acc=0.6274
[ep 091] val_sel AUC=0.8106 acc=0.6287
[ep 092] val_sel AUC=0.8099 acc=0.6278
[ep 093] val_sel AUC=0.8092 acc=0.6294
[ep 094] val_sel AUC=0.8088 acc=0.6299
[ep 095] val_sel AUC=0.8087 acc=0.6294
[ep 096] val_sel AUC=0.8088 acc=0.6294
============================================================
TEST (best val_sel epoch, held-out, evaluated once)
============================================================
[DONE-QPE2] embed=dctfix model_II N=100 seed=55 test_AUC=0.8127 val_sel_AUC=0.8106 per_class=(axion=0.8756 cdm=0.6814 no_sub=0.8812) params=203460 embed_params=1 R_frob_drift=None
