[INFO] QPE2 D=64 P=8 depth=4 | embed=dctfix | data=model_III N/class=100 seed=46 split_seed=0 | params=203460 embed_params=1 lr=0.001 epochs=96 bs=32 | train(300, 64, 64) val_sel(4469, 64, 64) test(4470, 64, 64) device=cuda
[ep 001] val_sel AUC=0.5362 acc=0.3283
[ep 002] val_sel AUC=0.4963 acc=0.3433
[ep 003] val_sel AUC=0.5244 acc=0.3283
[ep 004] val_sel AUC=0.5186 acc=0.3433
[ep 005] val_sel AUC=0.5254 acc=0.3285
[ep 006] val_sel AUC=0.5361 acc=0.3285
[ep 007] val_sel AUC=0.5442 acc=0.3433
[ep 008] val_sel AUC=0.5475 acc=0.3433
[ep 009] val_sel AUC=0.5383 acc=0.3285
[ep 010] val_sel AUC=0.5427 acc=0.3356
[ep 011] val_sel AUC=0.5423 acc=0.3285
[ep 012] val_sel AUC=0.5477 acc=0.3283
[ep 013] val_sel AUC=0.5430 acc=0.3426
[ep 014] val_sel AUC=0.5459 acc=0.3522
[ep 015] val_sel AUC=0.5465 acc=0.3603
[ep 016] val_sel AUC=0.5518 acc=0.3636
[ep 017] val_sel AUC=0.5537 acc=0.3652
[ep 018] val_sel AUC=0.5551 acc=0.3737
[ep 019] val_sel AUC=0.5596 acc=0.3710
[ep 020] val_sel AUC=0.5685 acc=0.3712
[ep 021] val_sel AUC=0.5697 acc=0.3860
[ep 022] val_sel AUC=0.5837 acc=0.3878
[ep 023] val_sel AUC=0.5897 acc=0.3936
[ep 024] val_sel AUC=0.5971 acc=0.3994
[ep 025] val_sel AUC=0.5994 acc=0.4090
[ep 026] val_sel AUC=0.6051 acc=0.4005
[ep 027] val_sel AUC=0.6151 acc=0.4117
[ep 028] val_sel AUC=0.6190 acc=0.4198
[ep 029] val_sel AUC=0.6274 acc=0.4166
[ep 030] val_sel AUC=0.6348 acc=0.4422
[ep 031] val_sel AUC=0.6370 acc=0.4422
[ep 032] val_sel AUC=0.6376 acc=0.4435
[ep 033] val_sel AUC=0.6450 acc=0.4686
[ep 034] val_sel AUC=0.6590 acc=0.4301
[ep 035] val_sel AUC=0.6728 acc=0.4406
[ep 036] val_sel AUC=0.6347 acc=0.4428
[ep 037] val_sel AUC=0.6655 acc=0.4263
[ep 038] val_sel AUC=0.6884 acc=0.4442
[ep 039] val_sel AUC=0.7226 acc=0.5420
[ep 040] val_sel AUC=0.7539 acc=0.5536
[ep 041] val_sel AUC=0.7416 acc=0.5540
[ep 042] val_sel AUC=0.7289 acc=0.5500
[ep 043] val_sel AUC=0.6923 acc=0.4820
[ep 044] val_sel AUC=0.7556 acc=0.5601
[ep 045] val_sel AUC=0.7417 acc=0.5140
[ep 046] val_sel AUC=0.7394 acc=0.5182
[ep 047] val_sel AUC=0.7644 acc=0.5652
[ep 048] val_sel AUC=0.7587 acc=0.5332
[ep 049] val_sel AUC=0.7392 acc=0.5120
[ep 050] val_sel AUC=0.7723 acc=0.5771
[ep 051] val_sel AUC=0.7809 acc=0.5872
[ep 052] val_sel AUC=0.8137 acc=0.6299
[ep 053] val_sel AUC=0.8087 acc=0.6465
[ep 054] val_sel AUC=0.8305 acc=0.6666
[ep 055] val_sel AUC=0.8431 acc=0.6867
[ep 056] val_sel AUC=0.8364 acc=0.6391
[ep 057] val_sel AUC=0.8104 acc=0.6384
[ep 058] val_sel AUC=0.8544 acc=0.6899
[ep 059] val_sel AUC=0.8471 acc=0.6744
[ep 060] val_sel AUC=0.8198 acc=0.6512
[ep 061] val_sel AUC=0.8404 acc=0.6684
[ep 062] val_sel AUC=0.8456 acc=0.6845
[ep 063] val_sel AUC=0.8560 acc=0.6950
[ep 064] val_sel AUC=0.8635 acc=0.7203
[ep 065] val_sel AUC=0.8586 acc=0.7082
[ep 066] val_sel AUC=0.8625 acc=0.7055
[ep 067] val_sel AUC=0.8611 acc=0.7241
[ep 068] val_sel AUC=0.8677 acc=0.7198
[ep 069] val_sel AUC=0.8624 acc=0.7160
[ep 070] val_sel AUC=0.8705 acc=0.7011
[ep 071] val_sel AUC=0.8632 acc=0.7080
[ep 072] val_sel AUC=0.8471 acc=0.6572
[ep 073] val_sel AUC=0.8738 acc=0.7232
[ep 074] val_sel AUC=0.8527 acc=0.6785
[ep 075] val_sel AUC=0.8495 acc=0.6968
[ep 076] val_sel AUC=0.8740 acc=0.7248
[ep 077] val_sel AUC=0.8800 acc=0.7438
[ep 078] val_sel AUC=0.8787 acc=0.7447
[ep 079] val_sel AUC=0.8773 acc=0.7429
[ep 080] val_sel AUC=0.8786 acc=0.7431
[ep 081] val_sel AUC=0.8747 acc=0.7313
[ep 082] val_sel AUC=0.8796 acc=0.7487
[ep 083] val_sel AUC=0.8800 acc=0.7496
[ep 084] val_sel AUC=0.8774 acc=0.7458
[ep 085] val_sel AUC=0.8794 acc=0.7530
[ep 086] val_sel AUC=0.8764 acc=0.7463
[ep 087] val_sel AUC=0.8806 acc=0.7539
[ep 088] val_sel AUC=0.8787 acc=0.7534
[ep 089] val_sel AUC=0.8772 acc=0.7476
[ep 090] val_sel AUC=0.8775 acc=0.7521
[ep 091] val_sel AUC=0.8776 acc=0.7496
[ep 092] val_sel AUC=0.8778 acc=0.7503
[ep 093] val_sel AUC=0.8775 acc=0.7518
[ep 094] val_sel AUC=0.8772 acc=0.7505
[ep 095] val_sel AUC=0.8771 acc=0.7498
[ep 096] val_sel AUC=0.8771 acc=0.7489
============================================================
TEST (best val_sel epoch, held-out, evaluated once)
============================================================
[DONE-QPE2] embed=dctfix model_III N=100 seed=46 test_AUC=0.8843 val_sel_AUC=0.8806 per_class=(axion=0.9178 cdm=0.7799 no_sub=0.9552) params=203460 embed_params=1 R_frob_drift=None
