[INFO] QPE2 D=64 P=8 depth=4 | embed=dctfix | data=model_II N/class=100 seed=46 split_seed=0 | params=203460 embed_params=1 lr=0.001 epochs=96 bs=32 | train(300, 64, 64) val_sel(4455, 64, 64) test(4455, 64, 64) device=cuda
[ep 001] val_sel AUC=0.5283 acc=0.3291
[ep 002] val_sel AUC=0.5089 acc=0.3237
[ep 003] val_sel AUC=0.5117 acc=0.3291
[ep 004] val_sel AUC=0.5090 acc=0.3473
[ep 005] val_sel AUC=0.5120 acc=0.3237
[ep 006] val_sel AUC=0.5131 acc=0.3237
[ep 007] val_sel AUC=0.5148 acc=0.3473
[ep 008] val_sel AUC=0.5159 acc=0.3473
[ep 009] val_sel AUC=0.5175 acc=0.3237
[ep 010] val_sel AUC=0.5169 acc=0.3473
[ep 011] val_sel AUC=0.5176 acc=0.3237
[ep 012] val_sel AUC=0.5163 acc=0.3291
[ep 013] val_sel AUC=0.5160 acc=0.3531
[ep 014] val_sel AUC=0.5192 acc=0.3412
[ep 015] val_sel AUC=0.5204 acc=0.3419
[ep 016] val_sel AUC=0.5203 acc=0.3235
[ep 017] val_sel AUC=0.5192 acc=0.3488
[ep 018] val_sel AUC=0.5206 acc=0.3428
[ep 019] val_sel AUC=0.5206 acc=0.3324
[ep 020] val_sel AUC=0.5204 acc=0.3502
[ep 021] val_sel AUC=0.5205 acc=0.3448
[ep 022] val_sel AUC=0.5210 acc=0.3450
[ep 023] val_sel AUC=0.5210 acc=0.3450
[ep 024] val_sel AUC=0.5208 acc=0.3484
[ep 025] val_sel AUC=0.5209 acc=0.3450
[ep 026] val_sel AUC=0.5208 acc=0.3479
[ep 027] val_sel AUC=0.5207 acc=0.3508
[ep 028] val_sel AUC=0.5206 acc=0.3515
[ep 029] val_sel AUC=0.5207 acc=0.3473
[ep 030] val_sel AUC=0.5207 acc=0.3479
[ep 031] val_sel AUC=0.5207 acc=0.3473
[ep 032] val_sel AUC=0.5207 acc=0.3473
[ep 033] val_sel AUC=0.5208 acc=0.3484
[ep 034] val_sel AUC=0.5207 acc=0.3421
[ep 035] val_sel AUC=0.5202 acc=0.3513
[ep 036] val_sel AUC=0.5201 acc=0.3486
[ep 037] val_sel AUC=0.5199 acc=0.3365
[ep 038] val_sel AUC=0.5192 acc=0.3443
[ep 039] val_sel AUC=0.5200 acc=0.3302
[ep 040] val_sel AUC=0.5186 acc=0.3452
[ep 041] val_sel AUC=0.5210 acc=0.3369
[ep 042] val_sel AUC=0.5242 acc=0.3291
[ep 043] val_sel AUC=0.5353 acc=0.3336
[ep 044] val_sel AUC=0.5419 acc=0.3470
[ep 045] val_sel AUC=0.5505 acc=0.3820
[ep 046] val_sel AUC=0.5639 acc=0.3798
[ep 047] val_sel AUC=0.5601 acc=0.3993
[ep 048] val_sel AUC=0.5768 acc=0.4018
[ep 049] val_sel AUC=0.5849 acc=0.3926
[ep 050] val_sel AUC=0.6101 acc=0.4215
[ep 051] val_sel AUC=0.6107 acc=0.4099
[ep 052] val_sel AUC=0.6249 acc=0.4402
[ep 053] val_sel AUC=0.6206 acc=0.4352
[ep 054] val_sel AUC=0.5753 acc=0.3605
[ep 055] val_sel AUC=0.6150 acc=0.4186
[ep 056] val_sel AUC=0.6506 acc=0.4655
[ep 057] val_sel AUC=0.6456 acc=0.4492
[ep 058] val_sel AUC=0.6385 acc=0.3912
[ep 059] val_sel AUC=0.6597 acc=0.4025
[ep 060] val_sel AUC=0.6350 acc=0.4081
[ep 061] val_sel AUC=0.6959 acc=0.4851
[ep 062] val_sel AUC=0.6888 acc=0.5084
[ep 063] val_sel AUC=0.7581 acc=0.5809
[ep 064] val_sel AUC=0.7479 acc=0.5455
[ep 065] val_sel AUC=0.7585 acc=0.5634
[ep 066] val_sel AUC=0.7920 acc=0.6049
[ep 067] val_sel AUC=0.8115 acc=0.6236
[ep 068] val_sel AUC=0.7896 acc=0.5993
[ep 069] val_sel AUC=0.8086 acc=0.6141
[ep 070] val_sel AUC=0.8359 acc=0.6483
[ep 071] val_sel AUC=0.8151 acc=0.6361
[ep 072] val_sel AUC=0.7380 acc=0.5021
[ep 073] val_sel AUC=0.7183 acc=0.4927
[ep 074] val_sel AUC=0.8135 acc=0.6135
[ep 075] val_sel AUC=0.8291 acc=0.6552
[ep 076] val_sel AUC=0.8428 acc=0.6631
[ep 077] val_sel AUC=0.8519 acc=0.6958
[ep 078] val_sel AUC=0.8498 acc=0.7010
[ep 079] val_sel AUC=0.8616 acc=0.7046
[ep 080] val_sel AUC=0.8646 acc=0.7104
[ep 081] val_sel AUC=0.8581 acc=0.6846
[ep 082] val_sel AUC=0.8631 acc=0.7143
[ep 083] val_sel AUC=0.8685 acc=0.7232
[ep 084] val_sel AUC=0.8737 acc=0.7232
[ep 085] val_sel AUC=0.8673 acc=0.7163
[ep 086] val_sel AUC=0.8699 acc=0.7208
[ep 087] val_sel AUC=0.8706 acc=0.7221
[ep 088] val_sel AUC=0.8723 acc=0.7239
[ep 089] val_sel AUC=0.8724 acc=0.7262
[ep 090] val_sel AUC=0.8698 acc=0.7244
[ep 091] val_sel AUC=0.8691 acc=0.7232
[ep 092] val_sel AUC=0.8698 acc=0.7241
[ep 093] val_sel AUC=0.8692 acc=0.7248
[ep 094] val_sel AUC=0.8703 acc=0.7264
[ep 095] val_sel AUC=0.8702 acc=0.7266
[ep 096] val_sel AUC=0.8701 acc=0.7266
============================================================
TEST (best val_sel epoch, held-out, evaluated once)
============================================================
[DONE-QPE2] embed=dctfix model_II N=100 seed=46 test_AUC=0.8833 val_sel_AUC=0.8737 per_class=(axion=0.9168 cdm=0.7832 no_sub=0.9499) params=203460 embed_params=1 R_frob_drift=None
