[INFO] QPE2 D=64 P=8 depth=4 | embed=dctfix | data=model_II N/class=250 seed=55 split_seed=0 | params=203460 embed_params=1 lr=0.001 epochs=96 bs=32 | train(750, 64, 64) val_sel(4455, 64, 64) test(4455, 64, 64) device=cuda
[ep 001] val_sel AUC=0.5200 acc=0.3237
[ep 002] val_sel AUC=0.5430 acc=0.3239
[ep 003] val_sel AUC=0.5569 acc=0.3291
[ep 004] val_sel AUC=0.5605 acc=0.3291
[ep 005] val_sel AUC=0.5526 acc=0.3473
[ep 006] val_sel AUC=0.5417 acc=0.3237
[ep 007] val_sel AUC=0.5261 acc=0.3327
[ep 008] val_sel AUC=0.5271 acc=0.3376
[ep 009] val_sel AUC=0.5312 acc=0.3351
[ep 010] val_sel AUC=0.5405 acc=0.3473
[ep 011] val_sel AUC=0.5214 acc=0.3473
[ep 012] val_sel AUC=0.5353 acc=0.3556
[ep 013] val_sel AUC=0.5351 acc=0.3605
[ep 014] val_sel AUC=0.5537 acc=0.3780
[ep 015] val_sel AUC=0.5225 acc=0.3371
[ep 016] val_sel AUC=0.5324 acc=0.3446
[ep 017] val_sel AUC=0.5622 acc=0.3771
[ep 018] val_sel AUC=0.5950 acc=0.3906
[ep 019] val_sel AUC=0.6012 acc=0.4519
[ep 020] val_sel AUC=0.6302 acc=0.4211
[ep 021] val_sel AUC=0.6860 acc=0.4896
[ep 022] val_sel AUC=0.7246 acc=0.4992
[ep 023] val_sel AUC=0.7537 acc=0.5715
[ep 024] val_sel AUC=0.7569 acc=0.5282
[ep 025] val_sel AUC=0.8141 acc=0.6316
[ep 026] val_sel AUC=0.8330 acc=0.6498
[ep 027] val_sel AUC=0.8483 acc=0.6848
[ep 028] val_sel AUC=0.8475 acc=0.6813
[ep 029] val_sel AUC=0.8555 acc=0.6945
[ep 030] val_sel AUC=0.8564 acc=0.6985
[ep 031] val_sel AUC=0.8580 acc=0.6965
[ep 032] val_sel AUC=0.8581 acc=0.6979
[ep 033] val_sel AUC=0.7274 acc=0.5363
[ep 034] val_sel AUC=0.8287 acc=0.6435
[ep 035] val_sel AUC=0.8278 acc=0.6471
[ep 036] val_sel AUC=0.7342 acc=0.4736
[ep 037] val_sel AUC=0.7992 acc=0.6123
[ep 038] val_sel AUC=0.8423 acc=0.6857
[ep 039] val_sel AUC=0.8370 acc=0.6406
[ep 040] val_sel AUC=0.8773 acc=0.7169
[ep 041] val_sel AUC=0.8497 acc=0.6738
[ep 042] val_sel AUC=0.8644 acc=0.7174
[ep 043] val_sel AUC=0.8573 acc=0.7059
[ep 044] val_sel AUC=0.8935 acc=0.7668
[ep 045] val_sel AUC=0.8696 acc=0.6799
[ep 046] val_sel AUC=0.8977 acc=0.7621
[ep 047] val_sel AUC=0.8582 acc=0.6985
[ep 048] val_sel AUC=0.8736 acc=0.6797
[ep 049] val_sel AUC=0.8790 acc=0.7089
[ep 050] val_sel AUC=0.8954 acc=0.7394
[ep 051] val_sel AUC=0.8910 acc=0.7488
[ep 052] val_sel AUC=0.8854 acc=0.7257
[ep 053] val_sel AUC=0.9010 acc=0.7122
[ep 054] val_sel AUC=0.9050 acc=0.7600
[ep 055] val_sel AUC=0.9065 acc=0.7740
[ep 056] val_sel AUC=0.9026 acc=0.7508
[ep 057] val_sel AUC=0.8936 acc=0.7589
[ep 058] val_sel AUC=0.8960 acc=0.7578
[ep 059] val_sel AUC=0.8945 acc=0.7675
[ep 060] val_sel AUC=0.9040 acc=0.7726
[ep 061] val_sel AUC=0.9114 acc=0.7699
[ep 062] val_sel AUC=0.9033 acc=0.7450
[ep 063] val_sel AUC=0.8806 acc=0.6673
[ep 064] val_sel AUC=0.9110 acc=0.7881
[ep 065] val_sel AUC=0.9199 acc=0.8083
[ep 066] val_sel AUC=0.8833 acc=0.7468
[ep 067] val_sel AUC=0.9183 acc=0.8099
[ep 068] val_sel AUC=0.9152 acc=0.8065
[ep 069] val_sel AUC=0.9181 acc=0.7946
[ep 070] val_sel AUC=0.9157 acc=0.8036
[ep 071] val_sel AUC=0.9165 acc=0.7921
[ep 072] val_sel AUC=0.9089 acc=0.7771
[ep 073] val_sel AUC=0.9215 acc=0.8137
[ep 074] val_sel AUC=0.9169 acc=0.7928
[ep 075] val_sel AUC=0.9223 acc=0.8009
[ep 076] val_sel AUC=0.9207 acc=0.8083
[ep 077] val_sel AUC=0.9208 acc=0.8126
[ep 078] val_sel AUC=0.9266 acc=0.8265
[ep 079] val_sel AUC=0.9230 acc=0.8101
[ep 080] val_sel AUC=0.9242 acc=0.8213
[ep 081] val_sel AUC=0.9255 acc=0.8292
[ep 082] val_sel AUC=0.9253 acc=0.8281
[ep 083] val_sel AUC=0.9277 acc=0.8377
[ep 084] val_sel AUC=0.9216 acc=0.8272
[ep 085] val_sel AUC=0.9277 acc=0.8245
[ep 086] val_sel AUC=0.9255 acc=0.8265
[ep 087] val_sel AUC=0.9267 acc=0.8328
[ep 088] val_sel AUC=0.9256 acc=0.8337
[ep 089] val_sel AUC=0.9268 acc=0.8325
[ep 090] val_sel AUC=0.9248 acc=0.8337
[ep 091] val_sel AUC=0.9256 acc=0.8337
[ep 092] val_sel AUC=0.9254 acc=0.8328
[ep 093] val_sel AUC=0.9254 acc=0.8330
[ep 094] val_sel AUC=0.9250 acc=0.8337
[ep 095] val_sel AUC=0.9249 acc=0.8339
[ep 096] val_sel AUC=0.9249 acc=0.8341
============================================================
TEST (best val_sel epoch, held-out, evaluated once)
============================================================
[DONE-QPE2] embed=dctfix model_II N=250 seed=55 test_AUC=0.9341 val_sel_AUC=0.9277 per_class=(axion=0.9408 cdm=0.8762 no_sub=0.9854) params=203460 embed_params=1 R_frob_drift=None
