[INFO] QPE2 D=64 P=8 depth=4 | embed=dctfix | data=model_II N/class=250 seed=56 split_seed=0 | params=203460 embed_params=1 lr=0.001 epochs=96 bs=32 | train(750, 64, 64) val_sel(4455, 64, 64) test(4455, 64, 64) device=cuda
[ep 001] val_sel AUC=0.5527 acc=0.3473
[ep 002] val_sel AUC=0.5542 acc=0.3473
[ep 003] val_sel AUC=0.5528 acc=0.3511
[ep 004] val_sel AUC=0.5544 acc=0.3473
[ep 005] val_sel AUC=0.5507 acc=0.3237
[ep 006] val_sel AUC=0.5471 acc=0.3473
[ep 007] val_sel AUC=0.5399 acc=0.3473
[ep 008] val_sel AUC=0.5315 acc=0.3549
[ep 009] val_sel AUC=0.5315 acc=0.3473
[ep 010] val_sel AUC=0.5330 acc=0.3488
[ep 011] val_sel AUC=0.5304 acc=0.3237
[ep 012] val_sel AUC=0.5271 acc=0.3473
[ep 013] val_sel AUC=0.5316 acc=0.3237
[ep 014] val_sel AUC=0.5267 acc=0.3473
[ep 015] val_sel AUC=0.5325 acc=0.3481
[ep 016] val_sel AUC=0.5553 acc=0.3612
[ep 017] val_sel AUC=0.5997 acc=0.3585
[ep 018] val_sel AUC=0.6196 acc=0.3859
[ep 019] val_sel AUC=0.7121 acc=0.5277
[ep 020] val_sel AUC=0.7366 acc=0.5389
[ep 021] val_sel AUC=0.7811 acc=0.5890
[ep 022] val_sel AUC=0.7795 acc=0.5675
[ep 023] val_sel AUC=0.7797 acc=0.5807
[ep 024] val_sel AUC=0.8184 acc=0.6357
[ep 025] val_sel AUC=0.8307 acc=0.6503
[ep 026] val_sel AUC=0.8397 acc=0.6536
[ep 027] val_sel AUC=0.8472 acc=0.6864
[ep 028] val_sel AUC=0.8618 acc=0.6947
[ep 029] val_sel AUC=0.8691 acc=0.7131
[ep 030] val_sel AUC=0.8721 acc=0.7147
[ep 031] val_sel AUC=0.8727 acc=0.7172
[ep 032] val_sel AUC=0.8733 acc=0.7185
[ep 033] val_sel AUC=0.8354 acc=0.6209
[ep 034] val_sel AUC=0.8077 acc=0.5957
[ep 035] val_sel AUC=0.8589 acc=0.7012
[ep 036] val_sel AUC=0.8282 acc=0.6153
[ep 037] val_sel AUC=0.7962 acc=0.5042
[ep 038] val_sel AUC=0.8239 acc=0.6631
[ep 039] val_sel AUC=0.8858 acc=0.7264
[ep 040] val_sel AUC=0.8532 acc=0.6880
[ep 041] val_sel AUC=0.8640 acc=0.6866
[ep 042] val_sel AUC=0.8600 acc=0.6792
[ep 043] val_sel AUC=0.8900 acc=0.7396
[ep 044] val_sel AUC=0.8435 acc=0.6409
[ep 045] val_sel AUC=0.8872 acc=0.7360
[ep 046] val_sel AUC=0.8808 acc=0.7419
[ep 047] val_sel AUC=0.8035 acc=0.4891
[ep 048] val_sel AUC=0.8800 acc=0.7187
[ep 049] val_sel AUC=0.8980 acc=0.7767
[ep 050] val_sel AUC=0.8568 acc=0.7091
[ep 051] val_sel AUC=0.8575 acc=0.6478
[ep 052] val_sel AUC=0.8782 acc=0.7239
[ep 053] val_sel AUC=0.9063 acc=0.7915
[ep 054] val_sel AUC=0.8820 acc=0.7127
[ep 055] val_sel AUC=0.9049 acc=0.7605
[ep 056] val_sel AUC=0.8789 acc=0.7257
[ep 057] val_sel AUC=0.9020 acc=0.7506
[ep 058] val_sel AUC=0.8907 acc=0.7430
[ep 059] val_sel AUC=0.9055 acc=0.7787
[ep 060] val_sel AUC=0.9173 acc=0.8045
[ep 061] val_sel AUC=0.8945 acc=0.7697
[ep 062] val_sel AUC=0.9111 acc=0.7832
[ep 063] val_sel AUC=0.9004 acc=0.7668
[ep 064] val_sel AUC=0.9055 acc=0.7993
[ep 065] val_sel AUC=0.9156 acc=0.8233
[ep 066] val_sel AUC=0.9098 acc=0.8038
[ep 067] val_sel AUC=0.9146 acc=0.7966
[ep 068] val_sel AUC=0.9177 acc=0.8184
[ep 069] val_sel AUC=0.9197 acc=0.8126
[ep 070] val_sel AUC=0.9258 acc=0.8433
[ep 071] val_sel AUC=0.9178 acc=0.8209
[ep 072] val_sel AUC=0.9269 acc=0.8355
[ep 073] val_sel AUC=0.9081 acc=0.8067
[ep 074] val_sel AUC=0.8972 acc=0.7591
[ep 075] val_sel AUC=0.9265 acc=0.8198
[ep 076] val_sel AUC=0.9160 acc=0.7975
[ep 077] val_sel AUC=0.9241 acc=0.8182
[ep 078] val_sel AUC=0.9198 acc=0.8272
[ep 079] val_sel AUC=0.9221 acc=0.8153
[ep 080] val_sel AUC=0.9235 acc=0.8186
[ep 081] val_sel AUC=0.9304 acc=0.8429
[ep 082] val_sel AUC=0.9302 acc=0.8368
[ep 083] val_sel AUC=0.9259 acc=0.8406
[ep 084] val_sel AUC=0.9256 acc=0.8285
[ep 085] val_sel AUC=0.9259 acc=0.8343
[ep 086] val_sel AUC=0.9202 acc=0.8281
[ep 087] val_sel AUC=0.9246 acc=0.8332
[ep 088] val_sel AUC=0.9271 acc=0.8438
[ep 089] val_sel AUC=0.9255 acc=0.8368
[ep 090] val_sel AUC=0.9260 acc=0.8447
[ep 091] val_sel AUC=0.9249 acc=0.8375
[ep 092] val_sel AUC=0.9244 acc=0.8411
[ep 093] val_sel AUC=0.9241 acc=0.8379
[ep 094] val_sel AUC=0.9243 acc=0.8393
[ep 095] val_sel AUC=0.9244 acc=0.8388
[ep 096] val_sel AUC=0.9243 acc=0.8386
============================================================
TEST (best val_sel epoch, held-out, evaluated once)
============================================================
[DONE-QPE2] embed=dctfix model_II N=250 seed=56 test_AUC=0.9338 val_sel_AUC=0.9304 per_class=(axion=0.9393 cdm=0.8792 no_sub=0.9828) params=203460 embed_params=1 R_frob_drift=None
