[INFO] QPE2 D=64 P=8 depth=4 | embed=dctfix | data=model_III N/class=250 seed=51 split_seed=0 | params=203460 embed_params=1 lr=0.001 epochs=96 bs=32 | train(750, 64, 64) val_sel(4469, 64, 64) test(4470, 64, 64) device=cuda
[ep 001] val_sel AUC=0.4935 acc=0.3433
[ep 002] val_sel AUC=0.5351 acc=0.3285
[ep 003] val_sel AUC=0.5434 acc=0.3433
[ep 004] val_sel AUC=0.5537 acc=0.3433
[ep 005] val_sel AUC=0.5614 acc=0.3433
[ep 006] val_sel AUC=0.5610 acc=0.3433
[ep 007] val_sel AUC=0.5501 acc=0.3491
[ep 008] val_sel AUC=0.5422 acc=0.3285
[ep 009] val_sel AUC=0.5326 acc=0.3591
[ep 010] val_sel AUC=0.5277 acc=0.3379
[ep 011] val_sel AUC=0.5334 acc=0.3538
[ep 012] val_sel AUC=0.5538 acc=0.3348
[ep 013] val_sel AUC=0.5779 acc=0.3636
[ep 014] val_sel AUC=0.5927 acc=0.3585
[ep 015] val_sel AUC=0.6130 acc=0.3902
[ep 016] val_sel AUC=0.6198 acc=0.3876
[ep 017] val_sel AUC=0.6664 acc=0.4670
[ep 018] val_sel AUC=0.6970 acc=0.5158
[ep 019] val_sel AUC=0.7404 acc=0.5066
[ep 020] val_sel AUC=0.7789 acc=0.5789
[ep 021] val_sel AUC=0.7813 acc=0.5990
[ep 022] val_sel AUC=0.8145 acc=0.6214
[ep 023] val_sel AUC=0.8442 acc=0.6751
[ep 024] val_sel AUC=0.8532 acc=0.6695
[ep 025] val_sel AUC=0.8471 acc=0.6554
[ep 026] val_sel AUC=0.8897 acc=0.7483
[ep 027] val_sel AUC=0.8914 acc=0.7512
[ep 028] val_sel AUC=0.8986 acc=0.7588
[ep 029] val_sel AUC=0.9017 acc=0.7785
[ep 030] val_sel AUC=0.9038 acc=0.7827
[ep 031] val_sel AUC=0.9041 acc=0.7807
[ep 032] val_sel AUC=0.9044 acc=0.7814
[ep 033] val_sel AUC=0.7036 acc=0.5180
[ep 034] val_sel AUC=0.7927 acc=0.5724
[ep 035] val_sel AUC=0.7515 acc=0.5256
[ep 036] val_sel AUC=0.8380 acc=0.6225
[ep 037] val_sel AUC=0.8368 acc=0.6523
[ep 038] val_sel AUC=0.8072 acc=0.5986
[ep 039] val_sel AUC=0.8469 acc=0.6438
[ep 040] val_sel AUC=0.8755 acc=0.7169
[ep 041] val_sel AUC=0.8631 acc=0.6802
[ep 042] val_sel AUC=0.8914 acc=0.7550
[ep 043] val_sel AUC=0.8981 acc=0.7595
[ep 044] val_sel AUC=0.8962 acc=0.7427
[ep 045] val_sel AUC=0.9121 acc=0.7633
[ep 046] val_sel AUC=0.8559 acc=0.7019
[ep 047] val_sel AUC=0.9141 acc=0.7841
[ep 048] val_sel AUC=0.9095 acc=0.7850
[ep 049] val_sel AUC=0.8872 acc=0.7389
[ep 050] val_sel AUC=0.9004 acc=0.7646
[ep 051] val_sel AUC=0.9115 acc=0.7601
[ep 052] val_sel AUC=0.9056 acc=0.7543
[ep 053] val_sel AUC=0.9229 acc=0.8080
[ep 054] val_sel AUC=0.8709 acc=0.7532
[ep 055] val_sel AUC=0.8972 acc=0.7169
[ep 056] val_sel AUC=0.9176 acc=0.7935
[ep 057] val_sel AUC=0.9303 acc=0.8235
[ep 058] val_sel AUC=0.9263 acc=0.8259
[ep 059] val_sel AUC=0.9196 acc=0.8013
[ep 060] val_sel AUC=0.9261 acc=0.7964
[ep 061] val_sel AUC=0.9234 acc=0.8100
[ep 062] val_sel AUC=0.9200 acc=0.7722
[ep 063] val_sel AUC=0.9365 acc=0.8487
[ep 064] val_sel AUC=0.9127 acc=0.7865
[ep 065] val_sel AUC=0.9376 acc=0.8371
[ep 066] val_sel AUC=0.9302 acc=0.8266
[ep 067] val_sel AUC=0.9389 acc=0.8516
[ep 068] val_sel AUC=0.9387 acc=0.8335
[ep 069] val_sel AUC=0.9378 acc=0.8217
[ep 070] val_sel AUC=0.9345 acc=0.8311
[ep 071] val_sel AUC=0.9367 acc=0.8344
[ep 072] val_sel AUC=0.9292 acc=0.8129
[ep 073] val_sel AUC=0.9414 acc=0.8391
[ep 074] val_sel AUC=0.9367 acc=0.8268
[ep 075] val_sel AUC=0.9413 acc=0.8429
[ep 076] val_sel AUC=0.9324 acc=0.8172
[ep 077] val_sel AUC=0.9412 acc=0.8454
[ep 078] val_sel AUC=0.9425 acc=0.8422
[ep 079] val_sel AUC=0.9424 acc=0.8499
[ep 080] val_sel AUC=0.9433 acc=0.8505
[ep 081] val_sel AUC=0.9354 acc=0.8091
[ep 082] val_sel AUC=0.9425 acc=0.8384
[ep 083] val_sel AUC=0.9437 acc=0.8537
[ep 084] val_sel AUC=0.9424 acc=0.8472
[ep 085] val_sel AUC=0.9436 acc=0.8543
[ep 086] val_sel AUC=0.9436 acc=0.8559
[ep 087] val_sel AUC=0.9432 acc=0.8528
[ep 088] val_sel AUC=0.9420 acc=0.8519
[ep 089] val_sel AUC=0.9429 acc=0.8554
[ep 090] val_sel AUC=0.9429 acc=0.8568
[ep 091] val_sel AUC=0.9433 acc=0.8541
[ep 092] val_sel AUC=0.9434 acc=0.8552
[ep 093] val_sel AUC=0.9433 acc=0.8554
[ep 094] val_sel AUC=0.9433 acc=0.8557
[ep 095] val_sel AUC=0.9432 acc=0.8557
[ep 096] val_sel AUC=0.9432 acc=0.8552
============================================================
TEST (best val_sel epoch, held-out, evaluated once)
============================================================
[DONE-QPE2] embed=dctfix model_III N=250 seed=51 test_AUC=0.9366 val_sel_AUC=0.9437 per_class=(axion=0.9428 cdm=0.8847 no_sub=0.9824) params=203460 embed_params=1 R_frob_drift=None
