[INFO] QPE2 D=64 P=8 depth=4 | embed=dctfix | data=model_III N/class=100 seed=61 split_seed=0 | params=203460 embed_params=1 lr=0.001 epochs=96 bs=32 | train(300, 64, 64) val_sel(4469, 64, 64) test(4470, 64, 64) device=cuda
[ep 001] val_sel AUC=0.4869 acc=0.3285
[ep 002] val_sel AUC=0.5140 acc=0.3283
[ep 003] val_sel AUC=0.5252 acc=0.3285
[ep 004] val_sel AUC=0.5240 acc=0.3433
[ep 005] val_sel AUC=0.5175 acc=0.3343
[ep 006] val_sel AUC=0.5136 acc=0.3433
[ep 007] val_sel AUC=0.5085 acc=0.3283
[ep 008] val_sel AUC=0.5035 acc=0.3381
[ep 009] val_sel AUC=0.5049 acc=0.3316
[ep 010] val_sel AUC=0.5068 acc=0.3430
[ep 011] val_sel AUC=0.5105 acc=0.3473
[ep 012] val_sel AUC=0.5178 acc=0.3341
[ep 013] val_sel AUC=0.5253 acc=0.3350
[ep 014] val_sel AUC=0.5274 acc=0.3296
[ep 015] val_sel AUC=0.5324 acc=0.3368
[ep 016] val_sel AUC=0.5408 acc=0.3466
[ep 017] val_sel AUC=0.5521 acc=0.3441
[ep 018] val_sel AUC=0.5673 acc=0.3775
[ep 019] val_sel AUC=0.5792 acc=0.3952
[ep 020] val_sel AUC=0.6473 acc=0.4352
[ep 021] val_sel AUC=0.6751 acc=0.4898
[ep 022] val_sel AUC=0.7100 acc=0.5082
[ep 023] val_sel AUC=0.7320 acc=0.4959
[ep 024] val_sel AUC=0.7133 acc=0.4733
[ep 025] val_sel AUC=0.7691 acc=0.5878
[ep 026] val_sel AUC=0.7842 acc=0.6127
[ep 027] val_sel AUC=0.7909 acc=0.6091
[ep 028] val_sel AUC=0.8052 acc=0.6326
[ep 029] val_sel AUC=0.8113 acc=0.6471
[ep 030] val_sel AUC=0.8148 acc=0.6442
[ep 031] val_sel AUC=0.8150 acc=0.6429
[ep 032] val_sel AUC=0.8155 acc=0.6426
[ep 033] val_sel AUC=0.6437 acc=0.3905
[ep 034] val_sel AUC=0.6178 acc=0.3457
[ep 035] val_sel AUC=0.6093 acc=0.3824
[ep 036] val_sel AUC=0.6138 acc=0.3849
[ep 037] val_sel AUC=0.6296 acc=0.3862
[ep 038] val_sel AUC=0.6759 acc=0.4992
[ep 039] val_sel AUC=0.7092 acc=0.5585
[ep 040] val_sel AUC=0.7468 acc=0.5569
[ep 041] val_sel AUC=0.7870 acc=0.6055
[ep 042] val_sel AUC=0.6702 acc=0.4999
[ep 043] val_sel AUC=0.6803 acc=0.4726
[ep 044] val_sel AUC=0.7293 acc=0.5415
[ep 045] val_sel AUC=0.7535 acc=0.5516
[ep 046] val_sel AUC=0.8024 acc=0.6239
[ep 047] val_sel AUC=0.7699 acc=0.6073
[ep 048] val_sel AUC=0.7914 acc=0.5605
[ep 049] val_sel AUC=0.7606 acc=0.4621
[ep 050] val_sel AUC=0.8187 acc=0.6268
[ep 051] val_sel AUC=0.8476 acc=0.6668
[ep 052] val_sel AUC=0.8429 acc=0.6422
[ep 053] val_sel AUC=0.8001 acc=0.6113
[ep 054] val_sel AUC=0.8268 acc=0.6606
[ep 055] val_sel AUC=0.8579 acc=0.6901
[ep 056] val_sel AUC=0.8729 acc=0.7212
[ep 057] val_sel AUC=0.8774 acc=0.7304
[ep 058] val_sel AUC=0.8699 acc=0.7339
[ep 059] val_sel AUC=0.8639 acc=0.6968
[ep 060] val_sel AUC=0.8745 acc=0.7295
[ep 061] val_sel AUC=0.8824 acc=0.7377
[ep 062] val_sel AUC=0.8913 acc=0.7565
[ep 063] val_sel AUC=0.7919 acc=0.5180
[ep 064] val_sel AUC=0.8435 acc=0.6722
[ep 065] val_sel AUC=0.8737 acc=0.7237
[ep 066] val_sel AUC=0.8766 acc=0.7167
[ep 067] val_sel AUC=0.8733 acc=0.7145
[ep 068] val_sel AUC=0.8451 acc=0.6500
[ep 069] val_sel AUC=0.8933 acc=0.7626
[ep 070] val_sel AUC=0.8814 acc=0.7433
[ep 071] val_sel AUC=0.8945 acc=0.7561
[ep 072] val_sel AUC=0.8796 acc=0.7237
[ep 073] val_sel AUC=0.8715 acc=0.7120
[ep 074] val_sel AUC=0.8787 acc=0.7492
[ep 075] val_sel AUC=0.8907 acc=0.7427
[ep 076] val_sel AUC=0.8918 acc=0.7530
[ep 077] val_sel AUC=0.8898 acc=0.7512
[ep 078] val_sel AUC=0.8901 acc=0.7449
[ep 079] val_sel AUC=0.8928 acc=0.7646
[ep 080] val_sel AUC=0.8923 acc=0.7630
[ep 081] val_sel AUC=0.8931 acc=0.7550
[ep 082] val_sel AUC=0.8931 acc=0.7639
[ep 083] val_sel AUC=0.8928 acc=0.7659
[ep 084] val_sel AUC=0.8897 acc=0.7599
[ep 085] val_sel AUC=0.8900 acc=0.7684
[ep 086] val_sel AUC=0.8892 acc=0.7541
[ep 087] val_sel AUC=0.8923 acc=0.7695
[ep 088] val_sel AUC=0.8914 acc=0.7671
[ep 089] val_sel AUC=0.8904 acc=0.7646
[ep 090] val_sel AUC=0.8915 acc=0.7673
[ep 091] val_sel AUC=0.8911 acc=0.7648
[ep 092] val_sel AUC=0.8919 acc=0.7659
[ep 093] val_sel AUC=0.8919 acc=0.7657
[ep 094] val_sel AUC=0.8920 acc=0.7664
[ep 095] val_sel AUC=0.8919 acc=0.7664
[ep 096] val_sel AUC=0.8918 acc=0.7666
============================================================
TEST (best val_sel epoch, held-out, evaluated once)
============================================================
[DONE-QPE2] embed=dctfix model_III N=100 seed=61 test_AUC=0.8933 val_sel_AUC=0.8945 per_class=(axion=0.9268 cdm=0.7984 no_sub=0.9547) params=203460 embed_params=1 R_frob_drift=None
