[INFO] QPE2 D=64 P=8 depth=4 | embed=dctfix | data=model_III N/class=100 seed=47 split_seed=0 | params=203460 embed_params=1 lr=0.001 epochs=96 bs=32 | train(300, 64, 64) val_sel(4469, 64, 64) test(4470, 64, 64) device=cuda
[ep 001] val_sel AUC=0.5396 acc=0.3283
[ep 002] val_sel AUC=0.5299 acc=0.3285
[ep 003] val_sel AUC=0.5379 acc=0.3433
[ep 004] val_sel AUC=0.5427 acc=0.3285
[ep 005] val_sel AUC=0.5459 acc=0.3433
[ep 006] val_sel AUC=0.5503 acc=0.3283
[ep 007] val_sel AUC=0.5582 acc=0.3285
[ep 008] val_sel AUC=0.5661 acc=0.3672
[ep 009] val_sel AUC=0.5716 acc=0.3433
[ep 010] val_sel AUC=0.5736 acc=0.3283
[ep 011] val_sel AUC=0.5752 acc=0.3285
[ep 012] val_sel AUC=0.5729 acc=0.3433
[ep 013] val_sel AUC=0.5753 acc=0.3285
[ep 014] val_sel AUC=0.5736 acc=0.3283
[ep 015] val_sel AUC=0.5718 acc=0.3433
[ep 016] val_sel AUC=0.5715 acc=0.3433
[ep 017] val_sel AUC=0.5726 acc=0.3453
[ep 018] val_sel AUC=0.5689 acc=0.3399
[ep 019] val_sel AUC=0.5703 acc=0.3350
[ep 020] val_sel AUC=0.5705 acc=0.3433
[ep 021] val_sel AUC=0.5717 acc=0.3450
[ep 022] val_sel AUC=0.5689 acc=0.3538
[ep 023] val_sel AUC=0.5709 acc=0.3681
[ep 024] val_sel AUC=0.5711 acc=0.3773
[ep 025] val_sel AUC=0.5703 acc=0.3867
[ep 026] val_sel AUC=0.5707 acc=0.3800
[ep 027] val_sel AUC=0.5713 acc=0.3753
[ep 028] val_sel AUC=0.5719 acc=0.3759
[ep 029] val_sel AUC=0.5723 acc=0.3775
[ep 030] val_sel AUC=0.5723 acc=0.3748
[ep 031] val_sel AUC=0.5725 acc=0.3759
[ep 032] val_sel AUC=0.5725 acc=0.3759
[ep 033] val_sel AUC=0.5790 acc=0.3860
[ep 034] val_sel AUC=0.6191 acc=0.3889
[ep 035] val_sel AUC=0.6181 acc=0.4205
[ep 036] val_sel AUC=0.6220 acc=0.4187
[ep 037] val_sel AUC=0.6423 acc=0.4225
[ep 038] val_sel AUC=0.6757 acc=0.5048
[ep 039] val_sel AUC=0.7339 acc=0.5160
[ep 040] val_sel AUC=0.7528 acc=0.5650
[ep 041] val_sel AUC=0.7473 acc=0.5558
[ep 042] val_sel AUC=0.7670 acc=0.5057
[ep 043] val_sel AUC=0.7694 acc=0.5858
[ep 044] val_sel AUC=0.7560 acc=0.5545
[ep 045] val_sel AUC=0.7943 acc=0.6227
[ep 046] val_sel AUC=0.8021 acc=0.6048
[ep 047] val_sel AUC=0.7955 acc=0.5829
[ep 048] val_sel AUC=0.7931 acc=0.6124
[ep 049] val_sel AUC=0.8117 acc=0.6411
[ep 050] val_sel AUC=0.8184 acc=0.6411
[ep 051] val_sel AUC=0.8039 acc=0.5710
[ep 052] val_sel AUC=0.7579 acc=0.5408
[ep 053] val_sel AUC=0.8111 acc=0.5881
[ep 054] val_sel AUC=0.8180 acc=0.6491
[ep 055] val_sel AUC=0.8379 acc=0.6769
[ep 056] val_sel AUC=0.8603 acc=0.7026
[ep 057] val_sel AUC=0.8577 acc=0.6928
[ep 058] val_sel AUC=0.8615 acc=0.7069
[ep 059] val_sel AUC=0.8640 acc=0.6840
[ep 060] val_sel AUC=0.8644 acc=0.7149
[ep 061] val_sel AUC=0.8514 acc=0.6668
[ep 062] val_sel AUC=0.8664 acc=0.7104
[ep 063] val_sel AUC=0.8564 acc=0.6887
[ep 064] val_sel AUC=0.8646 acc=0.6970
[ep 065] val_sel AUC=0.8795 acc=0.7214
[ep 066] val_sel AUC=0.8732 acc=0.7275
[ep 067] val_sel AUC=0.8725 acc=0.7375
[ep 068] val_sel AUC=0.8579 acc=0.6881
[ep 069] val_sel AUC=0.8671 acc=0.7339
[ep 070] val_sel AUC=0.8735 acc=0.7286
[ep 071] val_sel AUC=0.8689 acc=0.7402
[ep 072] val_sel AUC=0.8509 acc=0.7049
[ep 073] val_sel AUC=0.8669 acc=0.7398
[ep 074] val_sel AUC=0.8729 acc=0.7480
[ep 075] val_sel AUC=0.8759 acc=0.7550
[ep 076] val_sel AUC=0.8746 acc=0.7474
[ep 077] val_sel AUC=0.8714 acc=0.7518
[ep 078] val_sel AUC=0.8747 acc=0.7539
[ep 079] val_sel AUC=0.8739 acc=0.7514
[ep 080] val_sel AUC=0.8709 acc=0.7545
[ep 081] val_sel AUC=0.8770 acc=0.7653
[ep 082] val_sel AUC=0.8756 acc=0.7592
[ep 083] val_sel AUC=0.8713 acc=0.7565
[ep 084] val_sel AUC=0.8785 acc=0.7650
[ep 085] val_sel AUC=0.8718 acc=0.7586
[ep 086] val_sel AUC=0.8770 acc=0.7612
[ep 087] val_sel AUC=0.8774 acc=0.7630
[ep 088] val_sel AUC=0.8786 acc=0.7650
[ep 089] val_sel AUC=0.8760 acc=0.7606
[ep 090] val_sel AUC=0.8776 acc=0.7637
[ep 091] val_sel AUC=0.8768 acc=0.7617
[ep 092] val_sel AUC=0.8774 acc=0.7633
[ep 093] val_sel AUC=0.8771 acc=0.7628
[ep 094] val_sel AUC=0.8774 acc=0.7637
[ep 095] val_sel AUC=0.8775 acc=0.7639
[ep 096] val_sel AUC=0.8774 acc=0.7639
============================================================
TEST (best val_sel epoch, held-out, evaluated once)
============================================================
[DONE-QPE2] embed=dctfix model_III N=100 seed=47 test_AUC=0.8813 val_sel_AUC=0.8795 per_class=(axion=0.9212 cdm=0.7863 no_sub=0.9364) params=203460 embed_params=1 R_frob_drift=None
