[INFO] QPE2 D=64 P=8 depth=4 | embed=dctfix | data=model_II N/class=250 seed=51 split_seed=0 | params=203460 embed_params=1 lr=0.001 epochs=96 bs=32 | train(750, 64, 64) val_sel(4455, 64, 64) test(4455, 64, 64) device=cuda
[ep 001] val_sel AUC=0.5142 acc=0.3473
[ep 002] val_sel AUC=0.5329 acc=0.3237
[ep 003] val_sel AUC=0.5371 acc=0.3473
[ep 004] val_sel AUC=0.5434 acc=0.3473
[ep 005] val_sel AUC=0.5485 acc=0.3473
[ep 006] val_sel AUC=0.5511 acc=0.3473
[ep 007] val_sel AUC=0.5512 acc=0.3473
[ep 008] val_sel AUC=0.5537 acc=0.3237
[ep 009] val_sel AUC=0.5523 acc=0.3549
[ep 010] val_sel AUC=0.5474 acc=0.3291
[ep 011] val_sel AUC=0.5435 acc=0.3297
[ep 012] val_sel AUC=0.5332 acc=0.3291
[ep 013] val_sel AUC=0.5391 acc=0.3481
[ep 014] val_sel AUC=0.5375 acc=0.3291
[ep 015] val_sel AUC=0.5353 acc=0.3439
[ep 016] val_sel AUC=0.5430 acc=0.3385
[ep 017] val_sel AUC=0.5346 acc=0.3468
[ep 018] val_sel AUC=0.5394 acc=0.3291
[ep 019] val_sel AUC=0.5377 acc=0.3598
[ep 020] val_sel AUC=0.5436 acc=0.3659
[ep 021] val_sel AUC=0.5543 acc=0.3675
[ep 022] val_sel AUC=0.5398 acc=0.3526
[ep 023] val_sel AUC=0.5517 acc=0.3650
[ep 024] val_sel AUC=0.5449 acc=0.3627
[ep 025] val_sel AUC=0.5575 acc=0.3740
[ep 026] val_sel AUC=0.5596 acc=0.3605
[ep 027] val_sel AUC=0.5782 acc=0.4004
[ep 028] val_sel AUC=0.5759 acc=0.3717
[ep 029] val_sel AUC=0.5877 acc=0.3899
[ep 030] val_sel AUC=0.5915 acc=0.3854
[ep 031] val_sel AUC=0.5923 acc=0.3908
[ep 032] val_sel AUC=0.5921 acc=0.3897
[ep 033] val_sel AUC=0.5770 acc=0.3291
[ep 034] val_sel AUC=0.5918 acc=0.3558
[ep 035] val_sel AUC=0.6293 acc=0.4507
[ep 036] val_sel AUC=0.6329 acc=0.3237
[ep 037] val_sel AUC=0.6859 acc=0.5024
[ep 038] val_sel AUC=0.6880 acc=0.4909
[ep 039] val_sel AUC=0.6836 acc=0.4458
[ep 040] val_sel AUC=0.7850 acc=0.5785
[ep 041] val_sel AUC=0.7619 acc=0.5585
[ep 042] val_sel AUC=0.8282 acc=0.6543
[ep 043] val_sel AUC=0.8442 acc=0.6743
[ep 044] val_sel AUC=0.8337 acc=0.6411
[ep 045] val_sel AUC=0.8651 acc=0.7259
[ep 046] val_sel AUC=0.8426 acc=0.6581
[ep 047] val_sel AUC=0.8741 acc=0.7300
[ep 048] val_sel AUC=0.8664 acc=0.6994
[ep 049] val_sel AUC=0.8824 acc=0.7484
[ep 050] val_sel AUC=0.8465 acc=0.6880
[ep 051] val_sel AUC=0.8897 acc=0.7524
[ep 052] val_sel AUC=0.8523 acc=0.6658
[ep 053] val_sel AUC=0.8651 acc=0.6954
[ep 054] val_sel AUC=0.8985 acc=0.7690
[ep 055] val_sel AUC=0.8735 acc=0.7320
[ep 056] val_sel AUC=0.8861 acc=0.7506
[ep 057] val_sel AUC=0.9021 acc=0.7690
[ep 058] val_sel AUC=0.8915 acc=0.7358
[ep 059] val_sel AUC=0.8926 acc=0.7547
[ep 060] val_sel AUC=0.9015 acc=0.7623
[ep 061] val_sel AUC=0.8801 acc=0.7100
[ep 062] val_sel AUC=0.8803 acc=0.7288
[ep 063] val_sel AUC=0.8964 acc=0.7596
[ep 064] val_sel AUC=0.9071 acc=0.7793
[ep 065] val_sel AUC=0.8993 acc=0.7834
[ep 066] val_sel AUC=0.8995 acc=0.7612
[ep 067] val_sel AUC=0.9148 acc=0.8038
[ep 068] val_sel AUC=0.9129 acc=0.7969
[ep 069] val_sel AUC=0.8762 acc=0.6842
[ep 070] val_sel AUC=0.9160 acc=0.8063
[ep 071] val_sel AUC=0.8946 acc=0.7448
[ep 072] val_sel AUC=0.9157 acc=0.8016
[ep 073] val_sel AUC=0.9117 acc=0.7879
[ep 074] val_sel AUC=0.9092 acc=0.7895
[ep 075] val_sel AUC=0.9125 acc=0.7930
[ep 076] val_sel AUC=0.9126 acc=0.7971
[ep 077] val_sel AUC=0.9120 acc=0.7850
[ep 078] val_sel AUC=0.9174 acc=0.8047
[ep 079] val_sel AUC=0.9117 acc=0.7930
[ep 080] val_sel AUC=0.9153 acc=0.8020
[ep 081] val_sel AUC=0.9153 acc=0.8034
[ep 082] val_sel AUC=0.9125 acc=0.7939
[ep 083] val_sel AUC=0.9165 acc=0.8054
[ep 084] val_sel AUC=0.9145 acc=0.8056
[ep 085] val_sel AUC=0.9133 acc=0.8022
[ep 086] val_sel AUC=0.9127 acc=0.8085
[ep 087] val_sel AUC=0.9147 acc=0.8052
[ep 088] val_sel AUC=0.9138 acc=0.8074
[ep 089] val_sel AUC=0.9149 acc=0.8074
[ep 090] val_sel AUC=0.9145 acc=0.8067
[ep 091] val_sel AUC=0.9142 acc=0.8076
[ep 092] val_sel AUC=0.9141 acc=0.8085
[ep 093] val_sel AUC=0.9140 acc=0.8079
[ep 094] val_sel AUC=0.9140 acc=0.8083
[ep 095] val_sel AUC=0.9140 acc=0.8067
[ep 096] val_sel AUC=0.9139 acc=0.8067
============================================================
TEST (best val_sel epoch, held-out, evaluated once)
============================================================
[DONE-QPE2] embed=dctfix model_II N=250 seed=51 test_AUC=0.9190 val_sel_AUC=0.9174 per_class=(axion=0.9288 cdm=0.8547 no_sub=0.9733) params=203460 embed_params=1 R_frob_drift=None
