[INFO] QPE2 D=64 P=8 depth=4 | embed=dctfix | data=model_III N/class=250 seed=44 split_seed=0 | params=203460 embed_params=1 lr=0.001 epochs=96 bs=32 | train(750, 64, 64) val_sel(4469, 64, 64) test(4470, 64, 64) device=cuda
[ep 001] val_sel AUC=0.5483 acc=0.3450
[ep 002] val_sel AUC=0.5654 acc=0.3283
[ep 003] val_sel AUC=0.5709 acc=0.3283
[ep 004] val_sel AUC=0.5757 acc=0.3283
[ep 005] val_sel AUC=0.5890 acc=0.3433
[ep 006] val_sel AUC=0.5836 acc=0.3433
[ep 007] val_sel AUC=0.5754 acc=0.3285
[ep 008] val_sel AUC=0.6083 acc=0.3285
[ep 009] val_sel AUC=0.5965 acc=0.3433
[ep 010] val_sel AUC=0.6648 acc=0.3426
[ep 011] val_sel AUC=0.6753 acc=0.4554
[ep 012] val_sel AUC=0.7851 acc=0.5957
[ep 013] val_sel AUC=0.8529 acc=0.6673
[ep 014] val_sel AUC=0.7949 acc=0.5084
[ep 015] val_sel AUC=0.8249 acc=0.6375
[ep 016] val_sel AUC=0.8680 acc=0.6426
[ep 017] val_sel AUC=0.8317 acc=0.6409
[ep 018] val_sel AUC=0.8852 acc=0.7436
[ep 019] val_sel AUC=0.8977 acc=0.7541
[ep 020] val_sel AUC=0.8832 acc=0.7131
[ep 021] val_sel AUC=0.9082 acc=0.7693
[ep 022] val_sel AUC=0.9236 acc=0.8091
[ep 023] val_sel AUC=0.9170 acc=0.7733
[ep 024] val_sel AUC=0.9151 acc=0.7821
[ep 025] val_sel AUC=0.9215 acc=0.8167
[ep 026] val_sel AUC=0.9287 acc=0.8161
[ep 027] val_sel AUC=0.9289 acc=0.8149
[ep 028] val_sel AUC=0.9342 acc=0.8335
[ep 029] val_sel AUC=0.9346 acc=0.8358
[ep 030] val_sel AUC=0.9335 acc=0.8259
[ep 031] val_sel AUC=0.9353 acc=0.8337
[ep 032] val_sel AUC=0.9351 acc=0.8299
[ep 033] val_sel AUC=0.7420 acc=0.3350
[ep 034] val_sel AUC=0.8171 acc=0.6169
[ep 035] val_sel AUC=0.8750 acc=0.7243
[ep 036] val_sel AUC=0.8821 acc=0.7243
[ep 037] val_sel AUC=0.9030 acc=0.7668
[ep 038] val_sel AUC=0.8370 acc=0.6290
[ep 039] val_sel AUC=0.9053 acc=0.7586
[ep 040] val_sel AUC=0.8908 acc=0.7243
[ep 041] val_sel AUC=0.9174 acc=0.7774
[ep 042] val_sel AUC=0.9099 acc=0.8031
[ep 043] val_sel AUC=0.8859 acc=0.6887
[ep 044] val_sel AUC=0.8868 acc=0.7169
[ep 045] val_sel AUC=0.9170 acc=0.7932
[ep 046] val_sel AUC=0.8714 acc=0.7183
[ep 047] val_sel AUC=0.9133 acc=0.7783
[ep 048] val_sel AUC=0.9227 acc=0.8096
[ep 049] val_sel AUC=0.9294 acc=0.8134
[ep 050] val_sel AUC=0.9196 acc=0.8000
[ep 051] val_sel AUC=0.9258 acc=0.8107
[ep 052] val_sel AUC=0.9175 acc=0.7727
[ep 053] val_sel AUC=0.9228 acc=0.7798
[ep 054] val_sel AUC=0.9172 acc=0.8017
[ep 055] val_sel AUC=0.9169 acc=0.7344
[ep 056] val_sel AUC=0.9258 acc=0.7912
[ep 057] val_sel AUC=0.9193 acc=0.8022
[ep 058] val_sel AUC=0.9119 acc=0.7756
[ep 059] val_sel AUC=0.8973 acc=0.7492
[ep 060] val_sel AUC=0.9289 acc=0.8123
[ep 061] val_sel AUC=0.9353 acc=0.8431
[ep 062] val_sel AUC=0.9287 acc=0.8326
[ep 063] val_sel AUC=0.9298 acc=0.8306
[ep 064] val_sel AUC=0.9301 acc=0.8219
[ep 065] val_sel AUC=0.9353 acc=0.8308
[ep 066] val_sel AUC=0.9384 acc=0.8382
[ep 067] val_sel AUC=0.9193 acc=0.7863
[ep 068] val_sel AUC=0.9345 acc=0.8259
[ep 069] val_sel AUC=0.9209 acc=0.7783
[ep 070] val_sel AUC=0.9360 acc=0.8317
[ep 071] val_sel AUC=0.9419 acc=0.8431
[ep 072] val_sel AUC=0.9429 acc=0.8561
[ep 073] val_sel AUC=0.9345 acc=0.8302
[ep 074] val_sel AUC=0.9405 acc=0.8438
[ep 075] val_sel AUC=0.9114 acc=0.7785
[ep 076] val_sel AUC=0.9436 acc=0.8532
[ep 077] val_sel AUC=0.9414 acc=0.8561
[ep 078] val_sel AUC=0.9430 acc=0.8554
[ep 079] val_sel AUC=0.9332 acc=0.8293
[ep 080] val_sel AUC=0.9309 acc=0.8306
[ep 081] val_sel AUC=0.9380 acc=0.8474
[ep 082] val_sel AUC=0.9429 acc=0.8610
[ep 083] val_sel AUC=0.9421 acc=0.8586
[ep 084] val_sel AUC=0.9433 acc=0.8532
[ep 085] val_sel AUC=0.9418 acc=0.8534
[ep 086] val_sel AUC=0.9438 acc=0.8584
[ep 087] val_sel AUC=0.9449 acc=0.8604
[ep 088] val_sel AUC=0.9442 acc=0.8610
[ep 089] val_sel AUC=0.9440 acc=0.8604
[ep 090] val_sel AUC=0.9438 acc=0.8601
[ep 091] val_sel AUC=0.9436 acc=0.8590
[ep 092] val_sel AUC=0.9438 acc=0.8615
[ep 093] val_sel AUC=0.9434 acc=0.8590
[ep 094] val_sel AUC=0.9432 acc=0.8588
[ep 095] val_sel AUC=0.9432 acc=0.8593
[ep 096] val_sel AUC=0.9432 acc=0.8586
============================================================
TEST (best val_sel epoch, held-out, evaluated once)
============================================================
[DONE-QPE2] embed=dctfix model_III N=250 seed=44 test_AUC=0.9443 val_sel_AUC=0.9449 per_class=(axion=0.9504 cdm=0.8997 no_sub=0.9828) params=203460 embed_params=1 R_frob_drift=None
