[INFO] QPE2 D=64 P=8 depth=4 | embed=dctfix | data=model_III N/class=250 seed=42 split_seed=0 | params=203460 embed_params=1 lr=0.001 epochs=96 bs=32 | train(750, 64, 64) val_sel(4469, 64, 64) test(4470, 64, 64) device=cuda
[ep 001] val_sel AUC=0.5602 acc=0.3285
[ep 002] val_sel AUC=0.5701 acc=0.3283
[ep 003] val_sel AUC=0.5661 acc=0.3283
[ep 004] val_sel AUC=0.5717 acc=0.3283
[ep 005] val_sel AUC=0.5725 acc=0.3285
[ep 006] val_sel AUC=0.5709 acc=0.3283
[ep 007] val_sel AUC=0.5624 acc=0.3433
[ep 008] val_sel AUC=0.5686 acc=0.3433
[ep 009] val_sel AUC=0.5582 acc=0.3433
[ep 010] val_sel AUC=0.5531 acc=0.3468
[ep 011] val_sel AUC=0.5458 acc=0.3433
[ep 012] val_sel AUC=0.5455 acc=0.3587
[ep 013] val_sel AUC=0.6010 acc=0.4328
[ep 014] val_sel AUC=0.6669 acc=0.4853
[ep 015] val_sel AUC=0.7521 acc=0.5648
[ep 016] val_sel AUC=0.8172 acc=0.6444
[ep 017] val_sel AUC=0.8294 acc=0.6512
[ep 018] val_sel AUC=0.8388 acc=0.6740
[ep 019] val_sel AUC=0.8666 acc=0.7066
[ep 020] val_sel AUC=0.8432 acc=0.6485
[ep 021] val_sel AUC=0.8825 acc=0.7183
[ep 022] val_sel AUC=0.8815 acc=0.7292
[ep 023] val_sel AUC=0.9067 acc=0.7574
[ep 024] val_sel AUC=0.9072 acc=0.7876
[ep 025] val_sel AUC=0.9153 acc=0.8024
[ep 026] val_sel AUC=0.9014 acc=0.7689
[ep 027] val_sel AUC=0.9199 acc=0.7973
[ep 028] val_sel AUC=0.9235 acc=0.8107
[ep 029] val_sel AUC=0.9240 acc=0.8223
[ep 030] val_sel AUC=0.9254 acc=0.8176
[ep 031] val_sel AUC=0.9250 acc=0.8230
[ep 032] val_sel AUC=0.9251 acc=0.8232
[ep 033] val_sel AUC=0.8822 acc=0.7467
[ep 034] val_sel AUC=0.8935 acc=0.7371
[ep 035] val_sel AUC=0.8654 acc=0.6988
[ep 036] val_sel AUC=0.8848 acc=0.7431
[ep 037] val_sel AUC=0.8953 acc=0.7369
[ep 038] val_sel AUC=0.8966 acc=0.7409
[ep 039] val_sel AUC=0.9005 acc=0.7706
[ep 040] val_sel AUC=0.9127 acc=0.7993
[ep 041] val_sel AUC=0.9119 acc=0.7789
[ep 042] val_sel AUC=0.8928 acc=0.7700
[ep 043] val_sel AUC=0.8905 acc=0.7351
[ep 044] val_sel AUC=0.8983 acc=0.7514
[ep 045] val_sel AUC=0.8902 acc=0.7498
[ep 046] val_sel AUC=0.9143 acc=0.7751
[ep 047] val_sel AUC=0.9292 acc=0.8250
[ep 048] val_sel AUC=0.8562 acc=0.6218
[ep 049] val_sel AUC=0.8863 acc=0.7087
[ep 050] val_sel AUC=0.9125 acc=0.7767
[ep 051] val_sel AUC=0.9137 acc=0.7834
[ep 052] val_sel AUC=0.9148 acc=0.7581
[ep 053] val_sel AUC=0.9293 acc=0.8100
[ep 054] val_sel AUC=0.9272 acc=0.8129
[ep 055] val_sel AUC=0.9200 acc=0.7953
[ep 056] val_sel AUC=0.9271 acc=0.8138
[ep 057] val_sel AUC=0.9298 acc=0.8051
[ep 058] val_sel AUC=0.9330 acc=0.8311
[ep 059] val_sel AUC=0.9216 acc=0.8058
[ep 060] val_sel AUC=0.9257 acc=0.8009
[ep 061] val_sel AUC=0.9282 acc=0.8208
[ep 062] val_sel AUC=0.9325 acc=0.8284
[ep 063] val_sel AUC=0.8851 acc=0.7284
[ep 064] val_sel AUC=0.9298 acc=0.8239
[ep 065] val_sel AUC=0.9342 acc=0.8358
[ep 066] val_sel AUC=0.9368 acc=0.8246
[ep 067] val_sel AUC=0.9138 acc=0.7834
[ep 068] val_sel AUC=0.9168 acc=0.8069
[ep 069] val_sel AUC=0.9389 acc=0.8499
[ep 070] val_sel AUC=0.9412 acc=0.8539
[ep 071] val_sel AUC=0.9317 acc=0.8427
[ep 072] val_sel AUC=0.9061 acc=0.7185
[ep 073] val_sel AUC=0.9365 acc=0.8375
[ep 074] val_sel AUC=0.9344 acc=0.8255
[ep 075] val_sel AUC=0.9362 acc=0.8514
[ep 076] val_sel AUC=0.9272 acc=0.8252
[ep 077] val_sel AUC=0.9326 acc=0.8279
[ep 078] val_sel AUC=0.9340 acc=0.8384
[ep 079] val_sel AUC=0.9387 acc=0.8490
[ep 080] val_sel AUC=0.9375 acc=0.8539
[ep 081] val_sel AUC=0.9351 acc=0.8525
[ep 082] val_sel AUC=0.9323 acc=0.8322
[ep 083] val_sel AUC=0.9377 acc=0.8478
[ep 084] val_sel AUC=0.9342 acc=0.8456
[ep 085] val_sel AUC=0.9370 acc=0.8458
[ep 086] val_sel AUC=0.9356 acc=0.8467
[ep 087] val_sel AUC=0.9374 acc=0.8575
[ep 088] val_sel AUC=0.9344 acc=0.8557
[ep 089] val_sel AUC=0.9360 acc=0.8604
[ep 090] val_sel AUC=0.9356 acc=0.8575
[ep 091] val_sel AUC=0.9365 acc=0.8604
[ep 092] val_sel AUC=0.9357 acc=0.8588
[ep 093] val_sel AUC=0.9348 acc=0.8572
[ep 094] val_sel AUC=0.9351 acc=0.8579
[ep 095] val_sel AUC=0.9351 acc=0.8581
[ep 096] val_sel AUC=0.9350 acc=0.8586
============================================================
TEST (best val_sel epoch, held-out, evaluated once)
============================================================
[DONE-QPE2] embed=dctfix model_III N=250 seed=42 test_AUC=0.9380 val_sel_AUC=0.9412 per_class=(axion=0.9529 cdm=0.8874 no_sub=0.9735) params=203460 embed_params=1 R_frob_drift=None
