[INFO] QPE2 D=64 P=8 depth=4 | embed=dctfix | data=model_II N/class=250 seed=60 split_seed=0 | params=203460 embed_params=1 lr=0.001 epochs=96 bs=32 | train(750, 64, 64) val_sel(4455, 64, 64) test(4455, 64, 64) device=cuda
[ep 001] val_sel AUC=0.5320 acc=0.3237
[ep 002] val_sel AUC=0.5324 acc=0.3237
[ep 003] val_sel AUC=0.5291 acc=0.3473
[ep 004] val_sel AUC=0.5289 acc=0.3237
[ep 005] val_sel AUC=0.5294 acc=0.3237
[ep 006] val_sel AUC=0.5281 acc=0.3473
[ep 007] val_sel AUC=0.5291 acc=0.3473
[ep 008] val_sel AUC=0.5257 acc=0.3479
[ep 009] val_sel AUC=0.5281 acc=0.3237
[ep 010] val_sel AUC=0.5222 acc=0.3237
[ep 011] val_sel AUC=0.5173 acc=0.3488
[ep 012] val_sel AUC=0.5164 acc=0.3331
[ep 013] val_sel AUC=0.5169 acc=0.3428
[ep 014] val_sel AUC=0.5170 acc=0.3398
[ep 015] val_sel AUC=0.5265 acc=0.3497
[ep 016] val_sel AUC=0.5459 acc=0.3634
[ep 017] val_sel AUC=0.5876 acc=0.3948
[ep 018] val_sel AUC=0.5797 acc=0.3802
[ep 019] val_sel AUC=0.6239 acc=0.4316
[ep 020] val_sel AUC=0.6290 acc=0.4465
[ep 021] val_sel AUC=0.6776 acc=0.4981
[ep 022] val_sel AUC=0.6974 acc=0.5048
[ep 023] val_sel AUC=0.7327 acc=0.5318
[ep 024] val_sel AUC=0.7410 acc=0.5185
[ep 025] val_sel AUC=0.7776 acc=0.5962
[ep 026] val_sel AUC=0.8132 acc=0.6310
[ep 027] val_sel AUC=0.8366 acc=0.6673
[ep 028] val_sel AUC=0.8458 acc=0.6676
[ep 029] val_sel AUC=0.8526 acc=0.6815
[ep 030] val_sel AUC=0.8563 acc=0.6853
[ep 031] val_sel AUC=0.8589 acc=0.6907
[ep 032] val_sel AUC=0.8599 acc=0.6923
[ep 033] val_sel AUC=0.8263 acc=0.6444
[ep 034] val_sel AUC=0.8120 acc=0.6123
[ep 035] val_sel AUC=0.8012 acc=0.6056
[ep 036] val_sel AUC=0.8513 acc=0.6822
[ep 037] val_sel AUC=0.8352 acc=0.6453
[ep 038] val_sel AUC=0.8430 acc=0.6923
[ep 039] val_sel AUC=0.8393 acc=0.5883
[ep 040] val_sel AUC=0.8288 acc=0.6492
[ep 041] val_sel AUC=0.8699 acc=0.7342
[ep 042] val_sel AUC=0.8519 acc=0.6691
[ep 043] val_sel AUC=0.9027 acc=0.7793
[ep 044] val_sel AUC=0.8711 acc=0.7107
[ep 045] val_sel AUC=0.8766 acc=0.7167
[ep 046] val_sel AUC=0.8899 acc=0.7181
[ep 047] val_sel AUC=0.9036 acc=0.7652
[ep 048] val_sel AUC=0.8990 acc=0.7268
[ep 049] val_sel AUC=0.8911 acc=0.7248
[ep 050] val_sel AUC=0.8844 acc=0.7309
[ep 051] val_sel AUC=0.8931 acc=0.7403
[ep 052] val_sel AUC=0.8886 acc=0.7437
[ep 053] val_sel AUC=0.8865 acc=0.7538
[ep 054] val_sel AUC=0.9055 acc=0.7928
[ep 055] val_sel AUC=0.8875 acc=0.7360
[ep 056] val_sel AUC=0.9047 acc=0.7392
[ep 057] val_sel AUC=0.9138 acc=0.7982
[ep 058] val_sel AUC=0.8791 acc=0.7089
[ep 059] val_sel AUC=0.9017 acc=0.7749
[ep 060] val_sel AUC=0.9148 acc=0.7980
[ep 061] val_sel AUC=0.9170 acc=0.8121
[ep 062] val_sel AUC=0.9092 acc=0.7793
[ep 063] val_sel AUC=0.9092 acc=0.8067
[ep 064] val_sel AUC=0.9126 acc=0.8029
[ep 065] val_sel AUC=0.9017 acc=0.7814
[ep 066] val_sel AUC=0.9148 acc=0.8150
[ep 067] val_sel AUC=0.9197 acc=0.8128
[ep 068] val_sel AUC=0.9210 acc=0.8245
[ep 069] val_sel AUC=0.9105 acc=0.7888
[ep 070] val_sel AUC=0.9121 acc=0.8000
[ep 071] val_sel AUC=0.9179 acc=0.8090
[ep 072] val_sel AUC=0.9203 acc=0.8229
[ep 073] val_sel AUC=0.9169 acc=0.8054
[ep 074] val_sel AUC=0.9212 acc=0.8310
[ep 075] val_sel AUC=0.9207 acc=0.8229
[ep 076] val_sel AUC=0.9201 acc=0.8287
[ep 077] val_sel AUC=0.9179 acc=0.8110
[ep 078] val_sel AUC=0.9215 acc=0.8276
[ep 079] val_sel AUC=0.9201 acc=0.8303
[ep 080] val_sel AUC=0.9225 acc=0.8299
[ep 081] val_sel AUC=0.9212 acc=0.8299
[ep 082] val_sel AUC=0.9173 acc=0.8049
[ep 083] val_sel AUC=0.9239 acc=0.8382
[ep 084] val_sel AUC=0.9191 acc=0.8357
[ep 085] val_sel AUC=0.9244 acc=0.8400
[ep 086] val_sel AUC=0.9214 acc=0.8386
[ep 087] val_sel AUC=0.9211 acc=0.8359
[ep 088] val_sel AUC=0.9201 acc=0.8350
[ep 089] val_sel AUC=0.9210 acc=0.8361
[ep 090] val_sel AUC=0.9200 acc=0.8373
[ep 091] val_sel AUC=0.9214 acc=0.8357
[ep 092] val_sel AUC=0.9201 acc=0.8348
[ep 093] val_sel AUC=0.9195 acc=0.8339
[ep 094] val_sel AUC=0.9199 acc=0.8337
[ep 095] val_sel AUC=0.9201 acc=0.8350
[ep 096] val_sel AUC=0.9201 acc=0.8348
============================================================
TEST (best val_sel epoch, held-out, evaluated once)
============================================================
[DONE-QPE2] embed=dctfix model_II N=250 seed=60 test_AUC=0.9251 val_sel_AUC=0.9244 per_class=(axion=0.9306 cdm=0.8624 no_sub=0.9821) params=203460 embed_params=1 R_frob_drift=None
