[INFO] QPE2 D=64 P=8 depth=4 | embed=dctfix | data=model_II N/class=100 seed=53 split_seed=0 | params=203460 embed_params=1 lr=0.001 epochs=96 bs=32 | train(300, 64, 64) val_sel(4455, 64, 64) test(4455, 64, 64) device=cuda
[ep 001] val_sel AUC=0.4817 acc=0.3237
[ep 002] val_sel AUC=0.4884 acc=0.3291
[ep 003] val_sel AUC=0.4867 acc=0.3237
[ep 004] val_sel AUC=0.4960 acc=0.3291
[ep 005] val_sel AUC=0.4917 acc=0.3473
[ep 006] val_sel AUC=0.4984 acc=0.3291
[ep 007] val_sel AUC=0.4982 acc=0.3237
[ep 008] val_sel AUC=0.5020 acc=0.3473
[ep 009] val_sel AUC=0.5021 acc=0.3237
[ep 010] val_sel AUC=0.5026 acc=0.3237
[ep 011] val_sel AUC=0.5074 acc=0.3291
[ep 012] val_sel AUC=0.5084 acc=0.3473
[ep 013] val_sel AUC=0.5097 acc=0.3237
[ep 014] val_sel AUC=0.5125 acc=0.3473
[ep 015] val_sel AUC=0.5128 acc=0.3295
[ep 016] val_sel AUC=0.5136 acc=0.3311
[ep 017] val_sel AUC=0.5123 acc=0.3473
[ep 018] val_sel AUC=0.5144 acc=0.3466
[ep 019] val_sel AUC=0.5147 acc=0.3396
[ep 020] val_sel AUC=0.5135 acc=0.3331
[ep 021] val_sel AUC=0.5130 acc=0.3295
[ep 022] val_sel AUC=0.5144 acc=0.3437
[ep 023] val_sel AUC=0.5152 acc=0.3486
[ep 024] val_sel AUC=0.5148 acc=0.3356
[ep 025] val_sel AUC=0.5157 acc=0.3526
[ep 026] val_sel AUC=0.5157 acc=0.3365
[ep 027] val_sel AUC=0.5156 acc=0.3380
[ep 028] val_sel AUC=0.5157 acc=0.3367
[ep 029] val_sel AUC=0.5161 acc=0.3398
[ep 030] val_sel AUC=0.5162 acc=0.3396
[ep 031] val_sel AUC=0.5164 acc=0.3407
[ep 032] val_sel AUC=0.5163 acc=0.3414
[ep 033] val_sel AUC=0.5149 acc=0.3378
[ep 034] val_sel AUC=0.5202 acc=0.3380
[ep 035] val_sel AUC=0.5187 acc=0.3457
[ep 036] val_sel AUC=0.5199 acc=0.3452
[ep 037] val_sel AUC=0.5353 acc=0.3405
[ep 038] val_sel AUC=0.5339 acc=0.3374
[ep 039] val_sel AUC=0.5328 acc=0.3506
[ep 040] val_sel AUC=0.5225 acc=0.3517
[ep 041] val_sel AUC=0.5224 acc=0.3517
[ep 042] val_sel AUC=0.5237 acc=0.3470
[ep 043] val_sel AUC=0.5187 acc=0.3286
[ep 044] val_sel AUC=0.5262 acc=0.3481
[ep 045] val_sel AUC=0.5250 acc=0.3419
[ep 046] val_sel AUC=0.5235 acc=0.3535
[ep 047] val_sel AUC=0.5264 acc=0.3464
[ep 048] val_sel AUC=0.5351 acc=0.3549
[ep 049] val_sel AUC=0.5429 acc=0.3515
[ep 050] val_sel AUC=0.5382 acc=0.3414
[ep 051] val_sel AUC=0.5484 acc=0.3490
[ep 052] val_sel AUC=0.5389 acc=0.3578
[ep 053] val_sel AUC=0.5454 acc=0.3614
[ep 054] val_sel AUC=0.5621 acc=0.3816
[ep 055] val_sel AUC=0.5646 acc=0.3793
[ep 056] val_sel AUC=0.5732 acc=0.3881
[ep 057] val_sel AUC=0.5774 acc=0.3966
[ep 058] val_sel AUC=0.5947 acc=0.4094
[ep 059] val_sel AUC=0.5937 acc=0.3944
[ep 060] val_sel AUC=0.6150 acc=0.4263
[ep 061] val_sel AUC=0.6308 acc=0.4325
[ep 062] val_sel AUC=0.6395 acc=0.4494
[ep 063] val_sel AUC=0.6694 acc=0.4779
[ep 064] val_sel AUC=0.6717 acc=0.4768
[ep 065] val_sel AUC=0.7060 acc=0.5080
[ep 066] val_sel AUC=0.6798 acc=0.4900
[ep 067] val_sel AUC=0.7105 acc=0.5138
[ep 068] val_sel AUC=0.7419 acc=0.5607
[ep 069] val_sel AUC=0.7529 acc=0.5937
[ep 070] val_sel AUC=0.7653 acc=0.5715
[ep 071] val_sel AUC=0.7752 acc=0.6126
[ep 072] val_sel AUC=0.7324 acc=0.5556
[ep 073] val_sel AUC=0.7663 acc=0.5719
[ep 074] val_sel AUC=0.7589 acc=0.5493
[ep 075] val_sel AUC=0.7745 acc=0.6166
[ep 076] val_sel AUC=0.7770 acc=0.6229
[ep 077] val_sel AUC=0.7875 acc=0.6224
[ep 078] val_sel AUC=0.7756 acc=0.6171
[ep 079] val_sel AUC=0.7796 acc=0.5942
[ep 080] val_sel AUC=0.7883 acc=0.6213
[ep 081] val_sel AUC=0.8103 acc=0.6496
[ep 082] val_sel AUC=0.7933 acc=0.6294
[ep 083] val_sel AUC=0.8092 acc=0.6501
[ep 084] val_sel AUC=0.7913 acc=0.6240
[ep 085] val_sel AUC=0.8013 acc=0.6384
[ep 086] val_sel AUC=0.8038 acc=0.6485
[ep 087] val_sel AUC=0.8002 acc=0.6462
[ep 088] val_sel AUC=0.8027 acc=0.6440
[ep 089] val_sel AUC=0.8038 acc=0.6467
[ep 090] val_sel AUC=0.8023 acc=0.6480
[ep 091] val_sel AUC=0.8020 acc=0.6435
[ep 092] val_sel AUC=0.8055 acc=0.6492
[ep 093] val_sel AUC=0.8050 acc=0.6483
[ep 094] val_sel AUC=0.8049 acc=0.6485
[ep 095] val_sel AUC=0.8044 acc=0.6467
[ep 096] val_sel AUC=0.8041 acc=0.6471
============================================================
TEST (best val_sel epoch, held-out, evaluated once)
============================================================
[DONE-QPE2] embed=dctfix model_II N=100 seed=53 test_AUC=0.8040 val_sel_AUC=0.8103 per_class=(axion=0.8539 cdm=0.6594 no_sub=0.8988) params=203460 embed_params=1 R_frob_drift=None
