[INFO] QPE2 D=64 P=8 depth=4 | embed=dctfix | data=model_III N/class=100 seed=53 split_seed=0 | params=203460 embed_params=1 lr=0.001 epochs=96 bs=32 | train(300, 64, 64) val_sel(4469, 64, 64) test(4470, 64, 64) device=cuda
[ep 001] val_sel AUC=0.5128 acc=0.3285
[ep 002] val_sel AUC=0.5317 acc=0.3283
[ep 003] val_sel AUC=0.5327 acc=0.3269
[ep 004] val_sel AUC=0.5500 acc=0.3283
[ep 005] val_sel AUC=0.5400 acc=0.3433
[ep 006] val_sel AUC=0.5509 acc=0.3283
[ep 007] val_sel AUC=0.5475 acc=0.3285
[ep 008] val_sel AUC=0.5536 acc=0.3433
[ep 009] val_sel AUC=0.5490 acc=0.3285
[ep 010] val_sel AUC=0.5466 acc=0.3285
[ep 011] val_sel AUC=0.5493 acc=0.3283
[ep 012] val_sel AUC=0.5461 acc=0.3433
[ep 013] val_sel AUC=0.5442 acc=0.3285
[ep 014] val_sel AUC=0.5468 acc=0.3433
[ep 015] val_sel AUC=0.5442 acc=0.3345
[ep 016] val_sel AUC=0.5422 acc=0.3343
[ep 017] val_sel AUC=0.5371 acc=0.3433
[ep 018] val_sel AUC=0.5361 acc=0.3433
[ep 019] val_sel AUC=0.5346 acc=0.3500
[ep 020] val_sel AUC=0.5337 acc=0.3374
[ep 021] val_sel AUC=0.5305 acc=0.3305
[ep 022] val_sel AUC=0.5291 acc=0.3549
[ep 023] val_sel AUC=0.5273 acc=0.3453
[ep 024] val_sel AUC=0.5268 acc=0.3410
[ep 025] val_sel AUC=0.5255 acc=0.3547
[ep 026] val_sel AUC=0.5267 acc=0.3348
[ep 027] val_sel AUC=0.5280 acc=0.3435
[ep 028] val_sel AUC=0.5285 acc=0.3439
[ep 029] val_sel AUC=0.5289 acc=0.3466
[ep 030] val_sel AUC=0.5293 acc=0.3491
[ep 031] val_sel AUC=0.5292 acc=0.3493
[ep 032] val_sel AUC=0.5292 acc=0.3486
[ep 033] val_sel AUC=0.5505 acc=0.3412
[ep 034] val_sel AUC=0.5527 acc=0.3424
[ep 035] val_sel AUC=0.5467 acc=0.3768
[ep 036] val_sel AUC=0.5699 acc=0.3864
[ep 037] val_sel AUC=0.5710 acc=0.3916
[ep 038] val_sel AUC=0.5819 acc=0.3925
[ep 039] val_sel AUC=0.5959 acc=0.4220
[ep 040] val_sel AUC=0.6346 acc=0.4489
[ep 041] val_sel AUC=0.6604 acc=0.4661
[ep 042] val_sel AUC=0.6595 acc=0.4959
[ep 043] val_sel AUC=0.7473 acc=0.5352
[ep 044] val_sel AUC=0.7562 acc=0.5272
[ep 045] val_sel AUC=0.7756 acc=0.5854
[ep 046] val_sel AUC=0.8183 acc=0.6268
[ep 047] val_sel AUC=0.6954 acc=0.4457
[ep 048] val_sel AUC=0.7567 acc=0.4930
[ep 049] val_sel AUC=0.7835 acc=0.5979
[ep 050] val_sel AUC=0.7848 acc=0.5232
[ep 051] val_sel AUC=0.8291 acc=0.6550
[ep 052] val_sel AUC=0.8253 acc=0.6729
[ep 053] val_sel AUC=0.8509 acc=0.6943
[ep 054] val_sel AUC=0.8375 acc=0.6042
[ep 055] val_sel AUC=0.8678 acc=0.7272
[ep 056] val_sel AUC=0.8770 acc=0.7324
[ep 057] val_sel AUC=0.8744 acc=0.7369
[ep 058] val_sel AUC=0.8685 acc=0.7268
[ep 059] val_sel AUC=0.8053 acc=0.6451
[ep 060] val_sel AUC=0.8435 acc=0.7060
[ep 061] val_sel AUC=0.8498 acc=0.6959
[ep 062] val_sel AUC=0.8570 acc=0.6993
[ep 063] val_sel AUC=0.8581 acc=0.6861
[ep 064] val_sel AUC=0.8735 acc=0.7290
[ep 065] val_sel AUC=0.8548 acc=0.7002
[ep 066] val_sel AUC=0.8857 acc=0.7523
[ep 067] val_sel AUC=0.8861 acc=0.7603
[ep 068] val_sel AUC=0.8924 acc=0.7803
[ep 069] val_sel AUC=0.8938 acc=0.7615
[ep 070] val_sel AUC=0.8981 acc=0.7677
[ep 071] val_sel AUC=0.8976 acc=0.7655
[ep 072] val_sel AUC=0.8905 acc=0.7601
[ep 073] val_sel AUC=0.8956 acc=0.7843
[ep 074] val_sel AUC=0.9034 acc=0.7836
[ep 075] val_sel AUC=0.8995 acc=0.7919
[ep 076] val_sel AUC=0.8997 acc=0.7744
[ep 077] val_sel AUC=0.9050 acc=0.7979
[ep 078] val_sel AUC=0.9035 acc=0.7899
[ep 079] val_sel AUC=0.9008 acc=0.7892
[ep 080] val_sel AUC=0.8946 acc=0.7776
[ep 081] val_sel AUC=0.8994 acc=0.7749
[ep 082] val_sel AUC=0.8948 acc=0.7619
[ep 083] val_sel AUC=0.8977 acc=0.7617
[ep 084] val_sel AUC=0.8987 acc=0.7765
[ep 085] val_sel AUC=0.8970 acc=0.7740
[ep 086] val_sel AUC=0.9027 acc=0.7812
[ep 087] val_sel AUC=0.9007 acc=0.7881
[ep 088] val_sel AUC=0.8990 acc=0.7814
[ep 089] val_sel AUC=0.8980 acc=0.7789
[ep 090] val_sel AUC=0.8992 acc=0.7814
[ep 091] val_sel AUC=0.8999 acc=0.7827
[ep 092] val_sel AUC=0.8992 acc=0.7821
[ep 093] val_sel AUC=0.8988 acc=0.7821
[ep 094] val_sel AUC=0.8987 acc=0.7825
[ep 095] val_sel AUC=0.8987 acc=0.7832
[ep 096] val_sel AUC=0.8987 acc=0.7827
============================================================
TEST (best val_sel epoch, held-out, evaluated once)
============================================================
[DONE-QPE2] embed=dctfix model_III N=100 seed=53 test_AUC=0.9086 val_sel_AUC=0.9050 per_class=(axion=0.9371 cdm=0.8305 no_sub=0.9582) params=203460 embed_params=1 R_frob_drift=None
