[INFO] QPE2 D=64 P=8 depth=4 | embed=dctfix | data=model_II N/class=250 seed=54 split_seed=0 | params=203460 embed_params=1 lr=0.001 epochs=96 bs=32 | train(750, 64, 64) val_sel(4455, 64, 64) test(4455, 64, 64) device=cuda
[ep 001] val_sel AUC=0.5085 acc=0.3237
[ep 002] val_sel AUC=0.5132 acc=0.3237
[ep 003] val_sel AUC=0.5161 acc=0.3237
[ep 004] val_sel AUC=0.5198 acc=0.3237
[ep 005] val_sel AUC=0.5194 acc=0.3473
[ep 006] val_sel AUC=0.5222 acc=0.3473
[ep 007] val_sel AUC=0.5249 acc=0.3291
[ep 008] val_sel AUC=0.5228 acc=0.3473
[ep 009] val_sel AUC=0.5240 acc=0.3473
[ep 010] val_sel AUC=0.5225 acc=0.3473
[ep 011] val_sel AUC=0.5216 acc=0.3412
[ep 012] val_sel AUC=0.5273 acc=0.3354
[ep 013] val_sel AUC=0.5312 acc=0.3488
[ep 014] val_sel AUC=0.5305 acc=0.3524
[ep 015] val_sel AUC=0.5371 acc=0.3241
[ep 016] val_sel AUC=0.5375 acc=0.3605
[ep 017] val_sel AUC=0.5382 acc=0.3457
[ep 018] val_sel AUC=0.5582 acc=0.3764
[ep 019] val_sel AUC=0.5747 acc=0.4043
[ep 020] val_sel AUC=0.6087 acc=0.4451
[ep 021] val_sel AUC=0.7053 acc=0.4990
[ep 022] val_sel AUC=0.7250 acc=0.5185
[ep 023] val_sel AUC=0.7405 acc=0.5322
[ep 024] val_sel AUC=0.7471 acc=0.5443
[ep 025] val_sel AUC=0.7674 acc=0.5585
[ep 026] val_sel AUC=0.7726 acc=0.5782
[ep 027] val_sel AUC=0.7853 acc=0.6065
[ep 028] val_sel AUC=0.7953 acc=0.6433
[ep 029] val_sel AUC=0.8047 acc=0.6168
[ep 030] val_sel AUC=0.8118 acc=0.6507
[ep 031] val_sel AUC=0.8131 acc=0.6510
[ep 032] val_sel AUC=0.8136 acc=0.6494
[ep 033] val_sel AUC=0.7795 acc=0.5600
[ep 034] val_sel AUC=0.7052 acc=0.4687
[ep 035] val_sel AUC=0.8014 acc=0.5470
[ep 036] val_sel AUC=0.8139 acc=0.6231
[ep 037] val_sel AUC=0.7640 acc=0.5551
[ep 038] val_sel AUC=0.8247 acc=0.6388
[ep 039] val_sel AUC=0.8427 acc=0.6606
[ep 040] val_sel AUC=0.8432 acc=0.6985
[ep 041] val_sel AUC=0.8513 acc=0.6476
[ep 042] val_sel AUC=0.8354 acc=0.6624
[ep 043] val_sel AUC=0.8161 acc=0.6357
[ep 044] val_sel AUC=0.8877 acc=0.7567
[ep 045] val_sel AUC=0.8674 acc=0.7176
[ep 046] val_sel AUC=0.8043 acc=0.5793
[ep 047] val_sel AUC=0.8519 acc=0.6510
[ep 048] val_sel AUC=0.8784 acc=0.7253
[ep 049] val_sel AUC=0.8912 acc=0.7710
[ep 050] val_sel AUC=0.8409 acc=0.6864
[ep 051] val_sel AUC=0.8673 acc=0.7257
[ep 052] val_sel AUC=0.8949 acc=0.7710
[ep 053] val_sel AUC=0.9051 acc=0.7746
[ep 054] val_sel AUC=0.8962 acc=0.7616
[ep 055] val_sel AUC=0.8797 acc=0.7277
[ep 056] val_sel AUC=0.8514 acc=0.6712
[ep 057] val_sel AUC=0.8994 acc=0.7836
[ep 058] val_sel AUC=0.9033 acc=0.7428
[ep 059] val_sel AUC=0.9084 acc=0.7962
[ep 060] val_sel AUC=0.8801 acc=0.7210
[ep 061] val_sel AUC=0.9090 acc=0.7836
[ep 062] val_sel AUC=0.9150 acc=0.8031
[ep 063] val_sel AUC=0.8907 acc=0.7717
[ep 064] val_sel AUC=0.9136 acc=0.7987
[ep 065] val_sel AUC=0.9182 acc=0.8034
[ep 066] val_sel AUC=0.9193 acc=0.8148
[ep 067] val_sel AUC=0.8693 acc=0.7684
[ep 068] val_sel AUC=0.8999 acc=0.7636
[ep 069] val_sel AUC=0.9149 acc=0.8000
[ep 070] val_sel AUC=0.9205 acc=0.8155
[ep 071] val_sel AUC=0.9242 acc=0.8283
[ep 072] val_sel AUC=0.9168 acc=0.8123
[ep 073] val_sel AUC=0.9061 acc=0.7910
[ep 074] val_sel AUC=0.9212 acc=0.8213
[ep 075] val_sel AUC=0.9230 acc=0.8215
[ep 076] val_sel AUC=0.9226 acc=0.8256
[ep 077] val_sel AUC=0.9219 acc=0.8254
[ep 078] val_sel AUC=0.9210 acc=0.8276
[ep 079] val_sel AUC=0.9259 acc=0.8411
[ep 080] val_sel AUC=0.9261 acc=0.8379
[ep 081] val_sel AUC=0.9228 acc=0.8319
[ep 082] val_sel AUC=0.9262 acc=0.8411
[ep 083] val_sel AUC=0.9249 acc=0.8319
[ep 084] val_sel AUC=0.9196 acc=0.8231
[ep 085] val_sel AUC=0.9183 acc=0.8224
[ep 086] val_sel AUC=0.9200 acc=0.8186
[ep 087] val_sel AUC=0.9272 acc=0.8384
[ep 088] val_sel AUC=0.9276 acc=0.8413
[ep 089] val_sel AUC=0.9269 acc=0.8395
[ep 090] val_sel AUC=0.9267 acc=0.8420
[ep 091] val_sel AUC=0.9264 acc=0.8386
[ep 092] val_sel AUC=0.9266 acc=0.8391
[ep 093] val_sel AUC=0.9260 acc=0.8373
[ep 094] val_sel AUC=0.9261 acc=0.8384
[ep 095] val_sel AUC=0.9261 acc=0.8373
[ep 096] val_sel AUC=0.9261 acc=0.8386
============================================================
TEST (best val_sel epoch, held-out, evaluated once)
============================================================
[DONE-QPE2] embed=dctfix model_II N=250 seed=54 test_AUC=0.9347 val_sel_AUC=0.9276 per_class=(axion=0.9345 cdm=0.8829 no_sub=0.9865) params=203460 embed_params=1 R_frob_drift=None
