[INFO] QPE2 D=64 P=8 depth=4 | embed=dctfix | data=model_II N/class=250 seed=49 split_seed=0 | params=203460 embed_params=1 lr=0.001 epochs=96 bs=32 | train(750, 64, 64) val_sel(4455, 64, 64) test(4455, 64, 64) device=cuda
[ep 001] val_sel AUC=0.5560 acc=0.3291
[ep 002] val_sel AUC=0.5650 acc=0.3473
[ep 003] val_sel AUC=0.5616 acc=0.3237
[ep 004] val_sel AUC=0.5622 acc=0.3291
[ep 005] val_sel AUC=0.5558 acc=0.3473
[ep 006] val_sel AUC=0.5502 acc=0.3237
[ep 007] val_sel AUC=0.5417 acc=0.3291
[ep 008] val_sel AUC=0.5391 acc=0.3291
[ep 009] val_sel AUC=0.5339 acc=0.3423
[ep 010] val_sel AUC=0.5301 acc=0.3374
[ep 011] val_sel AUC=0.5380 acc=0.3562
[ep 012] val_sel AUC=0.5429 acc=0.3614
[ep 013] val_sel AUC=0.5532 acc=0.3598
[ep 014] val_sel AUC=0.5766 acc=0.3717
[ep 015] val_sel AUC=0.5815 acc=0.3715
[ep 016] val_sel AUC=0.6218 acc=0.4218
[ep 017] val_sel AUC=0.7163 acc=0.5030
[ep 018] val_sel AUC=0.7332 acc=0.5145
[ep 019] val_sel AUC=0.7909 acc=0.5930
[ep 020] val_sel AUC=0.7838 acc=0.5625
[ep 021] val_sel AUC=0.8492 acc=0.6608
[ep 022] val_sel AUC=0.8674 acc=0.7192
[ep 023] val_sel AUC=0.8787 acc=0.7241
[ep 024] val_sel AUC=0.8892 acc=0.7405
[ep 025] val_sel AUC=0.8911 acc=0.7549
[ep 026] val_sel AUC=0.8889 acc=0.7356
[ep 027] val_sel AUC=0.8929 acc=0.7710
[ep 028] val_sel AUC=0.8944 acc=0.7713
[ep 029] val_sel AUC=0.9007 acc=0.7567
[ep 030] val_sel AUC=0.8998 acc=0.7684
[ep 031] val_sel AUC=0.9012 acc=0.7690
[ep 032] val_sel AUC=0.9014 acc=0.7688
[ep 033] val_sel AUC=0.8341 acc=0.6797
[ep 034] val_sel AUC=0.8642 acc=0.6911
[ep 035] val_sel AUC=0.8477 acc=0.6393
[ep 036] val_sel AUC=0.8854 acc=0.7654
[ep 037] val_sel AUC=0.8897 acc=0.7311
[ep 038] val_sel AUC=0.8839 acc=0.7223
[ep 039] val_sel AUC=0.8944 acc=0.7695
[ep 040] val_sel AUC=0.8738 acc=0.6891
[ep 041] val_sel AUC=0.8988 acc=0.7681
[ep 042] val_sel AUC=0.8953 acc=0.7169
[ep 043] val_sel AUC=0.8719 acc=0.7443
[ep 044] val_sel AUC=0.8884 acc=0.7473
[ep 045] val_sel AUC=0.8573 acc=0.6900
[ep 046] val_sel AUC=0.9173 acc=0.7740
[ep 047] val_sel AUC=0.9214 acc=0.8103
[ep 048] val_sel AUC=0.9103 acc=0.7883
[ep 049] val_sel AUC=0.9106 acc=0.7675
[ep 050] val_sel AUC=0.9081 acc=0.7888
[ep 051] val_sel AUC=0.8923 acc=0.7652
[ep 052] val_sel AUC=0.8920 acc=0.7632
[ep 053] val_sel AUC=0.9101 acc=0.7879
[ep 054] val_sel AUC=0.9055 acc=0.7865
[ep 055] val_sel AUC=0.9257 acc=0.8072
[ep 056] val_sel AUC=0.8544 acc=0.7127
[ep 057] val_sel AUC=0.9103 acc=0.7719
[ep 058] val_sel AUC=0.9031 acc=0.7762
[ep 059] val_sel AUC=0.9281 acc=0.8341
[ep 060] val_sel AUC=0.9129 acc=0.7816
[ep 061] val_sel AUC=0.9174 acc=0.7827
[ep 062] val_sel AUC=0.9123 acc=0.7825
[ep 063] val_sel AUC=0.9289 acc=0.8229
[ep 064] val_sel AUC=0.9183 acc=0.7937
[ep 065] val_sel AUC=0.9255 acc=0.8108
[ep 066] val_sel AUC=0.9131 acc=0.7975
[ep 067] val_sel AUC=0.9220 acc=0.8099
[ep 068] val_sel AUC=0.9216 acc=0.8119
[ep 069] val_sel AUC=0.8769 acc=0.7616
[ep 070] val_sel AUC=0.9162 acc=0.8081
[ep 071] val_sel AUC=0.9326 acc=0.8384
[ep 072] val_sel AUC=0.9213 acc=0.8117
[ep 073] val_sel AUC=0.9286 acc=0.8242
[ep 074] val_sel AUC=0.9262 acc=0.8278
[ep 075] val_sel AUC=0.9283 acc=0.8126
[ep 076] val_sel AUC=0.9285 acc=0.8114
[ep 077] val_sel AUC=0.9290 acc=0.8339
[ep 078] val_sel AUC=0.9319 acc=0.8411
[ep 079] val_sel AUC=0.9274 acc=0.8314
[ep 080] val_sel AUC=0.9302 acc=0.8301
[ep 081] val_sel AUC=0.9306 acc=0.8281
[ep 082] val_sel AUC=0.9281 acc=0.8346
[ep 083] val_sel AUC=0.9210 acc=0.8164
[ep 084] val_sel AUC=0.9302 acc=0.8391
[ep 085] val_sel AUC=0.9283 acc=0.8357
[ep 086] val_sel AUC=0.9298 acc=0.8357
[ep 087] val_sel AUC=0.9317 acc=0.8400
[ep 088] val_sel AUC=0.9310 acc=0.8368
[ep 089] val_sel AUC=0.9307 acc=0.8384
[ep 090] val_sel AUC=0.9292 acc=0.8379
[ep 091] val_sel AUC=0.9304 acc=0.8393
[ep 092] val_sel AUC=0.9299 acc=0.8388
[ep 093] val_sel AUC=0.9298 acc=0.8375
[ep 094] val_sel AUC=0.9301 acc=0.8384
[ep 095] val_sel AUC=0.9296 acc=0.8373
[ep 096] val_sel AUC=0.9296 acc=0.8377
============================================================
TEST (best val_sel epoch, held-out, evaluated once)
============================================================
[DONE-QPE2] embed=dctfix model_II N=250 seed=49 test_AUC=0.9358 val_sel_AUC=0.9326 per_class=(axion=0.9441 cdm=0.8809 no_sub=0.9825) params=203460 embed_params=1 R_frob_drift=None
