[INFO] QPE2 D=64 P=8 depth=4 | embed=dctfix | data=model_II N/class=250 seed=46 split_seed=0 | params=203460 embed_params=1 lr=0.001 epochs=96 bs=32 | train(750, 64, 64) val_sel(4455, 64, 64) test(4455, 64, 64) device=cuda
[ep 001] val_sel AUC=0.5076 acc=0.3237
[ep 002] val_sel AUC=0.5191 acc=0.3473
[ep 003] val_sel AUC=0.5241 acc=0.3473
[ep 004] val_sel AUC=0.5322 acc=0.3291
[ep 005] val_sel AUC=0.5364 acc=0.3237
[ep 006] val_sel AUC=0.5406 acc=0.3291
[ep 007] val_sel AUC=0.5415 acc=0.3473
[ep 008] val_sel AUC=0.5177 acc=0.3291
[ep 009] val_sel AUC=0.5177 acc=0.3369
[ep 010] val_sel AUC=0.5333 acc=0.3520
[ep 011] val_sel AUC=0.5608 acc=0.3659
[ep 012] val_sel AUC=0.5539 acc=0.3311
[ep 013] val_sel AUC=0.5746 acc=0.3713
[ep 014] val_sel AUC=0.5538 acc=0.3594
[ep 015] val_sel AUC=0.6318 acc=0.4512
[ep 016] val_sel AUC=0.7417 acc=0.5675
[ep 017] val_sel AUC=0.7101 acc=0.4902
[ep 018] val_sel AUC=0.8243 acc=0.6323
[ep 019] val_sel AUC=0.8311 acc=0.6453
[ep 020] val_sel AUC=0.8049 acc=0.5758
[ep 021] val_sel AUC=0.8412 acc=0.6707
[ep 022] val_sel AUC=0.8687 acc=0.7156
[ep 023] val_sel AUC=0.8685 acc=0.7129
[ep 024] val_sel AUC=0.8871 acc=0.7448
[ep 025] val_sel AUC=0.8912 acc=0.7632
[ep 026] val_sel AUC=0.8987 acc=0.7697
[ep 027] val_sel AUC=0.9035 acc=0.7798
[ep 028] val_sel AUC=0.9047 acc=0.7798
[ep 029] val_sel AUC=0.9023 acc=0.7692
[ep 030] val_sel AUC=0.9083 acc=0.7951
[ep 031] val_sel AUC=0.9090 acc=0.7926
[ep 032] val_sel AUC=0.9091 acc=0.7946
[ep 033] val_sel AUC=0.8491 acc=0.6676
[ep 034] val_sel AUC=0.8247 acc=0.6689
[ep 035] val_sel AUC=0.8959 acc=0.7363
[ep 036] val_sel AUC=0.8895 acc=0.7675
[ep 037] val_sel AUC=0.8907 acc=0.7277
[ep 038] val_sel AUC=0.9064 acc=0.7789
[ep 039] val_sel AUC=0.9165 acc=0.7903
[ep 040] val_sel AUC=0.8990 acc=0.7715
[ep 041] val_sel AUC=0.8632 acc=0.6734
[ep 042] val_sel AUC=0.8700 acc=0.6967
[ep 043] val_sel AUC=0.9153 acc=0.8011
[ep 044] val_sel AUC=0.8648 acc=0.6994
[ep 045] val_sel AUC=0.9124 acc=0.7679
[ep 046] val_sel AUC=0.8789 acc=0.7385
[ep 047] val_sel AUC=0.9005 acc=0.7847
[ep 048] val_sel AUC=0.9012 acc=0.7495
[ep 049] val_sel AUC=0.9208 acc=0.8227
[ep 050] val_sel AUC=0.8891 acc=0.7214
[ep 051] val_sel AUC=0.9132 acc=0.7888
[ep 052] val_sel AUC=0.9156 acc=0.8049
[ep 053] val_sel AUC=0.9082 acc=0.7917
[ep 054] val_sel AUC=0.9169 acc=0.7960
[ep 055] val_sel AUC=0.9080 acc=0.7760
[ep 056] val_sel AUC=0.9085 acc=0.7870
[ep 057] val_sel AUC=0.9081 acc=0.7957
[ep 058] val_sel AUC=0.8980 acc=0.7542
[ep 059] val_sel AUC=0.9260 acc=0.8303
[ep 060] val_sel AUC=0.8988 acc=0.7942
[ep 061] val_sel AUC=0.9221 acc=0.8164
[ep 062] val_sel AUC=0.9260 acc=0.8285
[ep 063] val_sel AUC=0.9127 acc=0.7890
[ep 064] val_sel AUC=0.9229 acc=0.8272
[ep 065] val_sel AUC=0.9082 acc=0.7713
[ep 066] val_sel AUC=0.9222 acc=0.8191
[ep 067] val_sel AUC=0.9232 acc=0.8088
[ep 068] val_sel AUC=0.9272 acc=0.8314
[ep 069] val_sel AUC=0.9290 acc=0.8334
[ep 070] val_sel AUC=0.9277 acc=0.8352
[ep 071] val_sel AUC=0.9207 acc=0.8198
[ep 072] val_sel AUC=0.9160 acc=0.8038
[ep 073] val_sel AUC=0.9175 acc=0.8083
[ep 074] val_sel AUC=0.9295 acc=0.8364
[ep 075] val_sel AUC=0.9277 acc=0.8319
[ep 076] val_sel AUC=0.9286 acc=0.8348
[ep 077] val_sel AUC=0.9298 acc=0.8388
[ep 078] val_sel AUC=0.9280 acc=0.8283
[ep 079] val_sel AUC=0.9302 acc=0.8402
[ep 080] val_sel AUC=0.9314 acc=0.8451
[ep 081] val_sel AUC=0.9308 acc=0.8422
[ep 082] val_sel AUC=0.9296 acc=0.8310
[ep 083] val_sel AUC=0.9309 acc=0.8409
[ep 084] val_sel AUC=0.9330 acc=0.8422
[ep 085] val_sel AUC=0.9321 acc=0.8440
[ep 086] val_sel AUC=0.9315 acc=0.8431
[ep 087] val_sel AUC=0.9309 acc=0.8397
[ep 088] val_sel AUC=0.9311 acc=0.8386
[ep 089] val_sel AUC=0.9304 acc=0.8348
[ep 090] val_sel AUC=0.9313 acc=0.8404
[ep 091] val_sel AUC=0.9309 acc=0.8393
[ep 092] val_sel AUC=0.9309 acc=0.8393
[ep 093] val_sel AUC=0.9308 acc=0.8384
[ep 094] val_sel AUC=0.9308 acc=0.8391
[ep 095] val_sel AUC=0.9309 acc=0.8395
[ep 096] val_sel AUC=0.9309 acc=0.8395
============================================================
TEST (best val_sel epoch, held-out, evaluated once)
============================================================
[DONE-QPE2] embed=dctfix model_II N=250 seed=46 test_AUC=0.9370 val_sel_AUC=0.9330 per_class=(axion=0.9390 cdm=0.8863 no_sub=0.9856) params=203460 embed_params=1 R_frob_drift=None
