[INFO] QPE2 D=64 P=8 depth=4 | embed=dctfix | data=model_III N/class=100 seed=58 split_seed=0 | params=203460 embed_params=1 lr=0.001 epochs=96 bs=32 | train(300, 64, 64) val_sel(4469, 64, 64) test(4470, 64, 64) device=cuda
[ep 001] val_sel AUC=0.5286 acc=0.3433
[ep 002] val_sel AUC=0.5864 acc=0.3283
[ep 003] val_sel AUC=0.5715 acc=0.3433
[ep 004] val_sel AUC=0.5746 acc=0.3433
[ep 005] val_sel AUC=0.5768 acc=0.3283
[ep 006] val_sel AUC=0.5780 acc=0.3433
[ep 007] val_sel AUC=0.5750 acc=0.3283
[ep 008] val_sel AUC=0.5653 acc=0.3285
[ep 009] val_sel AUC=0.5671 acc=0.3433
[ep 010] val_sel AUC=0.5666 acc=0.3468
[ep 011] val_sel AUC=0.5604 acc=0.3433
[ep 012] val_sel AUC=0.5500 acc=0.3535
[ep 013] val_sel AUC=0.5476 acc=0.3390
[ep 014] val_sel AUC=0.5449 acc=0.3732
[ep 015] val_sel AUC=0.5443 acc=0.3529
[ep 016] val_sel AUC=0.5505 acc=0.3712
[ep 017] val_sel AUC=0.5505 acc=0.3506
[ep 018] val_sel AUC=0.5459 acc=0.3285
[ep 019] val_sel AUC=0.5503 acc=0.3473
[ep 020] val_sel AUC=0.5512 acc=0.3667
[ep 021] val_sel AUC=0.5540 acc=0.3719
[ep 022] val_sel AUC=0.5559 acc=0.3777
[ep 023] val_sel AUC=0.5581 acc=0.3788
[ep 024] val_sel AUC=0.5590 acc=0.3744
[ep 025] val_sel AUC=0.5615 acc=0.3802
[ep 026] val_sel AUC=0.5631 acc=0.3793
[ep 027] val_sel AUC=0.5655 acc=0.3829
[ep 028] val_sel AUC=0.5678 acc=0.3838
[ep 029] val_sel AUC=0.5695 acc=0.3876
[ep 030] val_sel AUC=0.5705 acc=0.3882
[ep 031] val_sel AUC=0.5708 acc=0.3891
[ep 032] val_sel AUC=0.5708 acc=0.3880
[ep 033] val_sel AUC=0.5745 acc=0.3974
[ep 034] val_sel AUC=0.6243 acc=0.4337
[ep 035] val_sel AUC=0.6852 acc=0.4885
[ep 036] val_sel AUC=0.6276 acc=0.4283
[ep 037] val_sel AUC=0.6419 acc=0.4605
[ep 038] val_sel AUC=0.6866 acc=0.4831
[ep 039] val_sel AUC=0.7328 acc=0.5581
[ep 040] val_sel AUC=0.6861 acc=0.4916
[ep 041] val_sel AUC=0.6555 acc=0.4475
[ep 042] val_sel AUC=0.7035 acc=0.5337
[ep 043] val_sel AUC=0.7321 acc=0.5522
[ep 044] val_sel AUC=0.7723 acc=0.6109
[ep 045] val_sel AUC=0.7789 acc=0.6080
[ep 046] val_sel AUC=0.7477 acc=0.5484
[ep 047] val_sel AUC=0.7772 acc=0.5646
[ep 048] val_sel AUC=0.8378 acc=0.6755
[ep 049] val_sel AUC=0.7908 acc=0.6127
[ep 050] val_sel AUC=0.8191 acc=0.6491
[ep 051] val_sel AUC=0.8447 acc=0.6818
[ep 052] val_sel AUC=0.8417 acc=0.6847
[ep 053] val_sel AUC=0.8541 acc=0.6939
[ep 054] val_sel AUC=0.8313 acc=0.6480
[ep 055] val_sel AUC=0.8514 acc=0.6881
[ep 056] val_sel AUC=0.8506 acc=0.6937
[ep 057] val_sel AUC=0.8479 acc=0.6793
[ep 058] val_sel AUC=0.8567 acc=0.7019
[ep 059] val_sel AUC=0.8683 acc=0.7375
[ep 060] val_sel AUC=0.8636 acc=0.7292
[ep 061] val_sel AUC=0.8427 acc=0.6353
[ep 062] val_sel AUC=0.8745 acc=0.6836
[ep 063] val_sel AUC=0.8398 acc=0.6682
[ep 064] val_sel AUC=0.8629 acc=0.7156
[ep 065] val_sel AUC=0.8696 acc=0.7234
[ep 066] val_sel AUC=0.8518 acc=0.6917
[ep 067] val_sel AUC=0.8523 acc=0.6970
[ep 068] val_sel AUC=0.8553 acc=0.6892
[ep 069] val_sel AUC=0.8745 acc=0.7198
[ep 070] val_sel AUC=0.8822 acc=0.7438
[ep 071] val_sel AUC=0.8765 acc=0.7198
[ep 072] val_sel AUC=0.8816 acc=0.7393
[ep 073] val_sel AUC=0.8832 acc=0.7492
[ep 074] val_sel AUC=0.8848 acc=0.7527
[ep 075] val_sel AUC=0.8820 acc=0.7485
[ep 076] val_sel AUC=0.8862 acc=0.7601
[ep 077] val_sel AUC=0.8876 acc=0.7626
[ep 078] val_sel AUC=0.8896 acc=0.7637
[ep 079] val_sel AUC=0.8706 acc=0.7176
[ep 080] val_sel AUC=0.8830 acc=0.7418
[ep 081] val_sel AUC=0.8869 acc=0.7608
[ep 082] val_sel AUC=0.8912 acc=0.7639
[ep 083] val_sel AUC=0.8902 acc=0.7626
[ep 084] val_sel AUC=0.8877 acc=0.7612
[ep 085] val_sel AUC=0.8869 acc=0.7554
[ep 086] val_sel AUC=0.8872 acc=0.7653
[ep 087] val_sel AUC=0.8853 acc=0.7568
[ep 088] val_sel AUC=0.8862 acc=0.7617
[ep 089] val_sel AUC=0.8835 acc=0.7552
[ep 090] val_sel AUC=0.8842 acc=0.7568
[ep 091] val_sel AUC=0.8848 acc=0.7583
[ep 092] val_sel AUC=0.8844 acc=0.7570
[ep 093] val_sel AUC=0.8845 acc=0.7592
[ep 094] val_sel AUC=0.8845 acc=0.7588
[ep 095] val_sel AUC=0.8846 acc=0.7592
[ep 096] val_sel AUC=0.8845 acc=0.7588
============================================================
TEST (best val_sel epoch, held-out, evaluated once)
============================================================
[DONE-QPE2] embed=dctfix model_III N=100 seed=58 test_AUC=0.8878 val_sel_AUC=0.8912 per_class=(axion=0.9276 cdm=0.7919 no_sub=0.9439) params=203460 embed_params=1 R_frob_drift=None
