[INFO] QPE2 D=64 P=8 depth=4 | embed=dctfix | data=model_II N/class=100 seed=61 split_seed=0 | params=203460 embed_params=1 lr=0.001 epochs=96 bs=32 | train(300, 64, 64) val_sel(4455, 64, 64) test(4455, 64, 64) device=cuda
[ep 001] val_sel AUC=0.4886 acc=0.3237
[ep 002] val_sel AUC=0.5344 acc=0.3291
[ep 003] val_sel AUC=0.5458 acc=0.3237
[ep 004] val_sel AUC=0.5543 acc=0.3473
[ep 005] val_sel AUC=0.5579 acc=0.3421
[ep 006] val_sel AUC=0.5574 acc=0.3473
[ep 007] val_sel AUC=0.5592 acc=0.3291
[ep 008] val_sel AUC=0.5548 acc=0.3473
[ep 009] val_sel AUC=0.5550 acc=0.3237
[ep 010] val_sel AUC=0.5524 acc=0.3499
[ep 011] val_sel AUC=0.5497 acc=0.3473
[ep 012] val_sel AUC=0.5464 acc=0.3237
[ep 013] val_sel AUC=0.5514 acc=0.3291
[ep 014] val_sel AUC=0.5481 acc=0.3237
[ep 015] val_sel AUC=0.5455 acc=0.3291
[ep 016] val_sel AUC=0.5434 acc=0.3589
[ep 017] val_sel AUC=0.5402 acc=0.3257
[ep 018] val_sel AUC=0.5411 acc=0.3443
[ep 019] val_sel AUC=0.5419 acc=0.3616
[ep 020] val_sel AUC=0.5416 acc=0.3481
[ep 021] val_sel AUC=0.5472 acc=0.3522
[ep 022] val_sel AUC=0.5542 acc=0.3558
[ep 023] val_sel AUC=0.5472 acc=0.3571
[ep 024] val_sel AUC=0.5541 acc=0.3587
[ep 025] val_sel AUC=0.5648 acc=0.3713
[ep 026] val_sel AUC=0.5646 acc=0.3798
[ep 027] val_sel AUC=0.5646 acc=0.3690
[ep 028] val_sel AUC=0.5670 acc=0.3657
[ep 029] val_sel AUC=0.5671 acc=0.3657
[ep 030] val_sel AUC=0.5676 acc=0.3659
[ep 031] val_sel AUC=0.5679 acc=0.3670
[ep 032] val_sel AUC=0.5681 acc=0.3672
[ep 033] val_sel AUC=0.5670 acc=0.3843
[ep 034] val_sel AUC=0.5576 acc=0.3706
[ep 035] val_sel AUC=0.5783 acc=0.3912
[ep 036] val_sel AUC=0.5984 acc=0.3984
[ep 037] val_sel AUC=0.6373 acc=0.3966
[ep 038] val_sel AUC=0.6129 acc=0.4139
[ep 039] val_sel AUC=0.6737 acc=0.5048
[ep 040] val_sel AUC=0.6646 acc=0.4397
[ep 041] val_sel AUC=0.6535 acc=0.4364
[ep 042] val_sel AUC=0.6958 acc=0.4676
[ep 043] val_sel AUC=0.7131 acc=0.4871
[ep 044] val_sel AUC=0.7293 acc=0.4635
[ep 045] val_sel AUC=0.7275 acc=0.4180
[ep 046] val_sel AUC=0.7316 acc=0.5093
[ep 047] val_sel AUC=0.7962 acc=0.6119
[ep 048] val_sel AUC=0.8001 acc=0.6204
[ep 049] val_sel AUC=0.7760 acc=0.5237
[ep 050] val_sel AUC=0.8003 acc=0.6144
[ep 051] val_sel AUC=0.8045 acc=0.6090
[ep 052] val_sel AUC=0.8299 acc=0.6561
[ep 053] val_sel AUC=0.8019 acc=0.5843
[ep 054] val_sel AUC=0.8096 acc=0.5890
[ep 055] val_sel AUC=0.8412 acc=0.6671
[ep 056] val_sel AUC=0.8252 acc=0.6469
[ep 057] val_sel AUC=0.8123 acc=0.6036
[ep 058] val_sel AUC=0.8216 acc=0.6474
[ep 059] val_sel AUC=0.8547 acc=0.6862
[ep 060] val_sel AUC=0.8319 acc=0.6801
[ep 061] val_sel AUC=0.8336 acc=0.6709
[ep 062] val_sel AUC=0.8480 acc=0.7012
[ep 063] val_sel AUC=0.8577 acc=0.6754
[ep 064] val_sel AUC=0.8626 acc=0.6900
[ep 065] val_sel AUC=0.8707 acc=0.7187
[ep 066] val_sel AUC=0.8697 acc=0.7244
[ep 067] val_sel AUC=0.8583 acc=0.7019
[ep 068] val_sel AUC=0.8749 acc=0.7371
[ep 069] val_sel AUC=0.8707 acc=0.7302
[ep 070] val_sel AUC=0.8725 acc=0.7172
[ep 071] val_sel AUC=0.8681 acc=0.7329
[ep 072] val_sel AUC=0.8783 acc=0.7259
[ep 073] val_sel AUC=0.8842 acc=0.7273
[ep 074] val_sel AUC=0.8854 acc=0.7663
[ep 075] val_sel AUC=0.8858 acc=0.7520
[ep 076] val_sel AUC=0.8827 acc=0.7425
[ep 077] val_sel AUC=0.8828 acc=0.7544
[ep 078] val_sel AUC=0.8873 acc=0.7477
[ep 079] val_sel AUC=0.8848 acc=0.7565
[ep 080] val_sel AUC=0.8831 acc=0.7380
[ep 081] val_sel AUC=0.8850 acc=0.7544
[ep 082] val_sel AUC=0.8846 acc=0.7596
[ep 083] val_sel AUC=0.8855 acc=0.7551
[ep 084] val_sel AUC=0.8783 acc=0.7437
[ep 085] val_sel AUC=0.8855 acc=0.7585
[ep 086] val_sel AUC=0.8860 acc=0.7587
[ep 087] val_sel AUC=0.8856 acc=0.7538
[ep 088] val_sel AUC=0.8869 acc=0.7567
[ep 089] val_sel AUC=0.8849 acc=0.7553
[ep 090] val_sel AUC=0.8855 acc=0.7558
[ep 091] val_sel AUC=0.8860 acc=0.7558
[ep 092] val_sel AUC=0.8859 acc=0.7571
[ep 093] val_sel AUC=0.8861 acc=0.7553
[ep 094] val_sel AUC=0.8860 acc=0.7565
[ep 095] val_sel AUC=0.8859 acc=0.7556
[ep 096] val_sel AUC=0.8859 acc=0.7562
============================================================
TEST (best val_sel epoch, held-out, evaluated once)
============================================================
[DONE-QPE2] embed=dctfix model_II N=100 seed=61 test_AUC=0.8943 val_sel_AUC=0.8873 per_class=(axion=0.9247 cdm=0.8029 no_sub=0.9553) params=203460 embed_params=1 R_frob_drift=None
