[INFO] QPE2 D=64 P=8 depth=4 | embed=dctfix | data=model_II N/class=100 seed=58 split_seed=0 | params=203460 embed_params=1 lr=0.001 epochs=96 bs=32 | train(300, 64, 64) val_sel(4455, 64, 64) test(4455, 64, 64) device=cuda
[ep 001] val_sel AUC=0.5429 acc=0.3473
[ep 002] val_sel AUC=0.5321 acc=0.3237
[ep 003] val_sel AUC=0.5326 acc=0.3473
[ep 004] val_sel AUC=0.5351 acc=0.3473
[ep 005] val_sel AUC=0.5357 acc=0.3237
[ep 006] val_sel AUC=0.5399 acc=0.3473
[ep 007] val_sel AUC=0.5438 acc=0.3291
[ep 008] val_sel AUC=0.5434 acc=0.3237
[ep 009] val_sel AUC=0.5436 acc=0.3291
[ep 010] val_sel AUC=0.5421 acc=0.3421
[ep 011] val_sel AUC=0.5393 acc=0.3473
[ep 012] val_sel AUC=0.5358 acc=0.3663
[ep 013] val_sel AUC=0.5335 acc=0.3376
[ep 014] val_sel AUC=0.5331 acc=0.3446
[ep 015] val_sel AUC=0.5333 acc=0.3607
[ep 016] val_sel AUC=0.5339 acc=0.3414
[ep 017] val_sel AUC=0.5353 acc=0.3607
[ep 018] val_sel AUC=0.5401 acc=0.3410
[ep 019] val_sel AUC=0.5397 acc=0.3526
[ep 020] val_sel AUC=0.5461 acc=0.3623
[ep 021] val_sel AUC=0.5468 acc=0.3672
[ep 022] val_sel AUC=0.5481 acc=0.3625
[ep 023] val_sel AUC=0.5495 acc=0.3594
[ep 024] val_sel AUC=0.5469 acc=0.3634
[ep 025] val_sel AUC=0.5502 acc=0.3652
[ep 026] val_sel AUC=0.5510 acc=0.3614
[ep 027] val_sel AUC=0.5526 acc=0.3670
[ep 028] val_sel AUC=0.5519 acc=0.3643
[ep 029] val_sel AUC=0.5529 acc=0.3666
[ep 030] val_sel AUC=0.5531 acc=0.3663
[ep 031] val_sel AUC=0.5531 acc=0.3652
[ep 032] val_sel AUC=0.5531 acc=0.3661
[ep 033] val_sel AUC=0.5622 acc=0.3645
[ep 034] val_sel AUC=0.5636 acc=0.3614
[ep 035] val_sel AUC=0.5723 acc=0.3686
[ep 036] val_sel AUC=0.5783 acc=0.3791
[ep 037] val_sel AUC=0.5865 acc=0.3798
[ep 038] val_sel AUC=0.6073 acc=0.4090
[ep 039] val_sel AUC=0.6414 acc=0.4586
[ep 040] val_sel AUC=0.5725 acc=0.3838
[ep 041] val_sel AUC=0.6478 acc=0.4148
[ep 042] val_sel AUC=0.6394 acc=0.4539
[ep 043] val_sel AUC=0.6672 acc=0.4469
[ep 044] val_sel AUC=0.5992 acc=0.3969
[ep 045] val_sel AUC=0.6941 acc=0.4768
[ep 046] val_sel AUC=0.6851 acc=0.4958
[ep 047] val_sel AUC=0.7264 acc=0.5239
[ep 048] val_sel AUC=0.7177 acc=0.4936
[ep 049] val_sel AUC=0.7374 acc=0.5421
[ep 050] val_sel AUC=0.7486 acc=0.5313
[ep 051] val_sel AUC=0.7175 acc=0.5217
[ep 052] val_sel AUC=0.7227 acc=0.5279
[ep 053] val_sel AUC=0.7548 acc=0.5758
[ep 054] val_sel AUC=0.7731 acc=0.5668
[ep 055] val_sel AUC=0.7798 acc=0.5758
[ep 056] val_sel AUC=0.7957 acc=0.6110
[ep 057] val_sel AUC=0.8157 acc=0.6325
[ep 058] val_sel AUC=0.8220 acc=0.6523
[ep 059] val_sel AUC=0.8128 acc=0.6384
[ep 060] val_sel AUC=0.8425 acc=0.6730
[ep 061] val_sel AUC=0.8072 acc=0.6236
[ep 062] val_sel AUC=0.8420 acc=0.6590
[ep 063] val_sel AUC=0.7938 acc=0.6029
[ep 064] val_sel AUC=0.8221 acc=0.6285
[ep 065] val_sel AUC=0.8186 acc=0.6312
[ep 066] val_sel AUC=0.8234 acc=0.6366
[ep 067] val_sel AUC=0.8479 acc=0.6844
[ep 068] val_sel AUC=0.8414 acc=0.6797
[ep 069] val_sel AUC=0.8560 acc=0.6963
[ep 070] val_sel AUC=0.8434 acc=0.6864
[ep 071] val_sel AUC=0.8486 acc=0.6880
[ep 072] val_sel AUC=0.8404 acc=0.6826
[ep 073] val_sel AUC=0.8504 acc=0.6896
[ep 074] val_sel AUC=0.8494 acc=0.6889
[ep 075] val_sel AUC=0.8601 acc=0.7093
[ep 076] val_sel AUC=0.8571 acc=0.7055
[ep 077] val_sel AUC=0.8497 acc=0.6801
[ep 078] val_sel AUC=0.8435 acc=0.6676
[ep 079] val_sel AUC=0.8546 acc=0.6994
[ep 080] val_sel AUC=0.8468 acc=0.6936
[ep 081] val_sel AUC=0.8429 acc=0.6799
[ep 082] val_sel AUC=0.8526 acc=0.7026
[ep 083] val_sel AUC=0.8524 acc=0.6992
[ep 084] val_sel AUC=0.8515 acc=0.6999
[ep 085] val_sel AUC=0.8528 acc=0.7003
[ep 086] val_sel AUC=0.8527 acc=0.7010
[ep 087] val_sel AUC=0.8527 acc=0.7073
[ep 088] val_sel AUC=0.8517 acc=0.7015
[ep 089] val_sel AUC=0.8521 acc=0.7015
[ep 090] val_sel AUC=0.8526 acc=0.7042
[ep 091] val_sel AUC=0.8524 acc=0.7026
[ep 092] val_sel AUC=0.8523 acc=0.7028
[ep 093] val_sel AUC=0.8522 acc=0.7024
[ep 094] val_sel AUC=0.8523 acc=0.7026
[ep 095] val_sel AUC=0.8523 acc=0.7030
[ep 096] val_sel AUC=0.8523 acc=0.7028
============================================================
TEST (best val_sel epoch, held-out, evaluated once)
============================================================
[DONE-QPE2] embed=dctfix model_II N=100 seed=58 test_AUC=0.8632 val_sel_AUC=0.8601 per_class=(axion=0.8993 cdm=0.7540 no_sub=0.9365) params=203460 embed_params=1 R_frob_drift=None
