[INFO] QPE2 D=64 P=8 depth=4 | embed=dctfix | data=model_III N/class=250 seed=57 split_seed=0 | params=203460 embed_params=1 lr=0.001 epochs=96 bs=32 | train(750, 64, 64) val_sel(4469, 64, 64) test(4470, 64, 64) device=cuda
[ep 001] val_sel AUC=0.5140 acc=0.3285
[ep 002] val_sel AUC=0.5405 acc=0.3433
[ep 003] val_sel AUC=0.5638 acc=0.3285
[ep 004] val_sel AUC=0.5730 acc=0.3285
[ep 005] val_sel AUC=0.5520 acc=0.3285
[ep 006] val_sel AUC=0.5404 acc=0.3345
[ep 007] val_sel AUC=0.5361 acc=0.3585
[ep 008] val_sel AUC=0.5360 acc=0.3518
[ep 009] val_sel AUC=0.5662 acc=0.3614
[ep 010] val_sel AUC=0.5745 acc=0.3699
[ep 011] val_sel AUC=0.6111 acc=0.3916
[ep 012] val_sel AUC=0.6741 acc=0.4538
[ep 013] val_sel AUC=0.7844 acc=0.5552
[ep 014] val_sel AUC=0.8031 acc=0.6057
[ep 015] val_sel AUC=0.8308 acc=0.6485
[ep 016] val_sel AUC=0.8316 acc=0.6485
[ep 017] val_sel AUC=0.8337 acc=0.6800
[ep 018] val_sel AUC=0.8662 acc=0.7073
[ep 019] val_sel AUC=0.8642 acc=0.7087
[ep 020] val_sel AUC=0.8693 acc=0.7185
[ep 021] val_sel AUC=0.8904 acc=0.7617
[ep 022] val_sel AUC=0.8835 acc=0.7160
[ep 023] val_sel AUC=0.9086 acc=0.7908
[ep 024] val_sel AUC=0.9116 acc=0.7805
[ep 025] val_sel AUC=0.9012 acc=0.7682
[ep 026] val_sel AUC=0.9182 acc=0.8138
[ep 027] val_sel AUC=0.9159 acc=0.8138
[ep 028] val_sel AUC=0.9183 acc=0.7984
[ep 029] val_sel AUC=0.9215 acc=0.8230
[ep 030] val_sel AUC=0.9203 acc=0.8250
[ep 031] val_sel AUC=0.9232 acc=0.8230
[ep 032] val_sel AUC=0.9230 acc=0.8237
[ep 033] val_sel AUC=0.8843 acc=0.7230
[ep 034] val_sel AUC=0.8789 acc=0.7407
[ep 035] val_sel AUC=0.8486 acc=0.7053
[ep 036] val_sel AUC=0.8922 acc=0.7301
[ep 037] val_sel AUC=0.8953 acc=0.7478
[ep 038] val_sel AUC=0.9040 acc=0.7436
[ep 039] val_sel AUC=0.9144 acc=0.7662
[ep 040] val_sel AUC=0.9015 acc=0.7501
[ep 041] val_sel AUC=0.9001 acc=0.7541
[ep 042] val_sel AUC=0.9108 acc=0.7789
[ep 043] val_sel AUC=0.8937 acc=0.7416
[ep 044] val_sel AUC=0.9054 acc=0.7787
[ep 045] val_sel AUC=0.9061 acc=0.7272
[ep 046] val_sel AUC=0.9174 acc=0.7968
[ep 047] val_sel AUC=0.9044 acc=0.7545
[ep 048] val_sel AUC=0.9212 acc=0.8006
[ep 049] val_sel AUC=0.8984 acc=0.7586
[ep 050] val_sel AUC=0.9180 acc=0.8089
[ep 051] val_sel AUC=0.9133 acc=0.8051
[ep 052] val_sel AUC=0.9015 acc=0.7713
[ep 053] val_sel AUC=0.9161 acc=0.7908
[ep 054] val_sel AUC=0.8979 acc=0.7346
[ep 055] val_sel AUC=0.9233 acc=0.8154
[ep 056] val_sel AUC=0.9251 acc=0.8105
[ep 057] val_sel AUC=0.9276 acc=0.8302
[ep 058] val_sel AUC=0.9290 acc=0.8087
[ep 059] val_sel AUC=0.9317 acc=0.8078
[ep 060] val_sel AUC=0.9128 acc=0.7968
[ep 061] val_sel AUC=0.9133 acc=0.7982
[ep 062] val_sel AUC=0.9187 acc=0.7823
[ep 063] val_sel AUC=0.9240 acc=0.7959
[ep 064] val_sel AUC=0.9201 acc=0.7979
[ep 065] val_sel AUC=0.9286 acc=0.8203
[ep 066] val_sel AUC=0.9366 acc=0.8375
[ep 067] val_sel AUC=0.9286 acc=0.8241
[ep 068] val_sel AUC=0.9367 acc=0.8273
[ep 069] val_sel AUC=0.9358 acc=0.8405
[ep 070] val_sel AUC=0.9313 acc=0.8355
[ep 071] val_sel AUC=0.9363 acc=0.8331
[ep 072] val_sel AUC=0.9280 acc=0.8315
[ep 073] val_sel AUC=0.9395 acc=0.8371
[ep 074] val_sel AUC=0.9247 acc=0.8017
[ep 075] val_sel AUC=0.9348 acc=0.8279
[ep 076] val_sel AUC=0.9395 acc=0.8469
[ep 077] val_sel AUC=0.9401 acc=0.8449
[ep 078] val_sel AUC=0.9364 acc=0.8396
[ep 079] val_sel AUC=0.9382 acc=0.8434
[ep 080] val_sel AUC=0.9337 acc=0.8371
[ep 081] val_sel AUC=0.9373 acc=0.8387
[ep 082] val_sel AUC=0.9357 acc=0.8409
[ep 083] val_sel AUC=0.9399 acc=0.8496
[ep 084] val_sel AUC=0.9385 acc=0.8449
[ep 085] val_sel AUC=0.9357 acc=0.8378
[ep 086] val_sel AUC=0.9376 acc=0.8445
[ep 087] val_sel AUC=0.9364 acc=0.8402
[ep 088] val_sel AUC=0.9373 acc=0.8434
[ep 089] val_sel AUC=0.9371 acc=0.8436
[ep 090] val_sel AUC=0.9365 acc=0.8425
[ep 091] val_sel AUC=0.9366 acc=0.8418
[ep 092] val_sel AUC=0.9370 acc=0.8449
[ep 093] val_sel AUC=0.9368 acc=0.8452
[ep 094] val_sel AUC=0.9366 acc=0.8443
[ep 095] val_sel AUC=0.9365 acc=0.8443
[ep 096] val_sel AUC=0.9365 acc=0.8440
============================================================
TEST (best val_sel epoch, held-out, evaluated once)
============================================================
[DONE-QPE2] embed=dctfix model_III N=250 seed=57 test_AUC=0.9361 val_sel_AUC=0.9401 per_class=(axion=0.9463 cdm=0.8846 no_sub=0.9774) params=203460 embed_params=1 R_frob_drift=None
