[INFO] QPE2 D=64 P=8 depth=4 | embed=dctfix | data=model_II N/class=100 seed=48 split_seed=0 | params=203460 embed_params=1 lr=0.001 epochs=96 bs=32 | train(300, 64, 64) val_sel(4455, 64, 64) test(4455, 64, 64) device=cuda
[ep 001] val_sel AUC=0.5439 acc=0.3291
[ep 002] val_sel AUC=0.5142 acc=0.3237
[ep 003] val_sel AUC=0.5273 acc=0.3291
[ep 004] val_sel AUC=0.5314 acc=0.3291
[ep 005] val_sel AUC=0.5286 acc=0.3237
[ep 006] val_sel AUC=0.5333 acc=0.3473
[ep 007] val_sel AUC=0.5329 acc=0.3511
[ep 008] val_sel AUC=0.5346 acc=0.3237
[ep 009] val_sel AUC=0.5330 acc=0.3473
[ep 010] val_sel AUC=0.5397 acc=0.3237
[ep 011] val_sel AUC=0.5393 acc=0.3468
[ep 012] val_sel AUC=0.5350 acc=0.3473
[ep 013] val_sel AUC=0.5368 acc=0.3237
[ep 014] val_sel AUC=0.5378 acc=0.3291
[ep 015] val_sel AUC=0.5343 acc=0.3473
[ep 016] val_sel AUC=0.5303 acc=0.3237
[ep 017] val_sel AUC=0.5287 acc=0.3291
[ep 018] val_sel AUC=0.5286 acc=0.3455
[ep 019] val_sel AUC=0.5263 acc=0.3244
[ep 020] val_sel AUC=0.5287 acc=0.3244
[ep 021] val_sel AUC=0.5268 acc=0.3371
[ep 022] val_sel AUC=0.5217 acc=0.3414
[ep 023] val_sel AUC=0.5144 acc=0.3396
[ep 024] val_sel AUC=0.5139 acc=0.3511
[ep 025] val_sel AUC=0.5130 acc=0.3526
[ep 026] val_sel AUC=0.5147 acc=0.3367
[ep 027] val_sel AUC=0.5065 acc=0.3302
[ep 028] val_sel AUC=0.5012 acc=0.3347
[ep 029] val_sel AUC=0.4995 acc=0.3403
[ep 030] val_sel AUC=0.4989 acc=0.3356
[ep 031] val_sel AUC=0.4990 acc=0.3320
[ep 032] val_sel AUC=0.4993 acc=0.3327
[ep 033] val_sel AUC=0.5130 acc=0.3499
[ep 034] val_sel AUC=0.5122 acc=0.3331
[ep 035] val_sel AUC=0.4998 acc=0.3295
[ep 036] val_sel AUC=0.5008 acc=0.3475
[ep 037] val_sel AUC=0.5134 acc=0.3300
[ep 038] val_sel AUC=0.5121 acc=0.3428
[ep 039] val_sel AUC=0.5265 acc=0.3282
[ep 040] val_sel AUC=0.5317 acc=0.3336
[ep 041] val_sel AUC=0.5341 acc=0.3477
[ep 042] val_sel AUC=0.5375 acc=0.3551
[ep 043] val_sel AUC=0.5421 acc=0.3461
[ep 044] val_sel AUC=0.5413 acc=0.3681
[ep 045] val_sel AUC=0.5568 acc=0.3565
[ep 046] val_sel AUC=0.5510 acc=0.3632
[ep 047] val_sel AUC=0.5504 acc=0.3585
[ep 048] val_sel AUC=0.5632 acc=0.3639
[ep 049] val_sel AUC=0.5653 acc=0.3648
[ep 050] val_sel AUC=0.5871 acc=0.4072
[ep 051] val_sel AUC=0.6005 acc=0.3989
[ep 052] val_sel AUC=0.6345 acc=0.4449
[ep 053] val_sel AUC=0.6502 acc=0.4595
[ep 054] val_sel AUC=0.6674 acc=0.4550
[ep 055] val_sel AUC=0.6852 acc=0.5089
[ep 056] val_sel AUC=0.6777 acc=0.4813
[ep 057] val_sel AUC=0.6895 acc=0.4941
[ep 058] val_sel AUC=0.6904 acc=0.4947
[ep 059] val_sel AUC=0.7263 acc=0.5187
[ep 060] val_sel AUC=0.7356 acc=0.4840
[ep 061] val_sel AUC=0.7392 acc=0.5149
[ep 062] val_sel AUC=0.7612 acc=0.5724
[ep 063] val_sel AUC=0.7790 acc=0.6092
[ep 064] val_sel AUC=0.7840 acc=0.6148
[ep 065] val_sel AUC=0.8042 acc=0.6357
[ep 066] val_sel AUC=0.7922 acc=0.6103
[ep 067] val_sel AUC=0.7657 acc=0.5221
[ep 068] val_sel AUC=0.7841 acc=0.5751
[ep 069] val_sel AUC=0.7960 acc=0.6334
[ep 070] val_sel AUC=0.8123 acc=0.6527
[ep 071] val_sel AUC=0.8108 acc=0.6566
[ep 072] val_sel AUC=0.8053 acc=0.6220
[ep 073] val_sel AUC=0.8266 acc=0.6631
[ep 074] val_sel AUC=0.8110 acc=0.6530
[ep 075] val_sel AUC=0.8133 acc=0.6440
[ep 076] val_sel AUC=0.8235 acc=0.6604
[ep 077] val_sel AUC=0.8313 acc=0.6801
[ep 078] val_sel AUC=0.8246 acc=0.6685
[ep 079] val_sel AUC=0.8238 acc=0.6819
[ep 080] val_sel AUC=0.8262 acc=0.6732
[ep 081] val_sel AUC=0.8278 acc=0.6772
[ep 082] val_sel AUC=0.8254 acc=0.6860
[ep 083] val_sel AUC=0.8234 acc=0.6822
[ep 084] val_sel AUC=0.8213 acc=0.6700
[ep 085] val_sel AUC=0.8216 acc=0.6763
[ep 086] val_sel AUC=0.8239 acc=0.6873
[ep 087] val_sel AUC=0.8226 acc=0.6866
[ep 088] val_sel AUC=0.8232 acc=0.6866
[ep 089] val_sel AUC=0.8217 acc=0.6826
[ep 090] val_sel AUC=0.8215 acc=0.6844
[ep 091] val_sel AUC=0.8213 acc=0.6831
[ep 092] val_sel AUC=0.8212 acc=0.6831
[ep 093] val_sel AUC=0.8209 acc=0.6819
[ep 094] val_sel AUC=0.8208 acc=0.6819
[ep 095] val_sel AUC=0.8208 acc=0.6817
[ep 096] val_sel AUC=0.8208 acc=0.6822
============================================================
TEST (best val_sel epoch, held-out, evaluated once)
============================================================
[DONE-QPE2] embed=dctfix model_II N=100 seed=48 test_AUC=0.8442 val_sel_AUC=0.8313 per_class=(axion=0.9025 cdm=0.7246 no_sub=0.9056) params=203460 embed_params=1 R_frob_drift=None
