[INFO] QPE2 D=64 P=8 depth=4 | embed=dctfix | data=model_III N/class=250 seed=45 split_seed=0 | params=203460 embed_params=1 lr=0.001 epochs=96 bs=32 | train(750, 64, 64) val_sel(4469, 64, 64) test(4470, 64, 64) device=cuda
[ep 001] val_sel AUC=0.6018 acc=0.3285
[ep 002] val_sel AUC=0.5929 acc=0.3283
[ep 003] val_sel AUC=0.5842 acc=0.3433
[ep 004] val_sel AUC=0.5736 acc=0.3283
[ep 005] val_sel AUC=0.5603 acc=0.3283
[ep 006] val_sel AUC=0.5428 acc=0.3433
[ep 007] val_sel AUC=0.5401 acc=0.3571
[ep 008] val_sel AUC=0.5440 acc=0.3285
[ep 009] val_sel AUC=0.5386 acc=0.3632
[ep 010] val_sel AUC=0.5401 acc=0.3643
[ep 011] val_sel AUC=0.5460 acc=0.3544
[ep 012] val_sel AUC=0.5499 acc=0.3688
[ep 013] val_sel AUC=0.5524 acc=0.3620
[ep 014] val_sel AUC=0.5585 acc=0.3775
[ep 015] val_sel AUC=0.5660 acc=0.3932
[ep 016] val_sel AUC=0.6118 acc=0.3885
[ep 017] val_sel AUC=0.6800 acc=0.4916
[ep 018] val_sel AUC=0.7408 acc=0.5185
[ep 019] val_sel AUC=0.8026 acc=0.6004
[ep 020] val_sel AUC=0.8127 acc=0.6033
[ep 021] val_sel AUC=0.8407 acc=0.6758
[ep 022] val_sel AUC=0.8403 acc=0.6516
[ep 023] val_sel AUC=0.8830 acc=0.7210
[ep 024] val_sel AUC=0.8867 acc=0.7335
[ep 025] val_sel AUC=0.8868 acc=0.7384
[ep 026] val_sel AUC=0.8981 acc=0.7431
[ep 027] val_sel AUC=0.9027 acc=0.7592
[ep 028] val_sel AUC=0.9045 acc=0.7608
[ep 029] val_sel AUC=0.9119 acc=0.7749
[ep 030] val_sel AUC=0.9142 acc=0.7883
[ep 031] val_sel AUC=0.9142 acc=0.7821
[ep 032] val_sel AUC=0.9142 acc=0.7832
[ep 033] val_sel AUC=0.8575 acc=0.6675
[ep 034] val_sel AUC=0.8709 acc=0.7116
[ep 035] val_sel AUC=0.8587 acc=0.6650
[ep 036] val_sel AUC=0.8770 acc=0.7169
[ep 037] val_sel AUC=0.8861 acc=0.7078
[ep 038] val_sel AUC=0.8386 acc=0.6760
[ep 039] val_sel AUC=0.8606 acc=0.7131
[ep 040] val_sel AUC=0.8945 acc=0.7219
[ep 041] val_sel AUC=0.8573 acc=0.6362
[ep 042] val_sel AUC=0.8607 acc=0.6702
[ep 043] val_sel AUC=0.8890 acc=0.7178
[ep 044] val_sel AUC=0.8898 acc=0.7035
[ep 045] val_sel AUC=0.8769 acc=0.6764
[ep 046] val_sel AUC=0.8863 acc=0.7306
[ep 047] val_sel AUC=0.8965 acc=0.7440
[ep 048] val_sel AUC=0.9062 acc=0.7586
[ep 049] val_sel AUC=0.9079 acc=0.7825
[ep 050] val_sel AUC=0.8588 acc=0.6652
[ep 051] val_sel AUC=0.8939 acc=0.7266
[ep 052] val_sel AUC=0.8992 acc=0.7190
[ep 053] val_sel AUC=0.9182 acc=0.7881
[ep 054] val_sel AUC=0.9015 acc=0.7429
[ep 055] val_sel AUC=0.9118 acc=0.7816
[ep 056] val_sel AUC=0.9132 acc=0.7843
[ep 057] val_sel AUC=0.9070 acc=0.7310
[ep 058] val_sel AUC=0.9188 acc=0.7930
[ep 059] val_sel AUC=0.9280 acc=0.8107
[ep 060] val_sel AUC=0.9233 acc=0.7977
[ep 061] val_sel AUC=0.9171 acc=0.7695
[ep 062] val_sel AUC=0.9172 acc=0.8024
[ep 063] val_sel AUC=0.8902 acc=0.7534
[ep 064] val_sel AUC=0.9203 acc=0.8161
[ep 065] val_sel AUC=0.9226 acc=0.8096
[ep 066] val_sel AUC=0.9066 acc=0.7836
[ep 067] val_sel AUC=0.9074 acc=0.7612
[ep 068] val_sel AUC=0.9096 acc=0.7474
[ep 069] val_sel AUC=0.9290 acc=0.8360
[ep 070] val_sel AUC=0.9311 acc=0.8335
[ep 071] val_sel AUC=0.9279 acc=0.8201
[ep 072] val_sel AUC=0.9259 acc=0.8192
[ep 073] val_sel AUC=0.9232 acc=0.8226
[ep 074] val_sel AUC=0.9319 acc=0.8196
[ep 075] val_sel AUC=0.9286 acc=0.8230
[ep 076] val_sel AUC=0.9296 acc=0.8226
[ep 077] val_sel AUC=0.9255 acc=0.8337
[ep 078] val_sel AUC=0.9357 acc=0.8469
[ep 079] val_sel AUC=0.9339 acc=0.8434
[ep 080] val_sel AUC=0.9368 acc=0.8501
[ep 081] val_sel AUC=0.9307 acc=0.8331
[ep 082] val_sel AUC=0.9341 acc=0.8389
[ep 083] val_sel AUC=0.9294 acc=0.8208
[ep 084] val_sel AUC=0.9268 acc=0.8221
[ep 085] val_sel AUC=0.9347 acc=0.8485
[ep 086] val_sel AUC=0.9340 acc=0.8449
[ep 087] val_sel AUC=0.9356 acc=0.8537
[ep 088] val_sel AUC=0.9350 acc=0.8530
[ep 089] val_sel AUC=0.9355 acc=0.8534
[ep 090] val_sel AUC=0.9356 acc=0.8532
[ep 091] val_sel AUC=0.9349 acc=0.8516
[ep 092] val_sel AUC=0.9352 acc=0.8541
[ep 093] val_sel AUC=0.9353 acc=0.8554
[ep 094] val_sel AUC=0.9349 acc=0.8546
[ep 095] val_sel AUC=0.9350 acc=0.8548
[ep 096] val_sel AUC=0.9350 acc=0.8546
============================================================
TEST (best val_sel epoch, held-out, evaluated once)
============================================================
[DONE-QPE2] embed=dctfix model_III N=250 seed=45 test_AUC=0.9297 val_sel_AUC=0.9368 per_class=(axion=0.9402 cdm=0.8695 no_sub=0.9793) params=203460 embed_params=1 R_frob_drift=None
