[INFO] QPE2 D=64 P=8 depth=4 | embed=dctfix | data=model_II N/class=250 seed=44 split_seed=0 | params=203460 embed_params=1 lr=0.001 epochs=96 bs=32 | train(750, 64, 64) val_sel(4455, 64, 64) test(4455, 64, 64) device=cuda
[ep 001] val_sel AUC=0.5413 acc=0.3502
[ep 002] val_sel AUC=0.5514 acc=0.3291
[ep 003] val_sel AUC=0.5522 acc=0.3291
[ep 004] val_sel AUC=0.5556 acc=0.3291
[ep 005] val_sel AUC=0.5589 acc=0.3473
[ep 006] val_sel AUC=0.5588 acc=0.3473
[ep 007] val_sel AUC=0.5567 acc=0.3237
[ep 008] val_sel AUC=0.5624 acc=0.3282
[ep 009] val_sel AUC=0.5626 acc=0.3473
[ep 010] val_sel AUC=0.5516 acc=0.3266
[ep 011] val_sel AUC=0.5467 acc=0.3603
[ep 012] val_sel AUC=0.5614 acc=0.3450
[ep 013] val_sel AUC=0.5580 acc=0.3576
[ep 014] val_sel AUC=0.5731 acc=0.3688
[ep 015] val_sel AUC=0.5804 acc=0.3850
[ep 016] val_sel AUC=0.6920 acc=0.4532
[ep 017] val_sel AUC=0.7651 acc=0.5490
[ep 018] val_sel AUC=0.7607 acc=0.5607
[ep 019] val_sel AUC=0.7667 acc=0.5787
[ep 020] val_sel AUC=0.8096 acc=0.6384
[ep 021] val_sel AUC=0.8459 acc=0.6584
[ep 022] val_sel AUC=0.8675 acc=0.6972
[ep 023] val_sel AUC=0.8640 acc=0.6985
[ep 024] val_sel AUC=0.8667 acc=0.7044
[ep 025] val_sel AUC=0.8864 acc=0.7437
[ep 026] val_sel AUC=0.8851 acc=0.7419
[ep 027] val_sel AUC=0.8850 acc=0.7495
[ep 028] val_sel AUC=0.8919 acc=0.7529
[ep 029] val_sel AUC=0.8933 acc=0.7531
[ep 030] val_sel AUC=0.8928 acc=0.7513
[ep 031] val_sel AUC=0.8940 acc=0.7556
[ep 032] val_sel AUC=0.8941 acc=0.7553
[ep 033] val_sel AUC=0.8265 acc=0.6438
[ep 034] val_sel AUC=0.8606 acc=0.7199
[ep 035] val_sel AUC=0.8191 acc=0.6478
[ep 036] val_sel AUC=0.8270 acc=0.6265
[ep 037] val_sel AUC=0.8536 acc=0.6981
[ep 038] val_sel AUC=0.8670 acc=0.7019
[ep 039] val_sel AUC=0.8395 acc=0.6321
[ep 040] val_sel AUC=0.8481 acc=0.6516
[ep 041] val_sel AUC=0.8593 acc=0.7037
[ep 042] val_sel AUC=0.8887 acc=0.7380
[ep 043] val_sel AUC=0.8735 acc=0.7257
[ep 044] val_sel AUC=0.8828 acc=0.7405
[ep 045] val_sel AUC=0.8799 acc=0.7349
[ep 046] val_sel AUC=0.8714 acc=0.6846
[ep 047] val_sel AUC=0.8909 acc=0.7511
[ep 048] val_sel AUC=0.9049 acc=0.7865
[ep 049] val_sel AUC=0.8811 acc=0.7118
[ep 050] val_sel AUC=0.8840 acc=0.7172
[ep 051] val_sel AUC=0.8848 acc=0.7466
[ep 052] val_sel AUC=0.9029 acc=0.7787
[ep 053] val_sel AUC=0.9070 acc=0.7634
[ep 054] val_sel AUC=0.9101 acc=0.7618
[ep 055] val_sel AUC=0.8889 acc=0.7414
[ep 056] val_sel AUC=0.9115 acc=0.7706
[ep 057] val_sel AUC=0.9152 acc=0.8027
[ep 058] val_sel AUC=0.9131 acc=0.7793
[ep 059] val_sel AUC=0.9013 acc=0.7843
[ep 060] val_sel AUC=0.8996 acc=0.7506
[ep 061] val_sel AUC=0.9093 acc=0.7868
[ep 062] val_sel AUC=0.8913 acc=0.7410
[ep 063] val_sel AUC=0.9065 acc=0.7769
[ep 064] val_sel AUC=0.9160 acc=0.8070
[ep 065] val_sel AUC=0.9158 acc=0.7982
[ep 066] val_sel AUC=0.9120 acc=0.7926
[ep 067] val_sel AUC=0.8912 acc=0.7499
[ep 068] val_sel AUC=0.9131 acc=0.7939
[ep 069] val_sel AUC=0.9219 acc=0.7987
[ep 070] val_sel AUC=0.9143 acc=0.7834
[ep 071] val_sel AUC=0.9206 acc=0.8052
[ep 072] val_sel AUC=0.9208 acc=0.8088
[ep 073] val_sel AUC=0.9217 acc=0.8128
[ep 074] val_sel AUC=0.9203 acc=0.8081
[ep 075] val_sel AUC=0.9223 acc=0.8049
[ep 076] val_sel AUC=0.9240 acc=0.8182
[ep 077] val_sel AUC=0.9268 acc=0.8081
[ep 078] val_sel AUC=0.9200 acc=0.8231
[ep 079] val_sel AUC=0.9291 acc=0.8254
[ep 080] val_sel AUC=0.9274 acc=0.8260
[ep 081] val_sel AUC=0.9260 acc=0.8265
[ep 082] val_sel AUC=0.9288 acc=0.8301
[ep 083] val_sel AUC=0.9269 acc=0.8294
[ep 084] val_sel AUC=0.9282 acc=0.8310
[ep 085] val_sel AUC=0.9257 acc=0.8236
[ep 086] val_sel AUC=0.9243 acc=0.8242
[ep 087] val_sel AUC=0.9270 acc=0.8281
[ep 088] val_sel AUC=0.9256 acc=0.8308
[ep 089] val_sel AUC=0.9277 acc=0.8254
[ep 090] val_sel AUC=0.9235 acc=0.8272
[ep 091] val_sel AUC=0.9265 acc=0.8265
[ep 092] val_sel AUC=0.9253 acc=0.8238
[ep 093] val_sel AUC=0.9258 acc=0.8258
[ep 094] val_sel AUC=0.9254 acc=0.8240
[ep 095] val_sel AUC=0.9257 acc=0.8251
[ep 096] val_sel AUC=0.9257 acc=0.8247
============================================================
TEST (best val_sel epoch, held-out, evaluated once)
============================================================
[DONE-QPE2] embed=dctfix model_II N=250 seed=44 test_AUC=0.9316 val_sel_AUC=0.9291 per_class=(axion=0.9478 cdm=0.8719 no_sub=0.9751) params=203460 embed_params=1 R_frob_drift=None
