[INFO] QPE2 D=64 P=8 depth=4 | embed=dctfix | data=model_III N/class=250 seed=46 split_seed=0 | params=203460 embed_params=1 lr=0.001 epochs=96 bs=32 | train(750, 64, 64) val_sel(4469, 64, 64) test(4470, 64, 64) device=cuda
[ep 001] val_sel AUC=0.5116 acc=0.3285
[ep 002] val_sel AUC=0.5445 acc=0.3433
[ep 003] val_sel AUC=0.5699 acc=0.3433
[ep 004] val_sel AUC=0.5937 acc=0.3283
[ep 005] val_sel AUC=0.6127 acc=0.3285
[ep 006] val_sel AUC=0.5775 acc=0.3372
[ep 007] val_sel AUC=0.5862 acc=0.3782
[ep 008] val_sel AUC=0.6226 acc=0.4563
[ep 009] val_sel AUC=0.6719 acc=0.4972
[ep 010] val_sel AUC=0.7122 acc=0.5133
[ep 011] val_sel AUC=0.7875 acc=0.5807
[ep 012] val_sel AUC=0.7634 acc=0.5628
[ep 013] val_sel AUC=0.8119 acc=0.5934
[ep 014] val_sel AUC=0.8410 acc=0.6610
[ep 015] val_sel AUC=0.8505 acc=0.6791
[ep 016] val_sel AUC=0.8650 acc=0.7113
[ep 017] val_sel AUC=0.8672 acc=0.7084
[ep 018] val_sel AUC=0.8822 acc=0.7158
[ep 019] val_sel AUC=0.8481 acc=0.5838
[ep 020] val_sel AUC=0.8893 acc=0.7386
[ep 021] val_sel AUC=0.8856 acc=0.7442
[ep 022] val_sel AUC=0.8948 acc=0.7621
[ep 023] val_sel AUC=0.9118 acc=0.7850
[ep 024] val_sel AUC=0.9164 acc=0.8082
[ep 025] val_sel AUC=0.9198 acc=0.8067
[ep 026] val_sel AUC=0.9140 acc=0.7787
[ep 027] val_sel AUC=0.9138 acc=0.8062
[ep 028] val_sel AUC=0.9179 acc=0.8076
[ep 029] val_sel AUC=0.9239 acc=0.8250
[ep 030] val_sel AUC=0.9240 acc=0.8196
[ep 031] val_sel AUC=0.9248 acc=0.8219
[ep 032] val_sel AUC=0.9248 acc=0.8217
[ep 033] val_sel AUC=0.8404 acc=0.6787
[ep 034] val_sel AUC=0.8707 acc=0.7281
[ep 035] val_sel AUC=0.8932 acc=0.7691
[ep 036] val_sel AUC=0.8922 acc=0.7606
[ep 037] val_sel AUC=0.8605 acc=0.6814
[ep 038] val_sel AUC=0.8910 acc=0.7498
[ep 039] val_sel AUC=0.8889 acc=0.7474
[ep 040] val_sel AUC=0.9049 acc=0.7668
[ep 041] val_sel AUC=0.9132 acc=0.7791
[ep 042] val_sel AUC=0.8834 acc=0.7149
[ep 043] val_sel AUC=0.9102 acc=0.7756
[ep 044] val_sel AUC=0.8884 acc=0.7339
[ep 045] val_sel AUC=0.9173 acc=0.8071
[ep 046] val_sel AUC=0.9110 acc=0.7579
[ep 047] val_sel AUC=0.8920 acc=0.7626
[ep 048] val_sel AUC=0.9013 acc=0.7785
[ep 049] val_sel AUC=0.8530 acc=0.6746
[ep 050] val_sel AUC=0.8853 acc=0.7353
[ep 051] val_sel AUC=0.9234 acc=0.8196
[ep 052] val_sel AUC=0.9137 acc=0.7548
[ep 053] val_sel AUC=0.9159 acc=0.7823
[ep 054] val_sel AUC=0.9209 acc=0.8118
[ep 055] val_sel AUC=0.8937 acc=0.7308
[ep 056] val_sel AUC=0.9283 acc=0.8293
[ep 057] val_sel AUC=0.9253 acc=0.8194
[ep 058] val_sel AUC=0.9218 acc=0.8026
[ep 059] val_sel AUC=0.9200 acc=0.8044
[ep 060] val_sel AUC=0.9257 acc=0.8152
[ep 061] val_sel AUC=0.9283 acc=0.8221
[ep 062] val_sel AUC=0.9185 acc=0.7872
[ep 063] val_sel AUC=0.9318 acc=0.8391
[ep 064] val_sel AUC=0.9346 acc=0.8472
[ep 065] val_sel AUC=0.9264 acc=0.8320
[ep 066] val_sel AUC=0.9317 acc=0.8422
[ep 067] val_sel AUC=0.9301 acc=0.8239
[ep 068] val_sel AUC=0.9214 acc=0.8109
[ep 069] val_sel AUC=0.9221 acc=0.8190
[ep 070] val_sel AUC=0.9206 acc=0.8129
[ep 071] val_sel AUC=0.9280 acc=0.8367
[ep 072] val_sel AUC=0.9254 acc=0.8205
[ep 073] val_sel AUC=0.9220 acc=0.8049
[ep 074] val_sel AUC=0.9266 acc=0.8362
[ep 075] val_sel AUC=0.9291 acc=0.8259
[ep 076] val_sel AUC=0.9294 acc=0.8320
[ep 077] val_sel AUC=0.9273 acc=0.8447
[ep 078] val_sel AUC=0.9279 acc=0.8188
[ep 079] val_sel AUC=0.9256 acc=0.8196
[ep 080] val_sel AUC=0.9259 acc=0.8302
[ep 081] val_sel AUC=0.9269 acc=0.8416
[ep 082] val_sel AUC=0.9341 acc=0.8384
[ep 083] val_sel AUC=0.9320 acc=0.8369
[ep 084] val_sel AUC=0.9172 acc=0.8174
[ep 085] val_sel AUC=0.9210 acc=0.8250
[ep 086] val_sel AUC=0.9241 acc=0.8286
[ep 087] val_sel AUC=0.9243 acc=0.8355
[ep 088] val_sel AUC=0.9238 acc=0.8302
[ep 089] val_sel AUC=0.9230 acc=0.8373
[ep 090] val_sel AUC=0.9238 acc=0.8320
[ep 091] val_sel AUC=0.9225 acc=0.8328
[ep 092] val_sel AUC=0.9217 acc=0.8337
[ep 093] val_sel AUC=0.9216 acc=0.8344
[ep 094] val_sel AUC=0.9217 acc=0.8337
[ep 095] val_sel AUC=0.9214 acc=0.8335
[ep 096] val_sel AUC=0.9212 acc=0.8333
============================================================
TEST (best val_sel epoch, held-out, evaluated once)
============================================================
[DONE-QPE2] embed=dctfix model_III N=250 seed=46 test_AUC=0.9363 val_sel_AUC=0.9346 per_class=(axion=0.9490 cdm=0.8849 no_sub=0.9750) params=203460 embed_params=1 R_frob_drift=None
