[INFO] QPE2 D=64 P=8 depth=4 | embed=dctfix | data=model_III N/class=250 seed=43 split_seed=0 | params=203460 embed_params=1 lr=0.001 epochs=96 bs=32 | train(750, 64, 64) val_sel(4469, 64, 64) test(4470, 64, 64) device=cuda
[ep 001] val_sel AUC=0.4966 acc=0.3433
[ep 002] val_sel AUC=0.5123 acc=0.3433
[ep 003] val_sel AUC=0.5230 acc=0.3433
[ep 004] val_sel AUC=0.5252 acc=0.3283
[ep 005] val_sel AUC=0.5313 acc=0.3285
[ep 006] val_sel AUC=0.5290 acc=0.3285
[ep 007] val_sel AUC=0.5264 acc=0.3433
[ep 008] val_sel AUC=0.5332 acc=0.3417
[ep 009] val_sel AUC=0.5666 acc=0.3433
[ep 010] val_sel AUC=0.5990 acc=0.3659
[ep 011] val_sel AUC=0.6879 acc=0.4708
[ep 012] val_sel AUC=0.7150 acc=0.4963
[ep 013] val_sel AUC=0.6682 acc=0.4419
[ep 014] val_sel AUC=0.7661 acc=0.5771
[ep 015] val_sel AUC=0.8005 acc=0.6252
[ep 016] val_sel AUC=0.8583 acc=0.7051
[ep 017] val_sel AUC=0.8702 acc=0.7154
[ep 018] val_sel AUC=0.8521 acc=0.6699
[ep 019] val_sel AUC=0.8892 acc=0.7565
[ep 020] val_sel AUC=0.8870 acc=0.7514
[ep 021] val_sel AUC=0.9040 acc=0.7888
[ep 022] val_sel AUC=0.9045 acc=0.7742
[ep 023] val_sel AUC=0.9014 acc=0.7709
[ep 024] val_sel AUC=0.9058 acc=0.7709
[ep 025] val_sel AUC=0.9105 acc=0.7892
[ep 026] val_sel AUC=0.9156 acc=0.8017
[ep 027] val_sel AUC=0.9184 acc=0.8143
[ep 028] val_sel AUC=0.9198 acc=0.8190
[ep 029] val_sel AUC=0.9216 acc=0.8188
[ep 030] val_sel AUC=0.9223 acc=0.8194
[ep 031] val_sel AUC=0.9224 acc=0.8190
[ep 032] val_sel AUC=0.9223 acc=0.8217
[ep 033] val_sel AUC=0.8393 acc=0.5545
[ep 034] val_sel AUC=0.8789 acc=0.6919
[ep 035] val_sel AUC=0.8947 acc=0.7523
[ep 036] val_sel AUC=0.9106 acc=0.7783
[ep 037] val_sel AUC=0.8798 acc=0.7109
[ep 038] val_sel AUC=0.9175 acc=0.7865
[ep 039] val_sel AUC=0.9014 acc=0.7776
[ep 040] val_sel AUC=0.8834 acc=0.7073
[ep 041] val_sel AUC=0.8979 acc=0.7695
[ep 042] val_sel AUC=0.8906 acc=0.6981
[ep 043] val_sel AUC=0.9266 acc=0.8017
[ep 044] val_sel AUC=0.9056 acc=0.7948
[ep 045] val_sel AUC=0.9184 acc=0.8022
[ep 046] val_sel AUC=0.9002 acc=0.7433
[ep 047] val_sel AUC=0.9280 acc=0.8069
[ep 048] val_sel AUC=0.9259 acc=0.7993
[ep 049] val_sel AUC=0.9175 acc=0.8154
[ep 050] val_sel AUC=0.9248 acc=0.8089
[ep 051] val_sel AUC=0.9250 acc=0.7997
[ep 052] val_sel AUC=0.9155 acc=0.7724
[ep 053] val_sel AUC=0.9202 acc=0.8250
[ep 054] val_sel AUC=0.9331 acc=0.8232
[ep 055] val_sel AUC=0.9291 acc=0.8002
[ep 056] val_sel AUC=0.9131 acc=0.7722
[ep 057] val_sel AUC=0.9141 acc=0.7711
[ep 058] val_sel AUC=0.9175 acc=0.7612
[ep 059] val_sel AUC=0.9219 acc=0.8080
[ep 060] val_sel AUC=0.9243 acc=0.8176
[ep 061] val_sel AUC=0.9250 acc=0.8297
[ep 062] val_sel AUC=0.9356 acc=0.8320
[ep 063] val_sel AUC=0.9398 acc=0.8369
[ep 064] val_sel AUC=0.9380 acc=0.8445
[ep 065] val_sel AUC=0.9328 acc=0.8232
[ep 066] val_sel AUC=0.9254 acc=0.8136
[ep 067] val_sel AUC=0.9299 acc=0.8358
[ep 068] val_sel AUC=0.9348 acc=0.8342
[ep 069] val_sel AUC=0.9268 acc=0.8188
[ep 070] val_sel AUC=0.9184 acc=0.8141
[ep 071] val_sel AUC=0.9332 acc=0.8324
[ep 072] val_sel AUC=0.9346 acc=0.8398
[ep 073] val_sel AUC=0.9340 acc=0.8407
[ep 074] val_sel AUC=0.9362 acc=0.8418
[ep 075] val_sel AUC=0.9345 acc=0.8414
[ep 076] val_sel AUC=0.9300 acc=0.8163
[ep 077] val_sel AUC=0.9236 acc=0.8176
[ep 078] val_sel AUC=0.9306 acc=0.8367
[ep 079] val_sel AUC=0.9360 acc=0.8351
[ep 080] val_sel AUC=0.9255 acc=0.8188
[ep 081] val_sel AUC=0.9376 acc=0.8411
[ep 082] val_sel AUC=0.9321 acc=0.8420
[ep 083] val_sel AUC=0.9340 acc=0.8400
[ep 084] val_sel AUC=0.9343 acc=0.8454
[ep 085] val_sel AUC=0.9359 acc=0.8494
[ep 086] val_sel AUC=0.9345 acc=0.8467
[ep 087] val_sel AUC=0.9342 acc=0.8490
[ep 088] val_sel AUC=0.9357 acc=0.8492
[ep 089] val_sel AUC=0.9353 acc=0.8487
[ep 090] val_sel AUC=0.9331 acc=0.8474
[ep 091] val_sel AUC=0.9344 acc=0.8481
[ep 092] val_sel AUC=0.9341 acc=0.8478
[ep 093] val_sel AUC=0.9345 acc=0.8476
[ep 094] val_sel AUC=0.9342 acc=0.8481
[ep 095] val_sel AUC=0.9342 acc=0.8476
[ep 096] val_sel AUC=0.9343 acc=0.8478
============================================================
TEST (best val_sel epoch, held-out, evaluated once)
============================================================
[DONE-QPE2] embed=dctfix model_III N=250 seed=43 test_AUC=0.9395 val_sel_AUC=0.9398 per_class=(axion=0.9480 cdm=0.8883 no_sub=0.9821) params=203460 embed_params=1 R_frob_drift=None
