[INFO] QPE2 D=64 P=8 depth=4 | embed=dctfix | data=model_III N/class=100 seed=55 split_seed=0 | params=203460 embed_params=1 lr=0.001 epochs=96 bs=32 | train(300, 64, 64) val_sel(4469, 64, 64) test(4470, 64, 64) device=cuda
[ep 001] val_sel AUC=0.4762 acc=0.3433
[ep 002] val_sel AUC=0.4956 acc=0.3283
[ep 003] val_sel AUC=0.4967 acc=0.3433
[ep 004] val_sel AUC=0.5037 acc=0.3285
[ep 005] val_sel AUC=0.5056 acc=0.3433
[ep 006] val_sel AUC=0.5100 acc=0.3464
[ep 007] val_sel AUC=0.5114 acc=0.3285
[ep 008] val_sel AUC=0.5182 acc=0.3283
[ep 009] val_sel AUC=0.5164 acc=0.3433
[ep 010] val_sel AUC=0.5200 acc=0.3285
[ep 011] val_sel AUC=0.5197 acc=0.3285
[ep 012] val_sel AUC=0.5243 acc=0.3283
[ep 013] val_sel AUC=0.5260 acc=0.3433
[ep 014] val_sel AUC=0.5261 acc=0.3285
[ep 015] val_sel AUC=0.5293 acc=0.3316
[ep 016] val_sel AUC=0.5275 acc=0.3408
[ep 017] val_sel AUC=0.5307 acc=0.3283
[ep 018] val_sel AUC=0.5261 acc=0.3433
[ep 019] val_sel AUC=0.5289 acc=0.3359
[ep 020] val_sel AUC=0.5294 acc=0.3433
[ep 021] val_sel AUC=0.5312 acc=0.3314
[ep 022] val_sel AUC=0.5276 acc=0.3285
[ep 023] val_sel AUC=0.5256 acc=0.3218
[ep 024] val_sel AUC=0.5293 acc=0.3397
[ep 025] val_sel AUC=0.5308 acc=0.3339
[ep 026] val_sel AUC=0.5312 acc=0.3339
[ep 027] val_sel AUC=0.5286 acc=0.3484
[ep 028] val_sel AUC=0.5285 acc=0.3699
[ep 029] val_sel AUC=0.5292 acc=0.3714
[ep 030] val_sel AUC=0.5295 acc=0.3493
[ep 031] val_sel AUC=0.5295 acc=0.3567
[ep 032] val_sel AUC=0.5295 acc=0.3482
[ep 033] val_sel AUC=0.5253 acc=0.3426
[ep 034] val_sel AUC=0.5279 acc=0.3576
[ep 035] val_sel AUC=0.5351 acc=0.3600
[ep 036] val_sel AUC=0.5385 acc=0.3551
[ep 037] val_sel AUC=0.5454 acc=0.3652
[ep 038] val_sel AUC=0.5522 acc=0.3650
[ep 039] val_sel AUC=0.5573 acc=0.3636
[ep 040] val_sel AUC=0.5422 acc=0.3417
[ep 041] val_sel AUC=0.5378 acc=0.3453
[ep 042] val_sel AUC=0.5493 acc=0.3437
[ep 043] val_sel AUC=0.5528 acc=0.3712
[ep 044] val_sel AUC=0.5624 acc=0.3844
[ep 045] val_sel AUC=0.5937 acc=0.3437
[ep 046] val_sel AUC=0.5747 acc=0.3920
[ep 047] val_sel AUC=0.6345 acc=0.4350
[ep 048] val_sel AUC=0.6256 acc=0.4345
[ep 049] val_sel AUC=0.6875 acc=0.3983
[ep 050] val_sel AUC=0.6523 acc=0.4426
[ep 051] val_sel AUC=0.6856 acc=0.4715
[ep 052] val_sel AUC=0.7192 acc=0.5093
[ep 053] val_sel AUC=0.7380 acc=0.5569
[ep 054] val_sel AUC=0.7327 acc=0.5366
[ep 055] val_sel AUC=0.7696 acc=0.5787
[ep 056] val_sel AUC=0.7581 acc=0.5279
[ep 057] val_sel AUC=0.7490 acc=0.5507
[ep 058] val_sel AUC=0.7408 acc=0.5547
[ep 059] val_sel AUC=0.7732 acc=0.5520
[ep 060] val_sel AUC=0.7935 acc=0.6100
[ep 061] val_sel AUC=0.8222 acc=0.6617
[ep 062] val_sel AUC=0.8259 acc=0.6124
[ep 063] val_sel AUC=0.8266 acc=0.6500
[ep 064] val_sel AUC=0.7617 acc=0.5887
[ep 065] val_sel AUC=0.8025 acc=0.6205
[ep 066] val_sel AUC=0.8298 acc=0.6339
[ep 067] val_sel AUC=0.8286 acc=0.6735
[ep 068] val_sel AUC=0.8496 acc=0.6878
[ep 069] val_sel AUC=0.8472 acc=0.6966
[ep 070] val_sel AUC=0.8347 acc=0.6793
[ep 071] val_sel AUC=0.8420 acc=0.6802
[ep 072] val_sel AUC=0.8447 acc=0.6791
[ep 073] val_sel AUC=0.8641 acc=0.7185
[ep 074] val_sel AUC=0.8597 acc=0.7066
[ep 075] val_sel AUC=0.8653 acc=0.7176
[ep 076] val_sel AUC=0.8574 acc=0.7073
[ep 077] val_sel AUC=0.8595 acc=0.6977
[ep 078] val_sel AUC=0.8716 acc=0.7364
[ep 079] val_sel AUC=0.8715 acc=0.7315
[ep 080] val_sel AUC=0.8732 acc=0.7357
[ep 081] val_sel AUC=0.8527 acc=0.6729
[ep 082] val_sel AUC=0.8511 acc=0.7055
[ep 083] val_sel AUC=0.8669 acc=0.7174
[ep 084] val_sel AUC=0.8760 acc=0.7353
[ep 085] val_sel AUC=0.8709 acc=0.7261
[ep 086] val_sel AUC=0.8731 acc=0.7420
[ep 087] val_sel AUC=0.8701 acc=0.7281
[ep 088] val_sel AUC=0.8724 acc=0.7364
[ep 089] val_sel AUC=0.8706 acc=0.7337
[ep 090] val_sel AUC=0.8711 acc=0.7319
[ep 091] val_sel AUC=0.8723 acc=0.7353
[ep 092] val_sel AUC=0.8716 acc=0.7322
[ep 093] val_sel AUC=0.8720 acc=0.7344
[ep 094] val_sel AUC=0.8719 acc=0.7346
[ep 095] val_sel AUC=0.8720 acc=0.7353
[ep 096] val_sel AUC=0.8720 acc=0.7355
============================================================
TEST (best val_sel epoch, held-out, evaluated once)
============================================================
[DONE-QPE2] embed=dctfix model_III N=100 seed=55 test_AUC=0.8811 val_sel_AUC=0.8760 per_class=(axion=0.9141 cdm=0.7939 no_sub=0.9352) params=203460 embed_params=1 R_frob_drift=None
