[INFO] QPE2 D=64 P=8 depth=4 | embed=dctfix | data=model_II N/class=100 seed=57 split_seed=0 | params=203460 embed_params=1 lr=0.001 epochs=96 bs=32 | train(300, 64, 64) val_sel(4455, 64, 64) test(4455, 64, 64) device=cuda
[ep 001] val_sel AUC=0.5283 acc=0.3473
[ep 002] val_sel AUC=0.5251 acc=0.3237
[ep 003] val_sel AUC=0.5280 acc=0.3237
[ep 004] val_sel AUC=0.5289 acc=0.3473
[ep 005] val_sel AUC=0.5337 acc=0.3291
[ep 006] val_sel AUC=0.5385 acc=0.3237
[ep 007] val_sel AUC=0.5424 acc=0.3473
[ep 008] val_sel AUC=0.5463 acc=0.3237
[ep 009] val_sel AUC=0.5494 acc=0.3291
[ep 010] val_sel AUC=0.5462 acc=0.3473
[ep 011] val_sel AUC=0.5491 acc=0.3291
[ep 012] val_sel AUC=0.5460 acc=0.3473
[ep 013] val_sel AUC=0.5424 acc=0.3473
[ep 014] val_sel AUC=0.5416 acc=0.3473
[ep 015] val_sel AUC=0.5395 acc=0.3237
[ep 016] val_sel AUC=0.5367 acc=0.3291
[ep 017] val_sel AUC=0.5373 acc=0.3237
[ep 018] val_sel AUC=0.5326 acc=0.3535
[ep 019] val_sel AUC=0.5309 acc=0.3405
[ep 020] val_sel AUC=0.5312 acc=0.3455
[ep 021] val_sel AUC=0.5330 acc=0.3443
[ep 022] val_sel AUC=0.5328 acc=0.3468
[ep 023] val_sel AUC=0.5304 acc=0.3464
[ep 024] val_sel AUC=0.5293 acc=0.3459
[ep 025] val_sel AUC=0.5292 acc=0.3488
[ep 026] val_sel AUC=0.5288 acc=0.3549
[ep 027] val_sel AUC=0.5289 acc=0.3473
[ep 028] val_sel AUC=0.5289 acc=0.3473
[ep 029] val_sel AUC=0.5286 acc=0.3459
[ep 030] val_sel AUC=0.5286 acc=0.3459
[ep 031] val_sel AUC=0.5286 acc=0.3459
[ep 032] val_sel AUC=0.5286 acc=0.3457
[ep 033] val_sel AUC=0.5270 acc=0.3479
[ep 034] val_sel AUC=0.5265 acc=0.3475
[ep 035] val_sel AUC=0.5298 acc=0.3425
[ep 036] val_sel AUC=0.5306 acc=0.3237
[ep 037] val_sel AUC=0.5319 acc=0.3412
[ep 038] val_sel AUC=0.5303 acc=0.3582
[ep 039] val_sel AUC=0.5299 acc=0.3387
[ep 040] val_sel AUC=0.5272 acc=0.3522
[ep 041] val_sel AUC=0.5276 acc=0.3450
[ep 042] val_sel AUC=0.5280 acc=0.3432
[ep 043] val_sel AUC=0.5290 acc=0.3576
[ep 044] val_sel AUC=0.5290 acc=0.3464
[ep 045] val_sel AUC=0.5268 acc=0.3320
[ep 046] val_sel AUC=0.5260 acc=0.3515
[ep 047] val_sel AUC=0.5283 acc=0.3430
[ep 048] val_sel AUC=0.5306 acc=0.3562
[ep 049] val_sel AUC=0.5419 acc=0.3531
[ep 050] val_sel AUC=0.5413 acc=0.3634
[ep 051] val_sel AUC=0.5615 acc=0.3688
[ep 052] val_sel AUC=0.5663 acc=0.3744
[ep 053] val_sel AUC=0.5542 acc=0.3816
[ep 054] val_sel AUC=0.5613 acc=0.3847
[ep 055] val_sel AUC=0.5865 acc=0.3984
[ep 056] val_sel AUC=0.5934 acc=0.4189
[ep 057] val_sel AUC=0.6049 acc=0.4117
[ep 058] val_sel AUC=0.5846 acc=0.3587
[ep 059] val_sel AUC=0.5995 acc=0.4074
[ep 060] val_sel AUC=0.6206 acc=0.4258
[ep 061] val_sel AUC=0.6591 acc=0.4678
[ep 062] val_sel AUC=0.6295 acc=0.4527
[ep 063] val_sel AUC=0.6169 acc=0.4343
[ep 064] val_sel AUC=0.6210 acc=0.3614
[ep 065] val_sel AUC=0.6230 acc=0.4449
[ep 066] val_sel AUC=0.6332 acc=0.4503
[ep 067] val_sel AUC=0.6655 acc=0.4590
[ep 068] val_sel AUC=0.6842 acc=0.4734
[ep 069] val_sel AUC=0.7060 acc=0.5306
[ep 070] val_sel AUC=0.7037 acc=0.5293
[ep 071] val_sel AUC=0.7396 acc=0.5499
[ep 072] val_sel AUC=0.7530 acc=0.5625
[ep 073] val_sel AUC=0.7713 acc=0.5883
[ep 074] val_sel AUC=0.7842 acc=0.6002
[ep 075] val_sel AUC=0.7742 acc=0.5827
[ep 076] val_sel AUC=0.7988 acc=0.6159
[ep 077] val_sel AUC=0.7828 acc=0.5969
[ep 078] val_sel AUC=0.7857 acc=0.6094
[ep 079] val_sel AUC=0.7972 acc=0.6173
[ep 080] val_sel AUC=0.8095 acc=0.6328
[ep 081] val_sel AUC=0.8111 acc=0.6310
[ep 082] val_sel AUC=0.8154 acc=0.6530
[ep 083] val_sel AUC=0.8139 acc=0.6424
[ep 084] val_sel AUC=0.8274 acc=0.6620
[ep 085] val_sel AUC=0.8289 acc=0.6723
[ep 086] val_sel AUC=0.8341 acc=0.6848
[ep 087] val_sel AUC=0.8336 acc=0.6788
[ep 088] val_sel AUC=0.8330 acc=0.6779
[ep 089] val_sel AUC=0.8335 acc=0.6763
[ep 090] val_sel AUC=0.8353 acc=0.6828
[ep 091] val_sel AUC=0.8360 acc=0.6819
[ep 092] val_sel AUC=0.8361 acc=0.6833
[ep 093] val_sel AUC=0.8361 acc=0.6833
[ep 094] val_sel AUC=0.8362 acc=0.6837
[ep 095] val_sel AUC=0.8362 acc=0.6853
[ep 096] val_sel AUC=0.8362 acc=0.6842
============================================================
TEST (best val_sel epoch, held-out, evaluated once)
============================================================
[DONE-QPE2] embed=dctfix model_II N=100 seed=57 test_AUC=0.8469 val_sel_AUC=0.8362 per_class=(axion=0.8989 cdm=0.7134 no_sub=0.9285) params=203460 embed_params=1 R_frob_drift=None
