[INFO] QPE2 D=64 P=8 depth=4 | embed=dctfix | data=model_III N/class=100 seed=52 split_seed=0 | params=203460 embed_params=1 lr=0.001 epochs=96 bs=32 | train(300, 64, 64) val_sel(4469, 64, 64) test(4470, 64, 64) device=cuda
[ep 001] val_sel AUC=0.4308 acc=0.3433
[ep 002] val_sel AUC=0.5056 acc=0.3283
[ep 003] val_sel AUC=0.5072 acc=0.3285
[ep 004] val_sel AUC=0.5076 acc=0.3433
[ep 005] val_sel AUC=0.5193 acc=0.3283
[ep 006] val_sel AUC=0.5225 acc=0.3285
[ep 007] val_sel AUC=0.5210 acc=0.3285
[ep 008] val_sel AUC=0.5284 acc=0.3283
[ep 009] val_sel AUC=0.5294 acc=0.3283
[ep 010] val_sel AUC=0.5332 acc=0.3283
[ep 011] val_sel AUC=0.5325 acc=0.3285
[ep 012] val_sel AUC=0.5365 acc=0.3283
[ep 013] val_sel AUC=0.5370 acc=0.3283
[ep 014] val_sel AUC=0.5351 acc=0.3433
[ep 015] val_sel AUC=0.5382 acc=0.3403
[ep 016] val_sel AUC=0.5402 acc=0.3283
[ep 017] val_sel AUC=0.5402 acc=0.3285
[ep 018] val_sel AUC=0.5423 acc=0.3433
[ep 019] val_sel AUC=0.5424 acc=0.3612
[ep 020] val_sel AUC=0.5446 acc=0.3283
[ep 021] val_sel AUC=0.5438 acc=0.3285
[ep 022] val_sel AUC=0.5445 acc=0.3446
[ep 023] val_sel AUC=0.5471 acc=0.3433
[ep 024] val_sel AUC=0.5471 acc=0.3283
[ep 025] val_sel AUC=0.5481 acc=0.3283
[ep 026] val_sel AUC=0.5480 acc=0.3285
[ep 027] val_sel AUC=0.5486 acc=0.3283
[ep 028] val_sel AUC=0.5488 acc=0.3283
[ep 029] val_sel AUC=0.5490 acc=0.3283
[ep 030] val_sel AUC=0.5491 acc=0.3714
[ep 031] val_sel AUC=0.5491 acc=0.3811
[ep 032] val_sel AUC=0.5491 acc=0.3846
[ep 033] val_sel AUC=0.5571 acc=0.3283
[ep 034] val_sel AUC=0.5657 acc=0.3285
[ep 035] val_sel AUC=0.5723 acc=0.3283
[ep 036] val_sel AUC=0.5941 acc=0.3285
[ep 037] val_sel AUC=0.5827 acc=0.3283
[ep 038] val_sel AUC=0.5787 acc=0.3285
[ep 039] val_sel AUC=0.5651 acc=0.3283
[ep 040] val_sel AUC=0.5652 acc=0.3730
[ep 041] val_sel AUC=0.5613 acc=0.3683
[ep 042] val_sel AUC=0.5685 acc=0.3690
[ep 043] val_sel AUC=0.5918 acc=0.3766
[ep 044] val_sel AUC=0.6014 acc=0.4050
[ep 045] val_sel AUC=0.6297 acc=0.4158
[ep 046] val_sel AUC=0.6332 acc=0.4337
[ep 047] val_sel AUC=0.6792 acc=0.4679
[ep 048] val_sel AUC=0.7158 acc=0.5220
[ep 049] val_sel AUC=0.6704 acc=0.4435
[ep 050] val_sel AUC=0.7634 acc=0.5628
[ep 051] val_sel AUC=0.7643 acc=0.5480
[ep 052] val_sel AUC=0.7889 acc=0.5916
[ep 053] val_sel AUC=0.8192 acc=0.6456
[ep 054] val_sel AUC=0.8299 acc=0.6527
[ep 055] val_sel AUC=0.7742 acc=0.5442
[ep 056] val_sel AUC=0.8100 acc=0.6171
[ep 057] val_sel AUC=0.8132 acc=0.6250
[ep 058] val_sel AUC=0.8170 acc=0.6328
[ep 059] val_sel AUC=0.8330 acc=0.6635
[ep 060] val_sel AUC=0.8419 acc=0.6858
[ep 061] val_sel AUC=0.8363 acc=0.6675
[ep 062] val_sel AUC=0.8381 acc=0.6550
[ep 063] val_sel AUC=0.8444 acc=0.6899
[ep 064] val_sel AUC=0.8515 acc=0.6932
[ep 065] val_sel AUC=0.8476 acc=0.6863
[ep 066] val_sel AUC=0.8292 acc=0.6478
[ep 067] val_sel AUC=0.8484 acc=0.6923
[ep 068] val_sel AUC=0.8326 acc=0.6523
[ep 069] val_sel AUC=0.8600 acc=0.6883
[ep 070] val_sel AUC=0.8684 acc=0.7339
[ep 071] val_sel AUC=0.8644 acc=0.7281
[ep 072] val_sel AUC=0.8698 acc=0.7261
[ep 073] val_sel AUC=0.8643 acc=0.7163
[ep 074] val_sel AUC=0.8666 acc=0.7062
[ep 075] val_sel AUC=0.8769 acc=0.7407
[ep 076] val_sel AUC=0.8814 acc=0.7579
[ep 077] val_sel AUC=0.8815 acc=0.7527
[ep 078] val_sel AUC=0.8753 acc=0.7151
[ep 079] val_sel AUC=0.8689 acc=0.7386
[ep 080] val_sel AUC=0.8792 acc=0.7395
[ep 081] val_sel AUC=0.8813 acc=0.7561
[ep 082] val_sel AUC=0.8791 acc=0.7505
[ep 083] val_sel AUC=0.8826 acc=0.7628
[ep 084] val_sel AUC=0.8831 acc=0.7603
[ep 085] val_sel AUC=0.8824 acc=0.7592
[ep 086] val_sel AUC=0.8801 acc=0.7543
[ep 087] val_sel AUC=0.8793 acc=0.7550
[ep 088] val_sel AUC=0.8812 acc=0.7597
[ep 089] val_sel AUC=0.8801 acc=0.7543
[ep 090] val_sel AUC=0.8787 acc=0.7489
[ep 091] val_sel AUC=0.8794 acc=0.7577
[ep 092] val_sel AUC=0.8792 acc=0.7561
[ep 093] val_sel AUC=0.8783 acc=0.7527
[ep 094] val_sel AUC=0.8781 acc=0.7527
[ep 095] val_sel AUC=0.8781 acc=0.7518
[ep 096] val_sel AUC=0.8781 acc=0.7516
============================================================
TEST (best val_sel epoch, held-out, evaluated once)
============================================================
[DONE-QPE2] embed=dctfix model_III N=100 seed=52 test_AUC=0.8886 val_sel_AUC=0.8831 per_class=(axion=0.9204 cdm=0.7919 no_sub=0.9535) params=203460 embed_params=1 R_frob_drift=None
