[INFO] QPE2 D=64 P=8 depth=4 | embed=dctfix | data=model_III N/class=250 seed=47 split_seed=0 | params=203460 embed_params=1 lr=0.001 epochs=96 bs=32 | train(750, 64, 64) val_sel(4469, 64, 64) test(4470, 64, 64) device=cuda
[ep 001] val_sel AUC=0.5294 acc=0.3433
[ep 002] val_sel AUC=0.5311 acc=0.3285
[ep 003] val_sel AUC=0.5294 acc=0.3285
[ep 004] val_sel AUC=0.5211 acc=0.3377
[ep 005] val_sel AUC=0.5207 acc=0.3433
[ep 006] val_sel AUC=0.5268 acc=0.3471
[ep 007] val_sel AUC=0.5521 acc=0.3562
[ep 008] val_sel AUC=0.7039 acc=0.4243
[ep 009] val_sel AUC=0.7692 acc=0.5804
[ep 010] val_sel AUC=0.7986 acc=0.6205
[ep 011] val_sel AUC=0.8054 acc=0.6086
[ep 012] val_sel AUC=0.8340 acc=0.6473
[ep 013] val_sel AUC=0.8549 acc=0.6809
[ep 014] val_sel AUC=0.8593 acc=0.6934
[ep 015] val_sel AUC=0.8640 acc=0.6035
[ep 016] val_sel AUC=0.8747 acc=0.7100
[ep 017] val_sel AUC=0.8995 acc=0.7612
[ep 018] val_sel AUC=0.9026 acc=0.7677
[ep 019] val_sel AUC=0.8965 acc=0.7702
[ep 020] val_sel AUC=0.9107 acc=0.7749
[ep 021] val_sel AUC=0.9214 acc=0.8015
[ep 022] val_sel AUC=0.9200 acc=0.7935
[ep 023] val_sel AUC=0.9216 acc=0.8111
[ep 024] val_sel AUC=0.9307 acc=0.8344
[ep 025] val_sel AUC=0.9282 acc=0.8194
[ep 026] val_sel AUC=0.9303 acc=0.8219
[ep 027] val_sel AUC=0.9316 acc=0.8328
[ep 028] val_sel AUC=0.9260 acc=0.8143
[ep 029] val_sel AUC=0.9333 acc=0.8286
[ep 030] val_sel AUC=0.9331 acc=0.8344
[ep 031] val_sel AUC=0.9337 acc=0.8362
[ep 032] val_sel AUC=0.9338 acc=0.8367
[ep 033] val_sel AUC=0.7488 acc=0.5290
[ep 034] val_sel AUC=0.8634 acc=0.7037
[ep 035] val_sel AUC=0.8765 acc=0.7194
[ep 036] val_sel AUC=0.8923 acc=0.7295
[ep 037] val_sel AUC=0.9042 acc=0.7612
[ep 038] val_sel AUC=0.9132 acc=0.7917
[ep 039] val_sel AUC=0.8875 acc=0.7445
[ep 040] val_sel AUC=0.9297 acc=0.8302
[ep 041] val_sel AUC=0.8946 acc=0.7411
[ep 042] val_sel AUC=0.9148 acc=0.7518
[ep 043] val_sel AUC=0.9211 acc=0.7724
[ep 044] val_sel AUC=0.9069 acc=0.7586
[ep 045] val_sel AUC=0.9037 acc=0.7671
[ep 046] val_sel AUC=0.9227 acc=0.7881
[ep 047] val_sel AUC=0.9362 acc=0.8284
[ep 048] val_sel AUC=0.9119 acc=0.8040
[ep 049] val_sel AUC=0.9232 acc=0.8029
[ep 050] val_sel AUC=0.9380 acc=0.8306
[ep 051] val_sel AUC=0.9313 acc=0.8268
[ep 052] val_sel AUC=0.9167 acc=0.7163
[ep 053] val_sel AUC=0.9254 acc=0.8076
[ep 054] val_sel AUC=0.9342 acc=0.8082
[ep 055] val_sel AUC=0.9245 acc=0.8024
[ep 056] val_sel AUC=0.9253 acc=0.8120
[ep 057] val_sel AUC=0.9257 acc=0.8060
[ep 058] val_sel AUC=0.9406 acc=0.8499
[ep 059] val_sel AUC=0.9313 acc=0.8208
[ep 060] val_sel AUC=0.9280 acc=0.8076
[ep 061] val_sel AUC=0.9306 acc=0.8127
[ep 062] val_sel AUC=0.9335 acc=0.8389
[ep 063] val_sel AUC=0.9396 acc=0.8514
[ep 064] val_sel AUC=0.9353 acc=0.8342
[ep 065] val_sel AUC=0.9331 acc=0.8102
[ep 066] val_sel AUC=0.9329 acc=0.8183
[ep 067] val_sel AUC=0.9334 acc=0.8246
[ep 068] val_sel AUC=0.9398 acc=0.8375
[ep 069] val_sel AUC=0.9244 acc=0.8100
[ep 070] val_sel AUC=0.9322 acc=0.8335
[ep 071] val_sel AUC=0.9415 acc=0.8496
[ep 072] val_sel AUC=0.9379 acc=0.8519
[ep 073] val_sel AUC=0.9427 acc=0.8588
[ep 074] val_sel AUC=0.9391 acc=0.8601
[ep 075] val_sel AUC=0.9437 acc=0.8469
[ep 076] val_sel AUC=0.9459 acc=0.8590
[ep 077] val_sel AUC=0.9447 acc=0.8568
[ep 078] val_sel AUC=0.9460 acc=0.8608
[ep 079] val_sel AUC=0.9396 acc=0.8499
[ep 080] val_sel AUC=0.9447 acc=0.8563
[ep 081] val_sel AUC=0.9418 acc=0.8566
[ep 082] val_sel AUC=0.9432 acc=0.8644
[ep 083] val_sel AUC=0.9397 acc=0.8503
[ep 084] val_sel AUC=0.9432 acc=0.8575
[ep 085] val_sel AUC=0.9395 acc=0.8606
[ep 086] val_sel AUC=0.9425 acc=0.8586
[ep 087] val_sel AUC=0.9397 acc=0.8615
[ep 088] val_sel AUC=0.9417 acc=0.8626
[ep 089] val_sel AUC=0.9401 acc=0.8606
[ep 090] val_sel AUC=0.9396 acc=0.8599
[ep 091] val_sel AUC=0.9401 acc=0.8590
[ep 092] val_sel AUC=0.9402 acc=0.8584
[ep 093] val_sel AUC=0.9397 acc=0.8590
[ep 094] val_sel AUC=0.9395 acc=0.8584
[ep 095] val_sel AUC=0.9394 acc=0.8590
[ep 096] val_sel AUC=0.9394 acc=0.8590
============================================================
TEST (best val_sel epoch, held-out, evaluated once)
============================================================
[DONE-QPE2] embed=dctfix model_III N=250 seed=47 test_AUC=0.9411 val_sel_AUC=0.9460 per_class=(axion=0.9494 cdm=0.8920 no_sub=0.9819) params=203460 embed_params=1 R_frob_drift=None
