[INFO] QPE2 D=64 P=8 depth=4 | embed=dctfix | data=model_II N/class=250 seed=42 split_seed=0 | params=203460 embed_params=1 lr=0.001 epochs=96 bs=32 | train(750, 64, 64) val_sel(4455, 64, 64) test(4455, 64, 64) device=cuda
[ep 001] val_sel AUC=0.5378 acc=0.3237
[ep 002] val_sel AUC=0.5415 acc=0.3291
[ep 003] val_sel AUC=0.5421 acc=0.3291
[ep 004] val_sel AUC=0.5457 acc=0.3291
[ep 005] val_sel AUC=0.5458 acc=0.3237
[ep 006] val_sel AUC=0.5433 acc=0.3291
[ep 007] val_sel AUC=0.5342 acc=0.3473
[ep 008] val_sel AUC=0.5228 acc=0.3466
[ep 009] val_sel AUC=0.5272 acc=0.3473
[ep 010] val_sel AUC=0.5224 acc=0.3401
[ep 011] val_sel AUC=0.5261 acc=0.3502
[ep 012] val_sel AUC=0.5265 acc=0.3387
[ep 013] val_sel AUC=0.5353 acc=0.3520
[ep 014] val_sel AUC=0.5362 acc=0.3473
[ep 015] val_sel AUC=0.5385 acc=0.3389
[ep 016] val_sel AUC=0.5649 acc=0.3773
[ep 017] val_sel AUC=0.5759 acc=0.3881
[ep 018] val_sel AUC=0.5921 acc=0.4213
[ep 019] val_sel AUC=0.6321 acc=0.4366
[ep 020] val_sel AUC=0.6597 acc=0.4599
[ep 021] val_sel AUC=0.6726 acc=0.4934
[ep 022] val_sel AUC=0.7144 acc=0.5309
[ep 023] val_sel AUC=0.7219 acc=0.5331
[ep 024] val_sel AUC=0.7397 acc=0.5571
[ep 025] val_sel AUC=0.7526 acc=0.5587
[ep 026] val_sel AUC=0.7564 acc=0.5607
[ep 027] val_sel AUC=0.7730 acc=0.5912
[ep 028] val_sel AUC=0.7771 acc=0.5892
[ep 029] val_sel AUC=0.7818 acc=0.5966
[ep 030] val_sel AUC=0.7833 acc=0.5975
[ep 031] val_sel AUC=0.7847 acc=0.6029
[ep 032] val_sel AUC=0.7852 acc=0.6022
[ep 033] val_sel AUC=0.7334 acc=0.5223
[ep 034] val_sel AUC=0.7717 acc=0.5764
[ep 035] val_sel AUC=0.7456 acc=0.5650
[ep 036] val_sel AUC=0.7572 acc=0.5288
[ep 037] val_sel AUC=0.7662 acc=0.5735
[ep 038] val_sel AUC=0.8180 acc=0.6236
[ep 039] val_sel AUC=0.7707 acc=0.5641
[ep 040] val_sel AUC=0.8467 acc=0.6797
[ep 041] val_sel AUC=0.8471 acc=0.6559
[ep 042] val_sel AUC=0.7881 acc=0.6269
[ep 043] val_sel AUC=0.8486 acc=0.6797
[ep 044] val_sel AUC=0.8279 acc=0.6552
[ep 045] val_sel AUC=0.8598 acc=0.7059
[ep 046] val_sel AUC=0.8483 acc=0.6512
[ep 047] val_sel AUC=0.8531 acc=0.6828
[ep 048] val_sel AUC=0.8756 acc=0.7297
[ep 049] val_sel AUC=0.8582 acc=0.7120
[ep 050] val_sel AUC=0.8741 acc=0.7237
[ep 051] val_sel AUC=0.8855 acc=0.7475
[ep 052] val_sel AUC=0.8602 acc=0.6539
[ep 053] val_sel AUC=0.8777 acc=0.7178
[ep 054] val_sel AUC=0.8961 acc=0.7643
[ep 055] val_sel AUC=0.8898 acc=0.7338
[ep 056] val_sel AUC=0.8896 acc=0.7306
[ep 057] val_sel AUC=0.8906 acc=0.7470
[ep 058] val_sel AUC=0.9077 acc=0.7760
[ep 059] val_sel AUC=0.8783 acc=0.7232
[ep 060] val_sel AUC=0.9012 acc=0.7836
[ep 061] val_sel AUC=0.9110 acc=0.7899
[ep 062] val_sel AUC=0.9035 acc=0.7892
[ep 063] val_sel AUC=0.9090 acc=0.8007
[ep 064] val_sel AUC=0.8843 acc=0.7315
[ep 065] val_sel AUC=0.9195 acc=0.8018
[ep 066] val_sel AUC=0.9127 acc=0.7823
[ep 067] val_sel AUC=0.9054 acc=0.7731
[ep 068] val_sel AUC=0.9117 acc=0.7980
[ep 069] val_sel AUC=0.9176 acc=0.7996
[ep 070] val_sel AUC=0.9206 acc=0.8090
[ep 071] val_sel AUC=0.9214 acc=0.8099
[ep 072] val_sel AUC=0.9245 acc=0.8182
[ep 073] val_sel AUC=0.9266 acc=0.8061
[ep 074] val_sel AUC=0.9073 acc=0.7901
[ep 075] val_sel AUC=0.9239 acc=0.8184
[ep 076] val_sel AUC=0.9146 acc=0.7991
[ep 077] val_sel AUC=0.9234 acc=0.8224
[ep 078] val_sel AUC=0.9251 acc=0.8168
[ep 079] val_sel AUC=0.9187 acc=0.8146
[ep 080] val_sel AUC=0.9252 acc=0.8202
[ep 081] val_sel AUC=0.9236 acc=0.8193
[ep 082] val_sel AUC=0.9252 acc=0.8202
[ep 083] val_sel AUC=0.9263 acc=0.8258
[ep 084] val_sel AUC=0.9281 acc=0.8294
[ep 085] val_sel AUC=0.9271 acc=0.8267
[ep 086] val_sel AUC=0.9268 acc=0.8276
[ep 087] val_sel AUC=0.9266 acc=0.8319
[ep 088] val_sel AUC=0.9270 acc=0.8319
[ep 089] val_sel AUC=0.9272 acc=0.8321
[ep 090] val_sel AUC=0.9271 acc=0.8323
[ep 091] val_sel AUC=0.9270 acc=0.8308
[ep 092] val_sel AUC=0.9271 acc=0.8308
[ep 093] val_sel AUC=0.9269 acc=0.8328
[ep 094] val_sel AUC=0.9269 acc=0.8305
[ep 095] val_sel AUC=0.9269 acc=0.8314
[ep 096] val_sel AUC=0.9269 acc=0.8316
============================================================
TEST (best val_sel epoch, held-out, evaluated once)
============================================================
[DONE-QPE2] embed=dctfix model_II N=250 seed=42 test_AUC=0.9339 val_sel_AUC=0.9281 per_class=(axion=0.9413 cdm=0.8776 no_sub=0.9827) params=203460 embed_params=1 R_frob_drift=None
