[INFO] QPE2 D=64 P=8 depth=4 | embed=dctfix | data=model_III N/class=100 seed=60 split_seed=0 | params=203460 embed_params=1 lr=0.001 epochs=96 bs=32 | train(300, 64, 64) val_sel(4469, 64, 64) test(4470, 64, 64) device=cuda
[ep 001] val_sel AUC=0.5417 acc=0.3433
[ep 002] val_sel AUC=0.5656 acc=0.3283
[ep 003] val_sel AUC=0.5607 acc=0.3433
[ep 004] val_sel AUC=0.5622 acc=0.3285
[ep 005] val_sel AUC=0.5670 acc=0.3433
[ep 006] val_sel AUC=0.5531 acc=0.3558
[ep 007] val_sel AUC=0.5472 acc=0.3283
[ep 008] val_sel AUC=0.5458 acc=0.3538
[ep 009] val_sel AUC=0.5458 acc=0.3612
[ep 010] val_sel AUC=0.5527 acc=0.3600
[ep 011] val_sel AUC=0.5550 acc=0.3679
[ep 012] val_sel AUC=0.5659 acc=0.3647
[ep 013] val_sel AUC=0.5791 acc=0.3777
[ep 014] val_sel AUC=0.5882 acc=0.3965
[ep 015] val_sel AUC=0.5966 acc=0.3967
[ep 016] val_sel AUC=0.6168 acc=0.4319
[ep 017] val_sel AUC=0.6242 acc=0.4258
[ep 018] val_sel AUC=0.6379 acc=0.4348
[ep 019] val_sel AUC=0.6755 acc=0.4820
[ep 020] val_sel AUC=0.7575 acc=0.5981
[ep 021] val_sel AUC=0.7680 acc=0.5753
[ep 022] val_sel AUC=0.7430 acc=0.5406
[ep 023] val_sel AUC=0.7832 acc=0.5968
[ep 024] val_sel AUC=0.7973 acc=0.6169
[ep 025] val_sel AUC=0.7943 acc=0.6205
[ep 026] val_sel AUC=0.8066 acc=0.6326
[ep 027] val_sel AUC=0.8092 acc=0.6348
[ep 028] val_sel AUC=0.8087 acc=0.6377
[ep 029] val_sel AUC=0.8100 acc=0.6409
[ep 030] val_sel AUC=0.8096 acc=0.6406
[ep 031] val_sel AUC=0.8102 acc=0.6409
[ep 032] val_sel AUC=0.8101 acc=0.6409
[ep 033] val_sel AUC=0.7744 acc=0.5373
[ep 034] val_sel AUC=0.7872 acc=0.6133
[ep 035] val_sel AUC=0.8151 acc=0.6592
[ep 036] val_sel AUC=0.7988 acc=0.6290
[ep 037] val_sel AUC=0.8037 acc=0.6127
[ep 038] val_sel AUC=0.8095 acc=0.6261
[ep 039] val_sel AUC=0.8124 acc=0.5851
[ep 040] val_sel AUC=0.8070 acc=0.6277
[ep 041] val_sel AUC=0.8072 acc=0.6514
[ep 042] val_sel AUC=0.8325 acc=0.6693
[ep 043] val_sel AUC=0.8190 acc=0.6650
[ep 044] val_sel AUC=0.8292 acc=0.6460
[ep 045] val_sel AUC=0.8311 acc=0.6789
[ep 046] val_sel AUC=0.8363 acc=0.6684
[ep 047] val_sel AUC=0.7862 acc=0.6030
[ep 048] val_sel AUC=0.8232 acc=0.6400
[ep 049] val_sel AUC=0.8483 acc=0.6675
[ep 050] val_sel AUC=0.8570 acc=0.7015
[ep 051] val_sel AUC=0.8598 acc=0.7073
[ep 052] val_sel AUC=0.8591 acc=0.7006
[ep 053] val_sel AUC=0.8529 acc=0.6771
[ep 054] val_sel AUC=0.8503 acc=0.7120
[ep 055] val_sel AUC=0.8444 acc=0.6802
[ep 056] val_sel AUC=0.8773 acc=0.7252
[ep 057] val_sel AUC=0.8703 acc=0.7192
[ep 058] val_sel AUC=0.8759 acc=0.7398
[ep 059] val_sel AUC=0.8573 acc=0.7031
[ep 060] val_sel AUC=0.8342 acc=0.6019
[ep 061] val_sel AUC=0.8487 acc=0.6890
[ep 062] val_sel AUC=0.8593 acc=0.7049
[ep 063] val_sel AUC=0.8705 acc=0.7031
[ep 064] val_sel AUC=0.8749 acc=0.7384
[ep 065] val_sel AUC=0.8728 acc=0.7210
[ep 066] val_sel AUC=0.8668 acc=0.6836
[ep 067] val_sel AUC=0.8837 acc=0.7501
[ep 068] val_sel AUC=0.8907 acc=0.7545
[ep 069] val_sel AUC=0.8826 acc=0.7458
[ep 070] val_sel AUC=0.8732 acc=0.6840
[ep 071] val_sel AUC=0.8798 acc=0.7525
[ep 072] val_sel AUC=0.8775 acc=0.7445
[ep 073] val_sel AUC=0.8865 acc=0.7411
[ep 074] val_sel AUC=0.8852 acc=0.7416
[ep 075] val_sel AUC=0.8940 acc=0.7760
[ep 076] val_sel AUC=0.8888 acc=0.7451
[ep 077] val_sel AUC=0.8955 acc=0.7693
[ep 078] val_sel AUC=0.8942 acc=0.7791
[ep 079] val_sel AUC=0.8906 acc=0.7644
[ep 080] val_sel AUC=0.8929 acc=0.7791
[ep 081] val_sel AUC=0.8839 acc=0.7268
[ep 082] val_sel AUC=0.8921 acc=0.7744
[ep 083] val_sel AUC=0.8918 acc=0.7915
[ep 084] val_sel AUC=0.8843 acc=0.7577
[ep 085] val_sel AUC=0.8905 acc=0.7852
[ep 086] val_sel AUC=0.8854 acc=0.7608
[ep 087] val_sel AUC=0.8907 acc=0.7827
[ep 088] val_sel AUC=0.8884 acc=0.7756
[ep 089] val_sel AUC=0.8870 acc=0.7751
[ep 090] val_sel AUC=0.8885 acc=0.7762
[ep 091] val_sel AUC=0.8893 acc=0.7816
[ep 092] val_sel AUC=0.8892 acc=0.7794
[ep 093] val_sel AUC=0.8887 acc=0.7765
[ep 094] val_sel AUC=0.8884 acc=0.7762
[ep 095] val_sel AUC=0.8884 acc=0.7760
[ep 096] val_sel AUC=0.8884 acc=0.7762
============================================================
TEST (best val_sel epoch, held-out, evaluated once)
============================================================
[DONE-QPE2] embed=dctfix model_III N=100 seed=60 test_AUC=0.8933 val_sel_AUC=0.8955 per_class=(axion=0.9401 cdm=0.7964 no_sub=0.9433) params=203460 embed_params=1 R_frob_drift=None
