[INFO] QPE2 D=64 P=8 depth=4 | embed=dctfix | data=model_II N/class=100 seed=42 split_seed=0 | params=203460 embed_params=1 lr=0.001 epochs=96 bs=32 | train(300, 64, 64) val_sel(4455, 64, 64) test(4455, 64, 64) device=cuda
[ep 001] val_sel AUC=0.5608 acc=0.3291
[ep 002] val_sel AUC=0.5538 acc=0.3473
[ep 003] val_sel AUC=0.5511 acc=0.3237
[ep 004] val_sel AUC=0.5470 acc=0.3473
[ep 005] val_sel AUC=0.5466 acc=0.3291
[ep 006] val_sel AUC=0.5439 acc=0.3237
[ep 007] val_sel AUC=0.5388 acc=0.3300
[ep 008] val_sel AUC=0.5340 acc=0.3473
[ep 009] val_sel AUC=0.5345 acc=0.3291
[ep 010] val_sel AUC=0.5312 acc=0.3241
[ep 011] val_sel AUC=0.5205 acc=0.3291
[ep 012] val_sel AUC=0.5066 acc=0.3354
[ep 013] val_sel AUC=0.4999 acc=0.3477
[ep 014] val_sel AUC=0.5196 acc=0.3457
[ep 015] val_sel AUC=0.5092 acc=0.3313
[ep 016] val_sel AUC=0.4962 acc=0.3324
[ep 017] val_sel AUC=0.5089 acc=0.3322
[ep 018] val_sel AUC=0.5074 acc=0.3273
[ep 019] val_sel AUC=0.5094 acc=0.3340
[ep 020] val_sel AUC=0.5138 acc=0.3506
[ep 021] val_sel AUC=0.5174 acc=0.3439
[ep 022] val_sel AUC=0.5259 acc=0.3567
[ep 023] val_sel AUC=0.5236 acc=0.3475
[ep 024] val_sel AUC=0.5266 acc=0.3488
[ep 025] val_sel AUC=0.5276 acc=0.3526
[ep 026] val_sel AUC=0.5264 acc=0.3499
[ep 027] val_sel AUC=0.5288 acc=0.3526
[ep 028] val_sel AUC=0.5303 acc=0.3547
[ep 029] val_sel AUC=0.5305 acc=0.3535
[ep 030] val_sel AUC=0.5307 acc=0.3517
[ep 031] val_sel AUC=0.5310 acc=0.3517
[ep 032] val_sel AUC=0.5311 acc=0.3522
[ep 033] val_sel AUC=0.5560 acc=0.3769
[ep 034] val_sel AUC=0.5785 acc=0.3969
[ep 035] val_sel AUC=0.6059 acc=0.4334
[ep 036] val_sel AUC=0.6449 acc=0.4388
[ep 037] val_sel AUC=0.6379 acc=0.4799
[ep 038] val_sel AUC=0.6296 acc=0.4207
[ep 039] val_sel AUC=0.6690 acc=0.4723
[ep 040] val_sel AUC=0.6708 acc=0.4817
[ep 041] val_sel AUC=0.6865 acc=0.4689
[ep 042] val_sel AUC=0.6817 acc=0.4801
[ep 043] val_sel AUC=0.7282 acc=0.5351
[ep 044] val_sel AUC=0.7059 acc=0.5044
[ep 045] val_sel AUC=0.7318 acc=0.5111
[ep 046] val_sel AUC=0.6969 acc=0.4864
[ep 047] val_sel AUC=0.7094 acc=0.4974
[ep 048] val_sel AUC=0.7219 acc=0.5327
[ep 049] val_sel AUC=0.7414 acc=0.5122
[ep 050] val_sel AUC=0.7499 acc=0.5152
[ep 051] val_sel AUC=0.7553 acc=0.5419
[ep 052] val_sel AUC=0.7415 acc=0.5459
[ep 053] val_sel AUC=0.7701 acc=0.5443
[ep 054] val_sel AUC=0.7283 acc=0.5244
[ep 055] val_sel AUC=0.7737 acc=0.5814
[ep 056] val_sel AUC=0.7934 acc=0.6162
[ep 057] val_sel AUC=0.7777 acc=0.5993
[ep 058] val_sel AUC=0.7943 acc=0.6016
[ep 059] val_sel AUC=0.8015 acc=0.6377
[ep 060] val_sel AUC=0.8082 acc=0.6357
[ep 061] val_sel AUC=0.8114 acc=0.6462
[ep 062] val_sel AUC=0.7977 acc=0.6213
[ep 063] val_sel AUC=0.7584 acc=0.5800
[ep 064] val_sel AUC=0.7837 acc=0.5969
[ep 065] val_sel AUC=0.8098 acc=0.6341
[ep 066] val_sel AUC=0.8223 acc=0.6712
[ep 067] val_sel AUC=0.8229 acc=0.6402
[ep 068] val_sel AUC=0.8052 acc=0.6157
[ep 069] val_sel AUC=0.8173 acc=0.6595
[ep 070] val_sel AUC=0.8095 acc=0.6373
[ep 071] val_sel AUC=0.8291 acc=0.6644
[ep 072] val_sel AUC=0.8240 acc=0.6653
[ep 073] val_sel AUC=0.8264 acc=0.6685
[ep 074] val_sel AUC=0.8182 acc=0.6586
[ep 075] val_sel AUC=0.8278 acc=0.6572
[ep 076] val_sel AUC=0.8208 acc=0.6662
[ep 077] val_sel AUC=0.8194 acc=0.6539
[ep 078] val_sel AUC=0.8207 acc=0.6631
[ep 079] val_sel AUC=0.8257 acc=0.6649
[ep 080] val_sel AUC=0.8246 acc=0.6680
[ep 081] val_sel AUC=0.8243 acc=0.6689
[ep 082] val_sel AUC=0.8254 acc=0.6714
[ep 083] val_sel AUC=0.8262 acc=0.6714
[ep 084] val_sel AUC=0.8267 acc=0.6738
[ep 085] val_sel AUC=0.8256 acc=0.6741
[ep 086] val_sel AUC=0.8253 acc=0.6750
[ep 087] val_sel AUC=0.8244 acc=0.6725
[ep 088] val_sel AUC=0.8245 acc=0.6750
[ep 089] val_sel AUC=0.8247 acc=0.6707
[ep 090] val_sel AUC=0.8248 acc=0.6705
[ep 091] val_sel AUC=0.8240 acc=0.6716
[ep 092] val_sel AUC=0.8242 acc=0.6732
[ep 093] val_sel AUC=0.8239 acc=0.6712
[ep 094] val_sel AUC=0.8241 acc=0.6727
[ep 095] val_sel AUC=0.8240 acc=0.6718
[ep 096] val_sel AUC=0.8240 acc=0.6721
============================================================
TEST (best val_sel epoch, held-out, evaluated once)
============================================================
[DONE-QPE2] embed=dctfix model_II N=100 seed=42 test_AUC=0.8306 val_sel_AUC=0.8291 per_class=(axion=0.8898 cdm=0.7108 no_sub=0.8912) params=203460 embed_params=1 R_frob_drift=None
