[INFO] QPE2 D=64 P=8 depth=4 | embed=dctfix | data=model_III N/class=250 seed=48 split_seed=0 | params=203460 embed_params=1 lr=0.001 epochs=96 bs=32 | train(750, 64, 64) val_sel(4469, 64, 64) test(4470, 64, 64) device=cuda
[ep 001] val_sel AUC=0.5576 acc=0.3285
[ep 002] val_sel AUC=0.5607 acc=0.3285
[ep 003] val_sel AUC=0.5787 acc=0.3283
[ep 004] val_sel AUC=0.5434 acc=0.3285
[ep 005] val_sel AUC=0.5406 acc=0.3439
[ep 006] val_sel AUC=0.5556 acc=0.3435
[ep 007] val_sel AUC=0.5790 acc=0.3652
[ep 008] val_sel AUC=0.6269 acc=0.4493
[ep 009] val_sel AUC=0.6538 acc=0.4677
[ep 010] val_sel AUC=0.7540 acc=0.5388
[ep 011] val_sel AUC=0.7684 acc=0.5811
[ep 012] val_sel AUC=0.7931 acc=0.5842
[ep 013] val_sel AUC=0.8352 acc=0.6447
[ep 014] val_sel AUC=0.8430 acc=0.6514
[ep 015] val_sel AUC=0.8330 acc=0.6341
[ep 016] val_sel AUC=0.8628 acc=0.7183
[ep 017] val_sel AUC=0.8797 acc=0.7317
[ep 018] val_sel AUC=0.8688 acc=0.7073
[ep 019] val_sel AUC=0.8758 acc=0.7185
[ep 020] val_sel AUC=0.8977 acc=0.7727
[ep 021] val_sel AUC=0.8979 acc=0.7675
[ep 022] val_sel AUC=0.8978 acc=0.7673
[ep 023] val_sel AUC=0.9012 acc=0.7794
[ep 024] val_sel AUC=0.9049 acc=0.7861
[ep 025] val_sel AUC=0.9058 acc=0.7713
[ep 026] val_sel AUC=0.9125 acc=0.7982
[ep 027] val_sel AUC=0.9107 acc=0.7946
[ep 028] val_sel AUC=0.9136 acc=0.8002
[ep 029] val_sel AUC=0.9157 acc=0.8100
[ep 030] val_sel AUC=0.9160 acc=0.8118
[ep 031] val_sel AUC=0.9161 acc=0.8120
[ep 032] val_sel AUC=0.9160 acc=0.8116
[ep 033] val_sel AUC=0.8609 acc=0.7129
[ep 034] val_sel AUC=0.8994 acc=0.7380
[ep 035] val_sel AUC=0.8770 acc=0.7382
[ep 036] val_sel AUC=0.8784 acc=0.7275
[ep 037] val_sel AUC=0.8914 acc=0.7454
[ep 038] val_sel AUC=0.8764 acc=0.7297
[ep 039] val_sel AUC=0.8523 acc=0.6733
[ep 040] val_sel AUC=0.9051 acc=0.7814
[ep 041] val_sel AUC=0.8788 acc=0.7185
[ep 042] val_sel AUC=0.9133 acc=0.8067
[ep 043] val_sel AUC=0.9075 acc=0.7774
[ep 044] val_sel AUC=0.8988 acc=0.7626
[ep 045] val_sel AUC=0.8965 acc=0.7516
[ep 046] val_sel AUC=0.8721 acc=0.7109
[ep 047] val_sel AUC=0.9067 acc=0.7440
[ep 048] val_sel AUC=0.9016 acc=0.7872
[ep 049] val_sel AUC=0.9129 acc=0.7997
[ep 050] val_sel AUC=0.9156 acc=0.7962
[ep 051] val_sel AUC=0.8864 acc=0.7427
[ep 052] val_sel AUC=0.9147 acc=0.7606
[ep 053] val_sel AUC=0.9156 acc=0.7888
[ep 054] val_sel AUC=0.9179 acc=0.7957
[ep 055] val_sel AUC=0.9070 acc=0.7836
[ep 056] val_sel AUC=0.9240 acc=0.8134
[ep 057] val_sel AUC=0.9119 acc=0.7686
[ep 058] val_sel AUC=0.9199 acc=0.7948
[ep 059] val_sel AUC=0.9206 acc=0.8154
[ep 060] val_sel AUC=0.9219 acc=0.8033
[ep 061] val_sel AUC=0.8796 acc=0.7163
[ep 062] val_sel AUC=0.9120 acc=0.7686
[ep 063] val_sel AUC=0.9263 acc=0.7915
[ep 064] val_sel AUC=0.9202 acc=0.7964
[ep 065] val_sel AUC=0.9297 acc=0.8255
[ep 066] val_sel AUC=0.9316 acc=0.8304
[ep 067] val_sel AUC=0.9062 acc=0.7456
[ep 068] val_sel AUC=0.9230 acc=0.8149
[ep 069] val_sel AUC=0.9133 acc=0.7888
[ep 070] val_sel AUC=0.9265 acc=0.8288
[ep 071] val_sel AUC=0.9209 acc=0.8067
[ep 072] val_sel AUC=0.9191 acc=0.8149
[ep 073] val_sel AUC=0.9194 acc=0.8196
[ep 074] val_sel AUC=0.9218 acc=0.8127
[ep 075] val_sel AUC=0.9259 acc=0.8281
[ep 076] val_sel AUC=0.9253 acc=0.8138
[ep 077] val_sel AUC=0.9266 acc=0.8246
[ep 078] val_sel AUC=0.9215 acc=0.8185
[ep 079] val_sel AUC=0.9171 acc=0.7948
[ep 080] val_sel AUC=0.9246 acc=0.8308
[ep 081] val_sel AUC=0.9230 acc=0.8279
[ep 082] val_sel AUC=0.9240 acc=0.8250
[ep 083] val_sel AUC=0.9230 acc=0.8250
[ep 084] val_sel AUC=0.9215 acc=0.8221
[ep 085] val_sel AUC=0.9207 acc=0.8219
[ep 086] val_sel AUC=0.9198 acc=0.8255
[ep 087] val_sel AUC=0.9186 acc=0.8275
[ep 088] val_sel AUC=0.9175 acc=0.8250
[ep 089] val_sel AUC=0.9161 acc=0.8246
[ep 090] val_sel AUC=0.9160 acc=0.8257
[ep 091] val_sel AUC=0.9153 acc=0.8235
[ep 092] val_sel AUC=0.9151 acc=0.8257
[ep 093] val_sel AUC=0.9149 acc=0.8252
[ep 094] val_sel AUC=0.9149 acc=0.8261
[ep 095] val_sel AUC=0.9148 acc=0.8257
[ep 096] val_sel AUC=0.9148 acc=0.8261
============================================================
TEST (best val_sel epoch, held-out, evaluated once)
============================================================
[DONE-QPE2] embed=dctfix model_III N=250 seed=48 test_AUC=0.9258 val_sel_AUC=0.9316 per_class=(axion=0.9491 cdm=0.8631 no_sub=0.9650) params=203460 embed_params=1 R_frob_drift=None
