[INFO] QPE2 D=64 P=8 depth=4 | embed=dctfix | data=model_III N/class=250 seed=60 split_seed=0 | params=203460 embed_params=1 lr=0.001 epochs=96 bs=32 | train(750, 64, 64) val_sel(4469, 64, 64) test(4470, 64, 64) device=cuda
[ep 001] val_sel AUC=0.5623 acc=0.3283
[ep 002] val_sel AUC=0.5696 acc=0.3285
[ep 003] val_sel AUC=0.5618 acc=0.3433
[ep 004] val_sel AUC=0.5596 acc=0.3285
[ep 005] val_sel AUC=0.5506 acc=0.3285
[ep 006] val_sel AUC=0.5489 acc=0.3433
[ep 007] val_sel AUC=0.5335 acc=0.3433
[ep 008] val_sel AUC=0.5398 acc=0.3513
[ep 009] val_sel AUC=0.5822 acc=0.3285
[ep 010] val_sel AUC=0.5729 acc=0.3285
[ep 011] val_sel AUC=0.5801 acc=0.3855
[ep 012] val_sel AUC=0.6169 acc=0.4108
[ep 013] val_sel AUC=0.6787 acc=0.4462
[ep 014] val_sel AUC=0.7290 acc=0.5357
[ep 015] val_sel AUC=0.7857 acc=0.5878
[ep 016] val_sel AUC=0.8674 acc=0.6957
[ep 017] val_sel AUC=0.8834 acc=0.7402
[ep 018] val_sel AUC=0.8880 acc=0.7252
[ep 019] val_sel AUC=0.8814 acc=0.7064
[ep 020] val_sel AUC=0.8899 acc=0.7212
[ep 021] val_sel AUC=0.8987 acc=0.7545
[ep 022] val_sel AUC=0.9102 acc=0.7706
[ep 023] val_sel AUC=0.9179 acc=0.7695
[ep 024] val_sel AUC=0.9196 acc=0.8002
[ep 025] val_sel AUC=0.9168 acc=0.7736
[ep 026] val_sel AUC=0.9126 acc=0.7753
[ep 027] val_sel AUC=0.9258 acc=0.8120
[ep 028] val_sel AUC=0.9289 acc=0.8243
[ep 029] val_sel AUC=0.9273 acc=0.8163
[ep 030] val_sel AUC=0.9294 acc=0.8223
[ep 031] val_sel AUC=0.9297 acc=0.8248
[ep 032] val_sel AUC=0.9297 acc=0.8248
[ep 033] val_sel AUC=0.7756 acc=0.5945
[ep 034] val_sel AUC=0.8241 acc=0.5972
[ep 035] val_sel AUC=0.8719 acc=0.7221
[ep 036] val_sel AUC=0.8542 acc=0.6402
[ep 037] val_sel AUC=0.8887 acc=0.7355
[ep 038] val_sel AUC=0.9149 acc=0.7926
[ep 039] val_sel AUC=0.8840 acc=0.7398
[ep 040] val_sel AUC=0.8892 acc=0.6946
[ep 041] val_sel AUC=0.8860 acc=0.7476
[ep 042] val_sel AUC=0.8741 acc=0.7181
[ep 043] val_sel AUC=0.9039 acc=0.7156
[ep 044] val_sel AUC=0.9178 acc=0.7919
[ep 045] val_sel AUC=0.9236 acc=0.8049
[ep 046] val_sel AUC=0.9099 acc=0.7709
[ep 047] val_sel AUC=0.8987 acc=0.7550
[ep 048] val_sel AUC=0.9149 acc=0.7794
[ep 049] val_sel AUC=0.9052 acc=0.7803
[ep 050] val_sel AUC=0.8884 acc=0.7460
[ep 051] val_sel AUC=0.9095 acc=0.7590
[ep 052] val_sel AUC=0.9264 acc=0.7798
[ep 053] val_sel AUC=0.9029 acc=0.7668
[ep 054] val_sel AUC=0.9202 acc=0.8013
[ep 055] val_sel AUC=0.9314 acc=0.8123
[ep 056] val_sel AUC=0.9205 acc=0.7700
[ep 057] val_sel AUC=0.8904 acc=0.7364
[ep 058] val_sel AUC=0.9031 acc=0.7369
[ep 059] val_sel AUC=0.9271 acc=0.8246
[ep 060] val_sel AUC=0.8810 acc=0.7248
[ep 061] val_sel AUC=0.9164 acc=0.8118
[ep 062] val_sel AUC=0.9242 acc=0.8089
[ep 063] val_sel AUC=0.9164 acc=0.7787
[ep 064] val_sel AUC=0.9307 acc=0.7986
[ep 065] val_sel AUC=0.9378 acc=0.8369
[ep 066] val_sel AUC=0.9360 acc=0.8375
[ep 067] val_sel AUC=0.9215 acc=0.8118
[ep 068] val_sel AUC=0.9121 acc=0.7778
[ep 069] val_sel AUC=0.9354 acc=0.7968
[ep 070] val_sel AUC=0.9340 acc=0.8299
[ep 071] val_sel AUC=0.9325 acc=0.8214
[ep 072] val_sel AUC=0.9176 acc=0.7494
[ep 073] val_sel AUC=0.9236 acc=0.8049
[ep 074] val_sel AUC=0.9255 acc=0.8237
[ep 075] val_sel AUC=0.9390 acc=0.8434
[ep 076] val_sel AUC=0.9233 acc=0.8250
[ep 077] val_sel AUC=0.9345 acc=0.8118
[ep 078] val_sel AUC=0.9327 acc=0.8427
[ep 079] val_sel AUC=0.9328 acc=0.8290
[ep 080] val_sel AUC=0.9381 acc=0.8492
[ep 081] val_sel AUC=0.9336 acc=0.8501
[ep 082] val_sel AUC=0.9366 acc=0.8445
[ep 083] val_sel AUC=0.9386 acc=0.8534
[ep 084] val_sel AUC=0.9363 acc=0.8543
[ep 085] val_sel AUC=0.9353 acc=0.8546
[ep 086] val_sel AUC=0.9366 acc=0.8534
[ep 087] val_sel AUC=0.9342 acc=0.8528
[ep 088] val_sel AUC=0.9359 acc=0.8541
[ep 089] val_sel AUC=0.9364 acc=0.8548
[ep 090] val_sel AUC=0.9352 acc=0.8537
[ep 091] val_sel AUC=0.9349 acc=0.8499
[ep 092] val_sel AUC=0.9351 acc=0.8516
[ep 093] val_sel AUC=0.9350 acc=0.8528
[ep 094] val_sel AUC=0.9348 acc=0.8521
[ep 095] val_sel AUC=0.9348 acc=0.8512
[ep 096] val_sel AUC=0.9348 acc=0.8516
============================================================
TEST (best val_sel epoch, held-out, evaluated once)
============================================================
[DONE-QPE2] embed=dctfix model_III N=250 seed=60 test_AUC=0.9315 val_sel_AUC=0.9390 per_class=(axion=0.9472 cdm=0.8698 no_sub=0.9775) params=203460 embed_params=1 R_frob_drift=None
