[INFO] QPE2 D=64 P=8 depth=4 | embed=dctfix | data=model_II N/class=100 seed=49 split_seed=0 | params=203460 embed_params=1 lr=0.001 epochs=96 bs=32 | train(300, 64, 64) val_sel(4455, 64, 64) test(4455, 64, 64) device=cuda
[ep 001] val_sel AUC=0.5238 acc=0.3473
[ep 002] val_sel AUC=0.5131 acc=0.3291
[ep 003] val_sel AUC=0.5055 acc=0.3473
[ep 004] val_sel AUC=0.5042 acc=0.3237
[ep 005] val_sel AUC=0.5012 acc=0.3473
[ep 006] val_sel AUC=0.4997 acc=0.3291
[ep 007] val_sel AUC=0.4958 acc=0.3293
[ep 008] val_sel AUC=0.4925 acc=0.3457
[ep 009] val_sel AUC=0.4907 acc=0.3327
[ep 010] val_sel AUC=0.4927 acc=0.3452
[ep 011] val_sel AUC=0.4965 acc=0.3273
[ep 012] val_sel AUC=0.4955 acc=0.3401
[ep 013] val_sel AUC=0.4977 acc=0.3504
[ep 014] val_sel AUC=0.5010 acc=0.3270
[ep 015] val_sel AUC=0.5026 acc=0.3394
[ep 016] val_sel AUC=0.5020 acc=0.3383
[ep 017] val_sel AUC=0.5048 acc=0.3437
[ep 018] val_sel AUC=0.5095 acc=0.3578
[ep 019] val_sel AUC=0.5022 acc=0.3459
[ep 020] val_sel AUC=0.5094 acc=0.3574
[ep 021] val_sel AUC=0.5138 acc=0.3495
[ep 022] val_sel AUC=0.5143 acc=0.3481
[ep 023] val_sel AUC=0.5152 acc=0.3479
[ep 024] val_sel AUC=0.5193 acc=0.3607
[ep 025] val_sel AUC=0.5192 acc=0.3522
[ep 026] val_sel AUC=0.5205 acc=0.3526
[ep 027] val_sel AUC=0.5213 acc=0.3551
[ep 028] val_sel AUC=0.5223 acc=0.3535
[ep 029] val_sel AUC=0.5228 acc=0.3535
[ep 030] val_sel AUC=0.5230 acc=0.3526
[ep 031] val_sel AUC=0.5232 acc=0.3533
[ep 032] val_sel AUC=0.5233 acc=0.3533
[ep 033] val_sel AUC=0.5243 acc=0.3407
[ep 034] val_sel AUC=0.5405 acc=0.3686
[ep 035] val_sel AUC=0.5168 acc=0.3547
[ep 036] val_sel AUC=0.5244 acc=0.3553
[ep 037] val_sel AUC=0.5370 acc=0.3670
[ep 038] val_sel AUC=0.5577 acc=0.3758
[ep 039] val_sel AUC=0.5652 acc=0.3845
[ep 040] val_sel AUC=0.5887 acc=0.4011
[ep 041] val_sel AUC=0.6428 acc=0.4525
[ep 042] val_sel AUC=0.6512 acc=0.4290
[ep 043] val_sel AUC=0.6708 acc=0.4730
[ep 044] val_sel AUC=0.6682 acc=0.4561
[ep 045] val_sel AUC=0.6769 acc=0.4736
[ep 046] val_sel AUC=0.6542 acc=0.4514
[ep 047] val_sel AUC=0.6819 acc=0.4833
[ep 048] val_sel AUC=0.6936 acc=0.4887
[ep 049] val_sel AUC=0.7317 acc=0.5163
[ep 050] val_sel AUC=0.7521 acc=0.5320
[ep 051] val_sel AUC=0.7472 acc=0.5459
[ep 052] val_sel AUC=0.7605 acc=0.5506
[ep 053] val_sel AUC=0.7662 acc=0.5751
[ep 054] val_sel AUC=0.8096 acc=0.6166
[ep 055] val_sel AUC=0.8134 acc=0.6195
[ep 056] val_sel AUC=0.7625 acc=0.5650
[ep 057] val_sel AUC=0.7823 acc=0.5957
[ep 058] val_sel AUC=0.8024 acc=0.6117
[ep 059] val_sel AUC=0.8390 acc=0.6566
[ep 060] val_sel AUC=0.8016 acc=0.6281
[ep 061] val_sel AUC=0.7936 acc=0.6247
[ep 062] val_sel AUC=0.8135 acc=0.6444
[ep 063] val_sel AUC=0.8340 acc=0.6597
[ep 064] val_sel AUC=0.8330 acc=0.6664
[ep 065] val_sel AUC=0.8414 acc=0.6918
[ep 066] val_sel AUC=0.8315 acc=0.6397
[ep 067] val_sel AUC=0.8449 acc=0.6584
[ep 068] val_sel AUC=0.8238 acc=0.6433
[ep 069] val_sel AUC=0.8233 acc=0.6557
[ep 070] val_sel AUC=0.8185 acc=0.6514
[ep 071] val_sel AUC=0.8315 acc=0.6548
[ep 072] val_sel AUC=0.8409 acc=0.6476
[ep 073] val_sel AUC=0.8517 acc=0.6873
[ep 074] val_sel AUC=0.8491 acc=0.6873
[ep 075] val_sel AUC=0.8445 acc=0.6774
[ep 076] val_sel AUC=0.8483 acc=0.6994
[ep 077] val_sel AUC=0.8477 acc=0.6741
[ep 078] val_sel AUC=0.8496 acc=0.6967
[ep 079] val_sel AUC=0.8487 acc=0.6932
[ep 080] val_sel AUC=0.8425 acc=0.6615
[ep 081] val_sel AUC=0.8488 acc=0.6967
[ep 082] val_sel AUC=0.8456 acc=0.6900
[ep 083] val_sel AUC=0.8471 acc=0.7035
[ep 084] val_sel AUC=0.8423 acc=0.6840
[ep 085] val_sel AUC=0.8429 acc=0.7051
[ep 086] val_sel AUC=0.8438 acc=0.6932
[ep 087] val_sel AUC=0.8396 acc=0.6819
[ep 088] val_sel AUC=0.8432 acc=0.7012
[ep 089] val_sel AUC=0.8423 acc=0.6954
[ep 090] val_sel AUC=0.8419 acc=0.6909
[ep 091] val_sel AUC=0.8419 acc=0.6936
[ep 092] val_sel AUC=0.8414 acc=0.6941
[ep 093] val_sel AUC=0.8411 acc=0.6932
[ep 094] val_sel AUC=0.8410 acc=0.6934
[ep 095] val_sel AUC=0.8411 acc=0.6934
[ep 096] val_sel AUC=0.8411 acc=0.6936
============================================================
TEST (best val_sel epoch, held-out, evaluated once)
============================================================
[DONE-QPE2] embed=dctfix model_II N=100 seed=49 test_AUC=0.8621 val_sel_AUC=0.8517 per_class=(axion=0.9059 cdm=0.7485 no_sub=0.9319) params=203460 embed_params=1 R_frob_drift=None
