[INFO] QPE2 D=64 P=8 depth=4 | embed=dctfix | data=model_III N/class=100 seed=59 split_seed=0 | params=203460 embed_params=1 lr=0.001 epochs=96 bs=32 | train(300, 64, 64) val_sel(4469, 64, 64) test(4470, 64, 64) device=cuda
[ep 001] val_sel AUC=0.4444 acc=0.3433
[ep 002] val_sel AUC=0.4709 acc=0.3285
[ep 003] val_sel AUC=0.4965 acc=0.3433
[ep 004] val_sel AUC=0.5042 acc=0.3285
[ep 005] val_sel AUC=0.5222 acc=0.3283
[ep 006] val_sel AUC=0.5238 acc=0.3433
[ep 007] val_sel AUC=0.5235 acc=0.3285
[ep 008] val_sel AUC=0.5254 acc=0.3386
[ep 009] val_sel AUC=0.5254 acc=0.3283
[ep 010] val_sel AUC=0.5182 acc=0.3285
[ep 011] val_sel AUC=0.5151 acc=0.3433
[ep 012] val_sel AUC=0.5146 acc=0.3283
[ep 013] val_sel AUC=0.5138 acc=0.3377
[ep 014] val_sel AUC=0.5127 acc=0.3444
[ep 015] val_sel AUC=0.5135 acc=0.3524
[ep 016] val_sel AUC=0.5161 acc=0.3359
[ep 017] val_sel AUC=0.5175 acc=0.3500
[ep 018] val_sel AUC=0.5163 acc=0.3482
[ep 019] val_sel AUC=0.5170 acc=0.3390
[ep 020] val_sel AUC=0.5197 acc=0.3462
[ep 021] val_sel AUC=0.5190 acc=0.3500
[ep 022] val_sel AUC=0.5187 acc=0.3455
[ep 023] val_sel AUC=0.5198 acc=0.3468
[ep 024] val_sel AUC=0.5225 acc=0.3493
[ep 025] val_sel AUC=0.5292 acc=0.3540
[ep 026] val_sel AUC=0.5290 acc=0.3477
[ep 027] val_sel AUC=0.5303 acc=0.3506
[ep 028] val_sel AUC=0.5320 acc=0.3529
[ep 029] val_sel AUC=0.5318 acc=0.3535
[ep 030] val_sel AUC=0.5326 acc=0.3551
[ep 031] val_sel AUC=0.5332 acc=0.3565
[ep 032] val_sel AUC=0.5333 acc=0.3565
[ep 033] val_sel AUC=0.5521 acc=0.3596
[ep 034] val_sel AUC=0.5361 acc=0.3614
[ep 035] val_sel AUC=0.5720 acc=0.4008
[ep 036] val_sel AUC=0.6306 acc=0.4426
[ep 037] val_sel AUC=0.6526 acc=0.4310
[ep 038] val_sel AUC=0.6537 acc=0.4574
[ep 039] val_sel AUC=0.6896 acc=0.4988
[ep 040] val_sel AUC=0.7505 acc=0.5601
[ep 041] val_sel AUC=0.7174 acc=0.5245
[ep 042] val_sel AUC=0.7495 acc=0.5695
[ep 043] val_sel AUC=0.7722 acc=0.5876
[ep 044] val_sel AUC=0.7830 acc=0.6133
[ep 045] val_sel AUC=0.7707 acc=0.5912
[ep 046] val_sel AUC=0.8001 acc=0.6060
[ep 047] val_sel AUC=0.8193 acc=0.6109
[ep 048] val_sel AUC=0.7944 acc=0.4712
[ep 049] val_sel AUC=0.8162 acc=0.6187
[ep 050] val_sel AUC=0.8372 acc=0.6773
[ep 051] val_sel AUC=0.8364 acc=0.6185
[ep 052] val_sel AUC=0.8217 acc=0.6749
[ep 053] val_sel AUC=0.8366 acc=0.6098
[ep 054] val_sel AUC=0.8430 acc=0.6905
[ep 055] val_sel AUC=0.8639 acc=0.6843
[ep 056] val_sel AUC=0.8865 acc=0.7138
[ep 057] val_sel AUC=0.8939 acc=0.7395
[ep 058] val_sel AUC=0.8621 acc=0.6659
[ep 059] val_sel AUC=0.8740 acc=0.6988
[ep 060] val_sel AUC=0.8708 acc=0.7201
[ep 061] val_sel AUC=0.8858 acc=0.7380
[ep 062] val_sel AUC=0.8901 acc=0.7586
[ep 063] val_sel AUC=0.8979 acc=0.7494
[ep 064] val_sel AUC=0.9061 acc=0.7796
[ep 065] val_sel AUC=0.9008 acc=0.7718
[ep 066] val_sel AUC=0.8785 acc=0.7467
[ep 067] val_sel AUC=0.8971 acc=0.7527
[ep 068] val_sel AUC=0.9164 acc=0.8136
[ep 069] val_sel AUC=0.9115 acc=0.7838
[ep 070] val_sel AUC=0.8990 acc=0.7747
[ep 071] val_sel AUC=0.8999 acc=0.7689
[ep 072] val_sel AUC=0.9145 acc=0.7879
[ep 073] val_sel AUC=0.9245 acc=0.8255
[ep 074] val_sel AUC=0.9126 acc=0.7979
[ep 075] val_sel AUC=0.9144 acc=0.7997
[ep 076] val_sel AUC=0.9227 acc=0.8221
[ep 077] val_sel AUC=0.9227 acc=0.8098
[ep 078] val_sel AUC=0.9252 acc=0.8306
[ep 079] val_sel AUC=0.9235 acc=0.8205
[ep 080] val_sel AUC=0.9265 acc=0.8373
[ep 081] val_sel AUC=0.9268 acc=0.8317
[ep 082] val_sel AUC=0.9279 acc=0.8223
[ep 083] val_sel AUC=0.9222 acc=0.8246
[ep 084] val_sel AUC=0.9221 acc=0.8315
[ep 085] val_sel AUC=0.9192 acc=0.8158
[ep 086] val_sel AUC=0.9222 acc=0.8281
[ep 087] val_sel AUC=0.9231 acc=0.8344
[ep 088] val_sel AUC=0.9237 acc=0.8346
[ep 089] val_sel AUC=0.9232 acc=0.8328
[ep 090] val_sel AUC=0.9235 acc=0.8342
[ep 091] val_sel AUC=0.9239 acc=0.8364
[ep 092] val_sel AUC=0.9238 acc=0.8362
[ep 093] val_sel AUC=0.9233 acc=0.8349
[ep 094] val_sel AUC=0.9234 acc=0.8353
[ep 095] val_sel AUC=0.9235 acc=0.8353
[ep 096] val_sel AUC=0.9235 acc=0.8351
============================================================
TEST (best val_sel epoch, held-out, evaluated once)
============================================================
[DONE-QPE2] embed=dctfix model_III N=100 seed=59 test_AUC=0.9260 val_sel_AUC=0.9279 per_class=(axion=0.9428 cdm=0.8611 no_sub=0.9740) params=203460 embed_params=1 R_frob_drift=None
