[INFO] QPE2 D=64 P=8 depth=4 | embed=dctfix | data=model_III N/class=250 seed=61 split_seed=0 | params=203460 embed_params=1 lr=0.001 epochs=96 bs=32 | train(750, 64, 64) val_sel(4469, 64, 64) test(4470, 64, 64) device=cuda
[ep 001] val_sel AUC=0.5485 acc=0.3408
[ep 002] val_sel AUC=0.5599 acc=0.3283
[ep 003] val_sel AUC=0.5638 acc=0.3285
[ep 004] val_sel AUC=0.5524 acc=0.3285
[ep 005] val_sel AUC=0.5465 acc=0.3283
[ep 006] val_sel AUC=0.5442 acc=0.3663
[ep 007] val_sel AUC=0.5499 acc=0.3627
[ep 008] val_sel AUC=0.5652 acc=0.3739
[ep 009] val_sel AUC=0.6040 acc=0.3703
[ep 010] val_sel AUC=0.6399 acc=0.4453
[ep 011] val_sel AUC=0.7365 acc=0.5491
[ep 012] val_sel AUC=0.8268 acc=0.6518
[ep 013] val_sel AUC=0.8147 acc=0.6426
[ep 014] val_sel AUC=0.8595 acc=0.7044
[ep 015] val_sel AUC=0.8336 acc=0.6561
[ep 016] val_sel AUC=0.8232 acc=0.5945
[ep 017] val_sel AUC=0.8828 acc=0.7371
[ep 018] val_sel AUC=0.8730 acc=0.7342
[ep 019] val_sel AUC=0.8747 acc=0.7284
[ep 020] val_sel AUC=0.8768 acc=0.7295
[ep 021] val_sel AUC=0.8984 acc=0.7557
[ep 022] val_sel AUC=0.8963 acc=0.7583
[ep 023] val_sel AUC=0.8982 acc=0.7738
[ep 024] val_sel AUC=0.9099 acc=0.7993
[ep 025] val_sel AUC=0.9151 acc=0.8123
[ep 026] val_sel AUC=0.9161 acc=0.8004
[ep 027] val_sel AUC=0.9204 acc=0.8147
[ep 028] val_sel AUC=0.9215 acc=0.8183
[ep 029] val_sel AUC=0.9222 acc=0.8210
[ep 030] val_sel AUC=0.9228 acc=0.8243
[ep 031] val_sel AUC=0.9233 acc=0.8243
[ep 032] val_sel AUC=0.9234 acc=0.8241
[ep 033] val_sel AUC=0.8822 acc=0.7483
[ep 034] val_sel AUC=0.8979 acc=0.7451
[ep 035] val_sel AUC=0.8917 acc=0.7174
[ep 036] val_sel AUC=0.9010 acc=0.7460
[ep 037] val_sel AUC=0.8619 acc=0.7022
[ep 038] val_sel AUC=0.9004 acc=0.7709
[ep 039] val_sel AUC=0.8772 acc=0.7172
[ep 040] val_sel AUC=0.8684 acc=0.6471
[ep 041] val_sel AUC=0.9054 acc=0.7872
[ep 042] val_sel AUC=0.8964 acc=0.7579
[ep 043] val_sel AUC=0.9215 acc=0.7874
[ep 044] val_sel AUC=0.9164 acc=0.7950
[ep 045] val_sel AUC=0.9242 acc=0.7948
[ep 046] val_sel AUC=0.8856 acc=0.7259
[ep 047] val_sel AUC=0.8987 acc=0.7783
[ep 048] val_sel AUC=0.9254 acc=0.7982
[ep 049] val_sel AUC=0.9263 acc=0.8210
[ep 050] val_sel AUC=0.9042 acc=0.7666
[ep 051] val_sel AUC=0.9183 acc=0.7950
[ep 052] val_sel AUC=0.9107 acc=0.7865
[ep 053] val_sel AUC=0.8982 acc=0.7673
[ep 054] val_sel AUC=0.9272 acc=0.8080
[ep 055] val_sel AUC=0.9010 acc=0.7138
[ep 056] val_sel AUC=0.9167 acc=0.7921
[ep 057] val_sel AUC=0.9125 acc=0.7834
[ep 058] val_sel AUC=0.9161 acc=0.7608
[ep 059] val_sel AUC=0.9159 acc=0.7991
[ep 060] val_sel AUC=0.9285 acc=0.8194
[ep 061] val_sel AUC=0.9266 acc=0.8094
[ep 062] val_sel AUC=0.9125 acc=0.7892
[ep 063] val_sel AUC=0.9239 acc=0.8082
[ep 064] val_sel AUC=0.9312 acc=0.8176
[ep 065] val_sel AUC=0.9286 acc=0.8324
[ep 066] val_sel AUC=0.9118 acc=0.7791
[ep 067] val_sel AUC=0.9324 acc=0.8255
[ep 068] val_sel AUC=0.9371 acc=0.8355
[ep 069] val_sel AUC=0.9306 acc=0.8183
[ep 070] val_sel AUC=0.9363 acc=0.8317
[ep 071] val_sel AUC=0.9222 acc=0.8129
[ep 072] val_sel AUC=0.9208 acc=0.8049
[ep 073] val_sel AUC=0.9338 acc=0.8156
[ep 074] val_sel AUC=0.9332 acc=0.8161
[ep 075] val_sel AUC=0.9388 acc=0.8284
[ep 076] val_sel AUC=0.9391 acc=0.8438
[ep 077] val_sel AUC=0.9360 acc=0.8367
[ep 078] val_sel AUC=0.9361 acc=0.8393
[ep 079] val_sel AUC=0.9382 acc=0.8429
[ep 080] val_sel AUC=0.9394 acc=0.8447
[ep 081] val_sel AUC=0.9374 acc=0.8456
[ep 082] val_sel AUC=0.9375 acc=0.8452
[ep 083] val_sel AUC=0.9349 acc=0.8355
[ep 084] val_sel AUC=0.9360 acc=0.8255
[ep 085] val_sel AUC=0.9374 acc=0.8422
[ep 086] val_sel AUC=0.9371 acc=0.8469
[ep 087] val_sel AUC=0.9371 acc=0.8454
[ep 088] val_sel AUC=0.9385 acc=0.8476
[ep 089] val_sel AUC=0.9374 acc=0.8494
[ep 090] val_sel AUC=0.9378 acc=0.8476
[ep 091] val_sel AUC=0.9375 acc=0.8487
[ep 092] val_sel AUC=0.9376 acc=0.8496
[ep 093] val_sel AUC=0.9377 acc=0.8485
[ep 094] val_sel AUC=0.9373 acc=0.8490
[ep 095] val_sel AUC=0.9372 acc=0.8494
[ep 096] val_sel AUC=0.9372 acc=0.8492
============================================================
TEST (best val_sel epoch, held-out, evaluated once)
============================================================
[DONE-QPE2] embed=dctfix model_III N=250 seed=61 test_AUC=0.9382 val_sel_AUC=0.9394 per_class=(axion=0.9507 cdm=0.8873 no_sub=0.9766) params=203460 embed_params=1 R_frob_drift=None
