[INFO] QPE2 D=64 P=8 depth=4 | embed=dctfix | data=model_III N/class=250 seed=59 split_seed=0 | params=203460 embed_params=1 lr=0.001 epochs=96 bs=32 | train(750, 64, 64) val_sel(4469, 64, 64) test(4470, 64, 64) device=cuda
[ep 001] val_sel AUC=0.4812 acc=0.3283
[ep 002] val_sel AUC=0.4981 acc=0.3285
[ep 003] val_sel AUC=0.5141 acc=0.3285
[ep 004] val_sel AUC=0.5291 acc=0.3283
[ep 005] val_sel AUC=0.5420 acc=0.3283
[ep 006] val_sel AUC=0.5497 acc=0.3285
[ep 007] val_sel AUC=0.5619 acc=0.3283
[ep 008] val_sel AUC=0.5574 acc=0.3433
[ep 009] val_sel AUC=0.5625 acc=0.3285
[ep 010] val_sel AUC=0.5702 acc=0.3283
[ep 011] val_sel AUC=0.5654 acc=0.3285
[ep 012] val_sel AUC=0.5621 acc=0.3433
[ep 013] val_sel AUC=0.5679 acc=0.3285
[ep 014] val_sel AUC=0.5587 acc=0.3453
[ep 015] val_sel AUC=0.5535 acc=0.3285
[ep 016] val_sel AUC=0.5589 acc=0.3488
[ep 017] val_sel AUC=0.5832 acc=0.3902
[ep 018] val_sel AUC=0.6019 acc=0.3952
[ep 019] val_sel AUC=0.7579 acc=0.5569
[ep 020] val_sel AUC=0.7162 acc=0.5115
[ep 021] val_sel AUC=0.7724 acc=0.5744
[ep 022] val_sel AUC=0.7576 acc=0.5818
[ep 023] val_sel AUC=0.8244 acc=0.6371
[ep 024] val_sel AUC=0.8296 acc=0.6525
[ep 025] val_sel AUC=0.8363 acc=0.6713
[ep 026] val_sel AUC=0.8618 acc=0.6999
[ep 027] val_sel AUC=0.8644 acc=0.7109
[ep 028] val_sel AUC=0.8646 acc=0.7073
[ep 029] val_sel AUC=0.8732 acc=0.7248
[ep 030] val_sel AUC=0.8757 acc=0.7319
[ep 031] val_sel AUC=0.8758 acc=0.7304
[ep 032] val_sel AUC=0.8759 acc=0.7301
[ep 033] val_sel AUC=0.8252 acc=0.6422
[ep 034] val_sel AUC=0.7734 acc=0.4954
[ep 035] val_sel AUC=0.8712 acc=0.7046
[ep 036] val_sel AUC=0.8715 acc=0.7011
[ep 037] val_sel AUC=0.8414 acc=0.6339
[ep 038] val_sel AUC=0.8860 acc=0.7212
[ep 039] val_sel AUC=0.8450 acc=0.7004
[ep 040] val_sel AUC=0.8903 acc=0.7270
[ep 041] val_sel AUC=0.9061 acc=0.7480
[ep 042] val_sel AUC=0.8115 acc=0.6198
[ep 043] val_sel AUC=0.8903 acc=0.7617
[ep 044] val_sel AUC=0.8744 acc=0.7040
[ep 045] val_sel AUC=0.9110 acc=0.7380
[ep 046] val_sel AUC=0.9082 acc=0.7554
[ep 047] val_sel AUC=0.8790 acc=0.7201
[ep 048] val_sel AUC=0.9159 acc=0.7778
[ep 049] val_sel AUC=0.9260 acc=0.8125
[ep 050] val_sel AUC=0.9121 acc=0.7666
[ep 051] val_sel AUC=0.9208 acc=0.7890
[ep 052] val_sel AUC=0.8794 acc=0.7422
[ep 053] val_sel AUC=0.9191 acc=0.7619
[ep 054] val_sel AUC=0.8919 acc=0.7561
[ep 055] val_sel AUC=0.8620 acc=0.6843
[ep 056] val_sel AUC=0.8984 acc=0.7800
[ep 057] val_sel AUC=0.9136 acc=0.7930
[ep 058] val_sel AUC=0.9183 acc=0.8026
[ep 059] val_sel AUC=0.9151 acc=0.7876
[ep 060] val_sel AUC=0.9141 acc=0.8085
[ep 061] val_sel AUC=0.9295 acc=0.8221
[ep 062] val_sel AUC=0.9115 acc=0.7894
[ep 063] val_sel AUC=0.9296 acc=0.8277
[ep 064] val_sel AUC=0.9332 acc=0.8212
[ep 065] val_sel AUC=0.9256 acc=0.8152
[ep 066] val_sel AUC=0.9237 acc=0.8049
[ep 067] val_sel AUC=0.9238 acc=0.8194
[ep 068] val_sel AUC=0.9176 acc=0.8020
[ep 069] val_sel AUC=0.9334 acc=0.8208
[ep 070] val_sel AUC=0.9314 acc=0.8201
[ep 071] val_sel AUC=0.9298 acc=0.8205
[ep 072] val_sel AUC=0.9284 acc=0.8203
[ep 073] val_sel AUC=0.9339 acc=0.8382
[ep 074] val_sel AUC=0.9348 acc=0.8398
[ep 075] val_sel AUC=0.9293 acc=0.8320
[ep 076] val_sel AUC=0.9282 acc=0.8304
[ep 077] val_sel AUC=0.9237 acc=0.8165
[ep 078] val_sel AUC=0.9244 acc=0.8143
[ep 079] val_sel AUC=0.9335 acc=0.8346
[ep 080] val_sel AUC=0.9339 acc=0.8438
[ep 081] val_sel AUC=0.9321 acc=0.8405
[ep 082] val_sel AUC=0.9345 acc=0.8431
[ep 083] val_sel AUC=0.9347 acc=0.8490
[ep 084] val_sel AUC=0.9322 acc=0.8465
[ep 085] val_sel AUC=0.9335 acc=0.8490
[ep 086] val_sel AUC=0.9335 acc=0.8476
[ep 087] val_sel AUC=0.9310 acc=0.8422
[ep 088] val_sel AUC=0.9346 acc=0.8458
[ep 089] val_sel AUC=0.9342 acc=0.8465
[ep 090] val_sel AUC=0.9330 acc=0.8507
[ep 091] val_sel AUC=0.9338 acc=0.8507
[ep 092] val_sel AUC=0.9339 acc=0.8501
[ep 093] val_sel AUC=0.9336 acc=0.8505
[ep 094] val_sel AUC=0.9336 acc=0.8501
[ep 095] val_sel AUC=0.9336 acc=0.8494
[ep 096] val_sel AUC=0.9335 acc=0.8496
============================================================
TEST (best val_sel epoch, held-out, evaluated once)
============================================================
[DONE-QPE2] embed=dctfix model_III N=250 seed=59 test_AUC=0.9295 val_sel_AUC=0.9348 per_class=(axion=0.9457 cdm=0.8677 no_sub=0.9751) params=203460 embed_params=1 R_frob_drift=None
