[INFO] QPE2 D=64 P=8 depth=4 | embed=dctfix | data=model_III N/class=100 seed=54 split_seed=0 | params=203460 embed_params=1 lr=0.001 epochs=96 bs=32 | train(300, 64, 64) val_sel(4469, 64, 64) test(4470, 64, 64) device=cuda
[ep 001] val_sel AUC=0.5694 acc=0.3283
[ep 002] val_sel AUC=0.5126 acc=0.3258
[ep 003] val_sel AUC=0.5298 acc=0.3283
[ep 004] val_sel AUC=0.5315 acc=0.3433
[ep 005] val_sel AUC=0.5392 acc=0.3433
[ep 006] val_sel AUC=0.5518 acc=0.3285
[ep 007] val_sel AUC=0.5499 acc=0.3377
[ep 008] val_sel AUC=0.5605 acc=0.3283
[ep 009] val_sel AUC=0.5629 acc=0.3285
[ep 010] val_sel AUC=0.5659 acc=0.3283
[ep 011] val_sel AUC=0.5604 acc=0.3372
[ep 012] val_sel AUC=0.5514 acc=0.3285
[ep 013] val_sel AUC=0.5494 acc=0.3283
[ep 014] val_sel AUC=0.5400 acc=0.3415
[ep 015] val_sel AUC=0.5355 acc=0.3271
[ep 016] val_sel AUC=0.5371 acc=0.3339
[ep 017] val_sel AUC=0.5413 acc=0.3283
[ep 018] val_sel AUC=0.5402 acc=0.3433
[ep 019] val_sel AUC=0.5444 acc=0.3580
[ep 020] val_sel AUC=0.5473 acc=0.3576
[ep 021] val_sel AUC=0.5450 acc=0.3596
[ep 022] val_sel AUC=0.5437 acc=0.3502
[ep 023] val_sel AUC=0.5469 acc=0.3714
[ep 024] val_sel AUC=0.5482 acc=0.3851
[ep 025] val_sel AUC=0.5475 acc=0.3477
[ep 026] val_sel AUC=0.5466 acc=0.3567
[ep 027] val_sel AUC=0.5498 acc=0.3459
[ep 028] val_sel AUC=0.5518 acc=0.3500
[ep 029] val_sel AUC=0.5530 acc=0.3504
[ep 030] val_sel AUC=0.5535 acc=0.3511
[ep 031] val_sel AUC=0.5536 acc=0.3504
[ep 032] val_sel AUC=0.5537 acc=0.3506
[ep 033] val_sel AUC=0.5475 acc=0.3775
[ep 034] val_sel AUC=0.5673 acc=0.3708
[ep 035] val_sel AUC=0.5756 acc=0.3484
[ep 036] val_sel AUC=0.5878 acc=0.3905
[ep 037] val_sel AUC=0.6120 acc=0.4182
[ep 038] val_sel AUC=0.6047 acc=0.4066
[ep 039] val_sel AUC=0.5592 acc=0.3817
[ep 040] val_sel AUC=0.5620 acc=0.3672
[ep 041] val_sel AUC=0.5732 acc=0.3862
[ep 042] val_sel AUC=0.5708 acc=0.3804
[ep 043] val_sel AUC=0.5786 acc=0.3860
[ep 044] val_sel AUC=0.5769 acc=0.3958
[ep 045] val_sel AUC=0.5842 acc=0.3898
[ep 046] val_sel AUC=0.5880 acc=0.4008
[ep 047] val_sel AUC=0.6026 acc=0.4238
[ep 048] val_sel AUC=0.6051 acc=0.4160
[ep 049] val_sel AUC=0.5952 acc=0.3855
[ep 050] val_sel AUC=0.6034 acc=0.4216
[ep 051] val_sel AUC=0.6049 acc=0.4299
[ep 052] val_sel AUC=0.6086 acc=0.4209
[ep 053] val_sel AUC=0.6256 acc=0.4276
[ep 054] val_sel AUC=0.6574 acc=0.4596
[ep 055] val_sel AUC=0.6266 acc=0.4290
[ep 056] val_sel AUC=0.6792 acc=0.4263
[ep 057] val_sel AUC=0.7051 acc=0.5050
[ep 058] val_sel AUC=0.7340 acc=0.5330
[ep 059] val_sel AUC=0.7480 acc=0.5670
[ep 060] val_sel AUC=0.7158 acc=0.5348
[ep 061] val_sel AUC=0.7435 acc=0.5668
[ep 062] val_sel AUC=0.7549 acc=0.5350
[ep 063] val_sel AUC=0.7646 acc=0.5326
[ep 064] val_sel AUC=0.7999 acc=0.6077
[ep 065] val_sel AUC=0.8103 acc=0.6277
[ep 066] val_sel AUC=0.8276 acc=0.6807
[ep 067] val_sel AUC=0.8298 acc=0.6641
[ep 068] val_sel AUC=0.8126 acc=0.6422
[ep 069] val_sel AUC=0.8294 acc=0.6823
[ep 070] val_sel AUC=0.8289 acc=0.6742
[ep 071] val_sel AUC=0.8222 acc=0.6091
[ep 072] val_sel AUC=0.8367 acc=0.6559
[ep 073] val_sel AUC=0.8442 acc=0.6917
[ep 074] val_sel AUC=0.8431 acc=0.6787
[ep 075] val_sel AUC=0.8494 acc=0.7093
[ep 076] val_sel AUC=0.8539 acc=0.7060
[ep 077] val_sel AUC=0.8436 acc=0.6614
[ep 078] val_sel AUC=0.8551 acc=0.7158
[ep 079] val_sel AUC=0.8514 acc=0.6881
[ep 080] val_sel AUC=0.8567 acc=0.7082
[ep 081] val_sel AUC=0.8539 acc=0.7127
[ep 082] val_sel AUC=0.8592 acc=0.7194
[ep 083] val_sel AUC=0.8584 acc=0.7176
[ep 084] val_sel AUC=0.8615 acc=0.7257
[ep 085] val_sel AUC=0.8615 acc=0.7216
[ep 086] val_sel AUC=0.8622 acc=0.7169
[ep 087] val_sel AUC=0.8642 acc=0.7268
[ep 088] val_sel AUC=0.8617 acc=0.7237
[ep 089] val_sel AUC=0.8622 acc=0.7272
[ep 090] val_sel AUC=0.8632 acc=0.7272
[ep 091] val_sel AUC=0.8626 acc=0.7239
[ep 092] val_sel AUC=0.8623 acc=0.7250
[ep 093] val_sel AUC=0.8615 acc=0.7225
[ep 094] val_sel AUC=0.8612 acc=0.7237
[ep 095] val_sel AUC=0.8611 acc=0.7241
[ep 096] val_sel AUC=0.8611 acc=0.7239
============================================================
TEST (best val_sel epoch, held-out, evaluated once)
============================================================
[DONE-QPE2] embed=dctfix model_III N=100 seed=54 test_AUC=0.8700 val_sel_AUC=0.8642 per_class=(axion=0.9069 cdm=0.7698 no_sub=0.9332) params=203460 embed_params=1 R_frob_drift=None
