[INFO] QPE2 D=64 P=8 depth=4 | embed=dctfix | data=model_III N/class=250 seed=58 split_seed=0 | params=203460 embed_params=1 lr=0.001 epochs=96 bs=32 | train(750, 64, 64) val_sel(4469, 64, 64) test(4470, 64, 64) device=cuda
[ep 001] val_sel AUC=0.5625 acc=0.3283
[ep 002] val_sel AUC=0.5801 acc=0.3285
[ep 003] val_sel AUC=0.5755 acc=0.3285
[ep 004] val_sel AUC=0.5806 acc=0.3283
[ep 005] val_sel AUC=0.5851 acc=0.3437
[ep 006] val_sel AUC=0.5541 acc=0.3471
[ep 007] val_sel AUC=0.5531 acc=0.3502
[ep 008] val_sel AUC=0.5663 acc=0.3285
[ep 009] val_sel AUC=0.5926 acc=0.3585
[ep 010] val_sel AUC=0.6449 acc=0.4386
[ep 011] val_sel AUC=0.7223 acc=0.5205
[ep 012] val_sel AUC=0.7732 acc=0.5930
[ep 013] val_sel AUC=0.8200 acc=0.6623
[ep 014] val_sel AUC=0.8541 acc=0.6874
[ep 015] val_sel AUC=0.8502 acc=0.6892
[ep 016] val_sel AUC=0.8722 acc=0.7075
[ep 017] val_sel AUC=0.8863 acc=0.7272
[ep 018] val_sel AUC=0.8936 acc=0.7440
[ep 019] val_sel AUC=0.9012 acc=0.7827
[ep 020] val_sel AUC=0.9023 acc=0.7691
[ep 021] val_sel AUC=0.9208 acc=0.8073
[ep 022] val_sel AUC=0.8908 acc=0.7369
[ep 023] val_sel AUC=0.9137 acc=0.7845
[ep 024] val_sel AUC=0.9149 acc=0.8062
[ep 025] val_sel AUC=0.9222 acc=0.8237
[ep 026] val_sel AUC=0.9216 acc=0.8145
[ep 027] val_sel AUC=0.9266 acc=0.8315
[ep 028] val_sel AUC=0.9236 acc=0.8364
[ep 029] val_sel AUC=0.9273 acc=0.8335
[ep 030] val_sel AUC=0.9273 acc=0.8353
[ep 031] val_sel AUC=0.9262 acc=0.8387
[ep 032] val_sel AUC=0.9265 acc=0.8375
[ep 033] val_sel AUC=0.7992 acc=0.6603
[ep 034] val_sel AUC=0.8577 acc=0.6084
[ep 035] val_sel AUC=0.8957 acc=0.7089
[ep 036] val_sel AUC=0.8941 acc=0.7326
[ep 037] val_sel AUC=0.9093 acc=0.7892
[ep 038] val_sel AUC=0.9055 acc=0.7937
[ep 039] val_sel AUC=0.9180 acc=0.8154
[ep 040] val_sel AUC=0.9039 acc=0.7709
[ep 041] val_sel AUC=0.9096 acc=0.7791
[ep 042] val_sel AUC=0.8947 acc=0.7628
[ep 043] val_sel AUC=0.9130 acc=0.7827
[ep 044] val_sel AUC=0.9193 acc=0.8123
[ep 045] val_sel AUC=0.9218 acc=0.7957
[ep 046] val_sel AUC=0.9202 acc=0.8116
[ep 047] val_sel AUC=0.9097 acc=0.7917
[ep 048] val_sel AUC=0.9190 acc=0.8152
[ep 049] val_sel AUC=0.8949 acc=0.7429
[ep 050] val_sel AUC=0.9161 acc=0.8058
[ep 051] val_sel AUC=0.9094 acc=0.7950
[ep 052] val_sel AUC=0.9113 acc=0.7791
[ep 053] val_sel AUC=0.9193 acc=0.8152
[ep 054] val_sel AUC=0.9148 acc=0.8062
[ep 055] val_sel AUC=0.9180 acc=0.8129
[ep 056] val_sel AUC=0.9103 acc=0.7926
[ep 057] val_sel AUC=0.9157 acc=0.7919
[ep 058] val_sel AUC=0.9122 acc=0.8040
[ep 059] val_sel AUC=0.9189 acc=0.8192
[ep 060] val_sel AUC=0.8947 acc=0.7843
[ep 061] val_sel AUC=0.9272 acc=0.8302
[ep 062] val_sel AUC=0.9265 acc=0.8228
[ep 063] val_sel AUC=0.9237 acc=0.8315
[ep 064] val_sel AUC=0.9169 acc=0.8326
[ep 065] val_sel AUC=0.9017 acc=0.8026
[ep 066] val_sel AUC=0.9095 acc=0.7574
[ep 067] val_sel AUC=0.9237 acc=0.8243
[ep 068] val_sel AUC=0.9227 acc=0.7950
[ep 069] val_sel AUC=0.9211 acc=0.8208
[ep 070] val_sel AUC=0.9244 acc=0.8170
[ep 071] val_sel AUC=0.9307 acc=0.8299
[ep 072] val_sel AUC=0.9292 acc=0.8353
[ep 073] val_sel AUC=0.9274 acc=0.8284
[ep 074] val_sel AUC=0.9196 acc=0.8243
[ep 075] val_sel AUC=0.9337 acc=0.8476
[ep 076] val_sel AUC=0.9304 acc=0.8434
[ep 077] val_sel AUC=0.9308 acc=0.8226
[ep 078] val_sel AUC=0.9269 acc=0.8219
[ep 079] val_sel AUC=0.9271 acc=0.8257
[ep 080] val_sel AUC=0.9306 acc=0.8380
[ep 081] val_sel AUC=0.9261 acc=0.8391
[ep 082] val_sel AUC=0.9287 acc=0.8384
[ep 083] val_sel AUC=0.9310 acc=0.8317
[ep 084] val_sel AUC=0.9259 acc=0.8320
[ep 085] val_sel AUC=0.9301 acc=0.8389
[ep 086] val_sel AUC=0.9292 acc=0.8373
[ep 087] val_sel AUC=0.9291 acc=0.8243
[ep 088] val_sel AUC=0.9289 acc=0.8384
[ep 089] val_sel AUC=0.9283 acc=0.8362
[ep 090] val_sel AUC=0.9282 acc=0.8342
[ep 091] val_sel AUC=0.9275 acc=0.8335
[ep 092] val_sel AUC=0.9274 acc=0.8322
[ep 093] val_sel AUC=0.9273 acc=0.8333
[ep 094] val_sel AUC=0.9272 acc=0.8328
[ep 095] val_sel AUC=0.9273 acc=0.8324
[ep 096] val_sel AUC=0.9273 acc=0.8326
============================================================
TEST (best val_sel epoch, held-out, evaluated once)
============================================================
[DONE-QPE2] embed=dctfix model_III N=250 seed=58 test_AUC=0.9306 val_sel_AUC=0.9337 per_class=(axion=0.9447 cdm=0.8717 no_sub=0.9756) params=203460 embed_params=1 R_frob_drift=None
