[INFO] QPE2 D=64 P=8 depth=4 | embed=dctfix | data=model_II N/class=250 seed=53 split_seed=0 | params=203460 embed_params=1 lr=0.001 epochs=96 bs=32 | train(750, 64, 64) val_sel(4455, 64, 64) test(4455, 64, 64) device=cuda
[ep 001] val_sel AUC=0.5080 acc=0.3291
[ep 002] val_sel AUC=0.5229 acc=0.3291
[ep 003] val_sel AUC=0.5223 acc=0.3291
[ep 004] val_sel AUC=0.5167 acc=0.3378
[ep 005] val_sel AUC=0.5192 acc=0.3237
[ep 006] val_sel AUC=0.5154 acc=0.3473
[ep 007] val_sel AUC=0.5124 acc=0.3490
[ep 008] val_sel AUC=0.5117 acc=0.3473
[ep 009] val_sel AUC=0.5145 acc=0.3473
[ep 010] val_sel AUC=0.5135 acc=0.3363
[ep 011] val_sel AUC=0.5145 acc=0.3401
[ep 012] val_sel AUC=0.5200 acc=0.3538
[ep 013] val_sel AUC=0.5215 acc=0.3428
[ep 014] val_sel AUC=0.5228 acc=0.3565
[ep 015] val_sel AUC=0.5243 acc=0.3609
[ep 016] val_sel AUC=0.5266 acc=0.3565
[ep 017] val_sel AUC=0.5321 acc=0.3475
[ep 018] val_sel AUC=0.5378 acc=0.3553
[ep 019] val_sel AUC=0.5417 acc=0.3688
[ep 020] val_sel AUC=0.5554 acc=0.3708
[ep 021] val_sel AUC=0.5604 acc=0.3800
[ep 022] val_sel AUC=0.5783 acc=0.3975
[ep 023] val_sel AUC=0.6193 acc=0.3991
[ep 024] val_sel AUC=0.6718 acc=0.4768
[ep 025] val_sel AUC=0.7326 acc=0.5475
[ep 026] val_sel AUC=0.7467 acc=0.5672
[ep 027] val_sel AUC=0.7679 acc=0.5973
[ep 028] val_sel AUC=0.7832 acc=0.6153
[ep 029] val_sel AUC=0.7934 acc=0.6263
[ep 030] val_sel AUC=0.7968 acc=0.6355
[ep 031] val_sel AUC=0.8016 acc=0.6418
[ep 032] val_sel AUC=0.8025 acc=0.6415
[ep 033] val_sel AUC=0.6086 acc=0.4144
[ep 034] val_sel AUC=0.5951 acc=0.3569
[ep 035] val_sel AUC=0.6064 acc=0.3971
[ep 036] val_sel AUC=0.6356 acc=0.4236
[ep 037] val_sel AUC=0.7120 acc=0.5235
[ep 038] val_sel AUC=0.7810 acc=0.6171
[ep 039] val_sel AUC=0.7563 acc=0.5432
[ep 040] val_sel AUC=0.7930 acc=0.6049
[ep 041] val_sel AUC=0.8210 acc=0.6595
[ep 042] val_sel AUC=0.8386 acc=0.6525
[ep 043] val_sel AUC=0.8518 acc=0.6822
[ep 044] val_sel AUC=0.7777 acc=0.5490
[ep 045] val_sel AUC=0.8166 acc=0.5868
[ep 046] val_sel AUC=0.8478 acc=0.6979
[ep 047] val_sel AUC=0.8726 acc=0.6696
[ep 048] val_sel AUC=0.8648 acc=0.7059
[ep 049] val_sel AUC=0.8826 acc=0.7178
[ep 050] val_sel AUC=0.8562 acc=0.7333
[ep 051] val_sel AUC=0.8691 acc=0.7075
[ep 052] val_sel AUC=0.8771 acc=0.7306
[ep 053] val_sel AUC=0.8649 acc=0.7140
[ep 054] val_sel AUC=0.8969 acc=0.7616
[ep 055] val_sel AUC=0.8919 acc=0.7490
[ep 056] val_sel AUC=0.9075 acc=0.7785
[ep 057] val_sel AUC=0.8893 acc=0.7369
[ep 058] val_sel AUC=0.9177 acc=0.7955
[ep 059] val_sel AUC=0.9160 acc=0.7690
[ep 060] val_sel AUC=0.9165 acc=0.7371
[ep 061] val_sel AUC=0.9188 acc=0.8031
[ep 062] val_sel AUC=0.9017 acc=0.7648
[ep 063] val_sel AUC=0.8844 acc=0.7419
[ep 064] val_sel AUC=0.9118 acc=0.7609
[ep 065] val_sel AUC=0.8982 acc=0.7630
[ep 066] val_sel AUC=0.8956 acc=0.7351
[ep 067] val_sel AUC=0.9144 acc=0.7926
[ep 068] val_sel AUC=0.9149 acc=0.7737
[ep 069] val_sel AUC=0.9202 acc=0.8081
[ep 070] val_sel AUC=0.9250 acc=0.8105
[ep 071] val_sel AUC=0.9132 acc=0.7836
[ep 072] val_sel AUC=0.9223 acc=0.8153
[ep 073] val_sel AUC=0.9165 acc=0.8000
[ep 074] val_sel AUC=0.9275 acc=0.8231
[ep 075] val_sel AUC=0.9223 acc=0.8063
[ep 076] val_sel AUC=0.9261 acc=0.8193
[ep 077] val_sel AUC=0.9203 acc=0.8126
[ep 078] val_sel AUC=0.9122 acc=0.7966
[ep 079] val_sel AUC=0.9249 acc=0.8070
[ep 080] val_sel AUC=0.9270 acc=0.8222
[ep 081] val_sel AUC=0.9172 acc=0.8065
[ep 082] val_sel AUC=0.9265 acc=0.8290
[ep 083] val_sel AUC=0.9296 acc=0.8238
[ep 084] val_sel AUC=0.9264 acc=0.8328
[ep 085] val_sel AUC=0.9275 acc=0.8337
[ep 086] val_sel AUC=0.9284 acc=0.8328
[ep 087] val_sel AUC=0.9269 acc=0.8330
[ep 088] val_sel AUC=0.9268 acc=0.8325
[ep 089] val_sel AUC=0.9269 acc=0.8328
[ep 090] val_sel AUC=0.9278 acc=0.8330
[ep 091] val_sel AUC=0.9281 acc=0.8328
[ep 092] val_sel AUC=0.9277 acc=0.8341
[ep 093] val_sel AUC=0.9275 acc=0.8330
[ep 094] val_sel AUC=0.9274 acc=0.8332
[ep 095] val_sel AUC=0.9276 acc=0.8325
[ep 096] val_sel AUC=0.9275 acc=0.8328
============================================================
TEST (best val_sel epoch, held-out, evaluated once)
============================================================
[DONE-QPE2] embed=dctfix model_II N=250 seed=53 test_AUC=0.9333 val_sel_AUC=0.9296 per_class=(axion=0.9471 cdm=0.8730 no_sub=0.9799) params=203460 embed_params=1 R_frob_drift=None
