[INFO] QPE2 D=64 P=8 depth=4 | embed=dctfix | data=model_II N/class=100 seed=43 split_seed=0 | params=203460 embed_params=1 lr=0.001 epochs=96 bs=32 | train(300, 64, 64) val_sel(4455, 64, 64) test(4455, 64, 64) device=cuda
[ep 001] val_sel AUC=0.4862 acc=0.3473
[ep 002] val_sel AUC=0.4710 acc=0.3237
[ep 003] val_sel AUC=0.4775 acc=0.3291
[ep 004] val_sel AUC=0.4804 acc=0.3473
[ep 005] val_sel AUC=0.4851 acc=0.3473
[ep 006] val_sel AUC=0.4913 acc=0.3291
[ep 007] val_sel AUC=0.4940 acc=0.3237
[ep 008] val_sel AUC=0.4985 acc=0.3237
[ep 009] val_sel AUC=0.5002 acc=0.3473
[ep 010] val_sel AUC=0.5026 acc=0.3291
[ep 011] val_sel AUC=0.5036 acc=0.3473
[ep 012] val_sel AUC=0.5036 acc=0.3237
[ep 013] val_sel AUC=0.5057 acc=0.3291
[ep 014] val_sel AUC=0.5043 acc=0.3237
[ep 015] val_sel AUC=0.5052 acc=0.3291
[ep 016] val_sel AUC=0.5069 acc=0.3473
[ep 017] val_sel AUC=0.5052 acc=0.3237
[ep 018] val_sel AUC=0.5056 acc=0.3473
[ep 019] val_sel AUC=0.5071 acc=0.3473
[ep 020] val_sel AUC=0.5060 acc=0.3237
[ep 021] val_sel AUC=0.5068 acc=0.3291
[ep 022] val_sel AUC=0.5058 acc=0.3473
[ep 023] val_sel AUC=0.5061 acc=0.3333
[ep 024] val_sel AUC=0.5063 acc=0.3643
[ep 025] val_sel AUC=0.5064 acc=0.3284
[ep 026] val_sel AUC=0.5059 acc=0.3297
[ep 027] val_sel AUC=0.5055 acc=0.3443
[ep 028] val_sel AUC=0.5049 acc=0.3244
[ep 029] val_sel AUC=0.5045 acc=0.3244
[ep 030] val_sel AUC=0.5046 acc=0.3194
[ep 031] val_sel AUC=0.5045 acc=0.3223
[ep 032] val_sel AUC=0.5046 acc=0.3219
[ep 033] val_sel AUC=0.4974 acc=0.3237
[ep 034] val_sel AUC=0.5000 acc=0.3473
[ep 035] val_sel AUC=0.5075 acc=0.3291
[ep 036] val_sel AUC=0.5085 acc=0.3473
[ep 037] val_sel AUC=0.5097 acc=0.3282
[ep 038] val_sel AUC=0.5142 acc=0.3275
[ep 039] val_sel AUC=0.5115 acc=0.3309
[ep 040] val_sel AUC=0.5136 acc=0.3356
[ep 041] val_sel AUC=0.5101 acc=0.3300
[ep 042] val_sel AUC=0.5205 acc=0.3654
[ep 043] val_sel AUC=0.5110 acc=0.3306
[ep 044] val_sel AUC=0.5128 acc=0.3315
[ep 045] val_sel AUC=0.5167 acc=0.3363
[ep 046] val_sel AUC=0.5162 acc=0.3291
[ep 047] val_sel AUC=0.5162 acc=0.3401
[ep 048] val_sel AUC=0.5179 acc=0.3380
[ep 049] val_sel AUC=0.5151 acc=0.3349
[ep 050] val_sel AUC=0.5184 acc=0.3277
[ep 051] val_sel AUC=0.5247 acc=0.3347
[ep 052] val_sel AUC=0.5292 acc=0.3513
[ep 053] val_sel AUC=0.5410 acc=0.3571
[ep 054] val_sel AUC=0.5513 acc=0.3800
[ep 055] val_sel AUC=0.5288 acc=0.3401
[ep 056] val_sel AUC=0.5493 acc=0.3643
[ep 057] val_sel AUC=0.5565 acc=0.3495
[ep 058] val_sel AUC=0.5448 acc=0.3511
[ep 059] val_sel AUC=0.5561 acc=0.3912
[ep 060] val_sel AUC=0.5672 acc=0.3921
[ep 061] val_sel AUC=0.5845 acc=0.4285
[ep 062] val_sel AUC=0.5799 acc=0.4011
[ep 063] val_sel AUC=0.6016 acc=0.4213
[ep 064] val_sel AUC=0.6132 acc=0.4238
[ep 065] val_sel AUC=0.6204 acc=0.4431
[ep 066] val_sel AUC=0.6309 acc=0.4233
[ep 067] val_sel AUC=0.6462 acc=0.4644
[ep 068] val_sel AUC=0.6654 acc=0.4815
[ep 069] val_sel AUC=0.6869 acc=0.4954
[ep 070] val_sel AUC=0.6785 acc=0.4949
[ep 071] val_sel AUC=0.6954 acc=0.5019
[ep 072] val_sel AUC=0.7177 acc=0.5499
[ep 073] val_sel AUC=0.7183 acc=0.5374
[ep 074] val_sel AUC=0.7236 acc=0.5349
[ep 075] val_sel AUC=0.7317 acc=0.5582
[ep 076] val_sel AUC=0.7502 acc=0.5843
[ep 077] val_sel AUC=0.7436 acc=0.5811
[ep 078] val_sel AUC=0.7570 acc=0.5953
[ep 079] val_sel AUC=0.7652 acc=0.5984
[ep 080] val_sel AUC=0.7618 acc=0.5980
[ep 081] val_sel AUC=0.7653 acc=0.5984
[ep 082] val_sel AUC=0.7673 acc=0.5948
[ep 083] val_sel AUC=0.7670 acc=0.6009
[ep 084] val_sel AUC=0.7709 acc=0.6058
[ep 085] val_sel AUC=0.7827 acc=0.6209
[ep 086] val_sel AUC=0.7797 acc=0.6231
[ep 087] val_sel AUC=0.7864 acc=0.6350
[ep 088] val_sel AUC=0.7795 acc=0.6135
[ep 089] val_sel AUC=0.7850 acc=0.6224
[ep 090] val_sel AUC=0.7852 acc=0.6287
[ep 091] val_sel AUC=0.7867 acc=0.6290
[ep 092] val_sel AUC=0.7872 acc=0.6305
[ep 093] val_sel AUC=0.7876 acc=0.6330
[ep 094] val_sel AUC=0.7879 acc=0.6330
[ep 095] val_sel AUC=0.7881 acc=0.6332
[ep 096] val_sel AUC=0.7880 acc=0.6332
============================================================
TEST (best val_sel epoch, held-out, evaluated once)
============================================================
[DONE-QPE2] embed=dctfix model_II N=100 seed=43 test_AUC=0.7981 val_sel_AUC=0.7881 per_class=(axion=0.8408 cdm=0.6692 no_sub=0.8844) params=203460 embed_params=1 R_frob_drift=None
