[INFO] QPE2 D=64 P=8 depth=4 | embed=dctfix | data=model_III N/class=250 seed=49 split_seed=0 | params=203460 embed_params=1 lr=0.001 epochs=96 bs=32 | train(750, 64, 64) val_sel(4469, 64, 64) test(4470, 64, 64) device=cuda
[ep 001] val_sel AUC=0.5287 acc=0.3283
[ep 002] val_sel AUC=0.5311 acc=0.3433
[ep 003] val_sel AUC=0.5318 acc=0.3285
[ep 004] val_sel AUC=0.5340 acc=0.3609
[ep 005] val_sel AUC=0.5342 acc=0.3433
[ep 006] val_sel AUC=0.5383 acc=0.3285
[ep 007] val_sel AUC=0.5325 acc=0.3283
[ep 008] val_sel AUC=0.5288 acc=0.3283
[ep 009] val_sel AUC=0.5301 acc=0.3477
[ep 010] val_sel AUC=0.5487 acc=0.3352
[ep 011] val_sel AUC=0.6021 acc=0.3766
[ep 012] val_sel AUC=0.6588 acc=0.4856
[ep 013] val_sel AUC=0.6939 acc=0.4934
[ep 014] val_sel AUC=0.7942 acc=0.6303
[ep 015] val_sel AUC=0.8432 acc=0.6979
[ep 016] val_sel AUC=0.8210 acc=0.6393
[ep 017] val_sel AUC=0.8202 acc=0.6780
[ep 018] val_sel AUC=0.8155 acc=0.6525
[ep 019] val_sel AUC=0.8757 acc=0.6977
[ep 020] val_sel AUC=0.8827 acc=0.7196
[ep 021] val_sel AUC=0.8947 acc=0.7364
[ep 022] val_sel AUC=0.8975 acc=0.7570
[ep 023] val_sel AUC=0.8969 acc=0.7727
[ep 024] val_sel AUC=0.8990 acc=0.7868
[ep 025] val_sel AUC=0.9044 acc=0.7847
[ep 026] val_sel AUC=0.9140 acc=0.8013
[ep 027] val_sel AUC=0.9140 acc=0.8062
[ep 028] val_sel AUC=0.9113 acc=0.8062
[ep 029] val_sel AUC=0.9134 acc=0.8062
[ep 030] val_sel AUC=0.9155 acc=0.8170
[ep 031] val_sel AUC=0.9153 acc=0.8172
[ep 032] val_sel AUC=0.9156 acc=0.8192
[ep 033] val_sel AUC=0.8458 acc=0.7080
[ep 034] val_sel AUC=0.8846 acc=0.7590
[ep 035] val_sel AUC=0.8758 acc=0.7270
[ep 036] val_sel AUC=0.8936 acc=0.7167
[ep 037] val_sel AUC=0.8867 acc=0.7588
[ep 038] val_sel AUC=0.8928 acc=0.7642
[ep 039] val_sel AUC=0.8795 acc=0.7002
[ep 040] val_sel AUC=0.8963 acc=0.7626
[ep 041] val_sel AUC=0.8765 acc=0.7386
[ep 042] val_sel AUC=0.8865 acc=0.6532
[ep 043] val_sel AUC=0.8816 acc=0.7344
[ep 044] val_sel AUC=0.8979 acc=0.7691
[ep 045] val_sel AUC=0.9006 acc=0.7557
[ep 046] val_sel AUC=0.9151 acc=0.7917
[ep 047] val_sel AUC=0.9165 acc=0.7704
[ep 048] val_sel AUC=0.9064 acc=0.7706
[ep 049] val_sel AUC=0.8790 acc=0.7608
[ep 050] val_sel AUC=0.9176 acc=0.8051
[ep 051] val_sel AUC=0.8985 acc=0.7771
[ep 052] val_sel AUC=0.9129 acc=0.7841
[ep 053] val_sel AUC=0.9044 acc=0.7740
[ep 054] val_sel AUC=0.8981 acc=0.7389
[ep 055] val_sel AUC=0.9140 acc=0.7897
[ep 056] val_sel AUC=0.9136 acc=0.8035
[ep 057] val_sel AUC=0.9076 acc=0.7901
[ep 058] val_sel AUC=0.9063 acc=0.7843
[ep 059] val_sel AUC=0.9126 acc=0.7890
[ep 060] val_sel AUC=0.9199 acc=0.8109
[ep 061] val_sel AUC=0.9190 acc=0.8020
[ep 062] val_sel AUC=0.9169 acc=0.8132
[ep 063] val_sel AUC=0.9173 acc=0.8085
[ep 064] val_sel AUC=0.9246 acc=0.8221
[ep 065] val_sel AUC=0.9279 acc=0.8250
[ep 066] val_sel AUC=0.9127 acc=0.7930
[ep 067] val_sel AUC=0.9241 acc=0.8257
[ep 068] val_sel AUC=0.9213 acc=0.8167
[ep 069] val_sel AUC=0.9205 acc=0.8055
[ep 070] val_sel AUC=0.9180 acc=0.8015
[ep 071] val_sel AUC=0.9263 acc=0.8235
[ep 072] val_sel AUC=0.9259 acc=0.8268
[ep 073] val_sel AUC=0.9255 acc=0.8346
[ep 074] val_sel AUC=0.9243 acc=0.8031
[ep 075] val_sel AUC=0.9276 acc=0.8286
[ep 076] val_sel AUC=0.9263 acc=0.8243
[ep 077] val_sel AUC=0.9269 acc=0.8270
[ep 078] val_sel AUC=0.9257 acc=0.8217
[ep 079] val_sel AUC=0.9241 acc=0.8259
[ep 080] val_sel AUC=0.9266 acc=0.8259
[ep 081] val_sel AUC=0.9237 acc=0.8248
[ep 082] val_sel AUC=0.9260 acc=0.8217
[ep 083] val_sel AUC=0.9248 acc=0.8257
[ep 084] val_sel AUC=0.9223 acc=0.8250
[ep 085] val_sel AUC=0.9238 acc=0.8275
[ep 086] val_sel AUC=0.9232 acc=0.8219
[ep 087] val_sel AUC=0.9246 acc=0.8219
[ep 088] val_sel AUC=0.9236 acc=0.8257
[ep 089] val_sel AUC=0.9237 acc=0.8232
[ep 090] val_sel AUC=0.9238 acc=0.8252
[ep 091] val_sel AUC=0.9243 acc=0.8214
[ep 092] val_sel AUC=0.9239 acc=0.8255
[ep 093] val_sel AUC=0.9237 acc=0.8239
[ep 094] val_sel AUC=0.9234 acc=0.8243
[ep 095] val_sel AUC=0.9233 acc=0.8239
[ep 096] val_sel AUC=0.9233 acc=0.8239
============================================================
TEST (best val_sel epoch, held-out, evaluated once)
============================================================
[DONE-QPE2] embed=dctfix model_III N=250 seed=49 test_AUC=0.9280 val_sel_AUC=0.9279 per_class=(axion=0.9443 cdm=0.8693 no_sub=0.9704) params=203460 embed_params=1 R_frob_drift=None
