[INFO] QPE2 D=64 P=8 depth=4 | embed=dctfix | data=model_II N/class=250 seed=58 split_seed=0 | params=203460 embed_params=1 lr=0.001 epochs=96 bs=32 | train(750, 64, 64) val_sel(4455, 64, 64) test(4455, 64, 64) device=cuda
[ep 001] val_sel AUC=0.5387 acc=0.3237
[ep 002] val_sel AUC=0.5473 acc=0.3237
[ep 003] val_sel AUC=0.5500 acc=0.3237
[ep 004] val_sel AUC=0.5520 acc=0.3291
[ep 005] val_sel AUC=0.5504 acc=0.3473
[ep 006] val_sel AUC=0.5474 acc=0.3473
[ep 007] val_sel AUC=0.5440 acc=0.3591
[ep 008] val_sel AUC=0.5456 acc=0.3237
[ep 009] val_sel AUC=0.5430 acc=0.3542
[ep 010] val_sel AUC=0.5572 acc=0.3713
[ep 011] val_sel AUC=0.5770 acc=0.3883
[ep 012] val_sel AUC=0.5939 acc=0.4020
[ep 013] val_sel AUC=0.6348 acc=0.4016
[ep 014] val_sel AUC=0.6684 acc=0.4604
[ep 015] val_sel AUC=0.7423 acc=0.5250
[ep 016] val_sel AUC=0.7558 acc=0.5589
[ep 017] val_sel AUC=0.8002 acc=0.6247
[ep 018] val_sel AUC=0.8371 acc=0.6826
[ep 019] val_sel AUC=0.8351 acc=0.6541
[ep 020] val_sel AUC=0.8411 acc=0.6478
[ep 021] val_sel AUC=0.8494 acc=0.6875
[ep 022] val_sel AUC=0.8774 acc=0.7363
[ep 023] val_sel AUC=0.8641 acc=0.7075
[ep 024] val_sel AUC=0.8970 acc=0.7625
[ep 025] val_sel AUC=0.8685 acc=0.6994
[ep 026] val_sel AUC=0.9040 acc=0.7793
[ep 027] val_sel AUC=0.9035 acc=0.7728
[ep 028] val_sel AUC=0.9022 acc=0.7722
[ep 029] val_sel AUC=0.9100 acc=0.7903
[ep 030] val_sel AUC=0.9062 acc=0.7814
[ep 031] val_sel AUC=0.9087 acc=0.7872
[ep 032] val_sel AUC=0.9087 acc=0.7874
[ep 033] val_sel AUC=0.7551 acc=0.5767
[ep 034] val_sel AUC=0.8298 acc=0.6646
[ep 035] val_sel AUC=0.8775 acc=0.7194
[ep 036] val_sel AUC=0.8778 acc=0.7098
[ep 037] val_sel AUC=0.8437 acc=0.6420
[ep 038] val_sel AUC=0.8582 acc=0.7055
[ep 039] val_sel AUC=0.8260 acc=0.6384
[ep 040] val_sel AUC=0.8593 acc=0.6929
[ep 041] val_sel AUC=0.8991 acc=0.7701
[ep 042] val_sel AUC=0.8533 acc=0.7026
[ep 043] val_sel AUC=0.8811 acc=0.7380
[ep 044] val_sel AUC=0.8515 acc=0.6438
[ep 045] val_sel AUC=0.8943 acc=0.7490
[ep 046] val_sel AUC=0.8809 acc=0.7562
[ep 047] val_sel AUC=0.8827 acc=0.7109
[ep 048] val_sel AUC=0.8859 acc=0.7282
[ep 049] val_sel AUC=0.9073 acc=0.7847
[ep 050] val_sel AUC=0.8872 acc=0.7596
[ep 051] val_sel AUC=0.8844 acc=0.7434
[ep 052] val_sel AUC=0.8839 acc=0.7542
[ep 053] val_sel AUC=0.8893 acc=0.7533
[ep 054] val_sel AUC=0.8828 acc=0.7371
[ep 055] val_sel AUC=0.9093 acc=0.7955
[ep 056] val_sel AUC=0.9112 acc=0.7926
[ep 057] val_sel AUC=0.8883 acc=0.7257
[ep 058] val_sel AUC=0.9137 acc=0.7973
[ep 059] val_sel AUC=0.9194 acc=0.8130
[ep 060] val_sel AUC=0.9081 acc=0.7856
[ep 061] val_sel AUC=0.9097 acc=0.7728
[ep 062] val_sel AUC=0.8947 acc=0.7832
[ep 063] val_sel AUC=0.9154 acc=0.7953
[ep 064] val_sel AUC=0.9185 acc=0.8016
[ep 065] val_sel AUC=0.9134 acc=0.7928
[ep 066] val_sel AUC=0.9144 acc=0.7998
[ep 067] val_sel AUC=0.9051 acc=0.7654
[ep 068] val_sel AUC=0.8912 acc=0.7414
[ep 069] val_sel AUC=0.9108 acc=0.7957
[ep 070] val_sel AUC=0.9016 acc=0.7742
[ep 071] val_sel AUC=0.9176 acc=0.7906
[ep 072] val_sel AUC=0.9211 acc=0.8126
[ep 073] val_sel AUC=0.9097 acc=0.7939
[ep 074] val_sel AUC=0.9129 acc=0.7953
[ep 075] val_sel AUC=0.9149 acc=0.7953
[ep 076] val_sel AUC=0.9213 acc=0.8200
[ep 077] val_sel AUC=0.9152 acc=0.8013
[ep 078] val_sel AUC=0.9176 acc=0.8070
[ep 079] val_sel AUC=0.9104 acc=0.7910
[ep 080] val_sel AUC=0.9188 acc=0.8126
[ep 081] val_sel AUC=0.9166 acc=0.8090
[ep 082] val_sel AUC=0.9185 acc=0.8137
[ep 083] val_sel AUC=0.9203 acc=0.8171
[ep 084] val_sel AUC=0.9160 acc=0.8090
[ep 085] val_sel AUC=0.9119 acc=0.8049
[ep 086] val_sel AUC=0.9163 acc=0.8195
[ep 087] val_sel AUC=0.9180 acc=0.8191
[ep 088] val_sel AUC=0.9180 acc=0.8222
[ep 089] val_sel AUC=0.9191 acc=0.8287
[ep 090] val_sel AUC=0.9150 acc=0.8126
[ep 091] val_sel AUC=0.9187 acc=0.8269
[ep 092] val_sel AUC=0.9169 acc=0.8195
[ep 093] val_sel AUC=0.9178 acc=0.8233
[ep 094] val_sel AUC=0.9173 acc=0.8218
[ep 095] val_sel AUC=0.9169 acc=0.8195
[ep 096] val_sel AUC=0.9170 acc=0.8198
============================================================
TEST (best val_sel epoch, held-out, evaluated once)
============================================================
[DONE-QPE2] embed=dctfix model_II N=250 seed=58 test_AUC=0.9284 val_sel_AUC=0.9213 per_class=(axion=0.9401 cdm=0.8664 no_sub=0.9786) params=203460 embed_params=1 R_frob_drift=None
