[INFO] QPE2 D=64 P=8 depth=4 | embed=dctfix | data=model_III N/class=100 seed=51 split_seed=0 | params=203460 embed_params=1 lr=0.001 epochs=96 bs=32 | train(300, 64, 64) val_sel(4469, 64, 64) test(4470, 64, 64) device=cuda
[ep 001] val_sel AUC=0.4897 acc=0.3433
[ep 002] val_sel AUC=0.5484 acc=0.3283
[ep 003] val_sel AUC=0.5497 acc=0.3433
[ep 004] val_sel AUC=0.5583 acc=0.3285
[ep 005] val_sel AUC=0.5552 acc=0.3433
[ep 006] val_sel AUC=0.5683 acc=0.3283
[ep 007] val_sel AUC=0.5604 acc=0.3285
[ep 008] val_sel AUC=0.5615 acc=0.3327
[ep 009] val_sel AUC=0.5642 acc=0.3717
[ep 010] val_sel AUC=0.5657 acc=0.3433
[ep 011] val_sel AUC=0.5606 acc=0.3444
[ep 012] val_sel AUC=0.5647 acc=0.3283
[ep 013] val_sel AUC=0.5605 acc=0.3591
[ep 014] val_sel AUC=0.5558 acc=0.3591
[ep 015] val_sel AUC=0.5396 acc=0.3435
[ep 016] val_sel AUC=0.5358 acc=0.3386
[ep 017] val_sel AUC=0.5360 acc=0.3424
[ep 018] val_sel AUC=0.5359 acc=0.3410
[ep 019] val_sel AUC=0.5358 acc=0.3453
[ep 020] val_sel AUC=0.5376 acc=0.3403
[ep 021] val_sel AUC=0.5392 acc=0.3692
[ep 022] val_sel AUC=0.5398 acc=0.3723
[ep 023] val_sel AUC=0.5419 acc=0.3468
[ep 024] val_sel AUC=0.5468 acc=0.3618
[ep 025] val_sel AUC=0.5532 acc=0.3766
[ep 026] val_sel AUC=0.5555 acc=0.3676
[ep 027] val_sel AUC=0.5556 acc=0.3817
[ep 028] val_sel AUC=0.5579 acc=0.3811
[ep 029] val_sel AUC=0.5594 acc=0.3815
[ep 030] val_sel AUC=0.5597 acc=0.3797
[ep 031] val_sel AUC=0.5604 acc=0.3820
[ep 032] val_sel AUC=0.5605 acc=0.3808
[ep 033] val_sel AUC=0.5840 acc=0.3882
[ep 034] val_sel AUC=0.5940 acc=0.3905
[ep 035] val_sel AUC=0.5813 acc=0.3835
[ep 036] val_sel AUC=0.5746 acc=0.3786
[ep 037] val_sel AUC=0.5952 acc=0.4026
[ep 038] val_sel AUC=0.6290 acc=0.4299
[ep 039] val_sel AUC=0.6816 acc=0.4641
[ep 040] val_sel AUC=0.6763 acc=0.4451
[ep 041] val_sel AUC=0.6827 acc=0.4621
[ep 042] val_sel AUC=0.7084 acc=0.4726
[ep 043] val_sel AUC=0.6878 acc=0.4641
[ep 044] val_sel AUC=0.7207 acc=0.4972
[ep 045] val_sel AUC=0.7366 acc=0.5578
[ep 046] val_sel AUC=0.7407 acc=0.5460
[ep 047] val_sel AUC=0.7632 acc=0.5842
[ep 048] val_sel AUC=0.7659 acc=0.5811
[ep 049] val_sel AUC=0.7581 acc=0.5554
[ep 050] val_sel AUC=0.7652 acc=0.5988
[ep 051] val_sel AUC=0.8157 acc=0.6371
[ep 052] val_sel AUC=0.7956 acc=0.6297
[ep 053] val_sel AUC=0.8166 acc=0.6393
[ep 054] val_sel AUC=0.8089 acc=0.6127
[ep 055] val_sel AUC=0.8104 acc=0.6057
[ep 056] val_sel AUC=0.8308 acc=0.6733
[ep 057] val_sel AUC=0.8339 acc=0.6778
[ep 058] val_sel AUC=0.8035 acc=0.6380
[ep 059] val_sel AUC=0.8300 acc=0.6832
[ep 060] val_sel AUC=0.8283 acc=0.6585
[ep 061] val_sel AUC=0.8365 acc=0.6854
[ep 062] val_sel AUC=0.8240 acc=0.6456
[ep 063] val_sel AUC=0.8412 acc=0.6901
[ep 064] val_sel AUC=0.8340 acc=0.6843
[ep 065] val_sel AUC=0.8417 acc=0.6865
[ep 066] val_sel AUC=0.8257 acc=0.6377
[ep 067] val_sel AUC=0.8542 acc=0.6995
[ep 068] val_sel AUC=0.8533 acc=0.6950
[ep 069] val_sel AUC=0.8436 acc=0.6514
[ep 070] val_sel AUC=0.8383 acc=0.6832
[ep 071] val_sel AUC=0.8303 acc=0.6559
[ep 072] val_sel AUC=0.8489 acc=0.6961
[ep 073] val_sel AUC=0.8472 acc=0.6946
[ep 074] val_sel AUC=0.8524 acc=0.6946
[ep 075] val_sel AUC=0.8551 acc=0.7181
[ep 076] val_sel AUC=0.8528 acc=0.7035
[ep 077] val_sel AUC=0.8576 acc=0.7096
[ep 078] val_sel AUC=0.8618 acc=0.7109
[ep 079] val_sel AUC=0.8582 acc=0.7122
[ep 080] val_sel AUC=0.8479 acc=0.6961
[ep 081] val_sel AUC=0.8546 acc=0.7019
[ep 082] val_sel AUC=0.8575 acc=0.7147
[ep 083] val_sel AUC=0.8606 acc=0.7156
[ep 084] val_sel AUC=0.8599 acc=0.7187
[ep 085] val_sel AUC=0.8577 acc=0.7149
[ep 086] val_sel AUC=0.8575 acc=0.7138
[ep 087] val_sel AUC=0.8577 acc=0.7172
[ep 088] val_sel AUC=0.8594 acc=0.7194
[ep 089] val_sel AUC=0.8591 acc=0.7190
[ep 090] val_sel AUC=0.8586 acc=0.7174
[ep 091] val_sel AUC=0.8595 acc=0.7194
[ep 092] val_sel AUC=0.8591 acc=0.7187
[ep 093] val_sel AUC=0.8590 acc=0.7181
[ep 094] val_sel AUC=0.8589 acc=0.7174
[ep 095] val_sel AUC=0.8589 acc=0.7174
[ep 096] val_sel AUC=0.8590 acc=0.7174
============================================================
TEST (best val_sel epoch, held-out, evaluated once)
============================================================
[DONE-QPE2] embed=dctfix model_III N=100 seed=51 test_AUC=0.8624 val_sel_AUC=0.8618 per_class=(axion=0.9154 cdm=0.7454 no_sub=0.9263) params=203460 embed_params=1 R_frob_drift=None
