[INFO] QPE2 D=64 P=8 depth=4 | embed=dctfix | data=model_III N/class=250 seed=54 split_seed=0 | params=203460 embed_params=1 lr=0.001 epochs=96 bs=32 | train(750, 64, 64) val_sel(4469, 64, 64) test(4470, 64, 64) device=cuda
[ep 001] val_sel AUC=0.5219 acc=0.3285
[ep 002] val_sel AUC=0.5268 acc=0.3285
[ep 003] val_sel AUC=0.5276 acc=0.3285
[ep 004] val_sel AUC=0.5281 acc=0.3285
[ep 005] val_sel AUC=0.5282 acc=0.3433
[ep 006] val_sel AUC=0.5280 acc=0.3531
[ep 007] val_sel AUC=0.5331 acc=0.3515
[ep 008] val_sel AUC=0.5608 acc=0.3587
[ep 009] val_sel AUC=0.5965 acc=0.4119
[ep 010] val_sel AUC=0.6385 acc=0.3782
[ep 011] val_sel AUC=0.6500 acc=0.4668
[ep 012] val_sel AUC=0.7126 acc=0.5449
[ep 013] val_sel AUC=0.7126 acc=0.4905
[ep 014] val_sel AUC=0.7069 acc=0.5373
[ep 015] val_sel AUC=0.7237 acc=0.5102
[ep 016] val_sel AUC=0.7798 acc=0.5704
[ep 017] val_sel AUC=0.8056 acc=0.6326
[ep 018] val_sel AUC=0.8298 acc=0.6814
[ep 019] val_sel AUC=0.8583 acc=0.7138
[ep 020] val_sel AUC=0.8466 acc=0.6646
[ep 021] val_sel AUC=0.8742 acc=0.7328
[ep 022] val_sel AUC=0.8711 acc=0.7167
[ep 023] val_sel AUC=0.8924 acc=0.7720
[ep 024] val_sel AUC=0.8885 acc=0.7657
[ep 025] val_sel AUC=0.9036 acc=0.7894
[ep 026] val_sel AUC=0.9101 acc=0.7921
[ep 027] val_sel AUC=0.9012 acc=0.7829
[ep 028] val_sel AUC=0.9105 acc=0.7903
[ep 029] val_sel AUC=0.9141 acc=0.8141
[ep 030] val_sel AUC=0.9126 acc=0.8069
[ep 031] val_sel AUC=0.9141 acc=0.8136
[ep 032] val_sel AUC=0.9142 acc=0.8136
[ep 033] val_sel AUC=0.8470 acc=0.6870
[ep 034] val_sel AUC=0.8530 acc=0.6874
[ep 035] val_sel AUC=0.8942 acc=0.7624
[ep 036] val_sel AUC=0.8439 acc=0.6469
[ep 037] val_sel AUC=0.8583 acc=0.7069
[ep 038] val_sel AUC=0.9005 acc=0.7404
[ep 039] val_sel AUC=0.8964 acc=0.7624
[ep 040] val_sel AUC=0.9003 acc=0.7695
[ep 041] val_sel AUC=0.8843 acc=0.6832
[ep 042] val_sel AUC=0.8874 acc=0.6959
[ep 043] val_sel AUC=0.8918 acc=0.7398
[ep 044] val_sel AUC=0.9185 acc=0.7984
[ep 045] val_sel AUC=0.8761 acc=0.6778
[ep 046] val_sel AUC=0.9026 acc=0.7572
[ep 047] val_sel AUC=0.8879 acc=0.7353
[ep 048] val_sel AUC=0.8943 acc=0.7438
[ep 049] val_sel AUC=0.9051 acc=0.7639
[ep 050] val_sel AUC=0.8921 acc=0.7570
[ep 051] val_sel AUC=0.9019 acc=0.7675
[ep 052] val_sel AUC=0.9120 acc=0.7973
[ep 053] val_sel AUC=0.9102 acc=0.7897
[ep 054] val_sel AUC=0.8988 acc=0.7554
[ep 055] val_sel AUC=0.9150 acc=0.8102
[ep 056] val_sel AUC=0.9089 acc=0.7778
[ep 057] val_sel AUC=0.9155 acc=0.7968
[ep 058] val_sel AUC=0.8975 acc=0.7395
[ep 059] val_sel AUC=0.9089 acc=0.7727
[ep 060] val_sel AUC=0.8510 acc=0.6726
[ep 061] val_sel AUC=0.8877 acc=0.7668
[ep 062] val_sel AUC=0.8894 acc=0.7608
[ep 063] val_sel AUC=0.9084 acc=0.7979
[ep 064] val_sel AUC=0.9095 acc=0.8094
[ep 065] val_sel AUC=0.9006 acc=0.7794
[ep 066] val_sel AUC=0.9166 acc=0.7926
[ep 067] val_sel AUC=0.8802 acc=0.7127
[ep 068] val_sel AUC=0.9230 acc=0.8188
[ep 069] val_sel AUC=0.9240 acc=0.8188
[ep 070] val_sel AUC=0.9169 acc=0.8062
[ep 071] val_sel AUC=0.9053 acc=0.7545
[ep 072] val_sel AUC=0.9160 acc=0.7982
[ep 073] val_sel AUC=0.9144 acc=0.8094
[ep 074] val_sel AUC=0.9175 acc=0.8250
[ep 075] val_sel AUC=0.9141 acc=0.7979
[ep 076] val_sel AUC=0.9210 acc=0.8105
[ep 077] val_sel AUC=0.9162 acc=0.8125
[ep 078] val_sel AUC=0.9175 acc=0.8152
[ep 079] val_sel AUC=0.9228 acc=0.8192
[ep 080] val_sel AUC=0.9153 acc=0.8089
[ep 081] val_sel AUC=0.8912 acc=0.7881
[ep 082] val_sel AUC=0.9159 acc=0.8163
[ep 083] val_sel AUC=0.9126 acc=0.7959
[ep 084] val_sel AUC=0.9173 acc=0.8237
[ep 085] val_sel AUC=0.9181 acc=0.8268
[ep 086] val_sel AUC=0.9157 acc=0.8109
[ep 087] val_sel AUC=0.9163 acc=0.8223
[ep 088] val_sel AUC=0.9151 acc=0.8203
[ep 089] val_sel AUC=0.9176 acc=0.8228
[ep 090] val_sel AUC=0.9177 acc=0.8208
[ep 091] val_sel AUC=0.9161 acc=0.8239
[ep 092] val_sel AUC=0.9168 acc=0.8226
[ep 093] val_sel AUC=0.9167 acc=0.8235
[ep 094] val_sel AUC=0.9169 acc=0.8228
[ep 095] val_sel AUC=0.9165 acc=0.8241
[ep 096] val_sel AUC=0.9165 acc=0.8239
============================================================
TEST (best val_sel epoch, held-out, evaluated once)
============================================================
[DONE-QPE2] embed=dctfix model_III N=250 seed=54 test_AUC=0.9226 val_sel_AUC=0.9240 per_class=(axion=0.9355 cdm=0.8566 no_sub=0.9759) params=203460 embed_params=1 R_frob_drift=None
