[INFO] QPE2 D=64 P=8 depth=4 | embed=quantum | data=model_II N/class=250 seed=54 split_seed=0 | params=203508 embed_params=49 lr=0.001 epochs=96 bs=32 | train(750, 64, 64) val_sel(4455, 64, 64) test(4455, 64, 64) device=cuda
[ep 001] val_sel AUC=0.4975 acc=0.3237
[ep 002] val_sel AUC=0.5045 acc=0.3237
[ep 003] val_sel AUC=0.5101 acc=0.3237
[ep 004] val_sel AUC=0.5144 acc=0.3237
[ep 005] val_sel AUC=0.5175 acc=0.3473
[ep 006] val_sel AUC=0.5207 acc=0.3473
[ep 007] val_sel AUC=0.5230 acc=0.3291
[ep 008] val_sel AUC=0.5242 acc=0.3473
[ep 009] val_sel AUC=0.5239 acc=0.3473
[ep 010] val_sel AUC=0.5265 acc=0.3473
[ep 011] val_sel AUC=0.5313 acc=0.3367
[ep 012] val_sel AUC=0.5353 acc=0.3385
[ep 013] val_sel AUC=0.5374 acc=0.3645
[ep 014] val_sel AUC=0.5389 acc=0.3614
[ep 015] val_sel AUC=0.5395 acc=0.3324
[ep 016] val_sel AUC=0.5385 acc=0.3717
[ep 017] val_sel AUC=0.5411 acc=0.3715
[ep 018] val_sel AUC=0.5502 acc=0.3410
[ep 019] val_sel AUC=0.5785 acc=0.3769
[ep 020] val_sel AUC=0.6265 acc=0.4357
[ep 021] val_sel AUC=0.6471 acc=0.4018
[ep 022] val_sel AUC=0.6989 acc=0.5163
[ep 023] val_sel AUC=0.7241 acc=0.5122
[ep 024] val_sel AUC=0.7726 acc=0.5648
[ep 025] val_sel AUC=0.7880 acc=0.5771
[ep 026] val_sel AUC=0.8119 acc=0.6575
[ep 027] val_sel AUC=0.8210 acc=0.6770
[ep 028] val_sel AUC=0.8213 acc=0.6864
[ep 029] val_sel AUC=0.8259 acc=0.6810
[ep 030] val_sel AUC=0.8250 acc=0.6754
[ep 031] val_sel AUC=0.8308 acc=0.7001
[ep 032] val_sel AUC=0.8314 acc=0.7012
[ep 033] val_sel AUC=0.7599 acc=0.5769
[ep 034] val_sel AUC=0.7363 acc=0.5322
[ep 035] val_sel AUC=0.8158 acc=0.6332
[ep 036] val_sel AUC=0.7939 acc=0.6067
[ep 037] val_sel AUC=0.8450 acc=0.6783
[ep 038] val_sel AUC=0.8446 acc=0.6770
[ep 039] val_sel AUC=0.8496 acc=0.6932
[ep 040] val_sel AUC=0.8804 acc=0.7369
[ep 041] val_sel AUC=0.8271 acc=0.6074
[ep 042] val_sel AUC=0.8928 acc=0.7432
[ep 043] val_sel AUC=0.8623 acc=0.7073
[ep 044] val_sel AUC=0.8459 acc=0.6750
[ep 045] val_sel AUC=0.8843 acc=0.7452
[ep 046] val_sel AUC=0.7964 acc=0.6045
[ep 047] val_sel AUC=0.8932 acc=0.7356
[ep 048] val_sel AUC=0.8822 acc=0.7253
[ep 049] val_sel AUC=0.8864 acc=0.7383
[ep 050] val_sel AUC=0.8905 acc=0.7578
[ep 051] val_sel AUC=0.8783 acc=0.7686
[ep 052] val_sel AUC=0.8701 acc=0.6602
[ep 053] val_sel AUC=0.8891 acc=0.7291
[ep 054] val_sel AUC=0.9076 acc=0.7915
[ep 055] val_sel AUC=0.8865 acc=0.7270
[ep 056] val_sel AUC=0.9056 acc=0.7897
[ep 057] val_sel AUC=0.9046 acc=0.7845
[ep 058] val_sel AUC=0.9090 acc=0.7823
[ep 059] val_sel AUC=0.9213 acc=0.8218
[ep 060] val_sel AUC=0.9034 acc=0.7771
[ep 061] val_sel AUC=0.9120 acc=0.7996
[ep 062] val_sel AUC=0.9070 acc=0.7957
[ep 063] val_sel AUC=0.9029 acc=0.7776
[ep 064] val_sel AUC=0.9240 acc=0.8200
[ep 065] val_sel AUC=0.9166 acc=0.8004
[ep 066] val_sel AUC=0.9167 acc=0.8103
[ep 067] val_sel AUC=0.9218 acc=0.8119
[ep 068] val_sel AUC=0.9174 acc=0.8155
[ep 069] val_sel AUC=0.9219 acc=0.8016
[ep 070] val_sel AUC=0.9214 acc=0.8141
[ep 071] val_sel AUC=0.9263 acc=0.8256
[ep 072] val_sel AUC=0.9295 acc=0.8444
[ep 073] val_sel AUC=0.9215 acc=0.8233
[ep 074] val_sel AUC=0.9282 acc=0.8316
[ep 075] val_sel AUC=0.9297 acc=0.8350
[ep 076] val_sel AUC=0.9295 acc=0.8487
[ep 077] val_sel AUC=0.9213 acc=0.8218
[ep 078] val_sel AUC=0.9286 acc=0.8370
[ep 079] val_sel AUC=0.9296 acc=0.8431
[ep 080] val_sel AUC=0.9307 acc=0.8483
[ep 081] val_sel AUC=0.9329 acc=0.8525
[ep 082] val_sel AUC=0.9298 acc=0.8548
[ep 083] val_sel AUC=0.9323 acc=0.8476
[ep 084] val_sel AUC=0.9296 acc=0.8453
[ep 085] val_sel AUC=0.9299 acc=0.8440
[ep 086] val_sel AUC=0.9327 acc=0.8480
[ep 087] val_sel AUC=0.9326 acc=0.8557
[ep 088] val_sel AUC=0.9323 acc=0.8512
[ep 089] val_sel AUC=0.9329 acc=0.8510
[ep 090] val_sel AUC=0.9332 acc=0.8527
[ep 091] val_sel AUC=0.9326 acc=0.8523
[ep 092] val_sel AUC=0.9328 acc=0.8527
[ep 093] val_sel AUC=0.9329 acc=0.8530
[ep 094] val_sel AUC=0.9329 acc=0.8525
[ep 095] val_sel AUC=0.9329 acc=0.8523
[ep 096] val_sel AUC=0.9328 acc=0.8527
============================================================
TEST (best val_sel epoch, held-out, evaluated once)
============================================================
[DONE-QPE2] embed=quantum model_II N=250 seed=54 test_AUC=0.9380 val_sel_AUC=0.9332 per_class=(axion=0.9396 cdm=0.8880 no_sub=0.9864) params=203508 embed_params=49 R_frob_drift=0.7429544925689697
