[INFO] QPE2 D=64 P=8 depth=4 | embed=quantum | data=model_III N/class=250 seed=52 split_seed=0 | params=203508 embed_params=49 lr=0.001 epochs=96 bs=32 | train(750, 64, 64) val_sel(4469, 64, 64) test(4470, 64, 64) device=cuda
[ep 001] val_sel AUC=0.5103 acc=0.3285
[ep 002] val_sel AUC=0.5325 acc=0.3283
[ep 003] val_sel AUC=0.5368 acc=0.3433
[ep 004] val_sel AUC=0.5405 acc=0.3283
[ep 005] val_sel AUC=0.5404 acc=0.3285
[ep 006] val_sel AUC=0.5416 acc=0.3426
[ep 007] val_sel AUC=0.5446 acc=0.3283
[ep 008] val_sel AUC=0.5416 acc=0.3285
[ep 009] val_sel AUC=0.5403 acc=0.3285
[ep 010] val_sel AUC=0.5337 acc=0.3520
[ep 011] val_sel AUC=0.5302 acc=0.3551
[ep 012] val_sel AUC=0.5563 acc=0.3544
[ep 013] val_sel AUC=0.5732 acc=0.3585
[ep 014] val_sel AUC=0.6097 acc=0.4495
[ep 015] val_sel AUC=0.6582 acc=0.4610
[ep 016] val_sel AUC=0.7007 acc=0.4898
[ep 017] val_sel AUC=0.6890 acc=0.5050
[ep 018] val_sel AUC=0.8127 acc=0.6411
[ep 019] val_sel AUC=0.7982 acc=0.6120
[ep 020] val_sel AUC=0.7832 acc=0.5377
[ep 021] val_sel AUC=0.8215 acc=0.6478
[ep 022] val_sel AUC=0.8744 acc=0.7196
[ep 023] val_sel AUC=0.8775 acc=0.7333
[ep 024] val_sel AUC=0.8760 acc=0.7212
[ep 025] val_sel AUC=0.9024 acc=0.7677
[ep 026] val_sel AUC=0.9028 acc=0.7720
[ep 027] val_sel AUC=0.9063 acc=0.7796
[ep 028] val_sel AUC=0.9101 acc=0.7823
[ep 029] val_sel AUC=0.9151 acc=0.7923
[ep 030] val_sel AUC=0.9161 acc=0.7964
[ep 031] val_sel AUC=0.9162 acc=0.7982
[ep 032] val_sel AUC=0.9164 acc=0.7986
[ep 033] val_sel AUC=0.8628 acc=0.6702
[ep 034] val_sel AUC=0.8835 acc=0.7093
[ep 035] val_sel AUC=0.8259 acc=0.6337
[ep 036] val_sel AUC=0.8861 acc=0.7424
[ep 037] val_sel AUC=0.8604 acc=0.6834
[ep 038] val_sel AUC=0.8982 acc=0.7514
[ep 039] val_sel AUC=0.8523 acc=0.6545
[ep 040] val_sel AUC=0.8837 acc=0.7301
[ep 041] val_sel AUC=0.8855 acc=0.7319
[ep 042] val_sel AUC=0.8825 acc=0.7559
[ep 043] val_sel AUC=0.9170 acc=0.7852
[ep 044] val_sel AUC=0.8878 acc=0.7505
[ep 045] val_sel AUC=0.8595 acc=0.6476
[ep 046] val_sel AUC=0.9049 acc=0.7689
[ep 047] val_sel AUC=0.8647 acc=0.6512
[ep 048] val_sel AUC=0.8983 acc=0.7572
[ep 049] val_sel AUC=0.9162 acc=0.7917
[ep 050] val_sel AUC=0.9024 acc=0.7483
[ep 051] val_sel AUC=0.9269 acc=0.7988
[ep 052] val_sel AUC=0.9079 acc=0.7807
[ep 053] val_sel AUC=0.9054 acc=0.7659
[ep 054] val_sel AUC=0.9113 acc=0.7769
[ep 055] val_sel AUC=0.9048 acc=0.7382
[ep 056] val_sel AUC=0.9064 acc=0.7760
[ep 057] val_sel AUC=0.9121 acc=0.7832
[ep 058] val_sel AUC=0.8662 acc=0.6753
[ep 059] val_sel AUC=0.9213 acc=0.7988
[ep 060] val_sel AUC=0.8964 acc=0.7404
[ep 061] val_sel AUC=0.9169 acc=0.7897
[ep 062] val_sel AUC=0.9263 acc=0.8091
[ep 063] val_sel AUC=0.9236 acc=0.8026
[ep 064] val_sel AUC=0.9269 acc=0.8257
[ep 065] val_sel AUC=0.9009 acc=0.7431
[ep 066] val_sel AUC=0.9248 acc=0.8174
[ep 067] val_sel AUC=0.9201 acc=0.7944
[ep 068] val_sel AUC=0.9215 acc=0.8020
[ep 069] val_sel AUC=0.9166 acc=0.8017
[ep 070] val_sel AUC=0.9203 acc=0.7915
[ep 071] val_sel AUC=0.9275 acc=0.8172
[ep 072] val_sel AUC=0.9253 acc=0.8064
[ep 073] val_sel AUC=0.9217 acc=0.8125
[ep 074] val_sel AUC=0.9236 acc=0.8149
[ep 075] val_sel AUC=0.9248 acc=0.8196
[ep 076] val_sel AUC=0.9264 acc=0.8219
[ep 077] val_sel AUC=0.9189 acc=0.7879
[ep 078] val_sel AUC=0.9296 acc=0.8243
[ep 079] val_sel AUC=0.9315 acc=0.8355
[ep 080] val_sel AUC=0.9295 acc=0.8288
[ep 081] val_sel AUC=0.9313 acc=0.8382
[ep 082] val_sel AUC=0.9341 acc=0.8465
[ep 083] val_sel AUC=0.9287 acc=0.8232
[ep 084] val_sel AUC=0.9316 acc=0.8429
[ep 085] val_sel AUC=0.9321 acc=0.8340
[ep 086] val_sel AUC=0.9317 acc=0.8373
[ep 087] val_sel AUC=0.9299 acc=0.8351
[ep 088] val_sel AUC=0.9297 acc=0.8290
[ep 089] val_sel AUC=0.9308 acc=0.8369
[ep 090] val_sel AUC=0.9306 acc=0.8382
[ep 091] val_sel AUC=0.9301 acc=0.8391
[ep 092] val_sel AUC=0.9299 acc=0.8382
[ep 093] val_sel AUC=0.9296 acc=0.8382
[ep 094] val_sel AUC=0.9299 acc=0.8398
[ep 095] val_sel AUC=0.9298 acc=0.8387
[ep 096] val_sel AUC=0.9299 acc=0.8393
============================================================
TEST (best val_sel epoch, held-out, evaluated once)
============================================================
[DONE-QPE2] embed=quantum model_III N=250 seed=52 test_AUC=0.9294 val_sel_AUC=0.9341 per_class=(axion=0.9440 cdm=0.8691 no_sub=0.9751) params=203508 embed_params=49 R_frob_drift=0.5684909820556641
