[INFO] QPE2 D=64 P=8 depth=4 | embed=quantum | data=model_II N/class=250 seed=43 split_seed=0 | params=203508 embed_params=49 lr=0.001 epochs=96 bs=32 | train(750, 64, 64) val_sel(4455, 64, 64) test(4455, 64, 64) device=cuda
[ep 001] val_sel AUC=0.4737 acc=0.3473
[ep 002] val_sel AUC=0.4891 acc=0.3473
[ep 003] val_sel AUC=0.5091 acc=0.3473
[ep 004] val_sel AUC=0.5284 acc=0.3291
[ep 005] val_sel AUC=0.5319 acc=0.3237
[ep 006] val_sel AUC=0.5400 acc=0.3237
[ep 007] val_sel AUC=0.5410 acc=0.3473
[ep 008] val_sel AUC=0.5545 acc=0.3291
[ep 009] val_sel AUC=0.5578 acc=0.3291
[ep 010] val_sel AUC=0.5506 acc=0.3291
[ep 011] val_sel AUC=0.5490 acc=0.3473
[ep 012] val_sel AUC=0.5508 acc=0.3291
[ep 013] val_sel AUC=0.5455 acc=0.3291
[ep 014] val_sel AUC=0.5546 acc=0.3237
[ep 015] val_sel AUC=0.5488 acc=0.3473
[ep 016] val_sel AUC=0.5411 acc=0.3291
[ep 017] val_sel AUC=0.5372 acc=0.3506
[ep 018] val_sel AUC=0.5695 acc=0.3623
[ep 019] val_sel AUC=0.5951 acc=0.3486
[ep 020] val_sel AUC=0.6197 acc=0.3996
[ep 021] val_sel AUC=0.6403 acc=0.4723
[ep 022] val_sel AUC=0.6763 acc=0.4447
[ep 023] val_sel AUC=0.6835 acc=0.4745
[ep 024] val_sel AUC=0.7707 acc=0.5773
[ep 025] val_sel AUC=0.7500 acc=0.5560
[ep 026] val_sel AUC=0.8037 acc=0.6114
[ep 027] val_sel AUC=0.8115 acc=0.6341
[ep 028] val_sel AUC=0.8061 acc=0.6213
[ep 029] val_sel AUC=0.8220 acc=0.6388
[ep 030] val_sel AUC=0.8211 acc=0.6404
[ep 031] val_sel AUC=0.8258 acc=0.6485
[ep 032] val_sel AUC=0.8275 acc=0.6480
[ep 033] val_sel AUC=0.7440 acc=0.4851
[ep 034] val_sel AUC=0.7820 acc=0.5785
[ep 035] val_sel AUC=0.8025 acc=0.6162
[ep 036] val_sel AUC=0.8207 acc=0.6577
[ep 037] val_sel AUC=0.8145 acc=0.6483
[ep 038] val_sel AUC=0.7566 acc=0.5657
[ep 039] val_sel AUC=0.8292 acc=0.6615
[ep 040] val_sel AUC=0.8230 acc=0.6478
[ep 041] val_sel AUC=0.8242 acc=0.6514
[ep 042] val_sel AUC=0.7849 acc=0.4990
[ep 043] val_sel AUC=0.8035 acc=0.5838
[ep 044] val_sel AUC=0.8277 acc=0.6561
[ep 045] val_sel AUC=0.8060 acc=0.6166
[ep 046] val_sel AUC=0.8459 acc=0.6923
[ep 047] val_sel AUC=0.8274 acc=0.6494
[ep 048] val_sel AUC=0.8597 acc=0.7176
[ep 049] val_sel AUC=0.8613 acc=0.7169
[ep 050] val_sel AUC=0.8201 acc=0.6525
[ep 051] val_sel AUC=0.8722 acc=0.7203
[ep 052] val_sel AUC=0.8775 acc=0.7313
[ep 053] val_sel AUC=0.8745 acc=0.7410
[ep 054] val_sel AUC=0.8538 acc=0.6846
[ep 055] val_sel AUC=0.8192 acc=0.5755
[ep 056] val_sel AUC=0.8689 acc=0.7134
[ep 057] val_sel AUC=0.8886 acc=0.7600
[ep 058] val_sel AUC=0.8816 acc=0.7378
[ep 059] val_sel AUC=0.8875 acc=0.7354
[ep 060] val_sel AUC=0.8811 acc=0.7490
[ep 061] val_sel AUC=0.8393 acc=0.6703
[ep 062] val_sel AUC=0.8685 acc=0.7129
[ep 063] val_sel AUC=0.8836 acc=0.7439
[ep 064] val_sel AUC=0.8878 acc=0.7416
[ep 065] val_sel AUC=0.8931 acc=0.7670
[ep 066] val_sel AUC=0.8984 acc=0.7681
[ep 067] val_sel AUC=0.8976 acc=0.7742
[ep 068] val_sel AUC=0.8894 acc=0.7634
[ep 069] val_sel AUC=0.8855 acc=0.7493
[ep 070] val_sel AUC=0.8989 acc=0.7802
[ep 071] val_sel AUC=0.9050 acc=0.7901
[ep 072] val_sel AUC=0.8952 acc=0.7695
[ep 073] val_sel AUC=0.8861 acc=0.7556
[ep 074] val_sel AUC=0.8986 acc=0.7829
[ep 075] val_sel AUC=0.9066 acc=0.7886
[ep 076] val_sel AUC=0.9090 acc=0.7888
[ep 077] val_sel AUC=0.9056 acc=0.7895
[ep 078] val_sel AUC=0.9070 acc=0.7993
[ep 079] val_sel AUC=0.9098 acc=0.7944
[ep 080] val_sel AUC=0.9025 acc=0.7827
[ep 081] val_sel AUC=0.9124 acc=0.8004
[ep 082] val_sel AUC=0.9059 acc=0.7811
[ep 083] val_sel AUC=0.9123 acc=0.7946
[ep 084] val_sel AUC=0.9054 acc=0.7836
[ep 085] val_sel AUC=0.9116 acc=0.7978
[ep 086] val_sel AUC=0.9127 acc=0.8020
[ep 087] val_sel AUC=0.9139 acc=0.8034
[ep 088] val_sel AUC=0.9138 acc=0.8036
[ep 089] val_sel AUC=0.9142 acc=0.8011
[ep 090] val_sel AUC=0.9134 acc=0.8040
[ep 091] val_sel AUC=0.9129 acc=0.8016
[ep 092] val_sel AUC=0.9137 acc=0.8036
[ep 093] val_sel AUC=0.9138 acc=0.8027
[ep 094] val_sel AUC=0.9136 acc=0.8025
[ep 095] val_sel AUC=0.9136 acc=0.8027
[ep 096] val_sel AUC=0.9135 acc=0.8022
============================================================
TEST (best val_sel epoch, held-out, evaluated once)
============================================================
[DONE-QPE2] embed=quantum model_II N=250 seed=43 test_AUC=0.9232 val_sel_AUC=0.9142 per_class=(axion=0.9354 cdm=0.8570 no_sub=0.9771) params=203508 embed_params=49 R_frob_drift=0.6940950155258179
