[INFO] QPE2 D=64 P=8 depth=4 | embed=quantum | data=model_III N/class=250 seed=47 split_seed=0 | params=203508 embed_params=49 lr=0.001 epochs=96 bs=32 | train(750, 64, 64) val_sel(4469, 64, 64) test(4470, 64, 64) device=cuda
[ep 001] val_sel AUC=0.5384 acc=0.3283
[ep 002] val_sel AUC=0.5354 acc=0.3285
[ep 003] val_sel AUC=0.5393 acc=0.3285
[ep 004] val_sel AUC=0.5492 acc=0.3553
[ep 005] val_sel AUC=0.5938 acc=0.3453
[ep 006] val_sel AUC=0.6002 acc=0.3647
[ep 007] val_sel AUC=0.6710 acc=0.4115
[ep 008] val_sel AUC=0.7459 acc=0.5518
[ep 009] val_sel AUC=0.7558 acc=0.5422
[ep 010] val_sel AUC=0.8171 acc=0.6576
[ep 011] val_sel AUC=0.7783 acc=0.6004
[ep 012] val_sel AUC=0.8436 acc=0.6572
[ep 013] val_sel AUC=0.8533 acc=0.6811
[ep 014] val_sel AUC=0.8398 acc=0.6413
[ep 015] val_sel AUC=0.8735 acc=0.7024
[ep 016] val_sel AUC=0.8999 acc=0.7572
[ep 017] val_sel AUC=0.8925 acc=0.7666
[ep 018] val_sel AUC=0.8858 acc=0.7418
[ep 019] val_sel AUC=0.8816 acc=0.7259
[ep 020] val_sel AUC=0.8883 acc=0.7364
[ep 021] val_sel AUC=0.9129 acc=0.7843
[ep 022] val_sel AUC=0.9162 acc=0.7997
[ep 023] val_sel AUC=0.9000 acc=0.7380
[ep 024] val_sel AUC=0.9138 acc=0.7935
[ep 025] val_sel AUC=0.9149 acc=0.7912
[ep 026] val_sel AUC=0.9231 acc=0.8154
[ep 027] val_sel AUC=0.9254 acc=0.8163
[ep 028] val_sel AUC=0.9224 acc=0.8147
[ep 029] val_sel AUC=0.9261 acc=0.8223
[ep 030] val_sel AUC=0.9263 acc=0.8179
[ep 031] val_sel AUC=0.9268 acc=0.8241
[ep 032] val_sel AUC=0.9269 acc=0.8255
[ep 033] val_sel AUC=0.8370 acc=0.6610
[ep 034] val_sel AUC=0.8778 acc=0.6856
[ep 035] val_sel AUC=0.8514 acc=0.6807
[ep 036] val_sel AUC=0.8956 acc=0.7586
[ep 037] val_sel AUC=0.8909 acc=0.7449
[ep 038] val_sel AUC=0.9215 acc=0.7988
[ep 039] val_sel AUC=0.8904 acc=0.7257
[ep 040] val_sel AUC=0.9010 acc=0.7744
[ep 041] val_sel AUC=0.9150 acc=0.7955
[ep 042] val_sel AUC=0.8765 acc=0.7234
[ep 043] val_sel AUC=0.9268 acc=0.8107
[ep 044] val_sel AUC=0.8268 acc=0.6194
[ep 045] val_sel AUC=0.8851 acc=0.7259
[ep 046] val_sel AUC=0.8811 acc=0.7024
[ep 047] val_sel AUC=0.8952 acc=0.7241
[ep 048] val_sel AUC=0.9272 acc=0.8100
[ep 049] val_sel AUC=0.8916 acc=0.7306
[ep 050] val_sel AUC=0.8962 acc=0.7143
[ep 051] val_sel AUC=0.9316 acc=0.8243
[ep 052] val_sel AUC=0.8931 acc=0.6934
[ep 053] val_sel AUC=0.9218 acc=0.7966
[ep 054] val_sel AUC=0.9114 acc=0.7736
[ep 055] val_sel AUC=0.9269 acc=0.7888
[ep 056] val_sel AUC=0.9136 acc=0.7906
[ep 057] val_sel AUC=0.8891 acc=0.7339
[ep 058] val_sel AUC=0.9225 acc=0.7715
[ep 059] val_sel AUC=0.9266 acc=0.8154
[ep 060] val_sel AUC=0.9159 acc=0.8035
[ep 061] val_sel AUC=0.9081 acc=0.7865
[ep 062] val_sel AUC=0.9390 acc=0.8505
[ep 063] val_sel AUC=0.9164 acc=0.7650
[ep 064] val_sel AUC=0.9041 acc=0.7702
[ep 065] val_sel AUC=0.9257 acc=0.8125
[ep 066] val_sel AUC=0.9219 acc=0.8006
[ep 067] val_sel AUC=0.9205 acc=0.7991
[ep 068] val_sel AUC=0.8990 acc=0.7601
[ep 069] val_sel AUC=0.9299 acc=0.8156
[ep 070] val_sel AUC=0.9104 acc=0.7501
[ep 071] val_sel AUC=0.9059 acc=0.7762
[ep 072] val_sel AUC=0.9318 acc=0.8281
[ep 073] val_sel AUC=0.9335 acc=0.8331
[ep 074] val_sel AUC=0.9347 acc=0.8353
[ep 075] val_sel AUC=0.9287 acc=0.8188
[ep 076] val_sel AUC=0.9339 acc=0.8313
[ep 077] val_sel AUC=0.9308 acc=0.8259
[ep 078] val_sel AUC=0.9373 acc=0.8389
[ep 079] val_sel AUC=0.9322 acc=0.8331
[ep 080] val_sel AUC=0.9359 acc=0.8367
[ep 081] val_sel AUC=0.9265 acc=0.8185
[ep 082] val_sel AUC=0.9360 acc=0.8362
[ep 083] val_sel AUC=0.9356 acc=0.8315
[ep 084] val_sel AUC=0.9387 acc=0.8434
[ep 085] val_sel AUC=0.9361 acc=0.8414
[ep 086] val_sel AUC=0.9362 acc=0.8375
[ep 087] val_sel AUC=0.9372 acc=0.8427
[ep 088] val_sel AUC=0.9384 acc=0.8454
[ep 089] val_sel AUC=0.9384 acc=0.8427
[ep 090] val_sel AUC=0.9387 acc=0.8429
[ep 091] val_sel AUC=0.9386 acc=0.8425
[ep 092] val_sel AUC=0.9390 acc=0.8445
[ep 093] val_sel AUC=0.9391 acc=0.8458
[ep 094] val_sel AUC=0.9390 acc=0.8452
[ep 095] val_sel AUC=0.9389 acc=0.8436
[ep 096] val_sel AUC=0.9390 acc=0.8447
============================================================
TEST (best val_sel epoch, held-out, evaluated once)
============================================================
[DONE-QPE2] embed=quantum model_III N=250 seed=47 test_AUC=0.9321 val_sel_AUC=0.9391 per_class=(axion=0.9458 cdm=0.8726 no_sub=0.9778) params=203508 embed_params=49 R_frob_drift=0.8498544096946716
