[INFO] QPE2 D=64 P=8 depth=4 | embed=quantum | data=model_III N/class=250 seed=58 split_seed=0 | params=203508 embed_params=49 lr=0.001 epochs=96 bs=32 | train(750, 64, 64) val_sel(4469, 64, 64) test(4470, 64, 64) device=cuda
[ep 001] val_sel AUC=0.5163 acc=0.3433
[ep 002] val_sel AUC=0.5424 acc=0.3285
[ep 003] val_sel AUC=0.5705 acc=0.3285
[ep 004] val_sel AUC=0.5712 acc=0.3283
[ep 005] val_sel AUC=0.5708 acc=0.3433
[ep 006] val_sel AUC=0.5593 acc=0.3433
[ep 007] val_sel AUC=0.5513 acc=0.3283
[ep 008] val_sel AUC=0.5446 acc=0.3285
[ep 009] val_sel AUC=0.5445 acc=0.3540
[ep 010] val_sel AUC=0.5438 acc=0.3522
[ep 011] val_sel AUC=0.5642 acc=0.3524
[ep 012] val_sel AUC=0.5857 acc=0.3285
[ep 013] val_sel AUC=0.5970 acc=0.3529
[ep 014] val_sel AUC=0.5937 acc=0.4057
[ep 015] val_sel AUC=0.6302 acc=0.3775
[ep 016] val_sel AUC=0.6654 acc=0.4439
[ep 017] val_sel AUC=0.6709 acc=0.4961
[ep 018] val_sel AUC=0.7636 acc=0.5650
[ep 019] val_sel AUC=0.8016 acc=0.6127
[ep 020] val_sel AUC=0.8347 acc=0.6682
[ep 021] val_sel AUC=0.8699 acc=0.7069
[ep 022] val_sel AUC=0.8646 acc=0.7040
[ep 023] val_sel AUC=0.8790 acc=0.7075
[ep 024] val_sel AUC=0.9115 acc=0.7599
[ep 025] val_sel AUC=0.9020 acc=0.7693
[ep 026] val_sel AUC=0.9174 acc=0.7796
[ep 027] val_sel AUC=0.9186 acc=0.7906
[ep 028] val_sel AUC=0.9208 acc=0.7899
[ep 029] val_sel AUC=0.9263 acc=0.8058
[ep 030] val_sel AUC=0.9275 acc=0.8158
[ep 031] val_sel AUC=0.9271 acc=0.8123
[ep 032] val_sel AUC=0.9279 acc=0.8145
[ep 033] val_sel AUC=0.8286 acc=0.6496
[ep 034] val_sel AUC=0.9044 acc=0.7447
[ep 035] val_sel AUC=0.9025 acc=0.7442
[ep 036] val_sel AUC=0.9014 acc=0.7377
[ep 037] val_sel AUC=0.8665 acc=0.6917
[ep 038] val_sel AUC=0.8586 acc=0.6691
[ep 039] val_sel AUC=0.8945 acc=0.7183
[ep 040] val_sel AUC=0.8706 acc=0.6679
[ep 041] val_sel AUC=0.8950 acc=0.7447
[ep 042] val_sel AUC=0.8930 acc=0.7107
[ep 043] val_sel AUC=0.8631 acc=0.6755
[ep 044] val_sel AUC=0.8624 acc=0.6693
[ep 045] val_sel AUC=0.9030 acc=0.7469
[ep 046] val_sel AUC=0.9159 acc=0.7800
[ep 047] val_sel AUC=0.9020 acc=0.7389
[ep 048] val_sel AUC=0.9089 acc=0.7944
[ep 049] val_sel AUC=0.9064 acc=0.7510
[ep 050] val_sel AUC=0.9077 acc=0.7700
[ep 051] val_sel AUC=0.9196 acc=0.7800
[ep 052] val_sel AUC=0.9120 acc=0.7912
[ep 053] val_sel AUC=0.8995 acc=0.7344
[ep 054] val_sel AUC=0.9012 acc=0.7503
[ep 055] val_sel AUC=0.9088 acc=0.7456
[ep 056] val_sel AUC=0.9338 acc=0.8299
[ep 057] val_sel AUC=0.9288 acc=0.8060
[ep 058] val_sel AUC=0.9308 acc=0.7953
[ep 059] val_sel AUC=0.9227 acc=0.7950
[ep 060] val_sel AUC=0.9275 acc=0.8035
[ep 061] val_sel AUC=0.8970 acc=0.7756
[ep 062] val_sel AUC=0.9301 acc=0.8015
[ep 063] val_sel AUC=0.9274 acc=0.7740
[ep 064] val_sel AUC=0.9328 acc=0.8208
[ep 065] val_sel AUC=0.9351 acc=0.8279
[ep 066] val_sel AUC=0.9291 acc=0.8190
[ep 067] val_sel AUC=0.9272 acc=0.8058
[ep 068] val_sel AUC=0.9379 acc=0.8029
[ep 069] val_sel AUC=0.9260 acc=0.8183
[ep 070] val_sel AUC=0.9399 acc=0.8190
[ep 071] val_sel AUC=0.9373 acc=0.8141
[ep 072] val_sel AUC=0.9384 acc=0.8188
[ep 073] val_sel AUC=0.9391 acc=0.8152
[ep 074] val_sel AUC=0.9348 acc=0.8163
[ep 075] val_sel AUC=0.9337 acc=0.8322
[ep 076] val_sel AUC=0.9337 acc=0.8228
[ep 077] val_sel AUC=0.9286 acc=0.8176
[ep 078] val_sel AUC=0.9321 acc=0.8297
[ep 079] val_sel AUC=0.9338 acc=0.8320
[ep 080] val_sel AUC=0.9320 acc=0.8290
[ep 081] val_sel AUC=0.9275 acc=0.8158
[ep 082] val_sel AUC=0.9382 acc=0.8465
[ep 083] val_sel AUC=0.9312 acc=0.8299
[ep 084] val_sel AUC=0.9393 acc=0.8391
[ep 085] val_sel AUC=0.9373 acc=0.8346
[ep 086] val_sel AUC=0.9359 acc=0.8384
[ep 087] val_sel AUC=0.9356 acc=0.8328
[ep 088] val_sel AUC=0.9352 acc=0.8346
[ep 089] val_sel AUC=0.9349 acc=0.8358
[ep 090] val_sel AUC=0.9312 acc=0.8308
[ep 091] val_sel AUC=0.9337 acc=0.8335
[ep 092] val_sel AUC=0.9332 acc=0.8333
[ep 093] val_sel AUC=0.9334 acc=0.8315
[ep 094] val_sel AUC=0.9333 acc=0.8311
[ep 095] val_sel AUC=0.9334 acc=0.8315
[ep 096] val_sel AUC=0.9335 acc=0.8304
============================================================
TEST (best val_sel epoch, held-out, evaluated once)
============================================================
[DONE-QPE2] embed=quantum model_III N=250 seed=58 test_AUC=0.9344 val_sel_AUC=0.9399 per_class=(axion=0.9498 cdm=0.8780 no_sub=0.9754) params=203508 embed_params=49 R_frob_drift=0.7708946466445923
