[INFO] QPE2 D=64 P=8 depth=4 | embed=quantum | data=model_II N/class=250 seed=61 split_seed=0 | params=203508 embed_params=49 lr=0.001 epochs=96 bs=32 | train(750, 64, 64) val_sel(4455, 64, 64) test(4455, 64, 64) device=cuda
[ep 001] val_sel AUC=0.5364 acc=0.3473
[ep 002] val_sel AUC=0.5493 acc=0.3291
[ep 003] val_sel AUC=0.5514 acc=0.3237
[ep 004] val_sel AUC=0.5431 acc=0.3237
[ep 005] val_sel AUC=0.5444 acc=0.3473
[ep 006] val_sel AUC=0.5378 acc=0.3473
[ep 007] val_sel AUC=0.5318 acc=0.3473
[ep 008] val_sel AUC=0.5261 acc=0.3320
[ep 009] val_sel AUC=0.5242 acc=0.3291
[ep 010] val_sel AUC=0.5247 acc=0.3374
[ep 011] val_sel AUC=0.5221 acc=0.3515
[ep 012] val_sel AUC=0.5233 acc=0.3497
[ep 013] val_sel AUC=0.5240 acc=0.3345
[ep 014] val_sel AUC=0.5266 acc=0.3432
[ep 015] val_sel AUC=0.5384 acc=0.3533
[ep 016] val_sel AUC=0.5497 acc=0.3728
[ep 017] val_sel AUC=0.6096 acc=0.3870
[ep 018] val_sel AUC=0.6289 acc=0.4366
[ep 019] val_sel AUC=0.6627 acc=0.4193
[ep 020] val_sel AUC=0.7210 acc=0.5100
[ep 021] val_sel AUC=0.7349 acc=0.5470
[ep 022] val_sel AUC=0.7652 acc=0.5728
[ep 023] val_sel AUC=0.7940 acc=0.5654
[ep 024] val_sel AUC=0.8180 acc=0.6310
[ep 025] val_sel AUC=0.8270 acc=0.6519
[ep 026] val_sel AUC=0.8334 acc=0.6694
[ep 027] val_sel AUC=0.8619 acc=0.7017
[ep 028] val_sel AUC=0.8649 acc=0.7019
[ep 029] val_sel AUC=0.8722 acc=0.7259
[ep 030] val_sel AUC=0.8758 acc=0.7185
[ep 031] val_sel AUC=0.8751 acc=0.7167
[ep 032] val_sel AUC=0.8767 acc=0.7235
[ep 033] val_sel AUC=0.8142 acc=0.5888
[ep 034] val_sel AUC=0.7177 acc=0.5205
[ep 035] val_sel AUC=0.8052 acc=0.5780
[ep 036] val_sel AUC=0.8156 acc=0.6097
[ep 037] val_sel AUC=0.7767 acc=0.5735
[ep 038] val_sel AUC=0.8158 acc=0.6236
[ep 039] val_sel AUC=0.8496 acc=0.6651
[ep 040] val_sel AUC=0.8644 acc=0.6929
[ep 041] val_sel AUC=0.8370 acc=0.6052
[ep 042] val_sel AUC=0.8538 acc=0.6745
[ep 043] val_sel AUC=0.8779 acc=0.7439
[ep 044] val_sel AUC=0.8891 acc=0.7405
[ep 045] val_sel AUC=0.8645 acc=0.7118
[ep 046] val_sel AUC=0.8423 acc=0.6272
[ep 047] val_sel AUC=0.8912 acc=0.7529
[ep 048] val_sel AUC=0.8482 acc=0.6815
[ep 049] val_sel AUC=0.8960 acc=0.7686
[ep 050] val_sel AUC=0.9055 acc=0.7852
[ep 051] val_sel AUC=0.8664 acc=0.6534
[ep 052] val_sel AUC=0.9035 acc=0.7744
[ep 053] val_sel AUC=0.9025 acc=0.7820
[ep 054] val_sel AUC=0.9001 acc=0.7733
[ep 055] val_sel AUC=0.8966 acc=0.7686
[ep 056] val_sel AUC=0.8800 acc=0.7398
[ep 057] val_sel AUC=0.9142 acc=0.7865
[ep 058] val_sel AUC=0.9056 acc=0.7634
[ep 059] val_sel AUC=0.9043 acc=0.7663
[ep 060] val_sel AUC=0.9188 acc=0.7639
[ep 061] val_sel AUC=0.9148 acc=0.7946
[ep 062] val_sel AUC=0.9236 acc=0.8144
[ep 063] val_sel AUC=0.9200 acc=0.8063
[ep 064] val_sel AUC=0.8996 acc=0.7661
[ep 065] val_sel AUC=0.9107 acc=0.7924
[ep 066] val_sel AUC=0.9238 acc=0.7971
[ep 067] val_sel AUC=0.9140 acc=0.7749
[ep 068] val_sel AUC=0.9115 acc=0.7854
[ep 069] val_sel AUC=0.9230 acc=0.8103
[ep 070] val_sel AUC=0.9164 acc=0.7987
[ep 071] val_sel AUC=0.9137 acc=0.7843
[ep 072] val_sel AUC=0.9218 acc=0.8159
[ep 073] val_sel AUC=0.9259 acc=0.8119
[ep 074] val_sel AUC=0.9170 acc=0.7859
[ep 075] val_sel AUC=0.9210 acc=0.8166
[ep 076] val_sel AUC=0.9228 acc=0.8166
[ep 077] val_sel AUC=0.9296 acc=0.8310
[ep 078] val_sel AUC=0.9286 acc=0.8251
[ep 079] val_sel AUC=0.9277 acc=0.8263
[ep 080] val_sel AUC=0.9265 acc=0.8251
[ep 081] val_sel AUC=0.9291 acc=0.8292
[ep 082] val_sel AUC=0.9288 acc=0.8265
[ep 083] val_sel AUC=0.9267 acc=0.8283
[ep 084] val_sel AUC=0.9277 acc=0.8287
[ep 085] val_sel AUC=0.9246 acc=0.8222
[ep 086] val_sel AUC=0.9272 acc=0.8348
[ep 087] val_sel AUC=0.9266 acc=0.8258
[ep 088] val_sel AUC=0.9277 acc=0.8343
[ep 089] val_sel AUC=0.9282 acc=0.8337
[ep 090] val_sel AUC=0.9275 acc=0.8312
[ep 091] val_sel AUC=0.9275 acc=0.8308
[ep 092] val_sel AUC=0.9275 acc=0.8314
[ep 093] val_sel AUC=0.9274 acc=0.8316
[ep 094] val_sel AUC=0.9273 acc=0.8308
[ep 095] val_sel AUC=0.9273 acc=0.8312
[ep 096] val_sel AUC=0.9273 acc=0.8310
============================================================
TEST (best val_sel epoch, held-out, evaluated once)
============================================================
[DONE-QPE2] embed=quantum model_II N=250 seed=61 test_AUC=0.9342 val_sel_AUC=0.9296 per_class=(axion=0.9440 cdm=0.8782 no_sub=0.9806) params=203508 embed_params=49 R_frob_drift=0.5989651679992676
