[INFO] QPE2 D=64 P=8 depth=4 | embed=quantum | data=model_III N/class=100 seed=46 split_seed=0 | params=203508 embed_params=49 lr=0.001 epochs=96 bs=32 | train(300, 64, 64) val_sel(4469, 64, 64) test(4470, 64, 64) device=cuda
[ep 001] val_sel AUC=0.5267 acc=0.3285
[ep 002] val_sel AUC=0.5214 acc=0.3433
[ep 003] val_sel AUC=0.5479 acc=0.3283
[ep 004] val_sel AUC=0.5462 acc=0.3433
[ep 005] val_sel AUC=0.5545 acc=0.3285
[ep 006] val_sel AUC=0.5551 acc=0.3285
[ep 007] val_sel AUC=0.5506 acc=0.3433
[ep 008] val_sel AUC=0.5476 acc=0.3433
[ep 009] val_sel AUC=0.5524 acc=0.3285
[ep 010] val_sel AUC=0.5409 acc=0.3327
[ep 011] val_sel AUC=0.5377 acc=0.3285
[ep 012] val_sel AUC=0.5374 acc=0.3283
[ep 013] val_sel AUC=0.5349 acc=0.3419
[ep 014] val_sel AUC=0.5371 acc=0.3529
[ep 015] val_sel AUC=0.5365 acc=0.3448
[ep 016] val_sel AUC=0.5376 acc=0.3515
[ep 017] val_sel AUC=0.5365 acc=0.3488
[ep 018] val_sel AUC=0.5361 acc=0.3663
[ep 019] val_sel AUC=0.5345 acc=0.3533
[ep 020] val_sel AUC=0.5357 acc=0.3531
[ep 021] val_sel AUC=0.5370 acc=0.3578
[ep 022] val_sel AUC=0.5371 acc=0.3553
[ep 023] val_sel AUC=0.5366 acc=0.3574
[ep 024] val_sel AUC=0.5386 acc=0.3515
[ep 025] val_sel AUC=0.5389 acc=0.3542
[ep 026] val_sel AUC=0.5388 acc=0.3728
[ep 027] val_sel AUC=0.5409 acc=0.3699
[ep 028] val_sel AUC=0.5414 acc=0.3708
[ep 029] val_sel AUC=0.5421 acc=0.3706
[ep 030] val_sel AUC=0.5424 acc=0.3719
[ep 031] val_sel AUC=0.5426 acc=0.3676
[ep 032] val_sel AUC=0.5427 acc=0.3701
[ep 033] val_sel AUC=0.5628 acc=0.3627
[ep 034] val_sel AUC=0.5912 acc=0.3576
[ep 035] val_sel AUC=0.5921 acc=0.3643
[ep 036] val_sel AUC=0.6143 acc=0.4348
[ep 037] val_sel AUC=0.6431 acc=0.4618
[ep 038] val_sel AUC=0.6677 acc=0.4721
[ep 039] val_sel AUC=0.6634 acc=0.3947
[ep 040] val_sel AUC=0.6689 acc=0.4529
[ep 041] val_sel AUC=0.6166 acc=0.4081
[ep 042] val_sel AUC=0.6829 acc=0.5055
[ep 043] val_sel AUC=0.6584 acc=0.4681
[ep 044] val_sel AUC=0.7108 acc=0.4981
[ep 045] val_sel AUC=0.7081 acc=0.5173
[ep 046] val_sel AUC=0.6863 acc=0.4885
[ep 047] val_sel AUC=0.7159 acc=0.5173
[ep 048] val_sel AUC=0.7394 acc=0.5625
[ep 049] val_sel AUC=0.7108 acc=0.5341
[ep 050] val_sel AUC=0.7502 acc=0.5366
[ep 051] val_sel AUC=0.7683 acc=0.5713
[ep 052] val_sel AUC=0.7562 acc=0.5668
[ep 053] val_sel AUC=0.7436 acc=0.5800
[ep 054] val_sel AUC=0.7580 acc=0.5623
[ep 055] val_sel AUC=0.7775 acc=0.5845
[ep 056] val_sel AUC=0.7700 acc=0.5851
[ep 057] val_sel AUC=0.7738 acc=0.5903
[ep 058] val_sel AUC=0.7935 acc=0.6263
[ep 059] val_sel AUC=0.7805 acc=0.5957
[ep 060] val_sel AUC=0.8057 acc=0.6315
[ep 061] val_sel AUC=0.8089 acc=0.6366
[ep 062] val_sel AUC=0.8097 acc=0.6133
[ep 063] val_sel AUC=0.7979 acc=0.6239
[ep 064] val_sel AUC=0.8019 acc=0.6366
[ep 065] val_sel AUC=0.8152 acc=0.6538
[ep 066] val_sel AUC=0.8158 acc=0.6362
[ep 067] val_sel AUC=0.8121 acc=0.6353
[ep 068] val_sel AUC=0.8384 acc=0.6796
[ep 069] val_sel AUC=0.8304 acc=0.6646
[ep 070] val_sel AUC=0.8411 acc=0.6908
[ep 071] val_sel AUC=0.8359 acc=0.6744
[ep 072] val_sel AUC=0.8191 acc=0.6232
[ep 073] val_sel AUC=0.8420 acc=0.6829
[ep 074] val_sel AUC=0.8400 acc=0.6939
[ep 075] val_sel AUC=0.8530 acc=0.6972
[ep 076] val_sel AUC=0.8476 acc=0.6899
[ep 077] val_sel AUC=0.8531 acc=0.7071
[ep 078] val_sel AUC=0.8559 acc=0.6966
[ep 079] val_sel AUC=0.8536 acc=0.7053
[ep 080] val_sel AUC=0.8563 acc=0.7109
[ep 081] val_sel AUC=0.8498 acc=0.7113
[ep 082] val_sel AUC=0.8618 acc=0.7127
[ep 083] val_sel AUC=0.8608 acc=0.7078
[ep 084] val_sel AUC=0.8620 acc=0.7183
[ep 085] val_sel AUC=0.8667 acc=0.7257
[ep 086] val_sel AUC=0.8656 acc=0.7254
[ep 087] val_sel AUC=0.8623 acc=0.7205
[ep 088] val_sel AUC=0.8628 acc=0.7190
[ep 089] val_sel AUC=0.8642 acc=0.7228
[ep 090] val_sel AUC=0.8649 acc=0.7221
[ep 091] val_sel AUC=0.8641 acc=0.7219
[ep 092] val_sel AUC=0.8640 acc=0.7257
[ep 093] val_sel AUC=0.8637 acc=0.7248
[ep 094] val_sel AUC=0.8634 acc=0.7223
[ep 095] val_sel AUC=0.8634 acc=0.7198
[ep 096] val_sel AUC=0.8636 acc=0.7212
============================================================
TEST (best val_sel epoch, held-out, evaluated once)
============================================================
[DONE-QPE2] embed=quantum model_III N=100 seed=46 test_AUC=0.8756 val_sel_AUC=0.8667 per_class=(axion=0.9220 cdm=0.7663 no_sub=0.9385) params=203508 embed_params=49 R_frob_drift=1.0592403411865234
