[INFO] QPE2 D=64 P=8 depth=4 | embed=quantum | data=model_III N/class=250 seed=60 split_seed=0 | params=203508 embed_params=49 lr=0.001 epochs=96 bs=32 | train(750, 64, 64) val_sel(4469, 64, 64) test(4470, 64, 64) device=cuda
[ep 001] val_sel AUC=0.5371 acc=0.3283
[ep 002] val_sel AUC=0.5443 acc=0.3285
[ep 003] val_sel AUC=0.5425 acc=0.3433
[ep 004] val_sel AUC=0.5499 acc=0.3285
[ep 005] val_sel AUC=0.5455 acc=0.3285
[ep 006] val_sel AUC=0.5391 acc=0.3433
[ep 007] val_sel AUC=0.5443 acc=0.3433
[ep 008] val_sel AUC=0.5640 acc=0.3433
[ep 009] val_sel AUC=0.5642 acc=0.3285
[ep 010] val_sel AUC=0.5263 acc=0.3285
[ep 011] val_sel AUC=0.5361 acc=0.3433
[ep 012] val_sel AUC=0.5238 acc=0.3412
[ep 013] val_sel AUC=0.5341 acc=0.3433
[ep 014] val_sel AUC=0.5445 acc=0.3379
[ep 015] val_sel AUC=0.5865 acc=0.3759
[ep 016] val_sel AUC=0.6611 acc=0.4932
[ep 017] val_sel AUC=0.7344 acc=0.5299
[ep 018] val_sel AUC=0.7318 acc=0.4730
[ep 019] val_sel AUC=0.7955 acc=0.6189
[ep 020] val_sel AUC=0.8077 acc=0.6221
[ep 021] val_sel AUC=0.8389 acc=0.6883
[ep 022] val_sel AUC=0.8509 acc=0.6932
[ep 023] val_sel AUC=0.8503 acc=0.6599
[ep 024] val_sel AUC=0.8584 acc=0.7160
[ep 025] val_sel AUC=0.8728 acc=0.7304
[ep 026] val_sel AUC=0.8850 acc=0.7550
[ep 027] val_sel AUC=0.8821 acc=0.7463
[ep 028] val_sel AUC=0.8921 acc=0.7744
[ep 029] val_sel AUC=0.8915 acc=0.7706
[ep 030] val_sel AUC=0.8938 acc=0.7780
[ep 031] val_sel AUC=0.8947 acc=0.7796
[ep 032] val_sel AUC=0.8950 acc=0.7791
[ep 033] val_sel AUC=0.8534 acc=0.6518
[ep 034] val_sel AUC=0.8633 acc=0.7315
[ep 035] val_sel AUC=0.8683 acc=0.6932
[ep 036] val_sel AUC=0.8891 acc=0.7449
[ep 037] val_sel AUC=0.8730 acc=0.6923
[ep 038] val_sel AUC=0.8594 acc=0.7100
[ep 039] val_sel AUC=0.8086 acc=0.6418
[ep 040] val_sel AUC=0.8751 acc=0.7089
[ep 041] val_sel AUC=0.8943 acc=0.7615
[ep 042] val_sel AUC=0.8943 acc=0.7219
[ep 043] val_sel AUC=0.8767 acc=0.7167
[ep 044] val_sel AUC=0.9029 acc=0.7738
[ep 045] val_sel AUC=0.9093 acc=0.7776
[ep 046] val_sel AUC=0.8988 acc=0.7563
[ep 047] val_sel AUC=0.8711 acc=0.7098
[ep 048] val_sel AUC=0.9052 acc=0.7785
[ep 049] val_sel AUC=0.9144 acc=0.7991
[ep 050] val_sel AUC=0.9076 acc=0.7706
[ep 051] val_sel AUC=0.8958 acc=0.7447
[ep 052] val_sel AUC=0.9200 acc=0.8098
[ep 053] val_sel AUC=0.9038 acc=0.7612
[ep 054] val_sel AUC=0.9141 acc=0.7928
[ep 055] val_sel AUC=0.9010 acc=0.7407
[ep 056] val_sel AUC=0.9248 acc=0.8185
[ep 057] val_sel AUC=0.9133 acc=0.8015
[ep 058] val_sel AUC=0.9006 acc=0.7722
[ep 059] val_sel AUC=0.9231 acc=0.8219
[ep 060] val_sel AUC=0.8910 acc=0.7586
[ep 061] val_sel AUC=0.9108 acc=0.7724
[ep 062] val_sel AUC=0.9241 acc=0.8185
[ep 063] val_sel AUC=0.8981 acc=0.7800
[ep 064] val_sel AUC=0.9282 acc=0.8125
[ep 065] val_sel AUC=0.9325 acc=0.8221
[ep 066] val_sel AUC=0.9257 acc=0.8167
[ep 067] val_sel AUC=0.9138 acc=0.7937
[ep 068] val_sel AUC=0.9256 acc=0.8033
[ep 069] val_sel AUC=0.9262 acc=0.8161
[ep 070] val_sel AUC=0.9317 acc=0.8398
[ep 071] val_sel AUC=0.9325 acc=0.8230
[ep 072] val_sel AUC=0.9263 acc=0.8167
[ep 073] val_sel AUC=0.9171 acc=0.7769
[ep 074] val_sel AUC=0.9312 acc=0.8449
[ep 075] val_sel AUC=0.9258 acc=0.8358
[ep 076] val_sel AUC=0.9246 acc=0.8127
[ep 077] val_sel AUC=0.9283 acc=0.8302
[ep 078] val_sel AUC=0.9261 acc=0.8266
[ep 079] val_sel AUC=0.9249 acc=0.8252
[ep 080] val_sel AUC=0.9302 acc=0.8378
[ep 081] val_sel AUC=0.9310 acc=0.8349
[ep 082] val_sel AUC=0.9295 acc=0.8389
[ep 083] val_sel AUC=0.9261 acc=0.8342
[ep 084] val_sel AUC=0.9277 acc=0.8315
[ep 085] val_sel AUC=0.9271 acc=0.8405
[ep 086] val_sel AUC=0.9246 acc=0.8400
[ep 087] val_sel AUC=0.9281 acc=0.8438
[ep 088] val_sel AUC=0.9274 acc=0.8445
[ep 089] val_sel AUC=0.9273 acc=0.8456
[ep 090] val_sel AUC=0.9288 acc=0.8411
[ep 091] val_sel AUC=0.9278 acc=0.8452
[ep 092] val_sel AUC=0.9280 acc=0.8452
[ep 093] val_sel AUC=0.9278 acc=0.8463
[ep 094] val_sel AUC=0.9281 acc=0.8454
[ep 095] val_sel AUC=0.9280 acc=0.8456
[ep 096] val_sel AUC=0.9280 acc=0.8452
============================================================
TEST (best val_sel epoch, held-out, evaluated once)
============================================================
[DONE-QPE2] embed=quantum model_III N=250 seed=60 test_AUC=0.9324 val_sel_AUC=0.9325 per_class=(axion=0.9446 cdm=0.8746 no_sub=0.9780) params=203508 embed_params=49 R_frob_drift=0.7013019919395447
