[INFO] QPE2 D=64 P=8 depth=4 | embed=quantum | data=model_II N/class=250 seed=44 split_seed=0 | params=203508 embed_params=49 lr=0.001 epochs=96 bs=32 | train(750, 64, 64) val_sel(4455, 64, 64) test(4455, 64, 64) device=cuda
[ep 001] val_sel AUC=0.5219 acc=0.3473
[ep 002] val_sel AUC=0.5367 acc=0.3291
[ep 003] val_sel AUC=0.5409 acc=0.3291
[ep 004] val_sel AUC=0.5435 acc=0.3291
[ep 005] val_sel AUC=0.5442 acc=0.3473
[ep 006] val_sel AUC=0.5456 acc=0.3473
[ep 007] val_sel AUC=0.5498 acc=0.3237
[ep 008] val_sel AUC=0.5500 acc=0.3304
[ep 009] val_sel AUC=0.5473 acc=0.3473
[ep 010] val_sel AUC=0.5474 acc=0.3237
[ep 011] val_sel AUC=0.5465 acc=0.3473
[ep 012] val_sel AUC=0.5452 acc=0.3237
[ep 013] val_sel AUC=0.5461 acc=0.3473
[ep 014] val_sel AUC=0.5473 acc=0.3598
[ep 015] val_sel AUC=0.5513 acc=0.3430
[ep 016] val_sel AUC=0.5476 acc=0.3686
[ep 017] val_sel AUC=0.5523 acc=0.3668
[ep 018] val_sel AUC=0.5883 acc=0.3834
[ep 019] val_sel AUC=0.6283 acc=0.4294
[ep 020] val_sel AUC=0.7261 acc=0.5190
[ep 021] val_sel AUC=0.7851 acc=0.6283
[ep 022] val_sel AUC=0.8226 acc=0.6548
[ep 023] val_sel AUC=0.8449 acc=0.7019
[ep 024] val_sel AUC=0.8474 acc=0.6761
[ep 025] val_sel AUC=0.8665 acc=0.7347
[ep 026] val_sel AUC=0.8664 acc=0.7147
[ep 027] val_sel AUC=0.8768 acc=0.7356
[ep 028] val_sel AUC=0.8900 acc=0.7544
[ep 029] val_sel AUC=0.8935 acc=0.7580
[ep 030] val_sel AUC=0.8933 acc=0.7574
[ep 031] val_sel AUC=0.8944 acc=0.7605
[ep 032] val_sel AUC=0.8947 acc=0.7612
[ep 033] val_sel AUC=0.7965 acc=0.6164
[ep 034] val_sel AUC=0.8277 acc=0.6653
[ep 035] val_sel AUC=0.8511 acc=0.6927
[ep 036] val_sel AUC=0.8054 acc=0.5845
[ep 037] val_sel AUC=0.8820 acc=0.7228
[ep 038] val_sel AUC=0.8544 acc=0.6981
[ep 039] val_sel AUC=0.8271 acc=0.6671
[ep 040] val_sel AUC=0.8386 acc=0.6130
[ep 041] val_sel AUC=0.8551 acc=0.6700
[ep 042] val_sel AUC=0.8914 acc=0.7385
[ep 043] val_sel AUC=0.8926 acc=0.7468
[ep 044] val_sel AUC=0.8997 acc=0.7663
[ep 045] val_sel AUC=0.8787 acc=0.7378
[ep 046] val_sel AUC=0.8839 acc=0.7109
[ep 047] val_sel AUC=0.8885 acc=0.7383
[ep 048] val_sel AUC=0.9051 acc=0.7623
[ep 049] val_sel AUC=0.8899 acc=0.7257
[ep 050] val_sel AUC=0.8969 acc=0.7666
[ep 051] val_sel AUC=0.8946 acc=0.7715
[ep 052] val_sel AUC=0.8886 acc=0.7345
[ep 053] val_sel AUC=0.8855 acc=0.7365
[ep 054] val_sel AUC=0.9166 acc=0.8058
[ep 055] val_sel AUC=0.9062 acc=0.7960
[ep 056] val_sel AUC=0.8755 acc=0.7405
[ep 057] val_sel AUC=0.9004 acc=0.7751
[ep 058] val_sel AUC=0.9069 acc=0.7762
[ep 059] val_sel AUC=0.9031 acc=0.7870
[ep 060] val_sel AUC=0.9009 acc=0.7690
[ep 061] val_sel AUC=0.9094 acc=0.7935
[ep 062] val_sel AUC=0.9073 acc=0.7906
[ep 063] val_sel AUC=0.9181 acc=0.7903
[ep 064] val_sel AUC=0.9146 acc=0.8043
[ep 065] val_sel AUC=0.9139 acc=0.8070
[ep 066] val_sel AUC=0.9134 acc=0.8067
[ep 067] val_sel AUC=0.9192 acc=0.8146
[ep 068] val_sel AUC=0.9150 acc=0.7915
[ep 069] val_sel AUC=0.9189 acc=0.8180
[ep 070] val_sel AUC=0.9028 acc=0.7798
[ep 071] val_sel AUC=0.8984 acc=0.7345
[ep 072] val_sel AUC=0.8954 acc=0.7517
[ep 073] val_sel AUC=0.9163 acc=0.8123
[ep 074] val_sel AUC=0.9203 acc=0.8238
[ep 075] val_sel AUC=0.9130 acc=0.8063
[ep 076] val_sel AUC=0.9226 acc=0.8189
[ep 077] val_sel AUC=0.9247 acc=0.8377
[ep 078] val_sel AUC=0.9235 acc=0.8328
[ep 079] val_sel AUC=0.9183 acc=0.8137
[ep 080] val_sel AUC=0.9192 acc=0.8193
[ep 081] val_sel AUC=0.9234 acc=0.8296
[ep 082] val_sel AUC=0.9233 acc=0.8301
[ep 083] val_sel AUC=0.9244 acc=0.8323
[ep 084] val_sel AUC=0.9227 acc=0.8332
[ep 085] val_sel AUC=0.9215 acc=0.8290
[ep 086] val_sel AUC=0.9237 acc=0.8346
[ep 087] val_sel AUC=0.9263 acc=0.8393
[ep 088] val_sel AUC=0.9241 acc=0.8352
[ep 089] val_sel AUC=0.9255 acc=0.8350
[ep 090] val_sel AUC=0.9254 acc=0.8370
[ep 091] val_sel AUC=0.9250 acc=0.8361
[ep 092] val_sel AUC=0.9255 acc=0.8357
[ep 093] val_sel AUC=0.9251 acc=0.8368
[ep 094] val_sel AUC=0.9249 acc=0.8368
[ep 095] val_sel AUC=0.9249 acc=0.8368
[ep 096] val_sel AUC=0.9249 acc=0.8366
============================================================
TEST (best val_sel epoch, held-out, evaluated once)
============================================================
[DONE-QPE2] embed=quantum model_II N=250 seed=44 test_AUC=0.9338 val_sel_AUC=0.9263 per_class=(axion=0.9332 cdm=0.8800 no_sub=0.9882) params=203508 embed_params=49 R_frob_drift=0.711212158203125
