[INFO] QPE2 D=64 P=8 depth=4 | embed=quantum | data=model_III N/class=100 seed=42 split_seed=0 | params=203508 embed_params=49 lr=0.001 epochs=96 bs=32 | train(300, 64, 64) val_sel(4469, 64, 64) test(4470, 64, 64) device=cuda
[ep 001] val_sel AUC=0.5472 acc=0.3283
[ep 002] val_sel AUC=0.5538 acc=0.3433
[ep 003] val_sel AUC=0.5532 acc=0.3285
[ep 004] val_sel AUC=0.5550 acc=0.3433
[ep 005] val_sel AUC=0.5562 acc=0.3283
[ep 006] val_sel AUC=0.5533 acc=0.3285
[ep 007] val_sel AUC=0.5500 acc=0.3643
[ep 008] val_sel AUC=0.5476 acc=0.3433
[ep 009] val_sel AUC=0.5459 acc=0.3533
[ep 010] val_sel AUC=0.5451 acc=0.3285
[ep 011] val_sel AUC=0.5435 acc=0.3578
[ep 012] val_sel AUC=0.5410 acc=0.3634
[ep 013] val_sel AUC=0.5377 acc=0.3638
[ep 014] val_sel AUC=0.5419 acc=0.3571
[ep 015] val_sel AUC=0.5461 acc=0.3683
[ep 016] val_sel AUC=0.5489 acc=0.3737
[ep 017] val_sel AUC=0.5503 acc=0.3737
[ep 018] val_sel AUC=0.5549 acc=0.3797
[ep 019] val_sel AUC=0.5579 acc=0.3867
[ep 020] val_sel AUC=0.5628 acc=0.3846
[ep 021] val_sel AUC=0.5659 acc=0.3938
[ep 022] val_sel AUC=0.5773 acc=0.3920
[ep 023] val_sel AUC=0.5930 acc=0.4003
[ep 024] val_sel AUC=0.6102 acc=0.4119
[ep 025] val_sel AUC=0.6293 acc=0.4216
[ep 026] val_sel AUC=0.6509 acc=0.4587
[ep 027] val_sel AUC=0.6892 acc=0.5059
[ep 028] val_sel AUC=0.7126 acc=0.5326
[ep 029] val_sel AUC=0.7233 acc=0.5397
[ep 030] val_sel AUC=0.7323 acc=0.5500
[ep 031] val_sel AUC=0.7352 acc=0.5529
[ep 032] val_sel AUC=0.7361 acc=0.5531
[ep 033] val_sel AUC=0.5343 acc=0.3421
[ep 034] val_sel AUC=0.5140 acc=0.3285
[ep 035] val_sel AUC=0.5292 acc=0.3417
[ep 036] val_sel AUC=0.5296 acc=0.3421
[ep 037] val_sel AUC=0.5291 acc=0.3424
[ep 038] val_sel AUC=0.5284 acc=0.3524
[ep 039] val_sel AUC=0.5222 acc=0.3424
[ep 040] val_sel AUC=0.5221 acc=0.3341
[ep 041] val_sel AUC=0.5224 acc=0.3359
[ep 042] val_sel AUC=0.5208 acc=0.3285
[ep 043] val_sel AUC=0.5216 acc=0.3433
[ep 044] val_sel AUC=0.5257 acc=0.3513
[ep 045] val_sel AUC=0.5242 acc=0.3450
[ep 046] val_sel AUC=0.5284 acc=0.3625
[ep 047] val_sel AUC=0.5261 acc=0.3444
[ep 048] val_sel AUC=0.5252 acc=0.3390
[ep 049] val_sel AUC=0.5250 acc=0.3486
[ep 050] val_sel AUC=0.5249 acc=0.3502
[ep 051] val_sel AUC=0.5256 acc=0.3448
[ep 052] val_sel AUC=0.5271 acc=0.3540
[ep 053] val_sel AUC=0.5289 acc=0.3531
[ep 054] val_sel AUC=0.5307 acc=0.3567
[ep 055] val_sel AUC=0.5331 acc=0.3647
[ep 056] val_sel AUC=0.5323 acc=0.3484
[ep 057] val_sel AUC=0.5362 acc=0.3574
[ep 058] val_sel AUC=0.5344 acc=0.3500
[ep 059] val_sel AUC=0.5324 acc=0.3511
[ep 060] val_sel AUC=0.5328 acc=0.3580
[ep 061] val_sel AUC=0.5332 acc=0.3600
[ep 062] val_sel AUC=0.5339 acc=0.3576
[ep 063] val_sel AUC=0.5339 acc=0.3524
[ep 064] val_sel AUC=0.5343 acc=0.3533
[ep 065] val_sel AUC=0.5358 acc=0.3549
[ep 066] val_sel AUC=0.5361 acc=0.3547
[ep 067] val_sel AUC=0.5370 acc=0.3556
[ep 068] val_sel AUC=0.5400 acc=0.3654
[ep 069] val_sel AUC=0.5423 acc=0.3645
[ep 070] val_sel AUC=0.5439 acc=0.3663
[ep 071] val_sel AUC=0.5440 acc=0.3591
[ep 072] val_sel AUC=0.5429 acc=0.3688
[ep 073] val_sel AUC=0.5467 acc=0.3757
[ep 074] val_sel AUC=0.5490 acc=0.3694
[ep 075] val_sel AUC=0.5498 acc=0.3723
[ep 076] val_sel AUC=0.5526 acc=0.3744
[ep 077] val_sel AUC=0.5532 acc=0.3741
[ep 078] val_sel AUC=0.5560 acc=0.3741
[ep 079] val_sel AUC=0.5595 acc=0.3853
[ep 080] val_sel AUC=0.5611 acc=0.3849
[ep 081] val_sel AUC=0.5632 acc=0.3833
[ep 082] val_sel AUC=0.5661 acc=0.3907
[ep 083] val_sel AUC=0.5688 acc=0.3965
[ep 084] val_sel AUC=0.5709 acc=0.3947
[ep 085] val_sel AUC=0.5709 acc=0.3932
[ep 086] val_sel AUC=0.5759 acc=0.3981
[ep 087] val_sel AUC=0.5747 acc=0.3996
[ep 088] val_sel AUC=0.5732 acc=0.3967
[ep 089] val_sel AUC=0.5763 acc=0.3992
[ep 090] val_sel AUC=0.5790 acc=0.3983
[ep 091] val_sel AUC=0.5793 acc=0.3985
[ep 092] val_sel AUC=0.5793 acc=0.3996
[ep 093] val_sel AUC=0.5792 acc=0.3992
[ep 094] val_sel AUC=0.5796 acc=0.4008
[ep 095] val_sel AUC=0.5797 acc=0.4014
[ep 096] val_sel AUC=0.5798 acc=0.4017
============================================================
TEST (best val_sel epoch, held-out, evaluated once)
============================================================
[DONE-QPE2] embed=quantum model_III N=100 seed=42 test_AUC=0.7271 val_sel_AUC=0.7361 per_class=(axion=0.8337 cdm=0.5543 no_sub=0.7933) params=203508 embed_params=49 R_frob_drift=0.2514455020427704
