[INFO] QPE2 D=64 P=8 depth=4 | embed=quantum | data=model_II N/class=250 seed=51 split_seed=0 | params=203508 embed_params=49 lr=0.001 epochs=96 bs=32 | train(750, 64, 64) val_sel(4455, 64, 64) test(4455, 64, 64) device=cuda
[ep 001] val_sel AUC=0.5434 acc=0.3291
[ep 002] val_sel AUC=0.5493 acc=0.3237
[ep 003] val_sel AUC=0.5513 acc=0.3473
[ep 004] val_sel AUC=0.5546 acc=0.3473
[ep 005] val_sel AUC=0.5561 acc=0.3473
[ep 006] val_sel AUC=0.5575 acc=0.3473
[ep 007] val_sel AUC=0.5538 acc=0.3473
[ep 008] val_sel AUC=0.5518 acc=0.3237
[ep 009] val_sel AUC=0.5463 acc=0.3237
[ep 010] val_sel AUC=0.5465 acc=0.3291
[ep 011] val_sel AUC=0.5405 acc=0.3351
[ep 012] val_sel AUC=0.5308 acc=0.3291
[ep 013] val_sel AUC=0.5366 acc=0.3291
[ep 014] val_sel AUC=0.5333 acc=0.3291
[ep 015] val_sel AUC=0.5321 acc=0.3475
[ep 016] val_sel AUC=0.5344 acc=0.3481
[ep 017] val_sel AUC=0.5334 acc=0.3425
[ep 018] val_sel AUC=0.5358 acc=0.3293
[ep 019] val_sel AUC=0.5379 acc=0.3508
[ep 020] val_sel AUC=0.5419 acc=0.3553
[ep 021] val_sel AUC=0.5466 acc=0.3598
[ep 022] val_sel AUC=0.5445 acc=0.3670
[ep 023] val_sel AUC=0.5546 acc=0.3630
[ep 024] val_sel AUC=0.5527 acc=0.3742
[ep 025] val_sel AUC=0.5607 acc=0.3892
[ep 026] val_sel AUC=0.5613 acc=0.3908
[ep 027] val_sel AUC=0.5654 acc=0.3910
[ep 028] val_sel AUC=0.5656 acc=0.3845
[ep 029] val_sel AUC=0.5701 acc=0.3811
[ep 030] val_sel AUC=0.5718 acc=0.3897
[ep 031] val_sel AUC=0.5724 acc=0.3834
[ep 032] val_sel AUC=0.5723 acc=0.3852
[ep 033] val_sel AUC=0.5594 acc=0.3291
[ep 034] val_sel AUC=0.5570 acc=0.3300
[ep 035] val_sel AUC=0.5614 acc=0.3789
[ep 036] val_sel AUC=0.5644 acc=0.3713
[ep 037] val_sel AUC=0.6286 acc=0.4375
[ep 038] val_sel AUC=0.6646 acc=0.5044
[ep 039] val_sel AUC=0.6265 acc=0.3798
[ep 040] val_sel AUC=0.6534 acc=0.4846
[ep 041] val_sel AUC=0.7383 acc=0.5627
[ep 042] val_sel AUC=0.7882 acc=0.4359
[ep 043] val_sel AUC=0.7956 acc=0.5787
[ep 044] val_sel AUC=0.8309 acc=0.6597
[ep 045] val_sel AUC=0.8683 acc=0.6914
[ep 046] val_sel AUC=0.8946 acc=0.7403
[ep 047] val_sel AUC=0.8650 acc=0.6992
[ep 048] val_sel AUC=0.8821 acc=0.7414
[ep 049] val_sel AUC=0.8441 acc=0.6646
[ep 050] val_sel AUC=0.8798 acc=0.7149
[ep 051] val_sel AUC=0.8864 acc=0.7412
[ep 052] val_sel AUC=0.8845 acc=0.7288
[ep 053] val_sel AUC=0.9073 acc=0.7728
[ep 054] val_sel AUC=0.9106 acc=0.7854
[ep 055] val_sel AUC=0.8871 acc=0.7551
[ep 056] val_sel AUC=0.9061 acc=0.7684
[ep 057] val_sel AUC=0.9165 acc=0.8025
[ep 058] val_sel AUC=0.9157 acc=0.7744
[ep 059] val_sel AUC=0.9158 acc=0.7998
[ep 060] val_sel AUC=0.9033 acc=0.7544
[ep 061] val_sel AUC=0.9238 acc=0.8146
[ep 062] val_sel AUC=0.9029 acc=0.7672
[ep 063] val_sel AUC=0.9157 acc=0.7836
[ep 064] val_sel AUC=0.9128 acc=0.7899
[ep 065] val_sel AUC=0.9191 acc=0.8067
[ep 066] val_sel AUC=0.9093 acc=0.7807
[ep 067] val_sel AUC=0.9216 acc=0.8081
[ep 068] val_sel AUC=0.9264 acc=0.8249
[ep 069] val_sel AUC=0.9194 acc=0.8076
[ep 070] val_sel AUC=0.9160 acc=0.8110
[ep 071] val_sel AUC=0.8881 acc=0.7407
[ep 072] val_sel AUC=0.9273 acc=0.8267
[ep 073] val_sel AUC=0.9192 acc=0.8074
[ep 074] val_sel AUC=0.9264 acc=0.8281
[ep 075] val_sel AUC=0.9269 acc=0.8283
[ep 076] val_sel AUC=0.9318 acc=0.8375
[ep 077] val_sel AUC=0.9233 acc=0.8227
[ep 078] val_sel AUC=0.9265 acc=0.8258
[ep 079] val_sel AUC=0.9245 acc=0.8213
[ep 080] val_sel AUC=0.9279 acc=0.8269
[ep 081] val_sel AUC=0.9277 acc=0.8384
[ep 082] val_sel AUC=0.9289 acc=0.8334
[ep 083] val_sel AUC=0.9286 acc=0.8339
[ep 084] val_sel AUC=0.9250 acc=0.8319
[ep 085] val_sel AUC=0.9297 acc=0.8350
[ep 086] val_sel AUC=0.9282 acc=0.8370
[ep 087] val_sel AUC=0.9288 acc=0.8330
[ep 088] val_sel AUC=0.9276 acc=0.8308
[ep 089] val_sel AUC=0.9267 acc=0.8330
[ep 090] val_sel AUC=0.9272 acc=0.8281
[ep 091] val_sel AUC=0.9264 acc=0.8296
[ep 092] val_sel AUC=0.9275 acc=0.8325
[ep 093] val_sel AUC=0.9267 acc=0.8269
[ep 094] val_sel AUC=0.9270 acc=0.8274
[ep 095] val_sel AUC=0.9271 acc=0.8285
[ep 096] val_sel AUC=0.9270 acc=0.8287
============================================================
TEST (best val_sel epoch, held-out, evaluated once)
============================================================
[DONE-QPE2] embed=quantum model_II N=250 seed=51 test_AUC=0.9295 val_sel_AUC=0.9318 per_class=(axion=0.9395 cdm=0.8701 no_sub=0.9790) params=203508 embed_params=49 R_frob_drift=0.8404296040534973
