[INFO] QPE2 D=64 P=8 depth=4 | embed=quantum | data=model_III N/class=250 seed=43 split_seed=0 | params=203508 embed_params=49 lr=0.001 epochs=96 bs=32 | train(750, 64, 64) val_sel(4469, 64, 64) test(4470, 64, 64) device=cuda
[ep 001] val_sel AUC=0.4864 acc=0.3433
[ep 002] val_sel AUC=0.5043 acc=0.3433
[ep 003] val_sel AUC=0.5237 acc=0.3433
[ep 004] val_sel AUC=0.5348 acc=0.3283
[ep 005] val_sel AUC=0.5467 acc=0.3285
[ep 006] val_sel AUC=0.5224 acc=0.3285
[ep 007] val_sel AUC=0.5119 acc=0.3433
[ep 008] val_sel AUC=0.5747 acc=0.3283
[ep 009] val_sel AUC=0.6191 acc=0.4413
[ep 010] val_sel AUC=0.6651 acc=0.4551
[ep 011] val_sel AUC=0.6696 acc=0.4052
[ep 012] val_sel AUC=0.6997 acc=0.4994
[ep 013] val_sel AUC=0.7945 acc=0.5959
[ep 014] val_sel AUC=0.7780 acc=0.6212
[ep 015] val_sel AUC=0.8307 acc=0.6572
[ep 016] val_sel AUC=0.8453 acc=0.6865
[ep 017] val_sel AUC=0.8661 acc=0.7004
[ep 018] val_sel AUC=0.8592 acc=0.6957
[ep 019] val_sel AUC=0.8850 acc=0.7035
[ep 020] val_sel AUC=0.8933 acc=0.7592
[ep 021] val_sel AUC=0.8962 acc=0.7630
[ep 022] val_sel AUC=0.8913 acc=0.7599
[ep 023] val_sel AUC=0.8961 acc=0.7727
[ep 024] val_sel AUC=0.8979 acc=0.7657
[ep 025] val_sel AUC=0.9110 acc=0.7901
[ep 026] val_sel AUC=0.9114 acc=0.7926
[ep 027] val_sel AUC=0.9127 acc=0.7966
[ep 028] val_sel AUC=0.9120 acc=0.7888
[ep 029] val_sel AUC=0.9130 acc=0.7966
[ep 030] val_sel AUC=0.9153 acc=0.8020
[ep 031] val_sel AUC=0.9156 acc=0.8051
[ep 032] val_sel AUC=0.9155 acc=0.8053
[ep 033] val_sel AUC=0.8722 acc=0.6411
[ep 034] val_sel AUC=0.8772 acc=0.7324
[ep 035] val_sel AUC=0.8858 acc=0.7449
[ep 036] val_sel AUC=0.8896 acc=0.7357
[ep 037] val_sel AUC=0.8587 acc=0.6697
[ep 038] val_sel AUC=0.8496 acc=0.7156
[ep 039] val_sel AUC=0.8970 acc=0.7422
[ep 040] val_sel AUC=0.8901 acc=0.7149
[ep 041] val_sel AUC=0.8966 acc=0.7543
[ep 042] val_sel AUC=0.8993 acc=0.7409
[ep 043] val_sel AUC=0.9098 acc=0.7836
[ep 044] val_sel AUC=0.9045 acc=0.7722
[ep 045] val_sel AUC=0.8697 acc=0.6972
[ep 046] val_sel AUC=0.8689 acc=0.6941
[ep 047] val_sel AUC=0.9173 acc=0.7901
[ep 048] val_sel AUC=0.8778 acc=0.6713
[ep 049] val_sel AUC=0.8957 acc=0.7581
[ep 050] val_sel AUC=0.8965 acc=0.7565
[ep 051] val_sel AUC=0.9108 acc=0.7494
[ep 052] val_sel AUC=0.9199 acc=0.8060
[ep 053] val_sel AUC=0.9134 acc=0.7816
[ep 054] val_sel AUC=0.9044 acc=0.7776
[ep 055] val_sel AUC=0.9252 acc=0.8212
[ep 056] val_sel AUC=0.8938 acc=0.7310
[ep 057] val_sel AUC=0.9038 acc=0.7603
[ep 058] val_sel AUC=0.9297 acc=0.8194
[ep 059] val_sel AUC=0.9230 acc=0.8024
[ep 060] val_sel AUC=0.8984 acc=0.7478
[ep 061] val_sel AUC=0.9278 acc=0.8116
[ep 062] val_sel AUC=0.9182 acc=0.7941
[ep 063] val_sel AUC=0.9250 acc=0.8091
[ep 064] val_sel AUC=0.9155 acc=0.8109
[ep 065] val_sel AUC=0.9287 acc=0.8188
[ep 066] val_sel AUC=0.9365 acc=0.8400
[ep 067] val_sel AUC=0.9078 acc=0.7659
[ep 068] val_sel AUC=0.9198 acc=0.8111
[ep 069] val_sel AUC=0.9278 acc=0.8071
[ep 070] val_sel AUC=0.9213 acc=0.8127
[ep 071] val_sel AUC=0.9309 acc=0.8299
[ep 072] val_sel AUC=0.9347 acc=0.8416
[ep 073] val_sel AUC=0.9287 acc=0.8277
[ep 074] val_sel AUC=0.9246 acc=0.8185
[ep 075] val_sel AUC=0.9298 acc=0.8261
[ep 076] val_sel AUC=0.9299 acc=0.8362
[ep 077] val_sel AUC=0.9296 acc=0.8297
[ep 078] val_sel AUC=0.9301 acc=0.8384
[ep 079] val_sel AUC=0.9371 acc=0.8436
[ep 080] val_sel AUC=0.9347 acc=0.8454
[ep 081] val_sel AUC=0.9298 acc=0.8286
[ep 082] val_sel AUC=0.9332 acc=0.8369
[ep 083] val_sel AUC=0.9367 acc=0.8505
[ep 084] val_sel AUC=0.9352 acc=0.8465
[ep 085] val_sel AUC=0.9374 acc=0.8476
[ep 086] val_sel AUC=0.9364 acc=0.8507
[ep 087] val_sel AUC=0.9355 acc=0.8512
[ep 088] val_sel AUC=0.9352 acc=0.8454
[ep 089] val_sel AUC=0.9356 acc=0.8478
[ep 090] val_sel AUC=0.9356 acc=0.8472
[ep 091] val_sel AUC=0.9361 acc=0.8516
[ep 092] val_sel AUC=0.9364 acc=0.8474
[ep 093] val_sel AUC=0.9364 acc=0.8474
[ep 094] val_sel AUC=0.9363 acc=0.8485
[ep 095] val_sel AUC=0.9363 acc=0.8481
[ep 096] val_sel AUC=0.9363 acc=0.8478
============================================================
TEST (best val_sel epoch, held-out, evaluated once)
============================================================
[DONE-QPE2] embed=quantum model_III N=250 seed=43 test_AUC=0.9373 val_sel_AUC=0.9374 per_class=(axion=0.9455 cdm=0.8858 no_sub=0.9805) params=203508 embed_params=49 R_frob_drift=0.7391316294670105
