[INFO] QPE2 D=64 P=8 depth=4 | embed=quantum | data=model_II N/class=100 seed=43 split_seed=0 | params=203508 embed_params=49 lr=0.001 epochs=96 bs=32 | train(300, 64, 64) val_sel(4455, 64, 64) test(4455, 64, 64) device=cuda
[ep 001] val_sel AUC=0.4772 acc=0.3291
[ep 002] val_sel AUC=0.4466 acc=0.3237
[ep 003] val_sel AUC=0.4484 acc=0.3291
[ep 004] val_sel AUC=0.4452 acc=0.3473
[ep 005] val_sel AUC=0.4474 acc=0.3473
[ep 006] val_sel AUC=0.4551 acc=0.3291
[ep 007] val_sel AUC=0.4606 acc=0.3237
[ep 008] val_sel AUC=0.4671 acc=0.3237
[ep 009] val_sel AUC=0.4712 acc=0.3473
[ep 010] val_sel AUC=0.4761 acc=0.3291
[ep 011] val_sel AUC=0.4820 acc=0.3473
[ep 012] val_sel AUC=0.4848 acc=0.3237
[ep 013] val_sel AUC=0.4886 acc=0.3291
[ep 014] val_sel AUC=0.4892 acc=0.3237
[ep 015] val_sel AUC=0.4891 acc=0.3291
[ep 016] val_sel AUC=0.4957 acc=0.3473
[ep 017] val_sel AUC=0.4924 acc=0.3237
[ep 018] val_sel AUC=0.4954 acc=0.3473
[ep 019] val_sel AUC=0.4965 acc=0.3473
[ep 020] val_sel AUC=0.4932 acc=0.3237
[ep 021] val_sel AUC=0.4939 acc=0.3291
[ep 022] val_sel AUC=0.4952 acc=0.3473
[ep 023] val_sel AUC=0.4937 acc=0.3165
[ep 024] val_sel AUC=0.4940 acc=0.3466
[ep 025] val_sel AUC=0.4923 acc=0.3163
[ep 026] val_sel AUC=0.4931 acc=0.3345
[ep 027] val_sel AUC=0.4925 acc=0.3430
[ep 028] val_sel AUC=0.4918 acc=0.3196
[ep 029] val_sel AUC=0.4913 acc=0.3268
[ep 030] val_sel AUC=0.4914 acc=0.3210
[ep 031] val_sel AUC=0.4913 acc=0.3201
[ep 032] val_sel AUC=0.4913 acc=0.3201
[ep 033] val_sel AUC=0.4845 acc=0.3160
[ep 034] val_sel AUC=0.4843 acc=0.3473
[ep 035] val_sel AUC=0.4881 acc=0.3291
[ep 036] val_sel AUC=0.4877 acc=0.3473
[ep 037] val_sel AUC=0.4996 acc=0.3221
[ep 038] val_sel AUC=0.4913 acc=0.3235
[ep 039] val_sel AUC=0.4910 acc=0.3270
[ep 040] val_sel AUC=0.4925 acc=0.3291
[ep 041] val_sel AUC=0.4892 acc=0.3237
[ep 042] val_sel AUC=0.5055 acc=0.3473
[ep 043] val_sel AUC=0.4987 acc=0.3051
[ep 044] val_sel AUC=0.5055 acc=0.3226
[ep 045] val_sel AUC=0.5059 acc=0.3306
[ep 046] val_sel AUC=0.5152 acc=0.3311
[ep 047] val_sel AUC=0.5186 acc=0.3286
[ep 048] val_sel AUC=0.5232 acc=0.3246
[ep 049] val_sel AUC=0.5191 acc=0.3282
[ep 050] val_sel AUC=0.5243 acc=0.3293
[ep 051] val_sel AUC=0.5232 acc=0.3304
[ep 052] val_sel AUC=0.5258 acc=0.3403
[ep 053] val_sel AUC=0.5219 acc=0.3282
[ep 054] val_sel AUC=0.5305 acc=0.3531
[ep 055] val_sel AUC=0.5286 acc=0.3365
[ep 056] val_sel AUC=0.5286 acc=0.3367
[ep 057] val_sel AUC=0.5351 acc=0.3657
[ep 058] val_sel AUC=0.5447 acc=0.3731
[ep 059] val_sel AUC=0.5539 acc=0.3710
[ep 060] val_sel AUC=0.5769 acc=0.3841
[ep 061] val_sel AUC=0.5766 acc=0.3951
[ep 062] val_sel AUC=0.6212 acc=0.4301
[ep 063] val_sel AUC=0.6155 acc=0.4249
[ep 064] val_sel AUC=0.5999 acc=0.4198
[ep 065] val_sel AUC=0.6251 acc=0.4384
[ep 066] val_sel AUC=0.6229 acc=0.4391
[ep 067] val_sel AUC=0.6722 acc=0.4680
[ep 068] val_sel AUC=0.6730 acc=0.4815
[ep 069] val_sel AUC=0.6195 acc=0.4395
[ep 070] val_sel AUC=0.6546 acc=0.4727
[ep 071] val_sel AUC=0.6604 acc=0.4763
[ep 072] val_sel AUC=0.7049 acc=0.5118
[ep 073] val_sel AUC=0.6907 acc=0.4952
[ep 074] val_sel AUC=0.7380 acc=0.5450
[ep 075] val_sel AUC=0.7472 acc=0.5677
[ep 076] val_sel AUC=0.7473 acc=0.5495
[ep 077] val_sel AUC=0.7726 acc=0.5818
[ep 078] val_sel AUC=0.7430 acc=0.5419
[ep 079] val_sel AUC=0.7317 acc=0.5329
[ep 080] val_sel AUC=0.7637 acc=0.5684
[ep 081] val_sel AUC=0.7841 acc=0.6081
[ep 082] val_sel AUC=0.7760 acc=0.6000
[ep 083] val_sel AUC=0.7772 acc=0.6067
[ep 084] val_sel AUC=0.7793 acc=0.5910
[ep 085] val_sel AUC=0.7803 acc=0.6157
[ep 086] val_sel AUC=0.7878 acc=0.6222
[ep 087] val_sel AUC=0.7872 acc=0.6195
[ep 088] val_sel AUC=0.7813 acc=0.6148
[ep 089] val_sel AUC=0.7864 acc=0.6213
[ep 090] val_sel AUC=0.7872 acc=0.6222
[ep 091] val_sel AUC=0.7867 acc=0.6251
[ep 092] val_sel AUC=0.7832 acc=0.6164
[ep 093] val_sel AUC=0.7861 acc=0.6258
[ep 094] val_sel AUC=0.7850 acc=0.6211
[ep 095] val_sel AUC=0.7850 acc=0.6209
[ep 096] val_sel AUC=0.7849 acc=0.6204
============================================================
TEST (best val_sel epoch, held-out, evaluated once)
============================================================
[DONE-QPE2] embed=quantum model_II N=100 seed=43 test_AUC=0.7950 val_sel_AUC=0.7878 per_class=(axion=0.8249 cdm=0.6757 no_sub=0.8844) params=203508 embed_params=49 R_frob_drift=0.6119776368141174
