[INFO] QPE2 D=64 P=8 depth=4 | embed=quantum | data=model_III N/class=100 seed=52 split_seed=0 | params=203508 embed_params=49 lr=0.001 epochs=96 bs=32 | train(300, 64, 64) val_sel(4469, 64, 64) test(4470, 64, 64) device=cuda
[ep 001] val_sel AUC=0.4325 acc=0.3433
[ep 002] val_sel AUC=0.4880 acc=0.3283
[ep 003] val_sel AUC=0.4927 acc=0.3285
[ep 004] val_sel AUC=0.4937 acc=0.3433
[ep 005] val_sel AUC=0.5056 acc=0.3283
[ep 006] val_sel AUC=0.5097 acc=0.3260
[ep 007] val_sel AUC=0.5106 acc=0.3285
[ep 008] val_sel AUC=0.5194 acc=0.3283
[ep 009] val_sel AUC=0.5226 acc=0.3283
[ep 010] val_sel AUC=0.5261 acc=0.3283
[ep 011] val_sel AUC=0.5265 acc=0.3285
[ep 012] val_sel AUC=0.5317 acc=0.3283
[ep 013] val_sel AUC=0.5338 acc=0.3283
[ep 014] val_sel AUC=0.5335 acc=0.3433
[ep 015] val_sel AUC=0.5373 acc=0.3283
[ep 016] val_sel AUC=0.5400 acc=0.3283
[ep 017] val_sel AUC=0.5398 acc=0.3285
[ep 018] val_sel AUC=0.5425 acc=0.3433
[ep 019] val_sel AUC=0.5431 acc=0.3873
[ep 020] val_sel AUC=0.5457 acc=0.3283
[ep 021] val_sel AUC=0.5439 acc=0.3285
[ep 022] val_sel AUC=0.5450 acc=0.3379
[ep 023] val_sel AUC=0.5480 acc=0.3433
[ep 024] val_sel AUC=0.5477 acc=0.3283
[ep 025] val_sel AUC=0.5488 acc=0.3283
[ep 026] val_sel AUC=0.5486 acc=0.3285
[ep 027] val_sel AUC=0.5494 acc=0.3283
[ep 028] val_sel AUC=0.5496 acc=0.3283
[ep 029] val_sel AUC=0.5497 acc=0.3283
[ep 030] val_sel AUC=0.5497 acc=0.3645
[ep 031] val_sel AUC=0.5497 acc=0.3775
[ep 032] val_sel AUC=0.5497 acc=0.3784
[ep 033] val_sel AUC=0.5571 acc=0.3283
[ep 034] val_sel AUC=0.5581 acc=0.3303
[ep 035] val_sel AUC=0.5610 acc=0.3283
[ep 036] val_sel AUC=0.5602 acc=0.3285
[ep 037] val_sel AUC=0.5629 acc=0.3283
[ep 038] val_sel AUC=0.5632 acc=0.3287
[ep 039] val_sel AUC=0.5538 acc=0.3283
[ep 040] val_sel AUC=0.5861 acc=0.3504
[ep 041] val_sel AUC=0.5781 acc=0.3370
[ep 042] val_sel AUC=0.5873 acc=0.3547
[ep 043] val_sel AUC=0.5867 acc=0.4155
[ep 044] val_sel AUC=0.6319 acc=0.4603
[ep 045] val_sel AUC=0.6517 acc=0.4272
[ep 046] val_sel AUC=0.7163 acc=0.4567
[ep 047] val_sel AUC=0.6785 acc=0.4952
[ep 048] val_sel AUC=0.7067 acc=0.4950
[ep 049] val_sel AUC=0.7549 acc=0.5632
[ep 050] val_sel AUC=0.7888 acc=0.6008
[ep 051] val_sel AUC=0.7528 acc=0.5442
[ep 052] val_sel AUC=0.8069 acc=0.5820
[ep 053] val_sel AUC=0.8137 acc=0.6482
[ep 054] val_sel AUC=0.8104 acc=0.6312
[ep 055] val_sel AUC=0.8286 acc=0.6317
[ep 056] val_sel AUC=0.7931 acc=0.6180
[ep 057] val_sel AUC=0.8299 acc=0.6628
[ep 058] val_sel AUC=0.8396 acc=0.6776
[ep 059] val_sel AUC=0.8327 acc=0.6608
[ep 060] val_sel AUC=0.8312 acc=0.6621
[ep 061] val_sel AUC=0.8581 acc=0.7075
[ep 062] val_sel AUC=0.8525 acc=0.6796
[ep 063] val_sel AUC=0.8496 acc=0.6823
[ep 064] val_sel AUC=0.8709 acc=0.7317
[ep 065] val_sel AUC=0.8664 acc=0.7357
[ep 066] val_sel AUC=0.8596 acc=0.7024
[ep 067] val_sel AUC=0.8568 acc=0.6957
[ep 068] val_sel AUC=0.8735 acc=0.7275
[ep 069] val_sel AUC=0.8720 acc=0.7324
[ep 070] val_sel AUC=0.8599 acc=0.7234
[ep 071] val_sel AUC=0.8757 acc=0.7342
[ep 072] val_sel AUC=0.8644 acc=0.7277
[ep 073] val_sel AUC=0.8768 acc=0.7492
[ep 074] val_sel AUC=0.8682 acc=0.7232
[ep 075] val_sel AUC=0.8789 acc=0.7532
[ep 076] val_sel AUC=0.8804 acc=0.7583
[ep 077] val_sel AUC=0.8780 acc=0.7480
[ep 078] val_sel AUC=0.8824 acc=0.7534
[ep 079] val_sel AUC=0.8785 acc=0.7536
[ep 080] val_sel AUC=0.8807 acc=0.7512
[ep 081] val_sel AUC=0.8795 acc=0.7561
[ep 082] val_sel AUC=0.8819 acc=0.7586
[ep 083] val_sel AUC=0.8802 acc=0.7480
[ep 084] val_sel AUC=0.8801 acc=0.7565
[ep 085] val_sel AUC=0.8765 acc=0.7449
[ep 086] val_sel AUC=0.8816 acc=0.7619
[ep 087] val_sel AUC=0.8778 acc=0.7559
[ep 088] val_sel AUC=0.8785 acc=0.7597
[ep 089] val_sel AUC=0.8783 acc=0.7619
[ep 090] val_sel AUC=0.8777 acc=0.7581
[ep 091] val_sel AUC=0.8768 acc=0.7603
[ep 092] val_sel AUC=0.8778 acc=0.7615
[ep 093] val_sel AUC=0.8775 acc=0.7590
[ep 094] val_sel AUC=0.8774 acc=0.7601
[ep 095] val_sel AUC=0.8773 acc=0.7597
[ep 096] val_sel AUC=0.8773 acc=0.7592
============================================================
TEST (best val_sel epoch, held-out, evaluated once)
============================================================
[DONE-QPE2] embed=quantum model_III N=100 seed=52 test_AUC=0.8808 val_sel_AUC=0.8824 per_class=(axion=0.9256 cdm=0.7836 no_sub=0.9332) params=203508 embed_params=49 R_frob_drift=0.7688380479812622
