[INFO] QPE2 D=64 P=8 depth=4 | embed=quantum | data=model_II N/class=100 seed=50 split_seed=0 | params=203508 embed_params=49 lr=0.001 epochs=96 bs=32 | train(300, 64, 64) val_sel(4455, 64, 64) test(4455, 64, 64) device=cuda
[ep 001] val_sel AUC=0.5592 acc=0.3291
[ep 002] val_sel AUC=0.5497 acc=0.3473
[ep 003] val_sel AUC=0.5574 acc=0.3291
[ep 004] val_sel AUC=0.5596 acc=0.3473
[ep 005] val_sel AUC=0.5568 acc=0.3237
[ep 006] val_sel AUC=0.5575 acc=0.3473
[ep 007] val_sel AUC=0.5593 acc=0.3291
[ep 008] val_sel AUC=0.5555 acc=0.3237
[ep 009] val_sel AUC=0.5587 acc=0.3529
[ep 010] val_sel AUC=0.5585 acc=0.3291
[ep 011] val_sel AUC=0.5547 acc=0.3237
[ep 012] val_sel AUC=0.5561 acc=0.3291
[ep 013] val_sel AUC=0.5565 acc=0.3241
[ep 014] val_sel AUC=0.5555 acc=0.3291
[ep 015] val_sel AUC=0.5524 acc=0.3237
[ep 016] val_sel AUC=0.5533 acc=0.3473
[ep 017] val_sel AUC=0.5500 acc=0.3291
[ep 018] val_sel AUC=0.5485 acc=0.3475
[ep 019] val_sel AUC=0.5473 acc=0.3342
[ep 020] val_sel AUC=0.5454 acc=0.3645
[ep 021] val_sel AUC=0.5433 acc=0.3237
[ep 022] val_sel AUC=0.5422 acc=0.3587
[ep 023] val_sel AUC=0.5404 acc=0.3495
[ep 024] val_sel AUC=0.5393 acc=0.3540
[ep 025] val_sel AUC=0.5397 acc=0.3497
[ep 026] val_sel AUC=0.5395 acc=0.3542
[ep 027] val_sel AUC=0.5396 acc=0.3551
[ep 028] val_sel AUC=0.5396 acc=0.3574
[ep 029] val_sel AUC=0.5397 acc=0.3571
[ep 030] val_sel AUC=0.5397 acc=0.3571
[ep 031] val_sel AUC=0.5398 acc=0.3565
[ep 032] val_sel AUC=0.5398 acc=0.3569
[ep 033] val_sel AUC=0.5411 acc=0.3695
[ep 034] val_sel AUC=0.5426 acc=0.3481
[ep 035] val_sel AUC=0.5430 acc=0.3686
[ep 036] val_sel AUC=0.5424 acc=0.3600
[ep 037] val_sel AUC=0.5423 acc=0.3535
[ep 038] val_sel AUC=0.5423 acc=0.3587
[ep 039] val_sel AUC=0.5450 acc=0.3574
[ep 040] val_sel AUC=0.5465 acc=0.3731
[ep 041] val_sel AUC=0.5476 acc=0.3742
[ep 042] val_sel AUC=0.5541 acc=0.3549
[ep 043] val_sel AUC=0.5510 acc=0.3531
[ep 044] val_sel AUC=0.5589 acc=0.3533
[ep 045] val_sel AUC=0.5696 acc=0.3742
[ep 046] val_sel AUC=0.5833 acc=0.3971
[ep 047] val_sel AUC=0.6338 acc=0.3675
[ep 048] val_sel AUC=0.6454 acc=0.4047
[ep 049] val_sel AUC=0.6454 acc=0.3410
[ep 050] val_sel AUC=0.6424 acc=0.4022
[ep 051] val_sel AUC=0.6518 acc=0.4590
[ep 052] val_sel AUC=0.6783 acc=0.4316
[ep 053] val_sel AUC=0.7345 acc=0.5692
[ep 054] val_sel AUC=0.7903 acc=0.6097
[ep 055] val_sel AUC=0.7623 acc=0.4846
[ep 056] val_sel AUC=0.7112 acc=0.4875
[ep 057] val_sel AUC=0.7685 acc=0.5383
[ep 058] val_sel AUC=0.8249 acc=0.6561
[ep 059] val_sel AUC=0.8232 acc=0.6260
[ep 060] val_sel AUC=0.8050 acc=0.6220
[ep 061] val_sel AUC=0.8120 acc=0.5919
[ep 062] val_sel AUC=0.8473 acc=0.6985
[ep 063] val_sel AUC=0.8138 acc=0.6171
[ep 064] val_sel AUC=0.8260 acc=0.6085
[ep 065] val_sel AUC=0.7854 acc=0.5098
[ep 066] val_sel AUC=0.8346 acc=0.6644
[ep 067] val_sel AUC=0.8509 acc=0.6999
[ep 068] val_sel AUC=0.8645 acc=0.7217
[ep 069] val_sel AUC=0.8571 acc=0.7006
[ep 070] val_sel AUC=0.8599 acc=0.7001
[ep 071] val_sel AUC=0.8733 acc=0.7089
[ep 072] val_sel AUC=0.8603 acc=0.6934
[ep 073] val_sel AUC=0.8695 acc=0.7235
[ep 074] val_sel AUC=0.8567 acc=0.6810
[ep 075] val_sel AUC=0.8737 acc=0.7403
[ep 076] val_sel AUC=0.8728 acc=0.7380
[ep 077] val_sel AUC=0.8784 acc=0.7520
[ep 078] val_sel AUC=0.8711 acc=0.7392
[ep 079] val_sel AUC=0.8611 acc=0.7176
[ep 080] val_sel AUC=0.8776 acc=0.7556
[ep 081] val_sel AUC=0.8661 acc=0.7333
[ep 082] val_sel AUC=0.8686 acc=0.7457
[ep 083] val_sel AUC=0.8655 acc=0.7398
[ep 084] val_sel AUC=0.8647 acc=0.7286
[ep 085] val_sel AUC=0.8645 acc=0.7416
[ep 086] val_sel AUC=0.8571 acc=0.7219
[ep 087] val_sel AUC=0.8637 acc=0.7437
[ep 088] val_sel AUC=0.8591 acc=0.7311
[ep 089] val_sel AUC=0.8597 acc=0.7365
[ep 090] val_sel AUC=0.8603 acc=0.7365
[ep 091] val_sel AUC=0.8561 acc=0.7275
[ep 092] val_sel AUC=0.8575 acc=0.7313
[ep 093] val_sel AUC=0.8583 acc=0.7354
[ep 094] val_sel AUC=0.8584 acc=0.7363
[ep 095] val_sel AUC=0.8579 acc=0.7342
[ep 096] val_sel AUC=0.8579 acc=0.7340
============================================================
TEST (best val_sel epoch, held-out, evaluated once)
============================================================
[DONE-QPE2] embed=quantum model_II N=100 seed=50 test_AUC=0.8773 val_sel_AUC=0.8784 per_class=(axion=0.9077 cdm=0.7708 no_sub=0.9535) params=203508 embed_params=49 R_frob_drift=0.700613260269165
