[INFO] QPE2 D=64 P=8 depth=4 | embed=quantum | data=model_III N/class=250 seed=59 split_seed=0 | params=203508 embed_params=49 lr=0.001 epochs=96 bs=32 | train(750, 64, 64) val_sel(4469, 64, 64) test(4470, 64, 64) device=cuda
[ep 001] val_sel AUC=0.4781 acc=0.3283
[ep 002] val_sel AUC=0.4918 acc=0.3285
[ep 003] val_sel AUC=0.5103 acc=0.3285
[ep 004] val_sel AUC=0.5268 acc=0.3283
[ep 005] val_sel AUC=0.5366 acc=0.3283
[ep 006] val_sel AUC=0.5458 acc=0.3285
[ep 007] val_sel AUC=0.5611 acc=0.3283
[ep 008] val_sel AUC=0.5571 acc=0.3433
[ep 009] val_sel AUC=0.5631 acc=0.3285
[ep 010] val_sel AUC=0.5701 acc=0.3283
[ep 011] val_sel AUC=0.5612 acc=0.3287
[ep 012] val_sel AUC=0.5521 acc=0.3565
[ep 013] val_sel AUC=0.5587 acc=0.3618
[ep 014] val_sel AUC=0.5710 acc=0.3632
[ep 015] val_sel AUC=0.5876 acc=0.3829
[ep 016] val_sel AUC=0.6665 acc=0.4173
[ep 017] val_sel AUC=0.7518 acc=0.5554
[ep 018] val_sel AUC=0.7634 acc=0.5549
[ep 019] val_sel AUC=0.8005 acc=0.6234
[ep 020] val_sel AUC=0.8257 acc=0.5990
[ep 021] val_sel AUC=0.8242 acc=0.6196
[ep 022] val_sel AUC=0.8522 acc=0.6691
[ep 023] val_sel AUC=0.8643 acc=0.7172
[ep 024] val_sel AUC=0.8613 acc=0.7082
[ep 025] val_sel AUC=0.8592 acc=0.6673
[ep 026] val_sel AUC=0.8864 acc=0.7436
[ep 027] val_sel AUC=0.8872 acc=0.7422
[ep 028] val_sel AUC=0.8925 acc=0.7494
[ep 029] val_sel AUC=0.8950 acc=0.7583
[ep 030] val_sel AUC=0.8960 acc=0.7610
[ep 031] val_sel AUC=0.8953 acc=0.7597
[ep 032] val_sel AUC=0.8953 acc=0.7588
[ep 033] val_sel AUC=0.8020 acc=0.6290
[ep 034] val_sel AUC=0.8230 acc=0.6149
[ep 035] val_sel AUC=0.8466 acc=0.6796
[ep 036] val_sel AUC=0.8122 acc=0.6373
[ep 037] val_sel AUC=0.8314 acc=0.5641
[ep 038] val_sel AUC=0.8841 acc=0.7317
[ep 039] val_sel AUC=0.8545 acc=0.6939
[ep 040] val_sel AUC=0.8506 acc=0.6993
[ep 041] val_sel AUC=0.8992 acc=0.7689
[ep 042] val_sel AUC=0.8792 acc=0.7122
[ep 043] val_sel AUC=0.9143 acc=0.7970
[ep 044] val_sel AUC=0.8760 acc=0.7342
[ep 045] val_sel AUC=0.9039 acc=0.7237
[ep 046] val_sel AUC=0.8955 acc=0.7561
[ep 047] val_sel AUC=0.9136 acc=0.7921
[ep 048] val_sel AUC=0.8984 acc=0.7243
[ep 049] val_sel AUC=0.8993 acc=0.7642
[ep 050] val_sel AUC=0.8919 acc=0.7386
[ep 051] val_sel AUC=0.8651 acc=0.6890
[ep 052] val_sel AUC=0.9163 acc=0.7548
[ep 053] val_sel AUC=0.9191 acc=0.7586
[ep 054] val_sel AUC=0.9066 acc=0.7572
[ep 055] val_sel AUC=0.8856 acc=0.7125
[ep 056] val_sel AUC=0.8925 acc=0.7322
[ep 057] val_sel AUC=0.9209 acc=0.7921
[ep 058] val_sel AUC=0.9231 acc=0.8082
[ep 059] val_sel AUC=0.9232 acc=0.8167
[ep 060] val_sel AUC=0.9270 acc=0.8165
[ep 061] val_sel AUC=0.9212 acc=0.8096
[ep 062] val_sel AUC=0.8824 acc=0.7507
[ep 063] val_sel AUC=0.9108 acc=0.7874
[ep 064] val_sel AUC=0.9294 acc=0.8176
[ep 065] val_sel AUC=0.9062 acc=0.7753
[ep 066] val_sel AUC=0.9188 acc=0.7753
[ep 067] val_sel AUC=0.9224 acc=0.8241
[ep 068] val_sel AUC=0.9186 acc=0.8055
[ep 069] val_sel AUC=0.9276 acc=0.8275
[ep 070] val_sel AUC=0.9314 acc=0.8391
[ep 071] val_sel AUC=0.9260 acc=0.8183
[ep 072] val_sel AUC=0.9278 acc=0.8118
[ep 073] val_sel AUC=0.9223 acc=0.8196
[ep 074] val_sel AUC=0.9269 acc=0.8311
[ep 075] val_sel AUC=0.9187 acc=0.8026
[ep 076] val_sel AUC=0.9187 acc=0.8145
[ep 077] val_sel AUC=0.9278 acc=0.8369
[ep 078] val_sel AUC=0.9269 acc=0.8250
[ep 079] val_sel AUC=0.9284 acc=0.8335
[ep 080] val_sel AUC=0.9275 acc=0.8290
[ep 081] val_sel AUC=0.9296 acc=0.8407
[ep 082] val_sel AUC=0.9318 acc=0.8431
[ep 083] val_sel AUC=0.9309 acc=0.8434
[ep 084] val_sel AUC=0.9303 acc=0.8461
[ep 085] val_sel AUC=0.9306 acc=0.8414
[ep 086] val_sel AUC=0.9321 acc=0.8418
[ep 087] val_sel AUC=0.9277 acc=0.8259
[ep 088] val_sel AUC=0.9315 acc=0.8452
[ep 089] val_sel AUC=0.9309 acc=0.8400
[ep 090] val_sel AUC=0.9294 acc=0.8405
[ep 091] val_sel AUC=0.9301 acc=0.8452
[ep 092] val_sel AUC=0.9294 acc=0.8440
[ep 093] val_sel AUC=0.9300 acc=0.8456
[ep 094] val_sel AUC=0.9297 acc=0.8456
[ep 095] val_sel AUC=0.9297 acc=0.8463
[ep 096] val_sel AUC=0.9297 acc=0.8458
============================================================
TEST (best val_sel epoch, held-out, evaluated once)
============================================================
[DONE-QPE2] embed=quantum model_III N=250 seed=59 test_AUC=0.9290 val_sel_AUC=0.9321 per_class=(axion=0.9479 cdm=0.8712 no_sub=0.9679) params=203508 embed_params=49 R_frob_drift=0.7911781668663025
