[INFO] QPE2 D=64 P=8 depth=4 | embed=quantum | data=model_II N/class=250 seed=57 split_seed=0 | params=203508 embed_params=49 lr=0.001 epochs=96 bs=32 | train(750, 64, 64) val_sel(4455, 64, 64) test(4455, 64, 64) device=cuda
[ep 001] val_sel AUC=0.5431 acc=0.3291
[ep 002] val_sel AUC=0.5478 acc=0.3297
[ep 003] val_sel AUC=0.5503 acc=0.3237
[ep 004] val_sel AUC=0.5448 acc=0.3477
[ep 005] val_sel AUC=0.5371 acc=0.3437
[ep 006] val_sel AUC=0.5367 acc=0.3522
[ep 007] val_sel AUC=0.5474 acc=0.3414
[ep 008] val_sel AUC=0.5439 acc=0.3473
[ep 009] val_sel AUC=0.5530 acc=0.3614
[ep 010] val_sel AUC=0.5487 acc=0.3526
[ep 011] val_sel AUC=0.5607 acc=0.3605
[ep 012] val_sel AUC=0.5858 acc=0.3724
[ep 013] val_sel AUC=0.6032 acc=0.3836
[ep 014] val_sel AUC=0.6117 acc=0.3863
[ep 015] val_sel AUC=0.6730 acc=0.4792
[ep 016] val_sel AUC=0.7035 acc=0.5291
[ep 017] val_sel AUC=0.7303 acc=0.5340
[ep 018] val_sel AUC=0.7548 acc=0.5389
[ep 019] val_sel AUC=0.7754 acc=0.5793
[ep 020] val_sel AUC=0.8072 acc=0.6316
[ep 021] val_sel AUC=0.8145 acc=0.6334
[ep 022] val_sel AUC=0.8385 acc=0.6640
[ep 023] val_sel AUC=0.8535 acc=0.6947
[ep 024] val_sel AUC=0.8477 acc=0.6750
[ep 025] val_sel AUC=0.8628 acc=0.6963
[ep 026] val_sel AUC=0.8765 acc=0.7315
[ep 027] val_sel AUC=0.8772 acc=0.7286
[ep 028] val_sel AUC=0.8836 acc=0.7385
[ep 029] val_sel AUC=0.8856 acc=0.7419
[ep 030] val_sel AUC=0.8869 acc=0.7450
[ep 031] val_sel AUC=0.8872 acc=0.7466
[ep 032] val_sel AUC=0.8878 acc=0.7486
[ep 033] val_sel AUC=0.8156 acc=0.5800
[ep 034] val_sel AUC=0.8149 acc=0.6267
[ep 035] val_sel AUC=0.8317 acc=0.6310
[ep 036] val_sel AUC=0.8418 acc=0.6958
[ep 037] val_sel AUC=0.8175 acc=0.6007
[ep 038] val_sel AUC=0.8517 acc=0.6855
[ep 039] val_sel AUC=0.8173 acc=0.6292
[ep 040] val_sel AUC=0.7652 acc=0.6036
[ep 041] val_sel AUC=0.8166 acc=0.6049
[ep 042] val_sel AUC=0.8400 acc=0.6265
[ep 043] val_sel AUC=0.8720 acc=0.7165
[ep 044] val_sel AUC=0.8625 acc=0.7059
[ep 045] val_sel AUC=0.8711 acc=0.7257
[ep 046] val_sel AUC=0.8298 acc=0.6496
[ep 047] val_sel AUC=0.8646 acc=0.7046
[ep 048] val_sel AUC=0.8846 acc=0.7517
[ep 049] val_sel AUC=0.8902 acc=0.7502
[ep 050] val_sel AUC=0.8749 acc=0.7452
[ep 051] val_sel AUC=0.8627 acc=0.6988
[ep 052] val_sel AUC=0.8801 acc=0.7441
[ep 053] val_sel AUC=0.8880 acc=0.7383
[ep 054] val_sel AUC=0.9085 acc=0.7834
[ep 055] val_sel AUC=0.8369 acc=0.6961
[ep 056] val_sel AUC=0.8956 acc=0.7560
[ep 057] val_sel AUC=0.8833 acc=0.7315
[ep 058] val_sel AUC=0.8739 acc=0.7156
[ep 059] val_sel AUC=0.8903 acc=0.7428
[ep 060] val_sel AUC=0.8835 acc=0.7304
[ep 061] val_sel AUC=0.9067 acc=0.7692
[ep 062] val_sel AUC=0.8871 acc=0.7495
[ep 063] val_sel AUC=0.8970 acc=0.7627
[ep 064] val_sel AUC=0.8697 acc=0.6723
[ep 065] val_sel AUC=0.8883 acc=0.7596
[ep 066] val_sel AUC=0.9105 acc=0.7868
[ep 067] val_sel AUC=0.8816 acc=0.7210
[ep 068] val_sel AUC=0.9077 acc=0.7856
[ep 069] val_sel AUC=0.9107 acc=0.7978
[ep 070] val_sel AUC=0.9195 acc=0.8105
[ep 071] val_sel AUC=0.9028 acc=0.7609
[ep 072] val_sel AUC=0.9088 acc=0.7953
[ep 073] val_sel AUC=0.8897 acc=0.7309
[ep 074] val_sel AUC=0.9098 acc=0.7850
[ep 075] val_sel AUC=0.9150 acc=0.8031
[ep 076] val_sel AUC=0.9116 acc=0.7872
[ep 077] val_sel AUC=0.9187 acc=0.8043
[ep 078] val_sel AUC=0.9187 acc=0.8123
[ep 079] val_sel AUC=0.9222 acc=0.8189
[ep 080] val_sel AUC=0.9163 acc=0.8036
[ep 081] val_sel AUC=0.9207 acc=0.8193
[ep 082] val_sel AUC=0.9168 acc=0.8054
[ep 083] val_sel AUC=0.9216 acc=0.8058
[ep 084] val_sel AUC=0.9212 acc=0.8105
[ep 085] val_sel AUC=0.9229 acc=0.8211
[ep 086] val_sel AUC=0.9227 acc=0.8218
[ep 087] val_sel AUC=0.9228 acc=0.8193
[ep 088] val_sel AUC=0.9224 acc=0.8220
[ep 089] val_sel AUC=0.9223 acc=0.8213
[ep 090] val_sel AUC=0.9229 acc=0.8224
[ep 091] val_sel AUC=0.9232 acc=0.8220
[ep 092] val_sel AUC=0.9231 acc=0.8215
[ep 093] val_sel AUC=0.9230 acc=0.8211
[ep 094] val_sel AUC=0.9230 acc=0.8211
[ep 095] val_sel AUC=0.9230 acc=0.8207
[ep 096] val_sel AUC=0.9231 acc=0.8207
============================================================
TEST (best val_sel epoch, held-out, evaluated once)
============================================================
[DONE-QPE2] embed=quantum model_II N=250 seed=57 test_AUC=0.9297 val_sel_AUC=0.9232 per_class=(axion=0.9363 cdm=0.8683 no_sub=0.9844) params=203508 embed_params=49 R_frob_drift=0.9019355773925781
