[INFO] QPE2 D=64 P=8 depth=4 | embed=quantum | data=model_III N/class=250 seed=48 split_seed=0 | params=203508 embed_params=49 lr=0.001 epochs=96 bs=32 | train(750, 64, 64) val_sel(4469, 64, 64) test(4470, 64, 64) device=cuda
[ep 001] val_sel AUC=0.5463 acc=0.3285
[ep 002] val_sel AUC=0.5547 acc=0.3285
[ep 003] val_sel AUC=0.5758 acc=0.3283
[ep 004] val_sel AUC=0.5733 acc=0.3285
[ep 005] val_sel AUC=0.5523 acc=0.3283
[ep 006] val_sel AUC=0.5375 acc=0.3368
[ep 007] val_sel AUC=0.5375 acc=0.3520
[ep 008] val_sel AUC=0.5989 acc=0.3406
[ep 009] val_sel AUC=0.6288 acc=0.4256
[ep 010] val_sel AUC=0.6969 acc=0.4941
[ep 011] val_sel AUC=0.6654 acc=0.4361
[ep 012] val_sel AUC=0.7857 acc=0.5992
[ep 013] val_sel AUC=0.8009 acc=0.6102
[ep 014] val_sel AUC=0.8173 acc=0.6482
[ep 015] val_sel AUC=0.8238 acc=0.6035
[ep 016] val_sel AUC=0.8073 acc=0.6373
[ep 017] val_sel AUC=0.8170 acc=0.6541
[ep 018] val_sel AUC=0.8656 acc=0.7075
[ep 019] val_sel AUC=0.8670 acc=0.6946
[ep 020] val_sel AUC=0.8718 acc=0.7089
[ep 021] val_sel AUC=0.8740 acc=0.7192
[ep 022] val_sel AUC=0.8771 acc=0.7243
[ep 023] val_sel AUC=0.8784 acc=0.7326
[ep 024] val_sel AUC=0.8910 acc=0.7527
[ep 025] val_sel AUC=0.8818 acc=0.7214
[ep 026] val_sel AUC=0.8922 acc=0.7527
[ep 027] val_sel AUC=0.8909 acc=0.7534
[ep 028] val_sel AUC=0.8955 acc=0.7554
[ep 029] val_sel AUC=0.8979 acc=0.7615
[ep 030] val_sel AUC=0.8974 acc=0.7599
[ep 031] val_sel AUC=0.8975 acc=0.7615
[ep 032] val_sel AUC=0.8976 acc=0.7610
[ep 033] val_sel AUC=0.8391 acc=0.6735
[ep 034] val_sel AUC=0.8044 acc=0.5668
[ep 035] val_sel AUC=0.8367 acc=0.6485
[ep 036] val_sel AUC=0.8285 acc=0.5690
[ep 037] val_sel AUC=0.8835 acc=0.7355
[ep 038] val_sel AUC=0.8237 acc=0.6113
[ep 039] val_sel AUC=0.8665 acc=0.7026
[ep 040] val_sel AUC=0.8822 acc=0.7140
[ep 041] val_sel AUC=0.8762 acc=0.7201
[ep 042] val_sel AUC=0.8913 acc=0.7530
[ep 043] val_sel AUC=0.8828 acc=0.7393
[ep 044] val_sel AUC=0.8939 acc=0.7518
[ep 045] val_sel AUC=0.8833 acc=0.7337
[ep 046] val_sel AUC=0.8856 acc=0.7565
[ep 047] val_sel AUC=0.9149 acc=0.7901
[ep 048] val_sel AUC=0.8761 acc=0.6825
[ep 049] val_sel AUC=0.9033 acc=0.7592
[ep 050] val_sel AUC=0.9010 acc=0.7615
[ep 051] val_sel AUC=0.8948 acc=0.7478
[ep 052] val_sel AUC=0.8973 acc=0.7364
[ep 053] val_sel AUC=0.9062 acc=0.7521
[ep 054] val_sel AUC=0.9175 acc=0.7722
[ep 055] val_sel AUC=0.8530 acc=0.7131
[ep 056] val_sel AUC=0.9101 acc=0.7550
[ep 057] val_sel AUC=0.8989 acc=0.7342
[ep 058] val_sel AUC=0.9142 acc=0.7673
[ep 059] val_sel AUC=0.9173 acc=0.7890
[ep 060] val_sel AUC=0.8980 acc=0.7572
[ep 061] val_sel AUC=0.9103 acc=0.7821
[ep 062] val_sel AUC=0.9023 acc=0.7740
[ep 063] val_sel AUC=0.9151 acc=0.7850
[ep 064] val_sel AUC=0.9218 acc=0.7932
[ep 065] val_sel AUC=0.9334 acc=0.8241
[ep 066] val_sel AUC=0.9275 acc=0.8098
[ep 067] val_sel AUC=0.8838 acc=0.6829
[ep 068] val_sel AUC=0.9179 acc=0.7836
[ep 069] val_sel AUC=0.9250 acc=0.8147
[ep 070] val_sel AUC=0.9318 acc=0.8279
[ep 071] val_sel AUC=0.9230 acc=0.7789
[ep 072] val_sel AUC=0.9307 acc=0.8205
[ep 073] val_sel AUC=0.9357 acc=0.8324
[ep 074] val_sel AUC=0.9267 acc=0.8246
[ep 075] val_sel AUC=0.9311 acc=0.8237
[ep 076] val_sel AUC=0.9322 acc=0.8264
[ep 077] val_sel AUC=0.9352 acc=0.8317
[ep 078] val_sel AUC=0.9335 acc=0.8349
[ep 079] val_sel AUC=0.9303 acc=0.8248
[ep 080] val_sel AUC=0.9308 acc=0.8259
[ep 081] val_sel AUC=0.9382 acc=0.8367
[ep 082] val_sel AUC=0.9356 acc=0.8355
[ep 083] val_sel AUC=0.9328 acc=0.8346
[ep 084] val_sel AUC=0.9288 acc=0.8367
[ep 085] val_sel AUC=0.9329 acc=0.8396
[ep 086] val_sel AUC=0.9295 acc=0.8360
[ep 087] val_sel AUC=0.9345 acc=0.8389
[ep 088] val_sel AUC=0.9305 acc=0.8422
[ep 089] val_sel AUC=0.9297 acc=0.8418
[ep 090] val_sel AUC=0.9291 acc=0.8400
[ep 091] val_sel AUC=0.9285 acc=0.8391
[ep 092] val_sel AUC=0.9281 acc=0.8396
[ep 093] val_sel AUC=0.9284 acc=0.8393
[ep 094] val_sel AUC=0.9284 acc=0.8389
[ep 095] val_sel AUC=0.9282 acc=0.8389
[ep 096] val_sel AUC=0.9282 acc=0.8389
============================================================
TEST (best val_sel epoch, held-out, evaluated once)
============================================================
[DONE-QPE2] embed=quantum model_III N=250 seed=48 test_AUC=0.9356 val_sel_AUC=0.9382 per_class=(axion=0.9474 cdm=0.8814 no_sub=0.9781) params=203508 embed_params=49 R_frob_drift=0.6617076992988586
