[INFO] QPE2 D=64 P=8 depth=4 | embed=quantum | data=model_II N/class=250 seed=52 split_seed=0 | params=203508 embed_params=49 lr=0.001 epochs=96 bs=32 | train(750, 64, 64) val_sel(4455, 64, 64) test(4455, 64, 64) device=cuda
[ep 001] val_sel AUC=0.5012 acc=0.3237
[ep 002] val_sel AUC=0.5175 acc=0.3291
[ep 003] val_sel AUC=0.5252 acc=0.3473
[ep 004] val_sel AUC=0.5332 acc=0.3291
[ep 005] val_sel AUC=0.5399 acc=0.3237
[ep 006] val_sel AUC=0.5429 acc=0.3473
[ep 007] val_sel AUC=0.5488 acc=0.3291
[ep 008] val_sel AUC=0.5450 acc=0.3237
[ep 009] val_sel AUC=0.5485 acc=0.3237
[ep 010] val_sel AUC=0.5460 acc=0.3365
[ep 011] val_sel AUC=0.5289 acc=0.3291
[ep 012] val_sel AUC=0.5254 acc=0.3291
[ep 013] val_sel AUC=0.5252 acc=0.3473
[ep 014] val_sel AUC=0.5230 acc=0.3237
[ep 015] val_sel AUC=0.5218 acc=0.3428
[ep 016] val_sel AUC=0.5211 acc=0.3237
[ep 017] val_sel AUC=0.5279 acc=0.3309
[ep 018] val_sel AUC=0.5256 acc=0.3304
[ep 019] val_sel AUC=0.5263 acc=0.3311
[ep 020] val_sel AUC=0.5252 acc=0.3443
[ep 021] val_sel AUC=0.5212 acc=0.3273
[ep 022] val_sel AUC=0.5291 acc=0.3459
[ep 023] val_sel AUC=0.5284 acc=0.3363
[ep 024] val_sel AUC=0.5278 acc=0.3383
[ep 025] val_sel AUC=0.5337 acc=0.3367
[ep 026] val_sel AUC=0.5358 acc=0.3504
[ep 027] val_sel AUC=0.5401 acc=0.3385
[ep 028] val_sel AUC=0.5438 acc=0.3383
[ep 029] val_sel AUC=0.5460 acc=0.3378
[ep 030] val_sel AUC=0.5480 acc=0.3376
[ep 031] val_sel AUC=0.5489 acc=0.3378
[ep 032] val_sel AUC=0.5493 acc=0.3378
[ep 033] val_sel AUC=0.5480 acc=0.3378
[ep 034] val_sel AUC=0.5262 acc=0.3371
[ep 035] val_sel AUC=0.5419 acc=0.3333
[ep 036] val_sel AUC=0.5575 acc=0.3428
[ep 037] val_sel AUC=0.5493 acc=0.3291
[ep 038] val_sel AUC=0.5663 acc=0.3502
[ep 039] val_sel AUC=0.6312 acc=0.3688
[ep 040] val_sel AUC=0.5789 acc=0.3549
[ep 041] val_sel AUC=0.6041 acc=0.3978
[ep 042] val_sel AUC=0.5826 acc=0.3540
[ep 043] val_sel AUC=0.6088 acc=0.4462
[ep 044] val_sel AUC=0.6162 acc=0.4112
[ep 045] val_sel AUC=0.6540 acc=0.4453
[ep 046] val_sel AUC=0.6208 acc=0.4233
[ep 047] val_sel AUC=0.6810 acc=0.4848
[ep 048] val_sel AUC=0.6687 acc=0.4658
[ep 049] val_sel AUC=0.7604 acc=0.5403
[ep 050] val_sel AUC=0.8041 acc=0.6249
[ep 051] val_sel AUC=0.7917 acc=0.6144
[ep 052] val_sel AUC=0.8362 acc=0.6754
[ep 053] val_sel AUC=0.8373 acc=0.6745
[ep 054] val_sel AUC=0.8655 acc=0.7042
[ep 055] val_sel AUC=0.8618 acc=0.6974
[ep 056] val_sel AUC=0.8513 acc=0.6866
[ep 057] val_sel AUC=0.8545 acc=0.6869
[ep 058] val_sel AUC=0.8626 acc=0.6923
[ep 059] val_sel AUC=0.8321 acc=0.6361
[ep 060] val_sel AUC=0.8624 acc=0.7120
[ep 061] val_sel AUC=0.8700 acc=0.7001
[ep 062] val_sel AUC=0.8509 acc=0.6343
[ep 063] val_sel AUC=0.8956 acc=0.7600
[ep 064] val_sel AUC=0.8764 acc=0.7091
[ep 065] val_sel AUC=0.8845 acc=0.7349
[ep 066] val_sel AUC=0.8868 acc=0.7253
[ep 067] val_sel AUC=0.9044 acc=0.7890
[ep 068] val_sel AUC=0.9082 acc=0.7899
[ep 069] val_sel AUC=0.9013 acc=0.7802
[ep 070] val_sel AUC=0.9071 acc=0.7854
[ep 071] val_sel AUC=0.9030 acc=0.7944
[ep 072] val_sel AUC=0.9026 acc=0.7699
[ep 073] val_sel AUC=0.9083 acc=0.7912
[ep 074] val_sel AUC=0.9078 acc=0.7836
[ep 075] val_sel AUC=0.9124 acc=0.8090
[ep 076] val_sel AUC=0.9162 acc=0.8085
[ep 077] val_sel AUC=0.9173 acc=0.8090
[ep 078] val_sel AUC=0.9104 acc=0.7939
[ep 079] val_sel AUC=0.9155 acc=0.8117
[ep 080] val_sel AUC=0.9204 acc=0.8157
[ep 081] val_sel AUC=0.9193 acc=0.8063
[ep 082] val_sel AUC=0.9219 acc=0.8263
[ep 083] val_sel AUC=0.9192 acc=0.8245
[ep 084] val_sel AUC=0.9193 acc=0.8231
[ep 085] val_sel AUC=0.9195 acc=0.8218
[ep 086] val_sel AUC=0.9207 acc=0.8238
[ep 087] val_sel AUC=0.9213 acc=0.8310
[ep 088] val_sel AUC=0.9203 acc=0.8260
[ep 089] val_sel AUC=0.9219 acc=0.8308
[ep 090] val_sel AUC=0.9214 acc=0.8285
[ep 091] val_sel AUC=0.9211 acc=0.8285
[ep 092] val_sel AUC=0.9214 acc=0.8292
[ep 093] val_sel AUC=0.9214 acc=0.8292
[ep 094] val_sel AUC=0.9213 acc=0.8285
[ep 095] val_sel AUC=0.9214 acc=0.8283
[ep 096] val_sel AUC=0.9214 acc=0.8283
============================================================
TEST (best val_sel epoch, held-out, evaluated once)
============================================================
[DONE-QPE2] embed=quantum model_II N=250 seed=52 test_AUC=0.9234 val_sel_AUC=0.9219 per_class=(axion=0.9337 cdm=0.8582 no_sub=0.9784) params=203508 embed_params=49 R_frob_drift=0.9735469818115234
