[INFO] QPE2 D=64 P=8 depth=4 | embed=quantum | data=model_III N/class=250 seed=44 split_seed=0 | params=203508 embed_params=49 lr=0.001 epochs=96 bs=32 | train(750, 64, 64) val_sel(4469, 64, 64) test(4470, 64, 64) device=cuda
[ep 001] val_sel AUC=0.5518 acc=0.3433
[ep 002] val_sel AUC=0.5825 acc=0.3283
[ep 003] val_sel AUC=0.5780 acc=0.3283
[ep 004] val_sel AUC=0.5766 acc=0.3283
[ep 005] val_sel AUC=0.5806 acc=0.3433
[ep 006] val_sel AUC=0.5753 acc=0.3433
[ep 007] val_sel AUC=0.5736 acc=0.3285
[ep 008] val_sel AUC=0.5541 acc=0.3410
[ep 009] val_sel AUC=0.5442 acc=0.3433
[ep 010] val_sel AUC=0.5405 acc=0.3444
[ep 011] val_sel AUC=0.5356 acc=0.3444
[ep 012] val_sel AUC=0.5607 acc=0.3645
[ep 013] val_sel AUC=0.5687 acc=0.3484
[ep 014] val_sel AUC=0.5855 acc=0.3605
[ep 015] val_sel AUC=0.6116 acc=0.3817
[ep 016] val_sel AUC=0.7109 acc=0.5209
[ep 017] val_sel AUC=0.6827 acc=0.4932
[ep 018] val_sel AUC=0.7895 acc=0.5681
[ep 019] val_sel AUC=0.8617 acc=0.6796
[ep 020] val_sel AUC=0.8593 acc=0.7037
[ep 021] val_sel AUC=0.8497 acc=0.6964
[ep 022] val_sel AUC=0.8906 acc=0.7031
[ep 023] val_sel AUC=0.8900 acc=0.7290
[ep 024] val_sel AUC=0.8638 acc=0.7203
[ep 025] val_sel AUC=0.9100 acc=0.7814
[ep 026] val_sel AUC=0.9038 acc=0.7809
[ep 027] val_sel AUC=0.9146 acc=0.7888
[ep 028] val_sel AUC=0.9175 acc=0.7935
[ep 029] val_sel AUC=0.9212 acc=0.8089
[ep 030] val_sel AUC=0.9219 acc=0.8098
[ep 031] val_sel AUC=0.9230 acc=0.8102
[ep 032] val_sel AUC=0.9234 acc=0.8116
[ep 033] val_sel AUC=0.8392 acc=0.6776
[ep 034] val_sel AUC=0.8060 acc=0.5527
[ep 035] val_sel AUC=0.8877 acc=0.7322
[ep 036] val_sel AUC=0.8053 acc=0.6480
[ep 037] val_sel AUC=0.8517 acc=0.6867
[ep 038] val_sel AUC=0.8518 acc=0.7031
[ep 039] val_sel AUC=0.8850 acc=0.7483
[ep 040] val_sel AUC=0.8969 acc=0.7541
[ep 041] val_sel AUC=0.9074 acc=0.7885
[ep 042] val_sel AUC=0.8546 acc=0.6925
[ep 043] val_sel AUC=0.9100 acc=0.7337
[ep 044] val_sel AUC=0.9151 acc=0.7469
[ep 045] val_sel AUC=0.8752 acc=0.7176
[ep 046] val_sel AUC=0.8925 acc=0.7252
[ep 047] val_sel AUC=0.9140 acc=0.7881
[ep 048] val_sel AUC=0.8989 acc=0.7391
[ep 049] val_sel AUC=0.8494 acc=0.6970
[ep 050] val_sel AUC=0.8986 acc=0.7344
[ep 051] val_sel AUC=0.9136 acc=0.7816
[ep 052] val_sel AUC=0.8907 acc=0.7339
[ep 053] val_sel AUC=0.9201 acc=0.7480
[ep 054] val_sel AUC=0.8775 acc=0.7308
[ep 055] val_sel AUC=0.8918 acc=0.7335
[ep 056] val_sel AUC=0.9210 acc=0.7467
[ep 057] val_sel AUC=0.9064 acc=0.7659
[ep 058] val_sel AUC=0.8464 acc=0.6507
[ep 059] val_sel AUC=0.9255 acc=0.8058
[ep 060] val_sel AUC=0.9297 acc=0.8201
[ep 061] val_sel AUC=0.9261 acc=0.7863
[ep 062] val_sel AUC=0.8965 acc=0.7650
[ep 063] val_sel AUC=0.9233 acc=0.8127
[ep 064] val_sel AUC=0.9285 acc=0.7955
[ep 065] val_sel AUC=0.9257 acc=0.8085
[ep 066] val_sel AUC=0.8767 acc=0.7243
[ep 067] val_sel AUC=0.9340 acc=0.8246
[ep 068] val_sel AUC=0.9208 acc=0.8000
[ep 069] val_sel AUC=0.9286 acc=0.8024
[ep 070] val_sel AUC=0.9232 acc=0.8062
[ep 071] val_sel AUC=0.9386 acc=0.8313
[ep 072] val_sel AUC=0.9354 acc=0.8279
[ep 073] val_sel AUC=0.9307 acc=0.8281
[ep 074] val_sel AUC=0.9401 acc=0.8425
[ep 075] val_sel AUC=0.9419 acc=0.8499
[ep 076] val_sel AUC=0.9359 acc=0.8333
[ep 077] val_sel AUC=0.9381 acc=0.8427
[ep 078] val_sel AUC=0.9312 acc=0.8143
[ep 079] val_sel AUC=0.9289 acc=0.8237
[ep 080] val_sel AUC=0.9407 acc=0.8476
[ep 081] val_sel AUC=0.9407 acc=0.8490
[ep 082] val_sel AUC=0.9410 acc=0.8521
[ep 083] val_sel AUC=0.9307 acc=0.8367
[ep 084] val_sel AUC=0.9378 acc=0.8443
[ep 085] val_sel AUC=0.9384 acc=0.8499
[ep 086] val_sel AUC=0.9369 acc=0.8461
[ep 087] val_sel AUC=0.9385 acc=0.8514
[ep 088] val_sel AUC=0.9385 acc=0.8474
[ep 089] val_sel AUC=0.9382 acc=0.8512
[ep 090] val_sel AUC=0.9378 acc=0.8496
[ep 091] val_sel AUC=0.9376 acc=0.8496
[ep 092] val_sel AUC=0.9380 acc=0.8521
[ep 093] val_sel AUC=0.9373 acc=0.8507
[ep 094] val_sel AUC=0.9374 acc=0.8501
[ep 095] val_sel AUC=0.9373 acc=0.8501
[ep 096] val_sel AUC=0.9373 acc=0.8501
============================================================
TEST (best val_sel epoch, held-out, evaluated once)
============================================================
[DONE-QPE2] embed=quantum model_III N=250 seed=44 test_AUC=0.9420 val_sel_AUC=0.9419 per_class=(axion=0.9516 cdm=0.8922 no_sub=0.9821) params=203508 embed_params=49 R_frob_drift=0.8793591260910034
