[INFO] QPE2 D=64 P=8 depth=4 | embed=quantum | data=model_III N/class=250 seed=49 split_seed=0 | params=203508 embed_params=49 lr=0.001 epochs=96 bs=32 | train(750, 64, 64) val_sel(4469, 64, 64) test(4470, 64, 64) device=cuda
[ep 001] val_sel AUC=0.5264 acc=0.3283
[ep 002] val_sel AUC=0.5289 acc=0.3433
[ep 003] val_sel AUC=0.5294 acc=0.3285
[ep 004] val_sel AUC=0.5244 acc=0.3283
[ep 005] val_sel AUC=0.5200 acc=0.3433
[ep 006] val_sel AUC=0.5167 acc=0.3285
[ep 007] val_sel AUC=0.5159 acc=0.3283
[ep 008] val_sel AUC=0.5166 acc=0.3283
[ep 009] val_sel AUC=0.5187 acc=0.3339
[ep 010] val_sel AUC=0.5224 acc=0.3321
[ep 011] val_sel AUC=0.5249 acc=0.3471
[ep 012] val_sel AUC=0.5206 acc=0.3538
[ep 013] val_sel AUC=0.5228 acc=0.3294
[ep 014] val_sel AUC=0.5385 acc=0.3327
[ep 015] val_sel AUC=0.5424 acc=0.3457
[ep 016] val_sel AUC=0.5475 acc=0.3730
[ep 017] val_sel AUC=0.5640 acc=0.3547
[ep 018] val_sel AUC=0.5873 acc=0.3676
[ep 019] val_sel AUC=0.5632 acc=0.3428
[ep 020] val_sel AUC=0.5939 acc=0.4005
[ep 021] val_sel AUC=0.6325 acc=0.4437
[ep 022] val_sel AUC=0.6722 acc=0.4715
[ep 023] val_sel AUC=0.7202 acc=0.5330
[ep 024] val_sel AUC=0.7420 acc=0.5435
[ep 025] val_sel AUC=0.7950 acc=0.5974
[ep 026] val_sel AUC=0.8046 acc=0.6183
[ep 027] val_sel AUC=0.8300 acc=0.6556
[ep 028] val_sel AUC=0.8382 acc=0.6814
[ep 029] val_sel AUC=0.8430 acc=0.6908
[ep 030] val_sel AUC=0.8517 acc=0.6990
[ep 031] val_sel AUC=0.8531 acc=0.6990
[ep 032] val_sel AUC=0.8544 acc=0.7062
[ep 033] val_sel AUC=0.8039 acc=0.5713
[ep 034] val_sel AUC=0.7802 acc=0.5525
[ep 035] val_sel AUC=0.8175 acc=0.6413
[ep 036] val_sel AUC=0.8115 acc=0.5737
[ep 037] val_sel AUC=0.8017 acc=0.5957
[ep 038] val_sel AUC=0.7637 acc=0.4612
[ep 039] val_sel AUC=0.8394 acc=0.6337
[ep 040] val_sel AUC=0.7994 acc=0.6060
[ep 041] val_sel AUC=0.8505 acc=0.6836
[ep 042] val_sel AUC=0.8719 acc=0.7221
[ep 043] val_sel AUC=0.8570 acc=0.6914
[ep 044] val_sel AUC=0.8388 acc=0.6632
[ep 045] val_sel AUC=0.8729 acc=0.7261
[ep 046] val_sel AUC=0.8728 acc=0.7147
[ep 047] val_sel AUC=0.8804 acc=0.7196
[ep 048] val_sel AUC=0.8727 acc=0.7125
[ep 049] val_sel AUC=0.8510 acc=0.6946
[ep 050] val_sel AUC=0.8840 acc=0.7424
[ep 051] val_sel AUC=0.8908 acc=0.7574
[ep 052] val_sel AUC=0.8592 acc=0.6988
[ep 053] val_sel AUC=0.8211 acc=0.6315
[ep 054] val_sel AUC=0.8781 acc=0.7301
[ep 055] val_sel AUC=0.8889 acc=0.7463
[ep 056] val_sel AUC=0.9088 acc=0.7926
[ep 057] val_sel AUC=0.9023 acc=0.7910
[ep 058] val_sel AUC=0.8888 acc=0.7507
[ep 059] val_sel AUC=0.9003 acc=0.7733
[ep 060] val_sel AUC=0.9011 acc=0.7706
[ep 061] val_sel AUC=0.9139 acc=0.8040
[ep 062] val_sel AUC=0.9171 acc=0.8013
[ep 063] val_sel AUC=0.9165 acc=0.8145
[ep 064] val_sel AUC=0.9019 acc=0.7666
[ep 065] val_sel AUC=0.8931 acc=0.7431
[ep 066] val_sel AUC=0.8672 acc=0.6975
[ep 067] val_sel AUC=0.9063 acc=0.7769
[ep 068] val_sel AUC=0.9222 acc=0.8161
[ep 069] val_sel AUC=0.9177 acc=0.8181
[ep 070] val_sel AUC=0.9058 acc=0.7691
[ep 071] val_sel AUC=0.9123 acc=0.8020
[ep 072] val_sel AUC=0.9200 acc=0.8149
[ep 073] val_sel AUC=0.9234 acc=0.8250
[ep 074] val_sel AUC=0.9202 acc=0.8179
[ep 075] val_sel AUC=0.9128 acc=0.7939
[ep 076] val_sel AUC=0.9208 acc=0.8064
[ep 077] val_sel AUC=0.9262 acc=0.8299
[ep 078] val_sel AUC=0.9239 acc=0.8237
[ep 079] val_sel AUC=0.9238 acc=0.8181
[ep 080] val_sel AUC=0.9227 acc=0.8248
[ep 081] val_sel AUC=0.9187 acc=0.8091
[ep 082] val_sel AUC=0.9176 acc=0.7932
[ep 083] val_sel AUC=0.9237 acc=0.8219
[ep 084] val_sel AUC=0.9238 acc=0.8248
[ep 085] val_sel AUC=0.9237 acc=0.8304
[ep 086] val_sel AUC=0.9210 acc=0.8203
[ep 087] val_sel AUC=0.9216 acc=0.8199
[ep 088] val_sel AUC=0.9214 acc=0.8257
[ep 089] val_sel AUC=0.9209 acc=0.8241
[ep 090] val_sel AUC=0.9213 acc=0.8259
[ep 091] val_sel AUC=0.9210 acc=0.8248
[ep 092] val_sel AUC=0.9213 acc=0.8243
[ep 093] val_sel AUC=0.9206 acc=0.8255
[ep 094] val_sel AUC=0.9205 acc=0.8241
[ep 095] val_sel AUC=0.9205 acc=0.8237
[ep 096] val_sel AUC=0.9205 acc=0.8237
============================================================
TEST (best val_sel epoch, held-out, evaluated once)
============================================================
[DONE-QPE2] embed=quantum model_III N=250 seed=49 test_AUC=0.9270 val_sel_AUC=0.9262 per_class=(axion=0.9374 cdm=0.8646 no_sub=0.9790) params=203508 embed_params=49 R_frob_drift=0.928043007850647
