[INFO] QPE2 D=64 P=8 depth=4 | embed=quantum | data=model_II N/class=250 seed=48 split_seed=0 | params=203508 embed_params=49 lr=0.001 epochs=96 bs=32 | train(750, 64, 64) val_sel(4455, 64, 64) test(4455, 64, 64) device=cuda
[ep 001] val_sel AUC=0.5642 acc=0.3237
[ep 002] val_sel AUC=0.5568 acc=0.3237
[ep 003] val_sel AUC=0.5759 acc=0.3291
[ep 004] val_sel AUC=0.5560 acc=0.3237
[ep 005] val_sel AUC=0.5619 acc=0.3291
[ep 006] val_sel AUC=0.5550 acc=0.3291
[ep 007] val_sel AUC=0.5391 acc=0.3473
[ep 008] val_sel AUC=0.5271 acc=0.3291
[ep 009] val_sel AUC=0.5217 acc=0.3291
[ep 010] val_sel AUC=0.5180 acc=0.3466
[ep 011] val_sel AUC=0.5216 acc=0.3473
[ep 012] val_sel AUC=0.5202 acc=0.3324
[ep 013] val_sel AUC=0.5221 acc=0.3318
[ep 014] val_sel AUC=0.5258 acc=0.3430
[ep 015] val_sel AUC=0.5296 acc=0.3481
[ep 016] val_sel AUC=0.5401 acc=0.3441
[ep 017] val_sel AUC=0.5519 acc=0.3751
[ep 018] val_sel AUC=0.5421 acc=0.3544
[ep 019] val_sel AUC=0.5491 acc=0.3722
[ep 020] val_sel AUC=0.5801 acc=0.4027
[ep 021] val_sel AUC=0.5749 acc=0.3906
[ep 022] val_sel AUC=0.6251 acc=0.4483
[ep 023] val_sel AUC=0.6408 acc=0.4422
[ep 024] val_sel AUC=0.6565 acc=0.4429
[ep 025] val_sel AUC=0.6963 acc=0.5136
[ep 026] val_sel AUC=0.7275 acc=0.5410
[ep 027] val_sel AUC=0.7387 acc=0.5479
[ep 028] val_sel AUC=0.7579 acc=0.5758
[ep 029] val_sel AUC=0.7611 acc=0.5697
[ep 030] val_sel AUC=0.7707 acc=0.5845
[ep 031] val_sel AUC=0.7743 acc=0.5854
[ep 032] val_sel AUC=0.7767 acc=0.5924
[ep 033] val_sel AUC=0.6342 acc=0.4249
[ep 034] val_sel AUC=0.5902 acc=0.4067
[ep 035] val_sel AUC=0.7079 acc=0.4552
[ep 036] val_sel AUC=0.6748 acc=0.4844
[ep 037] val_sel AUC=0.6965 acc=0.5138
[ep 038] val_sel AUC=0.7259 acc=0.5347
[ep 039] val_sel AUC=0.7545 acc=0.5639
[ep 040] val_sel AUC=0.7427 acc=0.4983
[ep 041] val_sel AUC=0.7839 acc=0.6191
[ep 042] val_sel AUC=0.7558 acc=0.5565
[ep 043] val_sel AUC=0.7685 acc=0.5767
[ep 044] val_sel AUC=0.8031 acc=0.5975
[ep 045] val_sel AUC=0.8028 acc=0.6242
[ep 046] val_sel AUC=0.8480 acc=0.6386
[ep 047] val_sel AUC=0.8051 acc=0.5930
[ep 048] val_sel AUC=0.8417 acc=0.6779
[ep 049] val_sel AUC=0.8402 acc=0.6642
[ep 050] val_sel AUC=0.8345 acc=0.6629
[ep 051] val_sel AUC=0.8681 acc=0.6949
[ep 052] val_sel AUC=0.8714 acc=0.7100
[ep 053] val_sel AUC=0.8929 acc=0.7452
[ep 054] val_sel AUC=0.8397 acc=0.6653
[ep 055] val_sel AUC=0.8784 acc=0.7214
[ep 056] val_sel AUC=0.8949 acc=0.7560
[ep 057] val_sel AUC=0.8927 acc=0.7430
[ep 058] val_sel AUC=0.8898 acc=0.7374
[ep 059] val_sel AUC=0.8737 acc=0.7165
[ep 060] val_sel AUC=0.8669 acc=0.6837
[ep 061] val_sel AUC=0.8896 acc=0.7441
[ep 062] val_sel AUC=0.8935 acc=0.7670
[ep 063] val_sel AUC=0.9051 acc=0.7825
[ep 064] val_sel AUC=0.8956 acc=0.7679
[ep 065] val_sel AUC=0.8404 acc=0.6195
[ep 066] val_sel AUC=0.8980 acc=0.7513
[ep 067] val_sel AUC=0.9109 acc=0.7820
[ep 068] val_sel AUC=0.8996 acc=0.7764
[ep 069] val_sel AUC=0.9035 acc=0.7701
[ep 070] val_sel AUC=0.8999 acc=0.7699
[ep 071] val_sel AUC=0.9031 acc=0.7755
[ep 072] val_sel AUC=0.9128 acc=0.7903
[ep 073] val_sel AUC=0.9146 acc=0.7944
[ep 074] val_sel AUC=0.9026 acc=0.7713
[ep 075] val_sel AUC=0.9183 acc=0.8022
[ep 076] val_sel AUC=0.9148 acc=0.7928
[ep 077] val_sel AUC=0.9149 acc=0.8000
[ep 078] val_sel AUC=0.9054 acc=0.7571
[ep 079] val_sel AUC=0.9150 acc=0.8011
[ep 080] val_sel AUC=0.9133 acc=0.7987
[ep 081] val_sel AUC=0.9079 acc=0.7933
[ep 082] val_sel AUC=0.9151 acc=0.8063
[ep 083] val_sel AUC=0.9060 acc=0.7827
[ep 084] val_sel AUC=0.9134 acc=0.7996
[ep 085] val_sel AUC=0.9110 acc=0.8049
[ep 086] val_sel AUC=0.9086 acc=0.8027
[ep 087] val_sel AUC=0.9127 acc=0.8029
[ep 088] val_sel AUC=0.9123 acc=0.8027
[ep 089] val_sel AUC=0.9084 acc=0.8007
[ep 090] val_sel AUC=0.9088 acc=0.8029
[ep 091] val_sel AUC=0.9098 acc=0.8049
[ep 092] val_sel AUC=0.9085 acc=0.8016
[ep 093] val_sel AUC=0.9091 acc=0.8031
[ep 094] val_sel AUC=0.9092 acc=0.8031
[ep 095] val_sel AUC=0.9086 acc=0.8025
[ep 096] val_sel AUC=0.9087 acc=0.8027
============================================================
TEST (best val_sel epoch, held-out, evaluated once)
============================================================
[DONE-QPE2] embed=quantum model_II N=250 seed=48 test_AUC=0.9237 val_sel_AUC=0.9183 per_class=(axion=0.9371 cdm=0.8570 no_sub=0.9770) params=203508 embed_params=49 R_frob_drift=0.5881942510604858
