[INFO] QPE2 D=64 P=8 depth=4 | embed=quantum | data=model_II N/class=100 seed=48 split_seed=0 | params=203508 embed_params=49 lr=0.001 epochs=96 bs=32 | train(300, 64, 64) val_sel(4455, 64, 64) test(4455, 64, 64) device=cuda
[ep 001] val_sel AUC=0.5419 acc=0.3291
[ep 002] val_sel AUC=0.4953 acc=0.3237
[ep 003] val_sel AUC=0.5082 acc=0.3291
[ep 004] val_sel AUC=0.5137 acc=0.3291
[ep 005] val_sel AUC=0.5098 acc=0.3237
[ep 006] val_sel AUC=0.5218 acc=0.3473
[ep 007] val_sel AUC=0.5229 acc=0.3412
[ep 008] val_sel AUC=0.5243 acc=0.3237
[ep 009] val_sel AUC=0.5278 acc=0.3473
[ep 010] val_sel AUC=0.5330 acc=0.3237
[ep 011] val_sel AUC=0.5344 acc=0.3291
[ep 012] val_sel AUC=0.5269 acc=0.3473
[ep 013] val_sel AUC=0.5310 acc=0.3237
[ep 014] val_sel AUC=0.5263 acc=0.3291
[ep 015] val_sel AUC=0.5188 acc=0.3473
[ep 016] val_sel AUC=0.5198 acc=0.3237
[ep 017] val_sel AUC=0.5175 acc=0.3291
[ep 018] val_sel AUC=0.5141 acc=0.3473
[ep 019] val_sel AUC=0.5119 acc=0.3237
[ep 020] val_sel AUC=0.5112 acc=0.3237
[ep 021] val_sel AUC=0.5102 acc=0.3217
[ep 022] val_sel AUC=0.5086 acc=0.3441
[ep 023] val_sel AUC=0.5073 acc=0.3484
[ep 024] val_sel AUC=0.5066 acc=0.3497
[ep 025] val_sel AUC=0.5064 acc=0.3443
[ep 026] val_sel AUC=0.5070 acc=0.3347
[ep 027] val_sel AUC=0.5071 acc=0.3419
[ep 028] val_sel AUC=0.5067 acc=0.3248
[ep 029] val_sel AUC=0.5064 acc=0.3228
[ep 030] val_sel AUC=0.5062 acc=0.3237
[ep 031] val_sel AUC=0.5061 acc=0.3246
[ep 032] val_sel AUC=0.5061 acc=0.3246
[ep 033] val_sel AUC=0.5031 acc=0.3517
[ep 034] val_sel AUC=0.5057 acc=0.3248
[ep 035] val_sel AUC=0.5020 acc=0.3129
[ep 036] val_sel AUC=0.4898 acc=0.3473
[ep 037] val_sel AUC=0.5178 acc=0.3468
[ep 038] val_sel AUC=0.5086 acc=0.3475
[ep 039] val_sel AUC=0.5147 acc=0.3327
[ep 040] val_sel AUC=0.4944 acc=0.3279
[ep 041] val_sel AUC=0.5027 acc=0.3288
[ep 042] val_sel AUC=0.5085 acc=0.3520
[ep 043] val_sel AUC=0.5134 acc=0.3535
[ep 044] val_sel AUC=0.5135 acc=0.3410
[ep 045] val_sel AUC=0.4997 acc=0.3376
[ep 046] val_sel AUC=0.5077 acc=0.3378
[ep 047] val_sel AUC=0.5156 acc=0.3479
[ep 048] val_sel AUC=0.5098 acc=0.3282
[ep 049] val_sel AUC=0.5293 acc=0.3562
[ep 050] val_sel AUC=0.5236 acc=0.3363
[ep 051] val_sel AUC=0.5290 acc=0.3484
[ep 052] val_sel AUC=0.5298 acc=0.3495
[ep 053] val_sel AUC=0.5339 acc=0.3576
[ep 054] val_sel AUC=0.5409 acc=0.3636
[ep 055] val_sel AUC=0.5507 acc=0.3713
[ep 056] val_sel AUC=0.5554 acc=0.3574
[ep 057] val_sel AUC=0.5559 acc=0.3600
[ep 058] val_sel AUC=0.5580 acc=0.3802
[ep 059] val_sel AUC=0.5530 acc=0.3764
[ep 060] val_sel AUC=0.5795 acc=0.3933
[ep 061] val_sel AUC=0.5812 acc=0.4083
[ep 062] val_sel AUC=0.5850 acc=0.3856
[ep 063] val_sel AUC=0.6024 acc=0.4343
[ep 064] val_sel AUC=0.6043 acc=0.3663
[ep 065] val_sel AUC=0.5963 acc=0.4308
[ep 066] val_sel AUC=0.6098 acc=0.4299
[ep 067] val_sel AUC=0.6150 acc=0.4359
[ep 068] val_sel AUC=0.6313 acc=0.4646
[ep 069] val_sel AUC=0.6170 acc=0.4359
[ep 070] val_sel AUC=0.6342 acc=0.4629
[ep 071] val_sel AUC=0.6523 acc=0.4875
[ep 072] val_sel AUC=0.6592 acc=0.5012
[ep 073] val_sel AUC=0.6601 acc=0.4936
[ep 074] val_sel AUC=0.6579 acc=0.4887
[ep 075] val_sel AUC=0.6622 acc=0.4938
[ep 076] val_sel AUC=0.6861 acc=0.5156
[ep 077] val_sel AUC=0.6917 acc=0.5340
[ep 078] val_sel AUC=0.7012 acc=0.5428
[ep 079] val_sel AUC=0.6924 acc=0.5239
[ep 080] val_sel AUC=0.6991 acc=0.5302
[ep 081] val_sel AUC=0.7019 acc=0.5338
[ep 082] val_sel AUC=0.7066 acc=0.5448
[ep 083] val_sel AUC=0.7101 acc=0.5448
[ep 084] val_sel AUC=0.7084 acc=0.5457
[ep 085] val_sel AUC=0.7127 acc=0.5475
[ep 086] val_sel AUC=0.7136 acc=0.5517
[ep 087] val_sel AUC=0.7136 acc=0.5504
[ep 088] val_sel AUC=0.7162 acc=0.5542
[ep 089] val_sel AUC=0.7161 acc=0.5542
[ep 090] val_sel AUC=0.7146 acc=0.5484
[ep 091] val_sel AUC=0.7155 acc=0.5520
[ep 092] val_sel AUC=0.7158 acc=0.5502
[ep 093] val_sel AUC=0.7159 acc=0.5504
[ep 094] val_sel AUC=0.7152 acc=0.5490
[ep 095] val_sel AUC=0.7155 acc=0.5488
[ep 096] val_sel AUC=0.7156 acc=0.5493
============================================================
TEST (best val_sel epoch, held-out, evaluated once)
============================================================
[DONE-QPE2] embed=quantum model_II N=100 seed=48 test_AUC=0.7177 val_sel_AUC=0.7162 per_class=(axion=0.7850 cdm=0.5998 no_sub=0.7684) params=203508 embed_params=49 R_frob_drift=0.6415626406669617
