[INFO] QPE2 D=64 P=8 depth=4 | embed=quantum | data=model_II N/class=100 seed=46 split_seed=0 | params=203508 embed_params=49 lr=0.001 epochs=96 bs=32 | train(300, 64, 64) val_sel(4455, 64, 64) test(4455, 64, 64) device=cuda
[ep 001] val_sel AUC=0.5375 acc=0.3237
[ep 002] val_sel AUC=0.5137 acc=0.3468
[ep 003] val_sel AUC=0.5209 acc=0.3291
[ep 004] val_sel AUC=0.5134 acc=0.3473
[ep 005] val_sel AUC=0.5133 acc=0.3237
[ep 006] val_sel AUC=0.5128 acc=0.3237
[ep 007] val_sel AUC=0.5129 acc=0.3473
[ep 008] val_sel AUC=0.5130 acc=0.3473
[ep 009] val_sel AUC=0.5141 acc=0.3237
[ep 010] val_sel AUC=0.5149 acc=0.3430
[ep 011] val_sel AUC=0.5139 acc=0.3237
[ep 012] val_sel AUC=0.5163 acc=0.3291
[ep 013] val_sel AUC=0.5155 acc=0.3244
[ep 014] val_sel AUC=0.5176 acc=0.3394
[ep 015] val_sel AUC=0.5188 acc=0.3237
[ep 016] val_sel AUC=0.5200 acc=0.3291
[ep 017] val_sel AUC=0.5206 acc=0.3473
[ep 018] val_sel AUC=0.5205 acc=0.3351
[ep 019] val_sel AUC=0.5205 acc=0.3291
[ep 020] val_sel AUC=0.5209 acc=0.3520
[ep 021] val_sel AUC=0.5213 acc=0.3529
[ep 022] val_sel AUC=0.5212 acc=0.3412
[ep 023] val_sel AUC=0.5217 acc=0.3437
[ep 024] val_sel AUC=0.5223 acc=0.3470
[ep 025] val_sel AUC=0.5226 acc=0.3488
[ep 026] val_sel AUC=0.5229 acc=0.3526
[ep 027] val_sel AUC=0.5229 acc=0.3490
[ep 028] val_sel AUC=0.5229 acc=0.3499
[ep 029] val_sel AUC=0.5224 acc=0.3495
[ep 030] val_sel AUC=0.5223 acc=0.3499
[ep 031] val_sel AUC=0.5223 acc=0.3504
[ep 032] val_sel AUC=0.5223 acc=0.3504
[ep 033] val_sel AUC=0.5227 acc=0.3432
[ep 034] val_sel AUC=0.5189 acc=0.3425
[ep 035] val_sel AUC=0.5170 acc=0.3477
[ep 036] val_sel AUC=0.5189 acc=0.3495
[ep 037] val_sel AUC=0.5206 acc=0.3363
[ep 038] val_sel AUC=0.5213 acc=0.3443
[ep 039] val_sel AUC=0.5214 acc=0.3358
[ep 040] val_sel AUC=0.5201 acc=0.3446
[ep 041] val_sel AUC=0.5193 acc=0.3244
[ep 042] val_sel AUC=0.5203 acc=0.3302
[ep 043] val_sel AUC=0.5218 acc=0.3360
[ep 044] val_sel AUC=0.5244 acc=0.3457
[ep 045] val_sel AUC=0.5295 acc=0.3497
[ep 046] val_sel AUC=0.5317 acc=0.3432
[ep 047] val_sel AUC=0.5533 acc=0.3466
[ep 048] val_sel AUC=0.5689 acc=0.3811
[ep 049] val_sel AUC=0.5729 acc=0.3802
[ep 050] val_sel AUC=0.6235 acc=0.4301
[ep 051] val_sel AUC=0.6191 acc=0.4029
[ep 052] val_sel AUC=0.6256 acc=0.3841
[ep 053] val_sel AUC=0.6090 acc=0.3650
[ep 054] val_sel AUC=0.6456 acc=0.4501
[ep 055] val_sel AUC=0.6596 acc=0.4056
[ep 056] val_sel AUC=0.6718 acc=0.4795
[ep 057] val_sel AUC=0.6771 acc=0.4563
[ep 058] val_sel AUC=0.6948 acc=0.5037
[ep 059] val_sel AUC=0.6747 acc=0.4815
[ep 060] val_sel AUC=0.7149 acc=0.5102
[ep 061] val_sel AUC=0.7234 acc=0.5154
[ep 062] val_sel AUC=0.7268 acc=0.5107
[ep 063] val_sel AUC=0.7694 acc=0.5948
[ep 064] val_sel AUC=0.7788 acc=0.5980
[ep 065] val_sel AUC=0.7462 acc=0.5432
[ep 066] val_sel AUC=0.7541 acc=0.5989
[ep 067] val_sel AUC=0.7916 acc=0.5868
[ep 068] val_sel AUC=0.7568 acc=0.6094
[ep 069] val_sel AUC=0.7892 acc=0.5915
[ep 070] val_sel AUC=0.8164 acc=0.6689
[ep 071] val_sel AUC=0.8284 acc=0.6741
[ep 072] val_sel AUC=0.8142 acc=0.6267
[ep 073] val_sel AUC=0.8332 acc=0.6819
[ep 074] val_sel AUC=0.8519 acc=0.7095
[ep 075] val_sel AUC=0.8449 acc=0.7053
[ep 076] val_sel AUC=0.8594 acc=0.7288
[ep 077] val_sel AUC=0.8536 acc=0.7095
[ep 078] val_sel AUC=0.8524 acc=0.7055
[ep 079] val_sel AUC=0.8410 acc=0.7111
[ep 080] val_sel AUC=0.8571 acc=0.7226
[ep 081] val_sel AUC=0.8564 acc=0.7154
[ep 082] val_sel AUC=0.8657 acc=0.7396
[ep 083] val_sel AUC=0.8671 acc=0.7446
[ep 084] val_sel AUC=0.8593 acc=0.7345
[ep 085] val_sel AUC=0.8478 acc=0.6781
[ep 086] val_sel AUC=0.8658 acc=0.7389
[ep 087] val_sel AUC=0.8630 acc=0.7311
[ep 088] val_sel AUC=0.8665 acc=0.7434
[ep 089] val_sel AUC=0.8669 acc=0.7434
[ep 090] val_sel AUC=0.8665 acc=0.7443
[ep 091] val_sel AUC=0.8660 acc=0.7434
[ep 092] val_sel AUC=0.8660 acc=0.7419
[ep 093] val_sel AUC=0.8665 acc=0.7434
[ep 094] val_sel AUC=0.8666 acc=0.7434
[ep 095] val_sel AUC=0.8667 acc=0.7441
[ep 096] val_sel AUC=0.8667 acc=0.7443
============================================================
TEST (best val_sel epoch, held-out, evaluated once)
============================================================
[DONE-QPE2] embed=quantum model_II N=100 seed=46 test_AUC=0.8754 val_sel_AUC=0.8671 per_class=(axion=0.9102 cdm=0.7696 no_sub=0.9466) params=203508 embed_params=49 R_frob_drift=0.6894799470901489
