[INFO] QPE2 D=64 P=8 depth=4 | embed=quantum | data=model_III N/class=100 seed=59 split_seed=0 | params=203508 embed_params=49 lr=0.001 epochs=96 bs=32 | train(300, 64, 64) val_sel(4469, 64, 64) test(4470, 64, 64) device=cuda
[ep 001] val_sel AUC=0.4529 acc=0.3433
[ep 002] val_sel AUC=0.4669 acc=0.3285
[ep 003] val_sel AUC=0.4874 acc=0.3433
[ep 004] val_sel AUC=0.4967 acc=0.3285
[ep 005] val_sel AUC=0.5137 acc=0.3283
[ep 006] val_sel AUC=0.5191 acc=0.3433
[ep 007] val_sel AUC=0.5201 acc=0.3285
[ep 008] val_sel AUC=0.5248 acc=0.3430
[ep 009] val_sel AUC=0.5266 acc=0.3283
[ep 010] val_sel AUC=0.5226 acc=0.3285
[ep 011] val_sel AUC=0.5185 acc=0.3433
[ep 012] val_sel AUC=0.5216 acc=0.3283
[ep 013] val_sel AUC=0.5179 acc=0.3430
[ep 014] val_sel AUC=0.5150 acc=0.3307
[ep 015] val_sel AUC=0.5148 acc=0.3386
[ep 016] val_sel AUC=0.5119 acc=0.3439
[ep 017] val_sel AUC=0.5118 acc=0.3446
[ep 018] val_sel AUC=0.5117 acc=0.3513
[ep 019] val_sel AUC=0.5111 acc=0.3439
[ep 020] val_sel AUC=0.5135 acc=0.3412
[ep 021] val_sel AUC=0.5139 acc=0.3462
[ep 022] val_sel AUC=0.5136 acc=0.3428
[ep 023] val_sel AUC=0.5141 acc=0.3419
[ep 024] val_sel AUC=0.5147 acc=0.3497
[ep 025] val_sel AUC=0.5152 acc=0.3444
[ep 026] val_sel AUC=0.5149 acc=0.3524
[ep 027] val_sel AUC=0.5151 acc=0.3448
[ep 028] val_sel AUC=0.5153 acc=0.3520
[ep 029] val_sel AUC=0.5153 acc=0.3457
[ep 030] val_sel AUC=0.5153 acc=0.3457
[ep 031] val_sel AUC=0.5154 acc=0.3468
[ep 032] val_sel AUC=0.5154 acc=0.3466
[ep 033] val_sel AUC=0.5189 acc=0.3562
[ep 034] val_sel AUC=0.5201 acc=0.3493
[ep 035] val_sel AUC=0.5397 acc=0.3506
[ep 036] val_sel AUC=0.5576 acc=0.3542
[ep 037] val_sel AUC=0.5767 acc=0.3976
[ep 038] val_sel AUC=0.6101 acc=0.4252
[ep 039] val_sel AUC=0.5987 acc=0.3712
[ep 040] val_sel AUC=0.6336 acc=0.4469
[ep 041] val_sel AUC=0.6486 acc=0.4390
[ep 042] val_sel AUC=0.7103 acc=0.4898
[ep 043] val_sel AUC=0.7198 acc=0.5265
[ep 044] val_sel AUC=0.6979 acc=0.4712
[ep 045] val_sel AUC=0.7541 acc=0.5619
[ep 046] val_sel AUC=0.7353 acc=0.5272
[ep 047] val_sel AUC=0.7606 acc=0.4775
[ep 048] val_sel AUC=0.7643 acc=0.5359
[ep 049] val_sel AUC=0.7790 acc=0.5914
[ep 050] val_sel AUC=0.8002 acc=0.6326
[ep 051] val_sel AUC=0.8045 acc=0.5693
[ep 052] val_sel AUC=0.7794 acc=0.5417
[ep 053] val_sel AUC=0.7972 acc=0.6064
[ep 054] val_sel AUC=0.8160 acc=0.6420
[ep 055] val_sel AUC=0.8017 acc=0.6212
[ep 056] val_sel AUC=0.8359 acc=0.6619
[ep 057] val_sel AUC=0.7863 acc=0.5972
[ep 058] val_sel AUC=0.7861 acc=0.6073
[ep 059] val_sel AUC=0.8271 acc=0.6724
[ep 060] val_sel AUC=0.8437 acc=0.6809
[ep 061] val_sel AUC=0.8590 acc=0.6825
[ep 062] val_sel AUC=0.8736 acc=0.7241
[ep 063] val_sel AUC=0.8612 acc=0.6943
[ep 064] val_sel AUC=0.8624 acc=0.7116
[ep 065] val_sel AUC=0.8562 acc=0.7066
[ep 066] val_sel AUC=0.8678 acc=0.7156
[ep 067] val_sel AUC=0.8770 acc=0.7404
[ep 068] val_sel AUC=0.8869 acc=0.7574
[ep 069] val_sel AUC=0.8746 acc=0.7143
[ep 070] val_sel AUC=0.8491 acc=0.6950
[ep 071] val_sel AUC=0.8816 acc=0.7422
[ep 072] val_sel AUC=0.8871 acc=0.7554
[ep 073] val_sel AUC=0.8947 acc=0.7642
[ep 074] val_sel AUC=0.8829 acc=0.7440
[ep 075] val_sel AUC=0.8929 acc=0.7796
[ep 076] val_sel AUC=0.8857 acc=0.7541
[ep 077] val_sel AUC=0.8876 acc=0.7557
[ep 078] val_sel AUC=0.8893 acc=0.7536
[ep 079] val_sel AUC=0.8944 acc=0.7727
[ep 080] val_sel AUC=0.8948 acc=0.7742
[ep 081] val_sel AUC=0.8912 acc=0.7718
[ep 082] val_sel AUC=0.8927 acc=0.7742
[ep 083] val_sel AUC=0.8928 acc=0.7783
[ep 084] val_sel AUC=0.8903 acc=0.7747
[ep 085] val_sel AUC=0.8903 acc=0.7778
[ep 086] val_sel AUC=0.8869 acc=0.7655
[ep 087] val_sel AUC=0.8894 acc=0.7742
[ep 088] val_sel AUC=0.8887 acc=0.7769
[ep 089] val_sel AUC=0.8888 acc=0.7818
[ep 090] val_sel AUC=0.8870 acc=0.7740
[ep 091] val_sel AUC=0.8872 acc=0.7767
[ep 092] val_sel AUC=0.8868 acc=0.7744
[ep 093] val_sel AUC=0.8857 acc=0.7736
[ep 094] val_sel AUC=0.8864 acc=0.7751
[ep 095] val_sel AUC=0.8864 acc=0.7749
[ep 096] val_sel AUC=0.8864 acc=0.7749
============================================================
TEST (best val_sel epoch, held-out, evaluated once)
============================================================
[DONE-QPE2] embed=quantum model_III N=100 seed=59 test_AUC=0.8981 val_sel_AUC=0.8948 per_class=(axion=0.9315 cdm=0.8071 no_sub=0.9557) params=203508 embed_params=49 R_frob_drift=0.8768853545188904
