[INFO] QPE2 D=64 P=8 depth=4 | embed=quantum | data=model_II N/class=100 seed=47 split_seed=0 | params=203508 embed_params=49 lr=0.001 epochs=96 bs=32 | train(300, 64, 64) val_sel(4455, 64, 64) test(4455, 64, 64) device=cuda
[ep 001] val_sel AUC=0.5285 acc=0.3291
[ep 002] val_sel AUC=0.5138 acc=0.3237
[ep 003] val_sel AUC=0.5142 acc=0.3473
[ep 004] val_sel AUC=0.5183 acc=0.3237
[ep 005] val_sel AUC=0.5163 acc=0.3473
[ep 006] val_sel AUC=0.5235 acc=0.3291
[ep 007] val_sel AUC=0.5245 acc=0.3237
[ep 008] val_sel AUC=0.5262 acc=0.3217
[ep 009] val_sel AUC=0.5293 acc=0.3473
[ep 010] val_sel AUC=0.5324 acc=0.3291
[ep 011] val_sel AUC=0.5269 acc=0.3237
[ep 012] val_sel AUC=0.5319 acc=0.3473
[ep 013] val_sel AUC=0.5249 acc=0.3237
[ep 014] val_sel AUC=0.5245 acc=0.3297
[ep 015] val_sel AUC=0.5229 acc=0.3419
[ep 016] val_sel AUC=0.5247 acc=0.3452
[ep 017] val_sel AUC=0.5287 acc=0.3437
[ep 018] val_sel AUC=0.5365 acc=0.3677
[ep 019] val_sel AUC=0.5456 acc=0.3800
[ep 020] val_sel AUC=0.5559 acc=0.3639
[ep 021] val_sel AUC=0.5750 acc=0.3946
[ep 022] val_sel AUC=0.5679 acc=0.3928
[ep 023] val_sel AUC=0.5869 acc=0.4065
[ep 024] val_sel AUC=0.5957 acc=0.4294
[ep 025] val_sel AUC=0.6034 acc=0.4278
[ep 026] val_sel AUC=0.6095 acc=0.4370
[ep 027] val_sel AUC=0.6158 acc=0.4373
[ep 028] val_sel AUC=0.6206 acc=0.4413
[ep 029] val_sel AUC=0.6237 acc=0.4449
[ep 030] val_sel AUC=0.6262 acc=0.4469
[ep 031] val_sel AUC=0.6270 acc=0.4469
[ep 032] val_sel AUC=0.6272 acc=0.4469
[ep 033] val_sel AUC=0.6002 acc=0.3924
[ep 034] val_sel AUC=0.6806 acc=0.3726
[ep 035] val_sel AUC=0.6372 acc=0.4478
[ep 036] val_sel AUC=0.6698 acc=0.4047
[ep 037] val_sel AUC=0.7031 acc=0.5003
[ep 038] val_sel AUC=0.7212 acc=0.5221
[ep 039] val_sel AUC=0.7597 acc=0.5724
[ep 040] val_sel AUC=0.7734 acc=0.5688
[ep 041] val_sel AUC=0.8069 acc=0.6240
[ep 042] val_sel AUC=0.7792 acc=0.5710
[ep 043] val_sel AUC=0.8035 acc=0.6415
[ep 044] val_sel AUC=0.7512 acc=0.5410
[ep 045] val_sel AUC=0.7979 acc=0.6242
[ep 046] val_sel AUC=0.8344 acc=0.6741
[ep 047] val_sel AUC=0.8457 acc=0.7077
[ep 048] val_sel AUC=0.7823 acc=0.5737
[ep 049] val_sel AUC=0.8368 acc=0.6884
[ep 050] val_sel AUC=0.8325 acc=0.6660
[ep 051] val_sel AUC=0.8661 acc=0.7259
[ep 052] val_sel AUC=0.8015 acc=0.6153
[ep 053] val_sel AUC=0.8680 acc=0.7300
[ep 054] val_sel AUC=0.8645 acc=0.7066
[ep 055] val_sel AUC=0.8707 acc=0.7212
[ep 056] val_sel AUC=0.8372 acc=0.6260
[ep 057] val_sel AUC=0.8772 acc=0.7434
[ep 058] val_sel AUC=0.8659 acc=0.7158
[ep 059] val_sel AUC=0.8779 acc=0.7405
[ep 060] val_sel AUC=0.8654 acc=0.7030
[ep 061] val_sel AUC=0.8713 acc=0.7120
[ep 062] val_sel AUC=0.8656 acc=0.7300
[ep 063] val_sel AUC=0.8831 acc=0.7392
[ep 064] val_sel AUC=0.8820 acc=0.7717
[ep 065] val_sel AUC=0.8625 acc=0.7481
[ep 066] val_sel AUC=0.8872 acc=0.7695
[ep 067] val_sel AUC=0.8330 acc=0.7044
[ep 068] val_sel AUC=0.8703 acc=0.7095
[ep 069] val_sel AUC=0.8657 acc=0.7205
[ep 070] val_sel AUC=0.8936 acc=0.7827
[ep 071] val_sel AUC=0.8872 acc=0.7645
[ep 072] val_sel AUC=0.8883 acc=0.7760
[ep 073] val_sel AUC=0.8780 acc=0.7632
[ep 074] val_sel AUC=0.8830 acc=0.7612
[ep 075] val_sel AUC=0.8751 acc=0.7466
[ep 076] val_sel AUC=0.8518 acc=0.6828
[ep 077] val_sel AUC=0.8707 acc=0.7450
[ep 078] val_sel AUC=0.8674 acc=0.7329
[ep 079] val_sel AUC=0.8815 acc=0.7681
[ep 080] val_sel AUC=0.8799 acc=0.7749
[ep 081] val_sel AUC=0.8746 acc=0.7659
[ep 082] val_sel AUC=0.8752 acc=0.7677
[ep 083] val_sel AUC=0.8761 acc=0.7688
[ep 084] val_sel AUC=0.8779 acc=0.7659
[ep 085] val_sel AUC=0.8742 acc=0.7612
[ep 086] val_sel AUC=0.8734 acc=0.7670
[ep 087] val_sel AUC=0.8717 acc=0.7668
[ep 088] val_sel AUC=0.8734 acc=0.7627
[ep 089] val_sel AUC=0.8725 acc=0.7623
[ep 090] val_sel AUC=0.8719 acc=0.7632
[ep 091] val_sel AUC=0.8703 acc=0.7623
[ep 092] val_sel AUC=0.8707 acc=0.7621
[ep 093] val_sel AUC=0.8703 acc=0.7605
[ep 094] val_sel AUC=0.8706 acc=0.7605
[ep 095] val_sel AUC=0.8705 acc=0.7607
[ep 096] val_sel AUC=0.8703 acc=0.7614
============================================================
TEST (best val_sel epoch, held-out, evaluated once)
============================================================
[DONE-QPE2] embed=quantum model_II N=100 seed=47 test_AUC=0.8985 val_sel_AUC=0.8936 per_class=(axion=0.9295 cdm=0.8084 no_sub=0.9575) params=203508 embed_params=49 R_frob_drift=0.5912714004516602
