[INFO] QPE2 D=64 P=8 depth=4 | embed=quantum | data=model_III N/class=250 seed=57 split_seed=0 | params=203508 embed_params=49 lr=0.001 epochs=96 bs=32 | train(750, 64, 64) val_sel(4469, 64, 64) test(4470, 64, 64) device=cuda
[ep 001] val_sel AUC=0.5371 acc=0.3285
[ep 002] val_sel AUC=0.5774 acc=0.3433
[ep 003] val_sel AUC=0.6030 acc=0.3285
[ep 004] val_sel AUC=0.5981 acc=0.3692
[ep 005] val_sel AUC=0.5918 acc=0.3285
[ep 006] val_sel AUC=0.5608 acc=0.3283
[ep 007] val_sel AUC=0.5374 acc=0.3591
[ep 008] val_sel AUC=0.5374 acc=0.3433
[ep 009] val_sel AUC=0.5765 acc=0.3535
[ep 010] val_sel AUC=0.5712 acc=0.3565
[ep 011] val_sel AUC=0.6398 acc=0.3940
[ep 012] val_sel AUC=0.6420 acc=0.4348
[ep 013] val_sel AUC=0.7089 acc=0.4489
[ep 014] val_sel AUC=0.7098 acc=0.3797
[ep 015] val_sel AUC=0.8044 acc=0.5641
[ep 016] val_sel AUC=0.8288 acc=0.6563
[ep 017] val_sel AUC=0.8510 acc=0.6840
[ep 018] val_sel AUC=0.8646 acc=0.7134
[ep 019] val_sel AUC=0.8656 acc=0.7044
[ep 020] val_sel AUC=0.8905 acc=0.7266
[ep 021] val_sel AUC=0.9112 acc=0.7879
[ep 022] val_sel AUC=0.8937 acc=0.7633
[ep 023] val_sel AUC=0.9164 acc=0.7988
[ep 024] val_sel AUC=0.9169 acc=0.7988
[ep 025] val_sel AUC=0.8989 acc=0.7485
[ep 026] val_sel AUC=0.9259 acc=0.8089
[ep 027] val_sel AUC=0.9283 acc=0.8167
[ep 028] val_sel AUC=0.9200 acc=0.7903
[ep 029] val_sel AUC=0.9279 acc=0.8165
[ep 030] val_sel AUC=0.9297 acc=0.8252
[ep 031] val_sel AUC=0.9294 acc=0.8226
[ep 032] val_sel AUC=0.9298 acc=0.8237
[ep 033] val_sel AUC=0.8423 acc=0.6205
[ep 034] val_sel AUC=0.8967 acc=0.7319
[ep 035] val_sel AUC=0.8543 acc=0.6977
[ep 036] val_sel AUC=0.8972 acc=0.7603
[ep 037] val_sel AUC=0.8107 acc=0.5701
[ep 038] val_sel AUC=0.9002 acc=0.7243
[ep 039] val_sel AUC=0.9141 acc=0.7606
[ep 040] val_sel AUC=0.9030 acc=0.7523
[ep 041] val_sel AUC=0.9159 acc=0.7771
[ep 042] val_sel AUC=0.8954 acc=0.7134
[ep 043] val_sel AUC=0.9198 acc=0.7997
[ep 044] val_sel AUC=0.8935 acc=0.7304
[ep 045] val_sel AUC=0.8996 acc=0.7489
[ep 046] val_sel AUC=0.9334 acc=0.8170
[ep 047] val_sel AUC=0.9306 acc=0.7993
[ep 048] val_sel AUC=0.9043 acc=0.7704
[ep 049] val_sel AUC=0.9134 acc=0.7787
[ep 050] val_sel AUC=0.9125 acc=0.7740
[ep 051] val_sel AUC=0.9035 acc=0.7545
[ep 052] val_sel AUC=0.9090 acc=0.7749
[ep 053] val_sel AUC=0.9259 acc=0.7979
[ep 054] val_sel AUC=0.9148 acc=0.7888
[ep 055] val_sel AUC=0.9241 acc=0.7970
[ep 056] val_sel AUC=0.9301 acc=0.8226
[ep 057] val_sel AUC=0.9341 acc=0.8308
[ep 058] val_sel AUC=0.9279 acc=0.8170
[ep 059] val_sel AUC=0.9289 acc=0.8064
[ep 060] val_sel AUC=0.9354 acc=0.8375
[ep 061] val_sel AUC=0.9198 acc=0.8062
[ep 062] val_sel AUC=0.9321 acc=0.8221
[ep 063] val_sel AUC=0.9305 acc=0.8176
[ep 064] val_sel AUC=0.9103 acc=0.7664
[ep 065] val_sel AUC=0.9264 acc=0.8243
[ep 066] val_sel AUC=0.9357 acc=0.8340
[ep 067] val_sel AUC=0.9356 acc=0.8322
[ep 068] val_sel AUC=0.9378 acc=0.8384
[ep 069] val_sel AUC=0.9095 acc=0.7713
[ep 070] val_sel AUC=0.9384 acc=0.8411
[ep 071] val_sel AUC=0.9326 acc=0.8288
[ep 072] val_sel AUC=0.9365 acc=0.8380
[ep 073] val_sel AUC=0.9397 acc=0.8456
[ep 074] val_sel AUC=0.9320 acc=0.8138
[ep 075] val_sel AUC=0.9393 acc=0.8514
[ep 076] val_sel AUC=0.9354 acc=0.8326
[ep 077] val_sel AUC=0.9426 acc=0.8550
[ep 078] val_sel AUC=0.9380 acc=0.8474
[ep 079] val_sel AUC=0.9375 acc=0.8465
[ep 080] val_sel AUC=0.9375 acc=0.8315
[ep 081] val_sel AUC=0.9406 acc=0.8530
[ep 082] val_sel AUC=0.9402 acc=0.8503
[ep 083] val_sel AUC=0.9420 acc=0.8525
[ep 084] val_sel AUC=0.9407 acc=0.8568
[ep 085] val_sel AUC=0.9397 acc=0.8501
[ep 086] val_sel AUC=0.9433 acc=0.8622
[ep 087] val_sel AUC=0.9424 acc=0.8597
[ep 088] val_sel AUC=0.9422 acc=0.8593
[ep 089] val_sel AUC=0.9418 acc=0.8550
[ep 090] val_sel AUC=0.9419 acc=0.8561
[ep 091] val_sel AUC=0.9423 acc=0.8588
[ep 092] val_sel AUC=0.9421 acc=0.8590
[ep 093] val_sel AUC=0.9421 acc=0.8584
[ep 094] val_sel AUC=0.9419 acc=0.8586
[ep 095] val_sel AUC=0.9420 acc=0.8572
[ep 096] val_sel AUC=0.9420 acc=0.8577
============================================================
TEST (best val_sel epoch, held-out, evaluated once)
============================================================
[DONE-QPE2] embed=quantum model_III N=250 seed=57 test_AUC=0.9390 val_sel_AUC=0.9433 per_class=(axion=0.9468 cdm=0.8885 no_sub=0.9817) params=203508 embed_params=49 R_frob_drift=1.0102753639221191
