[INFO] QPE2 D=64 P=8 depth=4 | embed=quantum | data=model_III N/class=250 seed=53 split_seed=0 | params=203508 embed_params=49 lr=0.001 epochs=96 bs=32 | train(750, 64, 64) val_sel(4469, 64, 64) test(4470, 64, 64) device=cuda
[ep 001] val_sel AUC=0.5290 acc=0.3283
[ep 002] val_sel AUC=0.5321 acc=0.3283
[ep 003] val_sel AUC=0.5290 acc=0.3283
[ep 004] val_sel AUC=0.5251 acc=0.3531
[ep 005] val_sel AUC=0.5251 acc=0.3285
[ep 006] val_sel AUC=0.5239 acc=0.3433
[ep 007] val_sel AUC=0.5232 acc=0.3433
[ep 008] val_sel AUC=0.5253 acc=0.3433
[ep 009] val_sel AUC=0.5243 acc=0.3433
[ep 010] val_sel AUC=0.5261 acc=0.3390
[ep 011] val_sel AUC=0.5265 acc=0.3412
[ep 012] val_sel AUC=0.5265 acc=0.3477
[ep 013] val_sel AUC=0.5274 acc=0.3430
[ep 014] val_sel AUC=0.5279 acc=0.3477
[ep 015] val_sel AUC=0.5291 acc=0.3504
[ep 016] val_sel AUC=0.5332 acc=0.3569
[ep 017] val_sel AUC=0.5402 acc=0.3482
[ep 018] val_sel AUC=0.5450 acc=0.3618
[ep 019] val_sel AUC=0.5489 acc=0.3641
[ep 020] val_sel AUC=0.5563 acc=0.3817
[ep 021] val_sel AUC=0.5676 acc=0.3851
[ep 022] val_sel AUC=0.5762 acc=0.3902
[ep 023] val_sel AUC=0.5841 acc=0.3967
[ep 024] val_sel AUC=0.5959 acc=0.4023
[ep 025] val_sel AUC=0.6167 acc=0.4225
[ep 026] val_sel AUC=0.6518 acc=0.4677
[ep 027] val_sel AUC=0.6878 acc=0.4963
[ep 028] val_sel AUC=0.7094 acc=0.5111
[ep 029] val_sel AUC=0.7347 acc=0.5431
[ep 030] val_sel AUC=0.7441 acc=0.5657
[ep 031] val_sel AUC=0.7546 acc=0.5726
[ep 032] val_sel AUC=0.7559 acc=0.5715
[ep 033] val_sel AUC=0.6709 acc=0.4981
[ep 034] val_sel AUC=0.7512 acc=0.5592
[ep 035] val_sel AUC=0.7716 acc=0.6026
[ep 036] val_sel AUC=0.7733 acc=0.5411
[ep 037] val_sel AUC=0.8066 acc=0.6525
[ep 038] val_sel AUC=0.7511 acc=0.5241
[ep 039] val_sel AUC=0.8018 acc=0.6404
[ep 040] val_sel AUC=0.8100 acc=0.6426
[ep 041] val_sel AUC=0.8569 acc=0.7069
[ep 042] val_sel AUC=0.8505 acc=0.6816
[ep 043] val_sel AUC=0.8642 acc=0.7158
[ep 044] val_sel AUC=0.8552 acc=0.6744
[ep 045] val_sel AUC=0.9001 acc=0.7603
[ep 046] val_sel AUC=0.8922 acc=0.7272
[ep 047] val_sel AUC=0.8715 acc=0.7427
[ep 048] val_sel AUC=0.9113 acc=0.8029
[ep 049] val_sel AUC=0.8429 acc=0.6476
[ep 050] val_sel AUC=0.8999 acc=0.7216
[ep 051] val_sel AUC=0.8600 acc=0.6874
[ep 052] val_sel AUC=0.9148 acc=0.7991
[ep 053] val_sel AUC=0.8991 acc=0.7550
[ep 054] val_sel AUC=0.8882 acc=0.7102
[ep 055] val_sel AUC=0.9215 acc=0.8044
[ep 056] val_sel AUC=0.9184 acc=0.8031
[ep 057] val_sel AUC=0.8803 acc=0.7042
[ep 058] val_sel AUC=0.8955 acc=0.7407
[ep 059] val_sel AUC=0.9266 acc=0.8000
[ep 060] val_sel AUC=0.8971 acc=0.7624
[ep 061] val_sel AUC=0.9166 acc=0.7962
[ep 062] val_sel AUC=0.9245 acc=0.8033
[ep 063] val_sel AUC=0.9248 acc=0.8087
[ep 064] val_sel AUC=0.9156 acc=0.7997
[ep 065] val_sel AUC=0.9170 acc=0.8087
[ep 066] val_sel AUC=0.9268 acc=0.8143
[ep 067] val_sel AUC=0.9278 acc=0.8239
[ep 068] val_sel AUC=0.9208 acc=0.7975
[ep 069] val_sel AUC=0.9313 acc=0.8299
[ep 070] val_sel AUC=0.9350 acc=0.8192
[ep 071] val_sel AUC=0.9245 acc=0.8149
[ep 072] val_sel AUC=0.9293 acc=0.8299
[ep 073] val_sel AUC=0.9181 acc=0.8078
[ep 074] val_sel AUC=0.9354 acc=0.8315
[ep 075] val_sel AUC=0.9315 acc=0.8384
[ep 076] val_sel AUC=0.9227 acc=0.8082
[ep 077] val_sel AUC=0.9284 acc=0.8317
[ep 078] val_sel AUC=0.9318 acc=0.8333
[ep 079] val_sel AUC=0.9247 acc=0.8125
[ep 080] val_sel AUC=0.9334 acc=0.8434
[ep 081] val_sel AUC=0.9344 acc=0.8467
[ep 082] val_sel AUC=0.9309 acc=0.8362
[ep 083] val_sel AUC=0.9351 acc=0.8389
[ep 084] val_sel AUC=0.9269 acc=0.8264
[ep 085] val_sel AUC=0.9338 acc=0.8315
[ep 086] val_sel AUC=0.9281 acc=0.8391
[ep 087] val_sel AUC=0.9321 acc=0.8391
[ep 088] val_sel AUC=0.9315 acc=0.8427
[ep 089] val_sel AUC=0.9272 acc=0.8351
[ep 090] val_sel AUC=0.9313 acc=0.8420
[ep 091] val_sel AUC=0.9301 acc=0.8375
[ep 092] val_sel AUC=0.9289 acc=0.8369
[ep 093] val_sel AUC=0.9294 acc=0.8375
[ep 094] val_sel AUC=0.9294 acc=0.8371
[ep 095] val_sel AUC=0.9293 acc=0.8373
[ep 096] val_sel AUC=0.9291 acc=0.8369
============================================================
TEST (best val_sel epoch, held-out, evaluated once)
============================================================
[DONE-QPE2] embed=quantum model_III N=250 seed=53 test_AUC=0.9295 val_sel_AUC=0.9354 per_class=(axion=0.9427 cdm=0.8694 no_sub=0.9764) params=203508 embed_params=49 R_frob_drift=1.1122400760650635
