[INFO] QPE2 D=64 P=8 depth=4 | embed=quantum | data=model_II N/class=250 seed=56 split_seed=0 | params=203508 embed_params=49 lr=0.001 epochs=96 bs=32 | train(750, 64, 64) val_sel(4455, 64, 64) test(4455, 64, 64) device=cuda
[ep 001] val_sel AUC=0.5476 acc=0.3291
[ep 002] val_sel AUC=0.5563 acc=0.3473
[ep 003] val_sel AUC=0.5532 acc=0.3237
[ep 004] val_sel AUC=0.5532 acc=0.3473
[ep 005] val_sel AUC=0.5527 acc=0.3237
[ep 006] val_sel AUC=0.5466 acc=0.3473
[ep 007] val_sel AUC=0.5406 acc=0.3473
[ep 008] val_sel AUC=0.5387 acc=0.3473
[ep 009] val_sel AUC=0.5368 acc=0.3473
[ep 010] val_sel AUC=0.5325 acc=0.3291
[ep 011] val_sel AUC=0.5361 acc=0.3237
[ep 012] val_sel AUC=0.5259 acc=0.3473
[ep 013] val_sel AUC=0.5234 acc=0.3237
[ep 014] val_sel AUC=0.5179 acc=0.3291
[ep 015] val_sel AUC=0.5157 acc=0.3313
[ep 016] val_sel AUC=0.5142 acc=0.3378
[ep 017] val_sel AUC=0.5133 acc=0.3378
[ep 018] val_sel AUC=0.5117 acc=0.3385
[ep 019] val_sel AUC=0.5129 acc=0.3421
[ep 020] val_sel AUC=0.5151 acc=0.3374
[ep 021] val_sel AUC=0.5153 acc=0.3351
[ep 022] val_sel AUC=0.5167 acc=0.3394
[ep 023] val_sel AUC=0.5203 acc=0.3419
[ep 024] val_sel AUC=0.5202 acc=0.3443
[ep 025] val_sel AUC=0.5300 acc=0.3430
[ep 026] val_sel AUC=0.5323 acc=0.3423
[ep 027] val_sel AUC=0.5410 acc=0.3475
[ep 028] val_sel AUC=0.5564 acc=0.3598
[ep 029] val_sel AUC=0.5550 acc=0.3524
[ep 030] val_sel AUC=0.5581 acc=0.3553
[ep 031] val_sel AUC=0.5600 acc=0.3645
[ep 032] val_sel AUC=0.5608 acc=0.3659
[ep 033] val_sel AUC=0.5255 acc=0.3473
[ep 034] val_sel AUC=0.5379 acc=0.3398
[ep 035] val_sel AUC=0.5893 acc=0.3681
[ep 036] val_sel AUC=0.5764 acc=0.3605
[ep 037] val_sel AUC=0.6207 acc=0.4144
[ep 038] val_sel AUC=0.6557 acc=0.4682
[ep 039] val_sel AUC=0.6484 acc=0.4752
[ep 040] val_sel AUC=0.7182 acc=0.5019
[ep 041] val_sel AUC=0.7442 acc=0.5484
[ep 042] val_sel AUC=0.7258 acc=0.5306
[ep 043] val_sel AUC=0.7424 acc=0.5270
[ep 044] val_sel AUC=0.7688 acc=0.5841
[ep 045] val_sel AUC=0.8069 acc=0.6081
[ep 046] val_sel AUC=0.8015 acc=0.6168
[ep 047] val_sel AUC=0.7819 acc=0.5865
[ep 048] val_sel AUC=0.7978 acc=0.5511
[ep 049] val_sel AUC=0.8148 acc=0.6105
[ep 050] val_sel AUC=0.8157 acc=0.6400
[ep 051] val_sel AUC=0.8077 acc=0.6027
[ep 052] val_sel AUC=0.8483 acc=0.6840
[ep 053] val_sel AUC=0.8050 acc=0.5915
[ep 054] val_sel AUC=0.8409 acc=0.6660
[ep 055] val_sel AUC=0.8593 acc=0.7131
[ep 056] val_sel AUC=0.8604 acc=0.7035
[ep 057] val_sel AUC=0.8636 acc=0.6943
[ep 058] val_sel AUC=0.8472 acc=0.6705
[ep 059] val_sel AUC=0.8558 acc=0.6577
[ep 060] val_sel AUC=0.8818 acc=0.7416
[ep 061] val_sel AUC=0.8903 acc=0.7502
[ep 062] val_sel AUC=0.8968 acc=0.7661
[ep 063] val_sel AUC=0.8815 acc=0.7288
[ep 064] val_sel AUC=0.8816 acc=0.7363
[ep 065] val_sel AUC=0.9032 acc=0.7742
[ep 066] val_sel AUC=0.8909 acc=0.7506
[ep 067] val_sel AUC=0.9053 acc=0.7845
[ep 068] val_sel AUC=0.9007 acc=0.7677
[ep 069] val_sel AUC=0.8930 acc=0.7506
[ep 070] val_sel AUC=0.9039 acc=0.7773
[ep 071] val_sel AUC=0.9052 acc=0.7805
[ep 072] val_sel AUC=0.8957 acc=0.7648
[ep 073] val_sel AUC=0.9106 acc=0.7863
[ep 074] val_sel AUC=0.9043 acc=0.7800
[ep 075] val_sel AUC=0.9066 acc=0.7901
[ep 076] val_sel AUC=0.9139 acc=0.7903
[ep 077] val_sel AUC=0.9061 acc=0.7836
[ep 078] val_sel AUC=0.9131 acc=0.7980
[ep 079] val_sel AUC=0.9071 acc=0.7769
[ep 080] val_sel AUC=0.9163 acc=0.8070
[ep 081] val_sel AUC=0.9108 acc=0.8061
[ep 082] val_sel AUC=0.9157 acc=0.8058
[ep 083] val_sel AUC=0.9164 acc=0.8067
[ep 084] val_sel AUC=0.9167 acc=0.8083
[ep 085] val_sel AUC=0.9172 acc=0.8101
[ep 086] val_sel AUC=0.9171 acc=0.8103
[ep 087] val_sel AUC=0.9171 acc=0.8159
[ep 088] val_sel AUC=0.9166 acc=0.8090
[ep 089] val_sel AUC=0.9167 acc=0.8146
[ep 090] val_sel AUC=0.9170 acc=0.8135
[ep 091] val_sel AUC=0.9170 acc=0.8144
[ep 092] val_sel AUC=0.9168 acc=0.8119
[ep 093] val_sel AUC=0.9168 acc=0.8128
[ep 094] val_sel AUC=0.9166 acc=0.8128
[ep 095] val_sel AUC=0.9166 acc=0.8114
[ep 096] val_sel AUC=0.9167 acc=0.8119
============================================================
TEST (best val_sel epoch, held-out, evaluated once)
============================================================
[DONE-QPE2] embed=quantum model_II N=250 seed=56 test_AUC=0.9207 val_sel_AUC=0.9172 per_class=(axion=0.9301 cdm=0.8520 no_sub=0.9800) params=203508 embed_params=49 R_frob_drift=0.9784294366836548
