[INFO] QPE2 D=64 P=8 depth=4 | embed=quantum | data=model_III N/class=250 seed=46 split_seed=0 | params=203508 embed_params=49 lr=0.001 epochs=96 bs=32 | train(750, 64, 64) val_sel(4469, 64, 64) test(4470, 64, 64) device=cuda
[ep 001] val_sel AUC=0.5244 acc=0.3285
[ep 002] val_sel AUC=0.5432 acc=0.3433
[ep 003] val_sel AUC=0.5515 acc=0.3433
[ep 004] val_sel AUC=0.5483 acc=0.3493
[ep 005] val_sel AUC=0.5423 acc=0.3350
[ep 006] val_sel AUC=0.5535 acc=0.3542
[ep 007] val_sel AUC=0.5702 acc=0.4008
[ep 008] val_sel AUC=0.6248 acc=0.4102
[ep 009] val_sel AUC=0.6887 acc=0.4408
[ep 010] val_sel AUC=0.7310 acc=0.5576
[ep 011] val_sel AUC=0.7301 acc=0.5569
[ep 012] val_sel AUC=0.7813 acc=0.5733
[ep 013] val_sel AUC=0.7840 acc=0.5999
[ep 014] val_sel AUC=0.7492 acc=0.5308
[ep 015] val_sel AUC=0.8114 acc=0.6051
[ep 016] val_sel AUC=0.8449 acc=0.6749
[ep 017] val_sel AUC=0.8333 acc=0.6440
[ep 018] val_sel AUC=0.8567 acc=0.6449
[ep 019] val_sel AUC=0.8777 acc=0.7174
[ep 020] val_sel AUC=0.8518 acc=0.7143
[ep 021] val_sel AUC=0.8992 acc=0.7621
[ep 022] val_sel AUC=0.8989 acc=0.7463
[ep 023] val_sel AUC=0.8965 acc=0.7570
[ep 024] val_sel AUC=0.9094 acc=0.7829
[ep 025] val_sel AUC=0.9016 acc=0.7816
[ep 026] val_sel AUC=0.9065 acc=0.7738
[ep 027] val_sel AUC=0.9093 acc=0.7901
[ep 028] val_sel AUC=0.9091 acc=0.7845
[ep 029] val_sel AUC=0.9144 acc=0.7970
[ep 030] val_sel AUC=0.9130 acc=0.7948
[ep 031] val_sel AUC=0.9140 acc=0.7988
[ep 032] val_sel AUC=0.9144 acc=0.7993
[ep 033] val_sel AUC=0.8570 acc=0.6738
[ep 034] val_sel AUC=0.8972 acc=0.7552
[ep 035] val_sel AUC=0.8936 acc=0.7440
[ep 036] val_sel AUC=0.8997 acc=0.7603
[ep 037] val_sel AUC=0.8887 acc=0.7266
[ep 038] val_sel AUC=0.8686 acc=0.7165
[ep 039] val_sel AUC=0.9062 acc=0.7666
[ep 040] val_sel AUC=0.9201 acc=0.8011
[ep 041] val_sel AUC=0.9022 acc=0.7382
[ep 042] val_sel AUC=0.9036 acc=0.7610
[ep 043] val_sel AUC=0.9053 acc=0.7653
[ep 044] val_sel AUC=0.9160 acc=0.7892
[ep 045] val_sel AUC=0.8814 acc=0.7100
[ep 046] val_sel AUC=0.9120 acc=0.7474
[ep 047] val_sel AUC=0.9224 acc=0.7968
[ep 048] val_sel AUC=0.9216 acc=0.8105
[ep 049] val_sel AUC=0.9135 acc=0.7771
[ep 050] val_sel AUC=0.9011 acc=0.6637
[ep 051] val_sel AUC=0.9151 acc=0.8029
[ep 052] val_sel AUC=0.9127 acc=0.7856
[ep 053] val_sel AUC=0.9128 acc=0.7812
[ep 054] val_sel AUC=0.9295 acc=0.8085
[ep 055] val_sel AUC=0.9033 acc=0.7758
[ep 056] val_sel AUC=0.8842 acc=0.7592
[ep 057] val_sel AUC=0.9045 acc=0.7657
[ep 058] val_sel AUC=0.9399 acc=0.8069
[ep 059] val_sel AUC=0.9261 acc=0.8004
[ep 060] val_sel AUC=0.9279 acc=0.8201
[ep 061] val_sel AUC=0.9362 acc=0.8295
[ep 062] val_sel AUC=0.9179 acc=0.7834
[ep 063] val_sel AUC=0.9309 acc=0.8268
[ep 064] val_sel AUC=0.9212 acc=0.7908
[ep 065] val_sel AUC=0.9240 acc=0.7928
[ep 066] val_sel AUC=0.9142 acc=0.7339
[ep 067] val_sel AUC=0.9402 acc=0.8337
[ep 068] val_sel AUC=0.9394 acc=0.8297
[ep 069] val_sel AUC=0.9354 acc=0.8252
[ep 070] val_sel AUC=0.9371 acc=0.8340
[ep 071] val_sel AUC=0.9422 acc=0.8521
[ep 072] val_sel AUC=0.9314 acc=0.8304
[ep 073] val_sel AUC=0.9434 acc=0.8483
[ep 074] val_sel AUC=0.9434 acc=0.8512
[ep 075] val_sel AUC=0.9436 acc=0.8382
[ep 076] val_sel AUC=0.9431 acc=0.8454
[ep 077] val_sel AUC=0.9406 acc=0.8443
[ep 078] val_sel AUC=0.9447 acc=0.8467
[ep 079] val_sel AUC=0.9452 acc=0.8561
[ep 080] val_sel AUC=0.9439 acc=0.8537
[ep 081] val_sel AUC=0.9449 acc=0.8546
[ep 082] val_sel AUC=0.9424 acc=0.8514
[ep 083] val_sel AUC=0.9430 acc=0.8523
[ep 084] val_sel AUC=0.9406 acc=0.8398
[ep 085] val_sel AUC=0.9442 acc=0.8523
[ep 086] val_sel AUC=0.9432 acc=0.8541
[ep 087] val_sel AUC=0.9435 acc=0.8566
[ep 088] val_sel AUC=0.9435 acc=0.8514
[ep 089] val_sel AUC=0.9434 acc=0.8557
[ep 090] val_sel AUC=0.9429 acc=0.8530
[ep 091] val_sel AUC=0.9427 acc=0.8548
[ep 092] val_sel AUC=0.9425 acc=0.8550
[ep 093] val_sel AUC=0.9424 acc=0.8546
[ep 094] val_sel AUC=0.9424 acc=0.8541
[ep 095] val_sel AUC=0.9423 acc=0.8528
[ep 096] val_sel AUC=0.9423 acc=0.8539
============================================================
TEST (best val_sel epoch, held-out, evaluated once)
============================================================
[DONE-QPE2] embed=quantum model_III N=250 seed=46 test_AUC=0.9443 val_sel_AUC=0.9452 per_class=(axion=0.9457 cdm=0.9020 no_sub=0.9853) params=203508 embed_params=49 R_frob_drift=1.256682276725769
