[INFO] QPE2 D=64 P=8 depth=4 | embed=quantum | data=model_II N/class=100 seed=53 split_seed=0 | params=203508 embed_params=49 lr=0.001 epochs=96 bs=32 | train(300, 64, 64) val_sel(4455, 64, 64) test(4455, 64, 64) device=cuda
[ep 001] val_sel AUC=0.4844 acc=0.3237
[ep 002] val_sel AUC=0.4890 acc=0.3291
[ep 003] val_sel AUC=0.4867 acc=0.3237
[ep 004] val_sel AUC=0.5016 acc=0.3291
[ep 005] val_sel AUC=0.4958 acc=0.3473
[ep 006] val_sel AUC=0.5066 acc=0.3291
[ep 007] val_sel AUC=0.5058 acc=0.3237
[ep 008] val_sel AUC=0.5106 acc=0.3473
[ep 009] val_sel AUC=0.5099 acc=0.3237
[ep 010] val_sel AUC=0.5081 acc=0.3237
[ep 011] val_sel AUC=0.5139 acc=0.3291
[ep 012] val_sel AUC=0.5141 acc=0.3473
[ep 013] val_sel AUC=0.5145 acc=0.3237
[ep 014] val_sel AUC=0.5186 acc=0.3473
[ep 015] val_sel AUC=0.5175 acc=0.3237
[ep 016] val_sel AUC=0.5194 acc=0.3237
[ep 017] val_sel AUC=0.5191 acc=0.3473
[ep 018] val_sel AUC=0.5230 acc=0.3473
[ep 019] val_sel AUC=0.5254 acc=0.3295
[ep 020] val_sel AUC=0.5243 acc=0.3237
[ep 021] val_sel AUC=0.5240 acc=0.3237
[ep 022] val_sel AUC=0.5262 acc=0.3481
[ep 023] val_sel AUC=0.5263 acc=0.3434
[ep 024] val_sel AUC=0.5250 acc=0.3380
[ep 025] val_sel AUC=0.5259 acc=0.3376
[ep 026] val_sel AUC=0.5257 acc=0.3448
[ep 027] val_sel AUC=0.5251 acc=0.3363
[ep 028] val_sel AUC=0.5249 acc=0.3389
[ep 029] val_sel AUC=0.5251 acc=0.3387
[ep 030] val_sel AUC=0.5251 acc=0.3387
[ep 031] val_sel AUC=0.5251 acc=0.3383
[ep 032] val_sel AUC=0.5251 acc=0.3376
[ep 033] val_sel AUC=0.5219 acc=0.3371
[ep 034] val_sel AUC=0.5222 acc=0.3371
[ep 035] val_sel AUC=0.5241 acc=0.3360
[ep 036] val_sel AUC=0.5219 acc=0.3394
[ep 037] val_sel AUC=0.5265 acc=0.3416
[ep 038] val_sel AUC=0.5303 acc=0.3322
[ep 039] val_sel AUC=0.5279 acc=0.3356
[ep 040] val_sel AUC=0.5264 acc=0.3380
[ep 041] val_sel AUC=0.5300 acc=0.3358
[ep 042] val_sel AUC=0.5358 acc=0.3446
[ep 043] val_sel AUC=0.5371 acc=0.3582
[ep 044] val_sel AUC=0.5345 acc=0.3560
[ep 045] val_sel AUC=0.5500 acc=0.3452
[ep 046] val_sel AUC=0.5230 acc=0.3551
[ep 047] val_sel AUC=0.5383 acc=0.3493
[ep 048] val_sel AUC=0.5498 acc=0.3612
[ep 049] val_sel AUC=0.5680 acc=0.3666
[ep 050] val_sel AUC=0.5502 acc=0.3585
[ep 051] val_sel AUC=0.5535 acc=0.3508
[ep 052] val_sel AUC=0.5396 acc=0.3594
[ep 053] val_sel AUC=0.5605 acc=0.3749
[ep 054] val_sel AUC=0.5754 acc=0.3641
[ep 055] val_sel AUC=0.5866 acc=0.3877
[ep 056] val_sel AUC=0.5975 acc=0.3944
[ep 057] val_sel AUC=0.6089 acc=0.3973
[ep 058] val_sel AUC=0.6179 acc=0.4308
[ep 059] val_sel AUC=0.6143 acc=0.4375
[ep 060] val_sel AUC=0.6128 acc=0.4222
[ep 061] val_sel AUC=0.6467 acc=0.4503
[ep 062] val_sel AUC=0.6603 acc=0.4604
[ep 063] val_sel AUC=0.6586 acc=0.4483
[ep 064] val_sel AUC=0.6825 acc=0.5120
[ep 065] val_sel AUC=0.7128 acc=0.5336
[ep 066] val_sel AUC=0.7112 acc=0.5273
[ep 067] val_sel AUC=0.7415 acc=0.5652
[ep 068] val_sel AUC=0.7417 acc=0.5616
[ep 069] val_sel AUC=0.7692 acc=0.5744
[ep 070] val_sel AUC=0.7918 acc=0.6227
[ep 071] val_sel AUC=0.7694 acc=0.5969
[ep 072] val_sel AUC=0.7795 acc=0.6020
[ep 073] val_sel AUC=0.8083 acc=0.6265
[ep 074] val_sel AUC=0.7806 acc=0.5966
[ep 075] val_sel AUC=0.7927 acc=0.6177
[ep 076] val_sel AUC=0.7811 acc=0.6002
[ep 077] val_sel AUC=0.7945 acc=0.6258
[ep 078] val_sel AUC=0.8011 acc=0.6386
[ep 079] val_sel AUC=0.7941 acc=0.6222
[ep 080] val_sel AUC=0.8015 acc=0.6462
[ep 081] val_sel AUC=0.8062 acc=0.6514
[ep 082] val_sel AUC=0.7970 acc=0.6402
[ep 083] val_sel AUC=0.8064 acc=0.6467
[ep 084] val_sel AUC=0.7866 acc=0.6114
[ep 085] val_sel AUC=0.8079 acc=0.6400
[ep 086] val_sel AUC=0.8035 acc=0.6411
[ep 087] val_sel AUC=0.7962 acc=0.6314
[ep 088] val_sel AUC=0.8036 acc=0.6453
[ep 089] val_sel AUC=0.7986 acc=0.6418
[ep 090] val_sel AUC=0.8018 acc=0.6456
[ep 091] val_sel AUC=0.8023 acc=0.6447
[ep 092] val_sel AUC=0.8021 acc=0.6438
[ep 093] val_sel AUC=0.8023 acc=0.6456
[ep 094] val_sel AUC=0.8020 acc=0.6453
[ep 095] val_sel AUC=0.8019 acc=0.6447
[ep 096] val_sel AUC=0.8017 acc=0.6438
============================================================
TEST (best val_sel epoch, held-out, evaluated once)
============================================================
[DONE-QPE2] embed=quantum model_II N=100 seed=53 test_AUC=0.8041 val_sel_AUC=0.8083 per_class=(axion=0.8780 cdm=0.6487 no_sub=0.8856) params=203508 embed_params=49 R_frob_drift=0.7719538807868958
