[INFO] QPE2 D=64 P=8 depth=4 | embed=quantum | data=model_III N/class=250 seed=51 split_seed=0 | params=203508 embed_params=49 lr=0.001 epochs=96 bs=32 | train(750, 64, 64) val_sel(4469, 64, 64) test(4470, 64, 64) device=cuda
[ep 001] val_sel AUC=0.5122 acc=0.2819
[ep 002] val_sel AUC=0.5587 acc=0.3285
[ep 003] val_sel AUC=0.5496 acc=0.3433
[ep 004] val_sel AUC=0.5657 acc=0.3433
[ep 005] val_sel AUC=0.5757 acc=0.3433
[ep 006] val_sel AUC=0.5861 acc=0.3433
[ep 007] val_sel AUC=0.5857 acc=0.3433
[ep 008] val_sel AUC=0.5915 acc=0.3285
[ep 009] val_sel AUC=0.6075 acc=0.3873
[ep 010] val_sel AUC=0.5892 acc=0.3426
[ep 011] val_sel AUC=0.6033 acc=0.4276
[ep 012] val_sel AUC=0.6250 acc=0.3965
[ep 013] val_sel AUC=0.6738 acc=0.4641
[ep 014] val_sel AUC=0.7765 acc=0.6021
[ep 015] val_sel AUC=0.7355 acc=0.4574
[ep 016] val_sel AUC=0.8511 acc=0.6715
[ep 017] val_sel AUC=0.8760 acc=0.7183
[ep 018] val_sel AUC=0.8874 acc=0.7324
[ep 019] val_sel AUC=0.8940 acc=0.7561
[ep 020] val_sel AUC=0.9009 acc=0.7724
[ep 021] val_sel AUC=0.8969 acc=0.7565
[ep 022] val_sel AUC=0.9077 acc=0.7744
[ep 023] val_sel AUC=0.9063 acc=0.7749
[ep 024] val_sel AUC=0.9141 acc=0.7845
[ep 025] val_sel AUC=0.9077 acc=0.7597
[ep 026] val_sel AUC=0.9168 acc=0.8017
[ep 027] val_sel AUC=0.9209 acc=0.8071
[ep 028] val_sel AUC=0.9234 acc=0.8154
[ep 029] val_sel AUC=0.9224 acc=0.8107
[ep 030] val_sel AUC=0.9243 acc=0.8167
[ep 031] val_sel AUC=0.9242 acc=0.8172
[ep 032] val_sel AUC=0.9244 acc=0.8174
[ep 033] val_sel AUC=0.8056 acc=0.5963
[ep 034] val_sel AUC=0.9120 acc=0.7731
[ep 035] val_sel AUC=0.8352 acc=0.6612
[ep 036] val_sel AUC=0.8705 acc=0.7042
[ep 037] val_sel AUC=0.9171 acc=0.7897
[ep 038] val_sel AUC=0.8903 acc=0.7393
[ep 039] val_sel AUC=0.9174 acc=0.7823
[ep 040] val_sel AUC=0.9000 acc=0.7178
[ep 041] val_sel AUC=0.8922 acc=0.7380
[ep 042] val_sel AUC=0.9143 acc=0.7926
[ep 043] val_sel AUC=0.9089 acc=0.7758
[ep 044] val_sel AUC=0.9113 acc=0.7836
[ep 045] val_sel AUC=0.9202 acc=0.7890
[ep 046] val_sel AUC=0.8985 acc=0.7633
[ep 047] val_sel AUC=0.9196 acc=0.7841
[ep 048] val_sel AUC=0.9214 acc=0.7939
[ep 049] val_sel AUC=0.9243 acc=0.8015
[ep 050] val_sel AUC=0.9255 acc=0.8080
[ep 051] val_sel AUC=0.9196 acc=0.7861
[ep 052] val_sel AUC=0.9174 acc=0.8040
[ep 053] val_sel AUC=0.9248 acc=0.7955
[ep 054] val_sel AUC=0.8858 acc=0.7429
[ep 055] val_sel AUC=0.9099 acc=0.7639
[ep 056] val_sel AUC=0.9284 acc=0.8190
[ep 057] val_sel AUC=0.9325 acc=0.8212
[ep 058] val_sel AUC=0.9245 acc=0.8185
[ep 059] val_sel AUC=0.9365 acc=0.8281
[ep 060] val_sel AUC=0.9098 acc=0.7655
[ep 061] val_sel AUC=0.9342 acc=0.8114
[ep 062] val_sel AUC=0.9331 acc=0.8326
[ep 063] val_sel AUC=0.9351 acc=0.8281
[ep 064] val_sel AUC=0.9288 acc=0.7986
[ep 065] val_sel AUC=0.9377 acc=0.8308
[ep 066] val_sel AUC=0.9312 acc=0.8217
[ep 067] val_sel AUC=0.9395 acc=0.8407
[ep 068] val_sel AUC=0.9367 acc=0.8284
[ep 069] val_sel AUC=0.9326 acc=0.8212
[ep 070] val_sel AUC=0.9305 acc=0.8192
[ep 071] val_sel AUC=0.9440 acc=0.8528
[ep 072] val_sel AUC=0.9425 acc=0.8337
[ep 073] val_sel AUC=0.9358 acc=0.8270
[ep 074] val_sel AUC=0.9401 acc=0.8382
[ep 075] val_sel AUC=0.9403 acc=0.8440
[ep 076] val_sel AUC=0.9408 acc=0.8425
[ep 077] val_sel AUC=0.9391 acc=0.8331
[ep 078] val_sel AUC=0.9416 acc=0.8398
[ep 079] val_sel AUC=0.9374 acc=0.8235
[ep 080] val_sel AUC=0.9413 acc=0.8445
[ep 081] val_sel AUC=0.9388 acc=0.8351
[ep 082] val_sel AUC=0.9416 acc=0.8429
[ep 083] val_sel AUC=0.9423 acc=0.8501
[ep 084] val_sel AUC=0.9441 acc=0.8496
[ep 085] val_sel AUC=0.9436 acc=0.8525
[ep 086] val_sel AUC=0.9418 acc=0.8485
[ep 087] val_sel AUC=0.9437 acc=0.8528
[ep 088] val_sel AUC=0.9429 acc=0.8505
[ep 089] val_sel AUC=0.9428 acc=0.8525
[ep 090] val_sel AUC=0.9424 acc=0.8507
[ep 091] val_sel AUC=0.9427 acc=0.8519
[ep 092] val_sel AUC=0.9427 acc=0.8519
[ep 093] val_sel AUC=0.9426 acc=0.8530
[ep 094] val_sel AUC=0.9427 acc=0.8521
[ep 095] val_sel AUC=0.9426 acc=0.8516
[ep 096] val_sel AUC=0.9426 acc=0.8519
============================================================
TEST (best val_sel epoch, held-out, evaluated once)
============================================================
[DONE-QPE2] embed=quantum model_III N=250 seed=51 test_AUC=0.9387 val_sel_AUC=0.9441 per_class=(axion=0.9488 cdm=0.8877 no_sub=0.9797) params=203508 embed_params=49 R_frob_drift=0.7046872973442078
