[INFO] QPE2 D=64 P=8 depth=4 | embed=quantum | data=model_III N/class=250 seed=56 split_seed=0 | params=203508 embed_params=49 lr=0.001 epochs=96 bs=32 | train(750, 64, 64) val_sel(4469, 64, 64) test(4470, 64, 64) device=cuda
[ep 001] val_sel AUC=0.6065 acc=0.3433
[ep 002] val_sel AUC=0.5938 acc=0.3433
[ep 003] val_sel AUC=0.5978 acc=0.3283
[ep 004] val_sel AUC=0.6071 acc=0.3500
[ep 005] val_sel AUC=0.6123 acc=0.3433
[ep 006] val_sel AUC=0.6001 acc=0.3433
[ep 007] val_sel AUC=0.5756 acc=0.3486
[ep 008] val_sel AUC=0.5618 acc=0.3605
[ep 009] val_sel AUC=0.5620 acc=0.3690
[ep 010] val_sel AUC=0.5720 acc=0.3683
[ep 011] val_sel AUC=0.5704 acc=0.3285
[ep 012] val_sel AUC=0.5747 acc=0.3569
[ep 013] val_sel AUC=0.5661 acc=0.3708
[ep 014] val_sel AUC=0.5802 acc=0.3585
[ep 015] val_sel AUC=0.5738 acc=0.3589
[ep 016] val_sel AUC=0.5979 acc=0.3746
[ep 017] val_sel AUC=0.6336 acc=0.3918
[ep 018] val_sel AUC=0.7430 acc=0.5505
[ep 019] val_sel AUC=0.7404 acc=0.5464
[ep 020] val_sel AUC=0.8187 acc=0.6505
[ep 021] val_sel AUC=0.8539 acc=0.7017
[ep 022] val_sel AUC=0.8573 acc=0.7107
[ep 023] val_sel AUC=0.8541 acc=0.6856
[ep 024] val_sel AUC=0.8512 acc=0.6601
[ep 025] val_sel AUC=0.8797 acc=0.7422
[ep 026] val_sel AUC=0.8938 acc=0.7762
[ep 027] val_sel AUC=0.8976 acc=0.7753
[ep 028] val_sel AUC=0.8899 acc=0.7445
[ep 029] val_sel AUC=0.9006 acc=0.7697
[ep 030] val_sel AUC=0.9046 acc=0.7812
[ep 031] val_sel AUC=0.9053 acc=0.7832
[ep 032] val_sel AUC=0.9056 acc=0.7827
[ep 033] val_sel AUC=0.8095 acc=0.5339
[ep 034] val_sel AUC=0.8576 acc=0.6964
[ep 035] val_sel AUC=0.8670 acc=0.6948
[ep 036] val_sel AUC=0.8541 acc=0.6769
[ep 037] val_sel AUC=0.8860 acc=0.7017
[ep 038] val_sel AUC=0.8925 acc=0.7514
[ep 039] val_sel AUC=0.8785 acc=0.6715
[ep 040] val_sel AUC=0.9092 acc=0.7630
[ep 041] val_sel AUC=0.9063 acc=0.7686
[ep 042] val_sel AUC=0.8830 acc=0.7389
[ep 043] val_sel AUC=0.8696 acc=0.7192
[ep 044] val_sel AUC=0.8927 acc=0.7183
[ep 045] val_sel AUC=0.9060 acc=0.7686
[ep 046] val_sel AUC=0.8835 acc=0.7554
[ep 047] val_sel AUC=0.8834 acc=0.7492
[ep 048] val_sel AUC=0.8895 acc=0.7201
[ep 049] val_sel AUC=0.9168 acc=0.7906
[ep 050] val_sel AUC=0.8952 acc=0.7393
[ep 051] val_sel AUC=0.9044 acc=0.7653
[ep 052] val_sel AUC=0.9177 acc=0.8051
[ep 053] val_sel AUC=0.9015 acc=0.7771
[ep 054] val_sel AUC=0.9064 acc=0.7847
[ep 055] val_sel AUC=0.9169 acc=0.8024
[ep 056] val_sel AUC=0.9278 acc=0.8217
[ep 057] val_sel AUC=0.9073 acc=0.7742
[ep 058] val_sel AUC=0.9249 acc=0.8073
[ep 059] val_sel AUC=0.9162 acc=0.8134
[ep 060] val_sel AUC=0.9080 acc=0.7324
[ep 061] val_sel AUC=0.8901 acc=0.7243
[ep 062] val_sel AUC=0.9250 acc=0.8138
[ep 063] val_sel AUC=0.9200 acc=0.7897
[ep 064] val_sel AUC=0.9199 acc=0.7767
[ep 065] val_sel AUC=0.9180 acc=0.7829
[ep 066] val_sel AUC=0.9320 acc=0.7883
[ep 067] val_sel AUC=0.9279 acc=0.8313
[ep 068] val_sel AUC=0.9243 acc=0.8284
[ep 069] val_sel AUC=0.8833 acc=0.7438
[ep 070] val_sel AUC=0.9292 acc=0.8170
[ep 071] val_sel AUC=0.9311 acc=0.8304
[ep 072] val_sel AUC=0.9161 acc=0.8145
[ep 073] val_sel AUC=0.9341 acc=0.8351
[ep 074] val_sel AUC=0.9221 acc=0.8165
[ep 075] val_sel AUC=0.9371 acc=0.8380
[ep 076] val_sel AUC=0.9372 acc=0.8389
[ep 077] val_sel AUC=0.9348 acc=0.8351
[ep 078] val_sel AUC=0.9299 acc=0.8188
[ep 079] val_sel AUC=0.9289 acc=0.8261
[ep 080] val_sel AUC=0.9365 acc=0.8420
[ep 081] val_sel AUC=0.9364 acc=0.8472
[ep 082] val_sel AUC=0.9368 acc=0.8472
[ep 083] val_sel AUC=0.9374 acc=0.8465
[ep 084] val_sel AUC=0.9367 acc=0.8461
[ep 085] val_sel AUC=0.9348 acc=0.8461
[ep 086] val_sel AUC=0.9341 acc=0.8436
[ep 087] val_sel AUC=0.9332 acc=0.8409
[ep 088] val_sel AUC=0.9351 acc=0.8463
[ep 089] val_sel AUC=0.9346 acc=0.8447
[ep 090] val_sel AUC=0.9341 acc=0.8434
[ep 091] val_sel AUC=0.9344 acc=0.8463
[ep 092] val_sel AUC=0.9340 acc=0.8445
[ep 093] val_sel AUC=0.9338 acc=0.8452
[ep 094] val_sel AUC=0.9336 acc=0.8454
[ep 095] val_sel AUC=0.9336 acc=0.8458
[ep 096] val_sel AUC=0.9336 acc=0.8458
============================================================
TEST (best val_sel epoch, held-out, evaluated once)
============================================================
[DONE-QPE2] embed=quantum model_III N=250 seed=56 test_AUC=0.9341 val_sel_AUC=0.9374 per_class=(axion=0.9483 cdm=0.8786 no_sub=0.9754) params=203508 embed_params=49 R_frob_drift=0.6196035146713257
