[INFO] QPE2 D=64 P=8 depth=4 | embed=quantum | data=model_II N/class=250 seed=58 split_seed=0 | params=203508 embed_params=49 lr=0.001 epochs=96 bs=32 | train(750, 64, 64) val_sel(4455, 64, 64) test(4455, 64, 64) device=cuda
[ep 001] val_sel AUC=0.4920 acc=0.3473
[ep 002] val_sel AUC=0.5183 acc=0.3237
[ep 003] val_sel AUC=0.5312 acc=0.3237
[ep 004] val_sel AUC=0.5367 acc=0.3291
[ep 005] val_sel AUC=0.5327 acc=0.3389
[ep 006] val_sel AUC=0.5349 acc=0.3473
[ep 007] val_sel AUC=0.5363 acc=0.3291
[ep 008] val_sel AUC=0.5265 acc=0.3237
[ep 009] val_sel AUC=0.5280 acc=0.3291
[ep 010] val_sel AUC=0.5374 acc=0.3320
[ep 011] val_sel AUC=0.5263 acc=0.3322
[ep 012] val_sel AUC=0.5352 acc=0.3398
[ep 013] val_sel AUC=0.5339 acc=0.3293
[ep 014] val_sel AUC=0.5351 acc=0.3549
[ep 015] val_sel AUC=0.5479 acc=0.3567
[ep 016] val_sel AUC=0.5674 acc=0.3789
[ep 017] val_sel AUC=0.5987 acc=0.3737
[ep 018] val_sel AUC=0.6349 acc=0.3971
[ep 019] val_sel AUC=0.6503 acc=0.4624
[ep 020] val_sel AUC=0.6761 acc=0.4813
[ep 021] val_sel AUC=0.7407 acc=0.5560
[ep 022] val_sel AUC=0.7588 acc=0.5773
[ep 023] val_sel AUC=0.7876 acc=0.5877
[ep 024] val_sel AUC=0.8079 acc=0.6249
[ep 025] val_sel AUC=0.8179 acc=0.6471
[ep 026] val_sel AUC=0.8080 acc=0.6251
[ep 027] val_sel AUC=0.8314 acc=0.6752
[ep 028] val_sel AUC=0.8347 acc=0.6772
[ep 029] val_sel AUC=0.8393 acc=0.6900
[ep 030] val_sel AUC=0.8409 acc=0.6914
[ep 031] val_sel AUC=0.8426 acc=0.6923
[ep 032] val_sel AUC=0.8431 acc=0.6936
[ep 033] val_sel AUC=0.7109 acc=0.4835
[ep 034] val_sel AUC=0.7804 acc=0.6027
[ep 035] val_sel AUC=0.8188 acc=0.6617
[ep 036] val_sel AUC=0.7949 acc=0.5437
[ep 037] val_sel AUC=0.8155 acc=0.6406
[ep 038] val_sel AUC=0.8070 acc=0.6045
[ep 039] val_sel AUC=0.8334 acc=0.6644
[ep 040] val_sel AUC=0.8309 acc=0.6478
[ep 041] val_sel AUC=0.8171 acc=0.6377
[ep 042] val_sel AUC=0.8014 acc=0.6386
[ep 043] val_sel AUC=0.8365 acc=0.6658
[ep 044] val_sel AUC=0.8106 acc=0.6218
[ep 045] val_sel AUC=0.8231 acc=0.6382
[ep 046] val_sel AUC=0.8387 acc=0.6806
[ep 047] val_sel AUC=0.8660 acc=0.7154
[ep 048] val_sel AUC=0.8358 acc=0.6426
[ep 049] val_sel AUC=0.8773 acc=0.7371
[ep 050] val_sel AUC=0.8928 acc=0.7632
[ep 051] val_sel AUC=0.8596 acc=0.7066
[ep 052] val_sel AUC=0.8839 acc=0.7473
[ep 053] val_sel AUC=0.8808 acc=0.7464
[ep 054] val_sel AUC=0.8867 acc=0.7403
[ep 055] val_sel AUC=0.8901 acc=0.7517
[ep 056] val_sel AUC=0.9013 acc=0.7877
[ep 057] val_sel AUC=0.8835 acc=0.7535
[ep 058] val_sel AUC=0.8889 acc=0.7473
[ep 059] val_sel AUC=0.8997 acc=0.7764
[ep 060] val_sel AUC=0.8887 acc=0.7636
[ep 061] val_sel AUC=0.9077 acc=0.7845
[ep 062] val_sel AUC=0.9062 acc=0.7989
[ep 063] val_sel AUC=0.9082 acc=0.7870
[ep 064] val_sel AUC=0.9080 acc=0.7863
[ep 065] val_sel AUC=0.8995 acc=0.7634
[ep 066] val_sel AUC=0.8855 acc=0.7365
[ep 067] val_sel AUC=0.8882 acc=0.7378
[ep 068] val_sel AUC=0.9079 acc=0.7789
[ep 069] val_sel AUC=0.9115 acc=0.7915
[ep 070] val_sel AUC=0.8904 acc=0.7459
[ep 071] val_sel AUC=0.9086 acc=0.8009
[ep 072] val_sel AUC=0.9122 acc=0.8007
[ep 073] val_sel AUC=0.9141 acc=0.7964
[ep 074] val_sel AUC=0.9133 acc=0.7883
[ep 075] val_sel AUC=0.8748 acc=0.7556
[ep 076] val_sel AUC=0.9185 acc=0.8135
[ep 077] val_sel AUC=0.9193 acc=0.7987
[ep 078] val_sel AUC=0.9159 acc=0.8029
[ep 079] val_sel AUC=0.9138 acc=0.7930
[ep 080] val_sel AUC=0.9181 acc=0.8209
[ep 081] val_sel AUC=0.9201 acc=0.8173
[ep 082] val_sel AUC=0.9234 acc=0.8272
[ep 083] val_sel AUC=0.9180 acc=0.8137
[ep 084] val_sel AUC=0.9228 acc=0.8263
[ep 085] val_sel AUC=0.9251 acc=0.8260
[ep 086] val_sel AUC=0.9227 acc=0.8218
[ep 087] val_sel AUC=0.9186 acc=0.8139
[ep 088] val_sel AUC=0.9233 acc=0.8202
[ep 089] val_sel AUC=0.9217 acc=0.8263
[ep 090] val_sel AUC=0.9217 acc=0.8233
[ep 091] val_sel AUC=0.9246 acc=0.8290
[ep 092] val_sel AUC=0.9228 acc=0.8269
[ep 093] val_sel AUC=0.9236 acc=0.8272
[ep 094] val_sel AUC=0.9238 acc=0.8256
[ep 095] val_sel AUC=0.9236 acc=0.8263
[ep 096] val_sel AUC=0.9237 acc=0.8263
============================================================
TEST (best val_sel epoch, held-out, evaluated once)
============================================================
[DONE-QPE2] embed=quantum model_II N=250 seed=58 test_AUC=0.9326 val_sel_AUC=0.9251 per_class=(axion=0.9369 cdm=0.8773 no_sub=0.9835) params=203508 embed_params=49 R_frob_drift=0.8422493934631348
