[INFO] QPE2 D=64 P=8 depth=4 | embed=quantum | data=model_III N/class=100 seed=50 split_seed=0 | params=203508 embed_params=49 lr=0.001 epochs=96 bs=32 | train(300, 64, 64) val_sel(4469, 64, 64) test(4470, 64, 64) device=cuda
[ep 001] val_sel AUC=0.5552 acc=0.3283
[ep 002] val_sel AUC=0.5510 acc=0.3433
[ep 003] val_sel AUC=0.5536 acc=0.3283
[ep 004] val_sel AUC=0.5462 acc=0.3433
[ep 005] val_sel AUC=0.5500 acc=0.3276
[ep 006] val_sel AUC=0.5458 acc=0.3433
[ep 007] val_sel AUC=0.5422 acc=0.3428
[ep 008] val_sel AUC=0.5384 acc=0.3285
[ep 009] val_sel AUC=0.5312 acc=0.3459
[ep 010] val_sel AUC=0.5247 acc=0.3437
[ep 011] val_sel AUC=0.5153 acc=0.3285
[ep 012] val_sel AUC=0.5162 acc=0.3343
[ep 013] val_sel AUC=0.5156 acc=0.3370
[ep 014] val_sel AUC=0.5193 acc=0.3383
[ep 015] val_sel AUC=0.5210 acc=0.3524
[ep 016] val_sel AUC=0.5224 acc=0.3518
[ep 017] val_sel AUC=0.5291 acc=0.3410
[ep 018] val_sel AUC=0.5277 acc=0.3529
[ep 019] val_sel AUC=0.5324 acc=0.3670
[ep 020] val_sel AUC=0.5336 acc=0.3605
[ep 021] val_sel AUC=0.5338 acc=0.3574
[ep 022] val_sel AUC=0.5420 acc=0.3585
[ep 023] val_sel AUC=0.5423 acc=0.3650
[ep 024] val_sel AUC=0.5474 acc=0.3726
[ep 025] val_sel AUC=0.5537 acc=0.3683
[ep 026] val_sel AUC=0.5546 acc=0.3766
[ep 027] val_sel AUC=0.5568 acc=0.3775
[ep 028] val_sel AUC=0.5587 acc=0.3788
[ep 029] val_sel AUC=0.5602 acc=0.3802
[ep 030] val_sel AUC=0.5610 acc=0.3806
[ep 031] val_sel AUC=0.5614 acc=0.3797
[ep 032] val_sel AUC=0.5615 acc=0.3800
[ep 033] val_sel AUC=0.5632 acc=0.3466
[ep 034] val_sel AUC=0.5561 acc=0.3372
[ep 035] val_sel AUC=0.5891 acc=0.3603
[ep 036] val_sel AUC=0.5770 acc=0.3690
[ep 037] val_sel AUC=0.6101 acc=0.4243
[ep 038] val_sel AUC=0.6206 acc=0.4001
[ep 039] val_sel AUC=0.5697 acc=0.3804
[ep 040] val_sel AUC=0.6231 acc=0.4227
[ep 041] val_sel AUC=0.6494 acc=0.4341
[ep 042] val_sel AUC=0.6403 acc=0.4431
[ep 043] val_sel AUC=0.6366 acc=0.4341
[ep 044] val_sel AUC=0.6599 acc=0.4547
[ep 045] val_sel AUC=0.6956 acc=0.4831
[ep 046] val_sel AUC=0.7039 acc=0.4762
[ep 047] val_sel AUC=0.7123 acc=0.5294
[ep 048] val_sel AUC=0.7212 acc=0.4806
[ep 049] val_sel AUC=0.7292 acc=0.5023
[ep 050] val_sel AUC=0.7484 acc=0.5462
[ep 051] val_sel AUC=0.7179 acc=0.4954
[ep 052] val_sel AUC=0.7456 acc=0.5229
[ep 053] val_sel AUC=0.7419 acc=0.5254
[ep 054] val_sel AUC=0.7794 acc=0.5793
[ep 055] val_sel AUC=0.7690 acc=0.5798
[ep 056] val_sel AUC=0.7913 acc=0.6154
[ep 057] val_sel AUC=0.7946 acc=0.6073
[ep 058] val_sel AUC=0.8005 acc=0.6162
[ep 059] val_sel AUC=0.7993 acc=0.6187
[ep 060] val_sel AUC=0.8115 acc=0.6239
[ep 061] val_sel AUC=0.8220 acc=0.6592
[ep 062] val_sel AUC=0.8294 acc=0.6733
[ep 063] val_sel AUC=0.8090 acc=0.6272
[ep 064] val_sel AUC=0.8174 acc=0.6420
[ep 065] val_sel AUC=0.7837 acc=0.5458
[ep 066] val_sel AUC=0.8352 acc=0.6717
[ep 067] val_sel AUC=0.8294 acc=0.6825
[ep 068] val_sel AUC=0.8471 acc=0.6885
[ep 069] val_sel AUC=0.8438 acc=0.6785
[ep 070] val_sel AUC=0.8393 acc=0.6606
[ep 071] val_sel AUC=0.8437 acc=0.6881
[ep 072] val_sel AUC=0.8351 acc=0.6623
[ep 073] val_sel AUC=0.8533 acc=0.6993
[ep 074] val_sel AUC=0.8497 acc=0.6993
[ep 075] val_sel AUC=0.8490 acc=0.6910
[ep 076] val_sel AUC=0.8551 acc=0.7084
[ep 077] val_sel AUC=0.8495 acc=0.6948
[ep 078] val_sel AUC=0.8532 acc=0.7102
[ep 079] val_sel AUC=0.8464 acc=0.6843
[ep 080] val_sel AUC=0.8450 acc=0.6789
[ep 081] val_sel AUC=0.8527 acc=0.7060
[ep 082] val_sel AUC=0.8425 acc=0.6724
[ep 083] val_sel AUC=0.8472 acc=0.6928
[ep 084] val_sel AUC=0.8465 acc=0.6843
[ep 085] val_sel AUC=0.8509 acc=0.6984
[ep 086] val_sel AUC=0.8504 acc=0.6972
[ep 087] val_sel AUC=0.8507 acc=0.6984
[ep 088] val_sel AUC=0.8486 acc=0.6919
[ep 089] val_sel AUC=0.8493 acc=0.6981
[ep 090] val_sel AUC=0.8490 acc=0.6919
[ep 091] val_sel AUC=0.8534 acc=0.7089
[ep 092] val_sel AUC=0.8517 acc=0.7006
[ep 093] val_sel AUC=0.8502 acc=0.6984
[ep 094] val_sel AUC=0.8497 acc=0.6946
[ep 095] val_sel AUC=0.8500 acc=0.6959
[ep 096] val_sel AUC=0.8499 acc=0.6950
============================================================
TEST (best val_sel epoch, held-out, evaluated once)
============================================================
[DONE-QPE2] embed=quantum model_III N=100 seed=50 test_AUC=0.8570 val_sel_AUC=0.8551 per_class=(axion=0.9055 cdm=0.7452 no_sub=0.9204) params=203508 embed_params=49 R_frob_drift=0.7002174258232117
