[INFO] QPE2 D=64 P=8 depth=4 | embed=quantum | data=model_III N/class=100 seed=57 split_seed=0 | params=203508 embed_params=49 lr=0.001 epochs=96 bs=32 | train(300, 64, 64) val_sel(4469, 64, 64) test(4470, 64, 64) device=cuda
[ep 001] val_sel AUC=0.5214 acc=0.3433
[ep 002] val_sel AUC=0.5388 acc=0.3285
[ep 003] val_sel AUC=0.5439 acc=0.3283
[ep 004] val_sel AUC=0.5494 acc=0.3433
[ep 005] val_sel AUC=0.5513 acc=0.3283
[ep 006] val_sel AUC=0.5491 acc=0.3285
[ep 007] val_sel AUC=0.5495 acc=0.3433
[ep 008] val_sel AUC=0.5496 acc=0.3477
[ep 009] val_sel AUC=0.5442 acc=0.3540
[ep 010] val_sel AUC=0.5448 acc=0.3433
[ep 011] val_sel AUC=0.5412 acc=0.3359
[ep 012] val_sel AUC=0.5453 acc=0.3618
[ep 013] val_sel AUC=0.5491 acc=0.3632
[ep 014] val_sel AUC=0.5493 acc=0.3665
[ep 015] val_sel AUC=0.5508 acc=0.3688
[ep 016] val_sel AUC=0.5524 acc=0.3717
[ep 017] val_sel AUC=0.5636 acc=0.3873
[ep 018] val_sel AUC=0.5765 acc=0.3802
[ep 019] val_sel AUC=0.5820 acc=0.3972
[ep 020] val_sel AUC=0.5971 acc=0.4070
[ep 021] val_sel AUC=0.6042 acc=0.4135
[ep 022] val_sel AUC=0.6062 acc=0.4209
[ep 023] val_sel AUC=0.6169 acc=0.4305
[ep 024] val_sel AUC=0.6298 acc=0.4395
[ep 025] val_sel AUC=0.6348 acc=0.4471
[ep 026] val_sel AUC=0.6378 acc=0.4522
[ep 027] val_sel AUC=0.6434 acc=0.4462
[ep 028] val_sel AUC=0.6471 acc=0.4560
[ep 029] val_sel AUC=0.6501 acc=0.4659
[ep 030] val_sel AUC=0.6515 acc=0.4643
[ep 031] val_sel AUC=0.6520 acc=0.4634
[ep 032] val_sel AUC=0.6521 acc=0.4625
[ep 033] val_sel AUC=0.6702 acc=0.4460
[ep 034] val_sel AUC=0.6302 acc=0.4431
[ep 035] val_sel AUC=0.6782 acc=0.4891
[ep 036] val_sel AUC=0.6728 acc=0.4225
[ep 037] val_sel AUC=0.7350 acc=0.5413
[ep 038] val_sel AUC=0.7737 acc=0.5802
[ep 039] val_sel AUC=0.7149 acc=0.4979
[ep 040] val_sel AUC=0.7681 acc=0.5634
[ep 041] val_sel AUC=0.7823 acc=0.5921
[ep 042] val_sel AUC=0.8144 acc=0.6223
[ep 043] val_sel AUC=0.7684 acc=0.5719
[ep 044] val_sel AUC=0.8314 acc=0.6386
[ep 045] val_sel AUC=0.8099 acc=0.6306
[ep 046] val_sel AUC=0.8356 acc=0.6348
[ep 047] val_sel AUC=0.7864 acc=0.5782
[ep 048] val_sel AUC=0.7659 acc=0.5807
[ep 049] val_sel AUC=0.8230 acc=0.6523
[ep 050] val_sel AUC=0.8269 acc=0.6359
[ep 051] val_sel AUC=0.8414 acc=0.6632
[ep 052] val_sel AUC=0.8016 acc=0.6259
[ep 053] val_sel AUC=0.8566 acc=0.6887
[ep 054] val_sel AUC=0.8391 acc=0.6621
[ep 055] val_sel AUC=0.8637 acc=0.7263
[ep 056] val_sel AUC=0.8446 acc=0.6755
[ep 057] val_sel AUC=0.8355 acc=0.6115
[ep 058] val_sel AUC=0.8637 acc=0.6988
[ep 059] val_sel AUC=0.8550 acc=0.6901
[ep 060] val_sel AUC=0.8194 acc=0.6388
[ep 061] val_sel AUC=0.8397 acc=0.6270
[ep 062] val_sel AUC=0.8543 acc=0.6905
[ep 063] val_sel AUC=0.8727 acc=0.7129
[ep 064] val_sel AUC=0.8782 acc=0.7122
[ep 065] val_sel AUC=0.8617 acc=0.6684
[ep 066] val_sel AUC=0.8760 acc=0.7058
[ep 067] val_sel AUC=0.8753 acc=0.7295
[ep 068] val_sel AUC=0.8709 acc=0.7391
[ep 069] val_sel AUC=0.8643 acc=0.7228
[ep 070] val_sel AUC=0.8933 acc=0.7655
[ep 071] val_sel AUC=0.8955 acc=0.7628
[ep 072] val_sel AUC=0.8874 acc=0.7619
[ep 073] val_sel AUC=0.8674 acc=0.7270
[ep 074] val_sel AUC=0.8851 acc=0.7438
[ep 075] val_sel AUC=0.8817 acc=0.7521
[ep 076] val_sel AUC=0.8904 acc=0.7592
[ep 077] val_sel AUC=0.8829 acc=0.7510
[ep 078] val_sel AUC=0.8905 acc=0.7680
[ep 079] val_sel AUC=0.8877 acc=0.7693
[ep 080] val_sel AUC=0.8797 acc=0.7333
[ep 081] val_sel AUC=0.8866 acc=0.7550
[ep 082] val_sel AUC=0.8824 acc=0.7527
[ep 083] val_sel AUC=0.8889 acc=0.7635
[ep 084] val_sel AUC=0.8893 acc=0.7718
[ep 085] val_sel AUC=0.8946 acc=0.7789
[ep 086] val_sel AUC=0.8868 acc=0.7702
[ep 087] val_sel AUC=0.8894 acc=0.7780
[ep 088] val_sel AUC=0.8900 acc=0.7774
[ep 089] val_sel AUC=0.8899 acc=0.7771
[ep 090] val_sel AUC=0.8884 acc=0.7762
[ep 091] val_sel AUC=0.8904 acc=0.7787
[ep 092] val_sel AUC=0.8903 acc=0.7787
[ep 093] val_sel AUC=0.8891 acc=0.7749
[ep 094] val_sel AUC=0.8888 acc=0.7756
[ep 095] val_sel AUC=0.8888 acc=0.7751
[ep 096] val_sel AUC=0.8888 acc=0.7749
============================================================
TEST (best val_sel epoch, held-out, evaluated once)
============================================================
[DONE-QPE2] embed=quantum model_III N=100 seed=57 test_AUC=0.8878 val_sel_AUC=0.8955 per_class=(axion=0.9258 cdm=0.7949 no_sub=0.9428) params=203508 embed_params=49 R_frob_drift=0.654983639717102
