[INFO] QPE2 D=64 P=8 depth=4 | embed=quantum | data=model_II N/class=100 seed=42 split_seed=0 | params=203508 embed_params=49 lr=0.001 epochs=96 bs=32 | train(300, 64, 64) val_sel(4455, 64, 64) test(4455, 64, 64) device=cuda
[ep 001] val_sel AUC=0.5191 acc=0.3291
[ep 002] val_sel AUC=0.5187 acc=0.3473
[ep 003] val_sel AUC=0.5172 acc=0.3237
[ep 004] val_sel AUC=0.5173 acc=0.3473
[ep 005] val_sel AUC=0.5177 acc=0.3291
[ep 006] val_sel AUC=0.5164 acc=0.3237
[ep 007] val_sel AUC=0.5164 acc=0.3340
[ep 008] val_sel AUC=0.5137 acc=0.3473
[ep 009] val_sel AUC=0.5095 acc=0.3405
[ep 010] val_sel AUC=0.5016 acc=0.3241
[ep 011] val_sel AUC=0.5026 acc=0.3266
[ep 012] val_sel AUC=0.5031 acc=0.3273
[ep 013] val_sel AUC=0.5158 acc=0.3284
[ep 014] val_sel AUC=0.5280 acc=0.3327
[ep 015] val_sel AUC=0.5266 acc=0.3304
[ep 016] val_sel AUC=0.5259 acc=0.3336
[ep 017] val_sel AUC=0.5291 acc=0.3378
[ep 018] val_sel AUC=0.5295 acc=0.3331
[ep 019] val_sel AUC=0.5313 acc=0.3329
[ep 020] val_sel AUC=0.5337 acc=0.3349
[ep 021] val_sel AUC=0.5382 acc=0.3405
[ep 022] val_sel AUC=0.5449 acc=0.3531
[ep 023] val_sel AUC=0.5520 acc=0.3567
[ep 024] val_sel AUC=0.5560 acc=0.3457
[ep 025] val_sel AUC=0.5639 acc=0.3906
[ep 026] val_sel AUC=0.5659 acc=0.3659
[ep 027] val_sel AUC=0.5739 acc=0.3607
[ep 028] val_sel AUC=0.5864 acc=0.3895
[ep 029] val_sel AUC=0.5935 acc=0.3993
[ep 030] val_sel AUC=0.5964 acc=0.4011
[ep 031] val_sel AUC=0.5981 acc=0.4027
[ep 032] val_sel AUC=0.5986 acc=0.4031
[ep 033] val_sel AUC=0.6045 acc=0.3477
[ep 034] val_sel AUC=0.5598 acc=0.3441
[ep 035] val_sel AUC=0.5599 acc=0.3515
[ep 036] val_sel AUC=0.5709 acc=0.3432
[ep 037] val_sel AUC=0.5929 acc=0.4040
[ep 038] val_sel AUC=0.6296 acc=0.3888
[ep 039] val_sel AUC=0.6891 acc=0.4743
[ep 040] val_sel AUC=0.7126 acc=0.5250
[ep 041] val_sel AUC=0.7351 acc=0.5632
[ep 042] val_sel AUC=0.6661 acc=0.4328
[ep 043] val_sel AUC=0.7093 acc=0.5473
[ep 044] val_sel AUC=0.7198 acc=0.5185
[ep 045] val_sel AUC=0.7422 acc=0.5336
[ep 046] val_sel AUC=0.7361 acc=0.5560
[ep 047] val_sel AUC=0.7475 acc=0.5618
[ep 048] val_sel AUC=0.7530 acc=0.5764
[ep 049] val_sel AUC=0.7676 acc=0.6025
[ep 050] val_sel AUC=0.7831 acc=0.6088
[ep 051] val_sel AUC=0.7965 acc=0.6364
[ep 052] val_sel AUC=0.8069 acc=0.6137
[ep 053] val_sel AUC=0.7947 acc=0.6348
[ep 054] val_sel AUC=0.7905 acc=0.6011
[ep 055] val_sel AUC=0.7882 acc=0.6155
[ep 056] val_sel AUC=0.7861 acc=0.5971
[ep 057] val_sel AUC=0.7977 acc=0.6281
[ep 058] val_sel AUC=0.8064 acc=0.6278
[ep 059] val_sel AUC=0.8084 acc=0.6512
[ep 060] val_sel AUC=0.8222 acc=0.6554
[ep 061] val_sel AUC=0.7831 acc=0.5713
[ep 062] val_sel AUC=0.8098 acc=0.6611
[ep 063] val_sel AUC=0.7898 acc=0.5890
[ep 064] val_sel AUC=0.7887 acc=0.6341
[ep 065] val_sel AUC=0.8107 acc=0.6617
[ep 066] val_sel AUC=0.8196 acc=0.6489
[ep 067] val_sel AUC=0.8195 acc=0.6570
[ep 068] val_sel AUC=0.8217 acc=0.6658
[ep 069] val_sel AUC=0.8256 acc=0.6712
[ep 070] val_sel AUC=0.8285 acc=0.6689
[ep 071] val_sel AUC=0.8287 acc=0.6736
[ep 072] val_sel AUC=0.8281 acc=0.6689
[ep 073] val_sel AUC=0.8297 acc=0.6637
[ep 074] val_sel AUC=0.8299 acc=0.6747
[ep 075] val_sel AUC=0.8359 acc=0.6667
[ep 076] val_sel AUC=0.8045 acc=0.6283
[ep 077] val_sel AUC=0.8296 acc=0.6545
[ep 078] val_sel AUC=0.8309 acc=0.6759
[ep 079] val_sel AUC=0.8287 acc=0.6588
[ep 080] val_sel AUC=0.8223 acc=0.6471
[ep 081] val_sel AUC=0.8289 acc=0.6662
[ep 082] val_sel AUC=0.8313 acc=0.6640
[ep 083] val_sel AUC=0.8321 acc=0.6730
[ep 084] val_sel AUC=0.8306 acc=0.6680
[ep 085] val_sel AUC=0.8269 acc=0.6667
[ep 086] val_sel AUC=0.8279 acc=0.6602
[ep 087] val_sel AUC=0.8296 acc=0.6687
[ep 088] val_sel AUC=0.8291 acc=0.6741
[ep 089] val_sel AUC=0.8275 acc=0.6723
[ep 090] val_sel AUC=0.8273 acc=0.6669
[ep 091] val_sel AUC=0.8276 acc=0.6691
[ep 092] val_sel AUC=0.8273 acc=0.6687
[ep 093] val_sel AUC=0.8273 acc=0.6687
[ep 094] val_sel AUC=0.8272 acc=0.6682
[ep 095] val_sel AUC=0.8272 acc=0.6694
[ep 096] val_sel AUC=0.8272 acc=0.6696
============================================================
TEST (best val_sel epoch, held-out, evaluated once)
============================================================
[DONE-QPE2] embed=quantum model_II N=100 seed=42 test_AUC=0.8433 val_sel_AUC=0.8359 per_class=(axion=0.9119 cdm=0.7219 no_sub=0.8962) params=203508 embed_params=49 R_frob_drift=0.6200099587440491
