[INFO] QPE2 D=64 P=8 depth=4 | embed=quantum | data=model_III N/class=100 seed=48 split_seed=0 | params=203508 embed_params=49 lr=0.001 epochs=96 bs=32 | train(300, 64, 64) val_sel(4469, 64, 64) test(4470, 64, 64) device=cuda
[ep 001] val_sel AUC=0.5812 acc=0.3283
[ep 002] val_sel AUC=0.6031 acc=0.3285
[ep 003] val_sel AUC=0.6234 acc=0.3547
[ep 004] val_sel AUC=0.6429 acc=0.3283
[ep 005] val_sel AUC=0.6247 acc=0.3285
[ep 006] val_sel AUC=0.6249 acc=0.3938
[ep 007] val_sel AUC=0.6168 acc=0.3285
[ep 008] val_sel AUC=0.6153 acc=0.3285
[ep 009] val_sel AUC=0.6008 acc=0.3433
[ep 010] val_sel AUC=0.6020 acc=0.3285
[ep 011] val_sel AUC=0.5977 acc=0.3283
[ep 012] val_sel AUC=0.5888 acc=0.3433
[ep 013] val_sel AUC=0.5930 acc=0.3285
[ep 014] val_sel AUC=0.5900 acc=0.3283
[ep 015] val_sel AUC=0.5833 acc=0.3433
[ep 016] val_sel AUC=0.5782 acc=0.3285
[ep 017] val_sel AUC=0.5711 acc=0.3283
[ep 018] val_sel AUC=0.5672 acc=0.3433
[ep 019] val_sel AUC=0.5597 acc=0.3285
[ep 020] val_sel AUC=0.5530 acc=0.3285
[ep 021] val_sel AUC=0.5435 acc=0.3477
[ep 022] val_sel AUC=0.5373 acc=0.3283
[ep 023] val_sel AUC=0.5367 acc=0.3500
[ep 024] val_sel AUC=0.5363 acc=0.3433
[ep 025] val_sel AUC=0.5350 acc=0.3430
[ep 026] val_sel AUC=0.5329 acc=0.3381
[ep 027] val_sel AUC=0.5321 acc=0.3397
[ep 028] val_sel AUC=0.5317 acc=0.3388
[ep 029] val_sel AUC=0.5317 acc=0.3361
[ep 030] val_sel AUC=0.5317 acc=0.3336
[ep 031] val_sel AUC=0.5317 acc=0.3336
[ep 032] val_sel AUC=0.5317 acc=0.3341
[ep 033] val_sel AUC=0.5387 acc=0.3426
[ep 034] val_sel AUC=0.5300 acc=0.3497
[ep 035] val_sel AUC=0.5294 acc=0.3386
[ep 036] val_sel AUC=0.5238 acc=0.3341
[ep 037] val_sel AUC=0.5390 acc=0.3500
[ep 038] val_sel AUC=0.5309 acc=0.3365
[ep 039] val_sel AUC=0.5302 acc=0.3518
[ep 040] val_sel AUC=0.5349 acc=0.3538
[ep 041] val_sel AUC=0.5446 acc=0.3518
[ep 042] val_sel AUC=0.5451 acc=0.3632
[ep 043] val_sel AUC=0.5454 acc=0.3719
[ep 044] val_sel AUC=0.5544 acc=0.3341
[ep 045] val_sel AUC=0.5568 acc=0.3500
[ep 046] val_sel AUC=0.5860 acc=0.4140
[ep 047] val_sel AUC=0.6170 acc=0.4296
[ep 048] val_sel AUC=0.6364 acc=0.4621
[ep 049] val_sel AUC=0.6643 acc=0.4699
[ep 050] val_sel AUC=0.6742 acc=0.5044
[ep 051] val_sel AUC=0.6890 acc=0.4762
[ep 052] val_sel AUC=0.7311 acc=0.5386
[ep 053] val_sel AUC=0.7227 acc=0.5216
[ep 054] val_sel AUC=0.7852 acc=0.5995
[ep 055] val_sel AUC=0.7818 acc=0.5744
[ep 056] val_sel AUC=0.8040 acc=0.5943
[ep 057] val_sel AUC=0.8148 acc=0.6225
[ep 058] val_sel AUC=0.8078 acc=0.6158
[ep 059] val_sel AUC=0.8490 acc=0.6350
[ep 060] val_sel AUC=0.8209 acc=0.6576
[ep 061] val_sel AUC=0.8277 acc=0.6485
[ep 062] val_sel AUC=0.8535 acc=0.6767
[ep 063] val_sel AUC=0.8469 acc=0.6500
[ep 064] val_sel AUC=0.8633 acc=0.6816
[ep 065] val_sel AUC=0.8598 acc=0.6977
[ep 066] val_sel AUC=0.8714 acc=0.7290
[ep 067] val_sel AUC=0.8683 acc=0.7174
[ep 068] val_sel AUC=0.8883 acc=0.7463
[ep 069] val_sel AUC=0.8934 acc=0.7516
[ep 070] val_sel AUC=0.8819 acc=0.7355
[ep 071] val_sel AUC=0.8906 acc=0.7404
[ep 072] val_sel AUC=0.8863 acc=0.7440
[ep 073] val_sel AUC=0.8869 acc=0.7353
[ep 074] val_sel AUC=0.8650 acc=0.6767
[ep 075] val_sel AUC=0.8762 acc=0.7286
[ep 076] val_sel AUC=0.8909 acc=0.7568
[ep 077] val_sel AUC=0.8966 acc=0.7680
[ep 078] val_sel AUC=0.8942 acc=0.7671
[ep 079] val_sel AUC=0.8928 acc=0.7545
[ep 080] val_sel AUC=0.8962 acc=0.7695
[ep 081] val_sel AUC=0.8879 acc=0.7427
[ep 082] val_sel AUC=0.8901 acc=0.7463
[ep 083] val_sel AUC=0.8952 acc=0.7621
[ep 084] val_sel AUC=0.8958 acc=0.7635
[ep 085] val_sel AUC=0.8940 acc=0.7630
[ep 086] val_sel AUC=0.8956 acc=0.7671
[ep 087] val_sel AUC=0.8952 acc=0.7608
[ep 088] val_sel AUC=0.8943 acc=0.7675
[ep 089] val_sel AUC=0.8945 acc=0.7691
[ep 090] val_sel AUC=0.8947 acc=0.7655
[ep 091] val_sel AUC=0.8946 acc=0.7718
[ep 092] val_sel AUC=0.8927 acc=0.7662
[ep 093] val_sel AUC=0.8929 acc=0.7664
[ep 094] val_sel AUC=0.8936 acc=0.7675
[ep 095] val_sel AUC=0.8938 acc=0.7680
[ep 096] val_sel AUC=0.8937 acc=0.7682
============================================================
TEST (best val_sel epoch, held-out, evaluated once)
============================================================
[DONE-QPE2] embed=quantum model_III N=100 seed=48 test_AUC=0.8954 val_sel_AUC=0.8966 per_class=(axion=0.9348 cdm=0.8075 no_sub=0.9438) params=203508 embed_params=49 R_frob_drift=0.7074129581451416
