[INFO] QPE2 D=64 P=8 depth=4 | embed=quantum | data=model_III N/class=100 seed=58 split_seed=0 | params=203508 embed_params=49 lr=0.001 epochs=96 bs=32 | train(300, 64, 64) val_sel(4469, 64, 64) test(4470, 64, 64) device=cuda
[ep 001] val_sel AUC=0.4701 acc=0.3433
[ep 002] val_sel AUC=0.4938 acc=0.3285
[ep 003] val_sel AUC=0.4976 acc=0.3433
[ep 004] val_sel AUC=0.5144 acc=0.3433
[ep 005] val_sel AUC=0.5274 acc=0.3285
[ep 006] val_sel AUC=0.5338 acc=0.3433
[ep 007] val_sel AUC=0.5460 acc=0.3283
[ep 008] val_sel AUC=0.5483 acc=0.3285
[ep 009] val_sel AUC=0.5555 acc=0.3283
[ep 010] val_sel AUC=0.5530 acc=0.3433
[ep 011] val_sel AUC=0.5547 acc=0.3433
[ep 012] val_sel AUC=0.5521 acc=0.3482
[ep 013] val_sel AUC=0.5488 acc=0.3283
[ep 014] val_sel AUC=0.5404 acc=0.3285
[ep 015] val_sel AUC=0.5436 acc=0.3433
[ep 016] val_sel AUC=0.5320 acc=0.3283
[ep 017] val_sel AUC=0.5314 acc=0.3433
[ep 018] val_sel AUC=0.5279 acc=0.3285
[ep 019] val_sel AUC=0.5256 acc=0.3410
[ep 020] val_sel AUC=0.5417 acc=0.3441
[ep 021] val_sel AUC=0.5314 acc=0.3459
[ep 022] val_sel AUC=0.5306 acc=0.3428
[ep 023] val_sel AUC=0.5253 acc=0.3518
[ep 024] val_sel AUC=0.5316 acc=0.3415
[ep 025] val_sel AUC=0.5308 acc=0.3453
[ep 026] val_sel AUC=0.5294 acc=0.3444
[ep 027] val_sel AUC=0.5265 acc=0.3441
[ep 028] val_sel AUC=0.5271 acc=0.3441
[ep 029] val_sel AUC=0.5263 acc=0.3446
[ep 030] val_sel AUC=0.5256 acc=0.3462
[ep 031] val_sel AUC=0.5255 acc=0.3459
[ep 032] val_sel AUC=0.5256 acc=0.3448
[ep 033] val_sel AUC=0.5319 acc=0.3473
[ep 034] val_sel AUC=0.5463 acc=0.3533
[ep 035] val_sel AUC=0.5744 acc=0.3471
[ep 036] val_sel AUC=0.5968 acc=0.4307
[ep 037] val_sel AUC=0.6009 acc=0.3719
[ep 038] val_sel AUC=0.6350 acc=0.3824
[ep 039] val_sel AUC=0.7204 acc=0.5285
[ep 040] val_sel AUC=0.7123 acc=0.4616
[ep 041] val_sel AUC=0.8016 acc=0.5934
[ep 042] val_sel AUC=0.7590 acc=0.5388
[ep 043] val_sel AUC=0.8288 acc=0.6091
[ep 044] val_sel AUC=0.8386 acc=0.6196
[ep 045] val_sel AUC=0.8401 acc=0.6755
[ep 046] val_sel AUC=0.8414 acc=0.6485
[ep 047] val_sel AUC=0.8604 acc=0.6673
[ep 048] val_sel AUC=0.8675 acc=0.7205
[ep 049] val_sel AUC=0.8056 acc=0.5778
[ep 050] val_sel AUC=0.8240 acc=0.6252
[ep 051] val_sel AUC=0.8287 acc=0.6362
[ep 052] val_sel AUC=0.8692 acc=0.6849
[ep 053] val_sel AUC=0.8028 acc=0.5731
[ep 054] val_sel AUC=0.8566 acc=0.6876
[ep 055] val_sel AUC=0.8922 acc=0.7366
[ep 056] val_sel AUC=0.9063 acc=0.7541
[ep 057] val_sel AUC=0.8938 acc=0.7794
[ep 058] val_sel AUC=0.8964 acc=0.7494
[ep 059] val_sel AUC=0.9074 acc=0.7767
[ep 060] val_sel AUC=0.8979 acc=0.7492
[ep 061] val_sel AUC=0.8672 acc=0.7172
[ep 062] val_sel AUC=0.9052 acc=0.7657
[ep 063] val_sel AUC=0.9008 acc=0.7413
[ep 064] val_sel AUC=0.9187 acc=0.7962
[ep 065] val_sel AUC=0.9016 acc=0.7404
[ep 066] val_sel AUC=0.8909 acc=0.6990
[ep 067] val_sel AUC=0.9006 acc=0.7554
[ep 068] val_sel AUC=0.9003 acc=0.7487
[ep 069] val_sel AUC=0.9036 acc=0.7219
[ep 070] val_sel AUC=0.9187 acc=0.7863
[ep 071] val_sel AUC=0.9067 acc=0.7684
[ep 072] val_sel AUC=0.9189 acc=0.7740
[ep 073] val_sel AUC=0.9159 acc=0.7863
[ep 074] val_sel AUC=0.9193 acc=0.7888
[ep 075] val_sel AUC=0.9108 acc=0.7686
[ep 076] val_sel AUC=0.9201 acc=0.7932
[ep 077] val_sel AUC=0.9173 acc=0.7859
[ep 078] val_sel AUC=0.9160 acc=0.7859
[ep 079] val_sel AUC=0.9160 acc=0.7874
[ep 080] val_sel AUC=0.9190 acc=0.7975
[ep 081] val_sel AUC=0.9173 acc=0.7962
[ep 082] val_sel AUC=0.9166 acc=0.7935
[ep 083] val_sel AUC=0.9155 acc=0.7939
[ep 084] val_sel AUC=0.9186 acc=0.7959
[ep 085] val_sel AUC=0.9174 acc=0.8040
[ep 086] val_sel AUC=0.9166 acc=0.7939
[ep 087] val_sel AUC=0.9169 acc=0.7955
[ep 088] val_sel AUC=0.9164 acc=0.7979
[ep 089] val_sel AUC=0.9172 acc=0.7948
[ep 090] val_sel AUC=0.9167 acc=0.8015
[ep 091] val_sel AUC=0.9161 acc=0.7993
[ep 092] val_sel AUC=0.9167 acc=0.7995
[ep 093] val_sel AUC=0.9164 acc=0.7979
[ep 094] val_sel AUC=0.9161 acc=0.7970
[ep 095] val_sel AUC=0.9161 acc=0.7966
[ep 096] val_sel AUC=0.9161 acc=0.7970
============================================================
TEST (best val_sel epoch, held-out, evaluated once)
============================================================
[DONE-QPE2] embed=quantum model_III N=100 seed=58 test_AUC=0.9178 val_sel_AUC=0.9201 per_class=(axion=0.9397 cdm=0.8507 no_sub=0.9631) params=203508 embed_params=49 R_frob_drift=0.8118433356285095
