[INFO] QPE2 D=64 P=8 depth=4 | embed=quantum | data=model_II N/class=100 seed=52 split_seed=0 | params=203508 embed_params=49 lr=0.001 epochs=96 bs=32 | train(300, 64, 64) val_sel(4455, 64, 64) test(4455, 64, 64) device=cuda
[ep 001] val_sel AUC=0.4702 acc=0.3473
[ep 002] val_sel AUC=0.4815 acc=0.3291
[ep 003] val_sel AUC=0.4847 acc=0.3237
[ep 004] val_sel AUC=0.4915 acc=0.3473
[ep 005] val_sel AUC=0.4987 acc=0.3291
[ep 006] val_sel AUC=0.5013 acc=0.3237
[ep 007] val_sel AUC=0.5046 acc=0.3237
[ep 008] val_sel AUC=0.5101 acc=0.3291
[ep 009] val_sel AUC=0.5130 acc=0.3473
[ep 010] val_sel AUC=0.5156 acc=0.3291
[ep 011] val_sel AUC=0.5174 acc=0.3237
[ep 012] val_sel AUC=0.5204 acc=0.3291
[ep 013] val_sel AUC=0.5220 acc=0.3443
[ep 014] val_sel AUC=0.5231 acc=0.3473
[ep 015] val_sel AUC=0.5256 acc=0.3291
[ep 016] val_sel AUC=0.5267 acc=0.3291
[ep 017] val_sel AUC=0.5275 acc=0.3237
[ep 018] val_sel AUC=0.5293 acc=0.3473
[ep 019] val_sel AUC=0.5306 acc=0.3291
[ep 020] val_sel AUC=0.5320 acc=0.3291
[ep 021] val_sel AUC=0.5314 acc=0.3237
[ep 022] val_sel AUC=0.5322 acc=0.3244
[ep 023] val_sel AUC=0.5332 acc=0.3473
[ep 024] val_sel AUC=0.5332 acc=0.3291
[ep 025] val_sel AUC=0.5337 acc=0.3291
[ep 026] val_sel AUC=0.5335 acc=0.3237
[ep 027] val_sel AUC=0.5338 acc=0.3302
[ep 028] val_sel AUC=0.5340 acc=0.3313
[ep 029] val_sel AUC=0.5340 acc=0.3389
[ep 030] val_sel AUC=0.5340 acc=0.3529
[ep 031] val_sel AUC=0.5340 acc=0.3800
[ep 032] val_sel AUC=0.5340 acc=0.3737
[ep 033] val_sel AUC=0.5343 acc=0.3291
[ep 034] val_sel AUC=0.5353 acc=0.3237
[ep 035] val_sel AUC=0.5365 acc=0.3291
[ep 036] val_sel AUC=0.5349 acc=0.3237
[ep 037] val_sel AUC=0.5389 acc=0.3291
[ep 038] val_sel AUC=0.5336 acc=0.3237
[ep 039] val_sel AUC=0.5352 acc=0.3291
[ep 040] val_sel AUC=0.5317 acc=0.3517
[ep 041] val_sel AUC=0.5294 acc=0.3419
[ep 042] val_sel AUC=0.5356 acc=0.3533
[ep 043] val_sel AUC=0.5393 acc=0.3666
[ep 044] val_sel AUC=0.5514 acc=0.3385
[ep 045] val_sel AUC=0.5606 acc=0.3672
[ep 046] val_sel AUC=0.5694 acc=0.3928
[ep 047] val_sel AUC=0.5830 acc=0.3903
[ep 048] val_sel AUC=0.6067 acc=0.4355
[ep 049] val_sel AUC=0.5920 acc=0.4173
[ep 050] val_sel AUC=0.6328 acc=0.4007
[ep 051] val_sel AUC=0.6406 acc=0.4611
[ep 052] val_sel AUC=0.6859 acc=0.4927
[ep 053] val_sel AUC=0.6915 acc=0.4947
[ep 054] val_sel AUC=0.6746 acc=0.4191
[ep 055] val_sel AUC=0.6841 acc=0.4781
[ep 056] val_sel AUC=0.6735 acc=0.4974
[ep 057] val_sel AUC=0.7118 acc=0.5201
[ep 058] val_sel AUC=0.7384 acc=0.5428
[ep 059] val_sel AUC=0.7577 acc=0.5605
[ep 060] val_sel AUC=0.7686 acc=0.5921
[ep 061] val_sel AUC=0.7796 acc=0.6137
[ep 062] val_sel AUC=0.7651 acc=0.5832
[ep 063] val_sel AUC=0.7800 acc=0.5863
[ep 064] val_sel AUC=0.7831 acc=0.6000
[ep 065] val_sel AUC=0.7649 acc=0.5257
[ep 066] val_sel AUC=0.8023 acc=0.6186
[ep 067] val_sel AUC=0.7775 acc=0.5780
[ep 068] val_sel AUC=0.8077 acc=0.6265
[ep 069] val_sel AUC=0.8013 acc=0.6267
[ep 070] val_sel AUC=0.8061 acc=0.6431
[ep 071] val_sel AUC=0.8085 acc=0.6579
[ep 072] val_sel AUC=0.8114 acc=0.6539
[ep 073] val_sel AUC=0.8197 acc=0.6640
[ep 074] val_sel AUC=0.8267 acc=0.6698
[ep 075] val_sel AUC=0.8363 acc=0.6938
[ep 076] val_sel AUC=0.8404 acc=0.6943
[ep 077] val_sel AUC=0.8435 acc=0.6786
[ep 078] val_sel AUC=0.8488 acc=0.6970
[ep 079] val_sel AUC=0.8468 acc=0.6952
[ep 080] val_sel AUC=0.8503 acc=0.7015
[ep 081] val_sel AUC=0.8522 acc=0.7116
[ep 082] val_sel AUC=0.8575 acc=0.7145
[ep 083] val_sel AUC=0.8591 acc=0.7192
[ep 084] val_sel AUC=0.8633 acc=0.7250
[ep 085] val_sel AUC=0.8640 acc=0.7158
[ep 086] val_sel AUC=0.8641 acc=0.7203
[ep 087] val_sel AUC=0.8627 acc=0.7156
[ep 088] val_sel AUC=0.8638 acc=0.7199
[ep 089] val_sel AUC=0.8692 acc=0.7300
[ep 090] val_sel AUC=0.8692 acc=0.7293
[ep 091] val_sel AUC=0.8692 acc=0.7315
[ep 092] val_sel AUC=0.8696 acc=0.7237
[ep 093] val_sel AUC=0.8701 acc=0.7282
[ep 094] val_sel AUC=0.8702 acc=0.7300
[ep 095] val_sel AUC=0.8702 acc=0.7300
[ep 096] val_sel AUC=0.8702 acc=0.7300
============================================================
TEST (best val_sel epoch, held-out, evaluated once)
============================================================
[DONE-QPE2] embed=quantum model_II N=100 seed=52 test_AUC=0.8837 val_sel_AUC=0.8702 per_class=(axion=0.9169 cdm=0.7851 no_sub=0.9492) params=203508 embed_params=49 R_frob_drift=0.7173861265182495
