[INFO] QPE2 D=64 P=8 depth=4 | embed=quantum | data=model_II N/class=250 seed=60 split_seed=0 | params=203508 embed_params=49 lr=0.001 epochs=96 bs=32 | train(750, 64, 64) val_sel(4455, 64, 64) test(4455, 64, 64) device=cuda
[ep 001] val_sel AUC=0.5243 acc=0.3237
[ep 002] val_sel AUC=0.5235 acc=0.3237
[ep 003] val_sel AUC=0.5265 acc=0.3473
[ep 004] val_sel AUC=0.5272 acc=0.3237
[ep 005] val_sel AUC=0.5252 acc=0.3237
[ep 006] val_sel AUC=0.5231 acc=0.3473
[ep 007] val_sel AUC=0.5237 acc=0.3473
[ep 008] val_sel AUC=0.5224 acc=0.3499
[ep 009] val_sel AUC=0.5206 acc=0.3237
[ep 010] val_sel AUC=0.5186 acc=0.3237
[ep 011] val_sel AUC=0.5211 acc=0.3477
[ep 012] val_sel AUC=0.5247 acc=0.3295
[ep 013] val_sel AUC=0.5271 acc=0.3526
[ep 014] val_sel AUC=0.5302 acc=0.3416
[ep 015] val_sel AUC=0.5461 acc=0.3569
[ep 016] val_sel AUC=0.5723 acc=0.3960
[ep 017] val_sel AUC=0.6254 acc=0.4364
[ep 018] val_sel AUC=0.6603 acc=0.4572
[ep 019] val_sel AUC=0.7595 acc=0.5569
[ep 020] val_sel AUC=0.7255 acc=0.5396
[ep 021] val_sel AUC=0.8168 acc=0.6449
[ep 022] val_sel AUC=0.8486 acc=0.6678
[ep 023] val_sel AUC=0.8349 acc=0.6368
[ep 024] val_sel AUC=0.8695 acc=0.7183
[ep 025] val_sel AUC=0.8606 acc=0.6884
[ep 026] val_sel AUC=0.8719 acc=0.7109
[ep 027] val_sel AUC=0.8843 acc=0.7475
[ep 028] val_sel AUC=0.8856 acc=0.7351
[ep 029] val_sel AUC=0.8921 acc=0.7612
[ep 030] val_sel AUC=0.8940 acc=0.7618
[ep 031] val_sel AUC=0.8946 acc=0.7641
[ep 032] val_sel AUC=0.8952 acc=0.7643
[ep 033] val_sel AUC=0.8128 acc=0.6449
[ep 034] val_sel AUC=0.8378 acc=0.6770
[ep 035] val_sel AUC=0.7974 acc=0.6105
[ep 036] val_sel AUC=0.8686 acc=0.7102
[ep 037] val_sel AUC=0.8202 acc=0.6323
[ep 038] val_sel AUC=0.8832 acc=0.7264
[ep 039] val_sel AUC=0.8316 acc=0.6108
[ep 040] val_sel AUC=0.8789 acc=0.7351
[ep 041] val_sel AUC=0.9023 acc=0.7477
[ep 042] val_sel AUC=0.8974 acc=0.7585
[ep 043] val_sel AUC=0.8765 acc=0.7253
[ep 044] val_sel AUC=0.8798 acc=0.7244
[ep 045] val_sel AUC=0.8645 acc=0.6745
[ep 046] val_sel AUC=0.8931 acc=0.7605
[ep 047] val_sel AUC=0.8649 acc=0.7118
[ep 048] val_sel AUC=0.8963 acc=0.7387
[ep 049] val_sel AUC=0.8910 acc=0.7405
[ep 050] val_sel AUC=0.8859 acc=0.7248
[ep 051] val_sel AUC=0.8668 acc=0.6936
[ep 052] val_sel AUC=0.9045 acc=0.7769
[ep 053] val_sel AUC=0.8797 acc=0.7248
[ep 054] val_sel AUC=0.9068 acc=0.7850
[ep 055] val_sel AUC=0.8917 acc=0.7699
[ep 056] val_sel AUC=0.8795 acc=0.7064
[ep 057] val_sel AUC=0.9060 acc=0.7823
[ep 058] val_sel AUC=0.9025 acc=0.7603
[ep 059] val_sel AUC=0.9074 acc=0.7901
[ep 060] val_sel AUC=0.8995 acc=0.7670
[ep 061] val_sel AUC=0.9015 acc=0.7749
[ep 062] val_sel AUC=0.9029 acc=0.7845
[ep 063] val_sel AUC=0.9137 acc=0.7832
[ep 064] val_sel AUC=0.8920 acc=0.7710
[ep 065] val_sel AUC=0.9047 acc=0.7798
[ep 066] val_sel AUC=0.9141 acc=0.8076
[ep 067] val_sel AUC=0.9035 acc=0.7695
[ep 068] val_sel AUC=0.8924 acc=0.7367
[ep 069] val_sel AUC=0.9093 acc=0.7888
[ep 070] val_sel AUC=0.9026 acc=0.7814
[ep 071] val_sel AUC=0.9116 acc=0.7870
[ep 072] val_sel AUC=0.9191 acc=0.8092
[ep 073] val_sel AUC=0.9001 acc=0.7800
[ep 074] val_sel AUC=0.9083 acc=0.7778
[ep 075] val_sel AUC=0.9138 acc=0.7935
[ep 076] val_sel AUC=0.9185 acc=0.8088
[ep 077] val_sel AUC=0.9158 acc=0.8137
[ep 078] val_sel AUC=0.9111 acc=0.8128
[ep 079] val_sel AUC=0.9166 acc=0.7996
[ep 080] val_sel AUC=0.9112 acc=0.8058
[ep 081] val_sel AUC=0.9081 acc=0.7971
[ep 082] val_sel AUC=0.9162 acc=0.8076
[ep 083] val_sel AUC=0.9173 acc=0.8153
[ep 084] val_sel AUC=0.9158 acc=0.8180
[ep 085] val_sel AUC=0.9144 acc=0.8126
[ep 086] val_sel AUC=0.9140 acc=0.8173
[ep 087] val_sel AUC=0.9140 acc=0.8148
[ep 088] val_sel AUC=0.9114 acc=0.8119
[ep 089] val_sel AUC=0.9120 acc=0.8168
[ep 090] val_sel AUC=0.9141 acc=0.8137
[ep 091] val_sel AUC=0.9135 acc=0.8150
[ep 092] val_sel AUC=0.9136 acc=0.8139
[ep 093] val_sel AUC=0.9127 acc=0.8168
[ep 094] val_sel AUC=0.9126 acc=0.8159
[ep 095] val_sel AUC=0.9126 acc=0.8171
[ep 096] val_sel AUC=0.9127 acc=0.8171
============================================================
TEST (best val_sel epoch, held-out, evaluated once)
============================================================
[DONE-QPE2] embed=quantum model_II N=250 seed=60 test_AUC=0.9205 val_sel_AUC=0.9191 per_class=(axion=0.9403 cdm=0.8518 no_sub=0.9696) params=203508 embed_params=49 R_frob_drift=0.7287579774856567
