[INFO] QPE2 D=64 P=8 depth=4 | embed=quantum | data=model_III N/class=100 seed=53 split_seed=0 | params=203508 embed_params=49 lr=0.001 epochs=96 bs=32 | train(300, 64, 64) val_sel(4469, 64, 64) test(4470, 64, 64) device=cuda
[ep 001] val_sel AUC=0.4847 acc=0.3285
[ep 002] val_sel AUC=0.5107 acc=0.3283
[ep 003] val_sel AUC=0.5113 acc=0.3209
[ep 004] val_sel AUC=0.5337 acc=0.3283
[ep 005] val_sel AUC=0.5303 acc=0.3433
[ep 006] val_sel AUC=0.5434 acc=0.3283
[ep 007] val_sel AUC=0.5414 acc=0.3285
[ep 008] val_sel AUC=0.5484 acc=0.3433
[ep 009] val_sel AUC=0.5445 acc=0.3285
[ep 010] val_sel AUC=0.5408 acc=0.3285
[ep 011] val_sel AUC=0.5419 acc=0.3283
[ep 012] val_sel AUC=0.5373 acc=0.3433
[ep 013] val_sel AUC=0.5349 acc=0.3285
[ep 014] val_sel AUC=0.5352 acc=0.3433
[ep 015] val_sel AUC=0.5336 acc=0.3345
[ep 016] val_sel AUC=0.5313 acc=0.3412
[ep 017] val_sel AUC=0.5247 acc=0.3433
[ep 018] val_sel AUC=0.5242 acc=0.3450
[ep 019] val_sel AUC=0.5261 acc=0.3379
[ep 020] val_sel AUC=0.5266 acc=0.3374
[ep 021] val_sel AUC=0.5261 acc=0.3464
[ep 022] val_sel AUC=0.5291 acc=0.3464
[ep 023] val_sel AUC=0.5310 acc=0.3370
[ep 024] val_sel AUC=0.5305 acc=0.3394
[ep 025] val_sel AUC=0.5335 acc=0.3410
[ep 026] val_sel AUC=0.5345 acc=0.3439
[ep 027] val_sel AUC=0.5354 acc=0.3374
[ep 028] val_sel AUC=0.5358 acc=0.3397
[ep 029] val_sel AUC=0.5357 acc=0.3383
[ep 030] val_sel AUC=0.5358 acc=0.3399
[ep 031] val_sel AUC=0.5356 acc=0.3433
[ep 032] val_sel AUC=0.5356 acc=0.3435
[ep 033] val_sel AUC=0.5438 acc=0.3356
[ep 034] val_sel AUC=0.5487 acc=0.3388
[ep 035] val_sel AUC=0.5417 acc=0.3491
[ep 036] val_sel AUC=0.5482 acc=0.3542
[ep 037] val_sel AUC=0.5578 acc=0.3833
[ep 038] val_sel AUC=0.5644 acc=0.3811
[ep 039] val_sel AUC=0.5583 acc=0.3887
[ep 040] val_sel AUC=0.5907 acc=0.4012
[ep 041] val_sel AUC=0.5867 acc=0.4113
[ep 042] val_sel AUC=0.6118 acc=0.4218
[ep 043] val_sel AUC=0.6474 acc=0.4578
[ep 044] val_sel AUC=0.6404 acc=0.4433
[ep 045] val_sel AUC=0.6787 acc=0.4547
[ep 046] val_sel AUC=0.7149 acc=0.5229
[ep 047] val_sel AUC=0.7814 acc=0.5724
[ep 048] val_sel AUC=0.7960 acc=0.6115
[ep 049] val_sel AUC=0.6917 acc=0.4533
[ep 050] val_sel AUC=0.7266 acc=0.5068
[ep 051] val_sel AUC=0.7373 acc=0.5458
[ep 052] val_sel AUC=0.7589 acc=0.5992
[ep 053] val_sel AUC=0.7929 acc=0.6261
[ep 054] val_sel AUC=0.8044 acc=0.6373
[ep 055] val_sel AUC=0.7951 acc=0.6156
[ep 056] val_sel AUC=0.7882 acc=0.6362
[ep 057] val_sel AUC=0.8412 acc=0.6708
[ep 058] val_sel AUC=0.8461 acc=0.6834
[ep 059] val_sel AUC=0.8594 acc=0.6997
[ep 060] val_sel AUC=0.8553 acc=0.7096
[ep 061] val_sel AUC=0.8337 acc=0.6908
[ep 062] val_sel AUC=0.8622 acc=0.7080
[ep 063] val_sel AUC=0.8574 acc=0.7185
[ep 064] val_sel AUC=0.8650 acc=0.6977
[ep 065] val_sel AUC=0.8379 acc=0.6793
[ep 066] val_sel AUC=0.8731 acc=0.7420
[ep 067] val_sel AUC=0.8729 acc=0.7203
[ep 068] val_sel AUC=0.8713 acc=0.7398
[ep 069] val_sel AUC=0.8845 acc=0.7386
[ep 070] val_sel AUC=0.8853 acc=0.7548
[ep 071] val_sel AUC=0.8792 acc=0.7463
[ep 072] val_sel AUC=0.8826 acc=0.7440
[ep 073] val_sel AUC=0.8626 acc=0.7234
[ep 074] val_sel AUC=0.8768 acc=0.7451
[ep 075] val_sel AUC=0.8664 acc=0.7223
[ep 076] val_sel AUC=0.8738 acc=0.7335
[ep 077] val_sel AUC=0.8747 acc=0.7375
[ep 078] val_sel AUC=0.8772 acc=0.7398
[ep 079] val_sel AUC=0.8762 acc=0.7344
[ep 080] val_sel AUC=0.8743 acc=0.7306
[ep 081] val_sel AUC=0.8757 acc=0.7254
[ep 082] val_sel AUC=0.8699 acc=0.7163
[ep 083] val_sel AUC=0.8705 acc=0.7277
[ep 084] val_sel AUC=0.8762 acc=0.7433
[ep 085] val_sel AUC=0.8731 acc=0.7362
[ep 086] val_sel AUC=0.8707 acc=0.7319
[ep 087] val_sel AUC=0.8760 acc=0.7391
[ep 088] val_sel AUC=0.8749 acc=0.7404
[ep 089] val_sel AUC=0.8725 acc=0.7386
[ep 090] val_sel AUC=0.8736 acc=0.7416
[ep 091] val_sel AUC=0.8732 acc=0.7389
[ep 092] val_sel AUC=0.8732 acc=0.7402
[ep 093] val_sel AUC=0.8733 acc=0.7422
[ep 094] val_sel AUC=0.8736 acc=0.7416
[ep 095] val_sel AUC=0.8736 acc=0.7416
[ep 096] val_sel AUC=0.8735 acc=0.7420
============================================================
TEST (best val_sel epoch, held-out, evaluated once)
============================================================
[DONE-QPE2] embed=quantum model_III N=100 seed=53 test_AUC=0.8836 val_sel_AUC=0.8853 per_class=(axion=0.9223 cdm=0.7814 no_sub=0.9471) params=203508 embed_params=49 R_frob_drift=0.636942446231842
