[INFO] QPE2 D=64 P=8 depth=4 | embed=quantum | data=model_III N/class=100 seed=54 split_seed=0 | params=203508 embed_params=49 lr=0.001 epochs=96 bs=32 | train(300, 64, 64) val_sel(4469, 64, 64) test(4470, 64, 64) device=cuda
[ep 001] val_sel AUC=0.5274 acc=0.3283
[ep 002] val_sel AUC=0.4737 acc=0.3285
[ep 003] val_sel AUC=0.4866 acc=0.3283
[ep 004] val_sel AUC=0.4940 acc=0.3433
[ep 005] val_sel AUC=0.5036 acc=0.3433
[ep 006] val_sel AUC=0.5162 acc=0.3285
[ep 007] val_sel AUC=0.5199 acc=0.3307
[ep 008] val_sel AUC=0.5292 acc=0.3283
[ep 009] val_sel AUC=0.5320 acc=0.3285
[ep 010] val_sel AUC=0.5421 acc=0.3283
[ep 011] val_sel AUC=0.5407 acc=0.3283
[ep 012] val_sel AUC=0.5438 acc=0.3285
[ep 013] val_sel AUC=0.5423 acc=0.3283
[ep 014] val_sel AUC=0.5447 acc=0.3283
[ep 015] val_sel AUC=0.5405 acc=0.3285
[ep 016] val_sel AUC=0.5372 acc=0.3285
[ep 017] val_sel AUC=0.5518 acc=0.3283
[ep 018] val_sel AUC=0.5298 acc=0.3433
[ep 019] val_sel AUC=0.5362 acc=0.3433
[ep 020] val_sel AUC=0.5538 acc=0.3283
[ep 021] val_sel AUC=0.5367 acc=0.3444
[ep 022] val_sel AUC=0.5308 acc=0.3433
[ep 023] val_sel AUC=0.5341 acc=0.3323
[ep 024] val_sel AUC=0.5357 acc=0.3283
[ep 025] val_sel AUC=0.5311 acc=0.3509
[ep 026] val_sel AUC=0.5277 acc=0.3343
[ep 027] val_sel AUC=0.5291 acc=0.3475
[ep 028] val_sel AUC=0.5305 acc=0.3444
[ep 029] val_sel AUC=0.5309 acc=0.3457
[ep 030] val_sel AUC=0.5314 acc=0.3488
[ep 031] val_sel AUC=0.5315 acc=0.3495
[ep 032] val_sel AUC=0.5315 acc=0.3491
[ep 033] val_sel AUC=0.5420 acc=0.3497
[ep 034] val_sel AUC=0.5620 acc=0.3488
[ep 035] val_sel AUC=0.5845 acc=0.3770
[ep 036] val_sel AUC=0.5872 acc=0.3455
[ep 037] val_sel AUC=0.6123 acc=0.3920
[ep 038] val_sel AUC=0.6034 acc=0.3786
[ep 039] val_sel AUC=0.5590 acc=0.3598
[ep 040] val_sel AUC=0.6356 acc=0.4341
[ep 041] val_sel AUC=0.6361 acc=0.3802
[ep 042] val_sel AUC=0.7038 acc=0.5319
[ep 043] val_sel AUC=0.6702 acc=0.3589
[ep 044] val_sel AUC=0.6907 acc=0.4433
[ep 045] val_sel AUC=0.7333 acc=0.5126
[ep 046] val_sel AUC=0.7151 acc=0.5138
[ep 047] val_sel AUC=0.7304 acc=0.5305
[ep 048] val_sel AUC=0.7378 acc=0.5053
[ep 049] val_sel AUC=0.7418 acc=0.5487
[ep 050] val_sel AUC=0.7711 acc=0.5921
[ep 051] val_sel AUC=0.7993 acc=0.6187
[ep 052] val_sel AUC=0.7947 acc=0.6303
[ep 053] val_sel AUC=0.8160 acc=0.6565
[ep 054] val_sel AUC=0.8226 acc=0.6209
[ep 055] val_sel AUC=0.7632 acc=0.5285
[ep 056] val_sel AUC=0.8082 acc=0.6247
[ep 057] val_sel AUC=0.8307 acc=0.5963
[ep 058] val_sel AUC=0.8384 acc=0.6829
[ep 059] val_sel AUC=0.8012 acc=0.6303
[ep 060] val_sel AUC=0.8247 acc=0.6422
[ep 061] val_sel AUC=0.8376 acc=0.6704
[ep 062] val_sel AUC=0.8478 acc=0.7104
[ep 063] val_sel AUC=0.8440 acc=0.6988
[ep 064] val_sel AUC=0.8725 acc=0.7234
[ep 065] val_sel AUC=0.8697 acc=0.7125
[ep 066] val_sel AUC=0.8800 acc=0.7187
[ep 067] val_sel AUC=0.8760 acc=0.6771
[ep 068] val_sel AUC=0.8562 acc=0.6670
[ep 069] val_sel AUC=0.8911 acc=0.7738
[ep 070] val_sel AUC=0.8864 acc=0.7539
[ep 071] val_sel AUC=0.8827 acc=0.7442
[ep 072] val_sel AUC=0.8878 acc=0.7570
[ep 073] val_sel AUC=0.8890 acc=0.7557
[ep 074] val_sel AUC=0.8982 acc=0.7460
[ep 075] val_sel AUC=0.8927 acc=0.7494
[ep 076] val_sel AUC=0.8945 acc=0.7738
[ep 077] val_sel AUC=0.8970 acc=0.7552
[ep 078] val_sel AUC=0.8935 acc=0.7738
[ep 079] val_sel AUC=0.8977 acc=0.7722
[ep 080] val_sel AUC=0.8966 acc=0.7805
[ep 081] val_sel AUC=0.8968 acc=0.7809
[ep 082] val_sel AUC=0.9002 acc=0.7655
[ep 083] val_sel AUC=0.8943 acc=0.7816
[ep 084] val_sel AUC=0.8879 acc=0.7680
[ep 085] val_sel AUC=0.8992 acc=0.7742
[ep 086] val_sel AUC=0.8998 acc=0.7794
[ep 087] val_sel AUC=0.8996 acc=0.7816
[ep 088] val_sel AUC=0.8982 acc=0.7834
[ep 089] val_sel AUC=0.8989 acc=0.7832
[ep 090] val_sel AUC=0.8986 acc=0.7794
[ep 091] val_sel AUC=0.8971 acc=0.7803
[ep 092] val_sel AUC=0.8979 acc=0.7796
[ep 093] val_sel AUC=0.8982 acc=0.7791
[ep 094] val_sel AUC=0.8972 acc=0.7778
[ep 095] val_sel AUC=0.8964 acc=0.7778
[ep 096] val_sel AUC=0.8963 acc=0.7774
============================================================
TEST (best val_sel epoch, held-out, evaluated once)
============================================================
[DONE-QPE2] embed=quantum model_III N=100 seed=54 test_AUC=0.9005 val_sel_AUC=0.9002 per_class=(axion=0.9248 cdm=0.8097 no_sub=0.9670) params=203508 embed_params=49 R_frob_drift=0.9732712507247925
