[INFO] QPE2 D=64 P=8 depth=4 | embed=quantum | data=model_III N/class=250 seed=55 split_seed=0 | params=203508 embed_params=49 lr=0.001 epochs=96 bs=32 | train(750, 64, 64) val_sel(4469, 64, 64) test(4470, 64, 64) device=cuda
[ep 001] val_sel AUC=0.4967 acc=0.3285
[ep 002] val_sel AUC=0.5221 acc=0.3433
[ep 003] val_sel AUC=0.5448 acc=0.3283
[ep 004] val_sel AUC=0.5531 acc=0.3283
[ep 005] val_sel AUC=0.5489 acc=0.3433
[ep 006] val_sel AUC=0.5521 acc=0.3285
[ep 007] val_sel AUC=0.5557 acc=0.3285
[ep 008] val_sel AUC=0.5561 acc=0.3283
[ep 009] val_sel AUC=0.5535 acc=0.3401
[ep 010] val_sel AUC=0.5549 acc=0.3433
[ep 011] val_sel AUC=0.5655 acc=0.3433
[ep 012] val_sel AUC=0.5614 acc=0.3283
[ep 013] val_sel AUC=0.5792 acc=0.3737
[ep 014] val_sel AUC=0.5949 acc=0.4057
[ep 015] val_sel AUC=0.5900 acc=0.3560
[ep 016] val_sel AUC=0.5824 acc=0.3976
[ep 017] val_sel AUC=0.6322 acc=0.4305
[ep 018] val_sel AUC=0.6940 acc=0.4977
[ep 019] val_sel AUC=0.7509 acc=0.5451
[ep 020] val_sel AUC=0.7946 acc=0.5930
[ep 021] val_sel AUC=0.8224 acc=0.6590
[ep 022] val_sel AUC=0.8458 acc=0.6771
[ep 023] val_sel AUC=0.8569 acc=0.6791
[ep 024] val_sel AUC=0.8785 acc=0.7185
[ep 025] val_sel AUC=0.8750 acc=0.7239
[ep 026] val_sel AUC=0.8872 acc=0.7295
[ep 027] val_sel AUC=0.8919 acc=0.7512
[ep 028] val_sel AUC=0.8942 acc=0.7485
[ep 029] val_sel AUC=0.9030 acc=0.7691
[ep 030] val_sel AUC=0.8997 acc=0.7612
[ep 031] val_sel AUC=0.9030 acc=0.7691
[ep 032] val_sel AUC=0.9030 acc=0.7680
[ep 033] val_sel AUC=0.8657 acc=0.6682
[ep 034] val_sel AUC=0.8824 acc=0.7210
[ep 035] val_sel AUC=0.8833 acc=0.7254
[ep 036] val_sel AUC=0.8837 acc=0.7232
[ep 037] val_sel AUC=0.8406 acc=0.5995
[ep 038] val_sel AUC=0.8863 acc=0.7257
[ep 039] val_sel AUC=0.8898 acc=0.7398
[ep 040] val_sel AUC=0.9074 acc=0.7637
[ep 041] val_sel AUC=0.8899 acc=0.7301
[ep 042] val_sel AUC=0.8913 acc=0.7306
[ep 043] val_sel AUC=0.8999 acc=0.7254
[ep 044] val_sel AUC=0.9118 acc=0.7892
[ep 045] val_sel AUC=0.9108 acc=0.7794
[ep 046] val_sel AUC=0.8716 acc=0.6585
[ep 047] val_sel AUC=0.9081 acc=0.7431
[ep 048] val_sel AUC=0.8867 acc=0.7407
[ep 049] val_sel AUC=0.8933 acc=0.7429
[ep 050] val_sel AUC=0.9075 acc=0.7689
[ep 051] val_sel AUC=0.9264 acc=0.8067
[ep 052] val_sel AUC=0.9081 acc=0.7756
[ep 053] val_sel AUC=0.9050 acc=0.7872
[ep 054] val_sel AUC=0.9104 acc=0.7798
[ep 055] val_sel AUC=0.8838 acc=0.7250
[ep 056] val_sel AUC=0.9038 acc=0.7671
[ep 057] val_sel AUC=0.9121 acc=0.7671
[ep 058] val_sel AUC=0.9087 acc=0.7673
[ep 059] val_sel AUC=0.9195 acc=0.8047
[ep 060] val_sel AUC=0.9064 acc=0.7615
[ep 061] val_sel AUC=0.9261 acc=0.7825
[ep 062] val_sel AUC=0.9247 acc=0.7948
[ep 063] val_sel AUC=0.9189 acc=0.7778
[ep 064] val_sel AUC=0.9249 acc=0.8031
[ep 065] val_sel AUC=0.9271 acc=0.8100
[ep 066] val_sel AUC=0.9283 acc=0.8163
[ep 067] val_sel AUC=0.9136 acc=0.7713
[ep 068] val_sel AUC=0.9210 acc=0.8134
[ep 069] val_sel AUC=0.9317 acc=0.8053
[ep 070] val_sel AUC=0.9309 acc=0.8196
[ep 071] val_sel AUC=0.9293 acc=0.8270
[ep 072] val_sel AUC=0.9224 acc=0.8129
[ep 073] val_sel AUC=0.9273 acc=0.8055
[ep 074] val_sel AUC=0.9275 acc=0.8246
[ep 075] val_sel AUC=0.9157 acc=0.7574
[ep 076] val_sel AUC=0.9186 acc=0.8071
[ep 077] val_sel AUC=0.9239 acc=0.8228
[ep 078] val_sel AUC=0.9273 acc=0.8331
[ep 079] val_sel AUC=0.9280 acc=0.8387
[ep 080] val_sel AUC=0.9235 acc=0.8411
[ep 081] val_sel AUC=0.9177 acc=0.8232
[ep 082] val_sel AUC=0.9244 acc=0.8351
[ep 083] val_sel AUC=0.9222 acc=0.8342
[ep 084] val_sel AUC=0.9236 acc=0.8382
[ep 085] val_sel AUC=0.9260 acc=0.8322
[ep 086] val_sel AUC=0.9247 acc=0.8418
[ep 087] val_sel AUC=0.9254 acc=0.8443
[ep 088] val_sel AUC=0.9183 acc=0.8355
[ep 089] val_sel AUC=0.9250 acc=0.8452
[ep 090] val_sel AUC=0.9220 acc=0.8418
[ep 091] val_sel AUC=0.9220 acc=0.8402
[ep 092] val_sel AUC=0.9210 acc=0.8407
[ep 093] val_sel AUC=0.9207 acc=0.8387
[ep 094] val_sel AUC=0.9211 acc=0.8389
[ep 095] val_sel AUC=0.9210 acc=0.8393
[ep 096] val_sel AUC=0.9209 acc=0.8389
============================================================
TEST (best val_sel epoch, held-out, evaluated once)
============================================================
[DONE-QPE2] embed=quantum model_III N=250 seed=55 test_AUC=0.9270 val_sel_AUC=0.9317 per_class=(axion=0.9479 cdm=0.8660 no_sub=0.9673) params=203508 embed_params=49 R_frob_drift=0.6845532655715942
