[INFO] QPE2 D=64 P=8 depth=4 | embed=quantum | data=model_II N/class=250 seed=55 split_seed=0 | params=203508 embed_params=49 lr=0.001 epochs=96 bs=32 | train(750, 64, 64) val_sel(4455, 64, 64) test(4455, 64, 64) device=cuda
[ep 001] val_sel AUC=0.5090 acc=0.3237
[ep 002] val_sel AUC=0.5166 acc=0.3473
[ep 003] val_sel AUC=0.5248 acc=0.3291
[ep 004] val_sel AUC=0.5321 acc=0.3291
[ep 005] val_sel AUC=0.5222 acc=0.3473
[ep 006] val_sel AUC=0.5286 acc=0.3237
[ep 007] val_sel AUC=0.5357 acc=0.3237
[ep 008] val_sel AUC=0.5443 acc=0.3291
[ep 009] val_sel AUC=0.5441 acc=0.3237
[ep 010] val_sel AUC=0.5430 acc=0.3473
[ep 011] val_sel AUC=0.5472 acc=0.3473
[ep 012] val_sel AUC=0.5500 acc=0.3291
[ep 013] val_sel AUC=0.5464 acc=0.3473
[ep 014] val_sel AUC=0.5461 acc=0.3291
[ep 015] val_sel AUC=0.5458 acc=0.3295
[ep 016] val_sel AUC=0.5449 acc=0.3598
[ep 017] val_sel AUC=0.5437 acc=0.3562
[ep 018] val_sel AUC=0.5446 acc=0.3513
[ep 019] val_sel AUC=0.5440 acc=0.3632
[ep 020] val_sel AUC=0.5459 acc=0.3632
[ep 021] val_sel AUC=0.5480 acc=0.3672
[ep 022] val_sel AUC=0.5475 acc=0.3574
[ep 023] val_sel AUC=0.5484 acc=0.3607
[ep 024] val_sel AUC=0.5492 acc=0.3726
[ep 025] val_sel AUC=0.5499 acc=0.3612
[ep 026] val_sel AUC=0.5501 acc=0.3578
[ep 027] val_sel AUC=0.5504 acc=0.3614
[ep 028] val_sel AUC=0.5504 acc=0.3600
[ep 029] val_sel AUC=0.5506 acc=0.3571
[ep 030] val_sel AUC=0.5506 acc=0.3580
[ep 031] val_sel AUC=0.5505 acc=0.3589
[ep 032] val_sel AUC=0.5505 acc=0.3587
[ep 033] val_sel AUC=0.5909 acc=0.3607
[ep 034] val_sel AUC=0.5822 acc=0.3556
[ep 035] val_sel AUC=0.5848 acc=0.3850
[ep 036] val_sel AUC=0.5761 acc=0.3762
[ep 037] val_sel AUC=0.6730 acc=0.4334
[ep 038] val_sel AUC=0.7356 acc=0.5394
[ep 039] val_sel AUC=0.7082 acc=0.5203
[ep 040] val_sel AUC=0.7143 acc=0.5219
[ep 041] val_sel AUC=0.7990 acc=0.5892
[ep 042] val_sel AUC=0.8347 acc=0.6824
[ep 043] val_sel AUC=0.8248 acc=0.6352
[ep 044] val_sel AUC=0.8722 acc=0.7304
[ep 045] val_sel AUC=0.8007 acc=0.6409
[ep 046] val_sel AUC=0.8656 acc=0.7109
[ep 047] val_sel AUC=0.8902 acc=0.7688
[ep 048] val_sel AUC=0.8638 acc=0.6923
[ep 049] val_sel AUC=0.8686 acc=0.7019
[ep 050] val_sel AUC=0.8936 acc=0.7785
[ep 051] val_sel AUC=0.8646 acc=0.7053
[ep 052] val_sel AUC=0.8623 acc=0.6682
[ep 053] val_sel AUC=0.8874 acc=0.7547
[ep 054] val_sel AUC=0.9071 acc=0.7701
[ep 055] val_sel AUC=0.9042 acc=0.7789
[ep 056] val_sel AUC=0.9074 acc=0.7845
[ep 057] val_sel AUC=0.8739 acc=0.7367
[ep 058] val_sel AUC=0.9069 acc=0.7627
[ep 059] val_sel AUC=0.8980 acc=0.7681
[ep 060] val_sel AUC=0.9007 acc=0.7531
[ep 061] val_sel AUC=0.9138 acc=0.7921
[ep 062] val_sel AUC=0.9148 acc=0.7984
[ep 063] val_sel AUC=0.9124 acc=0.8079
[ep 064] val_sel AUC=0.9176 acc=0.8025
[ep 065] val_sel AUC=0.9096 acc=0.7886
[ep 066] val_sel AUC=0.8839 acc=0.7520
[ep 067] val_sel AUC=0.9131 acc=0.8076
[ep 068] val_sel AUC=0.9173 acc=0.8155
[ep 069] val_sel AUC=0.9110 acc=0.7948
[ep 070] val_sel AUC=0.9012 acc=0.7933
[ep 071] val_sel AUC=0.9175 acc=0.8168
[ep 072] val_sel AUC=0.9186 acc=0.8200
[ep 073] val_sel AUC=0.9203 acc=0.8173
[ep 074] val_sel AUC=0.9168 acc=0.8132
[ep 075] val_sel AUC=0.9184 acc=0.8236
[ep 076] val_sel AUC=0.9224 acc=0.8283
[ep 077] val_sel AUC=0.9190 acc=0.8227
[ep 078] val_sel AUC=0.9180 acc=0.8258
[ep 079] val_sel AUC=0.9234 acc=0.8359
[ep 080] val_sel AUC=0.9227 acc=0.8314
[ep 081] val_sel AUC=0.9205 acc=0.8218
[ep 082] val_sel AUC=0.9237 acc=0.8305
[ep 083] val_sel AUC=0.9244 acc=0.8370
[ep 084] val_sel AUC=0.9241 acc=0.8290
[ep 085] val_sel AUC=0.9242 acc=0.8316
[ep 086] val_sel AUC=0.9246 acc=0.8260
[ep 087] val_sel AUC=0.9231 acc=0.8251
[ep 088] val_sel AUC=0.9238 acc=0.8299
[ep 089] val_sel AUC=0.9234 acc=0.8283
[ep 090] val_sel AUC=0.9241 acc=0.8258
[ep 091] val_sel AUC=0.9243 acc=0.8285
[ep 092] val_sel AUC=0.9240 acc=0.8283
[ep 093] val_sel AUC=0.9240 acc=0.8276
[ep 094] val_sel AUC=0.9240 acc=0.8278
[ep 095] val_sel AUC=0.9240 acc=0.8274
[ep 096] val_sel AUC=0.9240 acc=0.8278
============================================================
TEST (best val_sel epoch, held-out, evaluated once)
============================================================
[DONE-QPE2] embed=quantum model_II N=250 seed=55 test_AUC=0.9305 val_sel_AUC=0.9246 per_class=(axion=0.9361 cdm=0.8739 no_sub=0.9815) params=203508 embed_params=49 R_frob_drift=1.0278946161270142
