[INFO] QPE2 D=64 P=8 depth=4 | embed=quantum | data=model_III N/class=250 seed=42 split_seed=0 | params=203508 embed_params=49 lr=0.001 epochs=96 bs=32 | train(750, 64, 64) val_sel(4469, 64, 64) test(4470, 64, 64) device=cuda
[ep 001] val_sel AUC=0.5497 acc=0.3285
[ep 002] val_sel AUC=0.5620 acc=0.3283
[ep 003] val_sel AUC=0.5678 acc=0.3287
[ep 004] val_sel AUC=0.5755 acc=0.3283
[ep 005] val_sel AUC=0.5484 acc=0.3562
[ep 006] val_sel AUC=0.5361 acc=0.3540
[ep 007] val_sel AUC=0.5727 acc=0.3578
[ep 008] val_sel AUC=0.5666 acc=0.3688
[ep 009] val_sel AUC=0.6122 acc=0.3710
[ep 010] val_sel AUC=0.6716 acc=0.4276
[ep 011] val_sel AUC=0.7123 acc=0.5012
[ep 012] val_sel AUC=0.7394 acc=0.5373
[ep 013] val_sel AUC=0.7970 acc=0.5928
[ep 014] val_sel AUC=0.7759 acc=0.5684
[ep 015] val_sel AUC=0.8663 acc=0.7100
[ep 016] val_sel AUC=0.8503 acc=0.6796
[ep 017] val_sel AUC=0.8871 acc=0.7284
[ep 018] val_sel AUC=0.8779 acc=0.7398
[ep 019] val_sel AUC=0.8926 acc=0.7107
[ep 020] val_sel AUC=0.9018 acc=0.7525
[ep 021] val_sel AUC=0.8850 acc=0.7615
[ep 022] val_sel AUC=0.8929 acc=0.7570
[ep 023] val_sel AUC=0.8939 acc=0.7568
[ep 024] val_sel AUC=0.9021 acc=0.7865
[ep 025] val_sel AUC=0.9164 acc=0.8040
[ep 026] val_sel AUC=0.9191 acc=0.7834
[ep 027] val_sel AUC=0.9213 acc=0.8073
[ep 028] val_sel AUC=0.9223 acc=0.8127
[ep 029] val_sel AUC=0.9245 acc=0.8145
[ep 030] val_sel AUC=0.9228 acc=0.8190
[ep 031] val_sel AUC=0.9220 acc=0.8138
[ep 032] val_sel AUC=0.9228 acc=0.8149
[ep 033] val_sel AUC=0.8718 acc=0.7216
[ep 034] val_sel AUC=0.8832 acc=0.7299
[ep 035] val_sel AUC=0.8832 acc=0.7503
[ep 036] val_sel AUC=0.8521 acc=0.6655
[ep 037] val_sel AUC=0.8953 acc=0.7004
[ep 038] val_sel AUC=0.9248 acc=0.8123
[ep 039] val_sel AUC=0.9164 acc=0.7628
[ep 040] val_sel AUC=0.9068 acc=0.7451
[ep 041] val_sel AUC=0.8557 acc=0.7069
[ep 042] val_sel AUC=0.9088 acc=0.7431
[ep 043] val_sel AUC=0.8967 acc=0.7664
[ep 044] val_sel AUC=0.9150 acc=0.7894
[ep 045] val_sel AUC=0.9181 acc=0.7937
[ep 046] val_sel AUC=0.9257 acc=0.8031
[ep 047] val_sel AUC=0.9339 acc=0.8152
[ep 048] val_sel AUC=0.8962 acc=0.7386
[ep 049] val_sel AUC=0.9155 acc=0.7843
[ep 050] val_sel AUC=0.9223 acc=0.8011
[ep 051] val_sel AUC=0.9232 acc=0.7968
[ep 052] val_sel AUC=0.9348 acc=0.8228
[ep 053] val_sel AUC=0.9331 acc=0.7928
[ep 054] val_sel AUC=0.9409 acc=0.8138
[ep 055] val_sel AUC=0.9204 acc=0.8091
[ep 056] val_sel AUC=0.9232 acc=0.7959
[ep 057] val_sel AUC=0.9354 acc=0.8277
[ep 058] val_sel AUC=0.9425 acc=0.8369
[ep 059] val_sel AUC=0.9197 acc=0.7785
[ep 060] val_sel AUC=0.9385 acc=0.8302
[ep 061] val_sel AUC=0.9347 acc=0.7944
[ep 062] val_sel AUC=0.9359 acc=0.8360
[ep 063] val_sel AUC=0.9474 acc=0.8534
[ep 064] val_sel AUC=0.9340 acc=0.8259
[ep 065] val_sel AUC=0.9339 acc=0.8069
[ep 066] val_sel AUC=0.9417 acc=0.8279
[ep 067] val_sel AUC=0.9317 acc=0.8167
[ep 068] val_sel AUC=0.9265 acc=0.7704
[ep 069] val_sel AUC=0.9338 acc=0.8073
[ep 070] val_sel AUC=0.9472 acc=0.8438
[ep 071] val_sel AUC=0.9341 acc=0.8214
[ep 072] val_sel AUC=0.9484 acc=0.8485
[ep 073] val_sel AUC=0.9525 acc=0.8646
[ep 074] val_sel AUC=0.9528 acc=0.8595
[ep 075] val_sel AUC=0.9501 acc=0.8525
[ep 076] val_sel AUC=0.9488 acc=0.8512
[ep 077] val_sel AUC=0.9498 acc=0.8604
[ep 078] val_sel AUC=0.9500 acc=0.8528
[ep 079] val_sel AUC=0.9539 acc=0.8561
[ep 080] val_sel AUC=0.9567 acc=0.8758
[ep 081] val_sel AUC=0.9514 acc=0.8622
[ep 082] val_sel AUC=0.9557 acc=0.8660
[ep 083] val_sel AUC=0.9559 acc=0.8608
[ep 084] val_sel AUC=0.9566 acc=0.8727
[ep 085] val_sel AUC=0.9526 acc=0.8579
[ep 086] val_sel AUC=0.9551 acc=0.8680
[ep 087] val_sel AUC=0.9536 acc=0.8772
[ep 088] val_sel AUC=0.9559 acc=0.8765
[ep 089] val_sel AUC=0.9554 acc=0.8785
[ep 090] val_sel AUC=0.9550 acc=0.8772
[ep 091] val_sel AUC=0.9547 acc=0.8787
[ep 092] val_sel AUC=0.9548 acc=0.8794
[ep 093] val_sel AUC=0.9545 acc=0.8812
[ep 094] val_sel AUC=0.9548 acc=0.8792
[ep 095] val_sel AUC=0.9549 acc=0.8792
[ep 096] val_sel AUC=0.9549 acc=0.8789
============================================================
TEST (best val_sel epoch, held-out, evaluated once)
============================================================
[DONE-QPE2] embed=quantum model_III N=250 seed=42 test_AUC=0.9520 val_sel_AUC=0.9567 per_class=(axion=0.9588 cdm=0.9136 no_sub=0.9834) params=203508 embed_params=49 R_frob_drift=0.6864190697669983
