[INFO] QPE2 D=64 P=8 depth=4 | embed=quantum | data=model_II N/class=250 seed=59 split_seed=0 | params=203508 embed_params=49 lr=0.001 epochs=96 bs=32 | train(750, 64, 64) val_sel(4455, 64, 64) test(4455, 64, 64) device=cuda
[ep 001] val_sel AUC=0.4762 acc=0.3291
[ep 002] val_sel AUC=0.4948 acc=0.3237
[ep 003] val_sel AUC=0.5060 acc=0.3237
[ep 004] val_sel AUC=0.5116 acc=0.3291
[ep 005] val_sel AUC=0.5228 acc=0.3291
[ep 006] val_sel AUC=0.5248 acc=0.3237
[ep 007] val_sel AUC=0.5236 acc=0.3291
[ep 008] val_sel AUC=0.5243 acc=0.3473
[ep 009] val_sel AUC=0.5237 acc=0.3237
[ep 010] val_sel AUC=0.5257 acc=0.3428
[ep 011] val_sel AUC=0.5267 acc=0.3481
[ep 012] val_sel AUC=0.5273 acc=0.3479
[ep 013] val_sel AUC=0.5283 acc=0.3542
[ep 014] val_sel AUC=0.5285 acc=0.3452
[ep 015] val_sel AUC=0.5299 acc=0.3551
[ep 016] val_sel AUC=0.5307 acc=0.3605
[ep 017] val_sel AUC=0.5318 acc=0.3562
[ep 018] val_sel AUC=0.5340 acc=0.3493
[ep 019] val_sel AUC=0.5402 acc=0.3594
[ep 020] val_sel AUC=0.5517 acc=0.3672
[ep 021] val_sel AUC=0.5603 acc=0.3776
[ep 022] val_sel AUC=0.5676 acc=0.3787
[ep 023] val_sel AUC=0.5700 acc=0.3643
[ep 024] val_sel AUC=0.5744 acc=0.3937
[ep 025] val_sel AUC=0.5808 acc=0.4043
[ep 026] val_sel AUC=0.5875 acc=0.4128
[ep 027] val_sel AUC=0.5909 acc=0.4274
[ep 028] val_sel AUC=0.5963 acc=0.4263
[ep 029] val_sel AUC=0.5996 acc=0.4222
[ep 030] val_sel AUC=0.6016 acc=0.4233
[ep 031] val_sel AUC=0.6021 acc=0.4334
[ep 032] val_sel AUC=0.6025 acc=0.4325
[ep 033] val_sel AUC=0.6077 acc=0.4011
[ep 034] val_sel AUC=0.5932 acc=0.4171
[ep 035] val_sel AUC=0.6724 acc=0.4139
[ep 036] val_sel AUC=0.6909 acc=0.3861
[ep 037] val_sel AUC=0.6976 acc=0.4103
[ep 038] val_sel AUC=0.7395 acc=0.5493
[ep 039] val_sel AUC=0.7439 acc=0.5697
[ep 040] val_sel AUC=0.8134 acc=0.6330
[ep 041] val_sel AUC=0.7919 acc=0.5908
[ep 042] val_sel AUC=0.7605 acc=0.5574
[ep 043] val_sel AUC=0.8633 acc=0.6932
[ep 044] val_sel AUC=0.7934 acc=0.6148
[ep 045] val_sel AUC=0.8585 acc=0.7174
[ep 046] val_sel AUC=0.8959 acc=0.7540
[ep 047] val_sel AUC=0.8516 acc=0.6640
[ep 048] val_sel AUC=0.8803 acc=0.7306
[ep 049] val_sel AUC=0.8678 acc=0.7163
[ep 050] val_sel AUC=0.8813 acc=0.7129
[ep 051] val_sel AUC=0.8931 acc=0.7785
[ep 052] val_sel AUC=0.8883 acc=0.7515
[ep 053] val_sel AUC=0.8939 acc=0.7701
[ep 054] val_sel AUC=0.8992 acc=0.7609
[ep 055] val_sel AUC=0.9112 acc=0.8034
[ep 056] val_sel AUC=0.8906 acc=0.7614
[ep 057] val_sel AUC=0.8936 acc=0.7639
[ep 058] val_sel AUC=0.9062 acc=0.7960
[ep 059] val_sel AUC=0.9083 acc=0.7989
[ep 060] val_sel AUC=0.9113 acc=0.8040
[ep 061] val_sel AUC=0.8985 acc=0.7699
[ep 062] val_sel AUC=0.8883 acc=0.7345
[ep 063] val_sel AUC=0.9094 acc=0.7924
[ep 064] val_sel AUC=0.9100 acc=0.8049
[ep 065] val_sel AUC=0.9162 acc=0.8175
[ep 066] val_sel AUC=0.9064 acc=0.7886
[ep 067] val_sel AUC=0.9162 acc=0.8182
[ep 068] val_sel AUC=0.9186 acc=0.8141
[ep 069] val_sel AUC=0.9131 acc=0.8049
[ep 070] val_sel AUC=0.9071 acc=0.7877
[ep 071] val_sel AUC=0.9175 acc=0.8162
[ep 072] val_sel AUC=0.9202 acc=0.8242
[ep 073] val_sel AUC=0.9185 acc=0.8227
[ep 074] val_sel AUC=0.9218 acc=0.8341
[ep 075] val_sel AUC=0.9186 acc=0.8258
[ep 076] val_sel AUC=0.9096 acc=0.8119
[ep 077] val_sel AUC=0.9023 acc=0.7823
[ep 078] val_sel AUC=0.9206 acc=0.8328
[ep 079] val_sel AUC=0.9235 acc=0.8404
[ep 080] val_sel AUC=0.9216 acc=0.8348
[ep 081] val_sel AUC=0.9203 acc=0.8328
[ep 082] val_sel AUC=0.9235 acc=0.8395
[ep 083] val_sel AUC=0.9243 acc=0.8391
[ep 084] val_sel AUC=0.9218 acc=0.8364
[ep 085] val_sel AUC=0.9240 acc=0.8377
[ep 086] val_sel AUC=0.9218 acc=0.8364
[ep 087] val_sel AUC=0.9218 acc=0.8366
[ep 088] val_sel AUC=0.9209 acc=0.8339
[ep 089] val_sel AUC=0.9193 acc=0.8278
[ep 090] val_sel AUC=0.9193 acc=0.8310
[ep 091] val_sel AUC=0.9206 acc=0.8323
[ep 092] val_sel AUC=0.9204 acc=0.8321
[ep 093] val_sel AUC=0.9198 acc=0.8310
[ep 094] val_sel AUC=0.9201 acc=0.8316
[ep 095] val_sel AUC=0.9201 acc=0.8321
[ep 096] val_sel AUC=0.9201 acc=0.8321
============================================================
TEST (best val_sel epoch, held-out, evaluated once)
============================================================
[DONE-QPE2] embed=quantum model_II N=250 seed=59 test_AUC=0.9336 val_sel_AUC=0.9243 per_class=(axion=0.9421 cdm=0.8796 no_sub=0.9791) params=203508 embed_params=49 R_frob_drift=1.1636884212493896
