[INFO] QPE2 D=64 P=8 depth=4 | embed=quantum | data=model_II N/class=100 seed=55 split_seed=0 | params=203508 embed_params=49 lr=0.001 epochs=96 bs=32 | train(300, 64, 64) val_sel(4455, 64, 64) test(4455, 64, 64) device=cuda
[ep 001] val_sel AUC=0.4778 acc=0.3473
[ep 002] val_sel AUC=0.4936 acc=0.3127
[ep 003] val_sel AUC=0.4963 acc=0.3473
[ep 004] val_sel AUC=0.5036 acc=0.3237
[ep 005] val_sel AUC=0.5039 acc=0.3473
[ep 006] val_sel AUC=0.5059 acc=0.3479
[ep 007] val_sel AUC=0.5063 acc=0.3237
[ep 008] val_sel AUC=0.5104 acc=0.3291
[ep 009] val_sel AUC=0.5095 acc=0.3473
[ep 010] val_sel AUC=0.5107 acc=0.3443
[ep 011] val_sel AUC=0.5106 acc=0.3237
[ep 012] val_sel AUC=0.5119 acc=0.3291
[ep 013] val_sel AUC=0.5128 acc=0.3419
[ep 014] val_sel AUC=0.5127 acc=0.3371
[ep 015] val_sel AUC=0.5126 acc=0.3387
[ep 016] val_sel AUC=0.5137 acc=0.3421
[ep 017] val_sel AUC=0.5145 acc=0.3347
[ep 018] val_sel AUC=0.5170 acc=0.3374
[ep 019] val_sel AUC=0.5183 acc=0.3345
[ep 020] val_sel AUC=0.5218 acc=0.3351
[ep 021] val_sel AUC=0.5216 acc=0.3329
[ep 022] val_sel AUC=0.5237 acc=0.3443
[ep 023] val_sel AUC=0.5254 acc=0.3434
[ep 024] val_sel AUC=0.5254 acc=0.3371
[ep 025] val_sel AUC=0.5259 acc=0.3358
[ep 026] val_sel AUC=0.5259 acc=0.3421
[ep 027] val_sel AUC=0.5274 acc=0.3349
[ep 028] val_sel AUC=0.5277 acc=0.3340
[ep 029] val_sel AUC=0.5275 acc=0.3342
[ep 030] val_sel AUC=0.5275 acc=0.3351
[ep 031] val_sel AUC=0.5276 acc=0.3351
[ep 032] val_sel AUC=0.5276 acc=0.3358
[ep 033] val_sel AUC=0.5304 acc=0.3493
[ep 034] val_sel AUC=0.5330 acc=0.3488
[ep 035] val_sel AUC=0.5365 acc=0.3499
[ep 036] val_sel AUC=0.5316 acc=0.3446
[ep 037] val_sel AUC=0.5320 acc=0.3630
[ep 038] val_sel AUC=0.5339 acc=0.3486
[ep 039] val_sel AUC=0.5338 acc=0.3526
[ep 040] val_sel AUC=0.5382 acc=0.3502
[ep 041] val_sel AUC=0.5391 acc=0.3358
[ep 042] val_sel AUC=0.5417 acc=0.3520
[ep 043] val_sel AUC=0.5490 acc=0.3663
[ep 044] val_sel AUC=0.5466 acc=0.3578
[ep 045] val_sel AUC=0.5520 acc=0.3616
[ep 046] val_sel AUC=0.5491 acc=0.3580
[ep 047] val_sel AUC=0.5550 acc=0.3708
[ep 048] val_sel AUC=0.5654 acc=0.3645
[ep 049] val_sel AUC=0.5681 acc=0.3859
[ep 050] val_sel AUC=0.5778 acc=0.4090
[ep 051] val_sel AUC=0.5872 acc=0.4029
[ep 052] val_sel AUC=0.6110 acc=0.4182
[ep 053] val_sel AUC=0.6156 acc=0.4097
[ep 054] val_sel AUC=0.6069 acc=0.4074
[ep 055] val_sel AUC=0.5990 acc=0.3912
[ep 056] val_sel AUC=0.5985 acc=0.4076
[ep 057] val_sel AUC=0.6005 acc=0.4150
[ep 058] val_sel AUC=0.6151 acc=0.4283
[ep 059] val_sel AUC=0.6432 acc=0.4424
[ep 060] val_sel AUC=0.6171 acc=0.4070
[ep 061] val_sel AUC=0.6569 acc=0.4572
[ep 062] val_sel AUC=0.6621 acc=0.4597
[ep 063] val_sel AUC=0.6717 acc=0.4611
[ep 064] val_sel AUC=0.6842 acc=0.4781
[ep 065] val_sel AUC=0.6878 acc=0.4887
[ep 066] val_sel AUC=0.6871 acc=0.5021
[ep 067] val_sel AUC=0.6885 acc=0.4797
[ep 068] val_sel AUC=0.6781 acc=0.4700
[ep 069] val_sel AUC=0.6955 acc=0.4943
[ep 070] val_sel AUC=0.7000 acc=0.5046
[ep 071] val_sel AUC=0.7054 acc=0.5053
[ep 072] val_sel AUC=0.7108 acc=0.5163
[ep 073] val_sel AUC=0.7009 acc=0.4943
[ep 074] val_sel AUC=0.7170 acc=0.5051
[ep 075] val_sel AUC=0.7273 acc=0.5336
[ep 076] val_sel AUC=0.7330 acc=0.5279
[ep 077] val_sel AUC=0.7340 acc=0.5416
[ep 078] val_sel AUC=0.7271 acc=0.5275
[ep 079] val_sel AUC=0.7398 acc=0.5365
[ep 080] val_sel AUC=0.7386 acc=0.5423
[ep 081] val_sel AUC=0.7456 acc=0.5580
[ep 082] val_sel AUC=0.7473 acc=0.5630
[ep 083] val_sel AUC=0.7490 acc=0.5614
[ep 084] val_sel AUC=0.7506 acc=0.5654
[ep 085] val_sel AUC=0.7516 acc=0.5594
[ep 086] val_sel AUC=0.7562 acc=0.5827
[ep 087] val_sel AUC=0.7554 acc=0.5699
[ep 088] val_sel AUC=0.7553 acc=0.5776
[ep 089] val_sel AUC=0.7578 acc=0.5787
[ep 090] val_sel AUC=0.7596 acc=0.5771
[ep 091] val_sel AUC=0.7607 acc=0.5769
[ep 092] val_sel AUC=0.7607 acc=0.5789
[ep 093] val_sel AUC=0.7606 acc=0.5793
[ep 094] val_sel AUC=0.7607 acc=0.5816
[ep 095] val_sel AUC=0.7608 acc=0.5805
[ep 096] val_sel AUC=0.7609 acc=0.5811
============================================================
TEST (best val_sel epoch, held-out, evaluated once)
============================================================
[DONE-QPE2] embed=quantum model_II N=100 seed=55 test_AUC=0.7693 val_sel_AUC=0.7609 per_class=(axion=0.8422 cdm=0.6269 no_sub=0.8388) params=203508 embed_params=49 R_frob_drift=0.6073317527770996
