[INFO] QPE2 D=64 P=8 depth=4 | embed=quantum | data=model_III N/class=100 seed=61 split_seed=0 | params=203508 embed_params=49 lr=0.001 epochs=96 bs=32 | train(300, 64, 64) val_sel(4469, 64, 64) test(4470, 64, 64) device=cuda
[ep 001] val_sel AUC=0.5104 acc=0.3285
[ep 002] val_sel AUC=0.5408 acc=0.3283
[ep 003] val_sel AUC=0.5149 acc=0.3285
[ep 004] val_sel AUC=0.5129 acc=0.3433
[ep 005] val_sel AUC=0.5088 acc=0.3276
[ep 006] val_sel AUC=0.5084 acc=0.3444
[ep 007] val_sel AUC=0.5112 acc=0.3374
[ep 008] val_sel AUC=0.5158 acc=0.3381
[ep 009] val_sel AUC=0.5182 acc=0.3403
[ep 010] val_sel AUC=0.5221 acc=0.3428
[ep 011] val_sel AUC=0.5273 acc=0.3663
[ep 012] val_sel AUC=0.5324 acc=0.3589
[ep 013] val_sel AUC=0.5425 acc=0.3629
[ep 014] val_sel AUC=0.5446 acc=0.3694
[ep 015] val_sel AUC=0.5550 acc=0.3746
[ep 016] val_sel AUC=0.5643 acc=0.3659
[ep 017] val_sel AUC=0.5797 acc=0.3914
[ep 018] val_sel AUC=0.6355 acc=0.4735
[ep 019] val_sel AUC=0.6653 acc=0.5068
[ep 020] val_sel AUC=0.7254 acc=0.5505
[ep 021] val_sel AUC=0.7373 acc=0.5569
[ep 022] val_sel AUC=0.7619 acc=0.5592
[ep 023] val_sel AUC=0.7754 acc=0.5925
[ep 024] val_sel AUC=0.8149 acc=0.6617
[ep 025] val_sel AUC=0.8042 acc=0.6397
[ep 026] val_sel AUC=0.8324 acc=0.6742
[ep 027] val_sel AUC=0.7889 acc=0.5990
[ep 028] val_sel AUC=0.8270 acc=0.6670
[ep 029] val_sel AUC=0.8327 acc=0.6717
[ep 030] val_sel AUC=0.8322 acc=0.6722
[ep 031] val_sel AUC=0.8305 acc=0.6729
[ep 032] val_sel AUC=0.8298 acc=0.6778
[ep 033] val_sel AUC=0.7303 acc=0.4896
[ep 034] val_sel AUC=0.7149 acc=0.4710
[ep 035] val_sel AUC=0.7315 acc=0.5328
[ep 036] val_sel AUC=0.7851 acc=0.5740
[ep 037] val_sel AUC=0.8091 acc=0.5856
[ep 038] val_sel AUC=0.7393 acc=0.5198
[ep 039] val_sel AUC=0.7757 acc=0.5527
[ep 040] val_sel AUC=0.7862 acc=0.6006
[ep 041] val_sel AUC=0.7736 acc=0.5769
[ep 042] val_sel AUC=0.7339 acc=0.4502
[ep 043] val_sel AUC=0.8092 acc=0.6230
[ep 044] val_sel AUC=0.7782 acc=0.5314
[ep 045] val_sel AUC=0.8053 acc=0.6118
[ep 046] val_sel AUC=0.8291 acc=0.6520
[ep 047] val_sel AUC=0.8400 acc=0.6482
[ep 048] val_sel AUC=0.8720 acc=0.7232
[ep 049] val_sel AUC=0.8568 acc=0.7084
[ep 050] val_sel AUC=0.8637 acc=0.7125
[ep 051] val_sel AUC=0.8514 acc=0.6979
[ep 052] val_sel AUC=0.8235 acc=0.6391
[ep 053] val_sel AUC=0.8030 acc=0.5979
[ep 054] val_sel AUC=0.8323 acc=0.6713
[ep 055] val_sel AUC=0.8511 acc=0.6861
[ep 056] val_sel AUC=0.8454 acc=0.6764
[ep 057] val_sel AUC=0.8524 acc=0.6787
[ep 058] val_sel AUC=0.8393 acc=0.6532
[ep 059] val_sel AUC=0.8432 acc=0.6476
[ep 060] val_sel AUC=0.8663 acc=0.7145
[ep 061] val_sel AUC=0.8740 acc=0.7301
[ep 062] val_sel AUC=0.8832 acc=0.7346
[ep 063] val_sel AUC=0.8763 acc=0.7212
[ep 064] val_sel AUC=0.8896 acc=0.7548
[ep 065] val_sel AUC=0.8581 acc=0.6543
[ep 066] val_sel AUC=0.8744 acc=0.6852
[ep 067] val_sel AUC=0.8676 acc=0.7033
[ep 068] val_sel AUC=0.8949 acc=0.7454
[ep 069] val_sel AUC=0.8948 acc=0.7460
[ep 070] val_sel AUC=0.9003 acc=0.7715
[ep 071] val_sel AUC=0.8920 acc=0.7590
[ep 072] val_sel AUC=0.8981 acc=0.7648
[ep 073] val_sel AUC=0.8925 acc=0.7550
[ep 074] val_sel AUC=0.8964 acc=0.7637
[ep 075] val_sel AUC=0.8978 acc=0.7722
[ep 076] val_sel AUC=0.8880 acc=0.7460
[ep 077] val_sel AUC=0.8914 acc=0.7454
[ep 078] val_sel AUC=0.8932 acc=0.7543
[ep 079] val_sel AUC=0.9050 acc=0.7876
[ep 080] val_sel AUC=0.9045 acc=0.7789
[ep 081] val_sel AUC=0.9057 acc=0.7740
[ep 082] val_sel AUC=0.9024 acc=0.7774
[ep 083] val_sel AUC=0.9086 acc=0.7868
[ep 084] val_sel AUC=0.9083 acc=0.7823
[ep 085] val_sel AUC=0.9051 acc=0.7856
[ep 086] val_sel AUC=0.9081 acc=0.7908
[ep 087] val_sel AUC=0.9066 acc=0.7917
[ep 088] val_sel AUC=0.9084 acc=0.7906
[ep 089] val_sel AUC=0.9081 acc=0.7946
[ep 090] val_sel AUC=0.9081 acc=0.7917
[ep 091] val_sel AUC=0.9081 acc=0.7890
[ep 092] val_sel AUC=0.9081 acc=0.7921
[ep 093] val_sel AUC=0.9077 acc=0.7926
[ep 094] val_sel AUC=0.9077 acc=0.7921
[ep 095] val_sel AUC=0.9078 acc=0.7926
[ep 096] val_sel AUC=0.9079 acc=0.7928
============================================================
TEST (best val_sel epoch, held-out, evaluated once)
============================================================
[DONE-QPE2] embed=quantum model_III N=100 seed=61 test_AUC=0.9085 val_sel_AUC=0.9086 per_class=(axion=0.9303 cdm=0.8271 no_sub=0.9682) params=203508 embed_params=49 R_frob_drift=0.5456739068031311
