[INFO] QPE2 D=64 P=8 depth=4 | embed=quantum | data=model_II N/class=100 seed=60 split_seed=0 | params=203508 embed_params=49 lr=0.001 epochs=96 bs=32 | train(300, 64, 64) val_sel(4455, 64, 64) test(4455, 64, 64) device=cuda
[ep 001] val_sel AUC=0.5106 acc=0.3473
[ep 002] val_sel AUC=0.5230 acc=0.3237
[ep 003] val_sel AUC=0.5205 acc=0.3473
[ep 004] val_sel AUC=0.5217 acc=0.3237
[ep 005] val_sel AUC=0.5184 acc=0.3473
[ep 006] val_sel AUC=0.5142 acc=0.3374
[ep 007] val_sel AUC=0.5123 acc=0.3291
[ep 008] val_sel AUC=0.5100 acc=0.3291
[ep 009] val_sel AUC=0.5044 acc=0.3237
[ep 010] val_sel AUC=0.5050 acc=0.3291
[ep 011] val_sel AUC=0.4971 acc=0.3473
[ep 012] val_sel AUC=0.4948 acc=0.3237
[ep 013] val_sel AUC=0.4942 acc=0.3309
[ep 014] val_sel AUC=0.4944 acc=0.3394
[ep 015] val_sel AUC=0.4945 acc=0.3100
[ep 016] val_sel AUC=0.4903 acc=0.3116
[ep 017] val_sel AUC=0.4944 acc=0.3167
[ep 018] val_sel AUC=0.4905 acc=0.3284
[ep 019] val_sel AUC=0.4907 acc=0.3203
[ep 020] val_sel AUC=0.4908 acc=0.3253
[ep 021] val_sel AUC=0.4903 acc=0.3340
[ep 022] val_sel AUC=0.4900 acc=0.3201
[ep 023] val_sel AUC=0.4901 acc=0.3259
[ep 024] val_sel AUC=0.4904 acc=0.3324
[ep 025] val_sel AUC=0.4907 acc=0.3327
[ep 026] val_sel AUC=0.4910 acc=0.3239
[ep 027] val_sel AUC=0.4913 acc=0.3248
[ep 028] val_sel AUC=0.4914 acc=0.3277
[ep 029] val_sel AUC=0.4917 acc=0.3351
[ep 030] val_sel AUC=0.4918 acc=0.3351
[ep 031] val_sel AUC=0.4919 acc=0.3351
[ep 032] val_sel AUC=0.4919 acc=0.3356
[ep 033] val_sel AUC=0.4970 acc=0.3345
[ep 034] val_sel AUC=0.5026 acc=0.3342
[ep 035] val_sel AUC=0.5024 acc=0.3367
[ep 036] val_sel AUC=0.5021 acc=0.3183
[ep 037] val_sel AUC=0.4971 acc=0.3432
[ep 038] val_sel AUC=0.4990 acc=0.3502
[ep 039] val_sel AUC=0.4996 acc=0.3363
[ep 040] val_sel AUC=0.5012 acc=0.3452
[ep 041] val_sel AUC=0.4926 acc=0.3396
[ep 042] val_sel AUC=0.4974 acc=0.3389
[ep 043] val_sel AUC=0.5018 acc=0.3374
[ep 044] val_sel AUC=0.5012 acc=0.3425
[ep 045] val_sel AUC=0.5008 acc=0.3401
[ep 046] val_sel AUC=0.5049 acc=0.3371
[ep 047] val_sel AUC=0.5078 acc=0.3394
[ep 048] val_sel AUC=0.5120 acc=0.3356
[ep 049] val_sel AUC=0.5127 acc=0.3369
[ep 050] val_sel AUC=0.5216 acc=0.3416
[ep 051] val_sel AUC=0.5204 acc=0.3524
[ep 052] val_sel AUC=0.5192 acc=0.3558
[ep 053] val_sel AUC=0.5229 acc=0.3405
[ep 054] val_sel AUC=0.5309 acc=0.3744
[ep 055] val_sel AUC=0.5380 acc=0.3585
[ep 056] val_sel AUC=0.5389 acc=0.3859
[ep 057] val_sel AUC=0.5492 acc=0.3773
[ep 058] val_sel AUC=0.5623 acc=0.3883
[ep 059] val_sel AUC=0.5985 acc=0.4263
[ep 060] val_sel AUC=0.6203 acc=0.4409
[ep 061] val_sel AUC=0.6243 acc=0.4177
[ep 062] val_sel AUC=0.6352 acc=0.4566
[ep 063] val_sel AUC=0.6665 acc=0.4660
[ep 064] val_sel AUC=0.6662 acc=0.4788
[ep 065] val_sel AUC=0.6661 acc=0.4543
[ep 066] val_sel AUC=0.6743 acc=0.4967
[ep 067] val_sel AUC=0.6939 acc=0.5136
[ep 068] val_sel AUC=0.6972 acc=0.4949
[ep 069] val_sel AUC=0.7148 acc=0.5210
[ep 070] val_sel AUC=0.7044 acc=0.5086
[ep 071] val_sel AUC=0.7213 acc=0.5160
[ep 072] val_sel AUC=0.7272 acc=0.5488
[ep 073] val_sel AUC=0.7384 acc=0.5428
[ep 074] val_sel AUC=0.7402 acc=0.5477
[ep 075] val_sel AUC=0.7462 acc=0.5713
[ep 076] val_sel AUC=0.7530 acc=0.5670
[ep 077] val_sel AUC=0.7524 acc=0.5587
[ep 078] val_sel AUC=0.7528 acc=0.5728
[ep 079] val_sel AUC=0.7568 acc=0.5780
[ep 080] val_sel AUC=0.7653 acc=0.5692
[ep 081] val_sel AUC=0.7683 acc=0.5800
[ep 082] val_sel AUC=0.7683 acc=0.5915
[ep 083] val_sel AUC=0.7641 acc=0.5639
[ep 084] val_sel AUC=0.7743 acc=0.5975
[ep 085] val_sel AUC=0.7754 acc=0.5957
[ep 086] val_sel AUC=0.7772 acc=0.5973
[ep 087] val_sel AUC=0.7751 acc=0.5930
[ep 088] val_sel AUC=0.7785 acc=0.6007
[ep 089] val_sel AUC=0.7780 acc=0.6007
[ep 090] val_sel AUC=0.7780 acc=0.5978
[ep 091] val_sel AUC=0.7791 acc=0.5993
[ep 092] val_sel AUC=0.7801 acc=0.6018
[ep 093] val_sel AUC=0.7790 acc=0.5993
[ep 094] val_sel AUC=0.7785 acc=0.5973
[ep 095] val_sel AUC=0.7786 acc=0.5975
[ep 096] val_sel AUC=0.7787 acc=0.5982
============================================================
TEST (best val_sel epoch, held-out, evaluated once)
============================================================
[DONE-QPE2] embed=quantum model_II N=100 seed=60 test_AUC=0.7985 val_sel_AUC=0.7801 per_class=(axion=0.8706 cdm=0.6520 no_sub=0.8729) params=203508 embed_params=49 R_frob_drift=0.7119513750076294
