[INFO] QPE2 D=64 P=8 depth=4 | embed=quantum | data=model_III N/class=100 seed=51 split_seed=0 | params=203508 embed_params=49 lr=0.001 epochs=96 bs=32 | train(300, 64, 64) val_sel(4469, 64, 64) test(4470, 64, 64) device=cuda
[ep 001] val_sel AUC=0.5148 acc=0.3433
[ep 002] val_sel AUC=0.5812 acc=0.3283
[ep 003] val_sel AUC=0.5911 acc=0.3433
[ep 004] val_sel AUC=0.5851 acc=0.3285
[ep 005] val_sel AUC=0.5755 acc=0.3433
[ep 006] val_sel AUC=0.5810 acc=0.3283
[ep 007] val_sel AUC=0.5752 acc=0.3285
[ep 008] val_sel AUC=0.5729 acc=0.3285
[ep 009] val_sel AUC=0.5730 acc=0.3439
[ep 010] val_sel AUC=0.5726 acc=0.3464
[ep 011] val_sel AUC=0.5635 acc=0.3558
[ep 012] val_sel AUC=0.5610 acc=0.3547
[ep 013] val_sel AUC=0.5577 acc=0.3728
[ep 014] val_sel AUC=0.5572 acc=0.3350
[ep 015] val_sel AUC=0.5576 acc=0.3511
[ep 016] val_sel AUC=0.5587 acc=0.3627
[ep 017] val_sel AUC=0.5576 acc=0.3676
[ep 018] val_sel AUC=0.5644 acc=0.3768
[ep 019] val_sel AUC=0.5598 acc=0.3759
[ep 020] val_sel AUC=0.5652 acc=0.3909
[ep 021] val_sel AUC=0.5716 acc=0.3766
[ep 022] val_sel AUC=0.5658 acc=0.3750
[ep 023] val_sel AUC=0.5704 acc=0.3777
[ep 024] val_sel AUC=0.5777 acc=0.3858
[ep 025] val_sel AUC=0.5837 acc=0.4267
[ep 026] val_sel AUC=0.5826 acc=0.3929
[ep 027] val_sel AUC=0.5800 acc=0.4169
[ep 028] val_sel AUC=0.5837 acc=0.4260
[ep 029] val_sel AUC=0.5846 acc=0.4209
[ep 030] val_sel AUC=0.5853 acc=0.4184
[ep 031] val_sel AUC=0.5860 acc=0.4252
[ep 032] val_sel AUC=0.5862 acc=0.4249
[ep 033] val_sel AUC=0.5910 acc=0.3701
[ep 034] val_sel AUC=0.6082 acc=0.3934
[ep 035] val_sel AUC=0.6096 acc=0.3638
[ep 036] val_sel AUC=0.6499 acc=0.4601
[ep 037] val_sel AUC=0.6518 acc=0.4155
[ep 038] val_sel AUC=0.7106 acc=0.4945
[ep 039] val_sel AUC=0.7356 acc=0.5229
[ep 040] val_sel AUC=0.7264 acc=0.4874
[ep 041] val_sel AUC=0.7121 acc=0.4840
[ep 042] val_sel AUC=0.7634 acc=0.5605
[ep 043] val_sel AUC=0.7959 acc=0.5842
[ep 044] val_sel AUC=0.7642 acc=0.5422
[ep 045] val_sel AUC=0.8367 acc=0.6610
[ep 046] val_sel AUC=0.7934 acc=0.5778
[ep 047] val_sel AUC=0.8158 acc=0.6250
[ep 048] val_sel AUC=0.8099 acc=0.6001
[ep 049] val_sel AUC=0.8366 acc=0.6657
[ep 050] val_sel AUC=0.8457 acc=0.6919
[ep 051] val_sel AUC=0.8479 acc=0.6865
[ep 052] val_sel AUC=0.8629 acc=0.6832
[ep 053] val_sel AUC=0.8695 acc=0.7272
[ep 054] val_sel AUC=0.8756 acc=0.7194
[ep 055] val_sel AUC=0.8421 acc=0.6691
[ep 056] val_sel AUC=0.8619 acc=0.6997
[ep 057] val_sel AUC=0.8606 acc=0.7024
[ep 058] val_sel AUC=0.8837 acc=0.7301
[ep 059] val_sel AUC=0.8827 acc=0.7393
[ep 060] val_sel AUC=0.8856 acc=0.7281
[ep 061] val_sel AUC=0.8645 acc=0.6500
[ep 062] val_sel AUC=0.8865 acc=0.7342
[ep 063] val_sel AUC=0.8842 acc=0.7190
[ep 064] val_sel AUC=0.8892 acc=0.7369
[ep 065] val_sel AUC=0.8704 acc=0.6585
[ep 066] val_sel AUC=0.8717 acc=0.6966
[ep 067] val_sel AUC=0.8975 acc=0.7420
[ep 068] val_sel AUC=0.8922 acc=0.7523
[ep 069] val_sel AUC=0.8801 acc=0.6878
[ep 070] val_sel AUC=0.8885 acc=0.7592
[ep 071] val_sel AUC=0.8973 acc=0.7548
[ep 072] val_sel AUC=0.8979 acc=0.7689
[ep 073] val_sel AUC=0.9021 acc=0.7747
[ep 074] val_sel AUC=0.9039 acc=0.7843
[ep 075] val_sel AUC=0.8976 acc=0.7680
[ep 076] val_sel AUC=0.8947 acc=0.7700
[ep 077] val_sel AUC=0.8954 acc=0.7691
[ep 078] val_sel AUC=0.8866 acc=0.7129
[ep 079] val_sel AUC=0.8860 acc=0.7501
[ep 080] val_sel AUC=0.8939 acc=0.7702
[ep 081] val_sel AUC=0.8989 acc=0.7760
[ep 082] val_sel AUC=0.8954 acc=0.7691
[ep 083] val_sel AUC=0.8924 acc=0.7633
[ep 084] val_sel AUC=0.8891 acc=0.7489
[ep 085] val_sel AUC=0.8937 acc=0.7744
[ep 086] val_sel AUC=0.8920 acc=0.7715
[ep 087] val_sel AUC=0.8902 acc=0.7655
[ep 088] val_sel AUC=0.8908 acc=0.7704
[ep 089] val_sel AUC=0.8904 acc=0.7691
[ep 090] val_sel AUC=0.8900 acc=0.7671
[ep 091] val_sel AUC=0.8903 acc=0.7686
[ep 092] val_sel AUC=0.8909 acc=0.7700
[ep 093] val_sel AUC=0.8905 acc=0.7711
[ep 094] val_sel AUC=0.8903 acc=0.7697
[ep 095] val_sel AUC=0.8901 acc=0.7686
[ep 096] val_sel AUC=0.8900 acc=0.7686
============================================================
TEST (best val_sel epoch, held-out, evaluated once)
============================================================
[DONE-QPE2] embed=quantum model_III N=100 seed=51 test_AUC=0.8985 val_sel_AUC=0.9039 per_class=(axion=0.9283 cdm=0.8193 no_sub=0.9479) params=203508 embed_params=49 R_frob_drift=0.5271548628807068
