[INFO] QPE2 D=64 P=8 depth=4 | embed=quantum | data=model_II N/class=250 seed=53 split_seed=0 | params=203508 embed_params=49 lr=0.001 epochs=96 bs=32 | train(750, 64, 64) val_sel(4455, 64, 64) test(4455, 64, 64) device=cuda
[ep 001] val_sel AUC=0.5292 acc=0.3291
[ep 002] val_sel AUC=0.5377 acc=0.3291
[ep 003] val_sel AUC=0.5317 acc=0.3291
[ep 004] val_sel AUC=0.5246 acc=0.3376
[ep 005] val_sel AUC=0.5370 acc=0.3237
[ep 006] val_sel AUC=0.5248 acc=0.3473
[ep 007] val_sel AUC=0.5326 acc=0.3473
[ep 008] val_sel AUC=0.5310 acc=0.3473
[ep 009] val_sel AUC=0.5259 acc=0.3473
[ep 010] val_sel AUC=0.5190 acc=0.3291
[ep 011] val_sel AUC=0.5191 acc=0.3291
[ep 012] val_sel AUC=0.5234 acc=0.3432
[ep 013] val_sel AUC=0.5238 acc=0.3455
[ep 014] val_sel AUC=0.5275 acc=0.3495
[ep 015] val_sel AUC=0.5331 acc=0.3544
[ep 016] val_sel AUC=0.5327 acc=0.3603
[ep 017] val_sel AUC=0.5424 acc=0.3490
[ep 018] val_sel AUC=0.5439 acc=0.3623
[ep 019] val_sel AUC=0.5481 acc=0.3695
[ep 020] val_sel AUC=0.5871 acc=0.3951
[ep 021] val_sel AUC=0.6015 acc=0.4332
[ep 022] val_sel AUC=0.7085 acc=0.5416
[ep 023] val_sel AUC=0.7526 acc=0.5789
[ep 024] val_sel AUC=0.7714 acc=0.5942
[ep 025] val_sel AUC=0.7978 acc=0.6471
[ep 026] val_sel AUC=0.8083 acc=0.6242
[ep 027] val_sel AUC=0.8253 acc=0.6651
[ep 028] val_sel AUC=0.8436 acc=0.7021
[ep 029] val_sel AUC=0.8529 acc=0.7046
[ep 030] val_sel AUC=0.8535 acc=0.7089
[ep 031] val_sel AUC=0.8579 acc=0.7131
[ep 032] val_sel AUC=0.8589 acc=0.7143
[ep 033] val_sel AUC=0.5818 acc=0.3675
[ep 034] val_sel AUC=0.5817 acc=0.3663
[ep 035] val_sel AUC=0.6005 acc=0.3973
[ep 036] val_sel AUC=0.6313 acc=0.4233
[ep 037] val_sel AUC=0.7331 acc=0.5259
[ep 038] val_sel AUC=0.7678 acc=0.5975
[ep 039] val_sel AUC=0.8152 acc=0.6426
[ep 040] val_sel AUC=0.8040 acc=0.6512
[ep 041] val_sel AUC=0.8174 acc=0.6626
[ep 042] val_sel AUC=0.8544 acc=0.6963
[ep 043] val_sel AUC=0.8250 acc=0.6444
[ep 044] val_sel AUC=0.7942 acc=0.6191
[ep 045] val_sel AUC=0.8019 acc=0.6031
[ep 046] val_sel AUC=0.8267 acc=0.6557
[ep 047] val_sel AUC=0.8602 acc=0.6983
[ep 048] val_sel AUC=0.8818 acc=0.7405
[ep 049] val_sel AUC=0.8568 acc=0.7190
[ep 050] val_sel AUC=0.8662 acc=0.7100
[ep 051] val_sel AUC=0.8409 acc=0.7084
[ep 052] val_sel AUC=0.8689 acc=0.7286
[ep 053] val_sel AUC=0.8413 acc=0.7051
[ep 054] val_sel AUC=0.8744 acc=0.7407
[ep 055] val_sel AUC=0.8766 acc=0.7459
[ep 056] val_sel AUC=0.8442 acc=0.6588
[ep 057] val_sel AUC=0.8637 acc=0.7205
[ep 058] val_sel AUC=0.9003 acc=0.7811
[ep 059] val_sel AUC=0.8767 acc=0.7376
[ep 060] val_sel AUC=0.8801 acc=0.7699
[ep 061] val_sel AUC=0.8848 acc=0.7466
[ep 062] val_sel AUC=0.8780 acc=0.7217
[ep 063] val_sel AUC=0.8870 acc=0.7663
[ep 064] val_sel AUC=0.8977 acc=0.7933
[ep 065] val_sel AUC=0.8910 acc=0.7457
[ep 066] val_sel AUC=0.8802 acc=0.7282
[ep 067] val_sel AUC=0.8977 acc=0.7789
[ep 068] val_sel AUC=0.8893 acc=0.7872
[ep 069] val_sel AUC=0.8934 acc=0.7679
[ep 070] val_sel AUC=0.8973 acc=0.7692
[ep 071] val_sel AUC=0.8996 acc=0.7591
[ep 072] val_sel AUC=0.9009 acc=0.7942
[ep 073] val_sel AUC=0.8981 acc=0.7654
[ep 074] val_sel AUC=0.9101 acc=0.8097
[ep 075] val_sel AUC=0.9026 acc=0.7856
[ep 076] val_sel AUC=0.9104 acc=0.8061
[ep 077] val_sel AUC=0.9107 acc=0.8123
[ep 078] val_sel AUC=0.9161 acc=0.8153
[ep 079] val_sel AUC=0.9109 acc=0.8101
[ep 080] val_sel AUC=0.9133 acc=0.8090
[ep 081] val_sel AUC=0.9167 acc=0.8220
[ep 082] val_sel AUC=0.9121 acc=0.8108
[ep 083] val_sel AUC=0.9177 acc=0.8229
[ep 084] val_sel AUC=0.9184 acc=0.8290
[ep 085] val_sel AUC=0.9179 acc=0.8305
[ep 086] val_sel AUC=0.9176 acc=0.8321
[ep 087] val_sel AUC=0.9172 acc=0.8285
[ep 088] val_sel AUC=0.9094 acc=0.8150
[ep 089] val_sel AUC=0.9180 acc=0.8339
[ep 090] val_sel AUC=0.9168 acc=0.8312
[ep 091] val_sel AUC=0.9176 acc=0.8321
[ep 092] val_sel AUC=0.9180 acc=0.8361
[ep 093] val_sel AUC=0.9183 acc=0.8355
[ep 094] val_sel AUC=0.9183 acc=0.8355
[ep 095] val_sel AUC=0.9183 acc=0.8352
[ep 096] val_sel AUC=0.9182 acc=0.8352
============================================================
TEST (best val_sel epoch, held-out, evaluated once)
============================================================
[DONE-QPE2] embed=quantum model_II N=250 seed=53 test_AUC=0.9248 val_sel_AUC=0.9184 per_class=(axion=0.9399 cdm=0.8629 no_sub=0.9716) params=203508 embed_params=49 R_frob_drift=0.7584273219108582
