[INFO] QPE2 D=64 P=8 depth=4 | embed=quantum | data=model_II N/class=250 seed=42 split_seed=0 | params=203508 embed_params=49 lr=0.001 epochs=96 bs=32 | train(750, 64, 64) val_sel(4455, 64, 64) test(4455, 64, 64) device=cuda
[ep 001] val_sel AUC=0.5235 acc=0.3237
[ep 002] val_sel AUC=0.5228 acc=0.3291
[ep 003] val_sel AUC=0.5256 acc=0.3291
[ep 004] val_sel AUC=0.5292 acc=0.3291
[ep 005] val_sel AUC=0.5305 acc=0.3237
[ep 006] val_sel AUC=0.5336 acc=0.3291
[ep 007] val_sel AUC=0.5352 acc=0.3473
[ep 008] val_sel AUC=0.5442 acc=0.3484
[ep 009] val_sel AUC=0.5450 acc=0.3473
[ep 010] val_sel AUC=0.5594 acc=0.3401
[ep 011] val_sel AUC=0.5577 acc=0.3473
[ep 012] val_sel AUC=0.5806 acc=0.3717
[ep 013] val_sel AUC=0.5796 acc=0.3787
[ep 014] val_sel AUC=0.6293 acc=0.4256
[ep 015] val_sel AUC=0.7089 acc=0.4570
[ep 016] val_sel AUC=0.7879 acc=0.6321
[ep 017] val_sel AUC=0.7480 acc=0.5230
[ep 018] val_sel AUC=0.7955 acc=0.6112
[ep 019] val_sel AUC=0.8143 acc=0.6411
[ep 020] val_sel AUC=0.8039 acc=0.6043
[ep 021] val_sel AUC=0.8332 acc=0.6395
[ep 022] val_sel AUC=0.8752 acc=0.7414
[ep 023] val_sel AUC=0.8766 acc=0.7392
[ep 024] val_sel AUC=0.8798 acc=0.7457
[ep 025] val_sel AUC=0.8835 acc=0.7398
[ep 026] val_sel AUC=0.8894 acc=0.7488
[ep 027] val_sel AUC=0.8907 acc=0.7715
[ep 028] val_sel AUC=0.8949 acc=0.7764
[ep 029] val_sel AUC=0.8960 acc=0.7787
[ep 030] val_sel AUC=0.8974 acc=0.7843
[ep 031] val_sel AUC=0.8974 acc=0.7845
[ep 032] val_sel AUC=0.8975 acc=0.7847
[ep 033] val_sel AUC=0.7567 acc=0.5612
[ep 034] val_sel AUC=0.8583 acc=0.6781
[ep 035] val_sel AUC=0.7885 acc=0.5915
[ep 036] val_sel AUC=0.8226 acc=0.6357
[ep 037] val_sel AUC=0.8043 acc=0.5704
[ep 038] val_sel AUC=0.8582 acc=0.7120
[ep 039] val_sel AUC=0.8654 acc=0.7194
[ep 040] val_sel AUC=0.8377 acc=0.6808
[ep 041] val_sel AUC=0.8762 acc=0.7059
[ep 042] val_sel AUC=0.8345 acc=0.6629
[ep 043] val_sel AUC=0.8842 acc=0.7430
[ep 044] val_sel AUC=0.8542 acc=0.6476
[ep 045] val_sel AUC=0.8911 acc=0.7450
[ep 046] val_sel AUC=0.9029 acc=0.7767
[ep 047] val_sel AUC=0.8862 acc=0.6985
[ep 048] val_sel AUC=0.8897 acc=0.7479
[ep 049] val_sel AUC=0.8998 acc=0.7710
[ep 050] val_sel AUC=0.8750 acc=0.7037
[ep 051] val_sel AUC=0.8939 acc=0.7576
[ep 052] val_sel AUC=0.8855 acc=0.7495
[ep 053] val_sel AUC=0.8751 acc=0.7028
[ep 054] val_sel AUC=0.8891 acc=0.7464
[ep 055] val_sel AUC=0.9019 acc=0.7672
[ep 056] val_sel AUC=0.8983 acc=0.7598
[ep 057] val_sel AUC=0.8924 acc=0.7093
[ep 058] val_sel AUC=0.9108 acc=0.8029
[ep 059] val_sel AUC=0.9030 acc=0.7710
[ep 060] val_sel AUC=0.8772 acc=0.7205
[ep 061] val_sel AUC=0.9150 acc=0.7962
[ep 062] val_sel AUC=0.8832 acc=0.6947
[ep 063] val_sel AUC=0.8987 acc=0.7657
[ep 064] val_sel AUC=0.9082 acc=0.7791
[ep 065] val_sel AUC=0.9121 acc=0.7991
[ep 066] val_sel AUC=0.9186 acc=0.8094
[ep 067] val_sel AUC=0.8531 acc=0.6741
[ep 068] val_sel AUC=0.9163 acc=0.8119
[ep 069] val_sel AUC=0.9217 acc=0.8265
[ep 070] val_sel AUC=0.9216 acc=0.8218
[ep 071] val_sel AUC=0.8943 acc=0.7394
[ep 072] val_sel AUC=0.9224 acc=0.8305
[ep 073] val_sel AUC=0.9190 acc=0.7991
[ep 074] val_sel AUC=0.9230 acc=0.8114
[ep 075] val_sel AUC=0.9188 acc=0.8177
[ep 076] val_sel AUC=0.9188 acc=0.8047
[ep 077] val_sel AUC=0.9215 acc=0.8195
[ep 078] val_sel AUC=0.9243 acc=0.8186
[ep 079] val_sel AUC=0.9196 acc=0.8092
[ep 080] val_sel AUC=0.9076 acc=0.7814
[ep 081] val_sel AUC=0.9215 acc=0.8202
[ep 082] val_sel AUC=0.9206 acc=0.8200
[ep 083] val_sel AUC=0.9231 acc=0.8220
[ep 084] val_sel AUC=0.9221 acc=0.8224
[ep 085] val_sel AUC=0.9232 acc=0.8195
[ep 086] val_sel AUC=0.9219 acc=0.8200
[ep 087] val_sel AUC=0.9232 acc=0.8285
[ep 088] val_sel AUC=0.9230 acc=0.8254
[ep 089] val_sel AUC=0.9203 acc=0.8193
[ep 090] val_sel AUC=0.9210 acc=0.8202
[ep 091] val_sel AUC=0.9212 acc=0.8233
[ep 092] val_sel AUC=0.9216 acc=0.8236
[ep 093] val_sel AUC=0.9209 acc=0.8220
[ep 094] val_sel AUC=0.9215 acc=0.8236
[ep 095] val_sel AUC=0.9208 acc=0.8233
[ep 096] val_sel AUC=0.9208 acc=0.8231
============================================================
TEST (best val_sel epoch, held-out, evaluated once)
============================================================
[DONE-QPE2] embed=quantum model_II N=250 seed=42 test_AUC=0.9308 val_sel_AUC=0.9243 per_class=(axion=0.9479 cdm=0.8698 no_sub=0.9748) params=203508 embed_params=49 R_frob_drift=0.7298584580421448
