[INFO] QPE2 D=64 P=8 depth=4 | embed=quantum | data=model_II N/class=100 seed=45 split_seed=0 | params=203508 embed_params=49 lr=0.001 epochs=96 bs=32 | train(300, 64, 64) val_sel(4455, 64, 64) test(4455, 64, 64) device=cuda
[ep 001] val_sel AUC=0.4952 acc=0.3473
[ep 002] val_sel AUC=0.5195 acc=0.3237
[ep 003] val_sel AUC=0.5145 acc=0.3473
[ep 004] val_sel AUC=0.5205 acc=0.3237
[ep 005] val_sel AUC=0.5192 acc=0.3237
[ep 006] val_sel AUC=0.5227 acc=0.3473
[ep 007] val_sel AUC=0.5258 acc=0.3473
[ep 008] val_sel AUC=0.5277 acc=0.3237
[ep 009] val_sel AUC=0.5271 acc=0.3473
[ep 010] val_sel AUC=0.5291 acc=0.3237
[ep 011] val_sel AUC=0.5274 acc=0.3237
[ep 012] val_sel AUC=0.5290 acc=0.3473
[ep 013] val_sel AUC=0.5313 acc=0.3291
[ep 014] val_sel AUC=0.5274 acc=0.3473
[ep 015] val_sel AUC=0.5291 acc=0.3291
[ep 016] val_sel AUC=0.5279 acc=0.3237
[ep 017] val_sel AUC=0.5290 acc=0.3291
[ep 018] val_sel AUC=0.5265 acc=0.3237
[ep 019] val_sel AUC=0.5263 acc=0.3237
[ep 020] val_sel AUC=0.5284 acc=0.3473
[ep 021] val_sel AUC=0.5301 acc=0.3291
[ep 022] val_sel AUC=0.5297 acc=0.3383
[ep 023] val_sel AUC=0.5294 acc=0.3473
[ep 024] val_sel AUC=0.5293 acc=0.3520
[ep 025] val_sel AUC=0.5291 acc=0.3237
[ep 026] val_sel AUC=0.5288 acc=0.3291
[ep 027] val_sel AUC=0.5284 acc=0.3291
[ep 028] val_sel AUC=0.5279 acc=0.3567
[ep 029] val_sel AUC=0.5277 acc=0.3580
[ep 030] val_sel AUC=0.5276 acc=0.3576
[ep 031] val_sel AUC=0.5276 acc=0.3562
[ep 032] val_sel AUC=0.5275 acc=0.3600
[ep 033] val_sel AUC=0.5232 acc=0.3291
[ep 034] val_sel AUC=0.5240 acc=0.3407
[ep 035] val_sel AUC=0.5239 acc=0.3410
[ep 036] val_sel AUC=0.5275 acc=0.3562
[ep 037] val_sel AUC=0.5269 acc=0.3425
[ep 038] val_sel AUC=0.5289 acc=0.3464
[ep 039] val_sel AUC=0.5387 acc=0.3598
[ep 040] val_sel AUC=0.5461 acc=0.3544
[ep 041] val_sel AUC=0.5518 acc=0.3466
[ep 042] val_sel AUC=0.5432 acc=0.3318
[ep 043] val_sel AUC=0.5473 acc=0.3643
[ep 044] val_sel AUC=0.5481 acc=0.3380
[ep 045] val_sel AUC=0.5632 acc=0.3576
[ep 046] val_sel AUC=0.5498 acc=0.3625
[ep 047] val_sel AUC=0.5585 acc=0.3607
[ep 048] val_sel AUC=0.5727 acc=0.3980
[ep 049] val_sel AUC=0.6121 acc=0.4000
[ep 050] val_sel AUC=0.6607 acc=0.4649
[ep 051] val_sel AUC=0.6928 acc=0.4907
[ep 052] val_sel AUC=0.7134 acc=0.4790
[ep 053] val_sel AUC=0.6468 acc=0.4597
[ep 054] val_sel AUC=0.6812 acc=0.4747
[ep 055] val_sel AUC=0.7398 acc=0.5176
[ep 056] val_sel AUC=0.7437 acc=0.5661
[ep 057] val_sel AUC=0.7431 acc=0.5758
[ep 058] val_sel AUC=0.6993 acc=0.4510
[ep 059] val_sel AUC=0.7673 acc=0.5805
[ep 060] val_sel AUC=0.7699 acc=0.5744
[ep 061] val_sel AUC=0.7765 acc=0.5733
[ep 062] val_sel AUC=0.7488 acc=0.5793
[ep 063] val_sel AUC=0.8078 acc=0.6249
[ep 064] val_sel AUC=0.8172 acc=0.6433
[ep 065] val_sel AUC=0.8291 acc=0.6561
[ep 066] val_sel AUC=0.8392 acc=0.6707
[ep 067] val_sel AUC=0.8393 acc=0.6685
[ep 068] val_sel AUC=0.8324 acc=0.6676
[ep 069] val_sel AUC=0.8389 acc=0.6727
[ep 070] val_sel AUC=0.8357 acc=0.6651
[ep 071] val_sel AUC=0.8467 acc=0.6752
[ep 072] val_sel AUC=0.8486 acc=0.6817
[ep 073] val_sel AUC=0.8588 acc=0.7057
[ep 074] val_sel AUC=0.8561 acc=0.6985
[ep 075] val_sel AUC=0.8594 acc=0.6970
[ep 076] val_sel AUC=0.8538 acc=0.6954
[ep 077] val_sel AUC=0.8592 acc=0.7033
[ep 078] val_sel AUC=0.8650 acc=0.7127
[ep 079] val_sel AUC=0.8711 acc=0.7205
[ep 080] val_sel AUC=0.8590 acc=0.7064
[ep 081] val_sel AUC=0.8735 acc=0.7237
[ep 082] val_sel AUC=0.8756 acc=0.7270
[ep 083] val_sel AUC=0.8725 acc=0.7201
[ep 084] val_sel AUC=0.8735 acc=0.7284
[ep 085] val_sel AUC=0.8733 acc=0.7239
[ep 086] val_sel AUC=0.8741 acc=0.7329
[ep 087] val_sel AUC=0.8727 acc=0.7152
[ep 088] val_sel AUC=0.8743 acc=0.7241
[ep 089] val_sel AUC=0.8748 acc=0.7239
[ep 090] val_sel AUC=0.8751 acc=0.7268
[ep 091] val_sel AUC=0.8753 acc=0.7282
[ep 092] val_sel AUC=0.8754 acc=0.7320
[ep 093] val_sel AUC=0.8754 acc=0.7320
[ep 094] val_sel AUC=0.8755 acc=0.7320
[ep 095] val_sel AUC=0.8755 acc=0.7324
[ep 096] val_sel AUC=0.8756 acc=0.7331
============================================================
TEST (best val_sel epoch, held-out, evaluated once)
============================================================
[DONE-QPE2] embed=quantum model_II N=100 seed=45 test_AUC=0.8857 val_sel_AUC=0.8756 per_class=(axion=0.9235 cdm=0.7861 no_sub=0.9473) params=203508 embed_params=49 R_frob_drift=0.9122946262359619
