[INFO] QPE2 D=64 P=8 depth=4 | embed=quantum | data=model_II N/class=100 seed=51 split_seed=0 | params=203508 embed_params=49 lr=0.001 epochs=96 bs=32 | train(300, 64, 64) val_sel(4455, 64, 64) test(4455, 64, 64) device=cuda
[ep 001] val_sel AUC=0.5106 acc=0.3473
[ep 002] val_sel AUC=0.5277 acc=0.3291
[ep 003] val_sel AUC=0.5312 acc=0.3473
[ep 004] val_sel AUC=0.5290 acc=0.3237
[ep 005] val_sel AUC=0.5231 acc=0.3473
[ep 006] val_sel AUC=0.5200 acc=0.3291
[ep 007] val_sel AUC=0.5179 acc=0.3237
[ep 008] val_sel AUC=0.5156 acc=0.3439
[ep 009] val_sel AUC=0.5141 acc=0.3488
[ep 010] val_sel AUC=0.5131 acc=0.3300
[ep 011] val_sel AUC=0.5192 acc=0.3459
[ep 012] val_sel AUC=0.5189 acc=0.3369
[ep 013] val_sel AUC=0.5211 acc=0.3385
[ep 014] val_sel AUC=0.5218 acc=0.3430
[ep 015] val_sel AUC=0.5224 acc=0.3282
[ep 016] val_sel AUC=0.5225 acc=0.3497
[ep 017] val_sel AUC=0.5297 acc=0.3443
[ep 018] val_sel AUC=0.5289 acc=0.3567
[ep 019] val_sel AUC=0.5293 acc=0.3448
[ep 020] val_sel AUC=0.5335 acc=0.3531
[ep 021] val_sel AUC=0.5340 acc=0.3587
[ep 022] val_sel AUC=0.5358 acc=0.3580
[ep 023] val_sel AUC=0.5379 acc=0.3609
[ep 024] val_sel AUC=0.5404 acc=0.3589
[ep 025] val_sel AUC=0.5414 acc=0.3634
[ep 026] val_sel AUC=0.5418 acc=0.3596
[ep 027] val_sel AUC=0.5432 acc=0.3670
[ep 028] val_sel AUC=0.5440 acc=0.3690
[ep 029] val_sel AUC=0.5439 acc=0.3627
[ep 030] val_sel AUC=0.5441 acc=0.3639
[ep 031] val_sel AUC=0.5443 acc=0.3634
[ep 032] val_sel AUC=0.5443 acc=0.3639
[ep 033] val_sel AUC=0.5533 acc=0.3652
[ep 034] val_sel AUC=0.5542 acc=0.3623
[ep 035] val_sel AUC=0.5390 acc=0.3591
[ep 036] val_sel AUC=0.5380 acc=0.3517
[ep 037] val_sel AUC=0.5496 acc=0.3796
[ep 038] val_sel AUC=0.5507 acc=0.3654
[ep 039] val_sel AUC=0.5546 acc=0.3679
[ep 040] val_sel AUC=0.5580 acc=0.3802
[ep 041] val_sel AUC=0.5614 acc=0.3742
[ep 042] val_sel AUC=0.5614 acc=0.3773
[ep 043] val_sel AUC=0.5894 acc=0.3944
[ep 044] val_sel AUC=0.6119 acc=0.4045
[ep 045] val_sel AUC=0.6444 acc=0.4400
[ep 046] val_sel AUC=0.6835 acc=0.4357
[ep 047] val_sel AUC=0.7239 acc=0.5293
[ep 048] val_sel AUC=0.6922 acc=0.4828
[ep 049] val_sel AUC=0.8050 acc=0.6236
[ep 050] val_sel AUC=0.7774 acc=0.5533
[ep 051] val_sel AUC=0.7943 acc=0.6373
[ep 052] val_sel AUC=0.7938 acc=0.5582
[ep 053] val_sel AUC=0.8240 acc=0.6379
[ep 054] val_sel AUC=0.7924 acc=0.6103
[ep 055] val_sel AUC=0.7933 acc=0.6083
[ep 056] val_sel AUC=0.8115 acc=0.6397
[ep 057] val_sel AUC=0.7758 acc=0.6283
[ep 058] val_sel AUC=0.8210 acc=0.6615
[ep 059] val_sel AUC=0.8204 acc=0.6449
[ep 060] val_sel AUC=0.8325 acc=0.6916
[ep 061] val_sel AUC=0.8267 acc=0.6786
[ep 062] val_sel AUC=0.8431 acc=0.7140
[ep 063] val_sel AUC=0.8412 acc=0.7042
[ep 064] val_sel AUC=0.8381 acc=0.6918
[ep 065] val_sel AUC=0.8169 acc=0.6714
[ep 066] val_sel AUC=0.8359 acc=0.6723
[ep 067] val_sel AUC=0.8391 acc=0.6994
[ep 068] val_sel AUC=0.8436 acc=0.6889
[ep 069] val_sel AUC=0.8486 acc=0.6981
[ep 070] val_sel AUC=0.8677 acc=0.7533
[ep 071] val_sel AUC=0.8608 acc=0.7288
[ep 072] val_sel AUC=0.8201 acc=0.6256
[ep 073] val_sel AUC=0.8402 acc=0.6689
[ep 074] val_sel AUC=0.8498 acc=0.7255
[ep 075] val_sel AUC=0.8567 acc=0.7354
[ep 076] val_sel AUC=0.8508 acc=0.7250
[ep 077] val_sel AUC=0.8641 acc=0.7571
[ep 078] val_sel AUC=0.8675 acc=0.7587
[ep 079] val_sel AUC=0.8472 acc=0.6916
[ep 080] val_sel AUC=0.8770 acc=0.7639
[ep 081] val_sel AUC=0.8689 acc=0.7479
[ep 082] val_sel AUC=0.8635 acc=0.7311
[ep 083] val_sel AUC=0.8691 acc=0.7603
[ep 084] val_sel AUC=0.8670 acc=0.7484
[ep 085] val_sel AUC=0.8713 acc=0.7614
[ep 086] val_sel AUC=0.8714 acc=0.7591
[ep 087] val_sel AUC=0.8736 acc=0.7648
[ep 088] val_sel AUC=0.8696 acc=0.7502
[ep 089] val_sel AUC=0.8709 acc=0.7582
[ep 090] val_sel AUC=0.8719 acc=0.7603
[ep 091] val_sel AUC=0.8706 acc=0.7538
[ep 092] val_sel AUC=0.8724 acc=0.7600
[ep 093] val_sel AUC=0.8722 acc=0.7585
[ep 094] val_sel AUC=0.8721 acc=0.7576
[ep 095] val_sel AUC=0.8721 acc=0.7587
[ep 096] val_sel AUC=0.8719 acc=0.7582
============================================================
TEST (best val_sel epoch, held-out, evaluated once)
============================================================
[DONE-QPE2] embed=quantum model_II N=100 seed=51 test_AUC=0.8965 val_sel_AUC=0.8770 per_class=(axion=0.9148 cdm=0.8045 no_sub=0.9703) params=203508 embed_params=49 R_frob_drift=0.608374297618866
