[INFO] QPE2 D=64 P=8 depth=4 | embed=quantum | data=model_II N/class=100 seed=56 split_seed=0 | params=203508 embed_params=49 lr=0.001 epochs=96 bs=32 | train(300, 64, 64) val_sel(4455, 64, 64) test(4455, 64, 64) device=cuda
[ep 001] val_sel AUC=0.5784 acc=0.3291
[ep 002] val_sel AUC=0.5488 acc=0.3473
[ep 003] val_sel AUC=0.5368 acc=0.3237
[ep 004] val_sel AUC=0.5432 acc=0.3291
[ep 005] val_sel AUC=0.5424 acc=0.3291
[ep 006] val_sel AUC=0.5418 acc=0.3473
[ep 007] val_sel AUC=0.5482 acc=0.3291
[ep 008] val_sel AUC=0.5436 acc=0.3237
[ep 009] val_sel AUC=0.5465 acc=0.3291
[ep 010] val_sel AUC=0.5453 acc=0.3473
[ep 011] val_sel AUC=0.5443 acc=0.3237
[ep 012] val_sel AUC=0.5485 acc=0.3291
[ep 013] val_sel AUC=0.5480 acc=0.3237
[ep 014] val_sel AUC=0.5466 acc=0.3481
[ep 015] val_sel AUC=0.5431 acc=0.3291
[ep 016] val_sel AUC=0.5424 acc=0.3686
[ep 017] val_sel AUC=0.5443 acc=0.3625
[ep 018] val_sel AUC=0.5448 acc=0.3650
[ep 019] val_sel AUC=0.5487 acc=0.3560
[ep 020] val_sel AUC=0.5637 acc=0.3780
[ep 021] val_sel AUC=0.5583 acc=0.3823
[ep 022] val_sel AUC=0.5589 acc=0.3760
[ep 023] val_sel AUC=0.5814 acc=0.3942
[ep 024] val_sel AUC=0.5905 acc=0.4245
[ep 025] val_sel AUC=0.5917 acc=0.4184
[ep 026] val_sel AUC=0.6008 acc=0.4213
[ep 027] val_sel AUC=0.6008 acc=0.4146
[ep 028] val_sel AUC=0.6050 acc=0.4171
[ep 029] val_sel AUC=0.6082 acc=0.4180
[ep 030] val_sel AUC=0.6106 acc=0.4213
[ep 031] val_sel AUC=0.6106 acc=0.4191
[ep 032] val_sel AUC=0.6109 acc=0.4184
[ep 033] val_sel AUC=0.6406 acc=0.4319
[ep 034] val_sel AUC=0.6564 acc=0.4402
[ep 035] val_sel AUC=0.6544 acc=0.4599
[ep 036] val_sel AUC=0.6801 acc=0.4738
[ep 037] val_sel AUC=0.7019 acc=0.5051
[ep 038] val_sel AUC=0.7018 acc=0.5125
[ep 039] val_sel AUC=0.6995 acc=0.4916
[ep 040] val_sel AUC=0.7355 acc=0.5320
[ep 041] val_sel AUC=0.7294 acc=0.5405
[ep 042] val_sel AUC=0.7501 acc=0.5569
[ep 043] val_sel AUC=0.7581 acc=0.5728
[ep 044] val_sel AUC=0.7547 acc=0.5838
[ep 045] val_sel AUC=0.7870 acc=0.6471
[ep 046] val_sel AUC=0.7902 acc=0.6088
[ep 047] val_sel AUC=0.7647 acc=0.5955
[ep 048] val_sel AUC=0.7590 acc=0.5823
[ep 049] val_sel AUC=0.7897 acc=0.6211
[ep 050] val_sel AUC=0.8175 acc=0.6633
[ep 051] val_sel AUC=0.7952 acc=0.6382
[ep 052] val_sel AUC=0.7937 acc=0.6245
[ep 053] val_sel AUC=0.7932 acc=0.6110
[ep 054] val_sel AUC=0.8119 acc=0.6489
[ep 055] val_sel AUC=0.8134 acc=0.6667
[ep 056] val_sel AUC=0.8136 acc=0.6337
[ep 057] val_sel AUC=0.8312 acc=0.6855
[ep 058] val_sel AUC=0.8087 acc=0.6117
[ep 059] val_sel AUC=0.8184 acc=0.6550
[ep 060] val_sel AUC=0.8042 acc=0.5582
[ep 061] val_sel AUC=0.8157 acc=0.6810
[ep 062] val_sel AUC=0.8169 acc=0.6420
[ep 063] val_sel AUC=0.8289 acc=0.6848
[ep 064] val_sel AUC=0.8296 acc=0.7033
[ep 065] val_sel AUC=0.8248 acc=0.6916
[ep 066] val_sel AUC=0.8215 acc=0.6514
[ep 067] val_sel AUC=0.8251 acc=0.6862
[ep 068] val_sel AUC=0.8185 acc=0.6756
[ep 069] val_sel AUC=0.8213 acc=0.6595
[ep 070] val_sel AUC=0.8333 acc=0.7059
[ep 071] val_sel AUC=0.8260 acc=0.6905
[ep 072] val_sel AUC=0.8449 acc=0.7154
[ep 073] val_sel AUC=0.8300 acc=0.6965
[ep 074] val_sel AUC=0.8397 acc=0.6905
[ep 075] val_sel AUC=0.8428 acc=0.7237
[ep 076] val_sel AUC=0.8349 acc=0.7183
[ep 077] val_sel AUC=0.8407 acc=0.7270
[ep 078] val_sel AUC=0.8346 acc=0.7080
[ep 079] val_sel AUC=0.8353 acc=0.7143
[ep 080] val_sel AUC=0.8426 acc=0.7315
[ep 081] val_sel AUC=0.8374 acc=0.7185
[ep 082] val_sel AUC=0.8399 acc=0.7266
[ep 083] val_sel AUC=0.8366 acc=0.7147
[ep 084] val_sel AUC=0.8413 acc=0.7237
[ep 085] val_sel AUC=0.8373 acc=0.7190
[ep 086] val_sel AUC=0.8377 acc=0.7266
[ep 087] val_sel AUC=0.8383 acc=0.7246
[ep 088] val_sel AUC=0.8352 acc=0.7143
[ep 089] val_sel AUC=0.8353 acc=0.7167
[ep 090] val_sel AUC=0.8361 acc=0.7181
[ep 091] val_sel AUC=0.8361 acc=0.7172
[ep 092] val_sel AUC=0.8355 acc=0.7181
[ep 093] val_sel AUC=0.8360 acc=0.7187
[ep 094] val_sel AUC=0.8359 acc=0.7181
[ep 095] val_sel AUC=0.8355 acc=0.7169
[ep 096] val_sel AUC=0.8356 acc=0.7172
============================================================
TEST (best val_sel epoch, held-out, evaluated once)
============================================================
[DONE-QPE2] embed=quantum model_II N=100 seed=56 test_AUC=0.8513 val_sel_AUC=0.8449 per_class=(axion=0.8864 cdm=0.7313 no_sub=0.9363) params=203508 embed_params=49 R_frob_drift=0.7656720280647278
