[INFO] QPE2 D=64 P=8 depth=4 | embed=quantum | data=model_II N/class=100 seed=57 split_seed=0 | params=203508 embed_params=49 lr=0.001 epochs=96 bs=32 | train(300, 64, 64) val_sel(4455, 64, 64) test(4455, 64, 64) device=cuda
[ep 001] val_sel AUC=0.5368 acc=0.3291
[ep 002] val_sel AUC=0.5206 acc=0.3237
[ep 003] val_sel AUC=0.5256 acc=0.3291
[ep 004] val_sel AUC=0.5264 acc=0.3473
[ep 005] val_sel AUC=0.5299 acc=0.3291
[ep 006] val_sel AUC=0.5318 acc=0.3237
[ep 007] val_sel AUC=0.5336 acc=0.3473
[ep 008] val_sel AUC=0.5351 acc=0.3237
[ep 009] val_sel AUC=0.5358 acc=0.3291
[ep 010] val_sel AUC=0.5356 acc=0.3473
[ep 011] val_sel AUC=0.5366 acc=0.3291
[ep 012] val_sel AUC=0.5375 acc=0.3515
[ep 013] val_sel AUC=0.5377 acc=0.3473
[ep 014] val_sel AUC=0.5338 acc=0.3473
[ep 015] val_sel AUC=0.5325 acc=0.3495
[ep 016] val_sel AUC=0.5329 acc=0.3416
[ep 017] val_sel AUC=0.5448 acc=0.3473
[ep 018] val_sel AUC=0.5335 acc=0.3533
[ep 019] val_sel AUC=0.5347 acc=0.3401
[ep 020] val_sel AUC=0.5363 acc=0.3452
[ep 021] val_sel AUC=0.5454 acc=0.3437
[ep 022] val_sel AUC=0.5466 acc=0.3452
[ep 023] val_sel AUC=0.5453 acc=0.3551
[ep 024] val_sel AUC=0.5419 acc=0.3473
[ep 025] val_sel AUC=0.5437 acc=0.3556
[ep 026] val_sel AUC=0.5428 acc=0.3562
[ep 027] val_sel AUC=0.5446 acc=0.3533
[ep 028] val_sel AUC=0.5453 acc=0.3513
[ep 029] val_sel AUC=0.5454 acc=0.3560
[ep 030] val_sel AUC=0.5455 acc=0.3569
[ep 031] val_sel AUC=0.5455 acc=0.3565
[ep 032] val_sel AUC=0.5455 acc=0.3565
[ep 033] val_sel AUC=0.5429 acc=0.3650
[ep 034] val_sel AUC=0.5461 acc=0.3553
[ep 035] val_sel AUC=0.5344 acc=0.3473
[ep 036] val_sel AUC=0.5277 acc=0.3468
[ep 037] val_sel AUC=0.5327 acc=0.3504
[ep 038] val_sel AUC=0.5432 acc=0.3663
[ep 039] val_sel AUC=0.5387 acc=0.3562
[ep 040] val_sel AUC=0.5438 acc=0.3659
[ep 041] val_sel AUC=0.5394 acc=0.3553
[ep 042] val_sel AUC=0.5380 acc=0.3569
[ep 043] val_sel AUC=0.5469 acc=0.3688
[ep 044] val_sel AUC=0.5375 acc=0.3425
[ep 045] val_sel AUC=0.5547 acc=0.3789
[ep 046] val_sel AUC=0.5374 acc=0.3605
[ep 047] val_sel AUC=0.5401 acc=0.3531
[ep 048] val_sel AUC=0.5579 acc=0.3874
[ep 049] val_sel AUC=0.5744 acc=0.3648
[ep 050] val_sel AUC=0.5681 acc=0.3735
[ep 051] val_sel AUC=0.5812 acc=0.3962
[ep 052] val_sel AUC=0.6059 acc=0.4144
[ep 053] val_sel AUC=0.6300 acc=0.4400
[ep 054] val_sel AUC=0.6935 acc=0.4801
[ep 055] val_sel AUC=0.7102 acc=0.5414
[ep 056] val_sel AUC=0.6394 acc=0.4211
[ep 057] val_sel AUC=0.6621 acc=0.4375
[ep 058] val_sel AUC=0.6799 acc=0.5044
[ep 059] val_sel AUC=0.7175 acc=0.5109
[ep 060] val_sel AUC=0.7128 acc=0.4103
[ep 061] val_sel AUC=0.6849 acc=0.4871
[ep 062] val_sel AUC=0.6557 acc=0.4420
[ep 063] val_sel AUC=0.7053 acc=0.4929
[ep 064] val_sel AUC=0.7424 acc=0.5737
[ep 065] val_sel AUC=0.7513 acc=0.5717
[ep 066] val_sel AUC=0.7785 acc=0.5946
[ep 067] val_sel AUC=0.7647 acc=0.5259
[ep 068] val_sel AUC=0.7817 acc=0.5953
[ep 069] val_sel AUC=0.7926 acc=0.6224
[ep 070] val_sel AUC=0.7968 acc=0.6121
[ep 071] val_sel AUC=0.8270 acc=0.6673
[ep 072] val_sel AUC=0.8253 acc=0.6575
[ep 073] val_sel AUC=0.8324 acc=0.6615
[ep 074] val_sel AUC=0.8291 acc=0.6687
[ep 075] val_sel AUC=0.8338 acc=0.6700
[ep 076] val_sel AUC=0.8405 acc=0.6786
[ep 077] val_sel AUC=0.8402 acc=0.6734
[ep 078] val_sel AUC=0.8404 acc=0.6837
[ep 079] val_sel AUC=0.8502 acc=0.6925
[ep 080] val_sel AUC=0.8537 acc=0.7028
[ep 081] val_sel AUC=0.8514 acc=0.6979
[ep 082] val_sel AUC=0.8478 acc=0.7012
[ep 083] val_sel AUC=0.8529 acc=0.7071
[ep 084] val_sel AUC=0.8413 acc=0.6833
[ep 085] val_sel AUC=0.8523 acc=0.7033
[ep 086] val_sel AUC=0.8551 acc=0.7129
[ep 087] val_sel AUC=0.8483 acc=0.6866
[ep 088] val_sel AUC=0.8511 acc=0.7033
[ep 089] val_sel AUC=0.8509 acc=0.6994
[ep 090] val_sel AUC=0.8493 acc=0.6920
[ep 091] val_sel AUC=0.8513 acc=0.6972
[ep 092] val_sel AUC=0.8516 acc=0.6992
[ep 093] val_sel AUC=0.8513 acc=0.6988
[ep 094] val_sel AUC=0.8514 acc=0.6983
[ep 095] val_sel AUC=0.8515 acc=0.6983
[ep 096] val_sel AUC=0.8514 acc=0.6985
============================================================
TEST (best val_sel epoch, held-out, evaluated once)
============================================================
[DONE-QPE2] embed=quantum model_II N=100 seed=57 test_AUC=0.8579 val_sel_AUC=0.8551 per_class=(axion=0.9057 cdm=0.7528 no_sub=0.9151) params=203508 embed_params=49 R_frob_drift=0.7417033910751343
