[INFO] QPE2 D=64 P=8 depth=4 | embed=quantum | data=model_III N/class=100 seed=55 split_seed=0 | params=203508 embed_params=49 lr=0.001 epochs=96 bs=32 | train(300, 64, 64) val_sel(4469, 64, 64) test(4470, 64, 64) device=cuda
[ep 001] val_sel AUC=0.4648 acc=0.3433
[ep 002] val_sel AUC=0.4826 acc=0.3285
[ep 003] val_sel AUC=0.4858 acc=0.3433
[ep 004] val_sel AUC=0.4966 acc=0.3285
[ep 005] val_sel AUC=0.5003 acc=0.3301
[ep 006] val_sel AUC=0.5066 acc=0.3415
[ep 007] val_sel AUC=0.5091 acc=0.3285
[ep 008] val_sel AUC=0.5171 acc=0.3283
[ep 009] val_sel AUC=0.5150 acc=0.3433
[ep 010] val_sel AUC=0.5200 acc=0.3285
[ep 011] val_sel AUC=0.5195 acc=0.3285
[ep 012] val_sel AUC=0.5225 acc=0.3283
[ep 013] val_sel AUC=0.5223 acc=0.3433
[ep 014] val_sel AUC=0.5234 acc=0.3285
[ep 015] val_sel AUC=0.5248 acc=0.3312
[ep 016] val_sel AUC=0.5249 acc=0.3433
[ep 017] val_sel AUC=0.5262 acc=0.3283
[ep 018] val_sel AUC=0.5254 acc=0.3433
[ep 019] val_sel AUC=0.5268 acc=0.3323
[ep 020] val_sel AUC=0.5267 acc=0.3433
[ep 021] val_sel AUC=0.5276 acc=0.3283
[ep 022] val_sel AUC=0.5275 acc=0.3285
[ep 023] val_sel AUC=0.5270 acc=0.3285
[ep 024] val_sel AUC=0.5275 acc=0.3433
[ep 025] val_sel AUC=0.5279 acc=0.3363
[ep 026] val_sel AUC=0.5285 acc=0.3323
[ep 027] val_sel AUC=0.5278 acc=0.3453
[ep 028] val_sel AUC=0.5279 acc=0.3441
[ep 029] val_sel AUC=0.5279 acc=0.3433
[ep 030] val_sel AUC=0.5280 acc=0.3576
[ep 031] val_sel AUC=0.5280 acc=0.3551
[ep 032] val_sel AUC=0.5280 acc=0.3571
[ep 033] val_sel AUC=0.5301 acc=0.3285
[ep 034] val_sel AUC=0.5323 acc=0.3437
[ep 035] val_sel AUC=0.5360 acc=0.3551
[ep 036] val_sel AUC=0.5417 acc=0.3652
[ep 037] val_sel AUC=0.5411 acc=0.3605
[ep 038] val_sel AUC=0.5384 acc=0.3529
[ep 039] val_sel AUC=0.5421 acc=0.3645
[ep 040] val_sel AUC=0.5326 acc=0.3464
[ep 041] val_sel AUC=0.5287 acc=0.3316
[ep 042] val_sel AUC=0.5407 acc=0.3538
[ep 043] val_sel AUC=0.5415 acc=0.3652
[ep 044] val_sel AUC=0.5429 acc=0.3723
[ep 045] val_sel AUC=0.5440 acc=0.3730
[ep 046] val_sel AUC=0.5440 acc=0.3699
[ep 047] val_sel AUC=0.5443 acc=0.3659
[ep 048] val_sel AUC=0.5450 acc=0.3690
[ep 049] val_sel AUC=0.5456 acc=0.3679
[ep 050] val_sel AUC=0.5500 acc=0.3683
[ep 051] val_sel AUC=0.5549 acc=0.3672
[ep 052] val_sel AUC=0.5570 acc=0.3636
[ep 053] val_sel AUC=0.5574 acc=0.3703
[ep 054] val_sel AUC=0.5742 acc=0.3802
[ep 055] val_sel AUC=0.5887 acc=0.4064
[ep 056] val_sel AUC=0.6122 acc=0.4128
[ep 057] val_sel AUC=0.6367 acc=0.4372
[ep 058] val_sel AUC=0.6210 acc=0.4166
[ep 059] val_sel AUC=0.6528 acc=0.4180
[ep 060] val_sel AUC=0.6632 acc=0.4587
[ep 061] val_sel AUC=0.6791 acc=0.4999
[ep 062] val_sel AUC=0.6660 acc=0.4576
[ep 063] val_sel AUC=0.6751 acc=0.4842
[ep 064] val_sel AUC=0.6295 acc=0.3925
[ep 065] val_sel AUC=0.6791 acc=0.4366
[ep 066] val_sel AUC=0.6937 acc=0.5066
[ep 067] val_sel AUC=0.6938 acc=0.5055
[ep 068] val_sel AUC=0.7086 acc=0.5176
[ep 069] val_sel AUC=0.7084 acc=0.5243
[ep 070] val_sel AUC=0.7211 acc=0.5241
[ep 071] val_sel AUC=0.7403 acc=0.5364
[ep 072] val_sel AUC=0.7546 acc=0.5603
[ep 073] val_sel AUC=0.7558 acc=0.5820
[ep 074] val_sel AUC=0.7626 acc=0.5639
[ep 075] val_sel AUC=0.7603 acc=0.5650
[ep 076] val_sel AUC=0.7710 acc=0.5887
[ep 077] val_sel AUC=0.7866 acc=0.5990
[ep 078] val_sel AUC=0.8028 acc=0.6131
[ep 079] val_sel AUC=0.8163 acc=0.6357
[ep 080] val_sel AUC=0.8235 acc=0.6592
[ep 081] val_sel AUC=0.8258 acc=0.6375
[ep 082] val_sel AUC=0.8189 acc=0.6326
[ep 083] val_sel AUC=0.8312 acc=0.6554
[ep 084] val_sel AUC=0.8364 acc=0.6659
[ep 085] val_sel AUC=0.8418 acc=0.6749
[ep 086] val_sel AUC=0.8460 acc=0.6894
[ep 087] val_sel AUC=0.8445 acc=0.6854
[ep 088] val_sel AUC=0.8467 acc=0.6937
[ep 089] val_sel AUC=0.8450 acc=0.6809
[ep 090] val_sel AUC=0.8469 acc=0.6952
[ep 091] val_sel AUC=0.8456 acc=0.6863
[ep 092] val_sel AUC=0.8459 acc=0.6876
[ep 093] val_sel AUC=0.8463 acc=0.6878
[ep 094] val_sel AUC=0.8462 acc=0.6899
[ep 095] val_sel AUC=0.8460 acc=0.6910
[ep 096] val_sel AUC=0.8460 acc=0.6899
============================================================
TEST (best val_sel epoch, held-out, evaluated once)
============================================================
[DONE-QPE2] embed=quantum model_III N=100 seed=55 test_AUC=0.8414 val_sel_AUC=0.8469 per_class=(axion=0.8978 cdm=0.7190 no_sub=0.9073) params=203508 embed_params=49 R_frob_drift=0.6160615682601929
