[INFO] QPE2 D=64 P=8 depth=4 | embed=quantum | data=model_III N/class=100 seed=44 split_seed=0 | params=203508 embed_params=49 lr=0.001 epochs=96 bs=32 | train(300, 64, 64) val_sel(4469, 64, 64) test(4470, 64, 64) device=cuda
[ep 001] val_sel AUC=0.5123 acc=0.3285
[ep 002] val_sel AUC=0.4991 acc=0.3283
[ep 003] val_sel AUC=0.5027 acc=0.3283
[ep 004] val_sel AUC=0.5041 acc=0.3433
[ep 005] val_sel AUC=0.5107 acc=0.3283
[ep 006] val_sel AUC=0.5092 acc=0.3433
[ep 007] val_sel AUC=0.5133 acc=0.3415
[ep 008] val_sel AUC=0.5150 acc=0.3294
[ep 009] val_sel AUC=0.5141 acc=0.3433
[ep 010] val_sel AUC=0.5141 acc=0.3433
[ep 011] val_sel AUC=0.5119 acc=0.3424
[ep 012] val_sel AUC=0.5126 acc=0.3283
[ep 013] val_sel AUC=0.5070 acc=0.3433
[ep 014] val_sel AUC=0.5169 acc=0.3350
[ep 015] val_sel AUC=0.5088 acc=0.3285
[ep 016] val_sel AUC=0.5112 acc=0.3433
[ep 017] val_sel AUC=0.5154 acc=0.3365
[ep 018] val_sel AUC=0.5159 acc=0.3457
[ep 019] val_sel AUC=0.5165 acc=0.3504
[ep 020] val_sel AUC=0.5182 acc=0.3361
[ep 021] val_sel AUC=0.5144 acc=0.3303
[ep 022] val_sel AUC=0.5181 acc=0.3374
[ep 023] val_sel AUC=0.5195 acc=0.3410
[ep 024] val_sel AUC=0.5147 acc=0.3417
[ep 025] val_sel AUC=0.5181 acc=0.3354
[ep 026] val_sel AUC=0.5204 acc=0.3386
[ep 027] val_sel AUC=0.5219 acc=0.3399
[ep 028] val_sel AUC=0.5229 acc=0.3392
[ep 029] val_sel AUC=0.5223 acc=0.3381
[ep 030] val_sel AUC=0.5226 acc=0.3390
[ep 031] val_sel AUC=0.5225 acc=0.3383
[ep 032] val_sel AUC=0.5226 acc=0.3370
[ep 033] val_sel AUC=0.5400 acc=0.3285
[ep 034] val_sel AUC=0.5718 acc=0.3283
[ep 035] val_sel AUC=0.5395 acc=0.3285
[ep 036] val_sel AUC=0.5381 acc=0.3538
[ep 037] val_sel AUC=0.5343 acc=0.3609
[ep 038] val_sel AUC=0.5399 acc=0.3706
[ep 039] val_sel AUC=0.5461 acc=0.3591
[ep 040] val_sel AUC=0.5644 acc=0.3887
[ep 041] val_sel AUC=0.5982 acc=0.3397
[ep 042] val_sel AUC=0.6415 acc=0.3518
[ep 043] val_sel AUC=0.6400 acc=0.3779
[ep 044] val_sel AUC=0.5910 acc=0.3896
[ep 045] val_sel AUC=0.6878 acc=0.4927
[ep 046] val_sel AUC=0.6667 acc=0.4202
[ep 047] val_sel AUC=0.6814 acc=0.4777
[ep 048] val_sel AUC=0.7172 acc=0.5236
[ep 049] val_sel AUC=0.7307 acc=0.5308
[ep 050] val_sel AUC=0.7686 acc=0.5954
[ep 051] val_sel AUC=0.6996 acc=0.4795
[ep 052] val_sel AUC=0.6790 acc=0.4739
[ep 053] val_sel AUC=0.7471 acc=0.5829
[ep 054] val_sel AUC=0.7631 acc=0.5487
[ep 055] val_sel AUC=0.7528 acc=0.5825
[ep 056] val_sel AUC=0.7975 acc=0.6243
[ep 057] val_sel AUC=0.8131 acc=0.6013
[ep 058] val_sel AUC=0.7939 acc=0.6353
[ep 059] val_sel AUC=0.8053 acc=0.6030
[ep 060] val_sel AUC=0.8484 acc=0.6950
[ep 061] val_sel AUC=0.8298 acc=0.6328
[ep 062] val_sel AUC=0.7800 acc=0.6124
[ep 063] val_sel AUC=0.8539 acc=0.6993
[ep 064] val_sel AUC=0.8276 acc=0.6617
[ep 065] val_sel AUC=0.8149 acc=0.6447
[ep 066] val_sel AUC=0.8626 acc=0.7102
[ep 067] val_sel AUC=0.8595 acc=0.7011
[ep 068] val_sel AUC=0.8519 acc=0.7268
[ep 069] val_sel AUC=0.8562 acc=0.7131
[ep 070] val_sel AUC=0.8561 acc=0.7187
[ep 071] val_sel AUC=0.8683 acc=0.7134
[ep 072] val_sel AUC=0.8829 acc=0.7431
[ep 073] val_sel AUC=0.8826 acc=0.7460
[ep 074] val_sel AUC=0.8730 acc=0.7501
[ep 075] val_sel AUC=0.8781 acc=0.7386
[ep 076] val_sel AUC=0.8815 acc=0.7404
[ep 077] val_sel AUC=0.8893 acc=0.7579
[ep 078] val_sel AUC=0.8726 acc=0.7337
[ep 079] val_sel AUC=0.8880 acc=0.7637
[ep 080] val_sel AUC=0.8872 acc=0.7603
[ep 081] val_sel AUC=0.8859 acc=0.7595
[ep 082] val_sel AUC=0.8963 acc=0.7747
[ep 083] val_sel AUC=0.8934 acc=0.7738
[ep 084] val_sel AUC=0.8935 acc=0.7762
[ep 085] val_sel AUC=0.8910 acc=0.7785
[ep 086] val_sel AUC=0.8971 acc=0.7807
[ep 087] val_sel AUC=0.8947 acc=0.7825
[ep 088] val_sel AUC=0.8936 acc=0.7789
[ep 089] val_sel AUC=0.8937 acc=0.7812
[ep 090] val_sel AUC=0.8954 acc=0.7845
[ep 091] val_sel AUC=0.8950 acc=0.7865
[ep 092] val_sel AUC=0.8948 acc=0.7832
[ep 093] val_sel AUC=0.8947 acc=0.7829
[ep 094] val_sel AUC=0.8946 acc=0.7814
[ep 095] val_sel AUC=0.8947 acc=0.7816
[ep 096] val_sel AUC=0.8948 acc=0.7827
============================================================
TEST (best val_sel epoch, held-out, evaluated once)
============================================================
[DONE-QPE2] embed=quantum model_III N=100 seed=44 test_AUC=0.8850 val_sel_AUC=0.8971 per_class=(axion=0.9144 cdm=0.7845 no_sub=0.9561) params=203508 embed_params=49 R_frob_drift=0.7310758829116821
