[INFO] QPE2 D=64 P=8 depth=4 | embed=quantum | data=model_III N/class=100 seed=47 split_seed=0 | params=203508 embed_params=49 lr=0.001 epochs=96 bs=32 | train(300, 64, 64) val_sel(4469, 64, 64) test(4470, 64, 64) device=cuda
[ep 001] val_sel AUC=0.5648 acc=0.3283
[ep 002] val_sel AUC=0.5578 acc=0.3285
[ep 003] val_sel AUC=0.5747 acc=0.3433
[ep 004] val_sel AUC=0.5905 acc=0.3285
[ep 005] val_sel AUC=0.5963 acc=0.3433
[ep 006] val_sel AUC=0.6018 acc=0.3283
[ep 007] val_sel AUC=0.6066 acc=0.3285
[ep 008] val_sel AUC=0.6103 acc=0.3285
[ep 009] val_sel AUC=0.6211 acc=0.3433
[ep 010] val_sel AUC=0.6229 acc=0.3283
[ep 011] val_sel AUC=0.6101 acc=0.3285
[ep 012] val_sel AUC=0.6223 acc=0.3433
[ep 013] val_sel AUC=0.6152 acc=0.3285
[ep 014] val_sel AUC=0.6045 acc=0.3354
[ep 015] val_sel AUC=0.5872 acc=0.3558
[ep 016] val_sel AUC=0.5727 acc=0.3679
[ep 017] val_sel AUC=0.5637 acc=0.3685
[ep 018] val_sel AUC=0.5632 acc=0.3710
[ep 019] val_sel AUC=0.5707 acc=0.3820
[ep 020] val_sel AUC=0.5790 acc=0.3775
[ep 021] val_sel AUC=0.6054 acc=0.4357
[ep 022] val_sel AUC=0.5995 acc=0.3898
[ep 023] val_sel AUC=0.6485 acc=0.4560
[ep 024] val_sel AUC=0.6574 acc=0.4974
[ep 025] val_sel AUC=0.6766 acc=0.4956
[ep 026] val_sel AUC=0.6788 acc=0.4721
[ep 027] val_sel AUC=0.6982 acc=0.4925
[ep 028] val_sel AUC=0.6972 acc=0.5075
[ep 029] val_sel AUC=0.7116 acc=0.5173
[ep 030] val_sel AUC=0.7139 acc=0.5254
[ep 031] val_sel AUC=0.7168 acc=0.5296
[ep 032] val_sel AUC=0.7172 acc=0.5308
[ep 033] val_sel AUC=0.6805 acc=0.4529
[ep 034] val_sel AUC=0.6645 acc=0.4350
[ep 035] val_sel AUC=0.6535 acc=0.4095
[ep 036] val_sel AUC=0.7334 acc=0.5294
[ep 037] val_sel AUC=0.7534 acc=0.5487
[ep 038] val_sel AUC=0.7297 acc=0.5339
[ep 039] val_sel AUC=0.7055 acc=0.5010
[ep 040] val_sel AUC=0.7797 acc=0.5426
[ep 041] val_sel AUC=0.7647 acc=0.5957
[ep 042] val_sel AUC=0.7425 acc=0.5543
[ep 043] val_sel AUC=0.7817 acc=0.6080
[ep 044] val_sel AUC=0.8111 acc=0.6021
[ep 045] val_sel AUC=0.7877 acc=0.6066
[ep 046] val_sel AUC=0.8165 acc=0.6471
[ep 047] val_sel AUC=0.8171 acc=0.6308
[ep 048] val_sel AUC=0.8325 acc=0.6668
[ep 049] val_sel AUC=0.7972 acc=0.6113
[ep 050] val_sel AUC=0.8407 acc=0.6426
[ep 051] val_sel AUC=0.8105 acc=0.6185
[ep 052] val_sel AUC=0.8500 acc=0.6825
[ep 053] val_sel AUC=0.8531 acc=0.6952
[ep 054] val_sel AUC=0.8554 acc=0.7069
[ep 055] val_sel AUC=0.8330 acc=0.6706
[ep 056] val_sel AUC=0.8534 acc=0.6981
[ep 057] val_sel AUC=0.8717 acc=0.7248
[ep 058] val_sel AUC=0.8701 acc=0.7281
[ep 059] val_sel AUC=0.8347 acc=0.6639
[ep 060] val_sel AUC=0.8252 acc=0.6632
[ep 061] val_sel AUC=0.8527 acc=0.7093
[ep 062] val_sel AUC=0.8585 acc=0.6735
[ep 063] val_sel AUC=0.8779 acc=0.7190
[ep 064] val_sel AUC=0.8750 acc=0.7084
[ep 065] val_sel AUC=0.8654 acc=0.7078
[ep 066] val_sel AUC=0.8723 acc=0.7317
[ep 067] val_sel AUC=0.8607 acc=0.7060
[ep 068] val_sel AUC=0.8606 acc=0.6823
[ep 069] val_sel AUC=0.8781 acc=0.7617
[ep 070] val_sel AUC=0.8813 acc=0.7574
[ep 071] val_sel AUC=0.8823 acc=0.7617
[ep 072] val_sel AUC=0.8787 acc=0.7471
[ep 073] val_sel AUC=0.8791 acc=0.7617
[ep 074] val_sel AUC=0.8861 acc=0.7465
[ep 075] val_sel AUC=0.8804 acc=0.7393
[ep 076] val_sel AUC=0.8809 acc=0.7465
[ep 077] val_sel AUC=0.8847 acc=0.7550
[ep 078] val_sel AUC=0.8885 acc=0.7557
[ep 079] val_sel AUC=0.8904 acc=0.7642
[ep 080] val_sel AUC=0.8894 acc=0.7715
[ep 081] val_sel AUC=0.8918 acc=0.7668
[ep 082] val_sel AUC=0.8944 acc=0.7774
[ep 083] val_sel AUC=0.8909 acc=0.7756
[ep 084] val_sel AUC=0.8924 acc=0.7693
[ep 085] val_sel AUC=0.8925 acc=0.7809
[ep 086] val_sel AUC=0.8922 acc=0.7785
[ep 087] val_sel AUC=0.8934 acc=0.7821
[ep 088] val_sel AUC=0.8937 acc=0.7807
[ep 089] val_sel AUC=0.8912 acc=0.7789
[ep 090] val_sel AUC=0.8923 acc=0.7816
[ep 091] val_sel AUC=0.8921 acc=0.7805
[ep 092] val_sel AUC=0.8932 acc=0.7825
[ep 093] val_sel AUC=0.8924 acc=0.7825
[ep 094] val_sel AUC=0.8920 acc=0.7812
[ep 095] val_sel AUC=0.8923 acc=0.7821
[ep 096] val_sel AUC=0.8924 acc=0.7827
============================================================
TEST (best val_sel epoch, held-out, evaluated once)
============================================================
[DONE-QPE2] embed=quantum model_III N=100 seed=47 test_AUC=0.9026 val_sel_AUC=0.8944 per_class=(axion=0.9365 cdm=0.8167 no_sub=0.9545) params=203508 embed_params=49 R_frob_drift=0.8224218487739563
