[INFO] QPE2 D=64 P=8 depth=4 | embed=quantum | data=model_II N/class=250 seed=47 split_seed=0 | params=203508 embed_params=49 lr=0.001 epochs=96 bs=32 | train(750, 64, 64) val_sel(4455, 64, 64) test(4455, 64, 64) device=cuda
[ep 001] val_sel AUC=0.5119 acc=0.3473
[ep 002] val_sel AUC=0.5229 acc=0.3237
[ep 003] val_sel AUC=0.5332 acc=0.3237
[ep 004] val_sel AUC=0.5391 acc=0.3484
[ep 005] val_sel AUC=0.5427 acc=0.3473
[ep 006] val_sel AUC=0.5606 acc=0.3473
[ep 007] val_sel AUC=0.5478 acc=0.3477
[ep 008] val_sel AUC=0.5463 acc=0.3237
[ep 009] val_sel AUC=0.5337 acc=0.3457
[ep 010] val_sel AUC=0.5345 acc=0.3571
[ep 011] val_sel AUC=0.5812 acc=0.4002
[ep 012] val_sel AUC=0.6326 acc=0.4453
[ep 013] val_sel AUC=0.6504 acc=0.4301
[ep 014] val_sel AUC=0.6937 acc=0.5091
[ep 015] val_sel AUC=0.7245 acc=0.5401
[ep 016] val_sel AUC=0.7610 acc=0.5524
[ep 017] val_sel AUC=0.7812 acc=0.5942
[ep 018] val_sel AUC=0.8218 acc=0.6669
[ep 019] val_sel AUC=0.8183 acc=0.6377
[ep 020] val_sel AUC=0.8387 acc=0.6866
[ep 021] val_sel AUC=0.8380 acc=0.6846
[ep 022] val_sel AUC=0.8561 acc=0.6864
[ep 023] val_sel AUC=0.8623 acc=0.7158
[ep 024] val_sel AUC=0.8622 acc=0.7093
[ep 025] val_sel AUC=0.8789 acc=0.7396
[ep 026] val_sel AUC=0.8545 acc=0.6761
[ep 027] val_sel AUC=0.8862 acc=0.7459
[ep 028] val_sel AUC=0.8876 acc=0.7585
[ep 029] val_sel AUC=0.8858 acc=0.7477
[ep 030] val_sel AUC=0.8881 acc=0.7538
[ep 031] val_sel AUC=0.8889 acc=0.7524
[ep 032] val_sel AUC=0.8888 acc=0.7535
[ep 033] val_sel AUC=0.7420 acc=0.5434
[ep 034] val_sel AUC=0.8249 acc=0.6673
[ep 035] val_sel AUC=0.7971 acc=0.5814
[ep 036] val_sel AUC=0.8518 acc=0.6887
[ep 037] val_sel AUC=0.8666 acc=0.7201
[ep 038] val_sel AUC=0.8695 acc=0.7192
[ep 039] val_sel AUC=0.8506 acc=0.7064
[ep 040] val_sel AUC=0.8796 acc=0.7138
[ep 041] val_sel AUC=0.8214 acc=0.6568
[ep 042] val_sel AUC=0.8855 acc=0.7387
[ep 043] val_sel AUC=0.8678 acc=0.7062
[ep 044] val_sel AUC=0.8409 acc=0.6777
[ep 045] val_sel AUC=0.8645 acc=0.7091
[ep 046] val_sel AUC=0.8171 acc=0.5394
[ep 047] val_sel AUC=0.8739 acc=0.7131
[ep 048] val_sel AUC=0.8793 acc=0.7311
[ep 049] val_sel AUC=0.8614 acc=0.7187
[ep 050] val_sel AUC=0.8886 acc=0.7439
[ep 051] val_sel AUC=0.8692 acc=0.6873
[ep 052] val_sel AUC=0.8825 acc=0.7410
[ep 053] val_sel AUC=0.8903 acc=0.7416
[ep 054] val_sel AUC=0.8694 acc=0.7351
[ep 055] val_sel AUC=0.8637 acc=0.7066
[ep 056] val_sel AUC=0.8806 acc=0.7304
[ep 057] val_sel AUC=0.8990 acc=0.7686
[ep 058] val_sel AUC=0.9057 acc=0.7661
[ep 059] val_sel AUC=0.8659 acc=0.6985
[ep 060] val_sel AUC=0.8861 acc=0.7250
[ep 061] val_sel AUC=0.8604 acc=0.6783
[ep 062] val_sel AUC=0.8993 acc=0.7663
[ep 063] val_sel AUC=0.9049 acc=0.7755
[ep 064] val_sel AUC=0.8815 acc=0.7439
[ep 065] val_sel AUC=0.8981 acc=0.7618
[ep 066] val_sel AUC=0.8853 acc=0.7392
[ep 067] val_sel AUC=0.9067 acc=0.7825
[ep 068] val_sel AUC=0.9114 acc=0.7908
[ep 069] val_sel AUC=0.9037 acc=0.7807
[ep 070] val_sel AUC=0.9034 acc=0.7753
[ep 071] val_sel AUC=0.8774 acc=0.7226
[ep 072] val_sel AUC=0.9046 acc=0.7733
[ep 073] val_sel AUC=0.9158 acc=0.7996
[ep 074] val_sel AUC=0.9037 acc=0.7850
[ep 075] val_sel AUC=0.9116 acc=0.7886
[ep 076] val_sel AUC=0.9062 acc=0.7872
[ep 077] val_sel AUC=0.9149 acc=0.8027
[ep 078] val_sel AUC=0.9094 acc=0.7951
[ep 079] val_sel AUC=0.9121 acc=0.7960
[ep 080] val_sel AUC=0.9114 acc=0.7998
[ep 081] val_sel AUC=0.9102 acc=0.7935
[ep 082] val_sel AUC=0.9055 acc=0.7883
[ep 083] val_sel AUC=0.9114 acc=0.7955
[ep 084] val_sel AUC=0.9048 acc=0.7901
[ep 085] val_sel AUC=0.9103 acc=0.7978
[ep 086] val_sel AUC=0.9100 acc=0.8007
[ep 087] val_sel AUC=0.9084 acc=0.8002
[ep 088] val_sel AUC=0.9100 acc=0.8025
[ep 089] val_sel AUC=0.9082 acc=0.7966
[ep 090] val_sel AUC=0.9081 acc=0.8002
[ep 091] val_sel AUC=0.9077 acc=0.8000
[ep 092] val_sel AUC=0.9087 acc=0.8020
[ep 093] val_sel AUC=0.9081 acc=0.8000
[ep 094] val_sel AUC=0.9082 acc=0.8016
[ep 095] val_sel AUC=0.9082 acc=0.8029
[ep 096] val_sel AUC=0.9082 acc=0.8022
============================================================
TEST (best val_sel epoch, held-out, evaluated once)
============================================================
[DONE-QPE2] embed=quantum model_II N=250 seed=47 test_AUC=0.9201 val_sel_AUC=0.9158 per_class=(axion=0.9464 cdm=0.8514 no_sub=0.9625) params=203508 embed_params=49 R_frob_drift=0.9761841893196106
