[INFO] QPE2 D=64 P=8 depth=4 | embed=quantum | data=model_II N/class=250 seed=46 split_seed=0 | params=203508 embed_params=49 lr=0.001 epochs=96 bs=32 | train(750, 64, 64) val_sel(4455, 64, 64) test(4455, 64, 64) device=cuda
[ep 001] val_sel AUC=0.5036 acc=0.3237
[ep 002] val_sel AUC=0.5189 acc=0.3473
[ep 003] val_sel AUC=0.5286 acc=0.3473
[ep 004] val_sel AUC=0.5376 acc=0.3291
[ep 005] val_sel AUC=0.5460 acc=0.3237
[ep 006] val_sel AUC=0.5550 acc=0.3291
[ep 007] val_sel AUC=0.5587 acc=0.3473
[ep 008] val_sel AUC=0.5685 acc=0.3291
[ep 009] val_sel AUC=0.5674 acc=0.3237
[ep 010] val_sel AUC=0.5805 acc=0.3434
[ep 011] val_sel AUC=0.5746 acc=0.3239
[ep 012] val_sel AUC=0.5547 acc=0.3291
[ep 013] val_sel AUC=0.5668 acc=0.3246
[ep 014] val_sel AUC=0.5572 acc=0.3473
[ep 015] val_sel AUC=0.5556 acc=0.3677
[ep 016] val_sel AUC=0.5731 acc=0.3657
[ep 017] val_sel AUC=0.6116 acc=0.4220
[ep 018] val_sel AUC=0.7020 acc=0.5452
[ep 019] val_sel AUC=0.7832 acc=0.5926
[ep 020] val_sel AUC=0.8296 acc=0.6774
[ep 021] val_sel AUC=0.8332 acc=0.6673
[ep 022] val_sel AUC=0.8684 acc=0.7154
[ep 023] val_sel AUC=0.8674 acc=0.7221
[ep 024] val_sel AUC=0.8871 acc=0.7446
[ep 025] val_sel AUC=0.8959 acc=0.7654
[ep 026] val_sel AUC=0.8947 acc=0.7623
[ep 027] val_sel AUC=0.8973 acc=0.7565
[ep 028] val_sel AUC=0.9031 acc=0.7616
[ep 029] val_sel AUC=0.9069 acc=0.7740
[ep 030] val_sel AUC=0.9073 acc=0.7755
[ep 031] val_sel AUC=0.9068 acc=0.7764
[ep 032] val_sel AUC=0.9071 acc=0.7764
[ep 033] val_sel AUC=0.8773 acc=0.6952
[ep 034] val_sel AUC=0.8749 acc=0.6927
[ep 035] val_sel AUC=0.8964 acc=0.7259
[ep 036] val_sel AUC=0.8557 acc=0.7042
[ep 037] val_sel AUC=0.8449 acc=0.6489
[ep 038] val_sel AUC=0.8780 acc=0.7376
[ep 039] val_sel AUC=0.8905 acc=0.7437
[ep 040] val_sel AUC=0.8696 acc=0.7284
[ep 041] val_sel AUC=0.8833 acc=0.6972
[ep 042] val_sel AUC=0.8929 acc=0.7286
[ep 043] val_sel AUC=0.8853 acc=0.7508
[ep 044] val_sel AUC=0.8710 acc=0.6624
[ep 045] val_sel AUC=0.9020 acc=0.7688
[ep 046] val_sel AUC=0.9161 acc=0.7964
[ep 047] val_sel AUC=0.9036 acc=0.7978
[ep 048] val_sel AUC=0.8949 acc=0.7625
[ep 049] val_sel AUC=0.9194 acc=0.7964
[ep 050] val_sel AUC=0.9011 acc=0.7585
[ep 051] val_sel AUC=0.9168 acc=0.7993
[ep 052] val_sel AUC=0.9091 acc=0.7854
[ep 053] val_sel AUC=0.9093 acc=0.7672
[ep 054] val_sel AUC=0.9166 acc=0.8020
[ep 055] val_sel AUC=0.9042 acc=0.7769
[ep 056] val_sel AUC=0.8843 acc=0.7542
[ep 057] val_sel AUC=0.8813 acc=0.7181
[ep 058] val_sel AUC=0.9070 acc=0.7776
[ep 059] val_sel AUC=0.8989 acc=0.7407
[ep 060] val_sel AUC=0.9117 acc=0.8085
[ep 061] val_sel AUC=0.9183 acc=0.8146
[ep 062] val_sel AUC=0.9157 acc=0.8031
[ep 063] val_sel AUC=0.9144 acc=0.8025
[ep 064] val_sel AUC=0.9165 acc=0.8153
[ep 065] val_sel AUC=0.9184 acc=0.7917
[ep 066] val_sel AUC=0.9109 acc=0.7874
[ep 067] val_sel AUC=0.9250 acc=0.8373
[ep 068] val_sel AUC=0.9055 acc=0.8132
[ep 069] val_sel AUC=0.9181 acc=0.8269
[ep 070] val_sel AUC=0.9127 acc=0.8025
[ep 071] val_sel AUC=0.9149 acc=0.8215
[ep 072] val_sel AUC=0.9174 acc=0.8103
[ep 073] val_sel AUC=0.9228 acc=0.8330
[ep 074] val_sel AUC=0.9212 acc=0.8137
[ep 075] val_sel AUC=0.9177 acc=0.8186
[ep 076] val_sel AUC=0.9172 acc=0.8189
[ep 077] val_sel AUC=0.9269 acc=0.8404
[ep 078] val_sel AUC=0.9174 acc=0.8299
[ep 079] val_sel AUC=0.9240 acc=0.8431
[ep 080] val_sel AUC=0.9243 acc=0.8420
[ep 081] val_sel AUC=0.9233 acc=0.8364
[ep 082] val_sel AUC=0.9243 acc=0.8456
[ep 083] val_sel AUC=0.9244 acc=0.8406
[ep 084] val_sel AUC=0.9230 acc=0.8323
[ep 085] val_sel AUC=0.9227 acc=0.8413
[ep 086] val_sel AUC=0.9215 acc=0.8373
[ep 087] val_sel AUC=0.9217 acc=0.8406
[ep 088] val_sel AUC=0.9219 acc=0.8406
[ep 089] val_sel AUC=0.9221 acc=0.8386
[ep 090] val_sel AUC=0.9214 acc=0.8404
[ep 091] val_sel AUC=0.9209 acc=0.8395
[ep 092] val_sel AUC=0.9210 acc=0.8382
[ep 093] val_sel AUC=0.9212 acc=0.8377
[ep 094] val_sel AUC=0.9212 acc=0.8382
[ep 095] val_sel AUC=0.9211 acc=0.8384
[ep 096] val_sel AUC=0.9212 acc=0.8379
============================================================
TEST (best val_sel epoch, held-out, evaluated once)
============================================================
[DONE-QPE2] embed=quantum model_II N=250 seed=46 test_AUC=0.9280 val_sel_AUC=0.9269 per_class=(axion=0.9332 cdm=0.8676 no_sub=0.9832) params=203508 embed_params=49 R_frob_drift=0.8890133500099182
