[INFO] QPE2 D=64 P=8 depth=4 | embed=quantum | data=model_II N/class=100 seed=61 split_seed=0 | params=203508 embed_params=49 lr=0.001 epochs=96 bs=32 | train(300, 64, 64) val_sel(4455, 64, 64) test(4455, 64, 64) device=cuda
[ep 001] val_sel AUC=0.4897 acc=0.3237
[ep 002] val_sel AUC=0.5368 acc=0.3291
[ep 003] val_sel AUC=0.5448 acc=0.3237
[ep 004] val_sel AUC=0.5541 acc=0.3473
[ep 005] val_sel AUC=0.5615 acc=0.3291
[ep 006] val_sel AUC=0.5636 acc=0.3473
[ep 007] val_sel AUC=0.5670 acc=0.3291
[ep 008] val_sel AUC=0.5684 acc=0.3473
[ep 009] val_sel AUC=0.5673 acc=0.3237
[ep 010] val_sel AUC=0.5696 acc=0.3479
[ep 011] val_sel AUC=0.5714 acc=0.3473
[ep 012] val_sel AUC=0.5694 acc=0.3237
[ep 013] val_sel AUC=0.5731 acc=0.3291
[ep 014] val_sel AUC=0.5659 acc=0.3237
[ep 015] val_sel AUC=0.5589 acc=0.3291
[ep 016] val_sel AUC=0.5493 acc=0.3598
[ep 017] val_sel AUC=0.5453 acc=0.3481
[ep 018] val_sel AUC=0.5428 acc=0.3457
[ep 019] val_sel AUC=0.5421 acc=0.3605
[ep 020] val_sel AUC=0.5414 acc=0.3495
[ep 021] val_sel AUC=0.5442 acc=0.3473
[ep 022] val_sel AUC=0.5464 acc=0.3479
[ep 023] val_sel AUC=0.5456 acc=0.3520
[ep 024] val_sel AUC=0.5451 acc=0.3533
[ep 025] val_sel AUC=0.5438 acc=0.3609
[ep 026] val_sel AUC=0.5433 acc=0.3681
[ep 027] val_sel AUC=0.5432 acc=0.3589
[ep 028] val_sel AUC=0.5428 acc=0.3585
[ep 029] val_sel AUC=0.5422 acc=0.3551
[ep 030] val_sel AUC=0.5421 acc=0.3522
[ep 031] val_sel AUC=0.5421 acc=0.3513
[ep 032] val_sel AUC=0.5420 acc=0.3515
[ep 033] val_sel AUC=0.5391 acc=0.3636
[ep 034] val_sel AUC=0.5380 acc=0.3648
[ep 035] val_sel AUC=0.5450 acc=0.3513
[ep 036] val_sel AUC=0.5335 acc=0.3486
[ep 037] val_sel AUC=0.5237 acc=0.3571
[ep 038] val_sel AUC=0.5307 acc=0.3540
[ep 039] val_sel AUC=0.5308 acc=0.3571
[ep 040] val_sel AUC=0.5231 acc=0.3403
[ep 041] val_sel AUC=0.5256 acc=0.3657
[ep 042] val_sel AUC=0.5401 acc=0.3710
[ep 043] val_sel AUC=0.5432 acc=0.3684
[ep 044] val_sel AUC=0.5462 acc=0.3553
[ep 045] val_sel AUC=0.5486 acc=0.3937
[ep 046] val_sel AUC=0.5445 acc=0.3416
[ep 047] val_sel AUC=0.5413 acc=0.3630
[ep 048] val_sel AUC=0.5519 acc=0.3767
[ep 049] val_sel AUC=0.5562 acc=0.3827
[ep 050] val_sel AUC=0.5637 acc=0.3769
[ep 051] val_sel AUC=0.5712 acc=0.3852
[ep 052] val_sel AUC=0.6054 acc=0.4092
[ep 053] val_sel AUC=0.6206 acc=0.4121
[ep 054] val_sel AUC=0.6716 acc=0.4480
[ep 055] val_sel AUC=0.6650 acc=0.4256
[ep 056] val_sel AUC=0.7155 acc=0.4723
[ep 057] val_sel AUC=0.6916 acc=0.4734
[ep 058] val_sel AUC=0.6837 acc=0.4290
[ep 059] val_sel AUC=0.7117 acc=0.4714
[ep 060] val_sel AUC=0.7001 acc=0.5042
[ep 061] val_sel AUC=0.7420 acc=0.5304
[ep 062] val_sel AUC=0.7648 acc=0.5538
[ep 063] val_sel AUC=0.7589 acc=0.5758
[ep 064] val_sel AUC=0.7669 acc=0.5728
[ep 065] val_sel AUC=0.7644 acc=0.5596
[ep 066] val_sel AUC=0.7978 acc=0.6175
[ep 067] val_sel AUC=0.7919 acc=0.6200
[ep 068] val_sel AUC=0.8120 acc=0.6451
[ep 069] val_sel AUC=0.8003 acc=0.6180
[ep 070] val_sel AUC=0.7909 acc=0.5951
[ep 071] val_sel AUC=0.7982 acc=0.6164
[ep 072] val_sel AUC=0.8220 acc=0.6460
[ep 073] val_sel AUC=0.8287 acc=0.6808
[ep 074] val_sel AUC=0.8343 acc=0.6884
[ep 075] val_sel AUC=0.8315 acc=0.6680
[ep 076] val_sel AUC=0.8378 acc=0.6961
[ep 077] val_sel AUC=0.8445 acc=0.7046
[ep 078] val_sel AUC=0.8379 acc=0.6671
[ep 079] val_sel AUC=0.8395 acc=0.6967
[ep 080] val_sel AUC=0.8471 acc=0.7021
[ep 081] val_sel AUC=0.8441 acc=0.7059
[ep 082] val_sel AUC=0.8511 acc=0.7143
[ep 083] val_sel AUC=0.8499 acc=0.7053
[ep 084] val_sel AUC=0.8567 acc=0.7268
[ep 085] val_sel AUC=0.8548 acc=0.7196
[ep 086] val_sel AUC=0.8577 acc=0.7268
[ep 087] val_sel AUC=0.8586 acc=0.7300
[ep 088] val_sel AUC=0.8580 acc=0.7268
[ep 089] val_sel AUC=0.8610 acc=0.7376
[ep 090] val_sel AUC=0.8606 acc=0.7284
[ep 091] val_sel AUC=0.8607 acc=0.7297
[ep 092] val_sel AUC=0.8615 acc=0.7363
[ep 093] val_sel AUC=0.8611 acc=0.7356
[ep 094] val_sel AUC=0.8610 acc=0.7365
[ep 095] val_sel AUC=0.8611 acc=0.7351
[ep 096] val_sel AUC=0.8611 acc=0.7356
============================================================
TEST (best val_sel epoch, held-out, evaluated once)
============================================================
[DONE-QPE2] embed=quantum model_II N=100 seed=61 test_AUC=0.8637 val_sel_AUC=0.8615 per_class=(axion=0.9104 cdm=0.7387 no_sub=0.9419) params=203508 embed_params=49 R_frob_drift=0.7352757453918457
