[INFO] QPE2 D=64 P=8 depth=4 | embed=quantum | data=model_III N/class=250 seed=45 split_seed=0 | params=203508 embed_params=49 lr=0.001 epochs=96 bs=32 | train(750, 64, 64) val_sel(4469, 64, 64) test(4470, 64, 64) device=cuda
[ep 001] val_sel AUC=0.5653 acc=0.3285
[ep 002] val_sel AUC=0.5619 acc=0.3283
[ep 003] val_sel AUC=0.5655 acc=0.3433
[ep 004] val_sel AUC=0.5563 acc=0.3283
[ep 005] val_sel AUC=0.5402 acc=0.3283
[ep 006] val_sel AUC=0.5344 acc=0.3433
[ep 007] val_sel AUC=0.5308 acc=0.3535
[ep 008] val_sel AUC=0.5399 acc=0.3285
[ep 009] val_sel AUC=0.5342 acc=0.3459
[ep 010] val_sel AUC=0.5405 acc=0.3594
[ep 011] val_sel AUC=0.5637 acc=0.3502
[ep 012] val_sel AUC=0.5750 acc=0.4075
[ep 013] val_sel AUC=0.6430 acc=0.4448
[ep 014] val_sel AUC=0.6394 acc=0.4019
[ep 015] val_sel AUC=0.7923 acc=0.5556
[ep 016] val_sel AUC=0.8434 acc=0.6315
[ep 017] val_sel AUC=0.8637 acc=0.6948
[ep 018] val_sel AUC=0.8805 acc=0.7373
[ep 019] val_sel AUC=0.8779 acc=0.7250
[ep 020] val_sel AUC=0.8729 acc=0.7149
[ep 021] val_sel AUC=0.8723 acc=0.7160
[ep 022] val_sel AUC=0.8757 acc=0.7042
[ep 023] val_sel AUC=0.9008 acc=0.7597
[ep 024] val_sel AUC=0.9074 acc=0.7713
[ep 025] val_sel AUC=0.9167 acc=0.7937
[ep 026] val_sel AUC=0.9200 acc=0.7962
[ep 027] val_sel AUC=0.9221 acc=0.8038
[ep 028] val_sel AUC=0.9236 acc=0.8096
[ep 029] val_sel AUC=0.9249 acc=0.8009
[ep 030] val_sel AUC=0.9258 acc=0.8118
[ep 031] val_sel AUC=0.9260 acc=0.8111
[ep 032] val_sel AUC=0.9262 acc=0.8118
[ep 033] val_sel AUC=0.8964 acc=0.7501
[ep 034] val_sel AUC=0.9079 acc=0.7715
[ep 035] val_sel AUC=0.8773 acc=0.6972
[ep 036] val_sel AUC=0.8698 acc=0.7149
[ep 037] val_sel AUC=0.8819 acc=0.7185
[ep 038] val_sel AUC=0.8989 acc=0.7579
[ep 039] val_sel AUC=0.8978 acc=0.7498
[ep 040] val_sel AUC=0.8804 acc=0.7111
[ep 041] val_sel AUC=0.8267 acc=0.6608
[ep 042] val_sel AUC=0.8291 acc=0.6140
[ep 043] val_sel AUC=0.9121 acc=0.7847
[ep 044] val_sel AUC=0.9147 acc=0.7876
[ep 045] val_sel AUC=0.8882 acc=0.7104
[ep 046] val_sel AUC=0.9004 acc=0.7702
[ep 047] val_sel AUC=0.9027 acc=0.7662
[ep 048] val_sel AUC=0.9212 acc=0.7595
[ep 049] val_sel AUC=0.9308 acc=0.8210
[ep 050] val_sel AUC=0.8802 acc=0.7328
[ep 051] val_sel AUC=0.8186 acc=0.6614
[ep 052] val_sel AUC=0.8930 acc=0.7657
[ep 053] val_sel AUC=0.9248 acc=0.8029
[ep 054] val_sel AUC=0.9157 acc=0.7939
[ep 055] val_sel AUC=0.9161 acc=0.7921
[ep 056] val_sel AUC=0.9274 acc=0.8179
[ep 057] val_sel AUC=0.9202 acc=0.8047
[ep 058] val_sel AUC=0.9135 acc=0.7720
[ep 059] val_sel AUC=0.9399 acc=0.8333
[ep 060] val_sel AUC=0.8911 acc=0.7279
[ep 061] val_sel AUC=0.9197 acc=0.8047
[ep 062] val_sel AUC=0.9308 acc=0.8040
[ep 063] val_sel AUC=0.9146 acc=0.7736
[ep 064] val_sel AUC=0.9217 acc=0.8033
[ep 065] val_sel AUC=0.9310 acc=0.8076
[ep 066] val_sel AUC=0.9229 acc=0.7890
[ep 067] val_sel AUC=0.9265 acc=0.8038
[ep 068] val_sel AUC=0.9292 acc=0.8107
[ep 069] val_sel AUC=0.9339 acc=0.8230
[ep 070] val_sel AUC=0.9214 acc=0.8040
[ep 071] val_sel AUC=0.9344 acc=0.8322
[ep 072] val_sel AUC=0.9369 acc=0.8380
[ep 073] val_sel AUC=0.9347 acc=0.8241
[ep 074] val_sel AUC=0.9162 acc=0.7892
[ep 075] val_sel AUC=0.9314 acc=0.8230
[ep 076] val_sel AUC=0.9349 acc=0.8293
[ep 077] val_sel AUC=0.9377 acc=0.8447
[ep 078] val_sel AUC=0.9361 acc=0.8463
[ep 079] val_sel AUC=0.9386 acc=0.8443
[ep 080] val_sel AUC=0.9397 acc=0.8568
[ep 081] val_sel AUC=0.9382 acc=0.8469
[ep 082] val_sel AUC=0.9278 acc=0.8261
[ep 083] val_sel AUC=0.9369 acc=0.8324
[ep 084] val_sel AUC=0.9360 acc=0.8429
[ep 085] val_sel AUC=0.9377 acc=0.8476
[ep 086] val_sel AUC=0.9387 acc=0.8514
[ep 087] val_sel AUC=0.9378 acc=0.8525
[ep 088] val_sel AUC=0.9390 acc=0.8519
[ep 089] val_sel AUC=0.9385 acc=0.8467
[ep 090] val_sel AUC=0.9389 acc=0.8537
[ep 091] val_sel AUC=0.9389 acc=0.8525
[ep 092] val_sel AUC=0.9386 acc=0.8525
[ep 093] val_sel AUC=0.9388 acc=0.8532
[ep 094] val_sel AUC=0.9387 acc=0.8525
[ep 095] val_sel AUC=0.9387 acc=0.8530
[ep 096] val_sel AUC=0.9387 acc=0.8523
============================================================
TEST (best val_sel epoch, held-out, evaluated once)
============================================================
[DONE-QPE2] embed=quantum model_III N=250 seed=45 test_AUC=0.9296 val_sel_AUC=0.9399 per_class=(axion=0.9426 cdm=0.8687 no_sub=0.9774) params=203508 embed_params=49 R_frob_drift=0.5290042757987976
