[INFO] QPE2 D=64 P=8 depth=4 | embed=quantum | data=model_III N/class=250 seed=54 split_seed=0 | params=203508 embed_params=49 lr=0.001 epochs=96 bs=32 | train(750, 64, 64) val_sel(4469, 64, 64) test(4470, 64, 64) device=cuda
[ep 001] val_sel AUC=0.5033 acc=0.3285
[ep 002] val_sel AUC=0.5110 acc=0.3285
[ep 003] val_sel AUC=0.5156 acc=0.3285
[ep 004] val_sel AUC=0.5189 acc=0.3285
[ep 005] val_sel AUC=0.5210 acc=0.3433
[ep 006] val_sel AUC=0.5204 acc=0.3433
[ep 007] val_sel AUC=0.5175 acc=0.3283
[ep 008] val_sel AUC=0.5179 acc=0.3437
[ep 009] val_sel AUC=0.5278 acc=0.3531
[ep 010] val_sel AUC=0.5337 acc=0.3433
[ep 011] val_sel AUC=0.5643 acc=0.3737
[ep 012] val_sel AUC=0.5851 acc=0.3949
[ep 013] val_sel AUC=0.6225 acc=0.4323
[ep 014] val_sel AUC=0.7770 acc=0.6013
[ep 015] val_sel AUC=0.7792 acc=0.6013
[ep 016] val_sel AUC=0.7751 acc=0.5254
[ep 017] val_sel AUC=0.8166 acc=0.6346
[ep 018] val_sel AUC=0.8499 acc=0.6785
[ep 019] val_sel AUC=0.8485 acc=0.6702
[ep 020] val_sel AUC=0.8573 acc=0.6626
[ep 021] val_sel AUC=0.8733 acc=0.7328
[ep 022] val_sel AUC=0.8741 acc=0.7351
[ep 023] val_sel AUC=0.8975 acc=0.7691
[ep 024] val_sel AUC=0.8934 acc=0.7550
[ep 025] val_sel AUC=0.9041 acc=0.7718
[ep 026] val_sel AUC=0.9031 acc=0.7747
[ep 027] val_sel AUC=0.9013 acc=0.7718
[ep 028] val_sel AUC=0.9061 acc=0.7827
[ep 029] val_sel AUC=0.9091 acc=0.7870
[ep 030] val_sel AUC=0.9092 acc=0.7874
[ep 031] val_sel AUC=0.9068 acc=0.7809
[ep 032] val_sel AUC=0.9081 acc=0.7832
[ep 033] val_sel AUC=0.7845 acc=0.5104
[ep 034] val_sel AUC=0.8572 acc=0.6937
[ep 035] val_sel AUC=0.8119 acc=0.6093
[ep 036] val_sel AUC=0.8858 acc=0.7615
[ep 037] val_sel AUC=0.7874 acc=0.6013
[ep 038] val_sel AUC=0.8868 acc=0.7369
[ep 039] val_sel AUC=0.8675 acc=0.7304
[ep 040] val_sel AUC=0.9051 acc=0.7700
[ep 041] val_sel AUC=0.8705 acc=0.6666
[ep 042] val_sel AUC=0.8617 acc=0.6465
[ep 043] val_sel AUC=0.8734 acc=0.7333
[ep 044] val_sel AUC=0.8828 acc=0.7400
[ep 045] val_sel AUC=0.8817 acc=0.7348
[ep 046] val_sel AUC=0.8810 acc=0.7608
[ep 047] val_sel AUC=0.8948 acc=0.7574
[ep 048] val_sel AUC=0.8925 acc=0.7592
[ep 049] val_sel AUC=0.8717 acc=0.7129
[ep 050] val_sel AUC=0.8857 acc=0.7637
[ep 051] val_sel AUC=0.8875 acc=0.7543
[ep 052] val_sel AUC=0.8940 acc=0.7463
[ep 053] val_sel AUC=0.9049 acc=0.7888
[ep 054] val_sel AUC=0.8967 acc=0.7402
[ep 055] val_sel AUC=0.9054 acc=0.7892
[ep 056] val_sel AUC=0.9056 acc=0.7850
[ep 057] val_sel AUC=0.8981 acc=0.7525
[ep 058] val_sel AUC=0.8994 acc=0.7812
[ep 059] val_sel AUC=0.8934 acc=0.7689
[ep 060] val_sel AUC=0.9059 acc=0.7675
[ep 061] val_sel AUC=0.8871 acc=0.7583
[ep 062] val_sel AUC=0.8899 acc=0.7527
[ep 063] val_sel AUC=0.9094 acc=0.7973
[ep 064] val_sel AUC=0.9067 acc=0.8035
[ep 065] val_sel AUC=0.9019 acc=0.7832
[ep 066] val_sel AUC=0.9006 acc=0.7796
[ep 067] val_sel AUC=0.8736 acc=0.6843
[ep 068] val_sel AUC=0.9039 acc=0.7767
[ep 069] val_sel AUC=0.9096 acc=0.8015
[ep 070] val_sel AUC=0.9065 acc=0.7751
[ep 071] val_sel AUC=0.9159 acc=0.7982
[ep 072] val_sel AUC=0.9041 acc=0.7908
[ep 073] val_sel AUC=0.9047 acc=0.7872
[ep 074] val_sel AUC=0.9103 acc=0.7986
[ep 075] val_sel AUC=0.9108 acc=0.8082
[ep 076] val_sel AUC=0.9099 acc=0.7984
[ep 077] val_sel AUC=0.9062 acc=0.7894
[ep 078] val_sel AUC=0.9109 acc=0.8080
[ep 079] val_sel AUC=0.9162 acc=0.8158
[ep 080] val_sel AUC=0.9110 acc=0.8038
[ep 081] val_sel AUC=0.8951 acc=0.7548
[ep 082] val_sel AUC=0.9142 acc=0.8132
[ep 083] val_sel AUC=0.9144 acc=0.8076
[ep 084] val_sel AUC=0.9149 acc=0.8129
[ep 085] val_sel AUC=0.9151 acc=0.8123
[ep 086] val_sel AUC=0.9176 acc=0.8161
[ep 087] val_sel AUC=0.9159 acc=0.8156
[ep 088] val_sel AUC=0.9172 acc=0.8125
[ep 089] val_sel AUC=0.9140 acc=0.8109
[ep 090] val_sel AUC=0.9164 acc=0.8174
[ep 091] val_sel AUC=0.9147 acc=0.8132
[ep 092] val_sel AUC=0.9169 acc=0.8176
[ep 093] val_sel AUC=0.9142 acc=0.8141
[ep 094] val_sel AUC=0.9166 acc=0.8172
[ep 095] val_sel AUC=0.9162 acc=0.8165
[ep 096] val_sel AUC=0.9162 acc=0.8167
============================================================
TEST (best val_sel epoch, held-out, evaluated once)
============================================================
[DONE-QPE2] embed=quantum model_III N=250 seed=54 test_AUC=0.9174 val_sel_AUC=0.9176 per_class=(axion=0.9284 cdm=0.8459 no_sub=0.9779) params=203508 embed_params=49 R_frob_drift=0.9215285778045654
