[INFO] QPE2 D=64 P=8 depth=4 | embed=quantum | data=model_II N/class=100 seed=58 split_seed=0 | params=203508 embed_params=49 lr=0.001 epochs=96 bs=32 | train(300, 64, 64) val_sel(4455, 64, 64) test(4455, 64, 64) device=cuda
[ep 001] val_sel AUC=0.4795 acc=0.3473
[ep 002] val_sel AUC=0.5007 acc=0.3237
[ep 003] val_sel AUC=0.5062 acc=0.3473
[ep 004] val_sel AUC=0.5105 acc=0.3473
[ep 005] val_sel AUC=0.5120 acc=0.3237
[ep 006] val_sel AUC=0.5152 acc=0.3473
[ep 007] val_sel AUC=0.5178 acc=0.3291
[ep 008] val_sel AUC=0.5182 acc=0.3237
[ep 009] val_sel AUC=0.5202 acc=0.3291
[ep 010] val_sel AUC=0.5195 acc=0.3473
[ep 011] val_sel AUC=0.5203 acc=0.3473
[ep 012] val_sel AUC=0.5227 acc=0.3511
[ep 013] val_sel AUC=0.5236 acc=0.3291
[ep 014] val_sel AUC=0.5242 acc=0.3255
[ep 015] val_sel AUC=0.5242 acc=0.3473
[ep 016] val_sel AUC=0.5245 acc=0.3403
[ep 017] val_sel AUC=0.5218 acc=0.3473
[ep 018] val_sel AUC=0.5207 acc=0.3315
[ep 019] val_sel AUC=0.5248 acc=0.3392
[ep 020] val_sel AUC=0.5251 acc=0.3495
[ep 021] val_sel AUC=0.5265 acc=0.3407
[ep 022] val_sel AUC=0.5273 acc=0.3419
[ep 023] val_sel AUC=0.5260 acc=0.3389
[ep 024] val_sel AUC=0.5284 acc=0.3412
[ep 025] val_sel AUC=0.5277 acc=0.3374
[ep 026] val_sel AUC=0.5289 acc=0.3446
[ep 027] val_sel AUC=0.5293 acc=0.3448
[ep 028] val_sel AUC=0.5292 acc=0.3459
[ep 029] val_sel AUC=0.5287 acc=0.3419
[ep 030] val_sel AUC=0.5287 acc=0.3403
[ep 031] val_sel AUC=0.5288 acc=0.3410
[ep 032] val_sel AUC=0.5288 acc=0.3416
[ep 033] val_sel AUC=0.5306 acc=0.3450
[ep 034] val_sel AUC=0.5362 acc=0.3506
[ep 035] val_sel AUC=0.5345 acc=0.3508
[ep 036] val_sel AUC=0.5425 acc=0.3542
[ep 037] val_sel AUC=0.5503 acc=0.3735
[ep 038] val_sel AUC=0.5530 acc=0.3928
[ep 039] val_sel AUC=0.5820 acc=0.3773
[ep 040] val_sel AUC=0.5553 acc=0.3603
[ep 041] val_sel AUC=0.6080 acc=0.4117
[ep 042] val_sel AUC=0.6112 acc=0.4007
[ep 043] val_sel AUC=0.6482 acc=0.4534
[ep 044] val_sel AUC=0.6567 acc=0.4532
[ep 045] val_sel AUC=0.6793 acc=0.4918
[ep 046] val_sel AUC=0.7294 acc=0.5434
[ep 047] val_sel AUC=0.6652 acc=0.4682
[ep 048] val_sel AUC=0.7350 acc=0.5425
[ep 049] val_sel AUC=0.7332 acc=0.5320
[ep 050] val_sel AUC=0.7617 acc=0.5874
[ep 051] val_sel AUC=0.7433 acc=0.5336
[ep 052] val_sel AUC=0.7990 acc=0.6130
[ep 053] val_sel AUC=0.7206 acc=0.4826
[ep 054] val_sel AUC=0.7593 acc=0.5798
[ep 055] val_sel AUC=0.7759 acc=0.5910
[ep 056] val_sel AUC=0.7476 acc=0.5430
[ep 057] val_sel AUC=0.7872 acc=0.5850
[ep 058] val_sel AUC=0.7895 acc=0.6054
[ep 059] val_sel AUC=0.7701 acc=0.5820
[ep 060] val_sel AUC=0.7946 acc=0.6202
[ep 061] val_sel AUC=0.7534 acc=0.5710
[ep 062] val_sel AUC=0.8016 acc=0.6195
[ep 063] val_sel AUC=0.8169 acc=0.6429
[ep 064] val_sel AUC=0.8024 acc=0.6310
[ep 065] val_sel AUC=0.7758 acc=0.6272
[ep 066] val_sel AUC=0.8142 acc=0.6395
[ep 067] val_sel AUC=0.8088 acc=0.6559
[ep 068] val_sel AUC=0.8159 acc=0.6640
[ep 069] val_sel AUC=0.8064 acc=0.6361
[ep 070] val_sel AUC=0.8114 acc=0.6471
[ep 071] val_sel AUC=0.8121 acc=0.6651
[ep 072] val_sel AUC=0.8241 acc=0.6694
[ep 073] val_sel AUC=0.8317 acc=0.6929
[ep 074] val_sel AUC=0.8265 acc=0.6873
[ep 075] val_sel AUC=0.8245 acc=0.6797
[ep 076] val_sel AUC=0.8316 acc=0.6956
[ep 077] val_sel AUC=0.8325 acc=0.7024
[ep 078] val_sel AUC=0.8320 acc=0.6902
[ep 079] val_sel AUC=0.8388 acc=0.7064
[ep 080] val_sel AUC=0.8392 acc=0.7033
[ep 081] val_sel AUC=0.8257 acc=0.6909
[ep 082] val_sel AUC=0.8354 acc=0.6983
[ep 083] val_sel AUC=0.8276 acc=0.6970
[ep 084] val_sel AUC=0.8371 acc=0.7116
[ep 085] val_sel AUC=0.8359 acc=0.7152
[ep 086] val_sel AUC=0.8347 acc=0.7120
[ep 087] val_sel AUC=0.8354 acc=0.7109
[ep 088] val_sel AUC=0.8353 acc=0.7147
[ep 089] val_sel AUC=0.8373 acc=0.7192
[ep 090] val_sel AUC=0.8362 acc=0.7163
[ep 091] val_sel AUC=0.8359 acc=0.7158
[ep 092] val_sel AUC=0.8350 acc=0.7174
[ep 093] val_sel AUC=0.8355 acc=0.7149
[ep 094] val_sel AUC=0.8352 acc=0.7160
[ep 095] val_sel AUC=0.8352 acc=0.7158
[ep 096] val_sel AUC=0.8351 acc=0.7163
============================================================
TEST (best val_sel epoch, held-out, evaluated once)
============================================================
[DONE-QPE2] embed=quantum model_II N=100 seed=58 test_AUC=0.8399 val_sel_AUC=0.8392 per_class=(axion=0.8890 cdm=0.6947 no_sub=0.9360) params=203508 embed_params=49 R_frob_drift=0.7499222755432129
