[INFO] QPE2 D=64 P=8 depth=4 | embed=quantum | data=model_III N/class=250 seed=50 split_seed=0 | params=203508 embed_params=49 lr=0.001 epochs=96 bs=32 | train(750, 64, 64) val_sel(4469, 64, 64) test(4470, 64, 64) device=cuda
[ep 001] val_sel AUC=0.5528 acc=0.3433
[ep 002] val_sel AUC=0.5684 acc=0.3283
[ep 003] val_sel AUC=0.5755 acc=0.3285
[ep 004] val_sel AUC=0.5793 acc=0.3500
[ep 005] val_sel AUC=0.5796 acc=0.3433
[ep 006] val_sel AUC=0.5789 acc=0.3433
[ep 007] val_sel AUC=0.5713 acc=0.3285
[ep 008] val_sel AUC=0.5683 acc=0.3285
[ep 009] val_sel AUC=0.5653 acc=0.3283
[ep 010] val_sel AUC=0.5605 acc=0.3285
[ep 011] val_sel AUC=0.5440 acc=0.3283
[ep 012] val_sel AUC=0.5347 acc=0.3287
[ep 013] val_sel AUC=0.5408 acc=0.3433
[ep 014] val_sel AUC=0.5954 acc=0.3782
[ep 015] val_sel AUC=0.6477 acc=0.4482
[ep 016] val_sel AUC=0.7540 acc=0.5440
[ep 017] val_sel AUC=0.8256 acc=0.6261
[ep 018] val_sel AUC=0.8697 acc=0.7131
[ep 019] val_sel AUC=0.8755 acc=0.6874
[ep 020] val_sel AUC=0.8676 acc=0.7178
[ep 021] val_sel AUC=0.8911 acc=0.7510
[ep 022] val_sel AUC=0.8925 acc=0.7279
[ep 023] val_sel AUC=0.9044 acc=0.7648
[ep 024] val_sel AUC=0.9073 acc=0.7796
[ep 025] val_sel AUC=0.9016 acc=0.7630
[ep 026] val_sel AUC=0.9124 acc=0.7897
[ep 027] val_sel AUC=0.9231 acc=0.8134
[ep 028] val_sel AUC=0.9202 acc=0.7968
[ep 029] val_sel AUC=0.9260 acc=0.8143
[ep 030] val_sel AUC=0.9260 acc=0.8141
[ep 031] val_sel AUC=0.9259 acc=0.8156
[ep 032] val_sel AUC=0.9260 acc=0.8147
[ep 033] val_sel AUC=0.8866 acc=0.7460
[ep 034] val_sel AUC=0.8968 acc=0.7541
[ep 035] val_sel AUC=0.8419 acc=0.6724
[ep 036] val_sel AUC=0.8801 acc=0.7369
[ep 037] val_sel AUC=0.8552 acc=0.6592
[ep 038] val_sel AUC=0.9168 acc=0.7939
[ep 039] val_sel AUC=0.8631 acc=0.7006
[ep 040] val_sel AUC=0.9033 acc=0.7592
[ep 041] val_sel AUC=0.9064 acc=0.7557
[ep 042] val_sel AUC=0.8551 acc=0.6565
[ep 043] val_sel AUC=0.9080 acc=0.7308
[ep 044] val_sel AUC=0.9195 acc=0.7879
[ep 045] val_sel AUC=0.9021 acc=0.7404
[ep 046] val_sel AUC=0.8555 acc=0.6984
[ep 047] val_sel AUC=0.8848 acc=0.7232
[ep 048] val_sel AUC=0.9041 acc=0.7449
[ep 049] val_sel AUC=0.9216 acc=0.7874
[ep 050] val_sel AUC=0.9147 acc=0.7702
[ep 051] val_sel AUC=0.9182 acc=0.7834
[ep 052] val_sel AUC=0.9218 acc=0.7950
[ep 053] val_sel AUC=0.9302 acc=0.8073
[ep 054] val_sel AUC=0.9214 acc=0.8078
[ep 055] val_sel AUC=0.9112 acc=0.7684
[ep 056] val_sel AUC=0.9277 acc=0.8179
[ep 057] val_sel AUC=0.9029 acc=0.7709
[ep 058] val_sel AUC=0.9053 acc=0.7642
[ep 059] val_sel AUC=0.9223 acc=0.7789
[ep 060] val_sel AUC=0.9335 acc=0.8351
[ep 061] val_sel AUC=0.9143 acc=0.7666
[ep 062] val_sel AUC=0.9106 acc=0.7675
[ep 063] val_sel AUC=0.9287 acc=0.8116
[ep 064] val_sel AUC=0.9273 acc=0.8013
[ep 065] val_sel AUC=0.9331 acc=0.8226
[ep 066] val_sel AUC=0.9301 acc=0.7959
[ep 067] val_sel AUC=0.9119 acc=0.7682
[ep 068] val_sel AUC=0.9227 acc=0.8127
[ep 069] val_sel AUC=0.9151 acc=0.7915
[ep 070] val_sel AUC=0.9316 acc=0.8235
[ep 071] val_sel AUC=0.9254 acc=0.8214
[ep 072] val_sel AUC=0.9285 acc=0.8201
[ep 073] val_sel AUC=0.9330 acc=0.8277
[ep 074] val_sel AUC=0.9244 acc=0.8210
[ep 075] val_sel AUC=0.9294 acc=0.8311
[ep 076] val_sel AUC=0.9268 acc=0.8064
[ep 077] val_sel AUC=0.9262 acc=0.8241
[ep 078] val_sel AUC=0.9328 acc=0.8322
[ep 079] val_sel AUC=0.9231 acc=0.8078
[ep 080] val_sel AUC=0.9249 acc=0.8257
[ep 081] val_sel AUC=0.9285 acc=0.8297
[ep 082] val_sel AUC=0.9258 acc=0.8228
[ep 083] val_sel AUC=0.9294 acc=0.8255
[ep 084] val_sel AUC=0.9254 acc=0.8239
[ep 085] val_sel AUC=0.9265 acc=0.8248
[ep 086] val_sel AUC=0.9255 acc=0.8241
[ep 087] val_sel AUC=0.9246 acc=0.8102
[ep 088] val_sel AUC=0.9275 acc=0.8214
[ep 089] val_sel AUC=0.9264 acc=0.8181
[ep 090] val_sel AUC=0.9275 acc=0.8243
[ep 091] val_sel AUC=0.9263 acc=0.8183
[ep 092] val_sel AUC=0.9259 acc=0.8219
[ep 093] val_sel AUC=0.9262 acc=0.8214
[ep 094] val_sel AUC=0.9262 acc=0.8232
[ep 095] val_sel AUC=0.9263 acc=0.8214
[ep 096] val_sel AUC=0.9263 acc=0.8219
============================================================
TEST (best val_sel epoch, held-out, evaluated once)
============================================================
[DONE-QPE2] embed=quantum model_III N=250 seed=50 test_AUC=0.9285 val_sel_AUC=0.9335 per_class=(axion=0.9441 cdm=0.8694 no_sub=0.9719) params=203508 embed_params=49 R_frob_drift=0.8724081516265869
