[INFO] QPE2 D=64 P=8 depth=4 | embed=quantum | data=model_II N/class=100 seed=49 split_seed=0 | params=203508 embed_params=49 lr=0.001 epochs=96 bs=32 | train(300, 64, 64) val_sel(4455, 64, 64) test(4455, 64, 64) device=cuda
[ep 001] val_sel AUC=0.5265 acc=0.3473
[ep 002] val_sel AUC=0.5378 acc=0.3237
[ep 003] val_sel AUC=0.5270 acc=0.3473
[ep 004] val_sel AUC=0.5323 acc=0.3237
[ep 005] val_sel AUC=0.5232 acc=0.3473
[ep 006] val_sel AUC=0.5231 acc=0.3291
[ep 007] val_sel AUC=0.5173 acc=0.3241
[ep 008] val_sel AUC=0.5126 acc=0.3473
[ep 009] val_sel AUC=0.5078 acc=0.3259
[ep 010] val_sel AUC=0.5039 acc=0.3237
[ep 011] val_sel AUC=0.4980 acc=0.3473
[ep 012] val_sel AUC=0.4945 acc=0.3244
[ep 013] val_sel AUC=0.4902 acc=0.3266
[ep 014] val_sel AUC=0.4873 acc=0.3181
[ep 015] val_sel AUC=0.4907 acc=0.3219
[ep 016] val_sel AUC=0.4883 acc=0.3237
[ep 017] val_sel AUC=0.4908 acc=0.3446
[ep 018] val_sel AUC=0.4964 acc=0.3466
[ep 019] val_sel AUC=0.4910 acc=0.3358
[ep 020] val_sel AUC=0.4946 acc=0.3239
[ep 021] val_sel AUC=0.4966 acc=0.3401
[ep 022] val_sel AUC=0.4949 acc=0.3394
[ep 023] val_sel AUC=0.4950 acc=0.3407
[ep 024] val_sel AUC=0.4965 acc=0.3232
[ep 025] val_sel AUC=0.4965 acc=0.3394
[ep 026] val_sel AUC=0.4969 acc=0.3425
[ep 027] val_sel AUC=0.4970 acc=0.3450
[ep 028] val_sel AUC=0.4973 acc=0.3389
[ep 029] val_sel AUC=0.4974 acc=0.3403
[ep 030] val_sel AUC=0.4975 acc=0.3376
[ep 031] val_sel AUC=0.4976 acc=0.3376
[ep 032] val_sel AUC=0.4976 acc=0.3380
[ep 033] val_sel AUC=0.5023 acc=0.3354
[ep 034] val_sel AUC=0.5127 acc=0.3313
[ep 035] val_sel AUC=0.5068 acc=0.3363
[ep 036] val_sel AUC=0.5054 acc=0.3428
[ep 037] val_sel AUC=0.5143 acc=0.3672
[ep 038] val_sel AUC=0.5182 acc=0.3473
[ep 039] val_sel AUC=0.5261 acc=0.3675
[ep 040] val_sel AUC=0.5319 acc=0.3556
[ep 041] val_sel AUC=0.5577 acc=0.3971
[ep 042] val_sel AUC=0.5791 acc=0.3825
[ep 043] val_sel AUC=0.6232 acc=0.3960
[ep 044] val_sel AUC=0.6404 acc=0.4220
[ep 045] val_sel AUC=0.6188 acc=0.4029
[ep 046] val_sel AUC=0.6297 acc=0.4352
[ep 047] val_sel AUC=0.6566 acc=0.4563
[ep 048] val_sel AUC=0.6565 acc=0.4424
[ep 049] val_sel AUC=0.6782 acc=0.4620
[ep 050] val_sel AUC=0.6697 acc=0.4554
[ep 051] val_sel AUC=0.6923 acc=0.4577
[ep 052] val_sel AUC=0.6979 acc=0.5015
[ep 053] val_sel AUC=0.7269 acc=0.5250
[ep 054] val_sel AUC=0.7391 acc=0.5329
[ep 055] val_sel AUC=0.7669 acc=0.5567
[ep 056] val_sel AUC=0.7682 acc=0.5657
[ep 057] val_sel AUC=0.7621 acc=0.5403
[ep 058] val_sel AUC=0.7941 acc=0.5978
[ep 059] val_sel AUC=0.8050 acc=0.6278
[ep 060] val_sel AUC=0.8271 acc=0.6568
[ep 061] val_sel AUC=0.8061 acc=0.5841
[ep 062] val_sel AUC=0.8231 acc=0.6451
[ep 063] val_sel AUC=0.8130 acc=0.6155
[ep 064] val_sel AUC=0.8352 acc=0.6828
[ep 065] val_sel AUC=0.8152 acc=0.6384
[ep 066] val_sel AUC=0.8332 acc=0.6765
[ep 067] val_sel AUC=0.8075 acc=0.5834
[ep 068] val_sel AUC=0.8062 acc=0.6599
[ep 069] val_sel AUC=0.8454 acc=0.6714
[ep 070] val_sel AUC=0.8466 acc=0.6743
[ep 071] val_sel AUC=0.8592 acc=0.6943
[ep 072] val_sel AUC=0.8583 acc=0.7176
[ep 073] val_sel AUC=0.8573 acc=0.7071
[ep 074] val_sel AUC=0.8583 acc=0.7044
[ep 075] val_sel AUC=0.8574 acc=0.7028
[ep 076] val_sel AUC=0.8554 acc=0.6988
[ep 077] val_sel AUC=0.8617 acc=0.7176
[ep 078] val_sel AUC=0.8670 acc=0.7165
[ep 079] val_sel AUC=0.8642 acc=0.7187
[ep 080] val_sel AUC=0.8692 acc=0.7199
[ep 081] val_sel AUC=0.8696 acc=0.7230
[ep 082] val_sel AUC=0.8746 acc=0.7403
[ep 083] val_sel AUC=0.8760 acc=0.7378
[ep 084] val_sel AUC=0.8720 acc=0.7250
[ep 085] val_sel AUC=0.8758 acc=0.7419
[ep 086] val_sel AUC=0.8737 acc=0.7371
[ep 087] val_sel AUC=0.8728 acc=0.7320
[ep 088] val_sel AUC=0.8732 acc=0.7360
[ep 089] val_sel AUC=0.8723 acc=0.7383
[ep 090] val_sel AUC=0.8731 acc=0.7387
[ep 091] val_sel AUC=0.8715 acc=0.7363
[ep 092] val_sel AUC=0.8712 acc=0.7354
[ep 093] val_sel AUC=0.8708 acc=0.7338
[ep 094] val_sel AUC=0.8712 acc=0.7356
[ep 095] val_sel AUC=0.8709 acc=0.7351
[ep 096] val_sel AUC=0.8706 acc=0.7345
============================================================
TEST (best val_sel epoch, held-out, evaluated once)
============================================================
[DONE-QPE2] embed=quantum model_II N=100 seed=49 test_AUC=0.8826 val_sel_AUC=0.8760 per_class=(axion=0.8964 cdm=0.7916 no_sub=0.9597) params=203508 embed_params=49 R_frob_drift=0.655109703540802
