[INFO] QPE2 D=64 P=8 depth=4 | embed=quantum | data=model_II N/class=100 seed=44 split_seed=0 | params=203508 embed_params=49 lr=0.001 epochs=96 bs=32 | train(300, 64, 64) val_sel(4455, 64, 64) test(4455, 64, 64) device=cuda
[ep 001] val_sel AUC=0.5068 acc=0.3237
[ep 002] val_sel AUC=0.5229 acc=0.3473
[ep 003] val_sel AUC=0.5280 acc=0.3291
[ep 004] val_sel AUC=0.5313 acc=0.3473
[ep 005] val_sel AUC=0.5370 acc=0.3291
[ep 006] val_sel AUC=0.5365 acc=0.3473
[ep 007] val_sel AUC=0.5396 acc=0.3291
[ep 008] val_sel AUC=0.5398 acc=0.3284
[ep 009] val_sel AUC=0.5410 acc=0.3473
[ep 010] val_sel AUC=0.5396 acc=0.3473
[ep 011] val_sel AUC=0.5389 acc=0.3282
[ep 012] val_sel AUC=0.5397 acc=0.3291
[ep 013] val_sel AUC=0.5335 acc=0.3473
[ep 014] val_sel AUC=0.5307 acc=0.3291
[ep 015] val_sel AUC=0.5253 acc=0.3237
[ep 016] val_sel AUC=0.5370 acc=0.3517
[ep 017] val_sel AUC=0.5414 acc=0.3672
[ep 018] val_sel AUC=0.5405 acc=0.3567
[ep 019] val_sel AUC=0.5414 acc=0.3618
[ep 020] val_sel AUC=0.5418 acc=0.3641
[ep 021] val_sel AUC=0.5416 acc=0.3600
[ep 022] val_sel AUC=0.5438 acc=0.3645
[ep 023] val_sel AUC=0.5448 acc=0.3675
[ep 024] val_sel AUC=0.5468 acc=0.3632
[ep 025] val_sel AUC=0.5471 acc=0.3695
[ep 026] val_sel AUC=0.5484 acc=0.3677
[ep 027] val_sel AUC=0.5486 acc=0.3704
[ep 028] val_sel AUC=0.5494 acc=0.3701
[ep 029] val_sel AUC=0.5502 acc=0.3672
[ep 030] val_sel AUC=0.5506 acc=0.3688
[ep 031] val_sel AUC=0.5507 acc=0.3692
[ep 032] val_sel AUC=0.5507 acc=0.3690
[ep 033] val_sel AUC=0.5641 acc=0.3479
[ep 034] val_sel AUC=0.5630 acc=0.3789
[ep 035] val_sel AUC=0.5721 acc=0.3854
[ep 036] val_sel AUC=0.5875 acc=0.3915
[ep 037] val_sel AUC=0.6122 acc=0.3998
[ep 038] val_sel AUC=0.6041 acc=0.4182
[ep 039] val_sel AUC=0.6438 acc=0.4817
[ep 040] val_sel AUC=0.6186 acc=0.4195
[ep 041] val_sel AUC=0.6230 acc=0.4366
[ep 042] val_sel AUC=0.6427 acc=0.4539
[ep 043] val_sel AUC=0.6448 acc=0.4404
[ep 044] val_sel AUC=0.6772 acc=0.4207
[ep 045] val_sel AUC=0.6857 acc=0.4958
[ep 046] val_sel AUC=0.6896 acc=0.4563
[ep 047] val_sel AUC=0.7162 acc=0.5268
[ep 048] val_sel AUC=0.7308 acc=0.5212
[ep 049] val_sel AUC=0.7478 acc=0.5675
[ep 050] val_sel AUC=0.7355 acc=0.5645
[ep 051] val_sel AUC=0.7768 acc=0.6092
[ep 052] val_sel AUC=0.7750 acc=0.6114
[ep 053] val_sel AUC=0.8046 acc=0.6325
[ep 054] val_sel AUC=0.7999 acc=0.6337
[ep 055] val_sel AUC=0.7846 acc=0.6265
[ep 056] val_sel AUC=0.8030 acc=0.6579
[ep 057] val_sel AUC=0.8078 acc=0.6476
[ep 058] val_sel AUC=0.8143 acc=0.6595
[ep 059] val_sel AUC=0.8147 acc=0.6651
[ep 060] val_sel AUC=0.8304 acc=0.6761
[ep 061] val_sel AUC=0.8142 acc=0.6400
[ep 062] val_sel AUC=0.8344 acc=0.6855
[ep 063] val_sel AUC=0.8360 acc=0.6905
[ep 064] val_sel AUC=0.8351 acc=0.6999
[ep 065] val_sel AUC=0.8355 acc=0.6808
[ep 066] val_sel AUC=0.8446 acc=0.7017
[ep 067] val_sel AUC=0.8444 acc=0.7053
[ep 068] val_sel AUC=0.8434 acc=0.7068
[ep 069] val_sel AUC=0.8518 acc=0.7201
[ep 070] val_sel AUC=0.8490 acc=0.7230
[ep 071] val_sel AUC=0.8552 acc=0.7217
[ep 072] val_sel AUC=0.8423 acc=0.6676
[ep 073] val_sel AUC=0.8500 acc=0.7012
[ep 074] val_sel AUC=0.8520 acc=0.7232
[ep 075] val_sel AUC=0.8535 acc=0.7210
[ep 076] val_sel AUC=0.8591 acc=0.7324
[ep 077] val_sel AUC=0.8623 acc=0.7320
[ep 078] val_sel AUC=0.8609 acc=0.7264
[ep 079] val_sel AUC=0.8630 acc=0.7432
[ep 080] val_sel AUC=0.8621 acc=0.7185
[ep 081] val_sel AUC=0.8647 acc=0.7432
[ep 082] val_sel AUC=0.8643 acc=0.7268
[ep 083] val_sel AUC=0.8690 acc=0.7511
[ep 084] val_sel AUC=0.8673 acc=0.7437
[ep 085] val_sel AUC=0.8682 acc=0.7477
[ep 086] val_sel AUC=0.8675 acc=0.7497
[ep 087] val_sel AUC=0.8655 acc=0.7455
[ep 088] val_sel AUC=0.8683 acc=0.7511
[ep 089] val_sel AUC=0.8677 acc=0.7468
[ep 090] val_sel AUC=0.8669 acc=0.7466
[ep 091] val_sel AUC=0.8686 acc=0.7526
[ep 092] val_sel AUC=0.8680 acc=0.7508
[ep 093] val_sel AUC=0.8678 acc=0.7493
[ep 094] val_sel AUC=0.8669 acc=0.7461
[ep 095] val_sel AUC=0.8671 acc=0.7468
[ep 096] val_sel AUC=0.8672 acc=0.7477
============================================================
TEST (best val_sel epoch, held-out, evaluated once)
============================================================
[DONE-QPE2] embed=quantum model_II N=100 seed=44 test_AUC=0.8819 val_sel_AUC=0.8690 per_class=(axion=0.9144 cdm=0.7827 no_sub=0.9487) params=203508 embed_params=49 R_frob_drift=0.9294149279594421
