[INFO] QPE2 D=64 P=8 depth=4 | embed=quantum | data=model_II N/class=250 seed=50 split_seed=0 | params=203508 embed_params=49 lr=0.001 epochs=96 bs=32 | train(750, 64, 64) val_sel(4455, 64, 64) test(4455, 64, 64) device=cuda
[ep 001] val_sel AUC=0.5462 acc=0.3473
[ep 002] val_sel AUC=0.5515 acc=0.3291
[ep 003] val_sel AUC=0.5518 acc=0.3237
[ep 004] val_sel AUC=0.5568 acc=0.3291
[ep 005] val_sel AUC=0.5551 acc=0.3473
[ep 006] val_sel AUC=0.5547 acc=0.3473
[ep 007] val_sel AUC=0.5504 acc=0.3237
[ep 008] val_sel AUC=0.5460 acc=0.3237
[ep 009] val_sel AUC=0.5381 acc=0.3291
[ep 010] val_sel AUC=0.5332 acc=0.3237
[ep 011] val_sel AUC=0.5281 acc=0.3291
[ep 012] val_sel AUC=0.5335 acc=0.3387
[ep 013] val_sel AUC=0.5363 acc=0.3473
[ep 014] val_sel AUC=0.5372 acc=0.3567
[ep 015] val_sel AUC=0.5373 acc=0.3704
[ep 016] val_sel AUC=0.5361 acc=0.3520
[ep 017] val_sel AUC=0.5379 acc=0.3443
[ep 018] val_sel AUC=0.5333 acc=0.3432
[ep 019] val_sel AUC=0.5357 acc=0.3607
[ep 020] val_sel AUC=0.5322 acc=0.3511
[ep 021] val_sel AUC=0.5320 acc=0.3652
[ep 022] val_sel AUC=0.5297 acc=0.3609
[ep 023] val_sel AUC=0.5333 acc=0.3423
[ep 024] val_sel AUC=0.5315 acc=0.3540
[ep 025] val_sel AUC=0.5332 acc=0.3553
[ep 026] val_sel AUC=0.5307 acc=0.3648
[ep 027] val_sel AUC=0.5320 acc=0.3609
[ep 028] val_sel AUC=0.5329 acc=0.3609
[ep 029] val_sel AUC=0.5333 acc=0.3598
[ep 030] val_sel AUC=0.5337 acc=0.3630
[ep 031] val_sel AUC=0.5337 acc=0.3639
[ep 032] val_sel AUC=0.5337 acc=0.3641
[ep 033] val_sel AUC=0.5705 acc=0.3291
[ep 034] val_sel AUC=0.5824 acc=0.3493
[ep 035] val_sel AUC=0.5789 acc=0.3571
[ep 036] val_sel AUC=0.5885 acc=0.4139
[ep 037] val_sel AUC=0.6739 acc=0.3800
[ep 038] val_sel AUC=0.6154 acc=0.4052
[ep 039] val_sel AUC=0.6776 acc=0.4595
[ep 040] val_sel AUC=0.7674 acc=0.5318
[ep 041] val_sel AUC=0.6598 acc=0.4440
[ep 042] val_sel AUC=0.7698 acc=0.4364
[ep 043] val_sel AUC=0.7257 acc=0.5082
[ep 044] val_sel AUC=0.8099 acc=0.6198
[ep 045] val_sel AUC=0.8351 acc=0.6655
[ep 046] val_sel AUC=0.8676 acc=0.6884
[ep 047] val_sel AUC=0.8667 acc=0.7100
[ep 048] val_sel AUC=0.8676 acc=0.7192
[ep 049] val_sel AUC=0.8947 acc=0.7493
[ep 050] val_sel AUC=0.8380 acc=0.6539
[ep 051] val_sel AUC=0.8801 acc=0.7015
[ep 052] val_sel AUC=0.8693 acc=0.7423
[ep 053] val_sel AUC=0.9058 acc=0.7692
[ep 054] val_sel AUC=0.9063 acc=0.7868
[ep 055] val_sel AUC=0.8934 acc=0.7351
[ep 056] val_sel AUC=0.8987 acc=0.7455
[ep 057] val_sel AUC=0.8896 acc=0.7589
[ep 058] val_sel AUC=0.9172 acc=0.7811
[ep 059] val_sel AUC=0.8646 acc=0.6150
[ep 060] val_sel AUC=0.9215 acc=0.7975
[ep 061] val_sel AUC=0.9061 acc=0.7553
[ep 062] val_sel AUC=0.9181 acc=0.8022
[ep 063] val_sel AUC=0.9309 acc=0.8092
[ep 064] val_sel AUC=0.9037 acc=0.7383
[ep 065] val_sel AUC=0.9229 acc=0.8004
[ep 066] val_sel AUC=0.9137 acc=0.7733
[ep 067] val_sel AUC=0.8951 acc=0.7064
[ep 068] val_sel AUC=0.9278 acc=0.8222
[ep 069] val_sel AUC=0.9223 acc=0.8249
[ep 070] val_sel AUC=0.9316 acc=0.8204
[ep 071] val_sel AUC=0.9290 acc=0.8292
[ep 072] val_sel AUC=0.9291 acc=0.8164
[ep 073] val_sel AUC=0.9247 acc=0.8047
[ep 074] val_sel AUC=0.9290 acc=0.8215
[ep 075] val_sel AUC=0.9301 acc=0.8249
[ep 076] val_sel AUC=0.9349 acc=0.8420
[ep 077] val_sel AUC=0.9311 acc=0.8292
[ep 078] val_sel AUC=0.9330 acc=0.8319
[ep 079] val_sel AUC=0.9356 acc=0.8426
[ep 080] val_sel AUC=0.9387 acc=0.8474
[ep 081] val_sel AUC=0.9323 acc=0.8305
[ep 082] val_sel AUC=0.9359 acc=0.8447
[ep 083] val_sel AUC=0.9362 acc=0.8395
[ep 084] val_sel AUC=0.9344 acc=0.8411
[ep 085] val_sel AUC=0.9347 acc=0.8422
[ep 086] val_sel AUC=0.9354 acc=0.8438
[ep 087] val_sel AUC=0.9368 acc=0.8426
[ep 088] val_sel AUC=0.9360 acc=0.8444
[ep 089] val_sel AUC=0.9362 acc=0.8424
[ep 090] val_sel AUC=0.9356 acc=0.8442
[ep 091] val_sel AUC=0.9348 acc=0.8424
[ep 092] val_sel AUC=0.9349 acc=0.8424
[ep 093] val_sel AUC=0.9348 acc=0.8429
[ep 094] val_sel AUC=0.9345 acc=0.8415
[ep 095] val_sel AUC=0.9344 acc=0.8420
[ep 096] val_sel AUC=0.9344 acc=0.8422
============================================================
TEST (best val_sel epoch, held-out, evaluated once)
============================================================
[DONE-QPE2] embed=quantum model_II N=250 seed=50 test_AUC=0.9403 val_sel_AUC=0.9387 per_class=(axion=0.9483 cdm=0.8897 no_sub=0.9829) params=203508 embed_params=49 R_frob_drift=1.0261414051055908
