[INFO] QPE2 D=64 P=8 depth=4 | embed=quantum | data=model_III N/class=100 seed=45 split_seed=0 | params=203508 embed_params=49 lr=0.001 epochs=96 bs=32 | train(300, 64, 64) val_sel(4469, 64, 64) test(4470, 64, 64) device=cuda
[ep 001] val_sel AUC=0.4609 acc=0.3433
[ep 002] val_sel AUC=0.5206 acc=0.3285
[ep 003] val_sel AUC=0.5227 acc=0.3433
[ep 004] val_sel AUC=0.5298 acc=0.3285
[ep 005] val_sel AUC=0.5345 acc=0.3285
[ep 006] val_sel AUC=0.5341 acc=0.3285
[ep 007] val_sel AUC=0.5372 acc=0.3433
[ep 008] val_sel AUC=0.5364 acc=0.3285
[ep 009] val_sel AUC=0.5342 acc=0.3433
[ep 010] val_sel AUC=0.5359 acc=0.3285
[ep 011] val_sel AUC=0.5315 acc=0.3285
[ep 012] val_sel AUC=0.5287 acc=0.3437
[ep 013] val_sel AUC=0.5292 acc=0.3417
[ep 014] val_sel AUC=0.5275 acc=0.3495
[ep 015] val_sel AUC=0.5301 acc=0.3446
[ep 016] val_sel AUC=0.5308 acc=0.3468
[ep 017] val_sel AUC=0.5331 acc=0.3455
[ep 018] val_sel AUC=0.5322 acc=0.3397
[ep 019] val_sel AUC=0.5325 acc=0.3524
[ep 020] val_sel AUC=0.5312 acc=0.3497
[ep 021] val_sel AUC=0.5298 acc=0.3578
[ep 022] val_sel AUC=0.5291 acc=0.3574
[ep 023] val_sel AUC=0.5331 acc=0.3596
[ep 024] val_sel AUC=0.5371 acc=0.3627
[ep 025] val_sel AUC=0.5388 acc=0.3605
[ep 026] val_sel AUC=0.5442 acc=0.3556
[ep 027] val_sel AUC=0.5424 acc=0.3598
[ep 028] val_sel AUC=0.5427 acc=0.3585
[ep 029] val_sel AUC=0.5425 acc=0.3596
[ep 030] val_sel AUC=0.5431 acc=0.3605
[ep 031] val_sel AUC=0.5433 acc=0.3603
[ep 032] val_sel AUC=0.5433 acc=0.3609
[ep 033] val_sel AUC=0.5474 acc=0.3493
[ep 034] val_sel AUC=0.5441 acc=0.3571
[ep 035] val_sel AUC=0.5600 acc=0.3822
[ep 036] val_sel AUC=0.5624 acc=0.3618
[ep 037] val_sel AUC=0.5507 acc=0.3609
[ep 038] val_sel AUC=0.5600 acc=0.3768
[ep 039] val_sel AUC=0.5826 acc=0.3996
[ep 040] val_sel AUC=0.5851 acc=0.3838
[ep 041] val_sel AUC=0.6053 acc=0.4108
[ep 042] val_sel AUC=0.6395 acc=0.4354
[ep 043] val_sel AUC=0.5996 acc=0.3996
[ep 044] val_sel AUC=0.6302 acc=0.4243
[ep 045] val_sel AUC=0.6361 acc=0.4455
[ep 046] val_sel AUC=0.6728 acc=0.4746
[ep 047] val_sel AUC=0.6155 acc=0.4189
[ep 048] val_sel AUC=0.6683 acc=0.4789
[ep 049] val_sel AUC=0.6938 acc=0.4643
[ep 050] val_sel AUC=0.7131 acc=0.5086
[ep 051] val_sel AUC=0.7391 acc=0.5599
[ep 052] val_sel AUC=0.6966 acc=0.5048
[ep 053] val_sel AUC=0.7091 acc=0.4643
[ep 054] val_sel AUC=0.7580 acc=0.5646
[ep 055] val_sel AUC=0.7193 acc=0.4482
[ep 056] val_sel AUC=0.7859 acc=0.5733
[ep 057] val_sel AUC=0.7913 acc=0.6174
[ep 058] val_sel AUC=0.7833 acc=0.6098
[ep 059] val_sel AUC=0.8279 acc=0.6704
[ep 060] val_sel AUC=0.8330 acc=0.6614
[ep 061] val_sel AUC=0.8200 acc=0.6534
[ep 062] val_sel AUC=0.7875 acc=0.5655
[ep 063] val_sel AUC=0.8398 acc=0.6733
[ep 064] val_sel AUC=0.8429 acc=0.6702
[ep 065] val_sel AUC=0.8354 acc=0.6473
[ep 066] val_sel AUC=0.8258 acc=0.6646
[ep 067] val_sel AUC=0.8554 acc=0.7091
[ep 068] val_sel AUC=0.8734 acc=0.7313
[ep 069] val_sel AUC=0.8801 acc=0.7306
[ep 070] val_sel AUC=0.8637 acc=0.7093
[ep 071] val_sel AUC=0.8582 acc=0.7158
[ep 072] val_sel AUC=0.8747 acc=0.7304
[ep 073] val_sel AUC=0.8558 acc=0.6592
[ep 074] val_sel AUC=0.8689 acc=0.7147
[ep 075] val_sel AUC=0.8630 acc=0.7149
[ep 076] val_sel AUC=0.8706 acc=0.7279
[ep 077] val_sel AUC=0.8634 acc=0.7174
[ep 078] val_sel AUC=0.8588 acc=0.6854
[ep 079] val_sel AUC=0.8600 acc=0.6961
[ep 080] val_sel AUC=0.8728 acc=0.7326
[ep 081] val_sel AUC=0.8732 acc=0.7348
[ep 082] val_sel AUC=0.8710 acc=0.7328
[ep 083] val_sel AUC=0.8671 acc=0.7297
[ep 084] val_sel AUC=0.8660 acc=0.7243
[ep 085] val_sel AUC=0.8634 acc=0.7239
[ep 086] val_sel AUC=0.8634 acc=0.7230
[ep 087] val_sel AUC=0.8637 acc=0.7237
[ep 088] val_sel AUC=0.8628 acc=0.7234
[ep 089] val_sel AUC=0.8624 acc=0.7232
[ep 090] val_sel AUC=0.8623 acc=0.7230
[ep 091] val_sel AUC=0.8623 acc=0.7230
[ep 092] val_sel AUC=0.8624 acc=0.7221
[ep 093] val_sel AUC=0.8624 acc=0.7216
[ep 094] val_sel AUC=0.8625 acc=0.7210
[ep 095] val_sel AUC=0.8625 acc=0.7201
[ep 096] val_sel AUC=0.8625 acc=0.7205
============================================================
TEST (best val_sel epoch, held-out, evaluated once)
============================================================
[DONE-QPE2] embed=quantum model_III N=100 seed=45 test_AUC=0.8808 val_sel_AUC=0.8801 per_class=(axion=0.9210 cdm=0.7814 no_sub=0.9399) params=203508 embed_params=49 R_frob_drift=0.7185794711112976
