[INFO] QPE2 D=64 P=8 depth=4 | embed=quantum | data=model_III N/class=250 seed=61 split_seed=0 | params=203508 embed_params=49 lr=0.001 epochs=96 bs=32 | train(750, 64, 64) val_sel(4469, 64, 64) test(4470, 64, 64) device=cuda
[ep 001] val_sel AUC=0.5505 acc=0.3433
[ep 002] val_sel AUC=0.5747 acc=0.3283
[ep 003] val_sel AUC=0.5764 acc=0.3285
[ep 004] val_sel AUC=0.5716 acc=0.3285
[ep 005] val_sel AUC=0.5715 acc=0.3643
[ep 006] val_sel AUC=0.5493 acc=0.3433
[ep 007] val_sel AUC=0.5437 acc=0.3433
[ep 008] val_sel AUC=0.5467 acc=0.3471
[ep 009] val_sel AUC=0.5470 acc=0.3283
[ep 010] val_sel AUC=0.5430 acc=0.3831
[ep 011] val_sel AUC=0.5523 acc=0.3488
[ep 012] val_sel AUC=0.5752 acc=0.3688
[ep 013] val_sel AUC=0.5728 acc=0.3820
[ep 014] val_sel AUC=0.5850 acc=0.3891
[ep 015] val_sel AUC=0.6372 acc=0.4569
[ep 016] val_sel AUC=0.6878 acc=0.4641
[ep 017] val_sel AUC=0.7516 acc=0.5596
[ep 018] val_sel AUC=0.8092 acc=0.6353
[ep 019] val_sel AUC=0.7859 acc=0.5211
[ep 020] val_sel AUC=0.8328 acc=0.6659
[ep 021] val_sel AUC=0.8465 acc=0.6776
[ep 022] val_sel AUC=0.8604 acc=0.7151
[ep 023] val_sel AUC=0.8719 acc=0.7214
[ep 024] val_sel AUC=0.8788 acc=0.7348
[ep 025] val_sel AUC=0.8944 acc=0.7427
[ep 026] val_sel AUC=0.9074 acc=0.7816
[ep 027] val_sel AUC=0.9059 acc=0.7771
[ep 028] val_sel AUC=0.9121 acc=0.7868
[ep 029] val_sel AUC=0.9165 acc=0.8040
[ep 030] val_sel AUC=0.9160 acc=0.7959
[ep 031] val_sel AUC=0.9172 acc=0.8024
[ep 032] val_sel AUC=0.9173 acc=0.8031
[ep 033] val_sel AUC=0.8424 acc=0.6541
[ep 034] val_sel AUC=0.8155 acc=0.5813
[ep 035] val_sel AUC=0.8785 acc=0.7308
[ep 036] val_sel AUC=0.8359 acc=0.6751
[ep 037] val_sel AUC=0.8539 acc=0.6541
[ep 038] val_sel AUC=0.8659 acc=0.6964
[ep 039] val_sel AUC=0.8897 acc=0.7628
[ep 040] val_sel AUC=0.8705 acc=0.6939
[ep 041] val_sel AUC=0.8954 acc=0.7489
[ep 042] val_sel AUC=0.7636 acc=0.5480
[ep 043] val_sel AUC=0.8982 acc=0.6735
[ep 044] val_sel AUC=0.9010 acc=0.7445
[ep 045] val_sel AUC=0.9156 acc=0.7928
[ep 046] val_sel AUC=0.8607 acc=0.6384
[ep 047] val_sel AUC=0.9135 acc=0.7765
[ep 048] val_sel AUC=0.8521 acc=0.7024
[ep 049] val_sel AUC=0.9041 acc=0.7780
[ep 050] val_sel AUC=0.8583 acc=0.6921
[ep 051] val_sel AUC=0.9091 acc=0.7655
[ep 052] val_sel AUC=0.9180 acc=0.7771
[ep 053] val_sel AUC=0.8983 acc=0.7040
[ep 054] val_sel AUC=0.9252 acc=0.8080
[ep 055] val_sel AUC=0.8782 acc=0.6836
[ep 056] val_sel AUC=0.9088 acc=0.7539
[ep 057] val_sel AUC=0.9202 acc=0.8055
[ep 058] val_sel AUC=0.9316 acc=0.8000
[ep 059] val_sel AUC=0.9109 acc=0.7722
[ep 060] val_sel AUC=0.8990 acc=0.7416
[ep 061] val_sel AUC=0.9096 acc=0.7644
[ep 062] val_sel AUC=0.9148 acc=0.7995
[ep 063] val_sel AUC=0.9136 acc=0.7673
[ep 064] val_sel AUC=0.9276 acc=0.8181
[ep 065] val_sel AUC=0.9343 acc=0.8055
[ep 066] val_sel AUC=0.9322 acc=0.8136
[ep 067] val_sel AUC=0.9209 acc=0.7912
[ep 068] val_sel AUC=0.9173 acc=0.8040
[ep 069] val_sel AUC=0.9336 acc=0.8237
[ep 070] val_sel AUC=0.9324 acc=0.8317
[ep 071] val_sel AUC=0.9297 acc=0.8165
[ep 072] val_sel AUC=0.9233 acc=0.7803
[ep 073] val_sel AUC=0.9367 acc=0.8087
[ep 074] val_sel AUC=0.9338 acc=0.8290
[ep 075] val_sel AUC=0.9362 acc=0.8199
[ep 076] val_sel AUC=0.9354 acc=0.8393
[ep 077] val_sel AUC=0.9295 acc=0.8243
[ep 078] val_sel AUC=0.9350 acc=0.8270
[ep 079] val_sel AUC=0.9346 acc=0.8396
[ep 080] val_sel AUC=0.9269 acc=0.8270
[ep 081] val_sel AUC=0.9315 acc=0.8326
[ep 082] val_sel AUC=0.9326 acc=0.8355
[ep 083] val_sel AUC=0.9262 acc=0.8078
[ep 084] val_sel AUC=0.9385 acc=0.8371
[ep 085] val_sel AUC=0.9363 acc=0.8405
[ep 086] val_sel AUC=0.9370 acc=0.8409
[ep 087] val_sel AUC=0.9355 acc=0.8445
[ep 088] val_sel AUC=0.9339 acc=0.8447
[ep 089] val_sel AUC=0.9345 acc=0.8449
[ep 090] val_sel AUC=0.9364 acc=0.8449
[ep 091] val_sel AUC=0.9353 acc=0.8463
[ep 092] val_sel AUC=0.9356 acc=0.8461
[ep 093] val_sel AUC=0.9352 acc=0.8467
[ep 094] val_sel AUC=0.9352 acc=0.8461
[ep 095] val_sel AUC=0.9354 acc=0.8461
[ep 096] val_sel AUC=0.9355 acc=0.8461
============================================================
TEST (best val_sel epoch, held-out, evaluated once)
============================================================
[DONE-QPE2] embed=quantum model_III N=250 seed=61 test_AUC=0.9347 val_sel_AUC=0.9385 per_class=(axion=0.9449 cdm=0.8783 no_sub=0.9809) params=203508 embed_params=49 R_frob_drift=0.7153385877609253
