[INFO] QPE2 D=64 P=8 depth=4 | embed=quantum | data=model_II N/class=100 seed=59 split_seed=0 | params=203508 embed_params=49 lr=0.001 epochs=96 bs=32 | train(300, 64, 64) val_sel(4455, 64, 64) test(4455, 64, 64) device=cuda
[ep 001] val_sel AUC=0.4690 acc=0.3473
[ep 002] val_sel AUC=0.5034 acc=0.3237
[ep 003] val_sel AUC=0.5109 acc=0.3473
[ep 004] val_sel AUC=0.5074 acc=0.3237
[ep 005] val_sel AUC=0.5255 acc=0.3291
[ep 006] val_sel AUC=0.5280 acc=0.3473
[ep 007] val_sel AUC=0.5222 acc=0.3237
[ep 008] val_sel AUC=0.5305 acc=0.3473
[ep 009] val_sel AUC=0.5351 acc=0.3291
[ep 010] val_sel AUC=0.5337 acc=0.3237
[ep 011] val_sel AUC=0.5329 acc=0.3473
[ep 012] val_sel AUC=0.5383 acc=0.3291
[ep 013] val_sel AUC=0.5369 acc=0.3473
[ep 014] val_sel AUC=0.5363 acc=0.3237
[ep 015] val_sel AUC=0.5382 acc=0.3291
[ep 016] val_sel AUC=0.5359 acc=0.3237
[ep 017] val_sel AUC=0.5353 acc=0.3473
[ep 018] val_sel AUC=0.5345 acc=0.3237
[ep 019] val_sel AUC=0.5332 acc=0.3484
[ep 020] val_sel AUC=0.5336 acc=0.3237
[ep 021] val_sel AUC=0.5340 acc=0.3464
[ep 022] val_sel AUC=0.5328 acc=0.3574
[ep 023] val_sel AUC=0.5314 acc=0.3576
[ep 024] val_sel AUC=0.5314 acc=0.3589
[ep 025] val_sel AUC=0.5319 acc=0.3237
[ep 026] val_sel AUC=0.5307 acc=0.3576
[ep 027] val_sel AUC=0.5303 acc=0.3697
[ep 028] val_sel AUC=0.5305 acc=0.3587
[ep 029] val_sel AUC=0.5300 acc=0.3636
[ep 030] val_sel AUC=0.5300 acc=0.3652
[ep 031] val_sel AUC=0.5300 acc=0.3616
[ep 032] val_sel AUC=0.5300 acc=0.3627
[ep 033] val_sel AUC=0.5292 acc=0.3587
[ep 034] val_sel AUC=0.5404 acc=0.3558
[ep 035] val_sel AUC=0.5500 acc=0.3594
[ep 036] val_sel AUC=0.5502 acc=0.3360
[ep 037] val_sel AUC=0.5443 acc=0.3526
[ep 038] val_sel AUC=0.5484 acc=0.3473
[ep 039] val_sel AUC=0.5501 acc=0.3614
[ep 040] val_sel AUC=0.5309 acc=0.3524
[ep 041] val_sel AUC=0.5355 acc=0.3488
[ep 042] val_sel AUC=0.5570 acc=0.3580
[ep 043] val_sel AUC=0.5583 acc=0.3643
[ep 044] val_sel AUC=0.5542 acc=0.3639
[ep 045] val_sel AUC=0.5520 acc=0.3598
[ep 046] val_sel AUC=0.5381 acc=0.3652
[ep 047] val_sel AUC=0.5311 acc=0.3513
[ep 048] val_sel AUC=0.5459 acc=0.3701
[ep 049] val_sel AUC=0.5406 acc=0.3648
[ep 050] val_sel AUC=0.5498 acc=0.3771
[ep 051] val_sel AUC=0.5425 acc=0.3574
[ep 052] val_sel AUC=0.5484 acc=0.3672
[ep 053] val_sel AUC=0.5353 acc=0.3652
[ep 054] val_sel AUC=0.5356 acc=0.3522
[ep 055] val_sel AUC=0.5464 acc=0.3686
[ep 056] val_sel AUC=0.5355 acc=0.3560
[ep 057] val_sel AUC=0.5505 acc=0.3688
[ep 058] val_sel AUC=0.5391 acc=0.3508
[ep 059] val_sel AUC=0.5370 acc=0.3699
[ep 060] val_sel AUC=0.5403 acc=0.3589
[ep 061] val_sel AUC=0.5625 acc=0.4004
[ep 062] val_sel AUC=0.5615 acc=0.3796
[ep 063] val_sel AUC=0.5661 acc=0.3879
[ep 064] val_sel AUC=0.5433 acc=0.3569
[ep 065] val_sel AUC=0.5584 acc=0.3921
[ep 066] val_sel AUC=0.5696 acc=0.3910
[ep 067] val_sel AUC=0.5740 acc=0.4079
[ep 068] val_sel AUC=0.5819 acc=0.4034
[ep 069] val_sel AUC=0.5870 acc=0.4034
[ep 070] val_sel AUC=0.5796 acc=0.3883
[ep 071] val_sel AUC=0.5943 acc=0.4126
[ep 072] val_sel AUC=0.6027 acc=0.4209
[ep 073] val_sel AUC=0.6033 acc=0.4146
[ep 074] val_sel AUC=0.6035 acc=0.4189
[ep 075] val_sel AUC=0.6233 acc=0.4287
[ep 076] val_sel AUC=0.6246 acc=0.4256
[ep 077] val_sel AUC=0.6311 acc=0.4341
[ep 078] val_sel AUC=0.6381 acc=0.4341
[ep 079] val_sel AUC=0.6346 acc=0.4359
[ep 080] val_sel AUC=0.6442 acc=0.4458
[ep 081] val_sel AUC=0.6473 acc=0.4559
[ep 082] val_sel AUC=0.6535 acc=0.4539
[ep 083] val_sel AUC=0.6541 acc=0.4579
[ep 084] val_sel AUC=0.6581 acc=0.4655
[ep 085] val_sel AUC=0.6614 acc=0.4700
[ep 086] val_sel AUC=0.6635 acc=0.4738
[ep 087] val_sel AUC=0.6656 acc=0.4752
[ep 088] val_sel AUC=0.6661 acc=0.4752
[ep 089] val_sel AUC=0.6694 acc=0.4774
[ep 090] val_sel AUC=0.6706 acc=0.4813
[ep 091] val_sel AUC=0.6711 acc=0.4833
[ep 092] val_sel AUC=0.6724 acc=0.4846
[ep 093] val_sel AUC=0.6730 acc=0.4851
[ep 094] val_sel AUC=0.6727 acc=0.4871
[ep 095] val_sel AUC=0.6727 acc=0.4864
[ep 096] val_sel AUC=0.6727 acc=0.4871
============================================================
TEST (best val_sel epoch, held-out, evaluated once)
============================================================
[DONE-QPE2] embed=quantum model_II N=100 seed=59 test_AUC=0.6807 val_sel_AUC=0.6730 per_class=(axion=0.7625 cdm=0.5672 no_sub=0.7123) params=203508 embed_params=49 R_frob_drift=0.5970374941825867
