[INFO] QPE2 D=64 P=8 depth=4 | embed=quantum | data=model_III N/class=100 seed=56 split_seed=0 | params=203508 embed_params=49 lr=0.001 epochs=96 bs=32 | train(300, 64, 64) val_sel(4469, 64, 64) test(4470, 64, 64) device=cuda
[ep 001] val_sel AUC=0.5800 acc=0.3283
[ep 002] val_sel AUC=0.5803 acc=0.3433
[ep 003] val_sel AUC=0.5801 acc=0.3433
[ep 004] val_sel AUC=0.5674 acc=0.3285
[ep 005] val_sel AUC=0.5685 acc=0.3283
[ep 006] val_sel AUC=0.5598 acc=0.3312
[ep 007] val_sel AUC=0.5603 acc=0.3283
[ep 008] val_sel AUC=0.5522 acc=0.3285
[ep 009] val_sel AUC=0.5533 acc=0.3283
[ep 010] val_sel AUC=0.5492 acc=0.3433
[ep 011] val_sel AUC=0.5466 acc=0.3285
[ep 012] val_sel AUC=0.5450 acc=0.3283
[ep 013] val_sel AUC=0.5402 acc=0.3285
[ep 014] val_sel AUC=0.5351 acc=0.3540
[ep 015] val_sel AUC=0.5299 acc=0.3462
[ep 016] val_sel AUC=0.5310 acc=0.3522
[ep 017] val_sel AUC=0.5307 acc=0.3522
[ep 018] val_sel AUC=0.5337 acc=0.3455
[ep 019] val_sel AUC=0.5361 acc=0.3589
[ep 020] val_sel AUC=0.5469 acc=0.3768
[ep 021] val_sel AUC=0.5481 acc=0.3759
[ep 022] val_sel AUC=0.5490 acc=0.3714
[ep 023] val_sel AUC=0.5527 acc=0.3755
[ep 024] val_sel AUC=0.5540 acc=0.3806
[ep 025] val_sel AUC=0.5548 acc=0.3813
[ep 026] val_sel AUC=0.5562 acc=0.3822
[ep 027] val_sel AUC=0.5566 acc=0.3858
[ep 028] val_sel AUC=0.5570 acc=0.3871
[ep 029] val_sel AUC=0.5572 acc=0.3844
[ep 030] val_sel AUC=0.5572 acc=0.3855
[ep 031] val_sel AUC=0.5572 acc=0.3858
[ep 032] val_sel AUC=0.5573 acc=0.3851
[ep 033] val_sel AUC=0.5634 acc=0.3784
[ep 034] val_sel AUC=0.5686 acc=0.3793
[ep 035] val_sel AUC=0.5737 acc=0.3965
[ep 036] val_sel AUC=0.6007 acc=0.4072
[ep 037] val_sel AUC=0.5862 acc=0.3898
[ep 038] val_sel AUC=0.5815 acc=0.3954
[ep 039] val_sel AUC=0.6053 acc=0.3873
[ep 040] val_sel AUC=0.6143 acc=0.4081
[ep 041] val_sel AUC=0.6429 acc=0.4281
[ep 042] val_sel AUC=0.6840 acc=0.4724
[ep 043] val_sel AUC=0.6594 acc=0.4603
[ep 044] val_sel AUC=0.7657 acc=0.4618
[ep 045] val_sel AUC=0.8189 acc=0.6429
[ep 046] val_sel AUC=0.8259 acc=0.6290
[ep 047] val_sel AUC=0.7550 acc=0.5359
[ep 048] val_sel AUC=0.8176 acc=0.6382
[ep 049] val_sel AUC=0.8375 acc=0.6232
[ep 050] val_sel AUC=0.8535 acc=0.6816
[ep 051] val_sel AUC=0.8533 acc=0.6905
[ep 052] val_sel AUC=0.8914 acc=0.7447
[ep 053] val_sel AUC=0.8811 acc=0.7292
[ep 054] val_sel AUC=0.8335 acc=0.6545
[ep 055] val_sel AUC=0.8735 acc=0.7080
[ep 056] val_sel AUC=0.8604 acc=0.6867
[ep 057] val_sel AUC=0.8466 acc=0.6547
[ep 058] val_sel AUC=0.8885 acc=0.7364
[ep 059] val_sel AUC=0.8942 acc=0.7342
[ep 060] val_sel AUC=0.8535 acc=0.6823
[ep 061] val_sel AUC=0.8797 acc=0.7292
[ep 062] val_sel AUC=0.8924 acc=0.7489
[ep 063] val_sel AUC=0.8696 acc=0.7149
[ep 064] val_sel AUC=0.8930 acc=0.7525
[ep 065] val_sel AUC=0.8874 acc=0.7445
[ep 066] val_sel AUC=0.8978 acc=0.7729
[ep 067] val_sel AUC=0.8838 acc=0.7339
[ep 068] val_sel AUC=0.8913 acc=0.7599
[ep 069] val_sel AUC=0.8899 acc=0.7424
[ep 070] val_sel AUC=0.9096 acc=0.7921
[ep 071] val_sel AUC=0.9004 acc=0.7606
[ep 072] val_sel AUC=0.9023 acc=0.7552
[ep 073] val_sel AUC=0.9068 acc=0.7836
[ep 074] val_sel AUC=0.9034 acc=0.7796
[ep 075] val_sel AUC=0.9082 acc=0.7798
[ep 076] val_sel AUC=0.9080 acc=0.7601
[ep 077] val_sel AUC=0.8935 acc=0.7447
[ep 078] val_sel AUC=0.9136 acc=0.8029
[ep 079] val_sel AUC=0.9071 acc=0.7888
[ep 080] val_sel AUC=0.9038 acc=0.7722
[ep 081] val_sel AUC=0.9130 acc=0.7986
[ep 082] val_sel AUC=0.9104 acc=0.7915
[ep 083] val_sel AUC=0.9044 acc=0.7778
[ep 084] val_sel AUC=0.9081 acc=0.7879
[ep 085] val_sel AUC=0.9093 acc=0.7890
[ep 086] val_sel AUC=0.9058 acc=0.7778
[ep 087] val_sel AUC=0.9073 acc=0.7899
[ep 088] val_sel AUC=0.9061 acc=0.7890
[ep 089] val_sel AUC=0.9053 acc=0.7872
[ep 090] val_sel AUC=0.9064 acc=0.7870
[ep 091] val_sel AUC=0.9048 acc=0.7883
[ep 092] val_sel AUC=0.9050 acc=0.7876
[ep 093] val_sel AUC=0.9054 acc=0.7892
[ep 094] val_sel AUC=0.9047 acc=0.7890
[ep 095] val_sel AUC=0.9045 acc=0.7876
[ep 096] val_sel AUC=0.9045 acc=0.7876
============================================================
TEST (best val_sel epoch, held-out, evaluated once)
============================================================
[DONE-QPE2] embed=quantum model_III N=100 seed=56 test_AUC=0.9042 val_sel_AUC=0.9136 per_class=(axion=0.9250 cdm=0.8240 no_sub=0.9637) params=203508 embed_params=49 R_frob_drift=0.8771764039993286
