[INFO] QPE2 D=64 P=8 depth=4 | embed=quantum | data=model_II N/class=100 seed=54 split_seed=0 | params=203508 embed_params=49 lr=0.001 epochs=96 bs=32 | train(300, 64, 64) val_sel(4455, 64, 64) test(4455, 64, 64) device=cuda
[ep 001] val_sel AUC=0.4995 acc=0.3291
[ep 002] val_sel AUC=0.4783 acc=0.3237
[ep 003] val_sel AUC=0.4811 acc=0.3291
[ep 004] val_sel AUC=0.4848 acc=0.3473
[ep 005] val_sel AUC=0.4893 acc=0.3473
[ep 006] val_sel AUC=0.4933 acc=0.3237
[ep 007] val_sel AUC=0.4957 acc=0.3154
[ep 008] val_sel AUC=0.4979 acc=0.3313
[ep 009] val_sel AUC=0.4995 acc=0.3237
[ep 010] val_sel AUC=0.5006 acc=0.3291
[ep 011] val_sel AUC=0.5000 acc=0.3473
[ep 012] val_sel AUC=0.5043 acc=0.3237
[ep 013] val_sel AUC=0.5237 acc=0.3291
[ep 014] val_sel AUC=0.5279 acc=0.3378
[ep 015] val_sel AUC=0.5291 acc=0.3237
[ep 016] val_sel AUC=0.5330 acc=0.3354
[ep 017] val_sel AUC=0.5350 acc=0.3313
[ep 018] val_sel AUC=0.5173 acc=0.3473
[ep 019] val_sel AUC=0.5312 acc=0.3266
[ep 020] val_sel AUC=0.5365 acc=0.3342
[ep 021] val_sel AUC=0.5317 acc=0.3394
[ep 022] val_sel AUC=0.5191 acc=0.3385
[ep 023] val_sel AUC=0.5341 acc=0.3347
[ep 024] val_sel AUC=0.5340 acc=0.3338
[ep 025] val_sel AUC=0.5190 acc=0.3389
[ep 026] val_sel AUC=0.5162 acc=0.3407
[ep 027] val_sel AUC=0.5213 acc=0.3414
[ep 028] val_sel AUC=0.5235 acc=0.3347
[ep 029] val_sel AUC=0.5248 acc=0.3329
[ep 030] val_sel AUC=0.5254 acc=0.3320
[ep 031] val_sel AUC=0.5250 acc=0.3318
[ep 032] val_sel AUC=0.5249 acc=0.3329
[ep 033] val_sel AUC=0.5154 acc=0.3414
[ep 034] val_sel AUC=0.5116 acc=0.3266
[ep 035] val_sel AUC=0.5118 acc=0.3354
[ep 036] val_sel AUC=0.5149 acc=0.3291
[ep 037] val_sel AUC=0.5146 acc=0.3270
[ep 038] val_sel AUC=0.5162 acc=0.3356
[ep 039] val_sel AUC=0.5179 acc=0.3490
[ep 040] val_sel AUC=0.5299 acc=0.3371
[ep 041] val_sel AUC=0.5267 acc=0.3405
[ep 042] val_sel AUC=0.5205 acc=0.3392
[ep 043] val_sel AUC=0.5408 acc=0.3464
[ep 044] val_sel AUC=0.5338 acc=0.3580
[ep 045] val_sel AUC=0.5285 acc=0.3459
[ep 046] val_sel AUC=0.5327 acc=0.3594
[ep 047] val_sel AUC=0.5301 acc=0.3587
[ep 048] val_sel AUC=0.5494 acc=0.3549
[ep 049] val_sel AUC=0.5396 acc=0.3547
[ep 050] val_sel AUC=0.5465 acc=0.3618
[ep 051] val_sel AUC=0.5519 acc=0.3690
[ep 052] val_sel AUC=0.5417 acc=0.3551
[ep 053] val_sel AUC=0.5516 acc=0.3632
[ep 054] val_sel AUC=0.5288 acc=0.3414
[ep 055] val_sel AUC=0.5623 acc=0.3722
[ep 056] val_sel AUC=0.5604 acc=0.3879
[ep 057] val_sel AUC=0.5566 acc=0.3708
[ep 058] val_sel AUC=0.5764 acc=0.3946
[ep 059] val_sel AUC=0.5953 acc=0.3962
[ep 060] val_sel AUC=0.6280 acc=0.4458
[ep 061] val_sel AUC=0.6436 acc=0.4516
[ep 062] val_sel AUC=0.6563 acc=0.4575
[ep 063] val_sel AUC=0.6683 acc=0.4635
[ep 064] val_sel AUC=0.6334 acc=0.4325
[ep 065] val_sel AUC=0.6864 acc=0.4878
[ep 066] val_sel AUC=0.6867 acc=0.4806
[ep 067] val_sel AUC=0.7017 acc=0.5015
[ep 068] val_sel AUC=0.7429 acc=0.5591
[ep 069] val_sel AUC=0.7665 acc=0.5641
[ep 070] val_sel AUC=0.7665 acc=0.5744
[ep 071] val_sel AUC=0.7679 acc=0.5798
[ep 072] val_sel AUC=0.7921 acc=0.6034
[ep 073] val_sel AUC=0.8059 acc=0.6215
[ep 074] val_sel AUC=0.7996 acc=0.6144
[ep 075] val_sel AUC=0.7940 acc=0.6141
[ep 076] val_sel AUC=0.8174 acc=0.6296
[ep 077] val_sel AUC=0.8208 acc=0.6388
[ep 078] val_sel AUC=0.8147 acc=0.6245
[ep 079] val_sel AUC=0.8324 acc=0.6559
[ep 080] val_sel AUC=0.8428 acc=0.6833
[ep 081] val_sel AUC=0.8348 acc=0.6768
[ep 082] val_sel AUC=0.8371 acc=0.6781
[ep 083] val_sel AUC=0.8374 acc=0.6716
[ep 084] val_sel AUC=0.8377 acc=0.6759
[ep 085] val_sel AUC=0.8430 acc=0.6923
[ep 086] val_sel AUC=0.8383 acc=0.6837
[ep 087] val_sel AUC=0.8453 acc=0.6947
[ep 088] val_sel AUC=0.8458 acc=0.6947
[ep 089] val_sel AUC=0.8444 acc=0.6983
[ep 090] val_sel AUC=0.8453 acc=0.6979
[ep 091] val_sel AUC=0.8462 acc=0.6976
[ep 092] val_sel AUC=0.8457 acc=0.7012
[ep 093] val_sel AUC=0.8454 acc=0.7003
[ep 094] val_sel AUC=0.8454 acc=0.6979
[ep 095] val_sel AUC=0.8453 acc=0.6979
[ep 096] val_sel AUC=0.8453 acc=0.6983
============================================================
TEST (best val_sel epoch, held-out, evaluated once)
============================================================
[DONE-QPE2] embed=quantum model_II N=100 seed=54 test_AUC=0.8539 val_sel_AUC=0.8462 per_class=(axion=0.8916 cdm=0.7452 no_sub=0.9250) params=203508 embed_params=49 R_frob_drift=0.6812744736671448
