[INFO] QPE2 D=64 P=8 depth=4 | embed=quantum | data=model_III N/class=100 seed=49 split_seed=0 | params=203508 embed_params=49 lr=0.001 epochs=96 bs=32 | train(300, 64, 64) val_sel(4469, 64, 64) test(4470, 64, 64) device=cuda
[ep 001] val_sel AUC=0.5518 acc=0.3433
[ep 002] val_sel AUC=0.5706 acc=0.3285
[ep 003] val_sel AUC=0.5874 acc=0.3433
[ep 004] val_sel AUC=0.5980 acc=0.3285
[ep 005] val_sel AUC=0.5986 acc=0.3433
[ep 006] val_sel AUC=0.5978 acc=0.3283
[ep 007] val_sel AUC=0.5828 acc=0.3348
[ep 008] val_sel AUC=0.5765 acc=0.3285
[ep 009] val_sel AUC=0.5770 acc=0.3283
[ep 010] val_sel AUC=0.5732 acc=0.3285
[ep 011] val_sel AUC=0.5645 acc=0.3433
[ep 012] val_sel AUC=0.5648 acc=0.3316
[ep 013] val_sel AUC=0.5649 acc=0.3285
[ep 014] val_sel AUC=0.5643 acc=0.3283
[ep 015] val_sel AUC=0.5625 acc=0.3283
[ep 016] val_sel AUC=0.5552 acc=0.3433
[ep 017] val_sel AUC=0.5532 acc=0.3433
[ep 018] val_sel AUC=0.5563 acc=0.3524
[ep 019] val_sel AUC=0.5476 acc=0.3433
[ep 020] val_sel AUC=0.5467 acc=0.3455
[ep 021] val_sel AUC=0.5454 acc=0.3388
[ep 022] val_sel AUC=0.5424 acc=0.3285
[ep 023] val_sel AUC=0.5392 acc=0.3388
[ep 024] val_sel AUC=0.5398 acc=0.3515
[ep 025] val_sel AUC=0.5385 acc=0.3370
[ep 026] val_sel AUC=0.5368 acc=0.3399
[ep 027] val_sel AUC=0.5354 acc=0.3482
[ep 028] val_sel AUC=0.5354 acc=0.3453
[ep 029] val_sel AUC=0.5350 acc=0.3457
[ep 030] val_sel AUC=0.5350 acc=0.3504
[ep 031] val_sel AUC=0.5350 acc=0.3486
[ep 032] val_sel AUC=0.5350 acc=0.3488
[ep 033] val_sel AUC=0.5287 acc=0.3433
[ep 034] val_sel AUC=0.5334 acc=0.3359
[ep 035] val_sel AUC=0.5345 acc=0.3334
[ep 036] val_sel AUC=0.5371 acc=0.3484
[ep 037] val_sel AUC=0.5434 acc=0.3450
[ep 038] val_sel AUC=0.5394 acc=0.3556
[ep 039] val_sel AUC=0.5465 acc=0.3410
[ep 040] val_sel AUC=0.5440 acc=0.3652
[ep 041] val_sel AUC=0.5456 acc=0.3647
[ep 042] val_sel AUC=0.5497 acc=0.3448
[ep 043] val_sel AUC=0.5414 acc=0.3403
[ep 044] val_sel AUC=0.5610 acc=0.3450
[ep 045] val_sel AUC=0.5641 acc=0.3522
[ep 046] val_sel AUC=0.5796 acc=0.3782
[ep 047] val_sel AUC=0.6031 acc=0.4343
[ep 048] val_sel AUC=0.6353 acc=0.4516
[ep 049] val_sel AUC=0.7122 acc=0.5346
[ep 050] val_sel AUC=0.7136 acc=0.4070
[ep 051] val_sel AUC=0.6581 acc=0.3932
[ep 052] val_sel AUC=0.6550 acc=0.4677
[ep 053] val_sel AUC=0.6959 acc=0.5135
[ep 054] val_sel AUC=0.7392 acc=0.5565
[ep 055] val_sel AUC=0.7575 acc=0.5666
[ep 056] val_sel AUC=0.7809 acc=0.5979
[ep 057] val_sel AUC=0.7769 acc=0.5943
[ep 058] val_sel AUC=0.7713 acc=0.5898
[ep 059] val_sel AUC=0.7964 acc=0.6133
[ep 060] val_sel AUC=0.8076 acc=0.6174
[ep 061] val_sel AUC=0.7987 acc=0.6149
[ep 062] val_sel AUC=0.8111 acc=0.6353
[ep 063] val_sel AUC=0.8297 acc=0.6523
[ep 064] val_sel AUC=0.7785 acc=0.5731
[ep 065] val_sel AUC=0.8136 acc=0.6281
[ep 066] val_sel AUC=0.8337 acc=0.6655
[ep 067] val_sel AUC=0.8266 acc=0.6547
[ep 068] val_sel AUC=0.8243 acc=0.6572
[ep 069] val_sel AUC=0.8088 acc=0.6373
[ep 070] val_sel AUC=0.8239 acc=0.6724
[ep 071] val_sel AUC=0.8087 acc=0.6384
[ep 072] val_sel AUC=0.8261 acc=0.6610
[ep 073] val_sel AUC=0.8279 acc=0.6789
[ep 074] val_sel AUC=0.8231 acc=0.6608
[ep 075] val_sel AUC=0.8186 acc=0.6545
[ep 076] val_sel AUC=0.8158 acc=0.6453
[ep 077] val_sel AUC=0.8266 acc=0.6666
[ep 078] val_sel AUC=0.8242 acc=0.6675
[ep 079] val_sel AUC=0.8240 acc=0.6715
[ep 080] val_sel AUC=0.8259 acc=0.6764
[ep 081] val_sel AUC=0.8344 acc=0.6838
[ep 082] val_sel AUC=0.8328 acc=0.6827
[ep 083] val_sel AUC=0.8253 acc=0.6648
[ep 084] val_sel AUC=0.8321 acc=0.6829
[ep 085] val_sel AUC=0.8370 acc=0.6840
[ep 086] val_sel AUC=0.8318 acc=0.6787
[ep 087] val_sel AUC=0.8333 acc=0.6852
[ep 088] val_sel AUC=0.8301 acc=0.6780
[ep 089] val_sel AUC=0.8320 acc=0.6823
[ep 090] val_sel AUC=0.8321 acc=0.6805
[ep 091] val_sel AUC=0.8322 acc=0.6827
[ep 092] val_sel AUC=0.8329 acc=0.6834
[ep 093] val_sel AUC=0.8329 acc=0.6843
[ep 094] val_sel AUC=0.8326 acc=0.6840
[ep 095] val_sel AUC=0.8324 acc=0.6836
[ep 096] val_sel AUC=0.8324 acc=0.6836
============================================================
TEST (best val_sel epoch, held-out, evaluated once)
============================================================
[DONE-QPE2] embed=quantum model_III N=100 seed=49 test_AUC=0.8381 val_sel_AUC=0.8370 per_class=(axion=0.8887 cdm=0.7182 no_sub=0.9073) params=203508 embed_params=49 R_frob_drift=0.699368953704834
