[INFO] QPE2 D=64 P=8 depth=4 | embed=quantum | data=model_III N/class=100 seed=43 split_seed=0 | params=203508 embed_params=49 lr=0.001 epochs=96 bs=32 | train(300, 64, 64) val_sel(4469, 64, 64) test(4470, 64, 64) device=cuda
[ep 001] val_sel AUC=0.4972 acc=0.3283
[ep 002] val_sel AUC=0.4701 acc=0.3285
[ep 003] val_sel AUC=0.4867 acc=0.3283
[ep 004] val_sel AUC=0.4912 acc=0.3433
[ep 005] val_sel AUC=0.4983 acc=0.3433
[ep 006] val_sel AUC=0.5062 acc=0.3283
[ep 007] val_sel AUC=0.5089 acc=0.3278
[ep 008] val_sel AUC=0.5139 acc=0.3285
[ep 009] val_sel AUC=0.5156 acc=0.3433
[ep 010] val_sel AUC=0.5245 acc=0.3283
[ep 011] val_sel AUC=0.5259 acc=0.3433
[ep 012] val_sel AUC=0.5325 acc=0.3285
[ep 013] val_sel AUC=0.5341 acc=0.3283
[ep 014] val_sel AUC=0.5445 acc=0.3285
[ep 015] val_sel AUC=0.5460 acc=0.3386
[ep 016] val_sel AUC=0.5221 acc=0.3303
[ep 017] val_sel AUC=0.5390 acc=0.3455
[ep 018] val_sel AUC=0.5201 acc=0.3582
[ep 019] val_sel AUC=0.5152 acc=0.3540
[ep 020] val_sel AUC=0.5227 acc=0.3480
[ep 021] val_sel AUC=0.5186 acc=0.3596
[ep 022] val_sel AUC=0.5243 acc=0.3558
[ep 023] val_sel AUC=0.5303 acc=0.3527
[ep 024] val_sel AUC=0.5350 acc=0.3596
[ep 025] val_sel AUC=0.5446 acc=0.3544
[ep 026] val_sel AUC=0.5405 acc=0.3728
[ep 027] val_sel AUC=0.5519 acc=0.3676
[ep 028] val_sel AUC=0.5623 acc=0.3650
[ep 029] val_sel AUC=0.5638 acc=0.3676
[ep 030] val_sel AUC=0.5616 acc=0.3701
[ep 031] val_sel AUC=0.5625 acc=0.3712
[ep 032] val_sel AUC=0.5626 acc=0.3728
[ep 033] val_sel AUC=0.5842 acc=0.3777
[ep 034] val_sel AUC=0.6213 acc=0.4048
[ep 035] val_sel AUC=0.6158 acc=0.3759
[ep 036] val_sel AUC=0.6496 acc=0.4222
[ep 037] val_sel AUC=0.6984 acc=0.4918
[ep 038] val_sel AUC=0.6930 acc=0.4786
[ep 039] val_sel AUC=0.7207 acc=0.4997
[ep 040] val_sel AUC=0.7202 acc=0.5279
[ep 041] val_sel AUC=0.7401 acc=0.5335
[ep 042] val_sel AUC=0.6911 acc=0.4883
[ep 043] val_sel AUC=0.7507 acc=0.5610
[ep 044] val_sel AUC=0.7749 acc=0.5943
[ep 045] val_sel AUC=0.7872 acc=0.6171
[ep 046] val_sel AUC=0.7993 acc=0.6077
[ep 047] val_sel AUC=0.8067 acc=0.6194
[ep 048] val_sel AUC=0.7736 acc=0.5807
[ep 049] val_sel AUC=0.8118 acc=0.6471
[ep 050] val_sel AUC=0.8313 acc=0.6679
[ep 051] val_sel AUC=0.8287 acc=0.6717
[ep 052] val_sel AUC=0.8309 acc=0.6885
[ep 053] val_sel AUC=0.8352 acc=0.6807
[ep 054] val_sel AUC=0.8408 acc=0.6885
[ep 055] val_sel AUC=0.8265 acc=0.6760
[ep 056] val_sel AUC=0.8190 acc=0.6198
[ep 057] val_sel AUC=0.8300 acc=0.6845
[ep 058] val_sel AUC=0.8429 acc=0.6744
[ep 059] val_sel AUC=0.8571 acc=0.7127
[ep 060] val_sel AUC=0.8589 acc=0.7156
[ep 061] val_sel AUC=0.8544 acc=0.6834
[ep 062] val_sel AUC=0.8599 acc=0.7167
[ep 063] val_sel AUC=0.8581 acc=0.6961
[ep 064] val_sel AUC=0.8653 acc=0.7116
[ep 065] val_sel AUC=0.8692 acc=0.7438
[ep 066] val_sel AUC=0.8719 acc=0.7507
[ep 067] val_sel AUC=0.8690 acc=0.7319
[ep 068] val_sel AUC=0.8763 acc=0.7436
[ep 069] val_sel AUC=0.8736 acc=0.7411
[ep 070] val_sel AUC=0.8754 acc=0.7395
[ep 071] val_sel AUC=0.8740 acc=0.7416
[ep 072] val_sel AUC=0.8728 acc=0.7333
[ep 073] val_sel AUC=0.8773 acc=0.7489
[ep 074] val_sel AUC=0.8775 acc=0.7442
[ep 075] val_sel AUC=0.8781 acc=0.7541
[ep 076] val_sel AUC=0.8827 acc=0.7523
[ep 077] val_sel AUC=0.8789 acc=0.7163
[ep 078] val_sel AUC=0.8863 acc=0.7496
[ep 079] val_sel AUC=0.8816 acc=0.7355
[ep 080] val_sel AUC=0.8784 acc=0.7362
[ep 081] val_sel AUC=0.8815 acc=0.7483
[ep 082] val_sel AUC=0.8792 acc=0.7292
[ep 083] val_sel AUC=0.8839 acc=0.7588
[ep 084] val_sel AUC=0.8826 acc=0.7487
[ep 085] val_sel AUC=0.8833 acc=0.7559
[ep 086] val_sel AUC=0.8815 acc=0.7548
[ep 087] val_sel AUC=0.8829 acc=0.7583
[ep 088] val_sel AUC=0.8836 acc=0.7610
[ep 089] val_sel AUC=0.8830 acc=0.7624
[ep 090] val_sel AUC=0.8823 acc=0.7572
[ep 091] val_sel AUC=0.8825 acc=0.7601
[ep 092] val_sel AUC=0.8827 acc=0.7617
[ep 093] val_sel AUC=0.8822 acc=0.7595
[ep 094] val_sel AUC=0.8822 acc=0.7588
[ep 095] val_sel AUC=0.8822 acc=0.7590
[ep 096] val_sel AUC=0.8822 acc=0.7588
============================================================
TEST (best val_sel epoch, held-out, evaluated once)
============================================================
[DONE-QPE2] embed=quantum model_III N=100 seed=43 test_AUC=0.8788 val_sel_AUC=0.8863 per_class=(axion=0.9061 cdm=0.7966 no_sub=0.9338) params=203508 embed_params=49 R_frob_drift=0.6837735176086426
