[INFO] QPE2 D=64 P=8 depth=4 | embed=quantum | data=model_III N/class=100 seed=60 split_seed=0 | params=203508 embed_params=49 lr=0.001 epochs=96 bs=32 | train(300, 64, 64) val_sel(4469, 64, 64) test(4470, 64, 64) device=cuda
[ep 001] val_sel AUC=0.5598 acc=0.3433
[ep 002] val_sel AUC=0.5551 acc=0.3285
[ep 003] val_sel AUC=0.5615 acc=0.3283
[ep 004] val_sel AUC=0.5587 acc=0.3285
[ep 005] val_sel AUC=0.5651 acc=0.3433
[ep 006] val_sel AUC=0.5651 acc=0.3433
[ep 007] val_sel AUC=0.5668 acc=0.3283
[ep 008] val_sel AUC=0.5676 acc=0.3283
[ep 009] val_sel AUC=0.5609 acc=0.3433
[ep 010] val_sel AUC=0.5649 acc=0.3283
[ep 011] val_sel AUC=0.5561 acc=0.3433
[ep 012] val_sel AUC=0.5487 acc=0.3285
[ep 013] val_sel AUC=0.5503 acc=0.3596
[ep 014] val_sel AUC=0.5494 acc=0.3612
[ep 015] val_sel AUC=0.5474 acc=0.3565
[ep 016] val_sel AUC=0.5530 acc=0.3735
[ep 017] val_sel AUC=0.5540 acc=0.3744
[ep 018] val_sel AUC=0.5650 acc=0.3963
[ep 019] val_sel AUC=0.5698 acc=0.3795
[ep 020] val_sel AUC=0.5883 acc=0.4151
[ep 021] val_sel AUC=0.6304 acc=0.4932
[ep 022] val_sel AUC=0.6208 acc=0.4104
[ep 023] val_sel AUC=0.6867 acc=0.4979
[ep 024] val_sel AUC=0.6924 acc=0.5057
[ep 025] val_sel AUC=0.6987 acc=0.5104
[ep 026] val_sel AUC=0.7085 acc=0.5234
[ep 027] val_sel AUC=0.7136 acc=0.5135
[ep 028] val_sel AUC=0.7237 acc=0.5413
[ep 029] val_sel AUC=0.7279 acc=0.5471
[ep 030] val_sel AUC=0.7291 acc=0.5453
[ep 031] val_sel AUC=0.7300 acc=0.5458
[ep 032] val_sel AUC=0.7303 acc=0.5469
[ep 033] val_sel AUC=0.6948 acc=0.3285
[ep 034] val_sel AUC=0.6730 acc=0.4439
[ep 035] val_sel AUC=0.7365 acc=0.5527
[ep 036] val_sel AUC=0.6926 acc=0.5321
[ep 037] val_sel AUC=0.7354 acc=0.4983
[ep 038] val_sel AUC=0.7463 acc=0.5446
[ep 039] val_sel AUC=0.7641 acc=0.5359
[ep 040] val_sel AUC=0.7828 acc=0.6066
[ep 041] val_sel AUC=0.7642 acc=0.5585
[ep 042] val_sel AUC=0.7956 acc=0.5954
[ep 043] val_sel AUC=0.8049 acc=0.6227
[ep 044] val_sel AUC=0.8404 acc=0.6818
[ep 045] val_sel AUC=0.8249 acc=0.6899
[ep 046] val_sel AUC=0.7756 acc=0.5319
[ep 047] val_sel AUC=0.7796 acc=0.5892
[ep 048] val_sel AUC=0.8108 acc=0.6243
[ep 049] val_sel AUC=0.8349 acc=0.6317
[ep 050] val_sel AUC=0.8430 acc=0.6708
[ep 051] val_sel AUC=0.8430 acc=0.7035
[ep 052] val_sel AUC=0.8317 acc=0.6516
[ep 053] val_sel AUC=0.8385 acc=0.6704
[ep 054] val_sel AUC=0.8729 acc=0.7243
[ep 055] val_sel AUC=0.8873 acc=0.7680
[ep 056] val_sel AUC=0.8865 acc=0.7541
[ep 057] val_sel AUC=0.8899 acc=0.7642
[ep 058] val_sel AUC=0.8392 acc=0.6608
[ep 059] val_sel AUC=0.8738 acc=0.7174
[ep 060] val_sel AUC=0.8843 acc=0.7480
[ep 061] val_sel AUC=0.8936 acc=0.7633
[ep 062] val_sel AUC=0.8898 acc=0.7557
[ep 063] val_sel AUC=0.8732 acc=0.7483
[ep 064] val_sel AUC=0.8883 acc=0.7543
[ep 065] val_sel AUC=0.8727 acc=0.7275
[ep 066] val_sel AUC=0.8978 acc=0.7691
[ep 067] val_sel AUC=0.8907 acc=0.7727
[ep 068] val_sel AUC=0.8918 acc=0.7512
[ep 069] val_sel AUC=0.9065 acc=0.7879
[ep 070] val_sel AUC=0.8889 acc=0.7713
[ep 071] val_sel AUC=0.8911 acc=0.7532
[ep 072] val_sel AUC=0.9002 acc=0.7675
[ep 073] val_sel AUC=0.8963 acc=0.7568
[ep 074] val_sel AUC=0.8904 acc=0.7677
[ep 075] val_sel AUC=0.9081 acc=0.7973
[ep 076] val_sel AUC=0.8956 acc=0.7574
[ep 077] val_sel AUC=0.9044 acc=0.7838
[ep 078] val_sel AUC=0.9075 acc=0.7910
[ep 079] val_sel AUC=0.9017 acc=0.7856
[ep 080] val_sel AUC=0.9052 acc=0.7926
[ep 081] val_sel AUC=0.8998 acc=0.7821
[ep 082] val_sel AUC=0.9050 acc=0.7953
[ep 083] val_sel AUC=0.9052 acc=0.7856
[ep 084] val_sel AUC=0.9037 acc=0.7847
[ep 085] val_sel AUC=0.9044 acc=0.7885
[ep 086] val_sel AUC=0.9050 acc=0.7874
[ep 087] val_sel AUC=0.9034 acc=0.7876
[ep 088] val_sel AUC=0.9012 acc=0.7818
[ep 089] val_sel AUC=0.9072 acc=0.7977
[ep 090] val_sel AUC=0.9045 acc=0.7863
[ep 091] val_sel AUC=0.9041 acc=0.7850
[ep 092] val_sel AUC=0.9059 acc=0.7892
[ep 093] val_sel AUC=0.9045 acc=0.7868
[ep 094] val_sel AUC=0.9037 acc=0.7861
[ep 095] val_sel AUC=0.9036 acc=0.7863
[ep 096] val_sel AUC=0.9037 acc=0.7874
============================================================
TEST (best val_sel epoch, held-out, evaluated once)
============================================================
[DONE-QPE2] embed=quantum model_III N=100 seed=60 test_AUC=0.9134 val_sel_AUC=0.9081 per_class=(axion=0.9398 cdm=0.8361 no_sub=0.9644) params=203508 embed_params=49 R_frob_drift=0.781784176826477
