[INFO] QPE2 D=64 P=8 depth=4 | embed=quantum | data=model_II N/class=250 seed=45 split_seed=0 | params=203508 embed_params=49 lr=0.001 epochs=96 bs=32 | train(750, 64, 64) val_sel(4455, 64, 64) test(4455, 64, 64) device=cuda
[ep 001] val_sel AUC=0.5692 acc=0.3262
[ep 002] val_sel AUC=0.6036 acc=0.3291
[ep 003] val_sel AUC=0.5841 acc=0.3473
[ep 004] val_sel AUC=0.5908 acc=0.3291
[ep 005] val_sel AUC=0.5882 acc=0.3291
[ep 006] val_sel AUC=0.5776 acc=0.3473
[ep 007] val_sel AUC=0.5729 acc=0.3291
[ep 008] val_sel AUC=0.5648 acc=0.3237
[ep 009] val_sel AUC=0.5513 acc=0.3473
[ep 010] val_sel AUC=0.5461 acc=0.3538
[ep 011] val_sel AUC=0.5378 acc=0.3291
[ep 012] val_sel AUC=0.5429 acc=0.3551
[ep 013] val_sel AUC=0.5714 acc=0.3495
[ep 014] val_sel AUC=0.5580 acc=0.3481
[ep 015] val_sel AUC=0.5879 acc=0.3951
[ep 016] val_sel AUC=0.6377 acc=0.4000
[ep 017] val_sel AUC=0.7276 acc=0.5270
[ep 018] val_sel AUC=0.7202 acc=0.5304
[ep 019] val_sel AUC=0.8134 acc=0.6249
[ep 020] val_sel AUC=0.8181 acc=0.6348
[ep 021] val_sel AUC=0.8277 acc=0.6487
[ep 022] val_sel AUC=0.8443 acc=0.6453
[ep 023] val_sel AUC=0.8769 acc=0.7356
[ep 024] val_sel AUC=0.8774 acc=0.7311
[ep 025] val_sel AUC=0.8911 acc=0.7522
[ep 026] val_sel AUC=0.8986 acc=0.7717
[ep 027] val_sel AUC=0.8866 acc=0.7443
[ep 028] val_sel AUC=0.9016 acc=0.7684
[ep 029] val_sel AUC=0.9042 acc=0.7771
[ep 030] val_sel AUC=0.9067 acc=0.7823
[ep 031] val_sel AUC=0.9068 acc=0.7800
[ep 032] val_sel AUC=0.9070 acc=0.7800
[ep 033] val_sel AUC=0.7319 acc=0.4914
[ep 034] val_sel AUC=0.7983 acc=0.6415
[ep 035] val_sel AUC=0.8058 acc=0.6245
[ep 036] val_sel AUC=0.8682 acc=0.6900
[ep 037] val_sel AUC=0.8361 acc=0.6712
[ep 038] val_sel AUC=0.8392 acc=0.6357
[ep 039] val_sel AUC=0.8739 acc=0.7235
[ep 040] val_sel AUC=0.8206 acc=0.5802
[ep 041] val_sel AUC=0.8309 acc=0.6703
[ep 042] val_sel AUC=0.8630 acc=0.6689
[ep 043] val_sel AUC=0.8094 acc=0.5755
[ep 044] val_sel AUC=0.8747 acc=0.7160
[ep 045] val_sel AUC=0.8892 acc=0.7636
[ep 046] val_sel AUC=0.8784 acc=0.7371
[ep 047] val_sel AUC=0.8855 acc=0.7520
[ep 048] val_sel AUC=0.9008 acc=0.7591
[ep 049] val_sel AUC=0.9014 acc=0.7625
[ep 050] val_sel AUC=0.8834 acc=0.7621
[ep 051] val_sel AUC=0.8816 acc=0.7363
[ep 052] val_sel AUC=0.8986 acc=0.7367
[ep 053] val_sel AUC=0.8626 acc=0.7259
[ep 054] val_sel AUC=0.8707 acc=0.7369
[ep 055] val_sel AUC=0.9061 acc=0.7859
[ep 056] val_sel AUC=0.8983 acc=0.7805
[ep 057] val_sel AUC=0.8944 acc=0.7540
[ep 058] val_sel AUC=0.9187 acc=0.7939
[ep 059] val_sel AUC=0.9057 acc=0.7973
[ep 060] val_sel AUC=0.9109 acc=0.7944
[ep 061] val_sel AUC=0.8879 acc=0.7475
[ep 062] val_sel AUC=0.8945 acc=0.7823
[ep 063] val_sel AUC=0.9023 acc=0.7780
[ep 064] val_sel AUC=0.9059 acc=0.7908
[ep 065] val_sel AUC=0.9070 acc=0.7710
[ep 066] val_sel AUC=0.8696 acc=0.7113
[ep 067] val_sel AUC=0.9120 acc=0.8029
[ep 068] val_sel AUC=0.9133 acc=0.8067
[ep 069] val_sel AUC=0.9184 acc=0.8157
[ep 070] val_sel AUC=0.9041 acc=0.7834
[ep 071] val_sel AUC=0.9105 acc=0.7964
[ep 072] val_sel AUC=0.8940 acc=0.7567
[ep 073] val_sel AUC=0.9081 acc=0.7910
[ep 074] val_sel AUC=0.9136 acc=0.8148
[ep 075] val_sel AUC=0.9104 acc=0.7872
[ep 076] val_sel AUC=0.9127 acc=0.8141
[ep 077] val_sel AUC=0.9248 acc=0.8256
[ep 078] val_sel AUC=0.9166 acc=0.7948
[ep 079] val_sel AUC=0.9207 acc=0.8224
[ep 080] val_sel AUC=0.9158 acc=0.8076
[ep 081] val_sel AUC=0.9197 acc=0.8126
[ep 082] val_sel AUC=0.9192 acc=0.8182
[ep 083] val_sel AUC=0.9197 acc=0.8222
[ep 084] val_sel AUC=0.9195 acc=0.8231
[ep 085] val_sel AUC=0.9203 acc=0.8229
[ep 086] val_sel AUC=0.9199 acc=0.8290
[ep 087] val_sel AUC=0.9202 acc=0.8247
[ep 088] val_sel AUC=0.9202 acc=0.8274
[ep 089] val_sel AUC=0.9214 acc=0.8265
[ep 090] val_sel AUC=0.9210 acc=0.8290
[ep 091] val_sel AUC=0.9207 acc=0.8299
[ep 092] val_sel AUC=0.9210 acc=0.8301
[ep 093] val_sel AUC=0.9209 acc=0.8296
[ep 094] val_sel AUC=0.9207 acc=0.8294
[ep 095] val_sel AUC=0.9208 acc=0.8303
[ep 096] val_sel AUC=0.9208 acc=0.8305
============================================================
TEST (best val_sel epoch, held-out, evaluated once)
============================================================
[DONE-QPE2] embed=quantum model_II N=250 seed=45 test_AUC=0.9242 val_sel_AUC=0.9248 per_class=(axion=0.9404 cdm=0.8575 no_sub=0.9748) params=203508 embed_params=49 R_frob_drift=0.6533163785934448
