[INFO] QPE2 D=64 P=8 depth=4 | embed=quantum | data=model_II N/class=250 seed=49 split_seed=0 | params=203508 embed_params=49 lr=0.001 epochs=96 bs=32 | train(750, 64, 64) val_sel(4455, 64, 64) test(4455, 64, 64) device=cuda
[ep 001] val_sel AUC=0.5441 acc=0.3291
[ep 002] val_sel AUC=0.5317 acc=0.3473
[ep 003] val_sel AUC=0.5237 acc=0.3237
[ep 004] val_sel AUC=0.5178 acc=0.3526
[ep 005] val_sel AUC=0.5159 acc=0.3473
[ep 006] val_sel AUC=0.5166 acc=0.3237
[ep 007] val_sel AUC=0.5170 acc=0.3414
[ep 008] val_sel AUC=0.5185 acc=0.3291
[ep 009] val_sel AUC=0.5151 acc=0.3342
[ep 010] val_sel AUC=0.5135 acc=0.3306
[ep 011] val_sel AUC=0.5205 acc=0.3520
[ep 012] val_sel AUC=0.5223 acc=0.3549
[ep 013] val_sel AUC=0.5333 acc=0.3356
[ep 014] val_sel AUC=0.5499 acc=0.3569
[ep 015] val_sel AUC=0.5485 acc=0.3452
[ep 016] val_sel AUC=0.5741 acc=0.3843
[ep 017] val_sel AUC=0.6087 acc=0.4254
[ep 018] val_sel AUC=0.6594 acc=0.4572
[ep 019] val_sel AUC=0.6759 acc=0.4887
[ep 020] val_sel AUC=0.7556 acc=0.5895
[ep 021] val_sel AUC=0.7956 acc=0.5951
[ep 022] val_sel AUC=0.7899 acc=0.6276
[ep 023] val_sel AUC=0.8073 acc=0.6346
[ep 024] val_sel AUC=0.8415 acc=0.6846
[ep 025] val_sel AUC=0.8553 acc=0.7084
[ep 026] val_sel AUC=0.8643 acc=0.7192
[ep 027] val_sel AUC=0.8658 acc=0.7286
[ep 028] val_sel AUC=0.8766 acc=0.7488
[ep 029] val_sel AUC=0.8846 acc=0.7490
[ep 030] val_sel AUC=0.8866 acc=0.7598
[ep 031] val_sel AUC=0.8878 acc=0.7580
[ep 032] val_sel AUC=0.8882 acc=0.7630
[ep 033] val_sel AUC=0.8247 acc=0.6487
[ep 034] val_sel AUC=0.8214 acc=0.6150
[ep 035] val_sel AUC=0.8719 acc=0.7257
[ep 036] val_sel AUC=0.8257 acc=0.6002
[ep 037] val_sel AUC=0.8803 acc=0.7351
[ep 038] val_sel AUC=0.8574 acc=0.6965
[ep 039] val_sel AUC=0.8820 acc=0.7286
[ep 040] val_sel AUC=0.8531 acc=0.6319
[ep 041] val_sel AUC=0.9046 acc=0.7695
[ep 042] val_sel AUC=0.7918 acc=0.5701
[ep 043] val_sel AUC=0.9043 acc=0.7571
[ep 044] val_sel AUC=0.8770 acc=0.7380
[ep 045] val_sel AUC=0.8595 acc=0.7010
[ep 046] val_sel AUC=0.8924 acc=0.7517
[ep 047] val_sel AUC=0.8929 acc=0.7847
[ep 048] val_sel AUC=0.8977 acc=0.7558
[ep 049] val_sel AUC=0.9067 acc=0.7825
[ep 050] val_sel AUC=0.8910 acc=0.7522
[ep 051] val_sel AUC=0.8535 acc=0.7122
[ep 052] val_sel AUC=0.8876 acc=0.7526
[ep 053] val_sel AUC=0.8798 acc=0.7448
[ep 054] val_sel AUC=0.9061 acc=0.7917
[ep 055] val_sel AUC=0.9156 acc=0.7852
[ep 056] val_sel AUC=0.8488 acc=0.7187
[ep 057] val_sel AUC=0.8955 acc=0.7484
[ep 058] val_sel AUC=0.9148 acc=0.7780
[ep 059] val_sel AUC=0.9153 acc=0.8081
[ep 060] val_sel AUC=0.8845 acc=0.7565
[ep 061] val_sel AUC=0.9022 acc=0.7591
[ep 062] val_sel AUC=0.9201 acc=0.8063
[ep 063] val_sel AUC=0.9087 acc=0.7888
[ep 064] val_sel AUC=0.9127 acc=0.7944
[ep 065] val_sel AUC=0.9122 acc=0.7978
[ep 066] val_sel AUC=0.9122 acc=0.7868
[ep 067] val_sel AUC=0.9146 acc=0.7998
[ep 068] val_sel AUC=0.9144 acc=0.8020
[ep 069] val_sel AUC=0.8684 acc=0.7473
[ep 070] val_sel AUC=0.9143 acc=0.8022
[ep 071] val_sel AUC=0.9157 acc=0.8159
[ep 072] val_sel AUC=0.9176 acc=0.8094
[ep 073] val_sel AUC=0.9223 acc=0.8114
[ep 074] val_sel AUC=0.9086 acc=0.7899
[ep 075] val_sel AUC=0.9216 acc=0.8150
[ep 076] val_sel AUC=0.9219 acc=0.8166
[ep 077] val_sel AUC=0.9181 acc=0.8031
[ep 078] val_sel AUC=0.9203 acc=0.8171
[ep 079] val_sel AUC=0.9207 acc=0.8171
[ep 080] val_sel AUC=0.9207 acc=0.8162
[ep 081] val_sel AUC=0.9203 acc=0.8108
[ep 082] val_sel AUC=0.9184 acc=0.8110
[ep 083] val_sel AUC=0.9165 acc=0.8105
[ep 084] val_sel AUC=0.9203 acc=0.8157
[ep 085] val_sel AUC=0.9192 acc=0.8103
[ep 086] val_sel AUC=0.9206 acc=0.8146
[ep 087] val_sel AUC=0.9191 acc=0.8128
[ep 088] val_sel AUC=0.9192 acc=0.8153
[ep 089] val_sel AUC=0.9191 acc=0.8130
[ep 090] val_sel AUC=0.9196 acc=0.8150
[ep 091] val_sel AUC=0.9188 acc=0.8148
[ep 092] val_sel AUC=0.9192 acc=0.8180
[ep 093] val_sel AUC=0.9190 acc=0.8159
[ep 094] val_sel AUC=0.9188 acc=0.8157
[ep 095] val_sel AUC=0.9188 acc=0.8164
[ep 096] val_sel AUC=0.9188 acc=0.8159
============================================================
TEST (best val_sel epoch, held-out, evaluated once)
============================================================
[DONE-QPE2] embed=quantum model_II N=250 seed=49 test_AUC=0.9242 val_sel_AUC=0.9223 per_class=(axion=0.9362 cdm=0.8601 no_sub=0.9763) params=203508 embed_params=49 R_frob_drift=0.9181098937988281
