[INFO] QPE2 D=64 P=8 depth=4 | embed=skew48 | data=model_II N/class=100 seed=47 split_seed=0 | params=203508 embed_params=49 lr=0.001 epochs=96 bs=32 | train(300, 64, 64) val_sel(4455, 64, 64) test(4455, 64, 64) device=cuda
[ep 001] val_sel AUC=0.5212 acc=0.3291
[ep 002] val_sel AUC=0.5037 acc=0.3237
[ep 003] val_sel AUC=0.5044 acc=0.3473
[ep 004] val_sel AUC=0.5041 acc=0.3237
[ep 005] val_sel AUC=0.5063 acc=0.3473
[ep 006] val_sel AUC=0.5076 acc=0.3291
[ep 007] val_sel AUC=0.5090 acc=0.3237
[ep 008] val_sel AUC=0.5097 acc=0.3446
[ep 009] val_sel AUC=0.5096 acc=0.3473
[ep 010] val_sel AUC=0.5099 acc=0.3291
[ep 011] val_sel AUC=0.5106 acc=0.3237
[ep 012] val_sel AUC=0.5103 acc=0.3473
[ep 013] val_sel AUC=0.5106 acc=0.3237
[ep 014] val_sel AUC=0.5100 acc=0.3291
[ep 015] val_sel AUC=0.5088 acc=0.3473
[ep 016] val_sel AUC=0.5089 acc=0.3538
[ep 017] val_sel AUC=0.5077 acc=0.3574
[ep 018] val_sel AUC=0.5074 acc=0.3300
[ep 019] val_sel AUC=0.5084 acc=0.3208
[ep 020] val_sel AUC=0.5084 acc=0.3513
[ep 021] val_sel AUC=0.5085 acc=0.3156
[ep 022] val_sel AUC=0.5086 acc=0.3443
[ep 023] val_sel AUC=0.5102 acc=0.3477
[ep 024] val_sel AUC=0.5098 acc=0.3320
[ep 025] val_sel AUC=0.5113 acc=0.3432
[ep 026] val_sel AUC=0.5108 acc=0.3412
[ep 027] val_sel AUC=0.5103 acc=0.3437
[ep 028] val_sel AUC=0.5104 acc=0.3383
[ep 029] val_sel AUC=0.5103 acc=0.3421
[ep 030] val_sel AUC=0.5105 acc=0.3401
[ep 031] val_sel AUC=0.5104 acc=0.3419
[ep 032] val_sel AUC=0.5104 acc=0.3412
[ep 033] val_sel AUC=0.5118 acc=0.3187
[ep 034] val_sel AUC=0.5184 acc=0.3371
[ep 035] val_sel AUC=0.5211 acc=0.3434
[ep 036] val_sel AUC=0.5267 acc=0.3724
[ep 037] val_sel AUC=0.5286 acc=0.3450
[ep 038] val_sel AUC=0.5272 acc=0.3495
[ep 039] val_sel AUC=0.5408 acc=0.3614
[ep 040] val_sel AUC=0.5352 acc=0.3551
[ep 041] val_sel AUC=0.5385 acc=0.3515
[ep 042] val_sel AUC=0.5448 acc=0.3531
[ep 043] val_sel AUC=0.5499 acc=0.3630
[ep 044] val_sel AUC=0.5838 acc=0.3607
[ep 045] val_sel AUC=0.6073 acc=0.3717
[ep 046] val_sel AUC=0.6479 acc=0.4076
[ep 047] val_sel AUC=0.6507 acc=0.4568
[ep 048] val_sel AUC=0.6863 acc=0.4548
[ep 049] val_sel AUC=0.6691 acc=0.4680
[ep 050] val_sel AUC=0.6778 acc=0.4864
[ep 051] val_sel AUC=0.7203 acc=0.5356
[ep 052] val_sel AUC=0.7241 acc=0.5358
[ep 053] val_sel AUC=0.7504 acc=0.5437
[ep 054] val_sel AUC=0.7529 acc=0.5594
[ep 055] val_sel AUC=0.7722 acc=0.5793
[ep 056] val_sel AUC=0.7562 acc=0.5686
[ep 057] val_sel AUC=0.8068 acc=0.6453
[ep 058] val_sel AUC=0.7983 acc=0.6348
[ep 059] val_sel AUC=0.7870 acc=0.6263
[ep 060] val_sel AUC=0.7872 acc=0.5888
[ep 061] val_sel AUC=0.7937 acc=0.6222
[ep 062] val_sel AUC=0.8151 acc=0.6213
[ep 063] val_sel AUC=0.8179 acc=0.6359
[ep 064] val_sel AUC=0.8118 acc=0.5636
[ep 065] val_sel AUC=0.8232 acc=0.6703
[ep 066] val_sel AUC=0.8394 acc=0.6290
[ep 067] val_sel AUC=0.8500 acc=0.7001
[ep 068] val_sel AUC=0.8601 acc=0.7322
[ep 069] val_sel AUC=0.8530 acc=0.7102
[ep 070] val_sel AUC=0.8694 acc=0.7275
[ep 071] val_sel AUC=0.8577 acc=0.7268
[ep 072] val_sel AUC=0.8662 acc=0.7340
[ep 073] val_sel AUC=0.8451 acc=0.6783
[ep 074] val_sel AUC=0.8698 acc=0.7250
[ep 075] val_sel AUC=0.8685 acc=0.7464
[ep 076] val_sel AUC=0.8557 acc=0.6599
[ep 077] val_sel AUC=0.8606 acc=0.6848
[ep 078] val_sel AUC=0.8691 acc=0.7327
[ep 079] val_sel AUC=0.8724 acc=0.7504
[ep 080] val_sel AUC=0.8672 acc=0.7208
[ep 081] val_sel AUC=0.8761 acc=0.7533
[ep 082] val_sel AUC=0.8780 acc=0.7639
[ep 083] val_sel AUC=0.8735 acc=0.7621
[ep 084] val_sel AUC=0.8722 acc=0.7576
[ep 085] val_sel AUC=0.8699 acc=0.7605
[ep 086] val_sel AUC=0.8691 acc=0.7623
[ep 087] val_sel AUC=0.8680 acc=0.7571
[ep 088] val_sel AUC=0.8676 acc=0.7627
[ep 089] val_sel AUC=0.8663 acc=0.7578
[ep 090] val_sel AUC=0.8660 acc=0.7574
[ep 091] val_sel AUC=0.8664 acc=0.7607
[ep 092] val_sel AUC=0.8654 acc=0.7582
[ep 093] val_sel AUC=0.8649 acc=0.7565
[ep 094] val_sel AUC=0.8648 acc=0.7558
[ep 095] val_sel AUC=0.8649 acc=0.7560
[ep 096] val_sel AUC=0.8648 acc=0.7553
============================================================
TEST (best val_sel epoch, held-out, evaluated once)
============================================================
[DONE-QPE2] embed=skew48 model_II N=100 seed=47 test_AUC=0.8875 val_sel_AUC=0.8780 per_class=(axion=0.9332 cdm=0.7942 no_sub=0.9352) params=203508 embed_params=49 R_frob_drift=1.388697624206543
