[INFO] QPE2 D=64 P=8 depth=4 | embed=skew48 | data=model_II N/class=100 seed=51 split_seed=0 | params=203508 embed_params=49 lr=0.001 epochs=96 bs=32 | train(300, 64, 64) val_sel(4455, 64, 64) test(4455, 64, 64) device=cuda
[ep 001] val_sel AUC=0.5037 acc=0.3473
[ep 002] val_sel AUC=0.5252 acc=0.3291
[ep 003] val_sel AUC=0.5278 acc=0.3455
[ep 004] val_sel AUC=0.5266 acc=0.3237
[ep 005] val_sel AUC=0.5234 acc=0.3473
[ep 006] val_sel AUC=0.5219 acc=0.3291
[ep 007] val_sel AUC=0.5210 acc=0.3237
[ep 008] val_sel AUC=0.5195 acc=0.3450
[ep 009] val_sel AUC=0.5171 acc=0.3513
[ep 010] val_sel AUC=0.5207 acc=0.3291
[ep 011] val_sel AUC=0.5259 acc=0.3412
[ep 012] val_sel AUC=0.5276 acc=0.3603
[ep 013] val_sel AUC=0.5255 acc=0.3443
[ep 014] val_sel AUC=0.5234 acc=0.3452
[ep 015] val_sel AUC=0.5243 acc=0.3423
[ep 016] val_sel AUC=0.5230 acc=0.3464
[ep 017] val_sel AUC=0.5254 acc=0.3481
[ep 018] val_sel AUC=0.5245 acc=0.3481
[ep 019] val_sel AUC=0.5271 acc=0.3502
[ep 020] val_sel AUC=0.5299 acc=0.3567
[ep 021] val_sel AUC=0.5277 acc=0.3486
[ep 022] val_sel AUC=0.5285 acc=0.3481
[ep 023] val_sel AUC=0.5288 acc=0.3499
[ep 024] val_sel AUC=0.5296 acc=0.3481
[ep 025] val_sel AUC=0.5308 acc=0.3502
[ep 026] val_sel AUC=0.5303 acc=0.3502
[ep 027] val_sel AUC=0.5302 acc=0.3479
[ep 028] val_sel AUC=0.5303 acc=0.3515
[ep 029] val_sel AUC=0.5306 acc=0.3520
[ep 030] val_sel AUC=0.5306 acc=0.3517
[ep 031] val_sel AUC=0.5306 acc=0.3513
[ep 032] val_sel AUC=0.5307 acc=0.3517
[ep 033] val_sel AUC=0.5322 acc=0.3466
[ep 034] val_sel AUC=0.5387 acc=0.3672
[ep 035] val_sel AUC=0.5381 acc=0.3742
[ep 036] val_sel AUC=0.5416 acc=0.3598
[ep 037] val_sel AUC=0.5483 acc=0.3686
[ep 038] val_sel AUC=0.5418 acc=0.3556
[ep 039] val_sel AUC=0.5482 acc=0.3630
[ep 040] val_sel AUC=0.5426 acc=0.3695
[ep 041] val_sel AUC=0.5476 acc=0.3744
[ep 042] val_sel AUC=0.5419 acc=0.3666
[ep 043] val_sel AUC=0.5447 acc=0.3627
[ep 044] val_sel AUC=0.5516 acc=0.3661
[ep 045] val_sel AUC=0.5636 acc=0.3879
[ep 046] val_sel AUC=0.5648 acc=0.3762
[ep 047] val_sel AUC=0.6143 acc=0.4220
[ep 048] val_sel AUC=0.5814 acc=0.3735
[ep 049] val_sel AUC=0.5795 acc=0.3798
[ep 050] val_sel AUC=0.6115 acc=0.4200
[ep 051] val_sel AUC=0.6570 acc=0.4597
[ep 052] val_sel AUC=0.6620 acc=0.4781
[ep 053] val_sel AUC=0.7085 acc=0.5443
[ep 054] val_sel AUC=0.7182 acc=0.5214
[ep 055] val_sel AUC=0.7056 acc=0.5293
[ep 056] val_sel AUC=0.7372 acc=0.5354
[ep 057] val_sel AUC=0.7525 acc=0.5906
[ep 058] val_sel AUC=0.7665 acc=0.5847
[ep 059] val_sel AUC=0.7839 acc=0.6265
[ep 060] val_sel AUC=0.7898 acc=0.6121
[ep 061] val_sel AUC=0.7912 acc=0.6294
[ep 062] val_sel AUC=0.7835 acc=0.5928
[ep 063] val_sel AUC=0.7854 acc=0.5942
[ep 064] val_sel AUC=0.8012 acc=0.6384
[ep 065] val_sel AUC=0.7938 acc=0.6485
[ep 066] val_sel AUC=0.8088 acc=0.6570
[ep 067] val_sel AUC=0.8001 acc=0.6476
[ep 068] val_sel AUC=0.7936 acc=0.5793
[ep 069] val_sel AUC=0.8191 acc=0.6759
[ep 070] val_sel AUC=0.8060 acc=0.6545
[ep 071] val_sel AUC=0.8191 acc=0.6622
[ep 072] val_sel AUC=0.7854 acc=0.6065
[ep 073] val_sel AUC=0.8140 acc=0.6741
[ep 074] val_sel AUC=0.8239 acc=0.6947
[ep 075] val_sel AUC=0.8138 acc=0.6660
[ep 076] val_sel AUC=0.8374 acc=0.7046
[ep 077] val_sel AUC=0.8369 acc=0.6963
[ep 078] val_sel AUC=0.8370 acc=0.6994
[ep 079] val_sel AUC=0.8381 acc=0.6958
[ep 080] val_sel AUC=0.8409 acc=0.7015
[ep 081] val_sel AUC=0.8384 acc=0.6887
[ep 082] val_sel AUC=0.8404 acc=0.7033
[ep 083] val_sel AUC=0.8366 acc=0.6963
[ep 084] val_sel AUC=0.8429 acc=0.7030
[ep 085] val_sel AUC=0.8419 acc=0.7010
[ep 086] val_sel AUC=0.8402 acc=0.6990
[ep 087] val_sel AUC=0.8423 acc=0.7015
[ep 088] val_sel AUC=0.8420 acc=0.7003
[ep 089] val_sel AUC=0.8410 acc=0.6992
[ep 090] val_sel AUC=0.8419 acc=0.7042
[ep 091] val_sel AUC=0.8422 acc=0.7028
[ep 092] val_sel AUC=0.8419 acc=0.7012
[ep 093] val_sel AUC=0.8407 acc=0.6997
[ep 094] val_sel AUC=0.8410 acc=0.7003
[ep 095] val_sel AUC=0.8413 acc=0.7008
[ep 096] val_sel AUC=0.8413 acc=0.7006
============================================================
TEST (best val_sel epoch, held-out, evaluated once)
============================================================
[DONE-QPE2] embed=skew48 model_II N=100 seed=51 test_AUC=0.8505 val_sel_AUC=0.8429 per_class=(axion=0.8831 cdm=0.7150 no_sub=0.9535) params=203508 embed_params=49 R_frob_drift=0.9282636046409607
