[INFO] QPE2 D=64 P=8 depth=4 | embed=skew48 | data=model_III N/class=100 seed=59 split_seed=0 | params=203508 embed_params=49 lr=0.001 epochs=96 bs=32 | train(300, 64, 64) val_sel(4469, 64, 64) test(4470, 64, 64) device=cuda
[ep 001] val_sel AUC=0.4444 acc=0.3433
[ep 002] val_sel AUC=0.4711 acc=0.3285
[ep 003] val_sel AUC=0.4965 acc=0.3433
[ep 004] val_sel AUC=0.5042 acc=0.3285
[ep 005] val_sel AUC=0.5222 acc=0.3283
[ep 006] val_sel AUC=0.5239 acc=0.3433
[ep 007] val_sel AUC=0.5237 acc=0.3285
[ep 008] val_sel AUC=0.5256 acc=0.3381
[ep 009] val_sel AUC=0.5256 acc=0.3283
[ep 010] val_sel AUC=0.5185 acc=0.3285
[ep 011] val_sel AUC=0.5153 acc=0.3433
[ep 012] val_sel AUC=0.5149 acc=0.3283
[ep 013] val_sel AUC=0.5139 acc=0.3372
[ep 014] val_sel AUC=0.5127 acc=0.3459
[ep 015] val_sel AUC=0.5136 acc=0.3533
[ep 016] val_sel AUC=0.5161 acc=0.3368
[ep 017] val_sel AUC=0.5174 acc=0.3497
[ep 018] val_sel AUC=0.5161 acc=0.3453
[ep 019] val_sel AUC=0.5170 acc=0.3379
[ep 020] val_sel AUC=0.5199 acc=0.3477
[ep 021] val_sel AUC=0.5192 acc=0.3497
[ep 022] val_sel AUC=0.5192 acc=0.3468
[ep 023] val_sel AUC=0.5208 acc=0.3466
[ep 024] val_sel AUC=0.5247 acc=0.3500
[ep 025] val_sel AUC=0.5328 acc=0.3616
[ep 026] val_sel AUC=0.5327 acc=0.3531
[ep 027] val_sel AUC=0.5351 acc=0.3574
[ep 028] val_sel AUC=0.5381 acc=0.3591
[ep 029] val_sel AUC=0.5382 acc=0.3576
[ep 030] val_sel AUC=0.5396 acc=0.3580
[ep 031] val_sel AUC=0.5406 acc=0.3607
[ep 032] val_sel AUC=0.5408 acc=0.3607
[ep 033] val_sel AUC=0.5505 acc=0.3632
[ep 034] val_sel AUC=0.5430 acc=0.3643
[ep 035] val_sel AUC=0.5943 acc=0.4140
[ep 036] val_sel AUC=0.6470 acc=0.4377
[ep 037] val_sel AUC=0.6593 acc=0.3782
[ep 038] val_sel AUC=0.6817 acc=0.4565
[ep 039] val_sel AUC=0.6922 acc=0.4473
[ep 040] val_sel AUC=0.6847 acc=0.4930
[ep 041] val_sel AUC=0.8045 acc=0.6265
[ep 042] val_sel AUC=0.7783 acc=0.5847
[ep 043] val_sel AUC=0.7799 acc=0.5847
[ep 044] val_sel AUC=0.8048 acc=0.6194
[ep 045] val_sel AUC=0.8094 acc=0.6160
[ep 046] val_sel AUC=0.8179 acc=0.6147
[ep 047] val_sel AUC=0.7728 acc=0.5939
[ep 048] val_sel AUC=0.8050 acc=0.6080
[ep 049] val_sel AUC=0.8019 acc=0.6294
[ep 050] val_sel AUC=0.8310 acc=0.6632
[ep 051] val_sel AUC=0.8110 acc=0.6066
[ep 052] val_sel AUC=0.8167 acc=0.6397
[ep 053] val_sel AUC=0.8186 acc=0.5751
[ep 054] val_sel AUC=0.8260 acc=0.6102
[ep 055] val_sel AUC=0.8486 acc=0.6621
[ep 056] val_sel AUC=0.8641 acc=0.6749
[ep 057] val_sel AUC=0.8734 acc=0.7337
[ep 058] val_sel AUC=0.8655 acc=0.6585
[ep 059] val_sel AUC=0.8693 acc=0.6764
[ep 060] val_sel AUC=0.8717 acc=0.7485
[ep 061] val_sel AUC=0.8795 acc=0.7386
[ep 062] val_sel AUC=0.8731 acc=0.7384
[ep 063] val_sel AUC=0.8789 acc=0.7301
[ep 064] val_sel AUC=0.8999 acc=0.7485
[ep 065] val_sel AUC=0.8987 acc=0.7424
[ep 066] val_sel AUC=0.8935 acc=0.7720
[ep 067] val_sel AUC=0.8608 acc=0.7087
[ep 068] val_sel AUC=0.9027 acc=0.7865
[ep 069] val_sel AUC=0.9059 acc=0.7823
[ep 070] val_sel AUC=0.9036 acc=0.7642
[ep 071] val_sel AUC=0.8967 acc=0.7668
[ep 072] val_sel AUC=0.9058 acc=0.7774
[ep 073] val_sel AUC=0.9072 acc=0.7957
[ep 074] val_sel AUC=0.8963 acc=0.7548
[ep 075] val_sel AUC=0.8886 acc=0.7744
[ep 076] val_sel AUC=0.9083 acc=0.7903
[ep 077] val_sel AUC=0.9103 acc=0.7915
[ep 078] val_sel AUC=0.9077 acc=0.7653
[ep 079] val_sel AUC=0.9073 acc=0.7883
[ep 080] val_sel AUC=0.9154 acc=0.8138
[ep 081] val_sel AUC=0.9146 acc=0.8087
[ep 082] val_sel AUC=0.9176 acc=0.8156
[ep 083] val_sel AUC=0.9166 acc=0.8096
[ep 084] val_sel AUC=0.9150 acc=0.8105
[ep 085] val_sel AUC=0.9157 acc=0.8098
[ep 086] val_sel AUC=0.9136 acc=0.8040
[ep 087] val_sel AUC=0.9181 acc=0.8183
[ep 088] val_sel AUC=0.9125 acc=0.8024
[ep 089] val_sel AUC=0.9157 acc=0.8123
[ep 090] val_sel AUC=0.9156 acc=0.8141
[ep 091] val_sel AUC=0.9135 acc=0.8087
[ep 092] val_sel AUC=0.9153 acc=0.8143
[ep 093] val_sel AUC=0.9128 acc=0.8071
[ep 094] val_sel AUC=0.9134 acc=0.8089
[ep 095] val_sel AUC=0.9139 acc=0.8111
[ep 096] val_sel AUC=0.9140 acc=0.8120
============================================================
TEST (best val_sel epoch, held-out, evaluated once)
============================================================
[DONE-QPE2] embed=skew48 model_III N=100 seed=59 test_AUC=0.9213 val_sel_AUC=0.9181 per_class=(axion=0.9398 cdm=0.8534 no_sub=0.9708) params=203508 embed_params=49 R_frob_drift=1.7479965686798096
