[INFO] QPE2 D=64 P=8 depth=4 | embed=skew48 | data=model_III N/class=100 seed=57 split_seed=0 | params=203508 embed_params=49 lr=0.001 epochs=96 bs=32 | train(300, 64, 64) val_sel(4469, 64, 64) test(4470, 64, 64) device=cuda
[ep 001] val_sel AUC=0.5109 acc=0.3433
[ep 002] val_sel AUC=0.5125 acc=0.3285
[ep 003] val_sel AUC=0.5146 acc=0.3285
[ep 004] val_sel AUC=0.5189 acc=0.3459
[ep 005] val_sel AUC=0.5241 acc=0.3522
[ep 006] val_sel AUC=0.5258 acc=0.3285
[ep 007] val_sel AUC=0.5308 acc=0.3433
[ep 008] val_sel AUC=0.5357 acc=0.3330
[ep 009] val_sel AUC=0.5373 acc=0.3737
[ep 010] val_sel AUC=0.5386 acc=0.3446
[ep 011] val_sel AUC=0.5394 acc=0.3453
[ep 012] val_sel AUC=0.5416 acc=0.3701
[ep 013] val_sel AUC=0.5456 acc=0.3688
[ep 014] val_sel AUC=0.5441 acc=0.3659
[ep 015] val_sel AUC=0.5666 acc=0.3665
[ep 016] val_sel AUC=0.5727 acc=0.3764
[ep 017] val_sel AUC=0.5729 acc=0.3815
[ep 018] val_sel AUC=0.5757 acc=0.3806
[ep 019] val_sel AUC=0.5795 acc=0.3871
[ep 020] val_sel AUC=0.5821 acc=0.3844
[ep 021] val_sel AUC=0.5803 acc=0.3746
[ep 022] val_sel AUC=0.5971 acc=0.3974
[ep 023] val_sel AUC=0.6025 acc=0.3927
[ep 024] val_sel AUC=0.6208 acc=0.4243
[ep 025] val_sel AUC=0.6290 acc=0.4290
[ep 026] val_sel AUC=0.6396 acc=0.4381
[ep 027] val_sel AUC=0.6453 acc=0.4435
[ep 028] val_sel AUC=0.6546 acc=0.4495
[ep 029] val_sel AUC=0.6624 acc=0.4610
[ep 030] val_sel AUC=0.6657 acc=0.4614
[ep 031] val_sel AUC=0.6665 acc=0.4634
[ep 032] val_sel AUC=0.6671 acc=0.4634
[ep 033] val_sel AUC=0.6571 acc=0.4113
[ep 034] val_sel AUC=0.6584 acc=0.4413
[ep 035] val_sel AUC=0.6639 acc=0.4612
[ep 036] val_sel AUC=0.6942 acc=0.4900
[ep 037] val_sel AUC=0.7172 acc=0.5012
[ep 038] val_sel AUC=0.7083 acc=0.4977
[ep 039] val_sel AUC=0.7371 acc=0.5386
[ep 040] val_sel AUC=0.7585 acc=0.5527
[ep 041] val_sel AUC=0.7731 acc=0.5838
[ep 042] val_sel AUC=0.7461 acc=0.5279
[ep 043] val_sel AUC=0.7081 acc=0.5077
[ep 044] val_sel AUC=0.7981 acc=0.6062
[ep 045] val_sel AUC=0.8189 acc=0.6420
[ep 046] val_sel AUC=0.7432 acc=0.4739
[ep 047] val_sel AUC=0.7426 acc=0.5583
[ep 048] val_sel AUC=0.7985 acc=0.6080
[ep 049] val_sel AUC=0.8188 acc=0.6424
[ep 050] val_sel AUC=0.8025 acc=0.6203
[ep 051] val_sel AUC=0.8107 acc=0.6373
[ep 052] val_sel AUC=0.8104 acc=0.6109
[ep 053] val_sel AUC=0.8076 acc=0.5565
[ep 054] val_sel AUC=0.8217 acc=0.6366
[ep 055] val_sel AUC=0.8313 acc=0.6579
[ep 056] val_sel AUC=0.8244 acc=0.5892
[ep 057] val_sel AUC=0.8182 acc=0.6254
[ep 058] val_sel AUC=0.8401 acc=0.6715
[ep 059] val_sel AUC=0.8512 acc=0.6816
[ep 060] val_sel AUC=0.8540 acc=0.6948
[ep 061] val_sel AUC=0.8424 acc=0.6527
[ep 062] val_sel AUC=0.8492 acc=0.7033
[ep 063] val_sel AUC=0.8188 acc=0.6435
[ep 064] val_sel AUC=0.8574 acc=0.7022
[ep 065] val_sel AUC=0.8531 acc=0.6892
[ep 066] val_sel AUC=0.8673 acc=0.7169
[ep 067] val_sel AUC=0.8458 acc=0.6708
[ep 068] val_sel AUC=0.8585 acc=0.7017
[ep 069] val_sel AUC=0.8520 acc=0.6811
[ep 070] val_sel AUC=0.8761 acc=0.7297
[ep 071] val_sel AUC=0.8653 acc=0.6717
[ep 072] val_sel AUC=0.8650 acc=0.6899
[ep 073] val_sel AUC=0.8553 acc=0.7107
[ep 074] val_sel AUC=0.8748 acc=0.7339
[ep 075] val_sel AUC=0.8741 acc=0.7093
[ep 076] val_sel AUC=0.8673 acc=0.7078
[ep 077] val_sel AUC=0.8813 acc=0.7427
[ep 078] val_sel AUC=0.8811 acc=0.7463
[ep 079] val_sel AUC=0.8756 acc=0.7413
[ep 080] val_sel AUC=0.8575 acc=0.6823
[ep 081] val_sel AUC=0.8631 acc=0.7134
[ep 082] val_sel AUC=0.8818 acc=0.7389
[ep 083] val_sel AUC=0.8674 acc=0.7192
[ep 084] val_sel AUC=0.8805 acc=0.7458
[ep 085] val_sel AUC=0.8844 acc=0.7545
[ep 086] val_sel AUC=0.8817 acc=0.7494
[ep 087] val_sel AUC=0.8814 acc=0.7492
[ep 088] val_sel AUC=0.8796 acc=0.7458
[ep 089] val_sel AUC=0.8818 acc=0.7480
[ep 090] val_sel AUC=0.8814 acc=0.7483
[ep 091] val_sel AUC=0.8806 acc=0.7496
[ep 092] val_sel AUC=0.8799 acc=0.7480
[ep 093] val_sel AUC=0.8805 acc=0.7487
[ep 094] val_sel AUC=0.8804 acc=0.7492
[ep 095] val_sel AUC=0.8805 acc=0.7487
[ep 096] val_sel AUC=0.8805 acc=0.7494
============================================================
TEST (best val_sel epoch, held-out, evaluated once)
============================================================
[DONE-QPE2] embed=skew48 model_III N=100 seed=57 test_AUC=0.8780 val_sel_AUC=0.8844 per_class=(axion=0.9159 cdm=0.7818 no_sub=0.9362) params=203508 embed_params=49 R_frob_drift=1.1974009275436401
