[INFO] QPE2 D=64 P=8 depth=4 | embed=skew48 | data=model_II N/class=250 seed=43 split_seed=0 | params=203508 embed_params=49 lr=0.001 epochs=96 bs=32 | train(750, 64, 64) val_sel(4455, 64, 64) test(4455, 64, 64) device=cuda
[ep 001] val_sel AUC=0.4967 acc=0.3473
[ep 002] val_sel AUC=0.5041 acc=0.3473
[ep 003] val_sel AUC=0.5194 acc=0.3473
[ep 004] val_sel AUC=0.5325 acc=0.3291
[ep 005] val_sel AUC=0.5394 acc=0.3237
[ep 006] val_sel AUC=0.5437 acc=0.3237
[ep 007] val_sel AUC=0.5497 acc=0.3473
[ep 008] val_sel AUC=0.5534 acc=0.3291
[ep 009] val_sel AUC=0.5556 acc=0.3291
[ep 010] val_sel AUC=0.5557 acc=0.3291
[ep 011] val_sel AUC=0.5581 acc=0.3473
[ep 012] val_sel AUC=0.5504 acc=0.3291
[ep 013] val_sel AUC=0.5484 acc=0.3291
[ep 014] val_sel AUC=0.5552 acc=0.3237
[ep 015] val_sel AUC=0.5539 acc=0.3473
[ep 016] val_sel AUC=0.5486 acc=0.3291
[ep 017] val_sel AUC=0.5483 acc=0.3493
[ep 018] val_sel AUC=0.5488 acc=0.3603
[ep 019] val_sel AUC=0.5747 acc=0.3641
[ep 020] val_sel AUC=0.6061 acc=0.4184
[ep 021] val_sel AUC=0.5779 acc=0.4072
[ep 022] val_sel AUC=0.6416 acc=0.4545
[ep 023] val_sel AUC=0.6810 acc=0.4925
[ep 024] val_sel AUC=0.7413 acc=0.5598
[ep 025] val_sel AUC=0.7519 acc=0.5688
[ep 026] val_sel AUC=0.7826 acc=0.6040
[ep 027] val_sel AUC=0.8026 acc=0.6245
[ep 028] val_sel AUC=0.8076 acc=0.6171
[ep 029] val_sel AUC=0.8231 acc=0.6597
[ep 030] val_sel AUC=0.8287 acc=0.6664
[ep 031] val_sel AUC=0.8307 acc=0.6658
[ep 032] val_sel AUC=0.8317 acc=0.6671
[ep 033] val_sel AUC=0.7721 acc=0.5751
[ep 034] val_sel AUC=0.7924 acc=0.6227
[ep 035] val_sel AUC=0.8219 acc=0.6058
[ep 036] val_sel AUC=0.8496 acc=0.7030
[ep 037] val_sel AUC=0.8356 acc=0.6602
[ep 038] val_sel AUC=0.7945 acc=0.6022
[ep 039] val_sel AUC=0.8462 acc=0.6842
[ep 040] val_sel AUC=0.8661 acc=0.6862
[ep 041] val_sel AUC=0.8520 acc=0.6979
[ep 042] val_sel AUC=0.8218 acc=0.5475
[ep 043] val_sel AUC=0.8549 acc=0.7125
[ep 044] val_sel AUC=0.8224 acc=0.6247
[ep 045] val_sel AUC=0.8678 acc=0.7196
[ep 046] val_sel AUC=0.8826 acc=0.7033
[ep 047] val_sel AUC=0.8566 acc=0.6611
[ep 048] val_sel AUC=0.8890 acc=0.7450
[ep 049] val_sel AUC=0.9007 acc=0.7569
[ep 050] val_sel AUC=0.8812 acc=0.7131
[ep 051] val_sel AUC=0.8772 acc=0.7270
[ep 052] val_sel AUC=0.8925 acc=0.7466
[ep 053] val_sel AUC=0.8741 acc=0.7246
[ep 054] val_sel AUC=0.8867 acc=0.7497
[ep 055] val_sel AUC=0.8569 acc=0.7010
[ep 056] val_sel AUC=0.8811 acc=0.7338
[ep 057] val_sel AUC=0.8836 acc=0.7466
[ep 058] val_sel AUC=0.8988 acc=0.7746
[ep 059] val_sel AUC=0.8677 acc=0.7268
[ep 060] val_sel AUC=0.8960 acc=0.7760
[ep 061] val_sel AUC=0.8674 acc=0.7241
[ep 062] val_sel AUC=0.8605 acc=0.7107
[ep 063] val_sel AUC=0.8867 acc=0.7174
[ep 064] val_sel AUC=0.8930 acc=0.7639
[ep 065] val_sel AUC=0.9047 acc=0.7989
[ep 066] val_sel AUC=0.9045 acc=0.7802
[ep 067] val_sel AUC=0.9053 acc=0.7859
[ep 068] val_sel AUC=0.8955 acc=0.7639
[ep 069] val_sel AUC=0.9128 acc=0.7915
[ep 070] val_sel AUC=0.9008 acc=0.7769
[ep 071] val_sel AUC=0.9062 acc=0.8045
[ep 072] val_sel AUC=0.9099 acc=0.8079
[ep 073] val_sel AUC=0.9122 acc=0.8043
[ep 074] val_sel AUC=0.9097 acc=0.8013
[ep 075] val_sel AUC=0.9021 acc=0.7746
[ep 076] val_sel AUC=0.9111 acc=0.8081
[ep 077] val_sel AUC=0.9073 acc=0.7919
[ep 078] val_sel AUC=0.9107 acc=0.8040
[ep 079] val_sel AUC=0.9119 acc=0.8025
[ep 080] val_sel AUC=0.9069 acc=0.7899
[ep 081] val_sel AUC=0.9149 acc=0.8126
[ep 082] val_sel AUC=0.9146 acc=0.8007
[ep 083] val_sel AUC=0.9151 acc=0.8141
[ep 084] val_sel AUC=0.9112 acc=0.8022
[ep 085] val_sel AUC=0.9153 acc=0.8159
[ep 086] val_sel AUC=0.9143 acc=0.8141
[ep 087] val_sel AUC=0.9158 acc=0.8148
[ep 088] val_sel AUC=0.9158 acc=0.8159
[ep 089] val_sel AUC=0.9152 acc=0.8153
[ep 090] val_sel AUC=0.9156 acc=0.8150
[ep 091] val_sel AUC=0.9140 acc=0.8157
[ep 092] val_sel AUC=0.9150 acc=0.8155
[ep 093] val_sel AUC=0.9148 acc=0.8177
[ep 094] val_sel AUC=0.9150 acc=0.8175
[ep 095] val_sel AUC=0.9149 acc=0.8171
[ep 096] val_sel AUC=0.9149 acc=0.8175
============================================================
TEST (best val_sel epoch, held-out, evaluated once)
============================================================
[DONE-QPE2] embed=skew48 model_II N=250 seed=43 test_AUC=0.9195 val_sel_AUC=0.9158 per_class=(axion=0.9307 cdm=0.8530 no_sub=0.9747) params=203508 embed_params=49 R_frob_drift=1.1186970472335815
