[INFO] QPE2 D=64 P=8 depth=4 | embed=skew48 | data=model_II N/class=250 seed=50 split_seed=0 | params=203508 embed_params=49 lr=0.001 epochs=96 bs=32 | train(750, 64, 64) val_sel(4455, 64, 64) test(4455, 64, 64) device=cuda
[ep 001] val_sel AUC=0.5704 acc=0.3473
[ep 002] val_sel AUC=0.5785 acc=0.3291
[ep 003] val_sel AUC=0.5768 acc=0.3237
[ep 004] val_sel AUC=0.5763 acc=0.3291
[ep 005] val_sel AUC=0.5733 acc=0.3473
[ep 006] val_sel AUC=0.5698 acc=0.3473
[ep 007] val_sel AUC=0.5606 acc=0.3237
[ep 008] val_sel AUC=0.5532 acc=0.3237
[ep 009] val_sel AUC=0.5447 acc=0.3291
[ep 010] val_sel AUC=0.5443 acc=0.3237
[ep 011] val_sel AUC=0.5360 acc=0.3291
[ep 012] val_sel AUC=0.5372 acc=0.3363
[ep 013] val_sel AUC=0.5361 acc=0.3473
[ep 014] val_sel AUC=0.5300 acc=0.3558
[ep 015] val_sel AUC=0.5319 acc=0.3587
[ep 016] val_sel AUC=0.5298 acc=0.3558
[ep 017] val_sel AUC=0.5221 acc=0.3401
[ep 018] val_sel AUC=0.5224 acc=0.3403
[ep 019] val_sel AUC=0.5244 acc=0.3623
[ep 020] val_sel AUC=0.5204 acc=0.3441
[ep 021] val_sel AUC=0.5189 acc=0.3455
[ep 022] val_sel AUC=0.5177 acc=0.3549
[ep 023] val_sel AUC=0.5170 acc=0.3412
[ep 024] val_sel AUC=0.5184 acc=0.3488
[ep 025] val_sel AUC=0.5176 acc=0.3524
[ep 026] val_sel AUC=0.5185 acc=0.3508
[ep 027] val_sel AUC=0.5176 acc=0.3481
[ep 028] val_sel AUC=0.5176 acc=0.3589
[ep 029] val_sel AUC=0.5194 acc=0.3529
[ep 030] val_sel AUC=0.5195 acc=0.3511
[ep 031] val_sel AUC=0.5194 acc=0.3524
[ep 032] val_sel AUC=0.5194 acc=0.3531
[ep 033] val_sel AUC=0.5346 acc=0.3488
[ep 034] val_sel AUC=0.5327 acc=0.3515
[ep 035] val_sel AUC=0.5261 acc=0.3473
[ep 036] val_sel AUC=0.5285 acc=0.3558
[ep 037] val_sel AUC=0.5313 acc=0.3336
[ep 038] val_sel AUC=0.5517 acc=0.3836
[ep 039] val_sel AUC=0.5679 acc=0.3715
[ep 040] val_sel AUC=0.5818 acc=0.3755
[ep 041] val_sel AUC=0.6019 acc=0.4155
[ep 042] val_sel AUC=0.6309 acc=0.4105
[ep 043] val_sel AUC=0.6562 acc=0.4680
[ep 044] val_sel AUC=0.6903 acc=0.4671
[ep 045] val_sel AUC=0.6999 acc=0.5262
[ep 046] val_sel AUC=0.6080 acc=0.3787
[ep 047] val_sel AUC=0.6413 acc=0.4337
[ep 048] val_sel AUC=0.7735 acc=0.5742
[ep 049] val_sel AUC=0.7656 acc=0.5421
[ep 050] val_sel AUC=0.7654 acc=0.5616
[ep 051] val_sel AUC=0.8258 acc=0.6189
[ep 052] val_sel AUC=0.8350 acc=0.6833
[ep 053] val_sel AUC=0.8519 acc=0.6882
[ep 054] val_sel AUC=0.8410 acc=0.6435
[ep 055] val_sel AUC=0.8043 acc=0.6114
[ep 056] val_sel AUC=0.8644 acc=0.7134
[ep 057] val_sel AUC=0.8576 acc=0.7033
[ep 058] val_sel AUC=0.8589 acc=0.6902
[ep 059] val_sel AUC=0.8468 acc=0.6498
[ep 060] val_sel AUC=0.8738 acc=0.7053
[ep 061] val_sel AUC=0.9072 acc=0.7841
[ep 062] val_sel AUC=0.9007 acc=0.7832
[ep 063] val_sel AUC=0.9099 acc=0.7861
[ep 064] val_sel AUC=0.8713 acc=0.6945
[ep 065] val_sel AUC=0.9010 acc=0.7636
[ep 066] val_sel AUC=0.8959 acc=0.7490
[ep 067] val_sel AUC=0.8604 acc=0.6489
[ep 068] val_sel AUC=0.9155 acc=0.8121
[ep 069] val_sel AUC=0.9132 acc=0.7888
[ep 070] val_sel AUC=0.9103 acc=0.7957
[ep 071] val_sel AUC=0.9157 acc=0.8045
[ep 072] val_sel AUC=0.9094 acc=0.7987
[ep 073] val_sel AUC=0.9102 acc=0.7993
[ep 074] val_sel AUC=0.9027 acc=0.7816
[ep 075] val_sel AUC=0.9086 acc=0.7870
[ep 076] val_sel AUC=0.9148 acc=0.8097
[ep 077] val_sel AUC=0.9160 acc=0.8081
[ep 078] val_sel AUC=0.9133 acc=0.8047
[ep 079] val_sel AUC=0.9180 acc=0.8101
[ep 080] val_sel AUC=0.9037 acc=0.7888
[ep 081] val_sel AUC=0.9068 acc=0.7724
[ep 082] val_sel AUC=0.9086 acc=0.7939
[ep 083] val_sel AUC=0.9146 acc=0.8052
[ep 084] val_sel AUC=0.9122 acc=0.8031
[ep 085] val_sel AUC=0.9142 acc=0.8083
[ep 086] val_sel AUC=0.9109 acc=0.8040
[ep 087] val_sel AUC=0.9139 acc=0.8045
[ep 088] val_sel AUC=0.9135 acc=0.8011
[ep 089] val_sel AUC=0.9134 acc=0.8058
[ep 090] val_sel AUC=0.9135 acc=0.8038
[ep 091] val_sel AUC=0.9137 acc=0.8049
[ep 092] val_sel AUC=0.9133 acc=0.8065
[ep 093] val_sel AUC=0.9133 acc=0.8049
[ep 094] val_sel AUC=0.9132 acc=0.8052
[ep 095] val_sel AUC=0.9131 acc=0.8047
[ep 096] val_sel AUC=0.9131 acc=0.8047
============================================================
TEST (best val_sel epoch, held-out, evaluated once)
============================================================
[DONE-QPE2] embed=skew48 model_II N=250 seed=50 test_AUC=0.9221 val_sel_AUC=0.9180 per_class=(axion=0.9290 cdm=0.8582 no_sub=0.9792) params=203508 embed_params=49 R_frob_drift=1.2078438997268677
