[INFO] QPE2 D=64 P=8 depth=4 | embed=skew48 | data=model_III N/class=250 seed=46 split_seed=0 | params=203508 embed_params=49 lr=0.001 epochs=96 bs=32 | train(750, 64, 64) val_sel(4469, 64, 64) test(4470, 64, 64) device=cuda
[ep 001] val_sel AUC=0.5113 acc=0.3285
[ep 002] val_sel AUC=0.5443 acc=0.3433
[ep 003] val_sel AUC=0.5702 acc=0.3433
[ep 004] val_sel AUC=0.5955 acc=0.3283
[ep 005] val_sel AUC=0.6146 acc=0.3285
[ep 006] val_sel AUC=0.5779 acc=0.3363
[ep 007] val_sel AUC=0.5882 acc=0.3703
[ep 008] val_sel AUC=0.6138 acc=0.4122
[ep 009] val_sel AUC=0.6391 acc=0.4173
[ep 010] val_sel AUC=0.7156 acc=0.5214
[ep 011] val_sel AUC=0.7863 acc=0.5869
[ep 012] val_sel AUC=0.7609 acc=0.5232
[ep 013] val_sel AUC=0.7857 acc=0.5355
[ep 014] val_sel AUC=0.8160 acc=0.6341
[ep 015] val_sel AUC=0.8333 acc=0.6306
[ep 016] val_sel AUC=0.8690 acc=0.7116
[ep 017] val_sel AUC=0.8489 acc=0.6729
[ep 018] val_sel AUC=0.8434 acc=0.6648
[ep 019] val_sel AUC=0.8669 acc=0.6849
[ep 020] val_sel AUC=0.8711 acc=0.7357
[ep 021] val_sel AUC=0.8940 acc=0.7686
[ep 022] val_sel AUC=0.9034 acc=0.7722
[ep 023] val_sel AUC=0.9053 acc=0.7809
[ep 024] val_sel AUC=0.9128 acc=0.8040
[ep 025] val_sel AUC=0.9165 acc=0.8029
[ep 026] val_sel AUC=0.9144 acc=0.7910
[ep 027] val_sel AUC=0.9162 acc=0.8076
[ep 028] val_sel AUC=0.9150 acc=0.8038
[ep 029] val_sel AUC=0.9207 acc=0.8199
[ep 030] val_sel AUC=0.9198 acc=0.8165
[ep 031] val_sel AUC=0.9206 acc=0.8181
[ep 032] val_sel AUC=0.9206 acc=0.8188
[ep 033] val_sel AUC=0.8317 acc=0.5921
[ep 034] val_sel AUC=0.8589 acc=0.6657
[ep 035] val_sel AUC=0.8788 acc=0.7297
[ep 036] val_sel AUC=0.8983 acc=0.7673
[ep 037] val_sel AUC=0.8466 acc=0.6791
[ep 038] val_sel AUC=0.9093 acc=0.7803
[ep 039] val_sel AUC=0.8598 acc=0.6570
[ep 040] val_sel AUC=0.8949 acc=0.7429
[ep 041] val_sel AUC=0.9201 acc=0.8100
[ep 042] val_sel AUC=0.8893 acc=0.7058
[ep 043] val_sel AUC=0.9088 acc=0.7798
[ep 044] val_sel AUC=0.9183 acc=0.7997
[ep 045] val_sel AUC=0.9154 acc=0.7850
[ep 046] val_sel AUC=0.9093 acc=0.7718
[ep 047] val_sel AUC=0.9105 acc=0.7543
[ep 048] val_sel AUC=0.9190 acc=0.8129
[ep 049] val_sel AUC=0.9272 acc=0.7997
[ep 050] val_sel AUC=0.8992 acc=0.7612
[ep 051] val_sel AUC=0.9221 acc=0.8038
[ep 052] val_sel AUC=0.9258 acc=0.8069
[ep 053] val_sel AUC=0.8490 acc=0.6485
[ep 054] val_sel AUC=0.9013 acc=0.7579
[ep 055] val_sel AUC=0.9242 acc=0.7856
[ep 056] val_sel AUC=0.9157 acc=0.7937
[ep 057] val_sel AUC=0.9125 acc=0.7863
[ep 058] val_sel AUC=0.9156 acc=0.8051
[ep 059] val_sel AUC=0.9308 acc=0.8342
[ep 060] val_sel AUC=0.9219 acc=0.8199
[ep 061] val_sel AUC=0.9248 acc=0.7892
[ep 062] val_sel AUC=0.9336 acc=0.8284
[ep 063] val_sel AUC=0.9363 acc=0.8315
[ep 064] val_sel AUC=0.9324 acc=0.8192
[ep 065] val_sel AUC=0.9353 acc=0.8320
[ep 066] val_sel AUC=0.9338 acc=0.8293
[ep 067] val_sel AUC=0.9221 acc=0.8040
[ep 068] val_sel AUC=0.9410 acc=0.8407
[ep 069] val_sel AUC=0.9418 acc=0.8342
[ep 070] val_sel AUC=0.9305 acc=0.7997
[ep 071] val_sel AUC=0.9390 acc=0.8463
[ep 072] val_sel AUC=0.9254 acc=0.8226
[ep 073] val_sel AUC=0.9473 acc=0.8648
[ep 074] val_sel AUC=0.9376 acc=0.8302
[ep 075] val_sel AUC=0.9402 acc=0.8382
[ep 076] val_sel AUC=0.9361 acc=0.8328
[ep 077] val_sel AUC=0.9436 acc=0.8566
[ep 078] val_sel AUC=0.9436 acc=0.8418
[ep 079] val_sel AUC=0.9396 acc=0.8335
[ep 080] val_sel AUC=0.9424 acc=0.8485
[ep 081] val_sel AUC=0.9443 acc=0.8584
[ep 082] val_sel AUC=0.9474 acc=0.8644
[ep 083] val_sel AUC=0.9450 acc=0.8593
[ep 084] val_sel AUC=0.9372 acc=0.8476
[ep 085] val_sel AUC=0.9453 acc=0.8624
[ep 086] val_sel AUC=0.9415 acc=0.8563
[ep 087] val_sel AUC=0.9441 acc=0.8597
[ep 088] val_sel AUC=0.9413 acc=0.8557
[ep 089] val_sel AUC=0.9420 acc=0.8572
[ep 090] val_sel AUC=0.9420 acc=0.8566
[ep 091] val_sel AUC=0.9424 acc=0.8568
[ep 092] val_sel AUC=0.9407 acc=0.8563
[ep 093] val_sel AUC=0.9413 acc=0.8563
[ep 094] val_sel AUC=0.9417 acc=0.8570
[ep 095] val_sel AUC=0.9414 acc=0.8563
[ep 096] val_sel AUC=0.9413 acc=0.8566
============================================================
TEST (best val_sel epoch, held-out, evaluated once)
============================================================
[DONE-QPE2] embed=skew48 model_III N=250 seed=46 test_AUC=0.9450 val_sel_AUC=0.9474 per_class=(axion=0.9521 cdm=0.9011 no_sub=0.9818) params=203508 embed_params=49 R_frob_drift=1.4420338869094849
