[INFO] QPE2 D=64 P=8 depth=4 | embed=skew48 | data=model_III N/class=100 seed=48 split_seed=0 | params=203508 embed_params=49 lr=0.001 epochs=96 bs=32 | train(300, 64, 64) val_sel(4469, 64, 64) test(4470, 64, 64) device=cuda
[ep 001] val_sel AUC=0.5824 acc=0.3283
[ep 002] val_sel AUC=0.5911 acc=0.3285
[ep 003] val_sel AUC=0.6008 acc=0.3283
[ep 004] val_sel AUC=0.6095 acc=0.3283
[ep 005] val_sel AUC=0.6135 acc=0.3285
[ep 006] val_sel AUC=0.6234 acc=0.3433
[ep 007] val_sel AUC=0.6236 acc=0.3285
[ep 008] val_sel AUC=0.6234 acc=0.3285
[ep 009] val_sel AUC=0.6268 acc=0.3433
[ep 010] val_sel AUC=0.6212 acc=0.3285
[ep 011] val_sel AUC=0.6229 acc=0.3283
[ep 012] val_sel AUC=0.6146 acc=0.3433
[ep 013] val_sel AUC=0.6140 acc=0.3285
[ep 014] val_sel AUC=0.6162 acc=0.3283
[ep 015] val_sel AUC=0.6044 acc=0.3433
[ep 016] val_sel AUC=0.6008 acc=0.3285
[ep 017] val_sel AUC=0.5981 acc=0.3283
[ep 018] val_sel AUC=0.5877 acc=0.3433
[ep 019] val_sel AUC=0.5818 acc=0.3301
[ep 020] val_sel AUC=0.5750 acc=0.3285
[ep 021] val_sel AUC=0.5650 acc=0.3625
[ep 022] val_sel AUC=0.5657 acc=0.3701
[ep 023] val_sel AUC=0.5682 acc=0.3864
[ep 024] val_sel AUC=0.5687 acc=0.3755
[ep 025] val_sel AUC=0.5686 acc=0.3943
[ep 026] val_sel AUC=0.5690 acc=0.3598
[ep 027] val_sel AUC=0.5692 acc=0.3533
[ep 028] val_sel AUC=0.5691 acc=0.3732
[ep 029] val_sel AUC=0.5692 acc=0.3708
[ep 030] val_sel AUC=0.5695 acc=0.3679
[ep 031] val_sel AUC=0.5697 acc=0.3650
[ep 032] val_sel AUC=0.5697 acc=0.3643
[ep 033] val_sel AUC=0.5998 acc=0.3840
[ep 034] val_sel AUC=0.5778 acc=0.3513
[ep 035] val_sel AUC=0.5809 acc=0.3598
[ep 036] val_sel AUC=0.5936 acc=0.3612
[ep 037] val_sel AUC=0.6335 acc=0.4222
[ep 038] val_sel AUC=0.6800 acc=0.4480
[ep 039] val_sel AUC=0.6413 acc=0.4026
[ep 040] val_sel AUC=0.6896 acc=0.4979
[ep 041] val_sel AUC=0.7138 acc=0.5142
[ep 042] val_sel AUC=0.7474 acc=0.5616
[ep 043] val_sel AUC=0.7424 acc=0.5713
[ep 044] val_sel AUC=0.7362 acc=0.5162
[ep 045] val_sel AUC=0.7745 acc=0.5968
[ep 046] val_sel AUC=0.7799 acc=0.5634
[ep 047] val_sel AUC=0.7784 acc=0.5789
[ep 048] val_sel AUC=0.7743 acc=0.5865
[ep 049] val_sel AUC=0.7917 acc=0.5760
[ep 050] val_sel AUC=0.7817 acc=0.5894
[ep 051] val_sel AUC=0.7785 acc=0.5804
[ep 052] val_sel AUC=0.7937 acc=0.6122
[ep 053] val_sel AUC=0.8093 acc=0.6021
[ep 054] val_sel AUC=0.8085 acc=0.6319
[ep 055] val_sel AUC=0.7989 acc=0.6053
[ep 056] val_sel AUC=0.8097 acc=0.6265
[ep 057] val_sel AUC=0.8204 acc=0.6469
[ep 058] val_sel AUC=0.7967 acc=0.6104
[ep 059] val_sel AUC=0.7854 acc=0.5816
[ep 060] val_sel AUC=0.8159 acc=0.6413
[ep 061] val_sel AUC=0.8247 acc=0.6543
[ep 062] val_sel AUC=0.8252 acc=0.6574
[ep 063] val_sel AUC=0.8309 acc=0.6581
[ep 064] val_sel AUC=0.8413 acc=0.6751
[ep 065] val_sel AUC=0.8227 acc=0.6520
[ep 066] val_sel AUC=0.8307 acc=0.6746
[ep 067] val_sel AUC=0.8424 acc=0.6896
[ep 068] val_sel AUC=0.8408 acc=0.6845
[ep 069] val_sel AUC=0.8414 acc=0.6961
[ep 070] val_sel AUC=0.8383 acc=0.6773
[ep 071] val_sel AUC=0.8356 acc=0.6614
[ep 072] val_sel AUC=0.8437 acc=0.6903
[ep 073] val_sel AUC=0.8446 acc=0.7037
[ep 074] val_sel AUC=0.8448 acc=0.6843
[ep 075] val_sel AUC=0.8458 acc=0.6659
[ep 076] val_sel AUC=0.8503 acc=0.7131
[ep 077] val_sel AUC=0.8416 acc=0.7002
[ep 078] val_sel AUC=0.8431 acc=0.7066
[ep 079] val_sel AUC=0.8479 acc=0.7102
[ep 080] val_sel AUC=0.8423 acc=0.6997
[ep 081] val_sel AUC=0.8457 acc=0.7127
[ep 082] val_sel AUC=0.8451 acc=0.6787
[ep 083] val_sel AUC=0.8326 acc=0.6941
[ep 084] val_sel AUC=0.8441 acc=0.6914
[ep 085] val_sel AUC=0.8410 acc=0.7042
[ep 086] val_sel AUC=0.8446 acc=0.7015
[ep 087] val_sel AUC=0.8438 acc=0.7082
[ep 088] val_sel AUC=0.8454 acc=0.7062
[ep 089] val_sel AUC=0.8446 acc=0.7084
[ep 090] val_sel AUC=0.8439 acc=0.7096
[ep 091] val_sel AUC=0.8444 acc=0.7075
[ep 092] val_sel AUC=0.8436 acc=0.7091
[ep 093] val_sel AUC=0.8440 acc=0.7093
[ep 094] val_sel AUC=0.8441 acc=0.7084
[ep 095] val_sel AUC=0.8440 acc=0.7084
[ep 096] val_sel AUC=0.8440 acc=0.7082
============================================================
TEST (best val_sel epoch, held-out, evaluated once)
============================================================
[DONE-QPE2] embed=skew48 model_III N=100 seed=48 test_AUC=0.8479 val_sel_AUC=0.8503 per_class=(axion=0.9006 cdm=0.7415 no_sub=0.9016) params=203508 embed_params=49 R_frob_drift=1.5684945583343506
