[INFO] QPE2 D=64 P=8 depth=4 | embed=skew48 | data=model_II N/class=100 seed=42 split_seed=0 | params=203508 embed_params=49 lr=0.001 epochs=96 bs=32 | train(300, 64, 64) val_sel(4455, 64, 64) test(4455, 64, 64) device=cuda
[ep 001] val_sel AUC=0.5611 acc=0.3291
[ep 002] val_sel AUC=0.5535 acc=0.3473
[ep 003] val_sel AUC=0.5505 acc=0.3237
[ep 004] val_sel AUC=0.5466 acc=0.3473
[ep 005] val_sel AUC=0.5461 acc=0.3291
[ep 006] val_sel AUC=0.5433 acc=0.3237
[ep 007] val_sel AUC=0.5385 acc=0.3318
[ep 008] val_sel AUC=0.5337 acc=0.3473
[ep 009] val_sel AUC=0.5341 acc=0.3291
[ep 010] val_sel AUC=0.5308 acc=0.3237
[ep 011] val_sel AUC=0.5204 acc=0.3291
[ep 012] val_sel AUC=0.5073 acc=0.3360
[ep 013] val_sel AUC=0.5000 acc=0.3473
[ep 014] val_sel AUC=0.5202 acc=0.3481
[ep 015] val_sel AUC=0.5098 acc=0.3329
[ep 016] val_sel AUC=0.4966 acc=0.3311
[ep 017] val_sel AUC=0.5106 acc=0.3329
[ep 018] val_sel AUC=0.5082 acc=0.3259
[ep 019] val_sel AUC=0.5090 acc=0.3394
[ep 020] val_sel AUC=0.5134 acc=0.3342
[ep 021] val_sel AUC=0.5171 acc=0.3490
[ep 022] val_sel AUC=0.5268 acc=0.3486
[ep 023] val_sel AUC=0.5240 acc=0.3473
[ep 024] val_sel AUC=0.5281 acc=0.3623
[ep 025] val_sel AUC=0.5288 acc=0.3538
[ep 026] val_sel AUC=0.5285 acc=0.3515
[ep 027] val_sel AUC=0.5314 acc=0.3621
[ep 028] val_sel AUC=0.5330 acc=0.3686
[ep 029] val_sel AUC=0.5331 acc=0.3580
[ep 030] val_sel AUC=0.5332 acc=0.3585
[ep 031] val_sel AUC=0.5336 acc=0.3582
[ep 032] val_sel AUC=0.5338 acc=0.3585
[ep 033] val_sel AUC=0.5591 acc=0.3829
[ep 034] val_sel AUC=0.5549 acc=0.3643
[ep 035] val_sel AUC=0.5700 acc=0.4074
[ep 036] val_sel AUC=0.5728 acc=0.3443
[ep 037] val_sel AUC=0.5564 acc=0.3836
[ep 038] val_sel AUC=0.5752 acc=0.3407
[ep 039] val_sel AUC=0.5625 acc=0.3416
[ep 040] val_sel AUC=0.5655 acc=0.3331
[ep 041] val_sel AUC=0.5819 acc=0.4193
[ep 042] val_sel AUC=0.5967 acc=0.4220
[ep 043] val_sel AUC=0.6234 acc=0.4231
[ep 044] val_sel AUC=0.6513 acc=0.4633
[ep 045] val_sel AUC=0.6742 acc=0.4891
[ep 046] val_sel AUC=0.6547 acc=0.4552
[ep 047] val_sel AUC=0.6704 acc=0.4761
[ep 048] val_sel AUC=0.6740 acc=0.4707
[ep 049] val_sel AUC=0.7103 acc=0.5109
[ep 050] val_sel AUC=0.7229 acc=0.5136
[ep 051] val_sel AUC=0.6827 acc=0.4801
[ep 052] val_sel AUC=0.7010 acc=0.4566
[ep 053] val_sel AUC=0.7060 acc=0.5190
[ep 054] val_sel AUC=0.7162 acc=0.5102
[ep 055] val_sel AUC=0.7243 acc=0.5118
[ep 056] val_sel AUC=0.7416 acc=0.5378
[ep 057] val_sel AUC=0.7216 acc=0.4763
[ep 058] val_sel AUC=0.7551 acc=0.5398
[ep 059] val_sel AUC=0.7228 acc=0.4990
[ep 060] val_sel AUC=0.7617 acc=0.5461
[ep 061] val_sel AUC=0.7463 acc=0.5293
[ep 062] val_sel AUC=0.7549 acc=0.5421
[ep 063] val_sel AUC=0.7658 acc=0.5589
[ep 064] val_sel AUC=0.7635 acc=0.5818
[ep 065] val_sel AUC=0.7788 acc=0.5917
[ep 066] val_sel AUC=0.7870 acc=0.5827
[ep 067] val_sel AUC=0.7857 acc=0.5996
[ep 068] val_sel AUC=0.7866 acc=0.5751
[ep 069] val_sel AUC=0.7939 acc=0.6065
[ep 070] val_sel AUC=0.7717 acc=0.5827
[ep 071] val_sel AUC=0.7837 acc=0.5874
[ep 072] val_sel AUC=0.7901 acc=0.5816
[ep 073] val_sel AUC=0.7971 acc=0.6180
[ep 074] val_sel AUC=0.7979 acc=0.6209
[ep 075] val_sel AUC=0.7972 acc=0.6144
[ep 076] val_sel AUC=0.7983 acc=0.6076
[ep 077] val_sel AUC=0.8039 acc=0.6175
[ep 078] val_sel AUC=0.7990 acc=0.6294
[ep 079] val_sel AUC=0.8021 acc=0.6285
[ep 080] val_sel AUC=0.7941 acc=0.6141
[ep 081] val_sel AUC=0.7999 acc=0.6281
[ep 082] val_sel AUC=0.8022 acc=0.6334
[ep 083] val_sel AUC=0.8004 acc=0.6350
[ep 084] val_sel AUC=0.8025 acc=0.6433
[ep 085] val_sel AUC=0.7997 acc=0.6384
[ep 086] val_sel AUC=0.8039 acc=0.6485
[ep 087] val_sel AUC=0.8000 acc=0.6433
[ep 088] val_sel AUC=0.8034 acc=0.6476
[ep 089] val_sel AUC=0.8031 acc=0.6465
[ep 090] val_sel AUC=0.8040 acc=0.6498
[ep 091] val_sel AUC=0.8033 acc=0.6480
[ep 092] val_sel AUC=0.8027 acc=0.6483
[ep 093] val_sel AUC=0.8034 acc=0.6507
[ep 094] val_sel AUC=0.8037 acc=0.6496
[ep 095] val_sel AUC=0.8036 acc=0.6501
[ep 096] val_sel AUC=0.8037 acc=0.6501
============================================================
TEST (best val_sel epoch, held-out, evaluated once)
============================================================
[DONE-QPE2] embed=skew48 model_II N=100 seed=42 test_AUC=0.7996 val_sel_AUC=0.8040 per_class=(axion=0.8591 cdm=0.6711 no_sub=0.8685) params=203508 embed_params=49 R_frob_drift=1.057379961013794
