[INFO] QPE2 D=64 P=8 depth=4 | embed=skew48 | data=model_III N/class=100 seed=45 split_seed=0 | params=203508 embed_params=49 lr=0.001 epochs=96 bs=32 | train(300, 64, 64) val_sel(4469, 64, 64) test(4470, 64, 64) device=cuda
[ep 001] val_sel AUC=0.4539 acc=0.3433
[ep 002] val_sel AUC=0.4935 acc=0.3285
[ep 003] val_sel AUC=0.4983 acc=0.3433
[ep 004] val_sel AUC=0.5169 acc=0.3285
[ep 005] val_sel AUC=0.5267 acc=0.3285
[ep 006] val_sel AUC=0.5422 acc=0.3433
[ep 007] val_sel AUC=0.5602 acc=0.3433
[ep 008] val_sel AUC=0.5601 acc=0.3285
[ep 009] val_sel AUC=0.5667 acc=0.3433
[ep 010] val_sel AUC=0.5687 acc=0.3285
[ep 011] val_sel AUC=0.5649 acc=0.3285
[ep 012] val_sel AUC=0.5687 acc=0.3433
[ep 013] val_sel AUC=0.5663 acc=0.3283
[ep 014] val_sel AUC=0.5583 acc=0.3433
[ep 015] val_sel AUC=0.5569 acc=0.3283
[ep 016] val_sel AUC=0.5494 acc=0.3285
[ep 017] val_sel AUC=0.5507 acc=0.3312
[ep 018] val_sel AUC=0.5383 acc=0.3336
[ep 019] val_sel AUC=0.5400 acc=0.3417
[ep 020] val_sel AUC=0.5441 acc=0.3587
[ep 021] val_sel AUC=0.5492 acc=0.3502
[ep 022] val_sel AUC=0.5478 acc=0.3616
[ep 023] val_sel AUC=0.5500 acc=0.3594
[ep 024] val_sel AUC=0.5478 acc=0.3607
[ep 025] val_sel AUC=0.5476 acc=0.3665
[ep 026] val_sel AUC=0.5475 acc=0.3676
[ep 027] val_sel AUC=0.5461 acc=0.3587
[ep 028] val_sel AUC=0.5458 acc=0.3616
[ep 029] val_sel AUC=0.5461 acc=0.3614
[ep 030] val_sel AUC=0.5462 acc=0.3609
[ep 031] val_sel AUC=0.5464 acc=0.3603
[ep 032] val_sel AUC=0.5464 acc=0.3607
[ep 033] val_sel AUC=0.5512 acc=0.3457
[ep 034] val_sel AUC=0.5436 acc=0.3585
[ep 035] val_sel AUC=0.5621 acc=0.3811
[ep 036] val_sel AUC=0.5394 acc=0.3603
[ep 037] val_sel AUC=0.5440 acc=0.3703
[ep 038] val_sel AUC=0.5650 acc=0.3829
[ep 039] val_sel AUC=0.5762 acc=0.3468
[ep 040] val_sel AUC=0.6032 acc=0.3542
[ep 041] val_sel AUC=0.5975 acc=0.4348
[ep 042] val_sel AUC=0.5617 acc=0.3598
[ep 043] val_sel AUC=0.5752 acc=0.3428
[ep 044] val_sel AUC=0.5745 acc=0.3737
[ep 045] val_sel AUC=0.5785 acc=0.3983
[ep 046] val_sel AUC=0.5680 acc=0.3893
[ep 047] val_sel AUC=0.5903 acc=0.4043
[ep 048] val_sel AUC=0.6032 acc=0.4010
[ep 049] val_sel AUC=0.6099 acc=0.4171
[ep 050] val_sel AUC=0.6251 acc=0.4046
[ep 051] val_sel AUC=0.6320 acc=0.4460
[ep 052] val_sel AUC=0.6453 acc=0.4184
[ep 053] val_sel AUC=0.6408 acc=0.4115
[ep 054] val_sel AUC=0.6464 acc=0.4549
[ep 055] val_sel AUC=0.6652 acc=0.4782
[ep 056] val_sel AUC=0.6888 acc=0.5006
[ep 057] val_sel AUC=0.7107 acc=0.5343
[ep 058] val_sel AUC=0.6930 acc=0.5104
[ep 059] val_sel AUC=0.6817 acc=0.4813
[ep 060] val_sel AUC=0.7170 acc=0.5241
[ep 061] val_sel AUC=0.7353 acc=0.5572
[ep 062] val_sel AUC=0.7351 acc=0.4968
[ep 063] val_sel AUC=0.7584 acc=0.5722
[ep 064] val_sel AUC=0.7499 acc=0.5516
[ep 065] val_sel AUC=0.7638 acc=0.5878
[ep 066] val_sel AUC=0.7781 acc=0.6165
[ep 067] val_sel AUC=0.7834 acc=0.5652
[ep 068] val_sel AUC=0.7982 acc=0.6254
[ep 069] val_sel AUC=0.7861 acc=0.5608
[ep 070] val_sel AUC=0.7902 acc=0.6162
[ep 071] val_sel AUC=0.8108 acc=0.6523
[ep 072] val_sel AUC=0.8321 acc=0.6670
[ep 073] val_sel AUC=0.8079 acc=0.5954
[ep 074] val_sel AUC=0.8244 acc=0.6782
[ep 075] val_sel AUC=0.8299 acc=0.6798
[ep 076] val_sel AUC=0.8471 acc=0.7044
[ep 077] val_sel AUC=0.8497 acc=0.7138
[ep 078] val_sel AUC=0.8524 acc=0.7026
[ep 079] val_sel AUC=0.8489 acc=0.7160
[ep 080] val_sel AUC=0.8577 acc=0.7201
[ep 081] val_sel AUC=0.8553 acc=0.7301
[ep 082] val_sel AUC=0.8408 acc=0.6791
[ep 083] val_sel AUC=0.8562 acc=0.7178
[ep 084] val_sel AUC=0.8560 acc=0.7194
[ep 085] val_sel AUC=0.8626 acc=0.7270
[ep 086] val_sel AUC=0.8610 acc=0.7306
[ep 087] val_sel AUC=0.8653 acc=0.7366
[ep 088] val_sel AUC=0.8639 acc=0.7330
[ep 089] val_sel AUC=0.8660 acc=0.7355
[ep 090] val_sel AUC=0.8661 acc=0.7353
[ep 091] val_sel AUC=0.8644 acc=0.7366
[ep 092] val_sel AUC=0.8658 acc=0.7369
[ep 093] val_sel AUC=0.8660 acc=0.7346
[ep 094] val_sel AUC=0.8658 acc=0.7362
[ep 095] val_sel AUC=0.8657 acc=0.7362
[ep 096] val_sel AUC=0.8658 acc=0.7362
============================================================
TEST (best val_sel epoch, held-out, evaluated once)
============================================================
[DONE-QPE2] embed=skew48 model_III N=100 seed=45 test_AUC=0.8681 val_sel_AUC=0.8661 per_class=(axion=0.9043 cdm=0.7610 no_sub=0.9391) params=203508 embed_params=49 R_frob_drift=1.0585964918136597
