[INFO] QPE2 D=64 P=8 depth=4 | embed=skew48 | data=model_III N/class=100 seed=60 split_seed=0 | params=203508 embed_params=49 lr=0.001 epochs=96 bs=32 | train(300, 64, 64) val_sel(4469, 64, 64) test(4470, 64, 64) device=cuda
[ep 001] val_sel AUC=0.5413 acc=0.3433
[ep 002] val_sel AUC=0.5648 acc=0.3283
[ep 003] val_sel AUC=0.5603 acc=0.3433
[ep 004] val_sel AUC=0.5619 acc=0.3285
[ep 005] val_sel AUC=0.5668 acc=0.3433
[ep 006] val_sel AUC=0.5526 acc=0.3562
[ep 007] val_sel AUC=0.5470 acc=0.3283
[ep 008] val_sel AUC=0.5458 acc=0.3540
[ep 009] val_sel AUC=0.5460 acc=0.3607
[ep 010] val_sel AUC=0.5529 acc=0.3594
[ep 011] val_sel AUC=0.5553 acc=0.3683
[ep 012] val_sel AUC=0.5663 acc=0.3636
[ep 013] val_sel AUC=0.5798 acc=0.3782
[ep 014] val_sel AUC=0.5894 acc=0.4001
[ep 015] val_sel AUC=0.5978 acc=0.3979
[ep 016] val_sel AUC=0.6206 acc=0.4341
[ep 017] val_sel AUC=0.6267 acc=0.4272
[ep 018] val_sel AUC=0.6505 acc=0.4484
[ep 019] val_sel AUC=0.6861 acc=0.4894
[ep 020] val_sel AUC=0.7433 acc=0.5583
[ep 021] val_sel AUC=0.7824 acc=0.5838
[ep 022] val_sel AUC=0.7766 acc=0.6035
[ep 023] val_sel AUC=0.8022 acc=0.6218
[ep 024] val_sel AUC=0.7939 acc=0.6297
[ep 025] val_sel AUC=0.8078 acc=0.6230
[ep 026] val_sel AUC=0.8089 acc=0.6386
[ep 027] val_sel AUC=0.8128 acc=0.6491
[ep 028] val_sel AUC=0.8109 acc=0.6413
[ep 029] val_sel AUC=0.8161 acc=0.6482
[ep 030] val_sel AUC=0.8147 acc=0.6469
[ep 031] val_sel AUC=0.8154 acc=0.6496
[ep 032] val_sel AUC=0.8155 acc=0.6500
[ep 033] val_sel AUC=0.7305 acc=0.4847
[ep 034] val_sel AUC=0.7790 acc=0.5612
[ep 035] val_sel AUC=0.7957 acc=0.5988
[ep 036] val_sel AUC=0.8144 acc=0.6444
[ep 037] val_sel AUC=0.8113 acc=0.6453
[ep 038] val_sel AUC=0.8244 acc=0.6485
[ep 039] val_sel AUC=0.7870 acc=0.6057
[ep 040] val_sel AUC=0.7986 acc=0.6127
[ep 041] val_sel AUC=0.7996 acc=0.6265
[ep 042] val_sel AUC=0.8260 acc=0.6442
[ep 043] val_sel AUC=0.8392 acc=0.6588
[ep 044] val_sel AUC=0.8464 acc=0.6802
[ep 045] val_sel AUC=0.8195 acc=0.6136
[ep 046] val_sel AUC=0.8129 acc=0.6357
[ep 047] val_sel AUC=0.8113 acc=0.6185
[ep 048] val_sel AUC=0.8406 acc=0.6717
[ep 049] val_sel AUC=0.8494 acc=0.6534
[ep 050] val_sel AUC=0.8605 acc=0.6981
[ep 051] val_sel AUC=0.8607 acc=0.7040
[ep 052] val_sel AUC=0.8500 acc=0.6583
[ep 053] val_sel AUC=0.8587 acc=0.6964
[ep 054] val_sel AUC=0.8520 acc=0.6972
[ep 055] val_sel AUC=0.8456 acc=0.6854
[ep 056] val_sel AUC=0.8686 acc=0.7109
[ep 057] val_sel AUC=0.8650 acc=0.7073
[ep 058] val_sel AUC=0.8764 acc=0.7292
[ep 059] val_sel AUC=0.8657 acc=0.7071
[ep 060] val_sel AUC=0.8656 acc=0.6603
[ep 061] val_sel AUC=0.8637 acc=0.7266
[ep 062] val_sel AUC=0.8724 acc=0.7420
[ep 063] val_sel AUC=0.8837 acc=0.7254
[ep 064] val_sel AUC=0.8724 acc=0.7234
[ep 065] val_sel AUC=0.8786 acc=0.7237
[ep 066] val_sel AUC=0.8864 acc=0.7570
[ep 067] val_sel AUC=0.8850 acc=0.7440
[ep 068] val_sel AUC=0.8752 acc=0.7407
[ep 069] val_sel AUC=0.8721 acc=0.7230
[ep 070] val_sel AUC=0.8645 acc=0.7069
[ep 071] val_sel AUC=0.8663 acc=0.7398
[ep 072] val_sel AUC=0.8812 acc=0.7438
[ep 073] val_sel AUC=0.8893 acc=0.7557
[ep 074] val_sel AUC=0.8855 acc=0.7577
[ep 075] val_sel AUC=0.8858 acc=0.7740
[ep 076] val_sel AUC=0.8668 acc=0.6950
[ep 077] val_sel AUC=0.8867 acc=0.7675
[ep 078] val_sel AUC=0.8915 acc=0.7740
[ep 079] val_sel AUC=0.8924 acc=0.7697
[ep 080] val_sel AUC=0.8907 acc=0.7720
[ep 081] val_sel AUC=0.8913 acc=0.7704
[ep 082] val_sel AUC=0.8973 acc=0.7917
[ep 083] val_sel AUC=0.8958 acc=0.7852
[ep 084] val_sel AUC=0.8914 acc=0.7780
[ep 085] val_sel AUC=0.8933 acc=0.7852
[ep 086] val_sel AUC=0.8957 acc=0.7923
[ep 087] val_sel AUC=0.8958 acc=0.7923
[ep 088] val_sel AUC=0.8931 acc=0.7865
[ep 089] val_sel AUC=0.8960 acc=0.7921
[ep 090] val_sel AUC=0.8950 acc=0.7881
[ep 091] val_sel AUC=0.8957 acc=0.7930
[ep 092] val_sel AUC=0.8957 acc=0.7935
[ep 093] val_sel AUC=0.8954 acc=0.7919
[ep 094] val_sel AUC=0.8950 acc=0.7912
[ep 095] val_sel AUC=0.8951 acc=0.7926
[ep 096] val_sel AUC=0.8952 acc=0.7928
============================================================
TEST (best val_sel epoch, held-out, evaluated once)
============================================================
[DONE-QPE2] embed=skew48 model_III N=100 seed=60 test_AUC=0.8970 val_sel_AUC=0.8973 per_class=(axion=0.9360 cdm=0.8002 no_sub=0.9548) params=203508 embed_params=49 R_frob_drift=1.1801998615264893
