[INFO] QPE2 D=64 P=8 depth=4 | embed=skew48 | data=model_II N/class=100 seed=58 split_seed=0 | params=203508 embed_params=49 lr=0.001 epochs=96 bs=32 | train(300, 64, 64) val_sel(4455, 64, 64) test(4455, 64, 64) device=cuda
[ep 001] val_sel AUC=0.5426 acc=0.3473
[ep 002] val_sel AUC=0.5316 acc=0.3237
[ep 003] val_sel AUC=0.5323 acc=0.3473
[ep 004] val_sel AUC=0.5348 acc=0.3473
[ep 005] val_sel AUC=0.5353 acc=0.3237
[ep 006] val_sel AUC=0.5396 acc=0.3473
[ep 007] val_sel AUC=0.5435 acc=0.3291
[ep 008] val_sel AUC=0.5431 acc=0.3237
[ep 009] val_sel AUC=0.5434 acc=0.3291
[ep 010] val_sel AUC=0.5421 acc=0.3434
[ep 011] val_sel AUC=0.5395 acc=0.3473
[ep 012] val_sel AUC=0.5360 acc=0.3650
[ep 013] val_sel AUC=0.5336 acc=0.3378
[ep 014] val_sel AUC=0.5332 acc=0.3450
[ep 015] val_sel AUC=0.5335 acc=0.3603
[ep 016] val_sel AUC=0.5340 acc=0.3414
[ep 017] val_sel AUC=0.5355 acc=0.3609
[ep 018] val_sel AUC=0.5402 acc=0.3410
[ep 019] val_sel AUC=0.5397 acc=0.3533
[ep 020] val_sel AUC=0.5462 acc=0.3621
[ep 021] val_sel AUC=0.5470 acc=0.3684
[ep 022] val_sel AUC=0.5483 acc=0.3623
[ep 023] val_sel AUC=0.5497 acc=0.3594
[ep 024] val_sel AUC=0.5471 acc=0.3641
[ep 025] val_sel AUC=0.5506 acc=0.3648
[ep 026] val_sel AUC=0.5513 acc=0.3607
[ep 027] val_sel AUC=0.5530 acc=0.3677
[ep 028] val_sel AUC=0.5524 acc=0.3657
[ep 029] val_sel AUC=0.5534 acc=0.3659
[ep 030] val_sel AUC=0.5536 acc=0.3657
[ep 031] val_sel AUC=0.5537 acc=0.3663
[ep 032] val_sel AUC=0.5537 acc=0.3659
[ep 033] val_sel AUC=0.5633 acc=0.3663
[ep 034] val_sel AUC=0.5663 acc=0.3614
[ep 035] val_sel AUC=0.5722 acc=0.3686
[ep 036] val_sel AUC=0.5784 acc=0.3825
[ep 037] val_sel AUC=0.5915 acc=0.3834
[ep 038] val_sel AUC=0.6047 acc=0.4175
[ep 039] val_sel AUC=0.6473 acc=0.4617
[ep 040] val_sel AUC=0.5996 acc=0.4027
[ep 041] val_sel AUC=0.6527 acc=0.4676
[ep 042] val_sel AUC=0.6389 acc=0.4534
[ep 043] val_sel AUC=0.6731 acc=0.4730
[ep 044] val_sel AUC=0.6418 acc=0.4285
[ep 045] val_sel AUC=0.7043 acc=0.5120
[ep 046] val_sel AUC=0.7100 acc=0.5055
[ep 047] val_sel AUC=0.7191 acc=0.4992
[ep 048] val_sel AUC=0.7543 acc=0.5365
[ep 049] val_sel AUC=0.7531 acc=0.5585
[ep 050] val_sel AUC=0.7560 acc=0.5504
[ep 051] val_sel AUC=0.7309 acc=0.5244
[ep 052] val_sel AUC=0.6938 acc=0.4976
[ep 053] val_sel AUC=0.7634 acc=0.5726
[ep 054] val_sel AUC=0.7749 acc=0.5984
[ep 055] val_sel AUC=0.7833 acc=0.6126
[ep 056] val_sel AUC=0.7927 acc=0.6168
[ep 057] val_sel AUC=0.8015 acc=0.6281
[ep 058] val_sel AUC=0.8136 acc=0.6476
[ep 059] val_sel AUC=0.7805 acc=0.6009
[ep 060] val_sel AUC=0.8101 acc=0.6287
[ep 061] val_sel AUC=0.8065 acc=0.5937
[ep 062] val_sel AUC=0.8207 acc=0.6471
[ep 063] val_sel AUC=0.8318 acc=0.6559
[ep 064] val_sel AUC=0.8353 acc=0.6759
[ep 065] val_sel AUC=0.8431 acc=0.6947
[ep 066] val_sel AUC=0.8428 acc=0.6644
[ep 067] val_sel AUC=0.8311 acc=0.6545
[ep 068] val_sel AUC=0.8473 acc=0.6754
[ep 069] val_sel AUC=0.8505 acc=0.6869
[ep 070] val_sel AUC=0.8416 acc=0.6741
[ep 071] val_sel AUC=0.8306 acc=0.6375
[ep 072] val_sel AUC=0.8550 acc=0.7046
[ep 073] val_sel AUC=0.8440 acc=0.6799
[ep 074] val_sel AUC=0.8551 acc=0.6970
[ep 075] val_sel AUC=0.8511 acc=0.6817
[ep 076] val_sel AUC=0.8535 acc=0.6920
[ep 077] val_sel AUC=0.8549 acc=0.6972
[ep 078] val_sel AUC=0.8622 acc=0.7226
[ep 079] val_sel AUC=0.8602 acc=0.7187
[ep 080] val_sel AUC=0.8590 acc=0.7192
[ep 081] val_sel AUC=0.8547 acc=0.6954
[ep 082] val_sel AUC=0.8567 acc=0.7116
[ep 083] val_sel AUC=0.8525 acc=0.6952
[ep 084] val_sel AUC=0.8566 acc=0.7044
[ep 085] val_sel AUC=0.8569 acc=0.7122
[ep 086] val_sel AUC=0.8554 acc=0.7089
[ep 087] val_sel AUC=0.8544 acc=0.7033
[ep 088] val_sel AUC=0.8553 acc=0.7075
[ep 089] val_sel AUC=0.8566 acc=0.7111
[ep 090] val_sel AUC=0.8561 acc=0.7125
[ep 091] val_sel AUC=0.8560 acc=0.7118
[ep 092] val_sel AUC=0.8555 acc=0.7080
[ep 093] val_sel AUC=0.8552 acc=0.7093
[ep 094] val_sel AUC=0.8552 acc=0.7091
[ep 095] val_sel AUC=0.8553 acc=0.7091
[ep 096] val_sel AUC=0.8553 acc=0.7089
============================================================
TEST (best val_sel epoch, held-out, evaluated once)
============================================================
[DONE-QPE2] embed=skew48 model_II N=100 seed=58 test_AUC=0.8657 val_sel_AUC=0.8622 per_class=(axion=0.8985 cdm=0.7580 no_sub=0.9404) params=203508 embed_params=49 R_frob_drift=0.9883413910865784
