[INFO] QPE2 D=64 P=8 depth=4 | embed=skew48 | data=model_II N/class=100 seed=53 split_seed=0 | params=203508 embed_params=49 lr=0.001 epochs=96 bs=32 | train(300, 64, 64) val_sel(4455, 64, 64) test(4455, 64, 64) device=cuda
[ep 001] val_sel AUC=0.4817 acc=0.3237
[ep 002] val_sel AUC=0.4881 acc=0.3291
[ep 003] val_sel AUC=0.4864 acc=0.3237
[ep 004] val_sel AUC=0.4954 acc=0.3291
[ep 005] val_sel AUC=0.4914 acc=0.3473
[ep 006] val_sel AUC=0.4980 acc=0.3291
[ep 007] val_sel AUC=0.4979 acc=0.3237
[ep 008] val_sel AUC=0.5016 acc=0.3473
[ep 009] val_sel AUC=0.5018 acc=0.3237
[ep 010] val_sel AUC=0.5022 acc=0.3237
[ep 011] val_sel AUC=0.5069 acc=0.3291
[ep 012] val_sel AUC=0.5079 acc=0.3473
[ep 013] val_sel AUC=0.5091 acc=0.3237
[ep 014] val_sel AUC=0.5119 acc=0.3473
[ep 015] val_sel AUC=0.5120 acc=0.3291
[ep 016] val_sel AUC=0.5128 acc=0.3313
[ep 017] val_sel AUC=0.5118 acc=0.3473
[ep 018] val_sel AUC=0.5139 acc=0.3450
[ep 019] val_sel AUC=0.5143 acc=0.3396
[ep 020] val_sel AUC=0.5131 acc=0.3329
[ep 021] val_sel AUC=0.5128 acc=0.3297
[ep 022] val_sel AUC=0.5144 acc=0.3423
[ep 023] val_sel AUC=0.5153 acc=0.3486
[ep 024] val_sel AUC=0.5149 acc=0.3387
[ep 025] val_sel AUC=0.5159 acc=0.3506
[ep 026] val_sel AUC=0.5158 acc=0.3363
[ep 027] val_sel AUC=0.5156 acc=0.3378
[ep 028] val_sel AUC=0.5157 acc=0.3354
[ep 029] val_sel AUC=0.5161 acc=0.3401
[ep 030] val_sel AUC=0.5163 acc=0.3419
[ep 031] val_sel AUC=0.5164 acc=0.3392
[ep 032] val_sel AUC=0.5164 acc=0.3410
[ep 033] val_sel AUC=0.5149 acc=0.3358
[ep 034] val_sel AUC=0.5202 acc=0.3385
[ep 035] val_sel AUC=0.5193 acc=0.3540
[ep 036] val_sel AUC=0.5203 acc=0.3446
[ep 037] val_sel AUC=0.5346 acc=0.3428
[ep 038] val_sel AUC=0.5343 acc=0.3374
[ep 039] val_sel AUC=0.5344 acc=0.3497
[ep 040] val_sel AUC=0.5322 acc=0.3517
[ep 041] val_sel AUC=0.5240 acc=0.3517
[ep 042] val_sel AUC=0.5222 acc=0.3473
[ep 043] val_sel AUC=0.5197 acc=0.3499
[ep 044] val_sel AUC=0.5333 acc=0.3511
[ep 045] val_sel AUC=0.5284 acc=0.3425
[ep 046] val_sel AUC=0.5270 acc=0.3589
[ep 047] val_sel AUC=0.5284 acc=0.3515
[ep 048] val_sel AUC=0.5388 acc=0.3553
[ep 049] val_sel AUC=0.5412 acc=0.3508
[ep 050] val_sel AUC=0.5356 acc=0.3574
[ep 051] val_sel AUC=0.5456 acc=0.3517
[ep 052] val_sel AUC=0.5364 acc=0.3616
[ep 053] val_sel AUC=0.5461 acc=0.3587
[ep 054] val_sel AUC=0.5577 acc=0.3731
[ep 055] val_sel AUC=0.5616 acc=0.3661
[ep 056] val_sel AUC=0.5715 acc=0.3807
[ep 057] val_sel AUC=0.5770 acc=0.3767
[ep 058] val_sel AUC=0.6038 acc=0.4061
[ep 059] val_sel AUC=0.6062 acc=0.4393
[ep 060] val_sel AUC=0.5966 acc=0.4000
[ep 061] val_sel AUC=0.6440 acc=0.4527
[ep 062] val_sel AUC=0.6659 acc=0.4611
[ep 063] val_sel AUC=0.6435 acc=0.4400
[ep 064] val_sel AUC=0.6890 acc=0.5165
[ep 065] val_sel AUC=0.6906 acc=0.5066
[ep 066] val_sel AUC=0.6624 acc=0.4525
[ep 067] val_sel AUC=0.6845 acc=0.5012
[ep 068] val_sel AUC=0.7142 acc=0.5059
[ep 069] val_sel AUC=0.7425 acc=0.5484
[ep 070] val_sel AUC=0.7451 acc=0.5749
[ep 071] val_sel AUC=0.7244 acc=0.5201
[ep 072] val_sel AUC=0.7311 acc=0.5531
[ep 073] val_sel AUC=0.7200 acc=0.5253
[ep 074] val_sel AUC=0.7526 acc=0.5863
[ep 075] val_sel AUC=0.7460 acc=0.5744
[ep 076] val_sel AUC=0.7681 acc=0.5939
[ep 077] val_sel AUC=0.7657 acc=0.5957
[ep 078] val_sel AUC=0.7901 acc=0.6195
[ep 079] val_sel AUC=0.7795 acc=0.6034
[ep 080] val_sel AUC=0.7965 acc=0.6310
[ep 081] val_sel AUC=0.7895 acc=0.6238
[ep 082] val_sel AUC=0.7810 acc=0.6112
[ep 083] val_sel AUC=0.8009 acc=0.6321
[ep 084] val_sel AUC=0.7917 acc=0.6254
[ep 085] val_sel AUC=0.7964 acc=0.6292
[ep 086] val_sel AUC=0.7991 acc=0.6292
[ep 087] val_sel AUC=0.8008 acc=0.6292
[ep 088] val_sel AUC=0.7976 acc=0.6296
[ep 089] val_sel AUC=0.8009 acc=0.6276
[ep 090] val_sel AUC=0.7995 acc=0.6305
[ep 091] val_sel AUC=0.8021 acc=0.6310
[ep 092] val_sel AUC=0.8023 acc=0.6321
[ep 093] val_sel AUC=0.8018 acc=0.6292
[ep 094] val_sel AUC=0.8020 acc=0.6287
[ep 095] val_sel AUC=0.8021 acc=0.6285
[ep 096] val_sel AUC=0.8020 acc=0.6278
============================================================
TEST (best val_sel epoch, held-out, evaluated once)
============================================================
[DONE-QPE2] embed=skew48 model_II N=100 seed=53 test_AUC=0.8100 val_sel_AUC=0.8023 per_class=(axion=0.8479 cdm=0.6679 no_sub=0.9141) params=203508 embed_params=49 R_frob_drift=1.8581539392471313
