[INFO] QPE2 D=64 P=8 depth=4 | embed=skew48 | data=model_III N/class=100 seed=51 split_seed=0 | params=203508 embed_params=49 lr=0.001 epochs=96 bs=32 | train(300, 64, 64) val_sel(4469, 64, 64) test(4470, 64, 64) device=cuda
[ep 001] val_sel AUC=0.4890 acc=0.3433
[ep 002] val_sel AUC=0.5473 acc=0.3283
[ep 003] val_sel AUC=0.5484 acc=0.3433
[ep 004] val_sel AUC=0.5571 acc=0.3285
[ep 005] val_sel AUC=0.5541 acc=0.3433
[ep 006] val_sel AUC=0.5670 acc=0.3283
[ep 007] val_sel AUC=0.5593 acc=0.3285
[ep 008] val_sel AUC=0.5605 acc=0.3350
[ep 009] val_sel AUC=0.5631 acc=0.3737
[ep 010] val_sel AUC=0.5647 acc=0.3433
[ep 011] val_sel AUC=0.5598 acc=0.3448
[ep 012] val_sel AUC=0.5638 acc=0.3283
[ep 013] val_sel AUC=0.5598 acc=0.3580
[ep 014] val_sel AUC=0.5550 acc=0.3616
[ep 015] val_sel AUC=0.5391 acc=0.3424
[ep 016] val_sel AUC=0.5356 acc=0.3383
[ep 017] val_sel AUC=0.5357 acc=0.3421
[ep 018] val_sel AUC=0.5354 acc=0.3417
[ep 019] val_sel AUC=0.5354 acc=0.3453
[ep 020] val_sel AUC=0.5371 acc=0.3406
[ep 021] val_sel AUC=0.5384 acc=0.3683
[ep 022] val_sel AUC=0.5390 acc=0.3721
[ep 023] val_sel AUC=0.5411 acc=0.3448
[ep 024] val_sel AUC=0.5452 acc=0.3574
[ep 025] val_sel AUC=0.5511 acc=0.3741
[ep 026] val_sel AUC=0.5539 acc=0.3679
[ep 027] val_sel AUC=0.5540 acc=0.3811
[ep 028] val_sel AUC=0.5563 acc=0.3802
[ep 029] val_sel AUC=0.5577 acc=0.3813
[ep 030] val_sel AUC=0.5580 acc=0.3811
[ep 031] val_sel AUC=0.5586 acc=0.3800
[ep 032] val_sel AUC=0.5587 acc=0.3817
[ep 033] val_sel AUC=0.5825 acc=0.3860
[ep 034] val_sel AUC=0.5883 acc=0.3815
[ep 035] val_sel AUC=0.5752 acc=0.3744
[ep 036] val_sel AUC=0.5729 acc=0.3759
[ep 037] val_sel AUC=0.5912 acc=0.4034
[ep 038] val_sel AUC=0.5982 acc=0.4075
[ep 039] val_sel AUC=0.6375 acc=0.4545
[ep 040] val_sel AUC=0.6675 acc=0.4142
[ep 041] val_sel AUC=0.6622 acc=0.4739
[ep 042] val_sel AUC=0.6863 acc=0.4782
[ep 043] val_sel AUC=0.6684 acc=0.4249
[ep 044] val_sel AUC=0.6937 acc=0.4900
[ep 045] val_sel AUC=0.7475 acc=0.5646
[ep 046] val_sel AUC=0.7433 acc=0.5440
[ep 047] val_sel AUC=0.7457 acc=0.5442
[ep 048] val_sel AUC=0.7609 acc=0.5630
[ep 049] val_sel AUC=0.7375 acc=0.5370
[ep 050] val_sel AUC=0.7425 acc=0.5641
[ep 051] val_sel AUC=0.7909 acc=0.6200
[ep 052] val_sel AUC=0.7691 acc=0.5735
[ep 053] val_sel AUC=0.7989 acc=0.6357
[ep 054] val_sel AUC=0.8053 acc=0.6261
[ep 055] val_sel AUC=0.8066 acc=0.6259
[ep 056] val_sel AUC=0.8214 acc=0.6330
[ep 057] val_sel AUC=0.8213 acc=0.6534
[ep 058] val_sel AUC=0.7879 acc=0.6165
[ep 059] val_sel AUC=0.8096 acc=0.6418
[ep 060] val_sel AUC=0.8239 acc=0.6610
[ep 061] val_sel AUC=0.8283 acc=0.6646
[ep 062] val_sel AUC=0.8312 acc=0.6659
[ep 063] val_sel AUC=0.8479 acc=0.6874
[ep 064] val_sel AUC=0.8513 acc=0.7011
[ep 065] val_sel AUC=0.8491 acc=0.6870
[ep 066] val_sel AUC=0.8516 acc=0.6883
[ep 067] val_sel AUC=0.8427 acc=0.7060
[ep 068] val_sel AUC=0.8441 acc=0.6966
[ep 069] val_sel AUC=0.8511 acc=0.6905
[ep 070] val_sel AUC=0.8418 acc=0.7134
[ep 071] val_sel AUC=0.8311 acc=0.6440
[ep 072] val_sel AUC=0.8578 acc=0.7167
[ep 073] val_sel AUC=0.8444 acc=0.6863
[ep 074] val_sel AUC=0.8682 acc=0.7212
[ep 075] val_sel AUC=0.8562 acc=0.6999
[ep 076] val_sel AUC=0.8583 acc=0.7044
[ep 077] val_sel AUC=0.8649 acc=0.7198
[ep 078] val_sel AUC=0.8661 acc=0.7237
[ep 079] val_sel AUC=0.8635 acc=0.7165
[ep 080] val_sel AUC=0.8563 acc=0.7120
[ep 081] val_sel AUC=0.8617 acc=0.7060
[ep 082] val_sel AUC=0.8657 acc=0.7335
[ep 083] val_sel AUC=0.8636 acc=0.7250
[ep 084] val_sel AUC=0.8649 acc=0.7183
[ep 085] val_sel AUC=0.8613 acc=0.7259
[ep 086] val_sel AUC=0.8647 acc=0.7252
[ep 087] val_sel AUC=0.8634 acc=0.7230
[ep 088] val_sel AUC=0.8645 acc=0.7277
[ep 089] val_sel AUC=0.8656 acc=0.7301
[ep 090] val_sel AUC=0.8652 acc=0.7315
[ep 091] val_sel AUC=0.8648 acc=0.7328
[ep 092] val_sel AUC=0.8643 acc=0.7319
[ep 093] val_sel AUC=0.8646 acc=0.7313
[ep 094] val_sel AUC=0.8647 acc=0.7313
[ep 095] val_sel AUC=0.8645 acc=0.7315
[ep 096] val_sel AUC=0.8646 acc=0.7319
============================================================
TEST (best val_sel epoch, held-out, evaluated once)
============================================================
[DONE-QPE2] embed=skew48 model_III N=100 seed=51 test_AUC=0.8699 val_sel_AUC=0.8682 per_class=(axion=0.9139 cdm=0.7670 no_sub=0.9288) params=203508 embed_params=49 R_frob_drift=1.0402532815933228
