[INFO] QPE2 D=64 P=8 depth=4 | embed=skew48 | data=model_III N/class=250 seed=45 split_seed=0 | params=203508 embed_params=49 lr=0.001 epochs=96 bs=32 | train(750, 64, 64) val_sel(4469, 64, 64) test(4470, 64, 64) device=cuda
[ep 001] val_sel AUC=0.6021 acc=0.3285
[ep 002] val_sel AUC=0.5931 acc=0.3283
[ep 003] val_sel AUC=0.5842 acc=0.3433
[ep 004] val_sel AUC=0.5736 acc=0.3283
[ep 005] val_sel AUC=0.5603 acc=0.3283
[ep 006] val_sel AUC=0.5427 acc=0.3433
[ep 007] val_sel AUC=0.5403 acc=0.3560
[ep 008] val_sel AUC=0.5441 acc=0.3285
[ep 009] val_sel AUC=0.5386 acc=0.3614
[ep 010] val_sel AUC=0.5401 acc=0.3652
[ep 011] val_sel AUC=0.5459 acc=0.3551
[ep 012] val_sel AUC=0.5501 acc=0.3681
[ep 013] val_sel AUC=0.5522 acc=0.3638
[ep 014] val_sel AUC=0.5589 acc=0.3773
[ep 015] val_sel AUC=0.5664 acc=0.3938
[ep 016] val_sel AUC=0.6095 acc=0.3911
[ep 017] val_sel AUC=0.6754 acc=0.4842
[ep 018] val_sel AUC=0.7430 acc=0.5220
[ep 019] val_sel AUC=0.7775 acc=0.5531
[ep 020] val_sel AUC=0.8140 acc=0.6252
[ep 021] val_sel AUC=0.8344 acc=0.6547
[ep 022] val_sel AUC=0.8508 acc=0.6536
[ep 023] val_sel AUC=0.8815 acc=0.7259
[ep 024] val_sel AUC=0.8858 acc=0.7409
[ep 025] val_sel AUC=0.8875 acc=0.7467
[ep 026] val_sel AUC=0.8999 acc=0.7404
[ep 027] val_sel AUC=0.9027 acc=0.7628
[ep 028] val_sel AUC=0.9050 acc=0.7619
[ep 029] val_sel AUC=0.9136 acc=0.7791
[ep 030] val_sel AUC=0.9162 acc=0.7950
[ep 031] val_sel AUC=0.9165 acc=0.7941
[ep 032] val_sel AUC=0.9163 acc=0.7937
[ep 033] val_sel AUC=0.8089 acc=0.6147
[ep 034] val_sel AUC=0.8924 acc=0.7393
[ep 035] val_sel AUC=0.8361 acc=0.5856
[ep 036] val_sel AUC=0.8846 acc=0.7313
[ep 037] val_sel AUC=0.8746 acc=0.6964
[ep 038] val_sel AUC=0.8691 acc=0.6693
[ep 039] val_sel AUC=0.8114 acc=0.5901
[ep 040] val_sel AUC=0.8605 acc=0.6814
[ep 041] val_sel AUC=0.8735 acc=0.6979
[ep 042] val_sel AUC=0.9085 acc=0.7814
[ep 043] val_sel AUC=0.8682 acc=0.6758
[ep 044] val_sel AUC=0.8935 acc=0.7476
[ep 045] val_sel AUC=0.8982 acc=0.7328
[ep 046] val_sel AUC=0.8848 acc=0.6746
[ep 047] val_sel AUC=0.9142 acc=0.7843
[ep 048] val_sel AUC=0.9037 acc=0.7711
[ep 049] val_sel AUC=0.9117 acc=0.7787
[ep 050] val_sel AUC=0.8872 acc=0.7232
[ep 051] val_sel AUC=0.9251 acc=0.7997
[ep 052] val_sel AUC=0.8949 acc=0.7510
[ep 053] val_sel AUC=0.8819 acc=0.7290
[ep 054] val_sel AUC=0.8912 acc=0.7398
[ep 055] val_sel AUC=0.8965 acc=0.7382
[ep 056] val_sel AUC=0.9069 acc=0.7530
[ep 057] val_sel AUC=0.9252 acc=0.8049
[ep 058] val_sel AUC=0.9015 acc=0.7724
[ep 059] val_sel AUC=0.9136 acc=0.7881
[ep 060] val_sel AUC=0.9229 acc=0.7832
[ep 061] val_sel AUC=0.9147 acc=0.7912
[ep 062] val_sel AUC=0.9284 acc=0.8192
[ep 063] val_sel AUC=0.9183 acc=0.7762
[ep 064] val_sel AUC=0.9257 acc=0.8098
[ep 065] val_sel AUC=0.9144 acc=0.7957
[ep 066] val_sel AUC=0.9067 acc=0.7744
[ep 067] val_sel AUC=0.9155 acc=0.8024
[ep 068] val_sel AUC=0.9081 acc=0.7809
[ep 069] val_sel AUC=0.9277 acc=0.8219
[ep 070] val_sel AUC=0.9314 acc=0.8317
[ep 071] val_sel AUC=0.9146 acc=0.7968
[ep 072] val_sel AUC=0.9213 acc=0.7970
[ep 073] val_sel AUC=0.9131 acc=0.8185
[ep 074] val_sel AUC=0.9319 acc=0.8058
[ep 075] val_sel AUC=0.9302 acc=0.8270
[ep 076] val_sel AUC=0.9337 acc=0.8445
[ep 077] val_sel AUC=0.9210 acc=0.8069
[ep 078] val_sel AUC=0.9362 acc=0.8539
[ep 079] val_sel AUC=0.9291 acc=0.8317
[ep 080] val_sel AUC=0.9338 acc=0.8416
[ep 081] val_sel AUC=0.9358 acc=0.8463
[ep 082] val_sel AUC=0.9316 acc=0.8375
[ep 083] val_sel AUC=0.9307 acc=0.8326
[ep 084] val_sel AUC=0.9338 acc=0.8461
[ep 085] val_sel AUC=0.9335 acc=0.8454
[ep 086] val_sel AUC=0.9316 acc=0.8429
[ep 087] val_sel AUC=0.9336 acc=0.8490
[ep 088] val_sel AUC=0.9340 acc=0.8537
[ep 089] val_sel AUC=0.9336 acc=0.8507
[ep 090] val_sel AUC=0.9333 acc=0.8467
[ep 091] val_sel AUC=0.9330 acc=0.8505
[ep 092] val_sel AUC=0.9331 acc=0.8519
[ep 093] val_sel AUC=0.9330 acc=0.8519
[ep 094] val_sel AUC=0.9328 acc=0.8519
[ep 095] val_sel AUC=0.9329 acc=0.8512
[ep 096] val_sel AUC=0.9329 acc=0.8514
============================================================
TEST (best val_sel epoch, held-out, evaluated once)
============================================================
[DONE-QPE2] embed=skew48 model_III N=250 seed=45 test_AUC=0.9292 val_sel_AUC=0.9362 per_class=(axion=0.9355 cdm=0.8702 no_sub=0.9819) params=203508 embed_params=49 R_frob_drift=1.465721607208252
