[INFO] QPE2 D=64 P=8 depth=4 | embed=skew48 | data=model_II N/class=100 seed=50 split_seed=0 | params=203508 embed_params=49 lr=0.001 epochs=96 bs=32 | train(300, 64, 64) val_sel(4455, 64, 64) test(4455, 64, 64) device=cuda
[ep 001] val_sel AUC=0.5340 acc=0.3291
[ep 002] val_sel AUC=0.5473 acc=0.3473
[ep 003] val_sel AUC=0.5546 acc=0.3291
[ep 004] val_sel AUC=0.5596 acc=0.3473
[ep 005] val_sel AUC=0.5578 acc=0.3277
[ep 006] val_sel AUC=0.5553 acc=0.3473
[ep 007] val_sel AUC=0.5536 acc=0.3473
[ep 008] val_sel AUC=0.5534 acc=0.3237
[ep 009] val_sel AUC=0.5510 acc=0.3616
[ep 010] val_sel AUC=0.5501 acc=0.3291
[ep 011] val_sel AUC=0.5488 acc=0.3237
[ep 012] val_sel AUC=0.5462 acc=0.3291
[ep 013] val_sel AUC=0.5444 acc=0.3769
[ep 014] val_sel AUC=0.5423 acc=0.3291
[ep 015] val_sel AUC=0.5384 acc=0.3376
[ep 016] val_sel AUC=0.5377 acc=0.3616
[ep 017] val_sel AUC=0.5362 acc=0.3396
[ep 018] val_sel AUC=0.5356 acc=0.3506
[ep 019] val_sel AUC=0.5355 acc=0.3508
[ep 020] val_sel AUC=0.5346 acc=0.3450
[ep 021] val_sel AUC=0.5346 acc=0.3582
[ep 022] val_sel AUC=0.5340 acc=0.3549
[ep 023] val_sel AUC=0.5341 acc=0.3452
[ep 024] val_sel AUC=0.5337 acc=0.3493
[ep 025] val_sel AUC=0.5344 acc=0.3486
[ep 026] val_sel AUC=0.5347 acc=0.3531
[ep 027] val_sel AUC=0.5348 acc=0.3558
[ep 028] val_sel AUC=0.5350 acc=0.3544
[ep 029] val_sel AUC=0.5350 acc=0.3544
[ep 030] val_sel AUC=0.5350 acc=0.3562
[ep 031] val_sel AUC=0.5350 acc=0.3522
[ep 032] val_sel AUC=0.5350 acc=0.3533
[ep 033] val_sel AUC=0.5281 acc=0.3428
[ep 034] val_sel AUC=0.5341 acc=0.3542
[ep 035] val_sel AUC=0.5374 acc=0.3522
[ep 036] val_sel AUC=0.5372 acc=0.3522
[ep 037] val_sel AUC=0.5347 acc=0.3461
[ep 038] val_sel AUC=0.5378 acc=0.3526
[ep 039] val_sel AUC=0.5457 acc=0.3733
[ep 040] val_sel AUC=0.5515 acc=0.3785
[ep 041] val_sel AUC=0.5606 acc=0.3962
[ep 042] val_sel AUC=0.5419 acc=0.3659
[ep 043] val_sel AUC=0.5403 acc=0.3692
[ep 044] val_sel AUC=0.5527 acc=0.3773
[ep 045] val_sel AUC=0.5704 acc=0.4029
[ep 046] val_sel AUC=0.5747 acc=0.3928
[ep 047] val_sel AUC=0.5780 acc=0.4027
[ep 048] val_sel AUC=0.6148 acc=0.4420
[ep 049] val_sel AUC=0.6002 acc=0.3921
[ep 050] val_sel AUC=0.6401 acc=0.4420
[ep 051] val_sel AUC=0.6589 acc=0.4745
[ep 052] val_sel AUC=0.5997 acc=0.3567
[ep 053] val_sel AUC=0.6844 acc=0.4774
[ep 054] val_sel AUC=0.6789 acc=0.4815
[ep 055] val_sel AUC=0.6917 acc=0.4898
[ep 056] val_sel AUC=0.6990 acc=0.5095
[ep 057] val_sel AUC=0.7206 acc=0.5219
[ep 058] val_sel AUC=0.7464 acc=0.5560
[ep 059] val_sel AUC=0.7776 acc=0.6074
[ep 060] val_sel AUC=0.7591 acc=0.5636
[ep 061] val_sel AUC=0.7168 acc=0.5262
[ep 062] val_sel AUC=0.7123 acc=0.5030
[ep 063] val_sel AUC=0.7710 acc=0.5854
[ep 064] val_sel AUC=0.7469 acc=0.5250
[ep 065] val_sel AUC=0.7568 acc=0.5414
[ep 066] val_sel AUC=0.7692 acc=0.5895
[ep 067] val_sel AUC=0.7864 acc=0.6013
[ep 068] val_sel AUC=0.7930 acc=0.6164
[ep 069] val_sel AUC=0.7928 acc=0.6207
[ep 070] val_sel AUC=0.7996 acc=0.6159
[ep 071] val_sel AUC=0.8002 acc=0.6283
[ep 072] val_sel AUC=0.7889 acc=0.5975
[ep 073] val_sel AUC=0.8017 acc=0.6227
[ep 074] val_sel AUC=0.7990 acc=0.6233
[ep 075] val_sel AUC=0.8075 acc=0.6409
[ep 076] val_sel AUC=0.8028 acc=0.6352
[ep 077] val_sel AUC=0.8050 acc=0.6334
[ep 078] val_sel AUC=0.8127 acc=0.6530
[ep 079] val_sel AUC=0.8052 acc=0.6382
[ep 080] val_sel AUC=0.8149 acc=0.6469
[ep 081] val_sel AUC=0.8108 acc=0.6530
[ep 082] val_sel AUC=0.8122 acc=0.6552
[ep 083] val_sel AUC=0.8120 acc=0.6624
[ep 084] val_sel AUC=0.8049 acc=0.6476
[ep 085] val_sel AUC=0.8157 acc=0.6700
[ep 086] val_sel AUC=0.8090 acc=0.6525
[ep 087] val_sel AUC=0.8141 acc=0.6664
[ep 088] val_sel AUC=0.8115 acc=0.6617
[ep 089] val_sel AUC=0.8117 acc=0.6669
[ep 090] val_sel AUC=0.8115 acc=0.6658
[ep 091] val_sel AUC=0.8120 acc=0.6664
[ep 092] val_sel AUC=0.8123 acc=0.6676
[ep 093] val_sel AUC=0.8119 acc=0.6664
[ep 094] val_sel AUC=0.8120 acc=0.6667
[ep 095] val_sel AUC=0.8118 acc=0.6664
[ep 096] val_sel AUC=0.8117 acc=0.6669
============================================================
TEST (best val_sel epoch, held-out, evaluated once)
============================================================
[DONE-QPE2] embed=skew48 model_II N=100 seed=50 test_AUC=0.8127 val_sel_AUC=0.8157 per_class=(axion=0.8806 cdm=0.6684 no_sub=0.8891) params=203508 embed_params=49 R_frob_drift=1.018325686454773
