[INFO] QPE2 D=64 P=8 depth=4 | embed=skew48 | data=model_II N/class=250 seed=56 split_seed=0 | params=203508 embed_params=49 lr=0.001 epochs=96 bs=32 | train(750, 64, 64) val_sel(4455, 64, 64) test(4455, 64, 64) device=cuda
[ep 001] val_sel AUC=0.5530 acc=0.3473
[ep 002] val_sel AUC=0.5540 acc=0.3473
[ep 003] val_sel AUC=0.5527 acc=0.3468
[ep 004] val_sel AUC=0.5542 acc=0.3473
[ep 005] val_sel AUC=0.5505 acc=0.3237
[ep 006] val_sel AUC=0.5471 acc=0.3473
[ep 007] val_sel AUC=0.5401 acc=0.3473
[ep 008] val_sel AUC=0.5317 acc=0.3542
[ep 009] val_sel AUC=0.5312 acc=0.3473
[ep 010] val_sel AUC=0.5322 acc=0.3508
[ep 011] val_sel AUC=0.5307 acc=0.3237
[ep 012] val_sel AUC=0.5276 acc=0.3473
[ep 013] val_sel AUC=0.5317 acc=0.3237
[ep 014] val_sel AUC=0.5270 acc=0.3484
[ep 015] val_sel AUC=0.5307 acc=0.3452
[ep 016] val_sel AUC=0.5527 acc=0.3609
[ep 017] val_sel AUC=0.5896 acc=0.3571
[ep 018] val_sel AUC=0.6128 acc=0.3971
[ep 019] val_sel AUC=0.6621 acc=0.4703
[ep 020] val_sel AUC=0.7524 acc=0.5578
[ep 021] val_sel AUC=0.7459 acc=0.5450
[ep 022] val_sel AUC=0.7643 acc=0.5569
[ep 023] val_sel AUC=0.7863 acc=0.5944
[ep 024] val_sel AUC=0.8174 acc=0.6361
[ep 025] val_sel AUC=0.8291 acc=0.6467
[ep 026] val_sel AUC=0.8463 acc=0.6705
[ep 027] val_sel AUC=0.8440 acc=0.6790
[ep 028] val_sel AUC=0.8612 acc=0.6990
[ep 029] val_sel AUC=0.8677 acc=0.7059
[ep 030] val_sel AUC=0.8718 acc=0.7160
[ep 031] val_sel AUC=0.8719 acc=0.7160
[ep 032] val_sel AUC=0.8722 acc=0.7214
[ep 033] val_sel AUC=0.7258 acc=0.4359
[ep 034] val_sel AUC=0.7940 acc=0.6236
[ep 035] val_sel AUC=0.7758 acc=0.4896
[ep 036] val_sel AUC=0.8010 acc=0.5762
[ep 037] val_sel AUC=0.6950 acc=0.4914
[ep 038] val_sel AUC=0.8285 acc=0.6644
[ep 039] val_sel AUC=0.8649 acc=0.6855
[ep 040] val_sel AUC=0.7921 acc=0.6065
[ep 041] val_sel AUC=0.8664 acc=0.7062
[ep 042] val_sel AUC=0.8762 acc=0.7228
[ep 043] val_sel AUC=0.8882 acc=0.7392
[ep 044] val_sel AUC=0.8661 acc=0.6958
[ep 045] val_sel AUC=0.8893 acc=0.7421
[ep 046] val_sel AUC=0.8658 acc=0.6911
[ep 047] val_sel AUC=0.8906 acc=0.7356
[ep 048] val_sel AUC=0.8847 acc=0.7363
[ep 049] val_sel AUC=0.9095 acc=0.7852
[ep 050] val_sel AUC=0.8861 acc=0.7226
[ep 051] val_sel AUC=0.8808 acc=0.6902
[ep 052] val_sel AUC=0.8633 acc=0.6871
[ep 053] val_sel AUC=0.9075 acc=0.7829
[ep 054] val_sel AUC=0.8874 acc=0.7120
[ep 055] val_sel AUC=0.9094 acc=0.7715
[ep 056] val_sel AUC=0.8975 acc=0.7787
[ep 057] val_sel AUC=0.8867 acc=0.7221
[ep 058] val_sel AUC=0.9043 acc=0.7562
[ep 059] val_sel AUC=0.9133 acc=0.8022
[ep 060] val_sel AUC=0.9124 acc=0.7903
[ep 061] val_sel AUC=0.9094 acc=0.7937
[ep 062] val_sel AUC=0.8969 acc=0.7607
[ep 063] val_sel AUC=0.9140 acc=0.8103
[ep 064] val_sel AUC=0.8963 acc=0.7791
[ep 065] val_sel AUC=0.9187 acc=0.8018
[ep 066] val_sel AUC=0.9146 acc=0.8018
[ep 067] val_sel AUC=0.9130 acc=0.7827
[ep 068] val_sel AUC=0.9158 acc=0.8009
[ep 069] val_sel AUC=0.9240 acc=0.8355
[ep 070] val_sel AUC=0.9201 acc=0.8316
[ep 071] val_sel AUC=0.9134 acc=0.8072
[ep 072] val_sel AUC=0.9157 acc=0.8146
[ep 073] val_sel AUC=0.9256 acc=0.8422
[ep 074] val_sel AUC=0.9214 acc=0.7921
[ep 075] val_sel AUC=0.9231 acc=0.8112
[ep 076] val_sel AUC=0.9263 acc=0.8164
[ep 077] val_sel AUC=0.9293 acc=0.8456
[ep 078] val_sel AUC=0.9311 acc=0.8359
[ep 079] val_sel AUC=0.9303 acc=0.8240
[ep 080] val_sel AUC=0.9254 acc=0.8189
[ep 081] val_sel AUC=0.9264 acc=0.8334
[ep 082] val_sel AUC=0.9287 acc=0.8292
[ep 083] val_sel AUC=0.9290 acc=0.8330
[ep 084] val_sel AUC=0.9252 acc=0.8303
[ep 085] val_sel AUC=0.9285 acc=0.8305
[ep 086] val_sel AUC=0.9296 acc=0.8332
[ep 087] val_sel AUC=0.9284 acc=0.8373
[ep 088] val_sel AUC=0.9277 acc=0.8373
[ep 089] val_sel AUC=0.9290 acc=0.8373
[ep 090] val_sel AUC=0.9287 acc=0.8379
[ep 091] val_sel AUC=0.9293 acc=0.8393
[ep 092] val_sel AUC=0.9280 acc=0.8386
[ep 093] val_sel AUC=0.9287 acc=0.8395
[ep 094] val_sel AUC=0.9284 acc=0.8402
[ep 095] val_sel AUC=0.9285 acc=0.8395
[ep 096] val_sel AUC=0.9285 acc=0.8393
============================================================
TEST (best val_sel epoch, held-out, evaluated once)
============================================================
[DONE-QPE2] embed=skew48 model_II N=250 seed=56 test_AUC=0.9337 val_sel_AUC=0.9311 per_class=(axion=0.9409 cdm=0.8778 no_sub=0.9822) params=203508 embed_params=49 R_frob_drift=1.1729404926300049
