[INFO] QPE2 D=64 P=8 depth=4 | embed=skew48 | data=model_II N/class=100 seed=46 split_seed=0 | params=203508 embed_params=49 lr=0.001 epochs=96 bs=32 | train(300, 64, 64) val_sel(4455, 64, 64) test(4455, 64, 64) device=cuda
[ep 001] val_sel AUC=0.5282 acc=0.3291
[ep 002] val_sel AUC=0.5091 acc=0.3237
[ep 003] val_sel AUC=0.5117 acc=0.3291
[ep 004] val_sel AUC=0.5091 acc=0.3473
[ep 005] val_sel AUC=0.5121 acc=0.3237
[ep 006] val_sel AUC=0.5132 acc=0.3237
[ep 007] val_sel AUC=0.5149 acc=0.3473
[ep 008] val_sel AUC=0.5160 acc=0.3473
[ep 009] val_sel AUC=0.5176 acc=0.3237
[ep 010] val_sel AUC=0.5170 acc=0.3473
[ep 011] val_sel AUC=0.5177 acc=0.3237
[ep 012] val_sel AUC=0.5164 acc=0.3291
[ep 013] val_sel AUC=0.5161 acc=0.3531
[ep 014] val_sel AUC=0.5193 acc=0.3419
[ep 015] val_sel AUC=0.5204 acc=0.3419
[ep 016] val_sel AUC=0.5203 acc=0.3250
[ep 017] val_sel AUC=0.5193 acc=0.3486
[ep 018] val_sel AUC=0.5206 acc=0.3421
[ep 019] val_sel AUC=0.5206 acc=0.3327
[ep 020] val_sel AUC=0.5204 acc=0.3497
[ep 021] val_sel AUC=0.5206 acc=0.3452
[ep 022] val_sel AUC=0.5210 acc=0.3455
[ep 023] val_sel AUC=0.5210 acc=0.3448
[ep 024] val_sel AUC=0.5208 acc=0.3481
[ep 025] val_sel AUC=0.5209 acc=0.3457
[ep 026] val_sel AUC=0.5208 acc=0.3477
[ep 027] val_sel AUC=0.5208 acc=0.3513
[ep 028] val_sel AUC=0.5206 acc=0.3513
[ep 029] val_sel AUC=0.5207 acc=0.3475
[ep 030] val_sel AUC=0.5207 acc=0.3477
[ep 031] val_sel AUC=0.5207 acc=0.3470
[ep 032] val_sel AUC=0.5207 acc=0.3475
[ep 033] val_sel AUC=0.5208 acc=0.3473
[ep 034] val_sel AUC=0.5207 acc=0.3419
[ep 035] val_sel AUC=0.5202 acc=0.3517
[ep 036] val_sel AUC=0.5201 acc=0.3470
[ep 037] val_sel AUC=0.5199 acc=0.3363
[ep 038] val_sel AUC=0.5192 acc=0.3448
[ep 039] val_sel AUC=0.5201 acc=0.3302
[ep 040] val_sel AUC=0.5187 acc=0.3459
[ep 041] val_sel AUC=0.5212 acc=0.3383
[ep 042] val_sel AUC=0.5247 acc=0.3291
[ep 043] val_sel AUC=0.5359 acc=0.3347
[ep 044] val_sel AUC=0.5412 acc=0.3475
[ep 045] val_sel AUC=0.5492 acc=0.3834
[ep 046] val_sel AUC=0.5664 acc=0.3798
[ep 047] val_sel AUC=0.5478 acc=0.3811
[ep 048] val_sel AUC=0.5822 acc=0.4150
[ep 049] val_sel AUC=0.5906 acc=0.4063
[ep 050] val_sel AUC=0.6087 acc=0.4211
[ep 051] val_sel AUC=0.6167 acc=0.4240
[ep 052] val_sel AUC=0.6296 acc=0.4554
[ep 053] val_sel AUC=0.6335 acc=0.4561
[ep 054] val_sel AUC=0.5629 acc=0.3560
[ep 055] val_sel AUC=0.5450 acc=0.3547
[ep 056] val_sel AUC=0.5580 acc=0.3464
[ep 057] val_sel AUC=0.5810 acc=0.3701
[ep 058] val_sel AUC=0.6258 acc=0.4150
[ep 059] val_sel AUC=0.6376 acc=0.4352
[ep 060] val_sel AUC=0.6363 acc=0.4415
[ep 061] val_sel AUC=0.6665 acc=0.4840
[ep 062] val_sel AUC=0.6735 acc=0.4878
[ep 063] val_sel AUC=0.7051 acc=0.5125
[ep 064] val_sel AUC=0.7049 acc=0.5203
[ep 065] val_sel AUC=0.7047 acc=0.5273
[ep 066] val_sel AUC=0.7460 acc=0.5663
[ep 067] val_sel AUC=0.7157 acc=0.4979
[ep 068] val_sel AUC=0.7397 acc=0.5529
[ep 069] val_sel AUC=0.7557 acc=0.5814
[ep 070] val_sel AUC=0.7832 acc=0.6094
[ep 071] val_sel AUC=0.7614 acc=0.5580
[ep 072] val_sel AUC=0.7753 acc=0.5946
[ep 073] val_sel AUC=0.7827 acc=0.5978
[ep 074] val_sel AUC=0.7490 acc=0.5342
[ep 075] val_sel AUC=0.7682 acc=0.5650
[ep 076] val_sel AUC=0.8145 acc=0.6424
[ep 077] val_sel AUC=0.8240 acc=0.6599
[ep 078] val_sel AUC=0.8325 acc=0.6772
[ep 079] val_sel AUC=0.8318 acc=0.6660
[ep 080] val_sel AUC=0.8269 acc=0.6651
[ep 081] val_sel AUC=0.8432 acc=0.6860
[ep 082] val_sel AUC=0.8473 acc=0.6869
[ep 083] val_sel AUC=0.8457 acc=0.6898
[ep 084] val_sel AUC=0.8527 acc=0.6972
[ep 085] val_sel AUC=0.8528 acc=0.6990
[ep 086] val_sel AUC=0.8512 acc=0.6963
[ep 087] val_sel AUC=0.8523 acc=0.6963
[ep 088] val_sel AUC=0.8538 acc=0.7010
[ep 089] val_sel AUC=0.8542 acc=0.6997
[ep 090] val_sel AUC=0.8554 acc=0.6997
[ep 091] val_sel AUC=0.8559 acc=0.7037
[ep 092] val_sel AUC=0.8559 acc=0.6972
[ep 093] val_sel AUC=0.8558 acc=0.6983
[ep 094] val_sel AUC=0.8563 acc=0.6990
[ep 095] val_sel AUC=0.8564 acc=0.7008
[ep 096] val_sel AUC=0.8564 acc=0.7010
============================================================
TEST (best val_sel epoch, held-out, evaluated once)
============================================================
[DONE-QPE2] embed=skew48 model_II N=100 seed=46 test_AUC=0.8697 val_sel_AUC=0.8564 per_class=(axion=0.9096 cdm=0.7595 no_sub=0.9401) params=203508 embed_params=49 R_frob_drift=1.3099262714385986
