[INFO] QPE2 D=64 P=8 depth=4 | embed=skew48 | data=model_III N/class=250 seed=49 split_seed=0 | params=203508 embed_params=49 lr=0.001 epochs=96 bs=32 | train(750, 64, 64) val_sel(4469, 64, 64) test(4470, 64, 64) device=cuda
[ep 001] val_sel AUC=0.5284 acc=0.3283
[ep 002] val_sel AUC=0.5308 acc=0.3433
[ep 003] val_sel AUC=0.5315 acc=0.3285
[ep 004] val_sel AUC=0.5337 acc=0.3603
[ep 005] val_sel AUC=0.5339 acc=0.3433
[ep 006] val_sel AUC=0.5380 acc=0.3285
[ep 007] val_sel AUC=0.5329 acc=0.3283
[ep 008] val_sel AUC=0.5296 acc=0.3283
[ep 009] val_sel AUC=0.5296 acc=0.3486
[ep 010] val_sel AUC=0.5478 acc=0.3350
[ep 011] val_sel AUC=0.6021 acc=0.3753
[ep 012] val_sel AUC=0.6537 acc=0.4869
[ep 013] val_sel AUC=0.7045 acc=0.4840
[ep 014] val_sel AUC=0.7894 acc=0.5916
[ep 015] val_sel AUC=0.8004 acc=0.6075
[ep 016] val_sel AUC=0.7585 acc=0.5561
[ep 017] val_sel AUC=0.8413 acc=0.6713
[ep 018] val_sel AUC=0.7776 acc=0.5585
[ep 019] val_sel AUC=0.8742 acc=0.7266
[ep 020] val_sel AUC=0.8551 acc=0.6731
[ep 021] val_sel AUC=0.8967 acc=0.7454
[ep 022] val_sel AUC=0.8902 acc=0.7360
[ep 023] val_sel AUC=0.8930 acc=0.7581
[ep 024] val_sel AUC=0.8855 acc=0.7675
[ep 025] val_sel AUC=0.9066 acc=0.7894
[ep 026] val_sel AUC=0.9076 acc=0.7856
[ep 027] val_sel AUC=0.9081 acc=0.7970
[ep 028] val_sel AUC=0.9085 acc=0.8035
[ep 029] val_sel AUC=0.9089 acc=0.8062
[ep 030] val_sel AUC=0.9099 acc=0.8091
[ep 031] val_sel AUC=0.9100 acc=0.8080
[ep 032] val_sel AUC=0.9103 acc=0.8114
[ep 033] val_sel AUC=0.8958 acc=0.7498
[ep 034] val_sel AUC=0.8607 acc=0.7118
[ep 035] val_sel AUC=0.8631 acc=0.6955
[ep 036] val_sel AUC=0.8851 acc=0.7165
[ep 037] val_sel AUC=0.8640 acc=0.7243
[ep 038] val_sel AUC=0.8952 acc=0.7404
[ep 039] val_sel AUC=0.8949 acc=0.7384
[ep 040] val_sel AUC=0.9083 acc=0.7753
[ep 041] val_sel AUC=0.8993 acc=0.7733
[ep 042] val_sel AUC=0.9137 acc=0.7870
[ep 043] val_sel AUC=0.8877 acc=0.7505
[ep 044] val_sel AUC=0.8848 acc=0.7422
[ep 045] val_sel AUC=0.8955 acc=0.7400
[ep 046] val_sel AUC=0.8842 acc=0.7608
[ep 047] val_sel AUC=0.9072 acc=0.7552
[ep 048] val_sel AUC=0.8931 acc=0.7601
[ep 049] val_sel AUC=0.9156 acc=0.7982
[ep 050] val_sel AUC=0.8960 acc=0.7393
[ep 051] val_sel AUC=0.9114 acc=0.7915
[ep 052] val_sel AUC=0.8987 acc=0.7700
[ep 053] val_sel AUC=0.9223 acc=0.8053
[ep 054] val_sel AUC=0.9105 acc=0.7832
[ep 055] val_sel AUC=0.9251 acc=0.8105
[ep 056] val_sel AUC=0.9035 acc=0.7610
[ep 057] val_sel AUC=0.9104 acc=0.7836
[ep 058] val_sel AUC=0.9173 acc=0.8071
[ep 059] val_sel AUC=0.9134 acc=0.7944
[ep 060] val_sel AUC=0.9165 acc=0.7988
[ep 061] val_sel AUC=0.9280 acc=0.8172
[ep 062] val_sel AUC=0.9258 acc=0.7957
[ep 063] val_sel AUC=0.9209 acc=0.8100
[ep 064] val_sel AUC=0.9254 acc=0.8214
[ep 065] val_sel AUC=0.9294 acc=0.8279
[ep 066] val_sel AUC=0.9153 acc=0.7984
[ep 067] val_sel AUC=0.9263 acc=0.8156
[ep 068] val_sel AUC=0.9044 acc=0.7588
[ep 069] val_sel AUC=0.9279 acc=0.8317
[ep 070] val_sel AUC=0.9236 acc=0.8183
[ep 071] val_sel AUC=0.9321 acc=0.8201
[ep 072] val_sel AUC=0.9297 acc=0.8281
[ep 073] val_sel AUC=0.9315 acc=0.8313
[ep 074] val_sel AUC=0.9292 acc=0.8241
[ep 075] val_sel AUC=0.9237 acc=0.8114
[ep 076] val_sel AUC=0.9305 acc=0.8308
[ep 077] val_sel AUC=0.9327 acc=0.8181
[ep 078] val_sel AUC=0.9322 acc=0.8375
[ep 079] val_sel AUC=0.9273 acc=0.8293
[ep 080] val_sel AUC=0.9303 acc=0.8270
[ep 081] val_sel AUC=0.9284 acc=0.8208
[ep 082] val_sel AUC=0.9294 acc=0.8284
[ep 083] val_sel AUC=0.9276 acc=0.8235
[ep 084] val_sel AUC=0.9289 acc=0.8266
[ep 085] val_sel AUC=0.9277 acc=0.8250
[ep 086] val_sel AUC=0.9294 acc=0.8250
[ep 087] val_sel AUC=0.9282 acc=0.8226
[ep 088] val_sel AUC=0.9274 acc=0.8255
[ep 089] val_sel AUC=0.9278 acc=0.8232
[ep 090] val_sel AUC=0.9255 acc=0.8239
[ep 091] val_sel AUC=0.9267 acc=0.8243
[ep 092] val_sel AUC=0.9268 acc=0.8252
[ep 093] val_sel AUC=0.9267 acc=0.8248
[ep 094] val_sel AUC=0.9266 acc=0.8239
[ep 095] val_sel AUC=0.9266 acc=0.8243
[ep 096] val_sel AUC=0.9266 acc=0.8239
============================================================
TEST (best val_sel epoch, held-out, evaluated once)
============================================================
[DONE-QPE2] embed=skew48 model_III N=250 seed=49 test_AUC=0.9361 val_sel_AUC=0.9327 per_class=(axion=0.9507 cdm=0.8838 no_sub=0.9738) params=203508 embed_params=49 R_frob_drift=1.417967677116394
