[INFO] QPE2 D=64 P=8 depth=4 | embed=skew48 | data=model_II N/class=250 seed=52 split_seed=0 | params=203508 embed_params=49 lr=0.001 epochs=96 bs=32 | train(750, 64, 64) val_sel(4455, 64, 64) test(4455, 64, 64) device=cuda
[ep 001] val_sel AUC=0.5054 acc=0.3237
[ep 002] val_sel AUC=0.5153 acc=0.3291
[ep 003] val_sel AUC=0.5171 acc=0.3473
[ep 004] val_sel AUC=0.5228 acc=0.3291
[ep 005] val_sel AUC=0.5283 acc=0.3237
[ep 006] val_sel AUC=0.5300 acc=0.3473
[ep 007] val_sel AUC=0.5386 acc=0.3291
[ep 008] val_sel AUC=0.5342 acc=0.3237
[ep 009] val_sel AUC=0.5353 acc=0.3371
[ep 010] val_sel AUC=0.5312 acc=0.3396
[ep 011] val_sel AUC=0.5175 acc=0.3291
[ep 012] val_sel AUC=0.5146 acc=0.3304
[ep 013] val_sel AUC=0.5175 acc=0.3389
[ep 014] val_sel AUC=0.5254 acc=0.3437
[ep 015] val_sel AUC=0.5411 acc=0.3535
[ep 016] val_sel AUC=0.5799 acc=0.3854
[ep 017] val_sel AUC=0.6031 acc=0.4343
[ep 018] val_sel AUC=0.6471 acc=0.4527
[ep 019] val_sel AUC=0.7093 acc=0.4929
[ep 020] val_sel AUC=0.7795 acc=0.5856
[ep 021] val_sel AUC=0.7812 acc=0.5789
[ep 022] val_sel AUC=0.7690 acc=0.5701
[ep 023] val_sel AUC=0.7867 acc=0.5850
[ep 024] val_sel AUC=0.8174 acc=0.6391
[ep 025] val_sel AUC=0.8254 acc=0.6471
[ep 026] val_sel AUC=0.8427 acc=0.6689
[ep 027] val_sel AUC=0.8476 acc=0.6716
[ep 028] val_sel AUC=0.8481 acc=0.6653
[ep 029] val_sel AUC=0.8498 acc=0.6765
[ep 030] val_sel AUC=0.8484 acc=0.6763
[ep 031] val_sel AUC=0.8553 acc=0.6815
[ep 032] val_sel AUC=0.8552 acc=0.6817
[ep 033] val_sel AUC=0.8106 acc=0.6220
[ep 034] val_sel AUC=0.7618 acc=0.5690
[ep 035] val_sel AUC=0.8267 acc=0.6646
[ep 036] val_sel AUC=0.8549 acc=0.7109
[ep 037] val_sel AUC=0.8067 acc=0.6377
[ep 038] val_sel AUC=0.8143 acc=0.6435
[ep 039] val_sel AUC=0.8432 acc=0.6815
[ep 040] val_sel AUC=0.8483 acc=0.6963
[ep 041] val_sel AUC=0.8448 acc=0.6682
[ep 042] val_sel AUC=0.8583 acc=0.7039
[ep 043] val_sel AUC=0.8707 acc=0.7257
[ep 044] val_sel AUC=0.8439 acc=0.6851
[ep 045] val_sel AUC=0.8782 acc=0.7452
[ep 046] val_sel AUC=0.8712 acc=0.7248
[ep 047] val_sel AUC=0.8904 acc=0.7540
[ep 048] val_sel AUC=0.8650 acc=0.7030
[ep 049] val_sel AUC=0.8699 acc=0.7174
[ep 050] val_sel AUC=0.8839 acc=0.7376
[ep 051] val_sel AUC=0.8372 acc=0.6431
[ep 052] val_sel AUC=0.8490 acc=0.6914
[ep 053] val_sel AUC=0.8854 acc=0.7407
[ep 054] val_sel AUC=0.8952 acc=0.7666
[ep 055] val_sel AUC=0.8916 acc=0.7587
[ep 056] val_sel AUC=0.8748 acc=0.7232
[ep 057] val_sel AUC=0.8820 acc=0.7318
[ep 058] val_sel AUC=0.8464 acc=0.6471
[ep 059] val_sel AUC=0.8395 acc=0.6882
[ep 060] val_sel AUC=0.8876 acc=0.7398
[ep 061] val_sel AUC=0.8885 acc=0.7407
[ep 062] val_sel AUC=0.8968 acc=0.7547
[ep 063] val_sel AUC=0.8853 acc=0.7351
[ep 064] val_sel AUC=0.8954 acc=0.7612
[ep 065] val_sel AUC=0.9005 acc=0.7699
[ep 066] val_sel AUC=0.8993 acc=0.7580
[ep 067] val_sel AUC=0.8875 acc=0.7367
[ep 068] val_sel AUC=0.8856 acc=0.7288
[ep 069] val_sel AUC=0.8950 acc=0.7632
[ep 070] val_sel AUC=0.8997 acc=0.7760
[ep 071] val_sel AUC=0.9111 acc=0.8034
[ep 072] val_sel AUC=0.9061 acc=0.7776
[ep 073] val_sel AUC=0.9068 acc=0.7825
[ep 074] val_sel AUC=0.9064 acc=0.7811
[ep 075] val_sel AUC=0.9115 acc=0.8047
[ep 076] val_sel AUC=0.9078 acc=0.7856
[ep 077] val_sel AUC=0.8983 acc=0.7614
[ep 078] val_sel AUC=0.9052 acc=0.7863
[ep 079] val_sel AUC=0.9097 acc=0.7973
[ep 080] val_sel AUC=0.9116 acc=0.8072
[ep 081] val_sel AUC=0.9105 acc=0.8020
[ep 082] val_sel AUC=0.9108 acc=0.7944
[ep 083] val_sel AUC=0.9098 acc=0.8036
[ep 084] val_sel AUC=0.9130 acc=0.8083
[ep 085] val_sel AUC=0.9136 acc=0.8110
[ep 086] val_sel AUC=0.9082 acc=0.7881
[ep 087] val_sel AUC=0.9110 acc=0.8020
[ep 088] val_sel AUC=0.9126 acc=0.8052
[ep 089] val_sel AUC=0.9140 acc=0.8146
[ep 090] val_sel AUC=0.9134 acc=0.8121
[ep 091] val_sel AUC=0.9141 acc=0.8126
[ep 092] val_sel AUC=0.9142 acc=0.8159
[ep 093] val_sel AUC=0.9142 acc=0.8141
[ep 094] val_sel AUC=0.9141 acc=0.8155
[ep 095] val_sel AUC=0.9141 acc=0.8148
[ep 096] val_sel AUC=0.9141 acc=0.8146
============================================================
TEST (best val_sel epoch, held-out, evaluated once)
============================================================
[DONE-QPE2] embed=skew48 model_II N=250 seed=52 test_AUC=0.9181 val_sel_AUC=0.9142 per_class=(axion=0.9233 cdm=0.8513 no_sub=0.9797) params=203508 embed_params=49 R_frob_drift=1.3835502862930298
