[INFO] QPE2 D=64 P=8 depth=4 | embed=skew48 | data=model_III N/class=100 seed=54 split_seed=0 | params=203508 embed_params=49 lr=0.001 epochs=96 bs=32 | train(300, 64, 64) val_sel(4469, 64, 64) test(4470, 64, 64) device=cuda
[ep 001] val_sel AUC=0.5689 acc=0.3283
[ep 002] val_sel AUC=0.5138 acc=0.3271
[ep 003] val_sel AUC=0.5314 acc=0.3283
[ep 004] val_sel AUC=0.5327 acc=0.3433
[ep 005] val_sel AUC=0.5404 acc=0.3433
[ep 006] val_sel AUC=0.5534 acc=0.3285
[ep 007] val_sel AUC=0.5515 acc=0.3381
[ep 008] val_sel AUC=0.5623 acc=0.3283
[ep 009] val_sel AUC=0.5636 acc=0.3285
[ep 010] val_sel AUC=0.5661 acc=0.3283
[ep 011] val_sel AUC=0.5597 acc=0.3372
[ep 012] val_sel AUC=0.5507 acc=0.3285
[ep 013] val_sel AUC=0.5490 acc=0.3283
[ep 014] val_sel AUC=0.5395 acc=0.3428
[ep 015] val_sel AUC=0.5351 acc=0.3287
[ep 016] val_sel AUC=0.5366 acc=0.3332
[ep 017] val_sel AUC=0.5408 acc=0.3283
[ep 018] val_sel AUC=0.5393 acc=0.3433
[ep 019] val_sel AUC=0.5443 acc=0.3569
[ep 020] val_sel AUC=0.5473 acc=0.3535
[ep 021] val_sel AUC=0.5450 acc=0.3598
[ep 022] val_sel AUC=0.5437 acc=0.3502
[ep 023] val_sel AUC=0.5467 acc=0.3726
[ep 024] val_sel AUC=0.5480 acc=0.3898
[ep 025] val_sel AUC=0.5474 acc=0.3491
[ep 026] val_sel AUC=0.5464 acc=0.3576
[ep 027] val_sel AUC=0.5494 acc=0.3459
[ep 028] val_sel AUC=0.5514 acc=0.3497
[ep 029] val_sel AUC=0.5526 acc=0.3504
[ep 030] val_sel AUC=0.5530 acc=0.3513
[ep 031] val_sel AUC=0.5532 acc=0.3502
[ep 032] val_sel AUC=0.5532 acc=0.3502
[ep 033] val_sel AUC=0.5476 acc=0.3800
[ep 034] val_sel AUC=0.5671 acc=0.3703
[ep 035] val_sel AUC=0.5754 acc=0.3497
[ep 036] val_sel AUC=0.5884 acc=0.3934
[ep 037] val_sel AUC=0.6120 acc=0.4146
[ep 038] val_sel AUC=0.6063 acc=0.4072
[ep 039] val_sel AUC=0.5611 acc=0.3766
[ep 040] val_sel AUC=0.5632 acc=0.3652
[ep 041] val_sel AUC=0.5759 acc=0.3893
[ep 042] val_sel AUC=0.5740 acc=0.3833
[ep 043] val_sel AUC=0.5970 acc=0.3898
[ep 044] val_sel AUC=0.6095 acc=0.4397
[ep 045] val_sel AUC=0.5853 acc=0.3907
[ep 046] val_sel AUC=0.6082 acc=0.4131
[ep 047] val_sel AUC=0.6364 acc=0.4643
[ep 048] val_sel AUC=0.6403 acc=0.4408
[ep 049] val_sel AUC=0.6339 acc=0.4034
[ep 050] val_sel AUC=0.5775 acc=0.3949
[ep 051] val_sel AUC=0.6047 acc=0.3793
[ep 052] val_sel AUC=0.6292 acc=0.4386
[ep 053] val_sel AUC=0.6362 acc=0.4379
[ep 054] val_sel AUC=0.6610 acc=0.4851
[ep 055] val_sel AUC=0.6844 acc=0.4833
[ep 056] val_sel AUC=0.6828 acc=0.4918
[ep 057] val_sel AUC=0.6943 acc=0.4844
[ep 058] val_sel AUC=0.7240 acc=0.5124
[ep 059] val_sel AUC=0.7250 acc=0.5162
[ep 060] val_sel AUC=0.7766 acc=0.5771
[ep 061] val_sel AUC=0.7968 acc=0.6010
[ep 062] val_sel AUC=0.7956 acc=0.5520
[ep 063] val_sel AUC=0.8065 acc=0.6183
[ep 064] val_sel AUC=0.7998 acc=0.6124
[ep 065] val_sel AUC=0.7934 acc=0.5858
[ep 066] val_sel AUC=0.8154 acc=0.6397
[ep 067] val_sel AUC=0.8367 acc=0.6729
[ep 068] val_sel AUC=0.8326 acc=0.6668
[ep 069] val_sel AUC=0.8365 acc=0.6782
[ep 070] val_sel AUC=0.8502 acc=0.6854
[ep 071] val_sel AUC=0.8345 acc=0.6767
[ep 072] val_sel AUC=0.8502 acc=0.7006
[ep 073] val_sel AUC=0.8539 acc=0.7002
[ep 074] val_sel AUC=0.8493 acc=0.7205
[ep 075] val_sel AUC=0.8509 acc=0.6979
[ep 076] val_sel AUC=0.8528 acc=0.6809
[ep 077] val_sel AUC=0.8744 acc=0.7393
[ep 078] val_sel AUC=0.8718 acc=0.7494
[ep 079] val_sel AUC=0.8735 acc=0.7149
[ep 080] val_sel AUC=0.8791 acc=0.7474
[ep 081] val_sel AUC=0.8789 acc=0.7313
[ep 082] val_sel AUC=0.8614 acc=0.6881
[ep 083] val_sel AUC=0.8738 acc=0.7310
[ep 084] val_sel AUC=0.8814 acc=0.7451
[ep 085] val_sel AUC=0.8762 acc=0.7272
[ep 086] val_sel AUC=0.8777 acc=0.7375
[ep 087] val_sel AUC=0.8783 acc=0.7440
[ep 088] val_sel AUC=0.8742 acc=0.7342
[ep 089] val_sel AUC=0.8752 acc=0.7342
[ep 090] val_sel AUC=0.8784 acc=0.7498
[ep 091] val_sel AUC=0.8763 acc=0.7328
[ep 092] val_sel AUC=0.8764 acc=0.7344
[ep 093] val_sel AUC=0.8764 acc=0.7360
[ep 094] val_sel AUC=0.8762 acc=0.7357
[ep 095] val_sel AUC=0.8759 acc=0.7342
[ep 096] val_sel AUC=0.8759 acc=0.7344
============================================================
TEST (best val_sel epoch, held-out, evaluated once)
============================================================
[DONE-QPE2] embed=skew48 model_III N=100 seed=54 test_AUC=0.8847 val_sel_AUC=0.8814 per_class=(axion=0.9180 cdm=0.7982 no_sub=0.9380) params=203508 embed_params=49 R_frob_drift=1.1791661977767944
