[INFO] QPE2 D=64 P=8 depth=4 | embed=skew48 | data=model_II N/class=100 seed=45 split_seed=0 | params=203508 embed_params=49 lr=0.001 epochs=96 bs=32 | train(300, 64, 64) val_sel(4455, 64, 64) test(4455, 64, 64) device=cuda
[ep 001] val_sel AUC=0.5016 acc=0.3473
[ep 002] val_sel AUC=0.5198 acc=0.3237
[ep 003] val_sel AUC=0.5157 acc=0.3473
[ep 004] val_sel AUC=0.5232 acc=0.3237
[ep 005] val_sel AUC=0.5210 acc=0.3473
[ep 006] val_sel AUC=0.5255 acc=0.3473
[ep 007] val_sel AUC=0.5300 acc=0.3360
[ep 008] val_sel AUC=0.5336 acc=0.3237
[ep 009] val_sel AUC=0.5310 acc=0.3473
[ep 010] val_sel AUC=0.5340 acc=0.3237
[ep 011] val_sel AUC=0.5329 acc=0.3237
[ep 012] val_sel AUC=0.5362 acc=0.3425
[ep 013] val_sel AUC=0.5395 acc=0.3291
[ep 014] val_sel AUC=0.5369 acc=0.3473
[ep 015] val_sel AUC=0.5393 acc=0.3291
[ep 016] val_sel AUC=0.5382 acc=0.3237
[ep 017] val_sel AUC=0.5384 acc=0.3291
[ep 018] val_sel AUC=0.5365 acc=0.3237
[ep 019] val_sel AUC=0.5360 acc=0.3237
[ep 020] val_sel AUC=0.5377 acc=0.3473
[ep 021] val_sel AUC=0.5396 acc=0.3291
[ep 022] val_sel AUC=0.5392 acc=0.3291
[ep 023] val_sel AUC=0.5388 acc=0.3473
[ep 024] val_sel AUC=0.5389 acc=0.3473
[ep 025] val_sel AUC=0.5396 acc=0.3237
[ep 026] val_sel AUC=0.5403 acc=0.3291
[ep 027] val_sel AUC=0.5397 acc=0.3291
[ep 028] val_sel AUC=0.5395 acc=0.3291
[ep 029] val_sel AUC=0.5393 acc=0.3291
[ep 030] val_sel AUC=0.5393 acc=0.3291
[ep 031] val_sel AUC=0.5393 acc=0.3291
[ep 032] val_sel AUC=0.5393 acc=0.3291
[ep 033] val_sel AUC=0.5389 acc=0.3291
[ep 034] val_sel AUC=0.5382 acc=0.3477
[ep 035] val_sel AUC=0.5326 acc=0.3329
[ep 036] val_sel AUC=0.5296 acc=0.3291
[ep 037] val_sel AUC=0.5281 acc=0.3464
[ep 038] val_sel AUC=0.5320 acc=0.3538
[ep 039] val_sel AUC=0.5415 acc=0.3291
[ep 040] val_sel AUC=0.5522 acc=0.3623
[ep 041] val_sel AUC=0.5458 acc=0.3576
[ep 042] val_sel AUC=0.5523 acc=0.3571
[ep 043] val_sel AUC=0.5537 acc=0.3668
[ep 044] val_sel AUC=0.5538 acc=0.3367
[ep 045] val_sel AUC=0.5472 acc=0.3636
[ep 046] val_sel AUC=0.5579 acc=0.3726
[ep 047] val_sel AUC=0.5592 acc=0.3585
[ep 048] val_sel AUC=0.5640 acc=0.3587
[ep 049] val_sel AUC=0.5452 acc=0.3547
[ep 050] val_sel AUC=0.5641 acc=0.3767
[ep 051] val_sel AUC=0.5713 acc=0.3912
[ep 052] val_sel AUC=0.5930 acc=0.3886
[ep 053] val_sel AUC=0.5553 acc=0.3479
[ep 054] val_sel AUC=0.5993 acc=0.3634
[ep 055] val_sel AUC=0.5859 acc=0.3513
[ep 056] val_sel AUC=0.6128 acc=0.4375
[ep 057] val_sel AUC=0.6110 acc=0.4184
[ep 058] val_sel AUC=0.6118 acc=0.4061
[ep 059] val_sel AUC=0.6300 acc=0.3919
[ep 060] val_sel AUC=0.6219 acc=0.3818
[ep 061] val_sel AUC=0.6591 acc=0.4804
[ep 062] val_sel AUC=0.6757 acc=0.4079
[ep 063] val_sel AUC=0.7175 acc=0.5551
[ep 064] val_sel AUC=0.7434 acc=0.5569
[ep 065] val_sel AUC=0.7244 acc=0.5309
[ep 066] val_sel AUC=0.7167 acc=0.4649
[ep 067] val_sel AUC=0.7486 acc=0.5769
[ep 068] val_sel AUC=0.7709 acc=0.5915
[ep 069] val_sel AUC=0.8029 acc=0.6366
[ep 070] val_sel AUC=0.7545 acc=0.5118
[ep 071] val_sel AUC=0.8130 acc=0.6384
[ep 072] val_sel AUC=0.8273 acc=0.6584
[ep 073] val_sel AUC=0.8246 acc=0.6386
[ep 074] val_sel AUC=0.8260 acc=0.6608
[ep 075] val_sel AUC=0.8481 acc=0.6824
[ep 076] val_sel AUC=0.8502 acc=0.7064
[ep 077] val_sel AUC=0.8655 acc=0.7185
[ep 078] val_sel AUC=0.8490 acc=0.6806
[ep 079] val_sel AUC=0.8762 acc=0.7446
[ep 080] val_sel AUC=0.8770 acc=0.7363
[ep 081] val_sel AUC=0.8800 acc=0.7351
[ep 082] val_sel AUC=0.8815 acc=0.7412
[ep 083] val_sel AUC=0.8848 acc=0.7567
[ep 084] val_sel AUC=0.8747 acc=0.7156
[ep 085] val_sel AUC=0.8899 acc=0.7598
[ep 086] val_sel AUC=0.8906 acc=0.7524
[ep 087] val_sel AUC=0.8912 acc=0.7565
[ep 088] val_sel AUC=0.8936 acc=0.7679
[ep 089] val_sel AUC=0.8943 acc=0.7652
[ep 090] val_sel AUC=0.8935 acc=0.7666
[ep 091] val_sel AUC=0.8938 acc=0.7677
[ep 092] val_sel AUC=0.8941 acc=0.7670
[ep 093] val_sel AUC=0.8943 acc=0.7679
[ep 094] val_sel AUC=0.8945 acc=0.7690
[ep 095] val_sel AUC=0.8945 acc=0.7681
[ep 096] val_sel AUC=0.8945 acc=0.7681
============================================================
TEST (best val_sel epoch, held-out, evaluated once)
============================================================
[DONE-QPE2] embed=skew48 model_II N=100 seed=45 test_AUC=0.9005 val_sel_AUC=0.8945 per_class=(axion=0.9250 cdm=0.8140 no_sub=0.9624) params=203508 embed_params=49 R_frob_drift=1.0953863859176636
