[INFO] QPE2 D=64 P=8 depth=4 | embed=skew48 | data=model_II N/class=250 seed=51 split_seed=0 | params=203508 embed_params=49 lr=0.001 epochs=96 bs=32 | train(750, 64, 64) val_sel(4455, 64, 64) test(4455, 64, 64) device=cuda
[ep 001] val_sel AUC=0.5147 acc=0.3473
[ep 002] val_sel AUC=0.5332 acc=0.3237
[ep 003] val_sel AUC=0.5375 acc=0.3473
[ep 004] val_sel AUC=0.5436 acc=0.3473
[ep 005] val_sel AUC=0.5488 acc=0.3473
[ep 006] val_sel AUC=0.5512 acc=0.3473
[ep 007] val_sel AUC=0.5512 acc=0.3473
[ep 008] val_sel AUC=0.5537 acc=0.3237
[ep 009] val_sel AUC=0.5522 acc=0.3540
[ep 010] val_sel AUC=0.5473 acc=0.3291
[ep 011] val_sel AUC=0.5434 acc=0.3291
[ep 012] val_sel AUC=0.5331 acc=0.3291
[ep 013] val_sel AUC=0.5392 acc=0.3446
[ep 014] val_sel AUC=0.5375 acc=0.3291
[ep 015] val_sel AUC=0.5351 acc=0.3448
[ep 016] val_sel AUC=0.5423 acc=0.3389
[ep 017] val_sel AUC=0.5340 acc=0.3479
[ep 018] val_sel AUC=0.5384 acc=0.3291
[ep 019] val_sel AUC=0.5365 acc=0.3576
[ep 020] val_sel AUC=0.5421 acc=0.3607
[ep 021] val_sel AUC=0.5536 acc=0.3643
[ep 022] val_sel AUC=0.5382 acc=0.3538
[ep 023] val_sel AUC=0.5507 acc=0.3643
[ep 024] val_sel AUC=0.5423 acc=0.3639
[ep 025] val_sel AUC=0.5533 acc=0.3701
[ep 026] val_sel AUC=0.5589 acc=0.3636
[ep 027] val_sel AUC=0.5703 acc=0.3935
[ep 028] val_sel AUC=0.5696 acc=0.3677
[ep 029] val_sel AUC=0.5783 acc=0.3836
[ep 030] val_sel AUC=0.5818 acc=0.3807
[ep 031] val_sel AUC=0.5826 acc=0.3850
[ep 032] val_sel AUC=0.5825 acc=0.3823
[ep 033] val_sel AUC=0.5958 acc=0.3291
[ep 034] val_sel AUC=0.6045 acc=0.4285
[ep 035] val_sel AUC=0.6523 acc=0.4337
[ep 036] val_sel AUC=0.6530 acc=0.4851
[ep 037] val_sel AUC=0.7171 acc=0.5147
[ep 038] val_sel AUC=0.7066 acc=0.5086
[ep 039] val_sel AUC=0.7371 acc=0.4947
[ep 040] val_sel AUC=0.6924 acc=0.5253
[ep 041] val_sel AUC=0.7964 acc=0.6438
[ep 042] val_sel AUC=0.8080 acc=0.5371
[ep 043] val_sel AUC=0.8390 acc=0.6743
[ep 044] val_sel AUC=0.8458 acc=0.6700
[ep 045] val_sel AUC=0.8275 acc=0.7073
[ep 046] val_sel AUC=0.8507 acc=0.7102
[ep 047] val_sel AUC=0.8801 acc=0.7318
[ep 048] val_sel AUC=0.8824 acc=0.7410
[ep 049] val_sel AUC=0.8583 acc=0.7116
[ep 050] val_sel AUC=0.8643 acc=0.6905
[ep 051] val_sel AUC=0.8920 acc=0.7461
[ep 052] val_sel AUC=0.8492 acc=0.6460
[ep 053] val_sel AUC=0.8491 acc=0.6388
[ep 054] val_sel AUC=0.8859 acc=0.7363
[ep 055] val_sel AUC=0.8490 acc=0.6438
[ep 056] val_sel AUC=0.8892 acc=0.7300
[ep 057] val_sel AUC=0.9090 acc=0.7955
[ep 058] val_sel AUC=0.8971 acc=0.7522
[ep 059] val_sel AUC=0.9065 acc=0.7827
[ep 060] val_sel AUC=0.9069 acc=0.7603
[ep 061] val_sel AUC=0.8976 acc=0.7369
[ep 062] val_sel AUC=0.9044 acc=0.7751
[ep 063] val_sel AUC=0.9022 acc=0.7571
[ep 064] val_sel AUC=0.9135 acc=0.7962
[ep 065] val_sel AUC=0.9041 acc=0.7701
[ep 066] val_sel AUC=0.9089 acc=0.7829
[ep 067] val_sel AUC=0.9075 acc=0.7800
[ep 068] val_sel AUC=0.9209 acc=0.8245
[ep 069] val_sel AUC=0.9042 acc=0.7634
[ep 070] val_sel AUC=0.9166 acc=0.7973
[ep 071] val_sel AUC=0.9071 acc=0.7773
[ep 072] val_sel AUC=0.9216 acc=0.8258
[ep 073] val_sel AUC=0.9014 acc=0.7713
[ep 074] val_sel AUC=0.9183 acc=0.8110
[ep 075] val_sel AUC=0.9157 acc=0.8040
[ep 076] val_sel AUC=0.9166 acc=0.8085
[ep 077] val_sel AUC=0.9142 acc=0.7944
[ep 078] val_sel AUC=0.9129 acc=0.8049
[ep 079] val_sel AUC=0.9098 acc=0.8004
[ep 080] val_sel AUC=0.9117 acc=0.7982
[ep 081] val_sel AUC=0.9143 acc=0.8065
[ep 082] val_sel AUC=0.9113 acc=0.7953
[ep 083] val_sel AUC=0.9122 acc=0.8020
[ep 084] val_sel AUC=0.9153 acc=0.8139
[ep 085] val_sel AUC=0.9140 acc=0.8090
[ep 086] val_sel AUC=0.9111 acc=0.8061
[ep 087] val_sel AUC=0.9110 acc=0.8036
[ep 088] val_sel AUC=0.9111 acc=0.8058
[ep 089] val_sel AUC=0.9120 acc=0.8099
[ep 090] val_sel AUC=0.9106 acc=0.8070
[ep 091] val_sel AUC=0.9098 acc=0.8074
[ep 092] val_sel AUC=0.9102 acc=0.8074
[ep 093] val_sel AUC=0.9098 acc=0.8065
[ep 094] val_sel AUC=0.9098 acc=0.8070
[ep 095] val_sel AUC=0.9096 acc=0.8070
[ep 096] val_sel AUC=0.9096 acc=0.8070
============================================================
TEST (best val_sel epoch, held-out, evaluated once)
============================================================
[DONE-QPE2] embed=skew48 model_II N=250 seed=51 test_AUC=0.9261 val_sel_AUC=0.9216 per_class=(axion=0.9373 cdm=0.8649 no_sub=0.9762) params=203508 embed_params=49 R_frob_drift=1.3837274312973022
