[INFO] QPE2 D=64 P=8 depth=4 | embed=skew48 | data=model_II N/class=250 seed=53 split_seed=0 | params=203508 embed_params=49 lr=0.001 epochs=96 bs=32 | train(750, 64, 64) val_sel(4455, 64, 64) test(4455, 64, 64) device=cuda
[ep 001] val_sel AUC=0.5074 acc=0.3291
[ep 002] val_sel AUC=0.5223 acc=0.3291
[ep 003] val_sel AUC=0.5220 acc=0.3291
[ep 004] val_sel AUC=0.5160 acc=0.3407
[ep 005] val_sel AUC=0.5187 acc=0.3237
[ep 006] val_sel AUC=0.5151 acc=0.3473
[ep 007] val_sel AUC=0.5125 acc=0.3477
[ep 008] val_sel AUC=0.5114 acc=0.3473
[ep 009] val_sel AUC=0.5143 acc=0.3473
[ep 010] val_sel AUC=0.5134 acc=0.3363
[ep 011] val_sel AUC=0.5144 acc=0.3398
[ep 012] val_sel AUC=0.5200 acc=0.3544
[ep 013] val_sel AUC=0.5215 acc=0.3421
[ep 014] val_sel AUC=0.5229 acc=0.3574
[ep 015] val_sel AUC=0.5249 acc=0.3600
[ep 016] val_sel AUC=0.5274 acc=0.3553
[ep 017] val_sel AUC=0.5327 acc=0.3486
[ep 018] val_sel AUC=0.5383 acc=0.3560
[ep 019] val_sel AUC=0.5433 acc=0.3728
[ep 020] val_sel AUC=0.5571 acc=0.3722
[ep 021] val_sel AUC=0.5638 acc=0.3861
[ep 022] val_sel AUC=0.5866 acc=0.4009
[ep 023] val_sel AUC=0.6644 acc=0.4411
[ep 024] val_sel AUC=0.6871 acc=0.4676
[ep 025] val_sel AUC=0.7501 acc=0.5791
[ep 026] val_sel AUC=0.7490 acc=0.5654
[ep 027] val_sel AUC=0.7843 acc=0.6108
[ep 028] val_sel AUC=0.7949 acc=0.6334
[ep 029] val_sel AUC=0.8048 acc=0.6361
[ep 030] val_sel AUC=0.8080 acc=0.6548
[ep 031] val_sel AUC=0.8106 acc=0.6584
[ep 032] val_sel AUC=0.8116 acc=0.6593
[ep 033] val_sel AUC=0.6203 acc=0.4123
[ep 034] val_sel AUC=0.6326 acc=0.4527
[ep 035] val_sel AUC=0.7490 acc=0.5457
[ep 036] val_sel AUC=0.7367 acc=0.5284
[ep 037] val_sel AUC=0.8174 acc=0.6299
[ep 038] val_sel AUC=0.7958 acc=0.6263
[ep 039] val_sel AUC=0.8406 acc=0.6902
[ep 040] val_sel AUC=0.8312 acc=0.6397
[ep 041] val_sel AUC=0.8228 acc=0.6368
[ep 042] val_sel AUC=0.8793 acc=0.7212
[ep 043] val_sel AUC=0.8610 acc=0.7246
[ep 044] val_sel AUC=0.8414 acc=0.6278
[ep 045] val_sel AUC=0.8476 acc=0.6911
[ep 046] val_sel AUC=0.8712 acc=0.7122
[ep 047] val_sel AUC=0.8719 acc=0.7077
[ep 048] val_sel AUC=0.8803 acc=0.7300
[ep 049] val_sel AUC=0.8752 acc=0.6970
[ep 050] val_sel AUC=0.8765 acc=0.7542
[ep 051] val_sel AUC=0.8908 acc=0.7439
[ep 052] val_sel AUC=0.8610 acc=0.7154
[ep 053] val_sel AUC=0.9048 acc=0.7704
[ep 054] val_sel AUC=0.8975 acc=0.7688
[ep 055] val_sel AUC=0.8840 acc=0.7495
[ep 056] val_sel AUC=0.8636 acc=0.6696
[ep 057] val_sel AUC=0.9014 acc=0.7811
[ep 058] val_sel AUC=0.9163 acc=0.7948
[ep 059] val_sel AUC=0.9176 acc=0.7852
[ep 060] val_sel AUC=0.9178 acc=0.8025
[ep 061] val_sel AUC=0.9109 acc=0.7820
[ep 062] val_sel AUC=0.9084 acc=0.7746
[ep 063] val_sel AUC=0.9065 acc=0.7807
[ep 064] val_sel AUC=0.9023 acc=0.7751
[ep 065] val_sel AUC=0.8902 acc=0.7497
[ep 066] val_sel AUC=0.8913 acc=0.7396
[ep 067] val_sel AUC=0.9164 acc=0.7890
[ep 068] val_sel AUC=0.9209 acc=0.7872
[ep 069] val_sel AUC=0.9193 acc=0.8119
[ep 070] val_sel AUC=0.9160 acc=0.7960
[ep 071] val_sel AUC=0.9044 acc=0.7659
[ep 072] val_sel AUC=0.9191 acc=0.8058
[ep 073] val_sel AUC=0.9145 acc=0.7987
[ep 074] val_sel AUC=0.9252 acc=0.8177
[ep 075] val_sel AUC=0.9217 acc=0.8034
[ep 076] val_sel AUC=0.9174 acc=0.8081
[ep 077] val_sel AUC=0.9263 acc=0.8126
[ep 078] val_sel AUC=0.9163 acc=0.8047
[ep 079] val_sel AUC=0.9221 acc=0.8076
[ep 080] val_sel AUC=0.9238 acc=0.8258
[ep 081] val_sel AUC=0.9217 acc=0.7966
[ep 082] val_sel AUC=0.9276 acc=0.8339
[ep 083] val_sel AUC=0.9292 acc=0.8294
[ep 084] val_sel AUC=0.9245 acc=0.8316
[ep 085] val_sel AUC=0.9286 acc=0.8332
[ep 086] val_sel AUC=0.9276 acc=0.8308
[ep 087] val_sel AUC=0.9270 acc=0.8350
[ep 088] val_sel AUC=0.9269 acc=0.8350
[ep 089] val_sel AUC=0.9270 acc=0.8319
[ep 090] val_sel AUC=0.9277 acc=0.8352
[ep 091] val_sel AUC=0.9280 acc=0.8348
[ep 092] val_sel AUC=0.9277 acc=0.8348
[ep 093] val_sel AUC=0.9275 acc=0.8346
[ep 094] val_sel AUC=0.9277 acc=0.8343
[ep 095] val_sel AUC=0.9278 acc=0.8350
[ep 096] val_sel AUC=0.9277 acc=0.8350
============================================================
TEST (best val_sel epoch, held-out, evaluated once)
============================================================
[DONE-QPE2] embed=skew48 model_II N=250 seed=53 test_AUC=0.9325 val_sel_AUC=0.9292 per_class=(axion=0.9449 cdm=0.8734 no_sub=0.9793) params=203508 embed_params=49 R_frob_drift=1.5098625421524048
