[INFO] QPE2 D=64 P=8 depth=4 | embed=skew48 | data=model_III N/class=100 seed=61 split_seed=0 | params=203508 embed_params=49 lr=0.001 epochs=96 bs=32 | train(300, 64, 64) val_sel(4469, 64, 64) test(4470, 64, 64) device=cuda
[ep 001] val_sel AUC=0.4877 acc=0.3285
[ep 002] val_sel AUC=0.5148 acc=0.3283
[ep 003] val_sel AUC=0.5252 acc=0.3285
[ep 004] val_sel AUC=0.5241 acc=0.3433
[ep 005] val_sel AUC=0.5177 acc=0.3356
[ep 006] val_sel AUC=0.5139 acc=0.3433
[ep 007] val_sel AUC=0.5088 acc=0.3283
[ep 008] val_sel AUC=0.5036 acc=0.3421
[ep 009] val_sel AUC=0.5050 acc=0.3318
[ep 010] val_sel AUC=0.5069 acc=0.3390
[ep 011] val_sel AUC=0.5106 acc=0.3468
[ep 012] val_sel AUC=0.5178 acc=0.3341
[ep 013] val_sel AUC=0.5253 acc=0.3345
[ep 014] val_sel AUC=0.5274 acc=0.3285
[ep 015] val_sel AUC=0.5322 acc=0.3377
[ep 016] val_sel AUC=0.5411 acc=0.3473
[ep 017] val_sel AUC=0.5516 acc=0.3455
[ep 018] val_sel AUC=0.5677 acc=0.3813
[ep 019] val_sel AUC=0.5783 acc=0.3846
[ep 020] val_sel AUC=0.6407 acc=0.4323
[ep 021] val_sel AUC=0.6723 acc=0.4941
[ep 022] val_sel AUC=0.7026 acc=0.4836
[ep 023] val_sel AUC=0.7291 acc=0.4956
[ep 024] val_sel AUC=0.7025 acc=0.4697
[ep 025] val_sel AUC=0.7690 acc=0.5867
[ep 026] val_sel AUC=0.7813 acc=0.6138
[ep 027] val_sel AUC=0.7848 acc=0.6042
[ep 028] val_sel AUC=0.8001 acc=0.6297
[ep 029] val_sel AUC=0.8056 acc=0.6409
[ep 030] val_sel AUC=0.8095 acc=0.6413
[ep 031] val_sel AUC=0.8093 acc=0.6375
[ep 032] val_sel AUC=0.8096 acc=0.6377
[ep 033] val_sel AUC=0.5906 acc=0.3750
[ep 034] val_sel AUC=0.5679 acc=0.3824
[ep 035] val_sel AUC=0.5882 acc=0.3732
[ep 036] val_sel AUC=0.6087 acc=0.3773
[ep 037] val_sel AUC=0.6341 acc=0.4386
[ep 038] val_sel AUC=0.7309 acc=0.5227
[ep 039] val_sel AUC=0.7897 acc=0.6046
[ep 040] val_sel AUC=0.7421 acc=0.5556
[ep 041] val_sel AUC=0.8101 acc=0.5706
[ep 042] val_sel AUC=0.7976 acc=0.6145
[ep 043] val_sel AUC=0.7549 acc=0.4657
[ep 044] val_sel AUC=0.7010 acc=0.5305
[ep 045] val_sel AUC=0.8125 acc=0.6509
[ep 046] val_sel AUC=0.8210 acc=0.6290
[ep 047] val_sel AUC=0.8073 acc=0.5903
[ep 048] val_sel AUC=0.8411 acc=0.6458
[ep 049] val_sel AUC=0.8656 acc=0.7219
[ep 050] val_sel AUC=0.8392 acc=0.6659
[ep 051] val_sel AUC=0.8653 acc=0.7201
[ep 052] val_sel AUC=0.8428 acc=0.6753
[ep 053] val_sel AUC=0.8679 acc=0.6811
[ep 054] val_sel AUC=0.8573 acc=0.6773
[ep 055] val_sel AUC=0.8806 acc=0.7257
[ep 056] val_sel AUC=0.8746 acc=0.7169
[ep 057] val_sel AUC=0.8884 acc=0.7503
[ep 058] val_sel AUC=0.8861 acc=0.7398
[ep 059] val_sel AUC=0.8608 acc=0.6820
[ep 060] val_sel AUC=0.8956 acc=0.7590
[ep 061] val_sel AUC=0.8935 acc=0.7655
[ep 062] val_sel AUC=0.8932 acc=0.7418
[ep 063] val_sel AUC=0.8451 acc=0.6194
[ep 064] val_sel AUC=0.8776 acc=0.6988
[ep 065] val_sel AUC=0.8955 acc=0.7552
[ep 066] val_sel AUC=0.8939 acc=0.7565
[ep 067] val_sel AUC=0.8900 acc=0.7570
[ep 068] val_sel AUC=0.9012 acc=0.7758
[ep 069] val_sel AUC=0.8845 acc=0.7476
[ep 070] val_sel AUC=0.8806 acc=0.7192
[ep 071] val_sel AUC=0.8886 acc=0.7492
[ep 072] val_sel AUC=0.8847 acc=0.7371
[ep 073] val_sel AUC=0.8838 acc=0.7398
[ep 074] val_sel AUC=0.8982 acc=0.7630
[ep 075] val_sel AUC=0.8966 acc=0.7626
[ep 076] val_sel AUC=0.8901 acc=0.7527
[ep 077] val_sel AUC=0.9041 acc=0.7767
[ep 078] val_sel AUC=0.8987 acc=0.7599
[ep 079] val_sel AUC=0.9001 acc=0.7659
[ep 080] val_sel AUC=0.8958 acc=0.7689
[ep 081] val_sel AUC=0.9040 acc=0.7805
[ep 082] val_sel AUC=0.8958 acc=0.7617
[ep 083] val_sel AUC=0.9082 acc=0.7921
[ep 084] val_sel AUC=0.9035 acc=0.7827
[ep 085] val_sel AUC=0.9025 acc=0.7821
[ep 086] val_sel AUC=0.9005 acc=0.7751
[ep 087] val_sel AUC=0.8995 acc=0.7783
[ep 088] val_sel AUC=0.8999 acc=0.7780
[ep 089] val_sel AUC=0.9017 acc=0.7805
[ep 090] val_sel AUC=0.9012 acc=0.7809
[ep 091] val_sel AUC=0.9006 acc=0.7796
[ep 092] val_sel AUC=0.9011 acc=0.7794
[ep 093] val_sel AUC=0.9009 acc=0.7791
[ep 094] val_sel AUC=0.9010 acc=0.7794
[ep 095] val_sel AUC=0.9010 acc=0.7796
[ep 096] val_sel AUC=0.9009 acc=0.7796
============================================================
TEST (best val_sel epoch, held-out, evaluated once)
============================================================
[DONE-QPE2] embed=skew48 model_III N=100 seed=61 test_AUC=0.9052 val_sel_AUC=0.9082 per_class=(axion=0.9310 cdm=0.8189 no_sub=0.9657) params=203508 embed_params=49 R_frob_drift=0.8929358124732971
