[INFO] QPE2 D=64 P=8 depth=4 | embed=skew48 | data=model_III N/class=250 seed=59 split_seed=0 | params=203508 embed_params=49 lr=0.001 epochs=96 bs=32 | train(750, 64, 64) val_sel(4469, 64, 64) test(4470, 64, 64) device=cuda
[ep 001] val_sel AUC=0.4812 acc=0.3283
[ep 002] val_sel AUC=0.4980 acc=0.3285
[ep 003] val_sel AUC=0.5140 acc=0.3285
[ep 004] val_sel AUC=0.5288 acc=0.3283
[ep 005] val_sel AUC=0.5417 acc=0.3283
[ep 006] val_sel AUC=0.5493 acc=0.3285
[ep 007] val_sel AUC=0.5614 acc=0.3283
[ep 008] val_sel AUC=0.5570 acc=0.3433
[ep 009] val_sel AUC=0.5620 acc=0.3285
[ep 010] val_sel AUC=0.5696 acc=0.3283
[ep 011] val_sel AUC=0.5651 acc=0.3285
[ep 012] val_sel AUC=0.5623 acc=0.3433
[ep 013] val_sel AUC=0.5679 acc=0.3285
[ep 014] val_sel AUC=0.5588 acc=0.3453
[ep 015] val_sel AUC=0.5537 acc=0.3285
[ep 016] val_sel AUC=0.5581 acc=0.3493
[ep 017] val_sel AUC=0.5812 acc=0.3896
[ep 018] val_sel AUC=0.6006 acc=0.3869
[ep 019] val_sel AUC=0.7451 acc=0.5422
[ep 020] val_sel AUC=0.7383 acc=0.5182
[ep 021] val_sel AUC=0.8128 acc=0.6306
[ep 022] val_sel AUC=0.8412 acc=0.6720
[ep 023] val_sel AUC=0.8534 acc=0.6970
[ep 024] val_sel AUC=0.8361 acc=0.6567
[ep 025] val_sel AUC=0.8702 acc=0.7134
[ep 026] val_sel AUC=0.8794 acc=0.7326
[ep 027] val_sel AUC=0.8642 acc=0.7301
[ep 028] val_sel AUC=0.8836 acc=0.7438
[ep 029] val_sel AUC=0.8895 acc=0.7554
[ep 030] val_sel AUC=0.8909 acc=0.7581
[ep 031] val_sel AUC=0.8897 acc=0.7599
[ep 032] val_sel AUC=0.8901 acc=0.7599
[ep 033] val_sel AUC=0.8433 acc=0.6796
[ep 034] val_sel AUC=0.8164 acc=0.6124
[ep 035] val_sel AUC=0.8449 acc=0.6856
[ep 036] val_sel AUC=0.8514 acc=0.6872
[ep 037] val_sel AUC=0.8440 acc=0.6715
[ep 038] val_sel AUC=0.8918 acc=0.7469
[ep 039] val_sel AUC=0.8378 acc=0.6115
[ep 040] val_sel AUC=0.8823 acc=0.7460
[ep 041] val_sel AUC=0.9052 acc=0.7700
[ep 042] val_sel AUC=0.8967 acc=0.7527
[ep 043] val_sel AUC=0.9045 acc=0.7809
[ep 044] val_sel AUC=0.8938 acc=0.7442
[ep 045] val_sel AUC=0.9185 acc=0.7597
[ep 046] val_sel AUC=0.8760 acc=0.6657
[ep 047] val_sel AUC=0.8591 acc=0.7275
[ep 048] val_sel AUC=0.9115 acc=0.7879
[ep 049] val_sel AUC=0.8986 acc=0.7418
[ep 050] val_sel AUC=0.8831 acc=0.7272
[ep 051] val_sel AUC=0.9071 acc=0.7742
[ep 052] val_sel AUC=0.9149 acc=0.7991
[ep 053] val_sel AUC=0.9152 acc=0.7816
[ep 054] val_sel AUC=0.9144 acc=0.7890
[ep 055] val_sel AUC=0.9156 acc=0.7686
[ep 056] val_sel AUC=0.8713 acc=0.7353
[ep 057] val_sel AUC=0.9229 acc=0.8071
[ep 058] val_sel AUC=0.9287 acc=0.8107
[ep 059] val_sel AUC=0.9259 acc=0.8109
[ep 060] val_sel AUC=0.9269 acc=0.8239
[ep 061] val_sel AUC=0.9338 acc=0.8324
[ep 062] val_sel AUC=0.9186 acc=0.7861
[ep 063] val_sel AUC=0.9075 acc=0.7883
[ep 064] val_sel AUC=0.9207 acc=0.7901
[ep 065] val_sel AUC=0.9313 acc=0.8331
[ep 066] val_sel AUC=0.9056 acc=0.7330
[ep 067] val_sel AUC=0.9227 acc=0.8190
[ep 068] val_sel AUC=0.9265 acc=0.8183
[ep 069] val_sel AUC=0.9318 acc=0.8313
[ep 070] val_sel AUC=0.9269 acc=0.8067
[ep 071] val_sel AUC=0.9323 acc=0.8208
[ep 072] val_sel AUC=0.9371 acc=0.8452
[ep 073] val_sel AUC=0.9301 acc=0.8188
[ep 074] val_sel AUC=0.9355 acc=0.8371
[ep 075] val_sel AUC=0.9368 acc=0.8400
[ep 076] val_sel AUC=0.9356 acc=0.8400
[ep 077] val_sel AUC=0.9366 acc=0.8454
[ep 078] val_sel AUC=0.9285 acc=0.8232
[ep 079] val_sel AUC=0.9365 acc=0.8398
[ep 080] val_sel AUC=0.9379 acc=0.8523
[ep 081] val_sel AUC=0.9366 acc=0.8521
[ep 082] val_sel AUC=0.9388 acc=0.8510
[ep 083] val_sel AUC=0.9391 acc=0.8559
[ep 084] val_sel AUC=0.9388 acc=0.8599
[ep 085] val_sel AUC=0.9392 acc=0.8546
[ep 086] val_sel AUC=0.9387 acc=0.8590
[ep 087] val_sel AUC=0.9319 acc=0.8087
[ep 088] val_sel AUC=0.9404 acc=0.8586
[ep 089] val_sel AUC=0.9408 acc=0.8588
[ep 090] val_sel AUC=0.9408 acc=0.8597
[ep 091] val_sel AUC=0.9406 acc=0.8597
[ep 092] val_sel AUC=0.9408 acc=0.8608
[ep 093] val_sel AUC=0.9408 acc=0.8613
[ep 094] val_sel AUC=0.9408 acc=0.8610
[ep 095] val_sel AUC=0.9409 acc=0.8606
[ep 096] val_sel AUC=0.9408 acc=0.8608
============================================================
TEST (best val_sel epoch, held-out, evaluated once)
============================================================
[DONE-QPE2] embed=skew48 model_III N=250 seed=59 test_AUC=0.9351 val_sel_AUC=0.9409 per_class=(axion=0.9470 cdm=0.8801 no_sub=0.9780) params=203508 embed_params=49 R_frob_drift=1.3909279108047485
