[INFO] QPE2 D=64 P=8 depth=4 | embed=skew48 | data=model_III N/class=250 seed=42 split_seed=0 | params=203508 embed_params=49 lr=0.001 epochs=96 bs=32 | train(750, 64, 64) val_sel(4469, 64, 64) test(4470, 64, 64) device=cuda
[ep 001] val_sel AUC=0.5594 acc=0.3285
[ep 002] val_sel AUC=0.5699 acc=0.3283
[ep 003] val_sel AUC=0.5661 acc=0.3283
[ep 004] val_sel AUC=0.5720 acc=0.3283
[ep 005] val_sel AUC=0.5728 acc=0.3285
[ep 006] val_sel AUC=0.5713 acc=0.3283
[ep 007] val_sel AUC=0.5629 acc=0.3433
[ep 008] val_sel AUC=0.5686 acc=0.3433
[ep 009] val_sel AUC=0.5582 acc=0.3433
[ep 010] val_sel AUC=0.5533 acc=0.3453
[ep 011] val_sel AUC=0.5461 acc=0.3433
[ep 012] val_sel AUC=0.5463 acc=0.3607
[ep 013] val_sel AUC=0.6074 acc=0.4435
[ep 014] val_sel AUC=0.6553 acc=0.4551
[ep 015] val_sel AUC=0.7447 acc=0.5276
[ep 016] val_sel AUC=0.8040 acc=0.6429
[ep 017] val_sel AUC=0.8048 acc=0.6147
[ep 018] val_sel AUC=0.8376 acc=0.6740
[ep 019] val_sel AUC=0.8619 acc=0.6751
[ep 020] val_sel AUC=0.8430 acc=0.6435
[ep 021] val_sel AUC=0.8698 acc=0.7040
[ep 022] val_sel AUC=0.8828 acc=0.7297
[ep 023] val_sel AUC=0.9015 acc=0.7518
[ep 024] val_sel AUC=0.9089 acc=0.7859
[ep 025] val_sel AUC=0.9124 acc=0.8033
[ep 026] val_sel AUC=0.9032 acc=0.7758
[ep 027] val_sel AUC=0.9173 acc=0.7955
[ep 028] val_sel AUC=0.9218 acc=0.8129
[ep 029] val_sel AUC=0.9226 acc=0.8165
[ep 030] val_sel AUC=0.9243 acc=0.8154
[ep 031] val_sel AUC=0.9235 acc=0.8199
[ep 032] val_sel AUC=0.9238 acc=0.8210
[ep 033] val_sel AUC=0.8233 acc=0.6655
[ep 034] val_sel AUC=0.8495 acc=0.6733
[ep 035] val_sel AUC=0.8680 acc=0.7082
[ep 036] val_sel AUC=0.8950 acc=0.7254
[ep 037] val_sel AUC=0.8708 acc=0.7151
[ep 038] val_sel AUC=0.8998 acc=0.7418
[ep 039] val_sel AUC=0.9077 acc=0.7883
[ep 040] val_sel AUC=0.8993 acc=0.7733
[ep 041] val_sel AUC=0.9076 acc=0.7783
[ep 042] val_sel AUC=0.8976 acc=0.7326
[ep 043] val_sel AUC=0.9040 acc=0.7671
[ep 044] val_sel AUC=0.9079 acc=0.7612
[ep 045] val_sel AUC=0.9252 acc=0.8031
[ep 046] val_sel AUC=0.9173 acc=0.8049
[ep 047] val_sel AUC=0.9211 acc=0.8165
[ep 048] val_sel AUC=0.9162 acc=0.7630
[ep 049] val_sel AUC=0.8989 acc=0.7458
[ep 050] val_sel AUC=0.9249 acc=0.8102
[ep 051] val_sel AUC=0.9279 acc=0.8020
[ep 052] val_sel AUC=0.9120 acc=0.7955
[ep 053] val_sel AUC=0.9194 acc=0.7937
[ep 054] val_sel AUC=0.9246 acc=0.8107
[ep 055] val_sel AUC=0.8964 acc=0.7675
[ep 056] val_sel AUC=0.9052 acc=0.7738
[ep 057] val_sel AUC=0.9265 acc=0.7923
[ep 058] val_sel AUC=0.8521 acc=0.6142
[ep 059] val_sel AUC=0.9192 acc=0.7601
[ep 060] val_sel AUC=0.9375 acc=0.8340
[ep 061] val_sel AUC=0.9363 acc=0.8317
[ep 062] val_sel AUC=0.9196 acc=0.8089
[ep 063] val_sel AUC=0.9240 acc=0.8076
[ep 064] val_sel AUC=0.9287 acc=0.8281
[ep 065] val_sel AUC=0.9385 acc=0.8353
[ep 066] val_sel AUC=0.9380 acc=0.8416
[ep 067] val_sel AUC=0.9100 acc=0.7689
[ep 068] val_sel AUC=0.9341 acc=0.8235
[ep 069] val_sel AUC=0.9372 acc=0.8297
[ep 070] val_sel AUC=0.9427 acc=0.8512
[ep 071] val_sel AUC=0.9262 acc=0.8087
[ep 072] val_sel AUC=0.9338 acc=0.8219
[ep 073] val_sel AUC=0.9301 acc=0.8275
[ep 074] val_sel AUC=0.9408 acc=0.8532
[ep 075] val_sel AUC=0.9373 acc=0.8364
[ep 076] val_sel AUC=0.9384 acc=0.8391
[ep 077] val_sel AUC=0.9346 acc=0.8328
[ep 078] val_sel AUC=0.9370 acc=0.8132
[ep 079] val_sel AUC=0.9261 acc=0.8111
[ep 080] val_sel AUC=0.9449 acc=0.8465
[ep 081] val_sel AUC=0.9442 acc=0.8566
[ep 082] val_sel AUC=0.9439 acc=0.8577
[ep 083] val_sel AUC=0.9461 acc=0.8606
[ep 084] val_sel AUC=0.9431 acc=0.8557
[ep 085] val_sel AUC=0.9428 acc=0.8461
[ep 086] val_sel AUC=0.9426 acc=0.8422
[ep 087] val_sel AUC=0.9409 acc=0.8485
[ep 088] val_sel AUC=0.9441 acc=0.8584
[ep 089] val_sel AUC=0.9447 acc=0.8624
[ep 090] val_sel AUC=0.9446 acc=0.8622
[ep 091] val_sel AUC=0.9430 acc=0.8601
[ep 092] val_sel AUC=0.9444 acc=0.8610
[ep 093] val_sel AUC=0.9440 acc=0.8617
[ep 094] val_sel AUC=0.9441 acc=0.8615
[ep 095] val_sel AUC=0.9442 acc=0.8617
[ep 096] val_sel AUC=0.9441 acc=0.8613
============================================================
TEST (best val_sel epoch, held-out, evaluated once)
============================================================
[DONE-QPE2] embed=skew48 model_III N=250 seed=42 test_AUC=0.9396 val_sel_AUC=0.9461 per_class=(axion=0.9532 cdm=0.8894 no_sub=0.9763) params=203508 embed_params=49 R_frob_drift=1.3606208562850952
