[INFO] QPE2 D=64 P=8 depth=4 | embed=skew48 | data=model_III N/class=100 seed=43 split_seed=0 | params=203508 embed_params=49 lr=0.001 epochs=96 bs=32 | train(300, 64, 64) val_sel(4469, 64, 64) test(4470, 64, 64) device=cuda
[ep 001] val_sel AUC=0.5110 acc=0.3433
[ep 002] val_sel AUC=0.5116 acc=0.3285
[ep 003] val_sel AUC=0.5198 acc=0.3283
[ep 004] val_sel AUC=0.5226 acc=0.3285
[ep 005] val_sel AUC=0.5257 acc=0.3433
[ep 006] val_sel AUC=0.5291 acc=0.3283
[ep 007] val_sel AUC=0.5306 acc=0.3285
[ep 008] val_sel AUC=0.5324 acc=0.3285
[ep 009] val_sel AUC=0.5332 acc=0.3433
[ep 010] val_sel AUC=0.5349 acc=0.3283
[ep 011] val_sel AUC=0.5360 acc=0.3495
[ep 012] val_sel AUC=0.5327 acc=0.3285
[ep 013] val_sel AUC=0.5275 acc=0.3283
[ep 014] val_sel AUC=0.5301 acc=0.3285
[ep 015] val_sel AUC=0.5251 acc=0.3283
[ep 016] val_sel AUC=0.5251 acc=0.3491
[ep 017] val_sel AUC=0.5270 acc=0.3437
[ep 018] val_sel AUC=0.5265 acc=0.3459
[ep 019] val_sel AUC=0.5238 acc=0.3477
[ep 020] val_sel AUC=0.5253 acc=0.3437
[ep 021] val_sel AUC=0.5271 acc=0.3466
[ep 022] val_sel AUC=0.5371 acc=0.3535
[ep 023] val_sel AUC=0.5241 acc=0.3486
[ep 024] val_sel AUC=0.5243 acc=0.3520
[ep 025] val_sel AUC=0.5240 acc=0.3488
[ep 026] val_sel AUC=0.5246 acc=0.3513
[ep 027] val_sel AUC=0.5247 acc=0.3509
[ep 028] val_sel AUC=0.5250 acc=0.3495
[ep 029] val_sel AUC=0.5251 acc=0.3471
[ep 030] val_sel AUC=0.5251 acc=0.3488
[ep 031] val_sel AUC=0.5251 acc=0.3502
[ep 032] val_sel AUC=0.5250 acc=0.3506
[ep 033] val_sel AUC=0.5293 acc=0.3511
[ep 034] val_sel AUC=0.5310 acc=0.3524
[ep 035] val_sel AUC=0.5677 acc=0.3676
[ep 036] val_sel AUC=0.5672 acc=0.3567
[ep 037] val_sel AUC=0.5676 acc=0.3824
[ep 038] val_sel AUC=0.6144 acc=0.4070
[ep 039] val_sel AUC=0.6345 acc=0.3864
[ep 040] val_sel AUC=0.6866 acc=0.4963
[ep 041] val_sel AUC=0.7056 acc=0.4804
[ep 042] val_sel AUC=0.7241 acc=0.5328
[ep 043] val_sel AUC=0.7853 acc=0.5813
[ep 044] val_sel AUC=0.7488 acc=0.5373
[ep 045] val_sel AUC=0.7792 acc=0.6026
[ep 046] val_sel AUC=0.7999 acc=0.6093
[ep 047] val_sel AUC=0.7907 acc=0.5970
[ep 048] val_sel AUC=0.8295 acc=0.6281
[ep 049] val_sel AUC=0.8502 acc=0.6977
[ep 050] val_sel AUC=0.8026 acc=0.6225
[ep 051] val_sel AUC=0.8495 acc=0.6840
[ep 052] val_sel AUC=0.8550 acc=0.6937
[ep 053] val_sel AUC=0.8587 acc=0.6943
[ep 054] val_sel AUC=0.8441 acc=0.6744
[ep 055] val_sel AUC=0.8581 acc=0.6964
[ep 056] val_sel AUC=0.8547 acc=0.6758
[ep 057] val_sel AUC=0.8612 acc=0.6854
[ep 058] val_sel AUC=0.8367 acc=0.6536
[ep 059] val_sel AUC=0.8581 acc=0.7040
[ep 060] val_sel AUC=0.8578 acc=0.6758
[ep 061] val_sel AUC=0.8640 acc=0.7145
[ep 062] val_sel AUC=0.8448 acc=0.6556
[ep 063] val_sel AUC=0.8813 acc=0.7353
[ep 064] val_sel AUC=0.8880 acc=0.7449
[ep 065] val_sel AUC=0.8831 acc=0.7554
[ep 066] val_sel AUC=0.8674 acc=0.7028
[ep 067] val_sel AUC=0.8627 acc=0.6800
[ep 068] val_sel AUC=0.8866 acc=0.7404
[ep 069] val_sel AUC=0.8852 acc=0.7621
[ep 070] val_sel AUC=0.8926 acc=0.7603
[ep 071] val_sel AUC=0.8867 acc=0.7686
[ep 072] val_sel AUC=0.8897 acc=0.7825
[ep 073] val_sel AUC=0.8983 acc=0.7776
[ep 074] val_sel AUC=0.8880 acc=0.7458
[ep 075] val_sel AUC=0.8916 acc=0.7563
[ep 076] val_sel AUC=0.8823 acc=0.7494
[ep 077] val_sel AUC=0.8983 acc=0.7650
[ep 078] val_sel AUC=0.9010 acc=0.7713
[ep 079] val_sel AUC=0.8949 acc=0.7731
[ep 080] val_sel AUC=0.9001 acc=0.7874
[ep 081] val_sel AUC=0.8945 acc=0.7736
[ep 082] val_sel AUC=0.8979 acc=0.7868
[ep 083] val_sel AUC=0.8969 acc=0.7872
[ep 084] val_sel AUC=0.8946 acc=0.7850
[ep 085] val_sel AUC=0.8947 acc=0.7838
[ep 086] val_sel AUC=0.8931 acc=0.7829
[ep 087] val_sel AUC=0.8928 acc=0.7841
[ep 088] val_sel AUC=0.8926 acc=0.7888
[ep 089] val_sel AUC=0.8907 acc=0.7874
[ep 090] val_sel AUC=0.8912 acc=0.7881
[ep 091] val_sel AUC=0.8905 acc=0.7888
[ep 092] val_sel AUC=0.8904 acc=0.7872
[ep 093] val_sel AUC=0.8896 acc=0.7863
[ep 094] val_sel AUC=0.8900 acc=0.7879
[ep 095] val_sel AUC=0.8900 acc=0.7881
[ep 096] val_sel AUC=0.8901 acc=0.7885
============================================================
TEST (best val_sel epoch, held-out, evaluated once)
============================================================
[DONE-QPE2] embed=skew48 model_III N=100 seed=43 test_AUC=0.8971 val_sel_AUC=0.9010 per_class=(axion=0.9243 cdm=0.8088 no_sub=0.9581) params=203508 embed_params=49 R_frob_drift=1.3666186332702637
