[INFO] QPE2 D=64 P=8 depth=4 | embed=skew48 | data=model_II N/class=250 seed=49 split_seed=0 | params=203508 embed_params=49 lr=0.001 epochs=96 bs=32 | train(750, 64, 64) val_sel(4455, 64, 64) test(4455, 64, 64) device=cuda
[ep 001] val_sel AUC=0.5573 acc=0.3291
[ep 002] val_sel AUC=0.5661 acc=0.3473
[ep 003] val_sel AUC=0.5625 acc=0.3237
[ep 004] val_sel AUC=0.5629 acc=0.3291
[ep 005] val_sel AUC=0.5564 acc=0.3473
[ep 006] val_sel AUC=0.5509 acc=0.3237
[ep 007] val_sel AUC=0.5427 acc=0.3291
[ep 008] val_sel AUC=0.5397 acc=0.3291
[ep 009] val_sel AUC=0.5336 acc=0.3437
[ep 010] val_sel AUC=0.5300 acc=0.3387
[ep 011] val_sel AUC=0.5381 acc=0.3574
[ep 012] val_sel AUC=0.5430 acc=0.3591
[ep 013] val_sel AUC=0.5529 acc=0.3600
[ep 014] val_sel AUC=0.5762 acc=0.3704
[ep 015] val_sel AUC=0.5928 acc=0.3437
[ep 016] val_sel AUC=0.6369 acc=0.4422
[ep 017] val_sel AUC=0.7243 acc=0.5230
[ep 018] val_sel AUC=0.7473 acc=0.4669
[ep 019] val_sel AUC=0.8012 acc=0.6487
[ep 020] val_sel AUC=0.7798 acc=0.5749
[ep 021] val_sel AUC=0.8489 acc=0.6795
[ep 022] val_sel AUC=0.8636 acc=0.7008
[ep 023] val_sel AUC=0.8726 acc=0.7239
[ep 024] val_sel AUC=0.8818 acc=0.7338
[ep 025] val_sel AUC=0.8841 acc=0.7464
[ep 026] val_sel AUC=0.8876 acc=0.7378
[ep 027] val_sel AUC=0.8908 acc=0.7540
[ep 028] val_sel AUC=0.8920 acc=0.7580
[ep 029] val_sel AUC=0.8943 acc=0.7562
[ep 030] val_sel AUC=0.8953 acc=0.7614
[ep 031] val_sel AUC=0.8962 acc=0.7600
[ep 032] val_sel AUC=0.8962 acc=0.7612
[ep 033] val_sel AUC=0.7689 acc=0.5811
[ep 034] val_sel AUC=0.8588 acc=0.6824
[ep 035] val_sel AUC=0.8370 acc=0.6819
[ep 036] val_sel AUC=0.8703 acc=0.7286
[ep 037] val_sel AUC=0.8701 acc=0.7095
[ep 038] val_sel AUC=0.8931 acc=0.7735
[ep 039] val_sel AUC=0.8634 acc=0.6759
[ep 040] val_sel AUC=0.8480 acc=0.6566
[ep 041] val_sel AUC=0.8678 acc=0.7338
[ep 042] val_sel AUC=0.8791 acc=0.7596
[ep 043] val_sel AUC=0.8626 acc=0.7033
[ep 044] val_sel AUC=0.8906 acc=0.7434
[ep 045] val_sel AUC=0.8568 acc=0.6738
[ep 046] val_sel AUC=0.9015 acc=0.7549
[ep 047] val_sel AUC=0.8908 acc=0.7576
[ep 048] val_sel AUC=0.9134 acc=0.7982
[ep 049] val_sel AUC=0.8838 acc=0.7475
[ep 050] val_sel AUC=0.9039 acc=0.7668
[ep 051] val_sel AUC=0.9016 acc=0.7666
[ep 052] val_sel AUC=0.9150 acc=0.8094
[ep 053] val_sel AUC=0.8772 acc=0.7064
[ep 054] val_sel AUC=0.9028 acc=0.7715
[ep 055] val_sel AUC=0.9075 acc=0.7603
[ep 056] val_sel AUC=0.9172 acc=0.7903
[ep 057] val_sel AUC=0.9175 acc=0.7987
[ep 058] val_sel AUC=0.9077 acc=0.7785
[ep 059] val_sel AUC=0.9269 acc=0.8296
[ep 060] val_sel AUC=0.9141 acc=0.7670
[ep 061] val_sel AUC=0.8858 acc=0.7149
[ep 062] val_sel AUC=0.9106 acc=0.7969
[ep 063] val_sel AUC=0.9119 acc=0.7953
[ep 064] val_sel AUC=0.9269 acc=0.8249
[ep 065] val_sel AUC=0.9241 acc=0.8215
[ep 066] val_sel AUC=0.9185 acc=0.8029
[ep 067] val_sel AUC=0.9193 acc=0.8013
[ep 068] val_sel AUC=0.9235 acc=0.8148
[ep 069] val_sel AUC=0.9229 acc=0.8263
[ep 070] val_sel AUC=0.9302 acc=0.8397
[ep 071] val_sel AUC=0.9054 acc=0.8081
[ep 072] val_sel AUC=0.9256 acc=0.8184
[ep 073] val_sel AUC=0.9272 acc=0.8328
[ep 074] val_sel AUC=0.9203 acc=0.8105
[ep 075] val_sel AUC=0.9259 acc=0.8247
[ep 076] val_sel AUC=0.9300 acc=0.8308
[ep 077] val_sel AUC=0.9277 acc=0.8305
[ep 078] val_sel AUC=0.9319 acc=0.8400
[ep 079] val_sel AUC=0.9325 acc=0.8422
[ep 080] val_sel AUC=0.9321 acc=0.8364
[ep 081] val_sel AUC=0.9329 acc=0.8393
[ep 082] val_sel AUC=0.9234 acc=0.8263
[ep 083] val_sel AUC=0.9305 acc=0.8375
[ep 084] val_sel AUC=0.9328 acc=0.8406
[ep 085] val_sel AUC=0.9306 acc=0.8444
[ep 086] val_sel AUC=0.9347 acc=0.8418
[ep 087] val_sel AUC=0.9345 acc=0.8451
[ep 088] val_sel AUC=0.9350 acc=0.8478
[ep 089] val_sel AUC=0.9341 acc=0.8431
[ep 090] val_sel AUC=0.9342 acc=0.8447
[ep 091] val_sel AUC=0.9344 acc=0.8485
[ep 092] val_sel AUC=0.9338 acc=0.8467
[ep 093] val_sel AUC=0.9347 acc=0.8478
[ep 094] val_sel AUC=0.9344 acc=0.8474
[ep 095] val_sel AUC=0.9341 acc=0.8476
[ep 096] val_sel AUC=0.9341 acc=0.8471
============================================================
TEST (best val_sel epoch, held-out, evaluated once)
============================================================
[DONE-QPE2] embed=skew48 model_II N=250 seed=49 test_AUC=0.9368 val_sel_AUC=0.9350 per_class=(axion=0.9379 cdm=0.8856 no_sub=0.9869) params=203508 embed_params=49 R_frob_drift=1.0018142461776733
