[INFO] QPE2 D=64 P=8 depth=4 | embed=skew48 | data=model_II N/class=100 seed=60 split_seed=0 | params=203508 embed_params=49 lr=0.001 epochs=96 bs=32 | train(300, 64, 64) val_sel(4455, 64, 64) test(4455, 64, 64) device=cuda
[ep 001] val_sel AUC=0.5170 acc=0.3473
[ep 002] val_sel AUC=0.5265 acc=0.3237
[ep 003] val_sel AUC=0.5250 acc=0.3291
[ep 004] val_sel AUC=0.5199 acc=0.3237
[ep 005] val_sel AUC=0.5170 acc=0.3473
[ep 006] val_sel AUC=0.5112 acc=0.3473
[ep 007] val_sel AUC=0.5090 acc=0.3291
[ep 008] val_sel AUC=0.5061 acc=0.3340
[ep 009] val_sel AUC=0.5004 acc=0.3473
[ep 010] val_sel AUC=0.5006 acc=0.3291
[ep 011] val_sel AUC=0.4937 acc=0.3473
[ep 012] val_sel AUC=0.4996 acc=0.3158
[ep 013] val_sel AUC=0.4963 acc=0.3140
[ep 014] val_sel AUC=0.4953 acc=0.3398
[ep 015] val_sel AUC=0.4960 acc=0.3282
[ep 016] val_sel AUC=0.4948 acc=0.3100
[ep 017] val_sel AUC=0.4965 acc=0.3102
[ep 018] val_sel AUC=0.4951 acc=0.3122
[ep 019] val_sel AUC=0.4967 acc=0.3160
[ep 020] val_sel AUC=0.4966 acc=0.3107
[ep 021] val_sel AUC=0.4972 acc=0.3134
[ep 022] val_sel AUC=0.4973 acc=0.3250
[ep 023] val_sel AUC=0.4984 acc=0.3158
[ep 024] val_sel AUC=0.4999 acc=0.3187
[ep 025] val_sel AUC=0.5008 acc=0.3181
[ep 026] val_sel AUC=0.5020 acc=0.3214
[ep 027] val_sel AUC=0.5023 acc=0.3192
[ep 028] val_sel AUC=0.5032 acc=0.3291
[ep 029] val_sel AUC=0.5034 acc=0.3320
[ep 030] val_sel AUC=0.5037 acc=0.3327
[ep 031] val_sel AUC=0.5037 acc=0.3324
[ep 032] val_sel AUC=0.5037 acc=0.3315
[ep 033] val_sel AUC=0.5068 acc=0.3461
[ep 034] val_sel AUC=0.5218 acc=0.3423
[ep 035] val_sel AUC=0.5334 acc=0.3670
[ep 036] val_sel AUC=0.5341 acc=0.3553
[ep 037] val_sel AUC=0.5407 acc=0.3567
[ep 038] val_sel AUC=0.5401 acc=0.3441
[ep 039] val_sel AUC=0.5485 acc=0.3517
[ep 040] val_sel AUC=0.5623 acc=0.3921
[ep 041] val_sel AUC=0.5766 acc=0.3906
[ep 042] val_sel AUC=0.5773 acc=0.3650
[ep 043] val_sel AUC=0.5774 acc=0.3903
[ep 044] val_sel AUC=0.6017 acc=0.4238
[ep 045] val_sel AUC=0.6490 acc=0.4709
[ep 046] val_sel AUC=0.6377 acc=0.4314
[ep 047] val_sel AUC=0.6519 acc=0.4361
[ep 048] val_sel AUC=0.6672 acc=0.4822
[ep 049] val_sel AUC=0.6769 acc=0.4772
[ep 050] val_sel AUC=0.6699 acc=0.4685
[ep 051] val_sel AUC=0.6934 acc=0.4911
[ep 052] val_sel AUC=0.7451 acc=0.4891
[ep 053] val_sel AUC=0.7277 acc=0.5131
[ep 054] val_sel AUC=0.7502 acc=0.5448
[ep 055] val_sel AUC=0.7570 acc=0.5769
[ep 056] val_sel AUC=0.7614 acc=0.5870
[ep 057] val_sel AUC=0.7639 acc=0.5742
[ep 058] val_sel AUC=0.7887 acc=0.5897
[ep 059] val_sel AUC=0.7872 acc=0.6126
[ep 060] val_sel AUC=0.8031 acc=0.5820
[ep 061] val_sel AUC=0.7908 acc=0.6083
[ep 062] val_sel AUC=0.7971 acc=0.6263
[ep 063] val_sel AUC=0.8166 acc=0.6521
[ep 064] val_sel AUC=0.8068 acc=0.6081
[ep 065] val_sel AUC=0.7813 acc=0.5432
[ep 066] val_sel AUC=0.7934 acc=0.5630
[ep 067] val_sel AUC=0.8162 acc=0.6519
[ep 068] val_sel AUC=0.8227 acc=0.6487
[ep 069] val_sel AUC=0.7921 acc=0.5731
[ep 070] val_sel AUC=0.8166 acc=0.6240
[ep 071] val_sel AUC=0.8204 acc=0.6514
[ep 072] val_sel AUC=0.8245 acc=0.6599
[ep 073] val_sel AUC=0.8290 acc=0.6496
[ep 074] val_sel AUC=0.8032 acc=0.5930
[ep 075] val_sel AUC=0.8278 acc=0.6478
[ep 076] val_sel AUC=0.8288 acc=0.6691
[ep 077] val_sel AUC=0.8250 acc=0.6536
[ep 078] val_sel AUC=0.8306 acc=0.6471
[ep 079] val_sel AUC=0.8313 acc=0.6725
[ep 080] val_sel AUC=0.8313 acc=0.6559
[ep 081] val_sel AUC=0.8263 acc=0.6568
[ep 082] val_sel AUC=0.8307 acc=0.6754
[ep 083] val_sel AUC=0.8280 acc=0.6532
[ep 084] val_sel AUC=0.8336 acc=0.6752
[ep 085] val_sel AUC=0.8336 acc=0.6741
[ep 086] val_sel AUC=0.8353 acc=0.6781
[ep 087] val_sel AUC=0.8353 acc=0.6808
[ep 088] val_sel AUC=0.8357 acc=0.6799
[ep 089] val_sel AUC=0.8373 acc=0.6819
[ep 090] val_sel AUC=0.8372 acc=0.6813
[ep 091] val_sel AUC=0.8373 acc=0.6815
[ep 092] val_sel AUC=0.8376 acc=0.6826
[ep 093] val_sel AUC=0.8372 acc=0.6799
[ep 094] val_sel AUC=0.8372 acc=0.6774
[ep 095] val_sel AUC=0.8372 acc=0.6777
[ep 096] val_sel AUC=0.8373 acc=0.6779
============================================================
TEST (best val_sel epoch, held-out, evaluated once)
============================================================
[DONE-QPE2] embed=skew48 model_II N=100 seed=60 test_AUC=0.8473 val_sel_AUC=0.8376 per_class=(axion=0.9039 cdm=0.7030 no_sub=0.9350) params=203508 embed_params=49 R_frob_drift=1.2700916528701782
