[INFO] QPE2 D=64 P=8 depth=4 | embed=skew48 | data=model_III N/class=250 seed=60 split_seed=0 | params=203508 embed_params=49 lr=0.001 epochs=96 bs=32 | train(750, 64, 64) val_sel(4469, 64, 64) test(4470, 64, 64) device=cuda
[ep 001] val_sel AUC=0.5623 acc=0.3283
[ep 002] val_sel AUC=0.5699 acc=0.3285
[ep 003] val_sel AUC=0.5622 acc=0.3433
[ep 004] val_sel AUC=0.5602 acc=0.3285
[ep 005] val_sel AUC=0.5514 acc=0.3285
[ep 006] val_sel AUC=0.5495 acc=0.3433
[ep 007] val_sel AUC=0.5338 acc=0.3433
[ep 008] val_sel AUC=0.5415 acc=0.3518
[ep 009] val_sel AUC=0.5828 acc=0.3285
[ep 010] val_sel AUC=0.5725 acc=0.3285
[ep 011] val_sel AUC=0.5801 acc=0.3934
[ep 012] val_sel AUC=0.6161 acc=0.4026
[ep 013] val_sel AUC=0.6751 acc=0.4529
[ep 014] val_sel AUC=0.7321 acc=0.5388
[ep 015] val_sel AUC=0.8164 acc=0.6324
[ep 016] val_sel AUC=0.8582 acc=0.6641
[ep 017] val_sel AUC=0.8667 acc=0.7275
[ep 018] val_sel AUC=0.9000 acc=0.7395
[ep 019] val_sel AUC=0.8689 acc=0.6887
[ep 020] val_sel AUC=0.8858 acc=0.7147
[ep 021] val_sel AUC=0.8936 acc=0.7310
[ep 022] val_sel AUC=0.9109 acc=0.7697
[ep 023] val_sel AUC=0.9135 acc=0.7650
[ep 024] val_sel AUC=0.9192 acc=0.7957
[ep 025] val_sel AUC=0.9161 acc=0.7740
[ep 026] val_sel AUC=0.9186 acc=0.7834
[ep 027] val_sel AUC=0.9247 acc=0.8107
[ep 028] val_sel AUC=0.9287 acc=0.8199
[ep 029] val_sel AUC=0.9280 acc=0.8210
[ep 030] val_sel AUC=0.9301 acc=0.8246
[ep 031] val_sel AUC=0.9303 acc=0.8246
[ep 032] val_sel AUC=0.9302 acc=0.8257
[ep 033] val_sel AUC=0.8578 acc=0.6789
[ep 034] val_sel AUC=0.8986 acc=0.7252
[ep 035] val_sel AUC=0.8984 acc=0.7483
[ep 036] val_sel AUC=0.8509 acc=0.6422
[ep 037] val_sel AUC=0.9008 acc=0.7617
[ep 038] val_sel AUC=0.9201 acc=0.7962
[ep 039] val_sel AUC=0.8899 acc=0.7308
[ep 040] val_sel AUC=0.9241 acc=0.7592
[ep 041] val_sel AUC=0.9233 acc=0.8038
[ep 042] val_sel AUC=0.8971 acc=0.7738
[ep 043] val_sel AUC=0.9141 acc=0.7353
[ep 044] val_sel AUC=0.9104 acc=0.7628
[ep 045] val_sel AUC=0.9129 acc=0.7919
[ep 046] val_sel AUC=0.9073 acc=0.7292
[ep 047] val_sel AUC=0.8765 acc=0.7214
[ep 048] val_sel AUC=0.9113 acc=0.7827
[ep 049] val_sel AUC=0.8909 acc=0.7527
[ep 050] val_sel AUC=0.9090 acc=0.7469
[ep 051] val_sel AUC=0.9004 acc=0.7595
[ep 052] val_sel AUC=0.9273 acc=0.8120
[ep 053] val_sel AUC=0.9055 acc=0.7510
[ep 054] val_sel AUC=0.9311 acc=0.8270
[ep 055] val_sel AUC=0.9350 acc=0.8264
[ep 056] val_sel AUC=0.9292 acc=0.8165
[ep 057] val_sel AUC=0.9215 acc=0.8015
[ep 058] val_sel AUC=0.9256 acc=0.7816
[ep 059] val_sel AUC=0.9243 acc=0.8111
[ep 060] val_sel AUC=0.8989 acc=0.7753
[ep 061] val_sel AUC=0.9275 acc=0.8053
[ep 062] val_sel AUC=0.9294 acc=0.8322
[ep 063] val_sel AUC=0.9136 acc=0.7673
[ep 064] val_sel AUC=0.9214 acc=0.7977
[ep 065] val_sel AUC=0.9366 acc=0.8367
[ep 066] val_sel AUC=0.9319 acc=0.8268
[ep 067] val_sel AUC=0.9297 acc=0.8192
[ep 068] val_sel AUC=0.9305 acc=0.8337
[ep 069] val_sel AUC=0.9356 acc=0.8438
[ep 070] val_sel AUC=0.9356 acc=0.8409
[ep 071] val_sel AUC=0.9157 acc=0.7671
[ep 072] val_sel AUC=0.9345 acc=0.8170
[ep 073] val_sel AUC=0.9371 acc=0.8467
[ep 074] val_sel AUC=0.9267 acc=0.8214
[ep 075] val_sel AUC=0.9266 acc=0.8199
[ep 076] val_sel AUC=0.9285 acc=0.8393
[ep 077] val_sel AUC=0.9345 acc=0.8490
[ep 078] val_sel AUC=0.9353 acc=0.8494
[ep 079] val_sel AUC=0.9320 acc=0.8232
[ep 080] val_sel AUC=0.9363 acc=0.8469
[ep 081] val_sel AUC=0.9350 acc=0.8503
[ep 082] val_sel AUC=0.9379 acc=0.8525
[ep 083] val_sel AUC=0.9359 acc=0.8505
[ep 084] val_sel AUC=0.9354 acc=0.8530
[ep 085] val_sel AUC=0.9335 acc=0.8530
[ep 086] val_sel AUC=0.9347 acc=0.8541
[ep 087] val_sel AUC=0.9345 acc=0.8546
[ep 088] val_sel AUC=0.9347 acc=0.8431
[ep 089] val_sel AUC=0.9335 acc=0.8521
[ep 090] val_sel AUC=0.9331 acc=0.8521
[ep 091] val_sel AUC=0.9325 acc=0.8523
[ep 092] val_sel AUC=0.9324 acc=0.8507
[ep 093] val_sel AUC=0.9320 acc=0.8514
[ep 094] val_sel AUC=0.9319 acc=0.8501
[ep 095] val_sel AUC=0.9316 acc=0.8501
[ep 096] val_sel AUC=0.9316 acc=0.8503
============================================================
TEST (best val_sel epoch, held-out, evaluated once)
============================================================
[DONE-QPE2] embed=skew48 model_III N=250 seed=60 test_AUC=0.9341 val_sel_AUC=0.9379 per_class=(axion=0.9438 cdm=0.8775 no_sub=0.9810) params=203508 embed_params=49 R_frob_drift=1.47361421585083
