[INFO] QPE2 D=64 P=8 depth=4 | embed=skew48 | data=model_III N/class=100 seed=47 split_seed=0 | params=203508 embed_params=49 lr=0.001 epochs=96 bs=32 | train(300, 64, 64) val_sel(4469, 64, 64) test(4470, 64, 64) device=cuda
[ep 001] val_sel AUC=0.5395 acc=0.3283
[ep 002] val_sel AUC=0.5305 acc=0.3285
[ep 003] val_sel AUC=0.5383 acc=0.3433
[ep 004] val_sel AUC=0.5431 acc=0.3285
[ep 005] val_sel AUC=0.5463 acc=0.3433
[ep 006] val_sel AUC=0.5508 acc=0.3283
[ep 007] val_sel AUC=0.5588 acc=0.3285
[ep 008] val_sel AUC=0.5666 acc=0.3665
[ep 009] val_sel AUC=0.5721 acc=0.3433
[ep 010] val_sel AUC=0.5741 acc=0.3283
[ep 011] val_sel AUC=0.5753 acc=0.3285
[ep 012] val_sel AUC=0.5732 acc=0.3433
[ep 013] val_sel AUC=0.5753 acc=0.3285
[ep 014] val_sel AUC=0.5735 acc=0.3283
[ep 015] val_sel AUC=0.5716 acc=0.3433
[ep 016] val_sel AUC=0.5709 acc=0.3433
[ep 017] val_sel AUC=0.5716 acc=0.3450
[ep 018] val_sel AUC=0.5675 acc=0.3417
[ep 019] val_sel AUC=0.5686 acc=0.3354
[ep 020] val_sel AUC=0.5693 acc=0.3433
[ep 021] val_sel AUC=0.5707 acc=0.3466
[ep 022] val_sel AUC=0.5684 acc=0.3527
[ep 023] val_sel AUC=0.5709 acc=0.3667
[ep 024] val_sel AUC=0.5711 acc=0.3761
[ep 025] val_sel AUC=0.5702 acc=0.3858
[ep 026] val_sel AUC=0.5706 acc=0.3797
[ep 027] val_sel AUC=0.5711 acc=0.3766
[ep 028] val_sel AUC=0.5717 acc=0.3764
[ep 029] val_sel AUC=0.5721 acc=0.3779
[ep 030] val_sel AUC=0.5721 acc=0.3764
[ep 031] val_sel AUC=0.5723 acc=0.3764
[ep 032] val_sel AUC=0.5723 acc=0.3768
[ep 033] val_sel AUC=0.5790 acc=0.3860
[ep 034] val_sel AUC=0.6213 acc=0.3902
[ep 035] val_sel AUC=0.6187 acc=0.4184
[ep 036] val_sel AUC=0.6245 acc=0.4039
[ep 037] val_sel AUC=0.6610 acc=0.4979
[ep 038] val_sel AUC=0.7169 acc=0.5223
[ep 039] val_sel AUC=0.6899 acc=0.4654
[ep 040] val_sel AUC=0.7249 acc=0.4860
[ep 041] val_sel AUC=0.7439 acc=0.5415
[ep 042] val_sel AUC=0.7589 acc=0.5500
[ep 043] val_sel AUC=0.7140 acc=0.5343
[ep 044] val_sel AUC=0.7938 acc=0.5840
[ep 045] val_sel AUC=0.8184 acc=0.6458
[ep 046] val_sel AUC=0.8226 acc=0.6518
[ep 047] val_sel AUC=0.8213 acc=0.6440
[ep 048] val_sel AUC=0.8175 acc=0.6444
[ep 049] val_sel AUC=0.7762 acc=0.5860
[ep 050] val_sel AUC=0.8032 acc=0.6306
[ep 051] val_sel AUC=0.7854 acc=0.5780
[ep 052] val_sel AUC=0.8237 acc=0.6594
[ep 053] val_sel AUC=0.8253 acc=0.6350
[ep 054] val_sel AUC=0.8320 acc=0.6847
[ep 055] val_sel AUC=0.8469 acc=0.6899
[ep 056] val_sel AUC=0.8635 acc=0.7028
[ep 057] val_sel AUC=0.8693 acc=0.7185
[ep 058] val_sel AUC=0.8419 acc=0.6818
[ep 059] val_sel AUC=0.8492 acc=0.6984
[ep 060] val_sel AUC=0.8497 acc=0.6838
[ep 061] val_sel AUC=0.8643 acc=0.6964
[ep 062] val_sel AUC=0.8656 acc=0.7120
[ep 063] val_sel AUC=0.8647 acc=0.7104
[ep 064] val_sel AUC=0.8634 acc=0.7279
[ep 065] val_sel AUC=0.8538 acc=0.7203
[ep 066] val_sel AUC=0.8719 acc=0.7100
[ep 067] val_sel AUC=0.8598 acc=0.7279
[ep 068] val_sel AUC=0.8678 acc=0.7346
[ep 069] val_sel AUC=0.8680 acc=0.7353
[ep 070] val_sel AUC=0.8694 acc=0.7326
[ep 071] val_sel AUC=0.8788 acc=0.7474
[ep 072] val_sel AUC=0.8788 acc=0.7574
[ep 073] val_sel AUC=0.8675 acc=0.7216
[ep 074] val_sel AUC=0.8742 acc=0.7411
[ep 075] val_sel AUC=0.8612 acc=0.7297
[ep 076] val_sel AUC=0.8667 acc=0.7304
[ep 077] val_sel AUC=0.8709 acc=0.7501
[ep 078] val_sel AUC=0.8695 acc=0.7483
[ep 079] val_sel AUC=0.8700 acc=0.7565
[ep 080] val_sel AUC=0.8712 acc=0.7514
[ep 081] val_sel AUC=0.8735 acc=0.7610
[ep 082] val_sel AUC=0.8686 acc=0.7480
[ep 083] val_sel AUC=0.8739 acc=0.7595
[ep 084] val_sel AUC=0.8700 acc=0.7530
[ep 085] val_sel AUC=0.8746 acc=0.7610
[ep 086] val_sel AUC=0.8723 acc=0.7603
[ep 087] val_sel AUC=0.8725 acc=0.7630
[ep 088] val_sel AUC=0.8739 acc=0.7650
[ep 089] val_sel AUC=0.8735 acc=0.7599
[ep 090] val_sel AUC=0.8716 acc=0.7599
[ep 091] val_sel AUC=0.8722 acc=0.7612
[ep 092] val_sel AUC=0.8730 acc=0.7626
[ep 093] val_sel AUC=0.8731 acc=0.7626
[ep 094] val_sel AUC=0.8730 acc=0.7624
[ep 095] val_sel AUC=0.8730 acc=0.7626
[ep 096] val_sel AUC=0.8730 acc=0.7626
============================================================
TEST (best val_sel epoch, held-out, evaluated once)
============================================================
[DONE-QPE2] embed=skew48 model_III N=100 seed=47 test_AUC=0.8805 val_sel_AUC=0.8788 per_class=(axion=0.9308 cdm=0.7813 no_sub=0.9295) params=203508 embed_params=49 R_frob_drift=1.1451510190963745
