[INFO] QPE2 D=64 P=8 depth=4 | embed=skew48 | data=model_II N/class=250 seed=46 split_seed=0 | params=203508 embed_params=49 lr=0.001 epochs=96 bs=32 | train(750, 64, 64) val_sel(4455, 64, 64) test(4455, 64, 64) device=cuda
[ep 001] val_sel AUC=0.5071 acc=0.3237
[ep 002] val_sel AUC=0.5184 acc=0.3473
[ep 003] val_sel AUC=0.5234 acc=0.3473
[ep 004] val_sel AUC=0.5313 acc=0.3291
[ep 005] val_sel AUC=0.5357 acc=0.3237
[ep 006] val_sel AUC=0.5401 acc=0.3291
[ep 007] val_sel AUC=0.5418 acc=0.3473
[ep 008] val_sel AUC=0.5176 acc=0.3291
[ep 009] val_sel AUC=0.5174 acc=0.3356
[ep 010] val_sel AUC=0.5330 acc=0.3502
[ep 011] val_sel AUC=0.5598 acc=0.3641
[ep 012] val_sel AUC=0.5483 acc=0.3345
[ep 013] val_sel AUC=0.5597 acc=0.3762
[ep 014] val_sel AUC=0.5552 acc=0.3661
[ep 015] val_sel AUC=0.6464 acc=0.4519
[ep 016] val_sel AUC=0.6405 acc=0.4604
[ep 017] val_sel AUC=0.7686 acc=0.5996
[ep 018] val_sel AUC=0.7757 acc=0.5591
[ep 019] val_sel AUC=0.8339 acc=0.6465
[ep 020] val_sel AUC=0.8455 acc=0.6929
[ep 021] val_sel AUC=0.8582 acc=0.6936
[ep 022] val_sel AUC=0.8608 acc=0.7183
[ep 023] val_sel AUC=0.8313 acc=0.6451
[ep 024] val_sel AUC=0.8854 acc=0.7423
[ep 025] val_sel AUC=0.8898 acc=0.7529
[ep 026] val_sel AUC=0.8995 acc=0.7773
[ep 027] val_sel AUC=0.9052 acc=0.7769
[ep 028] val_sel AUC=0.9019 acc=0.7728
[ep 029] val_sel AUC=0.9026 acc=0.7731
[ep 030] val_sel AUC=0.9080 acc=0.7948
[ep 031] val_sel AUC=0.9069 acc=0.7883
[ep 032] val_sel AUC=0.9074 acc=0.7892
[ep 033] val_sel AUC=0.8485 acc=0.5820
[ep 034] val_sel AUC=0.8387 acc=0.6629
[ep 035] val_sel AUC=0.9006 acc=0.7481
[ep 036] val_sel AUC=0.8262 acc=0.6985
[ep 037] val_sel AUC=0.8593 acc=0.6972
[ep 038] val_sel AUC=0.9027 acc=0.7704
[ep 039] val_sel AUC=0.8960 acc=0.7594
[ep 040] val_sel AUC=0.8876 acc=0.7394
[ep 041] val_sel AUC=0.8931 acc=0.7468
[ep 042] val_sel AUC=0.9019 acc=0.7576
[ep 043] val_sel AUC=0.8754 acc=0.7226
[ep 044] val_sel AUC=0.8494 acc=0.6763
[ep 045] val_sel AUC=0.9073 acc=0.7639
[ep 046] val_sel AUC=0.8940 acc=0.7643
[ep 047] val_sel AUC=0.9086 acc=0.7973
[ep 048] val_sel AUC=0.9056 acc=0.7760
[ep 049] val_sel AUC=0.9078 acc=0.7978
[ep 050] val_sel AUC=0.9017 acc=0.7901
[ep 051] val_sel AUC=0.9107 acc=0.8092
[ep 052] val_sel AUC=0.8845 acc=0.7329
[ep 053] val_sel AUC=0.9109 acc=0.7960
[ep 054] val_sel AUC=0.9081 acc=0.8054
[ep 055] val_sel AUC=0.9127 acc=0.8067
[ep 056] val_sel AUC=0.9075 acc=0.7787
[ep 057] val_sel AUC=0.9164 acc=0.8056
[ep 058] val_sel AUC=0.8731 acc=0.7306
[ep 059] val_sel AUC=0.9067 acc=0.7957
[ep 060] val_sel AUC=0.9226 acc=0.8121
[ep 061] val_sel AUC=0.9223 acc=0.8108
[ep 062] val_sel AUC=0.9001 acc=0.7419
[ep 063] val_sel AUC=0.9183 acc=0.7996
[ep 064] val_sel AUC=0.9171 acc=0.8002
[ep 065] val_sel AUC=0.9226 acc=0.8110
[ep 066] val_sel AUC=0.9232 acc=0.8101
[ep 067] val_sel AUC=0.9261 acc=0.8281
[ep 068] val_sel AUC=0.9227 acc=0.8247
[ep 069] val_sel AUC=0.9265 acc=0.8343
[ep 070] val_sel AUC=0.9084 acc=0.7749
[ep 071] val_sel AUC=0.9238 acc=0.8110
[ep 072] val_sel AUC=0.9218 acc=0.8117
[ep 073] val_sel AUC=0.9230 acc=0.8180
[ep 074] val_sel AUC=0.9256 acc=0.8198
[ep 075] val_sel AUC=0.9278 acc=0.8258
[ep 076] val_sel AUC=0.9267 acc=0.8325
[ep 077] val_sel AUC=0.9262 acc=0.8207
[ep 078] val_sel AUC=0.9224 acc=0.8312
[ep 079] val_sel AUC=0.9291 acc=0.8377
[ep 080] val_sel AUC=0.9309 acc=0.8438
[ep 081] val_sel AUC=0.9278 acc=0.8323
[ep 082] val_sel AUC=0.9315 acc=0.8480
[ep 083] val_sel AUC=0.9316 acc=0.8492
[ep 084] val_sel AUC=0.9320 acc=0.8453
[ep 085] val_sel AUC=0.9329 acc=0.8492
[ep 086] val_sel AUC=0.9304 acc=0.8433
[ep 087] val_sel AUC=0.9326 acc=0.8478
[ep 088] val_sel AUC=0.9316 acc=0.8426
[ep 089] val_sel AUC=0.9316 acc=0.8435
[ep 090] val_sel AUC=0.9320 acc=0.8426
[ep 091] val_sel AUC=0.9313 acc=0.8422
[ep 092] val_sel AUC=0.9319 acc=0.8444
[ep 093] val_sel AUC=0.9319 acc=0.8449
[ep 094] val_sel AUC=0.9318 acc=0.8447
[ep 095] val_sel AUC=0.9318 acc=0.8449
[ep 096] val_sel AUC=0.9318 acc=0.8447
============================================================
TEST (best val_sel epoch, held-out, evaluated once)
============================================================
[DONE-QPE2] embed=skew48 model_II N=250 seed=46 test_AUC=0.9378 val_sel_AUC=0.9329 per_class=(axion=0.9417 cdm=0.8867 no_sub=0.9852) params=203508 embed_params=49 R_frob_drift=1.0351732969284058
