[INFO] QPE2 D=64 P=8 depth=4 | embed=skew48 | data=model_III N/class=100 seed=58 split_seed=0 | params=203508 embed_params=49 lr=0.001 epochs=96 bs=32 | train(300, 64, 64) val_sel(4469, 64, 64) test(4470, 64, 64) device=cuda
[ep 001] val_sel AUC=0.5287 acc=0.3433
[ep 002] val_sel AUC=0.5860 acc=0.3283
[ep 003] val_sel AUC=0.5706 acc=0.3433
[ep 004] val_sel AUC=0.5739 acc=0.3433
[ep 005] val_sel AUC=0.5767 acc=0.3283
[ep 006] val_sel AUC=0.5780 acc=0.3433
[ep 007] val_sel AUC=0.5751 acc=0.3283
[ep 008] val_sel AUC=0.5653 acc=0.3285
[ep 009] val_sel AUC=0.5670 acc=0.3433
[ep 010] val_sel AUC=0.5666 acc=0.3468
[ep 011] val_sel AUC=0.5604 acc=0.3433
[ep 012] val_sel AUC=0.5500 acc=0.3531
[ep 013] val_sel AUC=0.5474 acc=0.3397
[ep 014] val_sel AUC=0.5448 acc=0.3732
[ep 015] val_sel AUC=0.5440 acc=0.3522
[ep 016] val_sel AUC=0.5498 acc=0.3717
[ep 017] val_sel AUC=0.5500 acc=0.3529
[ep 018] val_sel AUC=0.5457 acc=0.3285
[ep 019] val_sel AUC=0.5498 acc=0.3475
[ep 020] val_sel AUC=0.5506 acc=0.3674
[ep 021] val_sel AUC=0.5533 acc=0.3708
[ep 022] val_sel AUC=0.5553 acc=0.3795
[ep 023] val_sel AUC=0.5574 acc=0.3800
[ep 024] val_sel AUC=0.5583 acc=0.3739
[ep 025] val_sel AUC=0.5605 acc=0.3795
[ep 026] val_sel AUC=0.5619 acc=0.3775
[ep 027] val_sel AUC=0.5639 acc=0.3829
[ep 028] val_sel AUC=0.5659 acc=0.3835
[ep 029] val_sel AUC=0.5676 acc=0.3867
[ep 030] val_sel AUC=0.5687 acc=0.3876
[ep 031] val_sel AUC=0.5690 acc=0.3858
[ep 032] val_sel AUC=0.5690 acc=0.3846
[ep 033] val_sel AUC=0.5791 acc=0.4090
[ep 034] val_sel AUC=0.6229 acc=0.4198
[ep 035] val_sel AUC=0.6604 acc=0.4715
[ep 036] val_sel AUC=0.6549 acc=0.4977
[ep 037] val_sel AUC=0.6578 acc=0.4699
[ep 038] val_sel AUC=0.7191 acc=0.4847
[ep 039] val_sel AUC=0.7437 acc=0.5317
[ep 040] val_sel AUC=0.6970 acc=0.4932
[ep 041] val_sel AUC=0.7104 acc=0.5021
[ep 042] val_sel AUC=0.7304 acc=0.5370
[ep 043] val_sel AUC=0.7603 acc=0.5737
[ep 044] val_sel AUC=0.7835 acc=0.5493
[ep 045] val_sel AUC=0.7650 acc=0.5388
[ep 046] val_sel AUC=0.7764 acc=0.5688
[ep 047] val_sel AUC=0.7982 acc=0.6084
[ep 048] val_sel AUC=0.8092 acc=0.6194
[ep 049] val_sel AUC=0.7795 acc=0.5762
[ep 050] val_sel AUC=0.8206 acc=0.6520
[ep 051] val_sel AUC=0.8183 acc=0.6505
[ep 052] val_sel AUC=0.8464 acc=0.6791
[ep 053] val_sel AUC=0.8362 acc=0.6469
[ep 054] val_sel AUC=0.8409 acc=0.6827
[ep 055] val_sel AUC=0.8415 acc=0.6885
[ep 056] val_sel AUC=0.7479 acc=0.4992
[ep 057] val_sel AUC=0.7919 acc=0.5717
[ep 058] val_sel AUC=0.8216 acc=0.6415
[ep 059] val_sel AUC=0.8488 acc=0.6930
[ep 060] val_sel AUC=0.8598 acc=0.7040
[ep 061] val_sel AUC=0.8473 acc=0.6574
[ep 062] val_sel AUC=0.8379 acc=0.6885
[ep 063] val_sel AUC=0.8482 acc=0.6823
[ep 064] val_sel AUC=0.8755 acc=0.7299
[ep 065] val_sel AUC=0.8759 acc=0.7400
[ep 066] val_sel AUC=0.8731 acc=0.7194
[ep 067] val_sel AUC=0.8425 acc=0.6496
[ep 068] val_sel AUC=0.8559 acc=0.6588
[ep 069] val_sel AUC=0.8792 acc=0.7286
[ep 070] val_sel AUC=0.8888 acc=0.7474
[ep 071] val_sel AUC=0.8760 acc=0.7395
[ep 072] val_sel AUC=0.8734 acc=0.7391
[ep 073] val_sel AUC=0.8722 acc=0.7310
[ep 074] val_sel AUC=0.8760 acc=0.7485
[ep 075] val_sel AUC=0.8814 acc=0.7433
[ep 076] val_sel AUC=0.8946 acc=0.7686
[ep 077] val_sel AUC=0.8943 acc=0.7642
[ep 078] val_sel AUC=0.8935 acc=0.7711
[ep 079] val_sel AUC=0.8762 acc=0.7330
[ep 080] val_sel AUC=0.8960 acc=0.7789
[ep 081] val_sel AUC=0.8910 acc=0.7626
[ep 082] val_sel AUC=0.8934 acc=0.7662
[ep 083] val_sel AUC=0.8950 acc=0.7756
[ep 084] val_sel AUC=0.8942 acc=0.7715
[ep 085] val_sel AUC=0.8902 acc=0.7659
[ep 086] val_sel AUC=0.8934 acc=0.7709
[ep 087] val_sel AUC=0.8957 acc=0.7765
[ep 088] val_sel AUC=0.8955 acc=0.7751
[ep 089] val_sel AUC=0.8945 acc=0.7736
[ep 090] val_sel AUC=0.8950 acc=0.7767
[ep 091] val_sel AUC=0.8947 acc=0.7765
[ep 092] val_sel AUC=0.8936 acc=0.7742
[ep 093] val_sel AUC=0.8939 acc=0.7740
[ep 094] val_sel AUC=0.8938 acc=0.7742
[ep 095] val_sel AUC=0.8938 acc=0.7738
[ep 096] val_sel AUC=0.8938 acc=0.7738
============================================================
TEST (best val_sel epoch, held-out, evaluated once)
============================================================
[DONE-QPE2] embed=skew48 model_III N=100 seed=58 test_AUC=0.8941 val_sel_AUC=0.8960 per_class=(axion=0.9265 cdm=0.8036 no_sub=0.9522) params=203508 embed_params=49 R_frob_drift=1.14701509475708
