[INFO] QPE2 D=64 P=8 depth=4 | embed=skew48 | data=model_III N/class=250 seed=44 split_seed=0 | params=203508 embed_params=49 lr=0.001 epochs=96 bs=32 | train(750, 64, 64) val_sel(4469, 64, 64) test(4470, 64, 64) device=cuda
[ep 001] val_sel AUC=0.5481 acc=0.3437
[ep 002] val_sel AUC=0.5648 acc=0.3283
[ep 003] val_sel AUC=0.5703 acc=0.3283
[ep 004] val_sel AUC=0.5748 acc=0.3283
[ep 005] val_sel AUC=0.5877 acc=0.3433
[ep 006] val_sel AUC=0.5844 acc=0.3433
[ep 007] val_sel AUC=0.5744 acc=0.3285
[ep 008] val_sel AUC=0.6046 acc=0.3325
[ep 009] val_sel AUC=0.5922 acc=0.3433
[ep 010] val_sel AUC=0.6655 acc=0.3424
[ep 011] val_sel AUC=0.6708 acc=0.4556
[ep 012] val_sel AUC=0.7567 acc=0.5493
[ep 013] val_sel AUC=0.8159 acc=0.6382
[ep 014] val_sel AUC=0.8791 acc=0.7297
[ep 015] val_sel AUC=0.8855 acc=0.6955
[ep 016] val_sel AUC=0.8572 acc=0.6858
[ep 017] val_sel AUC=0.8762 acc=0.7313
[ep 018] val_sel AUC=0.8488 acc=0.6373
[ep 019] val_sel AUC=0.9035 acc=0.7637
[ep 020] val_sel AUC=0.8847 acc=0.7011
[ep 021] val_sel AUC=0.9112 acc=0.7845
[ep 022] val_sel AUC=0.9176 acc=0.7908
[ep 023] val_sel AUC=0.9234 acc=0.8080
[ep 024] val_sel AUC=0.9132 acc=0.7863
[ep 025] val_sel AUC=0.9308 acc=0.8371
[ep 026] val_sel AUC=0.9352 acc=0.8308
[ep 027] val_sel AUC=0.9330 acc=0.8270
[ep 028] val_sel AUC=0.9359 acc=0.8382
[ep 029] val_sel AUC=0.9368 acc=0.8436
[ep 030] val_sel AUC=0.9365 acc=0.8405
[ep 031] val_sel AUC=0.9374 acc=0.8429
[ep 032] val_sel AUC=0.9375 acc=0.8429
[ep 033] val_sel AUC=0.8781 acc=0.7169
[ep 034] val_sel AUC=0.8746 acc=0.7156
[ep 035] val_sel AUC=0.9017 acc=0.7454
[ep 036] val_sel AUC=0.9130 acc=0.7892
[ep 037] val_sel AUC=0.8892 acc=0.7272
[ep 038] val_sel AUC=0.8501 acc=0.5898
[ep 039] val_sel AUC=0.8898 acc=0.7216
[ep 040] val_sel AUC=0.9090 acc=0.7800
[ep 041] val_sel AUC=0.9062 acc=0.7740
[ep 042] val_sel AUC=0.8921 acc=0.7628
[ep 043] val_sel AUC=0.9112 acc=0.7762
[ep 044] val_sel AUC=0.9167 acc=0.7906
[ep 045] val_sel AUC=0.9176 acc=0.7950
[ep 046] val_sel AUC=0.8665 acc=0.7069
[ep 047] val_sel AUC=0.9171 acc=0.7859
[ep 048] val_sel AUC=0.8815 acc=0.7306
[ep 049] val_sel AUC=0.9301 acc=0.8277
[ep 050] val_sel AUC=0.9286 acc=0.8058
[ep 051] val_sel AUC=0.9158 acc=0.8013
[ep 052] val_sel AUC=0.9324 acc=0.8199
[ep 053] val_sel AUC=0.9103 acc=0.7198
[ep 054] val_sel AUC=0.9270 acc=0.8297
[ep 055] val_sel AUC=0.9231 acc=0.8006
[ep 056] val_sel AUC=0.9235 acc=0.8179
[ep 057] val_sel AUC=0.9073 acc=0.7814
[ep 058] val_sel AUC=0.9128 acc=0.7704
[ep 059] val_sel AUC=0.9128 acc=0.7586
[ep 060] val_sel AUC=0.9283 acc=0.8107
[ep 061] val_sel AUC=0.9247 acc=0.8114
[ep 062] val_sel AUC=0.9139 acc=0.7427
[ep 063] val_sel AUC=0.9154 acc=0.7791
[ep 064] val_sel AUC=0.9345 acc=0.8241
[ep 065] val_sel AUC=0.9430 acc=0.8519
[ep 066] val_sel AUC=0.9239 acc=0.7850
[ep 067] val_sel AUC=0.9327 acc=0.8252
[ep 068] val_sel AUC=0.9283 acc=0.7709
[ep 069] val_sel AUC=0.9148 acc=0.7668
[ep 070] val_sel AUC=0.9341 acc=0.8266
[ep 071] val_sel AUC=0.9402 acc=0.8458
[ep 072] val_sel AUC=0.9394 acc=0.8554
[ep 073] val_sel AUC=0.9332 acc=0.8313
[ep 074] val_sel AUC=0.9360 acc=0.8264
[ep 075] val_sel AUC=0.9437 acc=0.8557
[ep 076] val_sel AUC=0.9429 acc=0.8557
[ep 077] val_sel AUC=0.9410 acc=0.8525
[ep 078] val_sel AUC=0.9434 acc=0.8577
[ep 079] val_sel AUC=0.9454 acc=0.8637
[ep 080] val_sel AUC=0.9450 acc=0.8615
[ep 081] val_sel AUC=0.9445 acc=0.8546
[ep 082] val_sel AUC=0.9371 acc=0.8367
[ep 083] val_sel AUC=0.9441 acc=0.8579
[ep 084] val_sel AUC=0.9439 acc=0.8601
[ep 085] val_sel AUC=0.9448 acc=0.8586
[ep 086] val_sel AUC=0.9439 acc=0.8577
[ep 087] val_sel AUC=0.9432 acc=0.8550
[ep 088] val_sel AUC=0.9457 acc=0.8648
[ep 089] val_sel AUC=0.9458 acc=0.8628
[ep 090] val_sel AUC=0.9459 acc=0.8635
[ep 091] val_sel AUC=0.9456 acc=0.8644
[ep 092] val_sel AUC=0.9456 acc=0.8653
[ep 093] val_sel AUC=0.9456 acc=0.8648
[ep 094] val_sel AUC=0.9456 acc=0.8655
[ep 095] val_sel AUC=0.9457 acc=0.8644
[ep 096] val_sel AUC=0.9457 acc=0.8640
============================================================
TEST (best val_sel epoch, held-out, evaluated once)
============================================================
[DONE-QPE2] embed=skew48 model_III N=250 seed=44 test_AUC=0.9451 val_sel_AUC=0.9459 per_class=(axion=0.9501 cdm=0.9008 no_sub=0.9844) params=203508 embed_params=49 R_frob_drift=1.4649536609649658
