[INFO] QPE2 D=64 P=8 depth=4 | embed=skew48 | data=model_II N/class=100 seed=44 split_seed=0 | params=203508 embed_params=49 lr=0.001 epochs=96 bs=32 | train(300, 64, 64) val_sel(4455, 64, 64) test(4455, 64, 64) device=cuda
[ep 001] val_sel AUC=0.5218 acc=0.3237
[ep 002] val_sel AUC=0.5375 acc=0.3291
[ep 003] val_sel AUC=0.5393 acc=0.3291
[ep 004] val_sel AUC=0.5390 acc=0.3473
[ep 005] val_sel AUC=0.5426 acc=0.3291
[ep 006] val_sel AUC=0.5407 acc=0.3473
[ep 007] val_sel AUC=0.5411 acc=0.3291
[ep 008] val_sel AUC=0.5405 acc=0.3324
[ep 009] val_sel AUC=0.5409 acc=0.3473
[ep 010] val_sel AUC=0.5402 acc=0.3473
[ep 011] val_sel AUC=0.5400 acc=0.3403
[ep 012] val_sel AUC=0.5395 acc=0.3291
[ep 013] val_sel AUC=0.5398 acc=0.3473
[ep 014] val_sel AUC=0.5405 acc=0.3291
[ep 015] val_sel AUC=0.5403 acc=0.3455
[ep 016] val_sel AUC=0.5409 acc=0.3627
[ep 017] val_sel AUC=0.5424 acc=0.3513
[ep 018] val_sel AUC=0.5429 acc=0.3740
[ep 019] val_sel AUC=0.5446 acc=0.3654
[ep 020] val_sel AUC=0.5438 acc=0.3589
[ep 021] val_sel AUC=0.5474 acc=0.3531
[ep 022] val_sel AUC=0.5505 acc=0.3603
[ep 023] val_sel AUC=0.5561 acc=0.3701
[ep 024] val_sel AUC=0.5593 acc=0.3731
[ep 025] val_sel AUC=0.5630 acc=0.3726
[ep 026] val_sel AUC=0.5748 acc=0.3993
[ep 027] val_sel AUC=0.5800 acc=0.4126
[ep 028] val_sel AUC=0.5865 acc=0.4157
[ep 029] val_sel AUC=0.5959 acc=0.4108
[ep 030] val_sel AUC=0.5976 acc=0.4276
[ep 031] val_sel AUC=0.5996 acc=0.4305
[ep 032] val_sel AUC=0.6000 acc=0.4325
[ep 033] val_sel AUC=0.6316 acc=0.3805
[ep 034] val_sel AUC=0.5867 acc=0.3859
[ep 035] val_sel AUC=0.5842 acc=0.3870
[ep 036] val_sel AUC=0.5987 acc=0.4079
[ep 037] val_sel AUC=0.6318 acc=0.4822
[ep 038] val_sel AUC=0.6143 acc=0.4195
[ep 039] val_sel AUC=0.6112 acc=0.4319
[ep 040] val_sel AUC=0.6403 acc=0.4577
[ep 041] val_sel AUC=0.6843 acc=0.4990
[ep 042] val_sel AUC=0.6635 acc=0.4822
[ep 043] val_sel AUC=0.6974 acc=0.4983
[ep 044] val_sel AUC=0.7072 acc=0.4983
[ep 045] val_sel AUC=0.7593 acc=0.5639
[ep 046] val_sel AUC=0.7314 acc=0.5423
[ep 047] val_sel AUC=0.7486 acc=0.5594
[ep 048] val_sel AUC=0.7826 acc=0.5906
[ep 049] val_sel AUC=0.7966 acc=0.6182
[ep 050] val_sel AUC=0.7945 acc=0.5996
[ep 051] val_sel AUC=0.8018 acc=0.6386
[ep 052] val_sel AUC=0.8034 acc=0.6370
[ep 053] val_sel AUC=0.8350 acc=0.6579
[ep 054] val_sel AUC=0.8366 acc=0.6655
[ep 055] val_sel AUC=0.7967 acc=0.5618
[ep 056] val_sel AUC=0.8436 acc=0.6934
[ep 057] val_sel AUC=0.8232 acc=0.6563
[ep 058] val_sel AUC=0.8441 acc=0.6887
[ep 059] val_sel AUC=0.8100 acc=0.6215
[ep 060] val_sel AUC=0.8323 acc=0.6453
[ep 061] val_sel AUC=0.8271 acc=0.6350
[ep 062] val_sel AUC=0.8440 acc=0.6943
[ep 063] val_sel AUC=0.8629 acc=0.7086
[ep 064] val_sel AUC=0.8545 acc=0.6909
[ep 065] val_sel AUC=0.8634 acc=0.6514
[ep 066] val_sel AUC=0.8471 acc=0.6763
[ep 067] val_sel AUC=0.8799 acc=0.7327
[ep 068] val_sel AUC=0.8603 acc=0.6970
[ep 069] val_sel AUC=0.8563 acc=0.7120
[ep 070] val_sel AUC=0.8731 acc=0.7320
[ep 071] val_sel AUC=0.8739 acc=0.7167
[ep 072] val_sel AUC=0.8815 acc=0.7421
[ep 073] val_sel AUC=0.8474 acc=0.6503
[ep 074] val_sel AUC=0.8722 acc=0.7185
[ep 075] val_sel AUC=0.8723 acc=0.7371
[ep 076] val_sel AUC=0.8679 acc=0.7066
[ep 077] val_sel AUC=0.8724 acc=0.7394
[ep 078] val_sel AUC=0.8796 acc=0.7508
[ep 079] val_sel AUC=0.8782 acc=0.7416
[ep 080] val_sel AUC=0.8782 acc=0.7407
[ep 081] val_sel AUC=0.8870 acc=0.7578
[ep 082] val_sel AUC=0.8809 acc=0.7459
[ep 083] val_sel AUC=0.8801 acc=0.7473
[ep 084] val_sel AUC=0.8851 acc=0.7558
[ep 085] val_sel AUC=0.8828 acc=0.7558
[ep 086] val_sel AUC=0.8766 acc=0.7423
[ep 087] val_sel AUC=0.8813 acc=0.7517
[ep 088] val_sel AUC=0.8814 acc=0.7531
[ep 089] val_sel AUC=0.8794 acc=0.7488
[ep 090] val_sel AUC=0.8798 acc=0.7522
[ep 091] val_sel AUC=0.8795 acc=0.7506
[ep 092] val_sel AUC=0.8790 acc=0.7490
[ep 093] val_sel AUC=0.8801 acc=0.7529
[ep 094] val_sel AUC=0.8791 acc=0.7513
[ep 095] val_sel AUC=0.8791 acc=0.7515
[ep 096] val_sel AUC=0.8791 acc=0.7515
============================================================
TEST (best val_sel epoch, held-out, evaluated once)
============================================================
[DONE-QPE2] embed=skew48 model_II N=100 seed=44 test_AUC=0.8924 val_sel_AUC=0.8870 per_class=(axion=0.9233 cdm=0.7988 no_sub=0.9551) params=203508 embed_params=49 R_frob_drift=0.8620798587799072
