[INFO] QPE2 D=64 P=8 depth=4 | embed=skew48 | data=model_II N/class=250 seed=48 split_seed=0 | params=203508 embed_params=49 lr=0.001 epochs=96 bs=32 | train(750, 64, 64) val_sel(4455, 64, 64) test(4455, 64, 64) device=cuda
[ep 001] val_sel AUC=0.5562 acc=0.3237
[ep 002] val_sel AUC=0.5510 acc=0.3237
[ep 003] val_sel AUC=0.5674 acc=0.3291
[ep 004] val_sel AUC=0.5609 acc=0.3237
[ep 005] val_sel AUC=0.5715 acc=0.3291
[ep 006] val_sel AUC=0.5664 acc=0.3291
[ep 007] val_sel AUC=0.5546 acc=0.3473
[ep 008] val_sel AUC=0.5425 acc=0.3291
[ep 009] val_sel AUC=0.5358 acc=0.3291
[ep 010] val_sel AUC=0.5282 acc=0.3663
[ep 011] val_sel AUC=0.5262 acc=0.3473
[ep 012] val_sel AUC=0.5267 acc=0.3383
[ep 013] val_sel AUC=0.5325 acc=0.3506
[ep 014] val_sel AUC=0.5379 acc=0.3470
[ep 015] val_sel AUC=0.5447 acc=0.3695
[ep 016] val_sel AUC=0.6077 acc=0.4139
[ep 017] val_sel AUC=0.5986 acc=0.3978
[ep 018] val_sel AUC=0.6338 acc=0.3589
[ep 019] val_sel AUC=0.6446 acc=0.4114
[ep 020] val_sel AUC=0.6929 acc=0.4691
[ep 021] val_sel AUC=0.7350 acc=0.5484
[ep 022] val_sel AUC=0.7824 acc=0.5684
[ep 023] val_sel AUC=0.7803 acc=0.5565
[ep 024] val_sel AUC=0.8379 acc=0.6788
[ep 025] val_sel AUC=0.8387 acc=0.6465
[ep 026] val_sel AUC=0.8667 acc=0.7185
[ep 027] val_sel AUC=0.8588 acc=0.6815
[ep 028] val_sel AUC=0.8601 acc=0.7062
[ep 029] val_sel AUC=0.8779 acc=0.7239
[ep 030] val_sel AUC=0.8794 acc=0.7232
[ep 031] val_sel AUC=0.8802 acc=0.7295
[ep 032] val_sel AUC=0.8812 acc=0.7333
[ep 033] val_sel AUC=0.7643 acc=0.5796
[ep 034] val_sel AUC=0.8176 acc=0.6465
[ep 035] val_sel AUC=0.7842 acc=0.5942
[ep 036] val_sel AUC=0.8124 acc=0.6164
[ep 037] val_sel AUC=0.8284 acc=0.6673
[ep 038] val_sel AUC=0.7659 acc=0.5879
[ep 039] val_sel AUC=0.8184 acc=0.6337
[ep 040] val_sel AUC=0.8501 acc=0.6961
[ep 041] val_sel AUC=0.8547 acc=0.6866
[ep 042] val_sel AUC=0.8705 acc=0.7059
[ep 043] val_sel AUC=0.8547 acc=0.7037
[ep 044] val_sel AUC=0.8386 acc=0.6658
[ep 045] val_sel AUC=0.8644 acc=0.6853
[ep 046] val_sel AUC=0.8862 acc=0.7342
[ep 047] val_sel AUC=0.8855 acc=0.7297
[ep 048] val_sel AUC=0.8712 acc=0.7116
[ep 049] val_sel AUC=0.8811 acc=0.7468
[ep 050] val_sel AUC=0.9063 acc=0.7883
[ep 051] val_sel AUC=0.8902 acc=0.7499
[ep 052] val_sel AUC=0.8900 acc=0.7645
[ep 053] val_sel AUC=0.9113 acc=0.7901
[ep 054] val_sel AUC=0.8796 acc=0.7414
[ep 055] val_sel AUC=0.8979 acc=0.7589
[ep 056] val_sel AUC=0.8836 acc=0.7235
[ep 057] val_sel AUC=0.8786 acc=0.7095
[ep 058] val_sel AUC=0.8753 acc=0.7167
[ep 059] val_sel AUC=0.8762 acc=0.7295
[ep 060] val_sel AUC=0.8920 acc=0.7733
[ep 061] val_sel AUC=0.8818 acc=0.7425
[ep 062] val_sel AUC=0.8999 acc=0.7708
[ep 063] val_sel AUC=0.9063 acc=0.7843
[ep 064] val_sel AUC=0.9098 acc=0.7836
[ep 065] val_sel AUC=0.8999 acc=0.7713
[ep 066] val_sel AUC=0.9131 acc=0.7991
[ep 067] val_sel AUC=0.9162 acc=0.7973
[ep 068] val_sel AUC=0.9033 acc=0.7856
[ep 069] val_sel AUC=0.9192 acc=0.8146
[ep 070] val_sel AUC=0.8970 acc=0.7309
[ep 071] val_sel AUC=0.9071 acc=0.7719
[ep 072] val_sel AUC=0.9176 acc=0.8189
[ep 073] val_sel AUC=0.9175 acc=0.8121
[ep 074] val_sel AUC=0.9175 acc=0.8020
[ep 075] val_sel AUC=0.9159 acc=0.8002
[ep 076] val_sel AUC=0.9190 acc=0.8150
[ep 077] val_sel AUC=0.9176 acc=0.8173
[ep 078] val_sel AUC=0.9224 acc=0.8251
[ep 079] val_sel AUC=0.9182 acc=0.8052
[ep 080] val_sel AUC=0.9220 acc=0.8220
[ep 081] val_sel AUC=0.9113 acc=0.8007
[ep 082] val_sel AUC=0.9151 acc=0.8027
[ep 083] val_sel AUC=0.9163 acc=0.8072
[ep 084] val_sel AUC=0.9188 acc=0.8166
[ep 085] val_sel AUC=0.9141 acc=0.8038
[ep 086] val_sel AUC=0.9145 acc=0.8083
[ep 087] val_sel AUC=0.9148 acc=0.8090
[ep 088] val_sel AUC=0.9164 acc=0.8128
[ep 089] val_sel AUC=0.9146 acc=0.8088
[ep 090] val_sel AUC=0.9152 acc=0.8081
[ep 091] val_sel AUC=0.9146 acc=0.8067
[ep 092] val_sel AUC=0.9145 acc=0.8070
[ep 093] val_sel AUC=0.9149 acc=0.8074
[ep 094] val_sel AUC=0.9149 acc=0.8072
[ep 095] val_sel AUC=0.9146 acc=0.8081
[ep 096] val_sel AUC=0.9146 acc=0.8076
============================================================
TEST (best val_sel epoch, held-out, evaluated once)
============================================================
[DONE-QPE2] embed=skew48 model_II N=250 seed=48 test_AUC=0.9236 val_sel_AUC=0.9224 per_class=(axion=0.9322 cdm=0.8608 no_sub=0.9779) params=203508 embed_params=49 R_frob_drift=1.2451587915420532
