[INFO] QPE2 D=64 P=8 depth=4 | embed=skew48 | data=model_III N/class=100 seed=52 split_seed=0 | params=203508 embed_params=49 lr=0.001 epochs=96 bs=32 | train(300, 64, 64) val_sel(4469, 64, 64) test(4470, 64, 64) device=cuda
[ep 001] val_sel AUC=0.4316 acc=0.3433
[ep 002] val_sel AUC=0.5063 acc=0.3283
[ep 003] val_sel AUC=0.5078 acc=0.3285
[ep 004] val_sel AUC=0.5084 acc=0.3433
[ep 005] val_sel AUC=0.5199 acc=0.3283
[ep 006] val_sel AUC=0.5230 acc=0.3285
[ep 007] val_sel AUC=0.5215 acc=0.3285
[ep 008] val_sel AUC=0.5288 acc=0.3283
[ep 009] val_sel AUC=0.5298 acc=0.3283
[ep 010] val_sel AUC=0.5335 acc=0.3283
[ep 011] val_sel AUC=0.5327 acc=0.3285
[ep 012] val_sel AUC=0.5368 acc=0.3283
[ep 013] val_sel AUC=0.5372 acc=0.3283
[ep 014] val_sel AUC=0.5353 acc=0.3433
[ep 015] val_sel AUC=0.5383 acc=0.3363
[ep 016] val_sel AUC=0.5402 acc=0.3283
[ep 017] val_sel AUC=0.5402 acc=0.3285
[ep 018] val_sel AUC=0.5423 acc=0.3433
[ep 019] val_sel AUC=0.5424 acc=0.3623
[ep 020] val_sel AUC=0.5445 acc=0.3283
[ep 021] val_sel AUC=0.5437 acc=0.3285
[ep 022] val_sel AUC=0.5444 acc=0.3446
[ep 023] val_sel AUC=0.5469 acc=0.3433
[ep 024] val_sel AUC=0.5469 acc=0.3283
[ep 025] val_sel AUC=0.5479 acc=0.3283
[ep 026] val_sel AUC=0.5478 acc=0.3285
[ep 027] val_sel AUC=0.5484 acc=0.3283
[ep 028] val_sel AUC=0.5487 acc=0.3283
[ep 029] val_sel AUC=0.5488 acc=0.3283
[ep 030] val_sel AUC=0.5489 acc=0.3706
[ep 031] val_sel AUC=0.5489 acc=0.3797
[ep 032] val_sel AUC=0.5489 acc=0.3844
[ep 033] val_sel AUC=0.5567 acc=0.3283
[ep 034] val_sel AUC=0.5651 acc=0.3285
[ep 035] val_sel AUC=0.5718 acc=0.3283
[ep 036] val_sel AUC=0.5941 acc=0.3285
[ep 037] val_sel AUC=0.5835 acc=0.3283
[ep 038] val_sel AUC=0.5789 acc=0.3285
[ep 039] val_sel AUC=0.5655 acc=0.3283
[ep 040] val_sel AUC=0.5653 acc=0.3746
[ep 041] val_sel AUC=0.5620 acc=0.3694
[ep 042] val_sel AUC=0.5689 acc=0.3703
[ep 043] val_sel AUC=0.5955 acc=0.3723
[ep 044] val_sel AUC=0.6293 acc=0.4131
[ep 045] val_sel AUC=0.6087 acc=0.3761
[ep 046] val_sel AUC=0.6527 acc=0.4596
[ep 047] val_sel AUC=0.7068 acc=0.4970
[ep 048] val_sel AUC=0.6706 acc=0.5070
[ep 049] val_sel AUC=0.7272 acc=0.5017
[ep 050] val_sel AUC=0.7561 acc=0.5581
[ep 051] val_sel AUC=0.7721 acc=0.5507
[ep 052] val_sel AUC=0.8164 acc=0.6068
[ep 053] val_sel AUC=0.8087 acc=0.6315
[ep 054] val_sel AUC=0.8227 acc=0.6359
[ep 055] val_sel AUC=0.8119 acc=0.6297
[ep 056] val_sel AUC=0.8503 acc=0.6733
[ep 057] val_sel AUC=0.8528 acc=0.6899
[ep 058] val_sel AUC=0.8498 acc=0.6919
[ep 059] val_sel AUC=0.8445 acc=0.6731
[ep 060] val_sel AUC=0.8443 acc=0.6827
[ep 061] val_sel AUC=0.8564 acc=0.7015
[ep 062] val_sel AUC=0.8591 acc=0.6872
[ep 063] val_sel AUC=0.8539 acc=0.6977
[ep 064] val_sel AUC=0.8405 acc=0.6675
[ep 065] val_sel AUC=0.8706 acc=0.7143
[ep 066] val_sel AUC=0.8605 acc=0.7093
[ep 067] val_sel AUC=0.8424 acc=0.6341
[ep 068] val_sel AUC=0.8478 acc=0.6357
[ep 069] val_sel AUC=0.8467 acc=0.6811
[ep 070] val_sel AUC=0.8652 acc=0.7214
[ep 071] val_sel AUC=0.8725 acc=0.7261
[ep 072] val_sel AUC=0.8820 acc=0.7489
[ep 073] val_sel AUC=0.8862 acc=0.7489
[ep 074] val_sel AUC=0.8776 acc=0.7210
[ep 075] val_sel AUC=0.8805 acc=0.7447
[ep 076] val_sel AUC=0.8859 acc=0.7554
[ep 077] val_sel AUC=0.8806 acc=0.7266
[ep 078] val_sel AUC=0.8805 acc=0.7451
[ep 079] val_sel AUC=0.8859 acc=0.7333
[ep 080] val_sel AUC=0.8852 acc=0.7577
[ep 081] val_sel AUC=0.8833 acc=0.7384
[ep 082] val_sel AUC=0.8898 acc=0.7597
[ep 083] val_sel AUC=0.8900 acc=0.7572
[ep 084] val_sel AUC=0.8887 acc=0.7501
[ep 085] val_sel AUC=0.8885 acc=0.7456
[ep 086] val_sel AUC=0.8893 acc=0.7492
[ep 087] val_sel AUC=0.8896 acc=0.7494
[ep 088] val_sel AUC=0.8901 acc=0.7559
[ep 089] val_sel AUC=0.8895 acc=0.7541
[ep 090] val_sel AUC=0.8903 acc=0.7534
[ep 091] val_sel AUC=0.8907 acc=0.7592
[ep 092] val_sel AUC=0.8907 acc=0.7590
[ep 093] val_sel AUC=0.8901 acc=0.7565
[ep 094] val_sel AUC=0.8900 acc=0.7572
[ep 095] val_sel AUC=0.8900 acc=0.7559
[ep 096] val_sel AUC=0.8900 acc=0.7561
============================================================
TEST (best val_sel epoch, held-out, evaluated once)
============================================================
[DONE-QPE2] embed=skew48 model_III N=100 seed=52 test_AUC=0.8923 val_sel_AUC=0.8907 per_class=(axion=0.9250 cdm=0.8000 no_sub=0.9519) params=203508 embed_params=49 R_frob_drift=1.4498507976531982
