[INFO] QPE2 D=64 P=8 depth=4 | embed=skew48 | data=model_II N/class=100 seed=61 split_seed=0 | params=203508 embed_params=49 lr=0.001 epochs=96 bs=32 | train(300, 64, 64) val_sel(4455, 64, 64) test(4455, 64, 64) device=cuda
[ep 001] val_sel AUC=0.4890 acc=0.3237
[ep 002] val_sel AUC=0.5346 acc=0.3291
[ep 003] val_sel AUC=0.5460 acc=0.3237
[ep 004] val_sel AUC=0.5545 acc=0.3473
[ep 005] val_sel AUC=0.5581 acc=0.3367
[ep 006] val_sel AUC=0.5577 acc=0.3473
[ep 007] val_sel AUC=0.5596 acc=0.3291
[ep 008] val_sel AUC=0.5552 acc=0.3473
[ep 009] val_sel AUC=0.5555 acc=0.3237
[ep 010] val_sel AUC=0.5530 acc=0.3488
[ep 011] val_sel AUC=0.5504 acc=0.3473
[ep 012] val_sel AUC=0.5467 acc=0.3237
[ep 013] val_sel AUC=0.5515 acc=0.3291
[ep 014] val_sel AUC=0.5480 acc=0.3237
[ep 015] val_sel AUC=0.5465 acc=0.3291
[ep 016] val_sel AUC=0.5437 acc=0.3569
[ep 017] val_sel AUC=0.5396 acc=0.3259
[ep 018] val_sel AUC=0.5404 acc=0.3412
[ep 019] val_sel AUC=0.5414 acc=0.3643
[ep 020] val_sel AUC=0.5410 acc=0.3488
[ep 021] val_sel AUC=0.5456 acc=0.3513
[ep 022] val_sel AUC=0.5516 acc=0.3587
[ep 023] val_sel AUC=0.5458 acc=0.3538
[ep 024] val_sel AUC=0.5511 acc=0.3589
[ep 025] val_sel AUC=0.5614 acc=0.3692
[ep 026] val_sel AUC=0.5612 acc=0.3758
[ep 027] val_sel AUC=0.5609 acc=0.3657
[ep 028] val_sel AUC=0.5633 acc=0.3639
[ep 029] val_sel AUC=0.5633 acc=0.3627
[ep 030] val_sel AUC=0.5636 acc=0.3618
[ep 031] val_sel AUC=0.5640 acc=0.3621
[ep 032] val_sel AUC=0.5641 acc=0.3636
[ep 033] val_sel AUC=0.5713 acc=0.3856
[ep 034] val_sel AUC=0.5719 acc=0.3854
[ep 035] val_sel AUC=0.5670 acc=0.3908
[ep 036] val_sel AUC=0.5860 acc=0.3890
[ep 037] val_sel AUC=0.6115 acc=0.3924
[ep 038] val_sel AUC=0.5905 acc=0.3603
[ep 039] val_sel AUC=0.5736 acc=0.4083
[ep 040] val_sel AUC=0.6147 acc=0.4209
[ep 041] val_sel AUC=0.6246 acc=0.4337
[ep 042] val_sel AUC=0.6424 acc=0.4352
[ep 043] val_sel AUC=0.5881 acc=0.4128
[ep 044] val_sel AUC=0.6149 acc=0.4258
[ep 045] val_sel AUC=0.6092 acc=0.4397
[ep 046] val_sel AUC=0.6511 acc=0.4400
[ep 047] val_sel AUC=0.6825 acc=0.4588
[ep 048] val_sel AUC=0.6851 acc=0.4561
[ep 049] val_sel AUC=0.6821 acc=0.4435
[ep 050] val_sel AUC=0.6469 acc=0.4633
[ep 051] val_sel AUC=0.6696 acc=0.4350
[ep 052] val_sel AUC=0.6738 acc=0.4478
[ep 053] val_sel AUC=0.7009 acc=0.4878
[ep 054] val_sel AUC=0.7346 acc=0.5327
[ep 055] val_sel AUC=0.7417 acc=0.4916
[ep 056] val_sel AUC=0.7143 acc=0.4359
[ep 057] val_sel AUC=0.7278 acc=0.5208
[ep 058] val_sel AUC=0.7382 acc=0.5380
[ep 059] val_sel AUC=0.7385 acc=0.5277
[ep 060] val_sel AUC=0.7339 acc=0.5210
[ep 061] val_sel AUC=0.7882 acc=0.6004
[ep 062] val_sel AUC=0.8147 acc=0.6276
[ep 063] val_sel AUC=0.7756 acc=0.5787
[ep 064] val_sel AUC=0.8188 acc=0.6231
[ep 065] val_sel AUC=0.8240 acc=0.6346
[ep 066] val_sel AUC=0.8416 acc=0.6519
[ep 067] val_sel AUC=0.8545 acc=0.6808
[ep 068] val_sel AUC=0.8528 acc=0.6974
[ep 069] val_sel AUC=0.8300 acc=0.6281
[ep 070] val_sel AUC=0.8605 acc=0.7210
[ep 071] val_sel AUC=0.8585 acc=0.6916
[ep 072] val_sel AUC=0.8716 acc=0.7387
[ep 073] val_sel AUC=0.8730 acc=0.7203
[ep 074] val_sel AUC=0.8685 acc=0.7127
[ep 075] val_sel AUC=0.8805 acc=0.7374
[ep 076] val_sel AUC=0.8815 acc=0.7470
[ep 077] val_sel AUC=0.8789 acc=0.7419
[ep 078] val_sel AUC=0.8752 acc=0.7342
[ep 079] val_sel AUC=0.8821 acc=0.7439
[ep 080] val_sel AUC=0.8814 acc=0.7425
[ep 081] val_sel AUC=0.8834 acc=0.7562
[ep 082] val_sel AUC=0.8800 acc=0.7502
[ep 083] val_sel AUC=0.8770 acc=0.7340
[ep 084] val_sel AUC=0.8776 acc=0.7443
[ep 085] val_sel AUC=0.8838 acc=0.7533
[ep 086] val_sel AUC=0.8840 acc=0.7621
[ep 087] val_sel AUC=0.8852 acc=0.7681
[ep 088] val_sel AUC=0.8852 acc=0.7648
[ep 089] val_sel AUC=0.8854 acc=0.7699
[ep 090] val_sel AUC=0.8852 acc=0.7699
[ep 091] val_sel AUC=0.8850 acc=0.7701
[ep 092] val_sel AUC=0.8849 acc=0.7679
[ep 093] val_sel AUC=0.8849 acc=0.7684
[ep 094] val_sel AUC=0.8849 acc=0.7688
[ep 095] val_sel AUC=0.8849 acc=0.7701
[ep 096] val_sel AUC=0.8849 acc=0.7701
============================================================
TEST (best val_sel epoch, held-out, evaluated once)
============================================================
[DONE-QPE2] embed=skew48 model_II N=100 seed=61 test_AUC=0.8872 val_sel_AUC=0.8854 per_class=(axion=0.9213 cdm=0.7882 no_sub=0.9522) params=203508 embed_params=49 R_frob_drift=1.0135698318481445
