[INFO] QPE2 D=64 P=8 depth=4 | embed=skew48 | data=model_III N/class=250 seed=57 split_seed=0 | params=203508 embed_params=49 lr=0.001 epochs=96 bs=32 | train(750, 64, 64) val_sel(4469, 64, 64) test(4470, 64, 64) device=cuda
[ep 001] val_sel AUC=0.5150 acc=0.3285
[ep 002] val_sel AUC=0.5414 acc=0.3433
[ep 003] val_sel AUC=0.5640 acc=0.3285
[ep 004] val_sel AUC=0.5729 acc=0.3285
[ep 005] val_sel AUC=0.5516 acc=0.3285
[ep 006] val_sel AUC=0.5403 acc=0.3341
[ep 007] val_sel AUC=0.5363 acc=0.3574
[ep 008] val_sel AUC=0.5361 acc=0.3524
[ep 009] val_sel AUC=0.5653 acc=0.3612
[ep 010] val_sel AUC=0.5746 acc=0.3750
[ep 011] val_sel AUC=0.6080 acc=0.3949
[ep 012] val_sel AUC=0.6795 acc=0.4838
[ep 013] val_sel AUC=0.8042 acc=0.5675
[ep 014] val_sel AUC=0.8480 acc=0.6729
[ep 015] val_sel AUC=0.8525 acc=0.6368
[ep 016] val_sel AUC=0.8657 acc=0.7004
[ep 017] val_sel AUC=0.8563 acc=0.6789
[ep 018] val_sel AUC=0.8692 acc=0.6894
[ep 019] val_sel AUC=0.8852 acc=0.7400
[ep 020] val_sel AUC=0.8911 acc=0.7487
[ep 021] val_sel AUC=0.9035 acc=0.7872
[ep 022] val_sel AUC=0.9063 acc=0.7718
[ep 023] val_sel AUC=0.9167 acc=0.7991
[ep 024] val_sel AUC=0.9189 acc=0.8078
[ep 025] val_sel AUC=0.9029 acc=0.7736
[ep 026] val_sel AUC=0.9185 acc=0.8040
[ep 027] val_sel AUC=0.9236 acc=0.8293
[ep 028] val_sel AUC=0.9275 acc=0.8221
[ep 029] val_sel AUC=0.9277 acc=0.8299
[ep 030] val_sel AUC=0.9263 acc=0.8378
[ep 031] val_sel AUC=0.9281 acc=0.8380
[ep 032] val_sel AUC=0.9278 acc=0.8382
[ep 033] val_sel AUC=0.8948 acc=0.7420
[ep 034] val_sel AUC=0.8750 acc=0.7183
[ep 035] val_sel AUC=0.9036 acc=0.7503
[ep 036] val_sel AUC=0.9160 acc=0.7946
[ep 037] val_sel AUC=0.8975 acc=0.7373
[ep 038] val_sel AUC=0.8968 acc=0.6823
[ep 039] val_sel AUC=0.9097 acc=0.7715
[ep 040] val_sel AUC=0.8902 acc=0.7400
[ep 041] val_sel AUC=0.8696 acc=0.7116
[ep 042] val_sel AUC=0.8976 acc=0.7400
[ep 043] val_sel AUC=0.9017 acc=0.7617
[ep 044] val_sel AUC=0.9101 acc=0.7762
[ep 045] val_sel AUC=0.9308 acc=0.8261
[ep 046] val_sel AUC=0.8827 acc=0.7062
[ep 047] val_sel AUC=0.9223 acc=0.7937
[ep 048] val_sel AUC=0.8948 acc=0.7841
[ep 049] val_sel AUC=0.8926 acc=0.7496
[ep 050] val_sel AUC=0.9175 acc=0.8049
[ep 051] val_sel AUC=0.9082 acc=0.7863
[ep 052] val_sel AUC=0.8934 acc=0.7595
[ep 053] val_sel AUC=0.9130 acc=0.7612
[ep 054] val_sel AUC=0.9152 acc=0.7749
[ep 055] val_sel AUC=0.9305 acc=0.8190
[ep 056] val_sel AUC=0.9258 acc=0.8192
[ep 057] val_sel AUC=0.9209 acc=0.8129
[ep 058] val_sel AUC=0.9291 acc=0.8246
[ep 059] val_sel AUC=0.9375 acc=0.8362
[ep 060] val_sel AUC=0.9326 acc=0.8286
[ep 061] val_sel AUC=0.9202 acc=0.7997
[ep 062] val_sel AUC=0.9237 acc=0.8042
[ep 063] val_sel AUC=0.9347 acc=0.8344
[ep 064] val_sel AUC=0.9306 acc=0.8326
[ep 065] val_sel AUC=0.9262 acc=0.8188
[ep 066] val_sel AUC=0.9204 acc=0.8015
[ep 067] val_sel AUC=0.9249 acc=0.8246
[ep 068] val_sel AUC=0.9340 acc=0.8302
[ep 069] val_sel AUC=0.9153 acc=0.8044
[ep 070] val_sel AUC=0.9360 acc=0.8391
[ep 071] val_sel AUC=0.9363 acc=0.8277
[ep 072] val_sel AUC=0.9216 acc=0.8228
[ep 073] val_sel AUC=0.9329 acc=0.8355
[ep 074] val_sel AUC=0.9364 acc=0.8398
[ep 075] val_sel AUC=0.9297 acc=0.8261
[ep 076] val_sel AUC=0.9301 acc=0.8226
[ep 077] val_sel AUC=0.9357 acc=0.8362
[ep 078] val_sel AUC=0.9280 acc=0.8053
[ep 079] val_sel AUC=0.9389 acc=0.8481
[ep 080] val_sel AUC=0.9395 acc=0.8476
[ep 081] val_sel AUC=0.9377 acc=0.8510
[ep 082] val_sel AUC=0.9352 acc=0.8456
[ep 083] val_sel AUC=0.9375 acc=0.8496
[ep 084] val_sel AUC=0.9369 acc=0.8492
[ep 085] val_sel AUC=0.9327 acc=0.8438
[ep 086] val_sel AUC=0.9350 acc=0.8458
[ep 087] val_sel AUC=0.9370 acc=0.8469
[ep 088] val_sel AUC=0.9363 acc=0.8463
[ep 089] val_sel AUC=0.9362 acc=0.8469
[ep 090] val_sel AUC=0.9355 acc=0.8445
[ep 091] val_sel AUC=0.9359 acc=0.8463
[ep 092] val_sel AUC=0.9360 acc=0.8469
[ep 093] val_sel AUC=0.9356 acc=0.8472
[ep 094] val_sel AUC=0.9353 acc=0.8463
[ep 095] val_sel AUC=0.9353 acc=0.8454
[ep 096] val_sel AUC=0.9353 acc=0.8456
============================================================
TEST (best val_sel epoch, held-out, evaluated once)
============================================================
[DONE-QPE2] embed=skew48 model_III N=250 seed=57 test_AUC=0.9347 val_sel_AUC=0.9395 per_class=(axion=0.9469 cdm=0.8802 no_sub=0.9771) params=203508 embed_params=49 R_frob_drift=1.2392761707305908
