[INFO] QPE2 D=64 P=8 depth=4 | embed=skew48 | data=model_II N/class=100 seed=52 split_seed=0 | params=203508 embed_params=49 lr=0.001 epochs=96 bs=32 | train(300, 64, 64) val_sel(4455, 64, 64) test(4455, 64, 64) device=cuda
[ep 001] val_sel AUC=0.4772 acc=0.3473
[ep 002] val_sel AUC=0.4956 acc=0.3291
[ep 003] val_sel AUC=0.4942 acc=0.3237
[ep 004] val_sel AUC=0.4995 acc=0.3473
[ep 005] val_sel AUC=0.5095 acc=0.3291
[ep 006] val_sel AUC=0.5114 acc=0.3237
[ep 007] val_sel AUC=0.5134 acc=0.3237
[ep 008] val_sel AUC=0.5242 acc=0.3291
[ep 009] val_sel AUC=0.5269 acc=0.3291
[ep 010] val_sel AUC=0.5319 acc=0.3291
[ep 011] val_sel AUC=0.5319 acc=0.3237
[ep 012] val_sel AUC=0.5393 acc=0.3291
[ep 013] val_sel AUC=0.5437 acc=0.3291
[ep 014] val_sel AUC=0.5442 acc=0.3473
[ep 015] val_sel AUC=0.5508 acc=0.3291
[ep 016] val_sel AUC=0.5537 acc=0.3291
[ep 017] val_sel AUC=0.5524 acc=0.3237
[ep 018] val_sel AUC=0.5543 acc=0.3473
[ep 019] val_sel AUC=0.5549 acc=0.3291
[ep 020] val_sel AUC=0.5560 acc=0.3291
[ep 021] val_sel AUC=0.5533 acc=0.3237
[ep 022] val_sel AUC=0.5541 acc=0.3237
[ep 023] val_sel AUC=0.5555 acc=0.3473
[ep 024] val_sel AUC=0.5550 acc=0.3291
[ep 025] val_sel AUC=0.5550 acc=0.3291
[ep 026] val_sel AUC=0.5543 acc=0.3237
[ep 027] val_sel AUC=0.5547 acc=0.3291
[ep 028] val_sel AUC=0.5548 acc=0.3291
[ep 029] val_sel AUC=0.5547 acc=0.3291
[ep 030] val_sel AUC=0.5545 acc=0.3542
[ep 031] val_sel AUC=0.5545 acc=0.3744
[ep 032] val_sel AUC=0.5545 acc=0.3901
[ep 033] val_sel AUC=0.5527 acc=0.3291
[ep 034] val_sel AUC=0.5522 acc=0.3237
[ep 035] val_sel AUC=0.5527 acc=0.3291
[ep 036] val_sel AUC=0.5507 acc=0.3237
[ep 037] val_sel AUC=0.5542 acc=0.3291
[ep 038] val_sel AUC=0.5540 acc=0.3237
[ep 039] val_sel AUC=0.5557 acc=0.3291
[ep 040] val_sel AUC=0.5558 acc=0.3331
[ep 041] val_sel AUC=0.5523 acc=0.3618
[ep 042] val_sel AUC=0.5507 acc=0.3473
[ep 043] val_sel AUC=0.5521 acc=0.3596
[ep 044] val_sel AUC=0.5573 acc=0.3416
[ep 045] val_sel AUC=0.5505 acc=0.3443
[ep 046] val_sel AUC=0.5455 acc=0.3291
[ep 047] val_sel AUC=0.5435 acc=0.3630
[ep 048] val_sel AUC=0.5423 acc=0.3376
[ep 049] val_sel AUC=0.5403 acc=0.3497
[ep 050] val_sel AUC=0.5413 acc=0.3484
[ep 051] val_sel AUC=0.5464 acc=0.3670
[ep 052] val_sel AUC=0.5403 acc=0.3237
[ep 053] val_sel AUC=0.5441 acc=0.3535
[ep 054] val_sel AUC=0.5365 acc=0.3466
[ep 055] val_sel AUC=0.5466 acc=0.3495
[ep 056] val_sel AUC=0.5461 acc=0.3652
[ep 057] val_sel AUC=0.5547 acc=0.3776
[ep 058] val_sel AUC=0.5640 acc=0.3652
[ep 059] val_sel AUC=0.5702 acc=0.4047
[ep 060] val_sel AUC=0.5767 acc=0.4043
[ep 061] val_sel AUC=0.5805 acc=0.3681
[ep 062] val_sel AUC=0.5874 acc=0.4114
[ep 063] val_sel AUC=0.6057 acc=0.4222
[ep 064] val_sel AUC=0.6219 acc=0.4505
[ep 065] val_sel AUC=0.6366 acc=0.4348
[ep 066] val_sel AUC=0.6631 acc=0.4703
[ep 067] val_sel AUC=0.6407 acc=0.4292
[ep 068] val_sel AUC=0.6462 acc=0.4525
[ep 069] val_sel AUC=0.6763 acc=0.4765
[ep 070] val_sel AUC=0.6935 acc=0.4970
[ep 071] val_sel AUC=0.6991 acc=0.4963
[ep 072] val_sel AUC=0.6951 acc=0.5109
[ep 073] val_sel AUC=0.7152 acc=0.5089
[ep 074] val_sel AUC=0.7399 acc=0.5475
[ep 075] val_sel AUC=0.7443 acc=0.5580
[ep 076] val_sel AUC=0.7428 acc=0.5414
[ep 077] val_sel AUC=0.7500 acc=0.5666
[ep 078] val_sel AUC=0.7668 acc=0.5726
[ep 079] val_sel AUC=0.7677 acc=0.5722
[ep 080] val_sel AUC=0.7757 acc=0.5926
[ep 081] val_sel AUC=0.7792 acc=0.5996
[ep 082] val_sel AUC=0.7895 acc=0.6126
[ep 083] val_sel AUC=0.7940 acc=0.6105
[ep 084] val_sel AUC=0.8130 acc=0.6341
[ep 085] val_sel AUC=0.8145 acc=0.6476
[ep 086] val_sel AUC=0.8181 acc=0.6604
[ep 087] val_sel AUC=0.8165 acc=0.6462
[ep 088] val_sel AUC=0.8181 acc=0.6552
[ep 089] val_sel AUC=0.8225 acc=0.6507
[ep 090] val_sel AUC=0.8257 acc=0.6712
[ep 091] val_sel AUC=0.8266 acc=0.6696
[ep 092] val_sel AUC=0.8270 acc=0.6662
[ep 093] val_sel AUC=0.8281 acc=0.6716
[ep 094] val_sel AUC=0.8287 acc=0.6734
[ep 095] val_sel AUC=0.8287 acc=0.6725
[ep 096] val_sel AUC=0.8288 acc=0.6738
============================================================
TEST (best val_sel epoch, held-out, evaluated once)
============================================================
[DONE-QPE2] embed=skew48 model_II N=100 seed=52 test_AUC=0.8397 val_sel_AUC=0.8288 per_class=(axion=0.8814 cdm=0.7215 no_sub=0.9163) params=203508 embed_params=49 R_frob_drift=1.242535948753357
