[INFO] QPE2 D=64 P=8 depth=4 | embed=skew48 | data=model_III N/class=250 seed=55 split_seed=0 | params=203508 embed_params=49 lr=0.001 epochs=96 bs=32 | train(750, 64, 64) val_sel(4469, 64, 64) test(4470, 64, 64) device=cuda
[ep 001] val_sel AUC=0.4959 acc=0.3285
[ep 002] val_sel AUC=0.5182 acc=0.3433
[ep 003] val_sel AUC=0.5544 acc=0.3283
[ep 004] val_sel AUC=0.5770 acc=0.3283
[ep 005] val_sel AUC=0.5744 acc=0.3433
[ep 006] val_sel AUC=0.5811 acc=0.3285
[ep 007] val_sel AUC=0.5850 acc=0.3285
[ep 008] val_sel AUC=0.5810 acc=0.3283
[ep 009] val_sel AUC=0.5751 acc=0.3580
[ep 010] val_sel AUC=0.5717 acc=0.3433
[ep 011] val_sel AUC=0.5733 acc=0.3433
[ep 012] val_sel AUC=0.5551 acc=0.3283
[ep 013] val_sel AUC=0.5607 acc=0.3433
[ep 014] val_sel AUC=0.5355 acc=0.3283
[ep 015] val_sel AUC=0.5370 acc=0.3283
[ep 016] val_sel AUC=0.5269 acc=0.3419
[ep 017] val_sel AUC=0.5331 acc=0.3397
[ep 018] val_sel AUC=0.5506 acc=0.3531
[ep 019] val_sel AUC=0.5652 acc=0.3645
[ep 020] val_sel AUC=0.6099 acc=0.4363
[ep 021] val_sel AUC=0.6520 acc=0.3905
[ep 022] val_sel AUC=0.6708 acc=0.4377
[ep 023] val_sel AUC=0.7201 acc=0.5104
[ep 024] val_sel AUC=0.7737 acc=0.5990
[ep 025] val_sel AUC=0.8015 acc=0.6247
[ep 026] val_sel AUC=0.8218 acc=0.6294
[ep 027] val_sel AUC=0.8388 acc=0.6670
[ep 028] val_sel AUC=0.8574 acc=0.6872
[ep 029] val_sel AUC=0.8700 acc=0.7013
[ep 030] val_sel AUC=0.8734 acc=0.7080
[ep 031] val_sel AUC=0.8759 acc=0.7176
[ep 032] val_sel AUC=0.8762 acc=0.7163
[ep 033] val_sel AUC=0.6782 acc=0.4786
[ep 034] val_sel AUC=0.7861 acc=0.5928
[ep 035] val_sel AUC=0.8396 acc=0.6239
[ep 036] val_sel AUC=0.8355 acc=0.6559
[ep 037] val_sel AUC=0.8634 acc=0.7031
[ep 038] val_sel AUC=0.8198 acc=0.5959
[ep 039] val_sel AUC=0.8632 acc=0.6753
[ep 040] val_sel AUC=0.8489 acc=0.6420
[ep 041] val_sel AUC=0.8756 acc=0.7008
[ep 042] val_sel AUC=0.8686 acc=0.7073
[ep 043] val_sel AUC=0.8441 acc=0.6836
[ep 044] val_sel AUC=0.8882 acc=0.7140
[ep 045] val_sel AUC=0.8986 acc=0.7478
[ep 046] val_sel AUC=0.9078 acc=0.7668
[ep 047] val_sel AUC=0.8677 acc=0.6912
[ep 048] val_sel AUC=0.8891 acc=0.7384
[ep 049] val_sel AUC=0.8806 acc=0.7362
[ep 050] val_sel AUC=0.9061 acc=0.7471
[ep 051] val_sel AUC=0.8996 acc=0.7507
[ep 052] val_sel AUC=0.8992 acc=0.7548
[ep 053] val_sel AUC=0.9079 acc=0.7492
[ep 054] val_sel AUC=0.8936 acc=0.7237
[ep 055] val_sel AUC=0.9024 acc=0.7237
[ep 056] val_sel AUC=0.9132 acc=0.7897
[ep 057] val_sel AUC=0.8934 acc=0.7089
[ep 058] val_sel AUC=0.9148 acc=0.7720
[ep 059] val_sel AUC=0.9243 acc=0.8071
[ep 060] val_sel AUC=0.9096 acc=0.7700
[ep 061] val_sel AUC=0.8943 acc=0.7239
[ep 062] val_sel AUC=0.9296 acc=0.7863
[ep 063] val_sel AUC=0.9206 acc=0.7944
[ep 064] val_sel AUC=0.9057 acc=0.7478
[ep 065] val_sel AUC=0.9300 acc=0.7997
[ep 066] val_sel AUC=0.9302 acc=0.8192
[ep 067] val_sel AUC=0.9284 acc=0.8158
[ep 068] val_sel AUC=0.9242 acc=0.7890
[ep 069] val_sel AUC=0.9291 acc=0.8179
[ep 070] val_sel AUC=0.9187 acc=0.7894
[ep 071] val_sel AUC=0.9336 acc=0.8252
[ep 072] val_sel AUC=0.9344 acc=0.8152
[ep 073] val_sel AUC=0.9345 acc=0.8252
[ep 074] val_sel AUC=0.9135 acc=0.7923
[ep 075] val_sel AUC=0.9331 acc=0.7991
[ep 076] val_sel AUC=0.9293 acc=0.7993
[ep 077] val_sel AUC=0.9354 acc=0.8389
[ep 078] val_sel AUC=0.9283 acc=0.8120
[ep 079] val_sel AUC=0.9386 acc=0.8313
[ep 080] val_sel AUC=0.9360 acc=0.8364
[ep 081] val_sel AUC=0.9384 acc=0.8369
[ep 082] val_sel AUC=0.9365 acc=0.8315
[ep 083] val_sel AUC=0.9375 acc=0.8364
[ep 084] val_sel AUC=0.9370 acc=0.8409
[ep 085] val_sel AUC=0.9392 acc=0.8418
[ep 086] val_sel AUC=0.9372 acc=0.8391
[ep 087] val_sel AUC=0.9379 acc=0.8333
[ep 088] val_sel AUC=0.9375 acc=0.8405
[ep 089] val_sel AUC=0.9355 acc=0.8320
[ep 090] val_sel AUC=0.9379 acc=0.8409
[ep 091] val_sel AUC=0.9372 acc=0.8398
[ep 092] val_sel AUC=0.9371 acc=0.8400
[ep 093] val_sel AUC=0.9367 acc=0.8400
[ep 094] val_sel AUC=0.9368 acc=0.8416
[ep 095] val_sel AUC=0.9366 acc=0.8393
[ep 096] val_sel AUC=0.9367 acc=0.8405
============================================================
TEST (best val_sel epoch, held-out, evaluated once)
============================================================
[DONE-QPE2] embed=skew48 model_III N=250 seed=55 test_AUC=0.9375 val_sel_AUC=0.9392 per_class=(axion=0.9492 cdm=0.8846 no_sub=0.9787) params=203508 embed_params=49 R_frob_drift=1.7649509906768799
