[INFO] QPE2 D=64 P=8 depth=4 | embed=skew48 | data=model_III N/class=250 seed=50 split_seed=0 | params=203508 embed_params=49 lr=0.001 epochs=96 bs=32 | train(750, 64, 64) val_sel(4469, 64, 64) test(4470, 64, 64) device=cuda
[ep 001] val_sel AUC=0.5641 acc=0.3283
[ep 002] val_sel AUC=0.5701 acc=0.3283
[ep 003] val_sel AUC=0.5636 acc=0.3285
[ep 004] val_sel AUC=0.5635 acc=0.3283
[ep 005] val_sel AUC=0.5625 acc=0.3433
[ep 006] val_sel AUC=0.5602 acc=0.3433
[ep 007] val_sel AUC=0.5551 acc=0.3285
[ep 008] val_sel AUC=0.5537 acc=0.3285
[ep 009] val_sel AUC=0.5489 acc=0.3283
[ep 010] val_sel AUC=0.5380 acc=0.3285
[ep 011] val_sel AUC=0.5326 acc=0.3283
[ep 012] val_sel AUC=0.5338 acc=0.3283
[ep 013] val_sel AUC=0.5301 acc=0.3433
[ep 014] val_sel AUC=0.5376 acc=0.3511
[ep 015] val_sel AUC=0.6054 acc=0.3569
[ep 016] val_sel AUC=0.6727 acc=0.4766
[ep 017] val_sel AUC=0.7695 acc=0.5469
[ep 018] val_sel AUC=0.8235 acc=0.6543
[ep 019] val_sel AUC=0.8344 acc=0.6699
[ep 020] val_sel AUC=0.8584 acc=0.6749
[ep 021] val_sel AUC=0.8700 acc=0.6876
[ep 022] val_sel AUC=0.8962 acc=0.7373
[ep 023] val_sel AUC=0.9010 acc=0.7541
[ep 024] val_sel AUC=0.9040 acc=0.7489
[ep 025] val_sel AUC=0.9023 acc=0.7543
[ep 026] val_sel AUC=0.9136 acc=0.7919
[ep 027] val_sel AUC=0.9140 acc=0.7962
[ep 028] val_sel AUC=0.9228 acc=0.8026
[ep 029] val_sel AUC=0.9216 acc=0.8038
[ep 030] val_sel AUC=0.9219 acc=0.8017
[ep 031] val_sel AUC=0.9220 acc=0.8006
[ep 032] val_sel AUC=0.9222 acc=0.8035
[ep 033] val_sel AUC=0.8332 acc=0.6456
[ep 034] val_sel AUC=0.9086 acc=0.7749
[ep 035] val_sel AUC=0.8430 acc=0.5961
[ep 036] val_sel AUC=0.9036 acc=0.7451
[ep 037] val_sel AUC=0.9056 acc=0.7301
[ep 038] val_sel AUC=0.8844 acc=0.7460
[ep 039] val_sel AUC=0.8877 acc=0.7451
[ep 040] val_sel AUC=0.9156 acc=0.7892
[ep 041] val_sel AUC=0.8933 acc=0.7239
[ep 042] val_sel AUC=0.9124 acc=0.7850
[ep 043] val_sel AUC=0.8816 acc=0.7339
[ep 044] val_sel AUC=0.9232 acc=0.7923
[ep 045] val_sel AUC=0.8962 acc=0.7371
[ep 046] val_sel AUC=0.9150 acc=0.7836
[ep 047] val_sel AUC=0.9133 acc=0.7800
[ep 048] val_sel AUC=0.9051 acc=0.7366
[ep 049] val_sel AUC=0.9018 acc=0.7695
[ep 050] val_sel AUC=0.9277 acc=0.8118
[ep 051] val_sel AUC=0.9259 acc=0.8055
[ep 052] val_sel AUC=0.9197 acc=0.7955
[ep 053] val_sel AUC=0.9328 acc=0.8116
[ep 054] val_sel AUC=0.9132 acc=0.7852
[ep 055] val_sel AUC=0.9286 acc=0.7955
[ep 056] val_sel AUC=0.9214 acc=0.7496
[ep 057] val_sel AUC=0.9290 acc=0.8002
[ep 058] val_sel AUC=0.9152 acc=0.7666
[ep 059] val_sel AUC=0.9247 acc=0.7859
[ep 060] val_sel AUC=0.9231 acc=0.8024
[ep 061] val_sel AUC=0.8835 acc=0.7167
[ep 062] val_sel AUC=0.9246 acc=0.8049
[ep 063] val_sel AUC=0.9289 acc=0.8158
[ep 064] val_sel AUC=0.9307 acc=0.8143
[ep 065] val_sel AUC=0.9114 acc=0.7836
[ep 066] val_sel AUC=0.9254 acc=0.8080
[ep 067] val_sel AUC=0.9139 acc=0.7592
[ep 068] val_sel AUC=0.9245 acc=0.7827
[ep 069] val_sel AUC=0.9274 acc=0.8002
[ep 070] val_sel AUC=0.9354 acc=0.8179
[ep 071] val_sel AUC=0.9299 acc=0.8109
[ep 072] val_sel AUC=0.9157 acc=0.7809
[ep 073] val_sel AUC=0.9352 acc=0.8203
[ep 074] val_sel AUC=0.9376 acc=0.8411
[ep 075] val_sel AUC=0.9396 acc=0.8429
[ep 076] val_sel AUC=0.9331 acc=0.8040
[ep 077] val_sel AUC=0.9385 acc=0.8252
[ep 078] val_sel AUC=0.9406 acc=0.8431
[ep 079] val_sel AUC=0.9382 acc=0.8297
[ep 080] val_sel AUC=0.9371 acc=0.8391
[ep 081] val_sel AUC=0.9365 acc=0.8333
[ep 082] val_sel AUC=0.9372 acc=0.8351
[ep 083] val_sel AUC=0.9370 acc=0.8364
[ep 084] val_sel AUC=0.9373 acc=0.8414
[ep 085] val_sel AUC=0.9374 acc=0.8445
[ep 086] val_sel AUC=0.9343 acc=0.8346
[ep 087] val_sel AUC=0.9352 acc=0.8398
[ep 088] val_sel AUC=0.9344 acc=0.8402
[ep 089] val_sel AUC=0.9379 acc=0.8434
[ep 090] val_sel AUC=0.9343 acc=0.8422
[ep 091] val_sel AUC=0.9326 acc=0.8375
[ep 092] val_sel AUC=0.9337 acc=0.8425
[ep 093] val_sel AUC=0.9339 acc=0.8427
[ep 094] val_sel AUC=0.9324 acc=0.8391
[ep 095] val_sel AUC=0.9321 acc=0.8380
[ep 096] val_sel AUC=0.9324 acc=0.8411
============================================================
TEST (best val_sel epoch, held-out, evaluated once)
============================================================
[DONE-QPE2] embed=skew48 model_III N=250 seed=50 test_AUC=0.9363 val_sel_AUC=0.9406 per_class=(axion=0.9444 cdm=0.8829 no_sub=0.9816) params=203508 embed_params=49 R_frob_drift=1.1428228616714478
