[INFO] QPE2 D=64 P=8 depth=4 | embed=skew48 | data=model_II N/class=250 seed=42 split_seed=0 | params=203508 embed_params=49 lr=0.001 epochs=96 bs=32 | train(750, 64, 64) val_sel(4455, 64, 64) test(4455, 64, 64) device=cuda
[ep 001] val_sel AUC=0.5379 acc=0.3237
[ep 002] val_sel AUC=0.5416 acc=0.3291
[ep 003] val_sel AUC=0.5421 acc=0.3291
[ep 004] val_sel AUC=0.5456 acc=0.3291
[ep 005] val_sel AUC=0.5456 acc=0.3237
[ep 006] val_sel AUC=0.5432 acc=0.3291
[ep 007] val_sel AUC=0.5342 acc=0.3473
[ep 008] val_sel AUC=0.5229 acc=0.3459
[ep 009] val_sel AUC=0.5273 acc=0.3473
[ep 010] val_sel AUC=0.5227 acc=0.3398
[ep 011] val_sel AUC=0.5266 acc=0.3493
[ep 012] val_sel AUC=0.5271 acc=0.3389
[ep 013] val_sel AUC=0.5357 acc=0.3526
[ep 014] val_sel AUC=0.5369 acc=0.3477
[ep 015] val_sel AUC=0.5506 acc=0.3432
[ep 016] val_sel AUC=0.5693 acc=0.3843
[ep 017] val_sel AUC=0.5797 acc=0.3964
[ep 018] val_sel AUC=0.5977 acc=0.4242
[ep 019] val_sel AUC=0.6412 acc=0.4588
[ep 020] val_sel AUC=0.6755 acc=0.4909
[ep 021] val_sel AUC=0.7068 acc=0.5300
[ep 022] val_sel AUC=0.7326 acc=0.5452
[ep 023] val_sel AUC=0.7448 acc=0.5565
[ep 024] val_sel AUC=0.7450 acc=0.5479
[ep 025] val_sel AUC=0.7776 acc=0.5854
[ep 026] val_sel AUC=0.7852 acc=0.5975
[ep 027] val_sel AUC=0.7926 acc=0.6061
[ep 028] val_sel AUC=0.7959 acc=0.6110
[ep 029] val_sel AUC=0.7997 acc=0.6135
[ep 030] val_sel AUC=0.8081 acc=0.6305
[ep 031] val_sel AUC=0.8088 acc=0.6292
[ep 032] val_sel AUC=0.8094 acc=0.6290
[ep 033] val_sel AUC=0.6740 acc=0.4781
[ep 034] val_sel AUC=0.7625 acc=0.5771
[ep 035] val_sel AUC=0.7514 acc=0.5901
[ep 036] val_sel AUC=0.7734 acc=0.5746
[ep 037] val_sel AUC=0.7727 acc=0.5901
[ep 038] val_sel AUC=0.8530 acc=0.6952
[ep 039] val_sel AUC=0.8420 acc=0.6835
[ep 040] val_sel AUC=0.8485 acc=0.6765
[ep 041] val_sel AUC=0.8506 acc=0.6707
[ep 042] val_sel AUC=0.8298 acc=0.6561
[ep 043] val_sel AUC=0.8799 acc=0.7156
[ep 044] val_sel AUC=0.8123 acc=0.6346
[ep 045] val_sel AUC=0.8621 acc=0.6801
[ep 046] val_sel AUC=0.8751 acc=0.7196
[ep 047] val_sel AUC=0.8602 acc=0.6911
[ep 048] val_sel AUC=0.8815 acc=0.7320
[ep 049] val_sel AUC=0.8390 acc=0.6285
[ep 050] val_sel AUC=0.8788 acc=0.7284
[ep 051] val_sel AUC=0.8971 acc=0.7508
[ep 052] val_sel AUC=0.8906 acc=0.7511
[ep 053] val_sel AUC=0.8525 acc=0.6400
[ep 054] val_sel AUC=0.8707 acc=0.7185
[ep 055] val_sel AUC=0.9066 acc=0.7692
[ep 056] val_sel AUC=0.8860 acc=0.7529
[ep 057] val_sel AUC=0.9124 acc=0.7930
[ep 058] val_sel AUC=0.8958 acc=0.7706
[ep 059] val_sel AUC=0.9135 acc=0.7877
[ep 060] val_sel AUC=0.9127 acc=0.7879
[ep 061] val_sel AUC=0.9093 acc=0.7883
[ep 062] val_sel AUC=0.9017 acc=0.7814
[ep 063] val_sel AUC=0.9078 acc=0.7847
[ep 064] val_sel AUC=0.9012 acc=0.7699
[ep 065] val_sel AUC=0.9152 acc=0.7915
[ep 066] val_sel AUC=0.9108 acc=0.7744
[ep 067] val_sel AUC=0.9077 acc=0.7753
[ep 068] val_sel AUC=0.9118 acc=0.7964
[ep 069] val_sel AUC=0.9191 acc=0.8049
[ep 070] val_sel AUC=0.9193 acc=0.8058
[ep 071] val_sel AUC=0.9191 acc=0.7969
[ep 072] val_sel AUC=0.9185 acc=0.8070
[ep 073] val_sel AUC=0.9088 acc=0.7657
[ep 074] val_sel AUC=0.9189 acc=0.7987
[ep 075] val_sel AUC=0.9183 acc=0.8097
[ep 076] val_sel AUC=0.9197 acc=0.7960
[ep 077] val_sel AUC=0.9241 acc=0.8159
[ep 078] val_sel AUC=0.9227 acc=0.8191
[ep 079] val_sel AUC=0.9233 acc=0.8157
[ep 080] val_sel AUC=0.9232 acc=0.8236
[ep 081] val_sel AUC=0.9256 acc=0.8207
[ep 082] val_sel AUC=0.9191 acc=0.8101
[ep 083] val_sel AUC=0.9245 acc=0.8168
[ep 084] val_sel AUC=0.9265 acc=0.8251
[ep 085] val_sel AUC=0.9242 acc=0.8233
[ep 086] val_sel AUC=0.9251 acc=0.8224
[ep 087] val_sel AUC=0.9235 acc=0.8193
[ep 088] val_sel AUC=0.9244 acc=0.8198
[ep 089] val_sel AUC=0.9242 acc=0.8215
[ep 090] val_sel AUC=0.9243 acc=0.8193
[ep 091] val_sel AUC=0.9241 acc=0.8211
[ep 092] val_sel AUC=0.9239 acc=0.8209
[ep 093] val_sel AUC=0.9239 acc=0.8213
[ep 094] val_sel AUC=0.9240 acc=0.8195
[ep 095] val_sel AUC=0.9240 acc=0.8200
[ep 096] val_sel AUC=0.9240 acc=0.8202
============================================================
TEST (best val_sel epoch, held-out, evaluated once)
============================================================
[DONE-QPE2] embed=skew48 model_II N=250 seed=42 test_AUC=0.9344 val_sel_AUC=0.9265 per_class=(axion=0.9407 cdm=0.8780 no_sub=0.9844) params=203508 embed_params=49 R_frob_drift=1.3614487648010254
