[INFO] QPE2 D=64 P=8 depth=4 | embed=skew48 | data=model_II N/class=250 seed=61 split_seed=0 | params=203508 embed_params=49 lr=0.001 epochs=96 bs=32 | train(750, 64, 64) val_sel(4455, 64, 64) test(4455, 64, 64) device=cuda
[ep 001] val_sel AUC=0.5423 acc=0.3291
[ep 002] val_sel AUC=0.5498 acc=0.3291
[ep 003] val_sel AUC=0.5466 acc=0.3237
[ep 004] val_sel AUC=0.5407 acc=0.3237
[ep 005] val_sel AUC=0.5406 acc=0.3291
[ep 006] val_sel AUC=0.5339 acc=0.3473
[ep 007] val_sel AUC=0.5276 acc=0.3473
[ep 008] val_sel AUC=0.5216 acc=0.3410
[ep 009] val_sel AUC=0.5217 acc=0.3270
[ep 010] val_sel AUC=0.5227 acc=0.3538
[ep 011] val_sel AUC=0.5226 acc=0.3549
[ep 012] val_sel AUC=0.5247 acc=0.3455
[ep 013] val_sel AUC=0.5279 acc=0.3410
[ep 014] val_sel AUC=0.5401 acc=0.3389
[ep 015] val_sel AUC=0.5851 acc=0.3547
[ep 016] val_sel AUC=0.6950 acc=0.4909
[ep 017] val_sel AUC=0.7776 acc=0.5722
[ep 018] val_sel AUC=0.7828 acc=0.5879
[ep 019] val_sel AUC=0.7977 acc=0.6148
[ep 020] val_sel AUC=0.8427 acc=0.6777
[ep 021] val_sel AUC=0.8378 acc=0.6494
[ep 022] val_sel AUC=0.8579 acc=0.6927
[ep 023] val_sel AUC=0.8768 acc=0.7336
[ep 024] val_sel AUC=0.8712 acc=0.7203
[ep 025] val_sel AUC=0.8635 acc=0.7084
[ep 026] val_sel AUC=0.8801 acc=0.7342
[ep 027] val_sel AUC=0.8845 acc=0.7432
[ep 028] val_sel AUC=0.8915 acc=0.7585
[ep 029] val_sel AUC=0.8902 acc=0.7524
[ep 030] val_sel AUC=0.8907 acc=0.7553
[ep 031] val_sel AUC=0.8918 acc=0.7576
[ep 032] val_sel AUC=0.8922 acc=0.7585
[ep 033] val_sel AUC=0.8190 acc=0.6105
[ep 034] val_sel AUC=0.8590 acc=0.6671
[ep 035] val_sel AUC=0.8584 acc=0.7228
[ep 036] val_sel AUC=0.8772 acc=0.7241
[ep 037] val_sel AUC=0.8249 acc=0.6431
[ep 038] val_sel AUC=0.8809 acc=0.7324
[ep 039] val_sel AUC=0.8719 acc=0.7295
[ep 040] val_sel AUC=0.8650 acc=0.6990
[ep 041] val_sel AUC=0.8828 acc=0.7367
[ep 042] val_sel AUC=0.8759 acc=0.7122
[ep 043] val_sel AUC=0.8828 acc=0.7293
[ep 044] val_sel AUC=0.8879 acc=0.7502
[ep 045] val_sel AUC=0.9066 acc=0.7910
[ep 046] val_sel AUC=0.8898 acc=0.7562
[ep 047] val_sel AUC=0.8925 acc=0.7477
[ep 048] val_sel AUC=0.8796 acc=0.7385
[ep 049] val_sel AUC=0.8986 acc=0.7623
[ep 050] val_sel AUC=0.8991 acc=0.7692
[ep 051] val_sel AUC=0.9024 acc=0.7612
[ep 052] val_sel AUC=0.8918 acc=0.7466
[ep 053] val_sel AUC=0.9018 acc=0.7724
[ep 054] val_sel AUC=0.9143 acc=0.7978
[ep 055] val_sel AUC=0.8910 acc=0.7363
[ep 056] val_sel AUC=0.8851 acc=0.7378
[ep 057] val_sel AUC=0.9030 acc=0.7688
[ep 058] val_sel AUC=0.9068 acc=0.7762
[ep 059] val_sel AUC=0.8911 acc=0.7493
[ep 060] val_sel AUC=0.9149 acc=0.7861
[ep 061] val_sel AUC=0.9069 acc=0.7616
[ep 062] val_sel AUC=0.9149 acc=0.7930
[ep 063] val_sel AUC=0.9162 acc=0.8083
[ep 064] val_sel AUC=0.8910 acc=0.7648
[ep 065] val_sel AUC=0.9108 acc=0.8007
[ep 066] val_sel AUC=0.9020 acc=0.7793
[ep 067] val_sel AUC=0.9162 acc=0.8000
[ep 068] val_sel AUC=0.9199 acc=0.8090
[ep 069] val_sel AUC=0.9233 acc=0.8130
[ep 070] val_sel AUC=0.9103 acc=0.7816
[ep 071] val_sel AUC=0.9115 acc=0.7841
[ep 072] val_sel AUC=0.9197 acc=0.8101
[ep 073] val_sel AUC=0.9075 acc=0.7767
[ep 074] val_sel AUC=0.9191 acc=0.8162
[ep 075] val_sel AUC=0.9153 acc=0.8072
[ep 076] val_sel AUC=0.9207 acc=0.8150
[ep 077] val_sel AUC=0.9143 acc=0.8114
[ep 078] val_sel AUC=0.9236 acc=0.8301
[ep 079] val_sel AUC=0.9196 acc=0.8236
[ep 080] val_sel AUC=0.9185 acc=0.8198
[ep 081] val_sel AUC=0.9156 acc=0.8153
[ep 082] val_sel AUC=0.9161 acc=0.8180
[ep 083] val_sel AUC=0.9194 acc=0.8227
[ep 084] val_sel AUC=0.9110 acc=0.7948
[ep 085] val_sel AUC=0.9222 acc=0.8254
[ep 086] val_sel AUC=0.9193 acc=0.8227
[ep 087] val_sel AUC=0.9190 acc=0.8202
[ep 088] val_sel AUC=0.9194 acc=0.8215
[ep 089] val_sel AUC=0.9179 acc=0.8200
[ep 090] val_sel AUC=0.9181 acc=0.8213
[ep 091] val_sel AUC=0.9175 acc=0.8209
[ep 092] val_sel AUC=0.9175 acc=0.8193
[ep 093] val_sel AUC=0.9177 acc=0.8204
[ep 094] val_sel AUC=0.9170 acc=0.8191
[ep 095] val_sel AUC=0.9168 acc=0.8193
[ep 096] val_sel AUC=0.9169 acc=0.8195
============================================================
TEST (best val_sel epoch, held-out, evaluated once)
============================================================
[DONE-QPE2] embed=skew48 model_II N=250 seed=61 test_AUC=0.9249 val_sel_AUC=0.9236 per_class=(axion=0.9394 cdm=0.8611 no_sub=0.9741) params=203508 embed_params=49 R_frob_drift=1.1622002124786377
