[INFO] QPE2 D=64 P=8 depth=4 | embed=skew48 | data=model_II N/class=250 seed=59 split_seed=0 | params=203508 embed_params=49 lr=0.001 epochs=96 bs=32 | train(750, 64, 64) val_sel(4455, 64, 64) test(4455, 64, 64) device=cuda
[ep 001] val_sel AUC=0.4560 acc=0.3291
[ep 002] val_sel AUC=0.4766 acc=0.3237
[ep 003] val_sel AUC=0.4963 acc=0.3237
[ep 004] val_sel AUC=0.5147 acc=0.3291
[ep 005] val_sel AUC=0.5221 acc=0.3291
[ep 006] val_sel AUC=0.5273 acc=0.3237
[ep 007] val_sel AUC=0.5229 acc=0.3291
[ep 008] val_sel AUC=0.5235 acc=0.3473
[ep 009] val_sel AUC=0.5235 acc=0.3237
[ep 010] val_sel AUC=0.5242 acc=0.3392
[ep 011] val_sel AUC=0.5264 acc=0.3502
[ep 012] val_sel AUC=0.5273 acc=0.3459
[ep 013] val_sel AUC=0.5287 acc=0.3531
[ep 014] val_sel AUC=0.5316 acc=0.3457
[ep 015] val_sel AUC=0.5356 acc=0.3520
[ep 016] val_sel AUC=0.5404 acc=0.3565
[ep 017] val_sel AUC=0.5514 acc=0.3715
[ep 018] val_sel AUC=0.6095 acc=0.3971
[ep 019] val_sel AUC=0.6200 acc=0.4245
[ep 020] val_sel AUC=0.6636 acc=0.4707
[ep 021] val_sel AUC=0.7311 acc=0.5499
[ep 022] val_sel AUC=0.7085 acc=0.5080
[ep 023] val_sel AUC=0.7673 acc=0.5919
[ep 024] val_sel AUC=0.7730 acc=0.5511
[ep 025] val_sel AUC=0.7940 acc=0.6229
[ep 026] val_sel AUC=0.8024 acc=0.6294
[ep 027] val_sel AUC=0.8241 acc=0.6494
[ep 028] val_sel AUC=0.8339 acc=0.6626
[ep 029] val_sel AUC=0.8357 acc=0.6712
[ep 030] val_sel AUC=0.8356 acc=0.6703
[ep 031] val_sel AUC=0.8379 acc=0.6712
[ep 032] val_sel AUC=0.8375 acc=0.6712
[ep 033] val_sel AUC=0.7795 acc=0.5796
[ep 034] val_sel AUC=0.7548 acc=0.5524
[ep 035] val_sel AUC=0.8009 acc=0.6236
[ep 036] val_sel AUC=0.8207 acc=0.6299
[ep 037] val_sel AUC=0.8047 acc=0.6332
[ep 038] val_sel AUC=0.8535 acc=0.6985
[ep 039] val_sel AUC=0.8425 acc=0.6615
[ep 040] val_sel AUC=0.8645 acc=0.7383
[ep 041] val_sel AUC=0.8143 acc=0.6029
[ep 042] val_sel AUC=0.8382 acc=0.6772
[ep 043] val_sel AUC=0.8326 acc=0.6721
[ep 044] val_sel AUC=0.8157 acc=0.6294
[ep 045] val_sel AUC=0.8662 acc=0.7145
[ep 046] val_sel AUC=0.8442 acc=0.6422
[ep 047] val_sel AUC=0.8263 acc=0.6649
[ep 048] val_sel AUC=0.8501 acc=0.6759
[ep 049] val_sel AUC=0.8628 acc=0.6907
[ep 050] val_sel AUC=0.8584 acc=0.6909
[ep 051] val_sel AUC=0.8799 acc=0.6911
[ep 052] val_sel AUC=0.8892 acc=0.7495
[ep 053] val_sel AUC=0.8716 acc=0.7333
[ep 054] val_sel AUC=0.8565 acc=0.6932
[ep 055] val_sel AUC=0.8951 acc=0.7574
[ep 056] val_sel AUC=0.8708 acc=0.7484
[ep 057] val_sel AUC=0.8900 acc=0.7565
[ep 058] val_sel AUC=0.8842 acc=0.7136
[ep 059] val_sel AUC=0.8919 acc=0.7630
[ep 060] val_sel AUC=0.8862 acc=0.7176
[ep 061] val_sel AUC=0.8982 acc=0.7484
[ep 062] val_sel AUC=0.8919 acc=0.7553
[ep 063] val_sel AUC=0.8825 acc=0.6992
[ep 064] val_sel AUC=0.9007 acc=0.7672
[ep 065] val_sel AUC=0.9089 acc=0.7814
[ep 066] val_sel AUC=0.9100 acc=0.7861
[ep 067] val_sel AUC=0.9173 acc=0.8052
[ep 068] val_sel AUC=0.8923 acc=0.7387
[ep 069] val_sel AUC=0.9066 acc=0.7903
[ep 070] val_sel AUC=0.9155 acc=0.8034
[ep 071] val_sel AUC=0.9079 acc=0.7901
[ep 072] val_sel AUC=0.8998 acc=0.7722
[ep 073] val_sel AUC=0.9120 acc=0.7870
[ep 074] val_sel AUC=0.9143 acc=0.8047
[ep 075] val_sel AUC=0.9189 acc=0.8240
[ep 076] val_sel AUC=0.9152 acc=0.8034
[ep 077] val_sel AUC=0.9090 acc=0.7890
[ep 078] val_sel AUC=0.9162 acc=0.8117
[ep 079] val_sel AUC=0.9163 acc=0.8171
[ep 080] val_sel AUC=0.9149 acc=0.8146
[ep 081] val_sel AUC=0.9113 acc=0.7971
[ep 082] val_sel AUC=0.9185 acc=0.8191
[ep 083] val_sel AUC=0.9186 acc=0.8202
[ep 084] val_sel AUC=0.9190 acc=0.8198
[ep 085] val_sel AUC=0.9214 acc=0.8245
[ep 086] val_sel AUC=0.9208 acc=0.8265
[ep 087] val_sel AUC=0.9194 acc=0.8211
[ep 088] val_sel AUC=0.9193 acc=0.8245
[ep 089] val_sel AUC=0.9198 acc=0.8229
[ep 090] val_sel AUC=0.9188 acc=0.8245
[ep 091] val_sel AUC=0.9181 acc=0.8229
[ep 092] val_sel AUC=0.9182 acc=0.8229
[ep 093] val_sel AUC=0.9181 acc=0.8245
[ep 094] val_sel AUC=0.9177 acc=0.8236
[ep 095] val_sel AUC=0.9180 acc=0.8231
[ep 096] val_sel AUC=0.9179 acc=0.8229
============================================================
TEST (best val_sel epoch, held-out, evaluated once)
============================================================
[DONE-QPE2] embed=skew48 model_II N=250 seed=59 test_AUC=0.9262 val_sel_AUC=0.9214 per_class=(axion=0.9329 cdm=0.8648 no_sub=0.9809) params=203508 embed_params=49 R_frob_drift=1.5163193941116333
