[INFO] QPE2 D=64 P=8 depth=4 | embed=skew48 | data=model_III N/class=100 seed=53 split_seed=0 | params=203508 embed_params=49 lr=0.001 epochs=96 bs=32 | train(300, 64, 64) val_sel(4469, 64, 64) test(4470, 64, 64) device=cuda
[ep 001] val_sel AUC=0.5127 acc=0.3285
[ep 002] val_sel AUC=0.5306 acc=0.3283
[ep 003] val_sel AUC=0.5321 acc=0.3287
[ep 004] val_sel AUC=0.5491 acc=0.3283
[ep 005] val_sel AUC=0.5398 acc=0.3433
[ep 006] val_sel AUC=0.5508 acc=0.3283
[ep 007] val_sel AUC=0.5474 acc=0.3285
[ep 008] val_sel AUC=0.5536 acc=0.3433
[ep 009] val_sel AUC=0.5493 acc=0.3285
[ep 010] val_sel AUC=0.5470 acc=0.3285
[ep 011] val_sel AUC=0.5498 acc=0.3283
[ep 012] val_sel AUC=0.5468 acc=0.3433
[ep 013] val_sel AUC=0.5450 acc=0.3285
[ep 014] val_sel AUC=0.5477 acc=0.3433
[ep 015] val_sel AUC=0.5451 acc=0.3330
[ep 016] val_sel AUC=0.5431 acc=0.3336
[ep 017] val_sel AUC=0.5380 acc=0.3433
[ep 018] val_sel AUC=0.5371 acc=0.3433
[ep 019] val_sel AUC=0.5355 acc=0.3453
[ep 020] val_sel AUC=0.5346 acc=0.3379
[ep 021] val_sel AUC=0.5315 acc=0.3318
[ep 022] val_sel AUC=0.5296 acc=0.3556
[ep 023] val_sel AUC=0.5277 acc=0.3437
[ep 024] val_sel AUC=0.5270 acc=0.3410
[ep 025] val_sel AUC=0.5256 acc=0.3558
[ep 026] val_sel AUC=0.5267 acc=0.3352
[ep 027] val_sel AUC=0.5280 acc=0.3428
[ep 028] val_sel AUC=0.5284 acc=0.3426
[ep 029] val_sel AUC=0.5287 acc=0.3473
[ep 030] val_sel AUC=0.5291 acc=0.3488
[ep 031] val_sel AUC=0.5289 acc=0.3482
[ep 032] val_sel AUC=0.5290 acc=0.3495
[ep 033] val_sel AUC=0.5500 acc=0.3410
[ep 034] val_sel AUC=0.5521 acc=0.3419
[ep 035] val_sel AUC=0.5495 acc=0.3768
[ep 036] val_sel AUC=0.5658 acc=0.3697
[ep 037] val_sel AUC=0.5721 acc=0.3961
[ep 038] val_sel AUC=0.5768 acc=0.3878
[ep 039] val_sel AUC=0.5965 acc=0.4153
[ep 040] val_sel AUC=0.6156 acc=0.4231
[ep 041] val_sel AUC=0.6533 acc=0.4728
[ep 042] val_sel AUC=0.6567 acc=0.4616
[ep 043] val_sel AUC=0.6706 acc=0.3544
[ep 044] val_sel AUC=0.7277 acc=0.5420
[ep 045] val_sel AUC=0.7499 acc=0.5701
[ep 046] val_sel AUC=0.7065 acc=0.4565
[ep 047] val_sel AUC=0.7861 acc=0.5921
[ep 048] val_sel AUC=0.7292 acc=0.5305
[ep 049] val_sel AUC=0.7690 acc=0.5742
[ep 050] val_sel AUC=0.7584 acc=0.5236
[ep 051] val_sel AUC=0.7960 acc=0.5889
[ep 052] val_sel AUC=0.7668 acc=0.5995
[ep 053] val_sel AUC=0.8316 acc=0.6606
[ep 054] val_sel AUC=0.8214 acc=0.6420
[ep 055] val_sel AUC=0.8398 acc=0.7044
[ep 056] val_sel AUC=0.8498 acc=0.7026
[ep 057] val_sel AUC=0.8593 acc=0.7308
[ep 058] val_sel AUC=0.8566 acc=0.7116
[ep 059] val_sel AUC=0.8095 acc=0.6402
[ep 060] val_sel AUC=0.8441 acc=0.6917
[ep 061] val_sel AUC=0.8593 acc=0.7151
[ep 062] val_sel AUC=0.8622 acc=0.7084
[ep 063] val_sel AUC=0.8547 acc=0.7087
[ep 064] val_sel AUC=0.8776 acc=0.7346
[ep 065] val_sel AUC=0.8692 acc=0.6896
[ep 066] val_sel AUC=0.8747 acc=0.7348
[ep 067] val_sel AUC=0.8586 acc=0.6930
[ep 068] val_sel AUC=0.8765 acc=0.7109
[ep 069] val_sel AUC=0.8802 acc=0.7530
[ep 070] val_sel AUC=0.8772 acc=0.7411
[ep 071] val_sel AUC=0.8708 acc=0.6914
[ep 072] val_sel AUC=0.8850 acc=0.7599
[ep 073] val_sel AUC=0.8889 acc=0.7689
[ep 074] val_sel AUC=0.8757 acc=0.7335
[ep 075] val_sel AUC=0.8781 acc=0.7281
[ep 076] val_sel AUC=0.8911 acc=0.7720
[ep 077] val_sel AUC=0.8829 acc=0.7489
[ep 078] val_sel AUC=0.8859 acc=0.7572
[ep 079] val_sel AUC=0.8923 acc=0.7791
[ep 080] val_sel AUC=0.8865 acc=0.7583
[ep 081] val_sel AUC=0.8906 acc=0.7686
[ep 082] val_sel AUC=0.8898 acc=0.7617
[ep 083] val_sel AUC=0.8879 acc=0.7668
[ep 084] val_sel AUC=0.8894 acc=0.7704
[ep 085] val_sel AUC=0.8875 acc=0.7644
[ep 086] val_sel AUC=0.8906 acc=0.7738
[ep 087] val_sel AUC=0.8898 acc=0.7740
[ep 088] val_sel AUC=0.8882 acc=0.7702
[ep 089] val_sel AUC=0.8874 acc=0.7682
[ep 090] val_sel AUC=0.8876 acc=0.7700
[ep 091] val_sel AUC=0.8879 acc=0.7689
[ep 092] val_sel AUC=0.8877 acc=0.7675
[ep 093] val_sel AUC=0.8878 acc=0.7689
[ep 094] val_sel AUC=0.8880 acc=0.7689
[ep 095] val_sel AUC=0.8879 acc=0.7691
[ep 096] val_sel AUC=0.8879 acc=0.7689
============================================================
TEST (best val_sel epoch, held-out, evaluated once)
============================================================
[DONE-QPE2] embed=skew48 model_III N=100 seed=53 test_AUC=0.8939 val_sel_AUC=0.8923 per_class=(axion=0.9284 cdm=0.8047 no_sub=0.9487) params=203508 embed_params=49 R_frob_drift=1.404366135597229
