[INFO] QPE2 D=64 P=8 depth=4 | embed=skew48 | data=model_III N/class=250 seed=52 split_seed=0 | params=203508 embed_params=49 lr=0.001 epochs=96 bs=32 | train(750, 64, 64) val_sel(4469, 64, 64) test(4470, 64, 64) device=cuda
[ep 001] val_sel AUC=0.5184 acc=0.3285
[ep 002] val_sel AUC=0.5380 acc=0.3283
[ep 003] val_sel AUC=0.5407 acc=0.3433
[ep 004] val_sel AUC=0.5447 acc=0.3283
[ep 005] val_sel AUC=0.5410 acc=0.3285
[ep 006] val_sel AUC=0.5396 acc=0.3377
[ep 007] val_sel AUC=0.5353 acc=0.3283
[ep 008] val_sel AUC=0.5273 acc=0.3285
[ep 009] val_sel AUC=0.5257 acc=0.3285
[ep 010] val_sel AUC=0.5219 acc=0.3408
[ep 011] val_sel AUC=0.5253 acc=0.3283
[ep 012] val_sel AUC=0.5258 acc=0.3450
[ep 013] val_sel AUC=0.5325 acc=0.3466
[ep 014] val_sel AUC=0.5600 acc=0.3808
[ep 015] val_sel AUC=0.5858 acc=0.4115
[ep 016] val_sel AUC=0.5998 acc=0.4158
[ep 017] val_sel AUC=0.6590 acc=0.4674
[ep 018] val_sel AUC=0.7293 acc=0.4690
[ep 019] val_sel AUC=0.7568 acc=0.5505
[ep 020] val_sel AUC=0.7712 acc=0.5898
[ep 021] val_sel AUC=0.8357 acc=0.6420
[ep 022] val_sel AUC=0.8379 acc=0.6565
[ep 023] val_sel AUC=0.8558 acc=0.6816
[ep 024] val_sel AUC=0.8649 acc=0.6836
[ep 025] val_sel AUC=0.8968 acc=0.7480
[ep 026] val_sel AUC=0.8909 acc=0.7691
[ep 027] val_sel AUC=0.8953 acc=0.7603
[ep 028] val_sel AUC=0.9035 acc=0.7597
[ep 029] val_sel AUC=0.9067 acc=0.7861
[ep 030] val_sel AUC=0.9091 acc=0.7899
[ep 031] val_sel AUC=0.9104 acc=0.7874
[ep 032] val_sel AUC=0.9102 acc=0.7856
[ep 033] val_sel AUC=0.6573 acc=0.3873
[ep 034] val_sel AUC=0.6758 acc=0.5100
[ep 035] val_sel AUC=0.7273 acc=0.5527
[ep 036] val_sel AUC=0.8265 acc=0.6384
[ep 037] val_sel AUC=0.7898 acc=0.5928
[ep 038] val_sel AUC=0.8572 acc=0.6959
[ep 039] val_sel AUC=0.8367 acc=0.6480
[ep 040] val_sel AUC=0.8710 acc=0.7151
[ep 041] val_sel AUC=0.8810 acc=0.6934
[ep 042] val_sel AUC=0.8853 acc=0.7328
[ep 043] val_sel AUC=0.8738 acc=0.7398
[ep 044] val_sel AUC=0.8673 acc=0.7064
[ep 045] val_sel AUC=0.8958 acc=0.7637
[ep 046] val_sel AUC=0.8560 acc=0.7035
[ep 047] val_sel AUC=0.9005 acc=0.7727
[ep 048] val_sel AUC=0.8963 acc=0.7633
[ep 049] val_sel AUC=0.8438 acc=0.6377
[ep 050] val_sel AUC=0.9100 acc=0.7691
[ep 051] val_sel AUC=0.8760 acc=0.7254
[ep 052] val_sel AUC=0.8976 acc=0.7534
[ep 053] val_sel AUC=0.8844 acc=0.7210
[ep 054] val_sel AUC=0.8998 acc=0.7671
[ep 055] val_sel AUC=0.9052 acc=0.7697
[ep 056] val_sel AUC=0.8753 acc=0.7279
[ep 057] val_sel AUC=0.8921 acc=0.7521
[ep 058] val_sel AUC=0.9067 acc=0.7704
[ep 059] val_sel AUC=0.9051 acc=0.7912
[ep 060] val_sel AUC=0.9056 acc=0.7664
[ep 061] val_sel AUC=0.9240 acc=0.8009
[ep 062] val_sel AUC=0.9227 acc=0.7973
[ep 063] val_sel AUC=0.8579 acc=0.7107
[ep 064] val_sel AUC=0.9049 acc=0.7673
[ep 065] val_sel AUC=0.9068 acc=0.7814
[ep 066] val_sel AUC=0.9254 acc=0.8194
[ep 067] val_sel AUC=0.8843 acc=0.7049
[ep 068] val_sel AUC=0.9274 acc=0.8105
[ep 069] val_sel AUC=0.9107 acc=0.7955
[ep 070] val_sel AUC=0.9093 acc=0.7733
[ep 071] val_sel AUC=0.9192 acc=0.8111
[ep 072] val_sel AUC=0.9240 acc=0.8026
[ep 073] val_sel AUC=0.9237 acc=0.8199
[ep 074] val_sel AUC=0.9193 acc=0.8080
[ep 075] val_sel AUC=0.9285 acc=0.8208
[ep 076] val_sel AUC=0.9254 acc=0.8219
[ep 077] val_sel AUC=0.9240 acc=0.8000
[ep 078] val_sel AUC=0.9283 acc=0.8293
[ep 079] val_sel AUC=0.9151 acc=0.8147
[ep 080] val_sel AUC=0.9272 acc=0.8235
[ep 081] val_sel AUC=0.9306 acc=0.8340
[ep 082] val_sel AUC=0.9295 acc=0.8313
[ep 083] val_sel AUC=0.9309 acc=0.8308
[ep 084] val_sel AUC=0.9272 acc=0.8259
[ep 085] val_sel AUC=0.9266 acc=0.8268
[ep 086] val_sel AUC=0.9294 acc=0.8243
[ep 087] val_sel AUC=0.9304 acc=0.8288
[ep 088] val_sel AUC=0.9296 acc=0.8297
[ep 089] val_sel AUC=0.9301 acc=0.8281
[ep 090] val_sel AUC=0.9276 acc=0.8212
[ep 091] val_sel AUC=0.9278 acc=0.8270
[ep 092] val_sel AUC=0.9278 acc=0.8255
[ep 093] val_sel AUC=0.9278 acc=0.8246
[ep 094] val_sel AUC=0.9275 acc=0.8246
[ep 095] val_sel AUC=0.9274 acc=0.8248
[ep 096] val_sel AUC=0.9275 acc=0.8250
============================================================
TEST (best val_sel epoch, held-out, evaluated once)
============================================================
[DONE-QPE2] embed=skew48 model_III N=250 seed=52 test_AUC=0.9300 val_sel_AUC=0.9309 per_class=(axion=0.9426 cdm=0.8703 no_sub=0.9771) params=203508 embed_params=49 R_frob_drift=1.5975825786590576
