[INFO] QPE2 D=64 P=8 depth=4 | embed=skew48 | data=model_III N/class=250 seed=48 split_seed=0 | params=203508 embed_params=49 lr=0.001 epochs=96 bs=32 | train(750, 64, 64) val_sel(4469, 64, 64) test(4470, 64, 64) device=cuda
[ep 001] val_sel AUC=0.5578 acc=0.3285
[ep 002] val_sel AUC=0.5610 acc=0.3285
[ep 003] val_sel AUC=0.5790 acc=0.3283
[ep 004] val_sel AUC=0.5438 acc=0.3285
[ep 005] val_sel AUC=0.5409 acc=0.3437
[ep 006] val_sel AUC=0.5557 acc=0.3430
[ep 007] val_sel AUC=0.5776 acc=0.3643
[ep 008] val_sel AUC=0.6131 acc=0.4272
[ep 009] val_sel AUC=0.6982 acc=0.5082
[ep 010] val_sel AUC=0.7624 acc=0.5672
[ep 011] val_sel AUC=0.8055 acc=0.6234
[ep 012] val_sel AUC=0.8373 acc=0.6606
[ep 013] val_sel AUC=0.8049 acc=0.6476
[ep 014] val_sel AUC=0.8385 acc=0.6650
[ep 015] val_sel AUC=0.8430 acc=0.6704
[ep 016] val_sel AUC=0.8605 acc=0.6809
[ep 017] val_sel AUC=0.8746 acc=0.7228
[ep 018] val_sel AUC=0.8805 acc=0.7344
[ep 019] val_sel AUC=0.8864 acc=0.7292
[ep 020] val_sel AUC=0.8977 acc=0.7635
[ep 021] val_sel AUC=0.8982 acc=0.7541
[ep 022] val_sel AUC=0.8962 acc=0.7592
[ep 023] val_sel AUC=0.9086 acc=0.7868
[ep 024] val_sel AUC=0.9115 acc=0.7838
[ep 025] val_sel AUC=0.9137 acc=0.7776
[ep 026] val_sel AUC=0.9153 acc=0.7946
[ep 027] val_sel AUC=0.9150 acc=0.8055
[ep 028] val_sel AUC=0.9180 acc=0.8069
[ep 029] val_sel AUC=0.9193 acc=0.8102
[ep 030] val_sel AUC=0.9194 acc=0.8073
[ep 031] val_sel AUC=0.9204 acc=0.8085
[ep 032] val_sel AUC=0.9204 acc=0.8091
[ep 033] val_sel AUC=0.8720 acc=0.7221
[ep 034] val_sel AUC=0.8738 acc=0.7113
[ep 035] val_sel AUC=0.8448 acc=0.6162
[ep 036] val_sel AUC=0.8352 acc=0.6762
[ep 037] val_sel AUC=0.9028 acc=0.7700
[ep 038] val_sel AUC=0.8898 acc=0.7339
[ep 039] val_sel AUC=0.8532 acc=0.7317
[ep 040] val_sel AUC=0.9043 acc=0.7637
[ep 041] val_sel AUC=0.9168 acc=0.7702
[ep 042] val_sel AUC=0.9134 acc=0.7908
[ep 043] val_sel AUC=0.8985 acc=0.7498
[ep 044] val_sel AUC=0.9001 acc=0.7608
[ep 045] val_sel AUC=0.9015 acc=0.7527
[ep 046] val_sel AUC=0.8606 acc=0.7234
[ep 047] val_sel AUC=0.8753 acc=0.7299
[ep 048] val_sel AUC=0.9155 acc=0.7921
[ep 049] val_sel AUC=0.9155 acc=0.7982
[ep 050] val_sel AUC=0.9183 acc=0.7953
[ep 051] val_sel AUC=0.9195 acc=0.7838
[ep 052] val_sel AUC=0.9149 acc=0.7850
[ep 053] val_sel AUC=0.9305 acc=0.8270
[ep 054] val_sel AUC=0.9256 acc=0.8060
[ep 055] val_sel AUC=0.8926 acc=0.7722
[ep 056] val_sel AUC=0.9270 acc=0.8201
[ep 057] val_sel AUC=0.9047 acc=0.6995
[ep 058] val_sel AUC=0.9089 acc=0.7653
[ep 059] val_sel AUC=0.9303 acc=0.8264
[ep 060] val_sel AUC=0.9309 acc=0.8141
[ep 061] val_sel AUC=0.9341 acc=0.8109
[ep 062] val_sel AUC=0.9272 acc=0.7912
[ep 063] val_sel AUC=0.9216 acc=0.7937
[ep 064] val_sel AUC=0.9299 acc=0.8145
[ep 065] val_sel AUC=0.9345 acc=0.8380
[ep 066] val_sel AUC=0.9115 acc=0.7382
[ep 067] val_sel AUC=0.9100 acc=0.7228
[ep 068] val_sel AUC=0.9260 acc=0.8078
[ep 069] val_sel AUC=0.9317 acc=0.8259
[ep 070] val_sel AUC=0.9339 acc=0.8232
[ep 071] val_sel AUC=0.9369 acc=0.8333
[ep 072] val_sel AUC=0.9363 acc=0.8297
[ep 073] val_sel AUC=0.9349 acc=0.8243
[ep 074] val_sel AUC=0.9255 acc=0.7762
[ep 075] val_sel AUC=0.9344 acc=0.8205
[ep 076] val_sel AUC=0.9361 acc=0.8270
[ep 077] val_sel AUC=0.9337 acc=0.8268
[ep 078] val_sel AUC=0.9285 acc=0.8288
[ep 079] val_sel AUC=0.9300 acc=0.8111
[ep 080] val_sel AUC=0.9356 acc=0.8322
[ep 081] val_sel AUC=0.9331 acc=0.8299
[ep 082] val_sel AUC=0.9321 acc=0.8308
[ep 083] val_sel AUC=0.9318 acc=0.8297
[ep 084] val_sel AUC=0.9294 acc=0.8295
[ep 085] val_sel AUC=0.9298 acc=0.8261
[ep 086] val_sel AUC=0.9280 acc=0.8275
[ep 087] val_sel AUC=0.9290 acc=0.8290
[ep 088] val_sel AUC=0.9285 acc=0.8306
[ep 089] val_sel AUC=0.9279 acc=0.8304
[ep 090] val_sel AUC=0.9263 acc=0.8273
[ep 091] val_sel AUC=0.9265 acc=0.8286
[ep 092] val_sel AUC=0.9263 acc=0.8295
[ep 093] val_sel AUC=0.9258 acc=0.8284
[ep 094] val_sel AUC=0.9257 acc=0.8290
[ep 095] val_sel AUC=0.9256 acc=0.8286
[ep 096] val_sel AUC=0.9255 acc=0.8286
============================================================
TEST (best val_sel epoch, held-out, evaluated once)
============================================================
[DONE-QPE2] embed=skew48 model_III N=250 seed=48 test_AUC=0.9334 val_sel_AUC=0.9369 per_class=(axion=0.9485 cdm=0.8762 no_sub=0.9754) params=203508 embed_params=49 R_frob_drift=1.1415306329727173
