[INFO] QPE2 D=64 P=8 depth=4 | embed=skew48 | data=model_II N/class=250 seed=47 split_seed=0 | params=203508 embed_params=49 lr=0.001 epochs=96 bs=32 | train(750, 64, 64) val_sel(4455, 64, 64) test(4455, 64, 64) device=cuda
[ep 001] val_sel AUC=0.5164 acc=0.3473
[ep 002] val_sel AUC=0.5202 acc=0.3237
[ep 003] val_sel AUC=0.5228 acc=0.3237
[ep 004] val_sel AUC=0.5269 acc=0.3504
[ep 005] val_sel AUC=0.5305 acc=0.3473
[ep 006] val_sel AUC=0.5436 acc=0.3473
[ep 007] val_sel AUC=0.5466 acc=0.3473
[ep 008] val_sel AUC=0.5457 acc=0.3237
[ep 009] val_sel AUC=0.5334 acc=0.3291
[ep 010] val_sel AUC=0.5299 acc=0.3385
[ep 011] val_sel AUC=0.5287 acc=0.3291
[ep 012] val_sel AUC=0.5245 acc=0.3419
[ep 013] val_sel AUC=0.5234 acc=0.3376
[ep 014] val_sel AUC=0.5208 acc=0.3237
[ep 015] val_sel AUC=0.5285 acc=0.3591
[ep 016] val_sel AUC=0.5268 acc=0.3648
[ep 017] val_sel AUC=0.5355 acc=0.3392
[ep 018] val_sel AUC=0.5318 acc=0.3670
[ep 019] val_sel AUC=0.5333 acc=0.3654
[ep 020] val_sel AUC=0.5380 acc=0.3621
[ep 021] val_sel AUC=0.5463 acc=0.3612
[ep 022] val_sel AUC=0.5417 acc=0.3679
[ep 023] val_sel AUC=0.5568 acc=0.3684
[ep 024] val_sel AUC=0.5587 acc=0.3861
[ep 025] val_sel AUC=0.5588 acc=0.3809
[ep 026] val_sel AUC=0.5895 acc=0.3971
[ep 027] val_sel AUC=0.6071 acc=0.4245
[ep 028] val_sel AUC=0.6157 acc=0.4231
[ep 029] val_sel AUC=0.6621 acc=0.4572
[ep 030] val_sel AUC=0.6628 acc=0.4608
[ep 031] val_sel AUC=0.6755 acc=0.4694
[ep 032] val_sel AUC=0.6785 acc=0.4723
[ep 033] val_sel AUC=0.5571 acc=0.3692
[ep 034] val_sel AUC=0.5614 acc=0.3654
[ep 035] val_sel AUC=0.5618 acc=0.3291
[ep 036] val_sel AUC=0.5600 acc=0.3576
[ep 037] val_sel AUC=0.5718 acc=0.3782
[ep 038] val_sel AUC=0.5807 acc=0.3836
[ep 039] val_sel AUC=0.6070 acc=0.4121
[ep 040] val_sel AUC=0.6534 acc=0.4554
[ep 041] val_sel AUC=0.6945 acc=0.5001
[ep 042] val_sel AUC=0.7489 acc=0.5089
[ep 043] val_sel AUC=0.7744 acc=0.5365
[ep 044] val_sel AUC=0.7527 acc=0.5248
[ep 045] val_sel AUC=0.8100 acc=0.5874
[ep 046] val_sel AUC=0.7756 acc=0.4949
[ep 047] val_sel AUC=0.8435 acc=0.6761
[ep 048] val_sel AUC=0.8481 acc=0.6936
[ep 049] val_sel AUC=0.8075 acc=0.6112
[ep 050] val_sel AUC=0.8082 acc=0.5980
[ep 051] val_sel AUC=0.8516 acc=0.6907
[ep 052] val_sel AUC=0.8471 acc=0.6781
[ep 053] val_sel AUC=0.8607 acc=0.7046
[ep 054] val_sel AUC=0.8945 acc=0.7526
[ep 055] val_sel AUC=0.8793 acc=0.7152
[ep 056] val_sel AUC=0.8549 acc=0.7035
[ep 057] val_sel AUC=0.9009 acc=0.7616
[ep 058] val_sel AUC=0.8942 acc=0.7549
[ep 059] val_sel AUC=0.8625 acc=0.6629
[ep 060] val_sel AUC=0.8857 acc=0.7228
[ep 061] val_sel AUC=0.9028 acc=0.7652
[ep 062] val_sel AUC=0.9047 acc=0.7789
[ep 063] val_sel AUC=0.9101 acc=0.7432
[ep 064] val_sel AUC=0.9147 acc=0.7836
[ep 065] val_sel AUC=0.8981 acc=0.7789
[ep 066] val_sel AUC=0.9170 acc=0.7912
[ep 067] val_sel AUC=0.9041 acc=0.7699
[ep 068] val_sel AUC=0.9024 acc=0.7811
[ep 069] val_sel AUC=0.9047 acc=0.7769
[ep 070] val_sel AUC=0.9200 acc=0.8070
[ep 071] val_sel AUC=0.9128 acc=0.7935
[ep 072] val_sel AUC=0.8902 acc=0.7643
[ep 073] val_sel AUC=0.9205 acc=0.7971
[ep 074] val_sel AUC=0.9084 acc=0.7802
[ep 075] val_sel AUC=0.9095 acc=0.7847
[ep 076] val_sel AUC=0.9139 acc=0.8108
[ep 077] val_sel AUC=0.9220 acc=0.8195
[ep 078] val_sel AUC=0.9144 acc=0.7951
[ep 079] val_sel AUC=0.9138 acc=0.7946
[ep 080] val_sel AUC=0.9205 acc=0.8155
[ep 081] val_sel AUC=0.9211 acc=0.8240
[ep 082] val_sel AUC=0.9230 acc=0.8238
[ep 083] val_sel AUC=0.9236 acc=0.8224
[ep 084] val_sel AUC=0.9193 acc=0.8171
[ep 085] val_sel AUC=0.9224 acc=0.8267
[ep 086] val_sel AUC=0.9234 acc=0.8198
[ep 087] val_sel AUC=0.9224 acc=0.8245
[ep 088] val_sel AUC=0.9220 acc=0.8245
[ep 089] val_sel AUC=0.9220 acc=0.8272
[ep 090] val_sel AUC=0.9240 acc=0.8299
[ep 091] val_sel AUC=0.9232 acc=0.8274
[ep 092] val_sel AUC=0.9239 acc=0.8303
[ep 093] val_sel AUC=0.9236 acc=0.8296
[ep 094] val_sel AUC=0.9237 acc=0.8308
[ep 095] val_sel AUC=0.9236 acc=0.8308
[ep 096] val_sel AUC=0.9237 acc=0.8303
============================================================
TEST (best val_sel epoch, held-out, evaluated once)
============================================================
[DONE-QPE2] embed=skew48 model_II N=250 seed=47 test_AUC=0.9307 val_sel_AUC=0.9240 per_class=(axion=0.9381 cdm=0.8714 no_sub=0.9824) params=203508 embed_params=49 R_frob_drift=1.5568469762802124
