[INFO] QPE2 D=64 P=8 depth=4 | embed=skew48 | data=model_II N/class=100 seed=49 split_seed=0 | params=203508 embed_params=49 lr=0.001 epochs=96 bs=32 | train(300, 64, 64) val_sel(4455, 64, 64) test(4455, 64, 64) device=cuda
[ep 001] val_sel AUC=0.5245 acc=0.3473
[ep 002] val_sel AUC=0.5136 acc=0.3291
[ep 003] val_sel AUC=0.5057 acc=0.3473
[ep 004] val_sel AUC=0.5043 acc=0.3237
[ep 005] val_sel AUC=0.5012 acc=0.3473
[ep 006] val_sel AUC=0.4997 acc=0.3291
[ep 007] val_sel AUC=0.4957 acc=0.3286
[ep 008] val_sel AUC=0.4924 acc=0.3450
[ep 009] val_sel AUC=0.4906 acc=0.3315
[ep 010] val_sel AUC=0.4926 acc=0.3452
[ep 011] val_sel AUC=0.4964 acc=0.3279
[ep 012] val_sel AUC=0.4954 acc=0.3401
[ep 013] val_sel AUC=0.4977 acc=0.3511
[ep 014] val_sel AUC=0.5009 acc=0.3270
[ep 015] val_sel AUC=0.5025 acc=0.3401
[ep 016] val_sel AUC=0.5020 acc=0.3392
[ep 017] val_sel AUC=0.5048 acc=0.3446
[ep 018] val_sel AUC=0.5095 acc=0.3571
[ep 019] val_sel AUC=0.5021 acc=0.3457
[ep 020] val_sel AUC=0.5093 acc=0.3580
[ep 021] val_sel AUC=0.5136 acc=0.3497
[ep 022] val_sel AUC=0.5142 acc=0.3486
[ep 023] val_sel AUC=0.5150 acc=0.3475
[ep 024] val_sel AUC=0.5191 acc=0.3609
[ep 025] val_sel AUC=0.5191 acc=0.3511
[ep 026] val_sel AUC=0.5203 acc=0.3524
[ep 027] val_sel AUC=0.5211 acc=0.3542
[ep 028] val_sel AUC=0.5222 acc=0.3533
[ep 029] val_sel AUC=0.5227 acc=0.3540
[ep 030] val_sel AUC=0.5229 acc=0.3529
[ep 031] val_sel AUC=0.5231 acc=0.3529
[ep 032] val_sel AUC=0.5232 acc=0.3529
[ep 033] val_sel AUC=0.5245 acc=0.3403
[ep 034] val_sel AUC=0.5398 acc=0.3755
[ep 035] val_sel AUC=0.5169 acc=0.3547
[ep 036] val_sel AUC=0.5241 acc=0.3562
[ep 037] val_sel AUC=0.5395 acc=0.3755
[ep 038] val_sel AUC=0.5585 acc=0.3742
[ep 039] val_sel AUC=0.5695 acc=0.3899
[ep 040] val_sel AUC=0.5974 acc=0.4054
[ep 041] val_sel AUC=0.6337 acc=0.4698
[ep 042] val_sel AUC=0.6131 acc=0.4072
[ep 043] val_sel AUC=0.6485 acc=0.4094
[ep 044] val_sel AUC=0.6392 acc=0.4519
[ep 045] val_sel AUC=0.6608 acc=0.4734
[ep 046] val_sel AUC=0.6693 acc=0.4550
[ep 047] val_sel AUC=0.6324 acc=0.4218
[ep 048] val_sel AUC=0.6692 acc=0.4606
[ep 049] val_sel AUC=0.6930 acc=0.4994
[ep 050] val_sel AUC=0.7057 acc=0.4608
[ep 051] val_sel AUC=0.7184 acc=0.4678
[ep 052] val_sel AUC=0.7351 acc=0.5331
[ep 053] val_sel AUC=0.7504 acc=0.5416
[ep 054] val_sel AUC=0.7710 acc=0.5681
[ep 055] val_sel AUC=0.7035 acc=0.4622
[ep 056] val_sel AUC=0.7128 acc=0.4290
[ep 057] val_sel AUC=0.7531 acc=0.5758
[ep 058] val_sel AUC=0.7813 acc=0.5939
[ep 059] val_sel AUC=0.8004 acc=0.6175
[ep 060] val_sel AUC=0.7935 acc=0.6166
[ep 061] val_sel AUC=0.8078 acc=0.6308
[ep 062] val_sel AUC=0.8197 acc=0.6395
[ep 063] val_sel AUC=0.8256 acc=0.6364
[ep 064] val_sel AUC=0.8321 acc=0.6550
[ep 065] val_sel AUC=0.8319 acc=0.6730
[ep 066] val_sel AUC=0.8376 acc=0.6575
[ep 067] val_sel AUC=0.8234 acc=0.6415
[ep 068] val_sel AUC=0.8315 acc=0.6516
[ep 069] val_sel AUC=0.8704 acc=0.7113
[ep 070] val_sel AUC=0.8600 acc=0.7017
[ep 071] val_sel AUC=0.8582 acc=0.6954
[ep 072] val_sel AUC=0.8599 acc=0.6997
[ep 073] val_sel AUC=0.8585 acc=0.6797
[ep 074] val_sel AUC=0.8641 acc=0.6842
[ep 075] val_sel AUC=0.8630 acc=0.7100
[ep 076] val_sel AUC=0.8676 acc=0.7172
[ep 077] val_sel AUC=0.8697 acc=0.7035
[ep 078] val_sel AUC=0.8680 acc=0.7208
[ep 079] val_sel AUC=0.8621 acc=0.6853
[ep 080] val_sel AUC=0.8685 acc=0.7026
[ep 081] val_sel AUC=0.8712 acc=0.7253
[ep 082] val_sel AUC=0.8726 acc=0.7354
[ep 083] val_sel AUC=0.8686 acc=0.7111
[ep 084] val_sel AUC=0.8723 acc=0.7340
[ep 085] val_sel AUC=0.8706 acc=0.7158
[ep 086] val_sel AUC=0.8740 acc=0.7398
[ep 087] val_sel AUC=0.8719 acc=0.7282
[ep 088] val_sel AUC=0.8738 acc=0.7392
[ep 089] val_sel AUC=0.8722 acc=0.7365
[ep 090] val_sel AUC=0.8726 acc=0.7394
[ep 091] val_sel AUC=0.8718 acc=0.7394
[ep 092] val_sel AUC=0.8709 acc=0.7347
[ep 093] val_sel AUC=0.8714 acc=0.7374
[ep 094] val_sel AUC=0.8719 acc=0.7387
[ep 095] val_sel AUC=0.8719 acc=0.7387
[ep 096] val_sel AUC=0.8716 acc=0.7383
============================================================
TEST (best val_sel epoch, held-out, evaluated once)
============================================================
[DONE-QPE2] embed=skew48 model_II N=100 seed=49 test_AUC=0.8797 val_sel_AUC=0.8740 per_class=(axion=0.9145 cdm=0.7787 no_sub=0.9459) params=203508 embed_params=49 R_frob_drift=1.408053994178772
