[INFO] QPE2 D=64 P=8 depth=4 | embed=skew48 | data=model_II N/class=100 seed=48 split_seed=0 | params=203508 embed_params=49 lr=0.001 epochs=96 bs=32 | train(300, 64, 64) val_sel(4455, 64, 64) test(4455, 64, 64) device=cuda
[ep 001] val_sel AUC=0.5441 acc=0.3291
[ep 002] val_sel AUC=0.5141 acc=0.3237
[ep 003] val_sel AUC=0.5273 acc=0.3291
[ep 004] val_sel AUC=0.5314 acc=0.3291
[ep 005] val_sel AUC=0.5286 acc=0.3237
[ep 006] val_sel AUC=0.5333 acc=0.3473
[ep 007] val_sel AUC=0.5328 acc=0.3513
[ep 008] val_sel AUC=0.5345 acc=0.3237
[ep 009] val_sel AUC=0.5328 acc=0.3473
[ep 010] val_sel AUC=0.5399 acc=0.3237
[ep 011] val_sel AUC=0.5394 acc=0.3488
[ep 012] val_sel AUC=0.5349 acc=0.3473
[ep 013] val_sel AUC=0.5370 acc=0.3237
[ep 014] val_sel AUC=0.5382 acc=0.3291
[ep 015] val_sel AUC=0.5337 acc=0.3473
[ep 016] val_sel AUC=0.5303 acc=0.3237
[ep 017] val_sel AUC=0.5290 acc=0.3291
[ep 018] val_sel AUC=0.5283 acc=0.3443
[ep 019] val_sel AUC=0.5277 acc=0.3223
[ep 020] val_sel AUC=0.5298 acc=0.3257
[ep 021] val_sel AUC=0.5274 acc=0.3311
[ep 022] val_sel AUC=0.5223 acc=0.3428
[ep 023] val_sel AUC=0.5153 acc=0.3398
[ep 024] val_sel AUC=0.5155 acc=0.3508
[ep 025] val_sel AUC=0.5146 acc=0.3531
[ep 026] val_sel AUC=0.5156 acc=0.3374
[ep 027] val_sel AUC=0.5071 acc=0.3300
[ep 028] val_sel AUC=0.5009 acc=0.3365
[ep 029] val_sel AUC=0.4991 acc=0.3394
[ep 030] val_sel AUC=0.4985 acc=0.3354
[ep 031] val_sel AUC=0.4986 acc=0.3320
[ep 032] val_sel AUC=0.4989 acc=0.3333
[ep 033] val_sel AUC=0.5126 acc=0.3504
[ep 034] val_sel AUC=0.5143 acc=0.3304
[ep 035] val_sel AUC=0.4995 acc=0.3253
[ep 036] val_sel AUC=0.4999 acc=0.3468
[ep 037] val_sel AUC=0.5116 acc=0.3297
[ep 038] val_sel AUC=0.5105 acc=0.3430
[ep 039] val_sel AUC=0.5225 acc=0.3286
[ep 040] val_sel AUC=0.5280 acc=0.3306
[ep 041] val_sel AUC=0.5309 acc=0.3502
[ep 042] val_sel AUC=0.5351 acc=0.3580
[ep 043] val_sel AUC=0.5413 acc=0.3484
[ep 044] val_sel AUC=0.5407 acc=0.3645
[ep 045] val_sel AUC=0.5495 acc=0.3556
[ep 046] val_sel AUC=0.5493 acc=0.3609
[ep 047] val_sel AUC=0.5489 acc=0.3627
[ep 048] val_sel AUC=0.5660 acc=0.3713
[ep 049] val_sel AUC=0.5697 acc=0.3728
[ep 050] val_sel AUC=0.5816 acc=0.3888
[ep 051] val_sel AUC=0.5798 acc=0.3802
[ep 052] val_sel AUC=0.6208 acc=0.4249
[ep 053] val_sel AUC=0.6448 acc=0.4772
[ep 054] val_sel AUC=0.6476 acc=0.4126
[ep 055] val_sel AUC=0.6518 acc=0.4563
[ep 056] val_sel AUC=0.6869 acc=0.4970
[ep 057] val_sel AUC=0.6793 acc=0.4988
[ep 058] val_sel AUC=0.6470 acc=0.4458
[ep 059] val_sel AUC=0.6716 acc=0.4532
[ep 060] val_sel AUC=0.6962 acc=0.4743
[ep 061] val_sel AUC=0.7165 acc=0.4945
[ep 062] val_sel AUC=0.7469 acc=0.5627
[ep 063] val_sel AUC=0.7247 acc=0.5300
[ep 064] val_sel AUC=0.7171 acc=0.4860
[ep 065] val_sel AUC=0.7425 acc=0.5580
[ep 066] val_sel AUC=0.7457 acc=0.5329
[ep 067] val_sel AUC=0.7602 acc=0.5899
[ep 068] val_sel AUC=0.7657 acc=0.5825
[ep 069] val_sel AUC=0.7852 acc=0.6238
[ep 070] val_sel AUC=0.7631 acc=0.5771
[ep 071] val_sel AUC=0.7927 acc=0.6314
[ep 072] val_sel AUC=0.7913 acc=0.6379
[ep 073] val_sel AUC=0.8030 acc=0.6438
[ep 074] val_sel AUC=0.7928 acc=0.6435
[ep 075] val_sel AUC=0.8049 acc=0.6545
[ep 076] val_sel AUC=0.7988 acc=0.6483
[ep 077] val_sel AUC=0.8001 acc=0.6534
[ep 078] val_sel AUC=0.8000 acc=0.6539
[ep 079] val_sel AUC=0.7983 acc=0.6532
[ep 080] val_sel AUC=0.8034 acc=0.6545
[ep 081] val_sel AUC=0.8035 acc=0.6590
[ep 082] val_sel AUC=0.8047 acc=0.6548
[ep 083] val_sel AUC=0.8064 acc=0.6655
[ep 084] val_sel AUC=0.8044 acc=0.6597
[ep 085] val_sel AUC=0.8076 acc=0.6667
[ep 086] val_sel AUC=0.8062 acc=0.6646
[ep 087] val_sel AUC=0.8067 acc=0.6644
[ep 088] val_sel AUC=0.8063 acc=0.6669
[ep 089] val_sel AUC=0.8058 acc=0.6664
[ep 090] val_sel AUC=0.8063 acc=0.6662
[ep 091] val_sel AUC=0.8063 acc=0.6669
[ep 092] val_sel AUC=0.8060 acc=0.6669
[ep 093] val_sel AUC=0.8060 acc=0.6667
[ep 094] val_sel AUC=0.8061 acc=0.6673
[ep 095] val_sel AUC=0.8062 acc=0.6682
[ep 096] val_sel AUC=0.8063 acc=0.6682
============================================================
TEST (best val_sel epoch, held-out, evaluated once)
============================================================
[DONE-QPE2] embed=skew48 model_II N=100 seed=48 test_AUC=0.8304 val_sel_AUC=0.8076 per_class=(axion=0.8938 cdm=0.6845 no_sub=0.9128) params=203508 embed_params=49 R_frob_drift=1.2948936223983765
