[INFO] QPE2 D=64 P=8 depth=4 | embed=skew48 | data=model_II N/class=100 seed=55 split_seed=0 | params=203508 embed_params=49 lr=0.001 epochs=96 bs=32 | train(300, 64, 64) val_sel(4455, 64, 64) test(4455, 64, 64) device=cuda
[ep 001] val_sel AUC=0.4962 acc=0.3473
[ep 002] val_sel AUC=0.5340 acc=0.3291
[ep 003] val_sel AUC=0.5373 acc=0.3473
[ep 004] val_sel AUC=0.5402 acc=0.3237
[ep 005] val_sel AUC=0.5347 acc=0.3473
[ep 006] val_sel AUC=0.5298 acc=0.3508
[ep 007] val_sel AUC=0.5259 acc=0.3237
[ep 008] val_sel AUC=0.5222 acc=0.3291
[ep 009] val_sel AUC=0.5203 acc=0.3473
[ep 010] val_sel AUC=0.5171 acc=0.3396
[ep 011] val_sel AUC=0.5153 acc=0.3385
[ep 012] val_sel AUC=0.5138 acc=0.3300
[ep 013] val_sel AUC=0.5133 acc=0.3392
[ep 014] val_sel AUC=0.5127 acc=0.3425
[ep 015] val_sel AUC=0.5124 acc=0.3371
[ep 016] val_sel AUC=0.5127 acc=0.3448
[ep 017] val_sel AUC=0.5122 acc=0.3340
[ep 018] val_sel AUC=0.5117 acc=0.3410
[ep 019] val_sel AUC=0.5127 acc=0.3313
[ep 020] val_sel AUC=0.5130 acc=0.3387
[ep 021] val_sel AUC=0.5149 acc=0.3329
[ep 022] val_sel AUC=0.5129 acc=0.3414
[ep 023] val_sel AUC=0.5131 acc=0.3448
[ep 024] val_sel AUC=0.5164 acc=0.3336
[ep 025] val_sel AUC=0.5163 acc=0.3347
[ep 026] val_sel AUC=0.5165 acc=0.3313
[ep 027] val_sel AUC=0.5140 acc=0.3448
[ep 028] val_sel AUC=0.5146 acc=0.3405
[ep 029] val_sel AUC=0.5154 acc=0.3387
[ep 030] val_sel AUC=0.5161 acc=0.3378
[ep 031] val_sel AUC=0.5161 acc=0.3367
[ep 032] val_sel AUC=0.5161 acc=0.3376
[ep 033] val_sel AUC=0.5194 acc=0.3401
[ep 034] val_sel AUC=0.5228 acc=0.3455
[ep 035] val_sel AUC=0.5289 acc=0.3495
[ep 036] val_sel AUC=0.5265 acc=0.3403
[ep 037] val_sel AUC=0.5306 acc=0.3511
[ep 038] val_sel AUC=0.5377 acc=0.3473
[ep 039] val_sel AUC=0.5392 acc=0.3464
[ep 040] val_sel AUC=0.5607 acc=0.3468
[ep 041] val_sel AUC=0.5461 acc=0.3549
[ep 042] val_sel AUC=0.5643 acc=0.3486
[ep 043] val_sel AUC=0.5807 acc=0.4137
[ep 044] val_sel AUC=0.6005 acc=0.4227
[ep 045] val_sel AUC=0.5982 acc=0.4047
[ep 046] val_sel AUC=0.6281 acc=0.4440
[ep 047] val_sel AUC=0.6399 acc=0.4251
[ep 048] val_sel AUC=0.6748 acc=0.4664
[ep 049] val_sel AUC=0.6438 acc=0.4310
[ep 050] val_sel AUC=0.6564 acc=0.4471
[ep 051] val_sel AUC=0.6431 acc=0.4420
[ep 052] val_sel AUC=0.6732 acc=0.4545
[ep 053] val_sel AUC=0.7043 acc=0.4727
[ep 054] val_sel AUC=0.7335 acc=0.5455
[ep 055] val_sel AUC=0.7250 acc=0.5264
[ep 056] val_sel AUC=0.7249 acc=0.4929
[ep 057] val_sel AUC=0.7628 acc=0.5760
[ep 058] val_sel AUC=0.7458 acc=0.5625
[ep 059] val_sel AUC=0.7823 acc=0.5789
[ep 060] val_sel AUC=0.7842 acc=0.5870
[ep 061] val_sel AUC=0.7880 acc=0.6020
[ep 062] val_sel AUC=0.8121 acc=0.6350
[ep 063] val_sel AUC=0.7813 acc=0.5740
[ep 064] val_sel AUC=0.7850 acc=0.5989
[ep 065] val_sel AUC=0.7880 acc=0.5879
[ep 066] val_sel AUC=0.8142 acc=0.6456
[ep 067] val_sel AUC=0.8103 acc=0.6476
[ep 068] val_sel AUC=0.8280 acc=0.6602
[ep 069] val_sel AUC=0.8249 acc=0.6550
[ep 070] val_sel AUC=0.8293 acc=0.6738
[ep 071] val_sel AUC=0.8321 acc=0.6664
[ep 072] val_sel AUC=0.8297 acc=0.6545
[ep 073] val_sel AUC=0.7483 acc=0.5129
[ep 074] val_sel AUC=0.8137 acc=0.6094
[ep 075] val_sel AUC=0.8104 acc=0.6418
[ep 076] val_sel AUC=0.8276 acc=0.6577
[ep 077] val_sel AUC=0.8324 acc=0.6714
[ep 078] val_sel AUC=0.8361 acc=0.6770
[ep 079] val_sel AUC=0.8367 acc=0.6795
[ep 080] val_sel AUC=0.8367 acc=0.6788
[ep 081] val_sel AUC=0.8393 acc=0.6804
[ep 082] val_sel AUC=0.8390 acc=0.6891
[ep 083] val_sel AUC=0.8399 acc=0.6835
[ep 084] val_sel AUC=0.8394 acc=0.6869
[ep 085] val_sel AUC=0.8406 acc=0.6882
[ep 086] val_sel AUC=0.8414 acc=0.6949
[ep 087] val_sel AUC=0.8411 acc=0.6905
[ep 088] val_sel AUC=0.8409 acc=0.6920
[ep 089] val_sel AUC=0.8408 acc=0.6916
[ep 090] val_sel AUC=0.8419 acc=0.6927
[ep 091] val_sel AUC=0.8425 acc=0.6941
[ep 092] val_sel AUC=0.8426 acc=0.6956
[ep 093] val_sel AUC=0.8425 acc=0.6947
[ep 094] val_sel AUC=0.8424 acc=0.6938
[ep 095] val_sel AUC=0.8423 acc=0.6934
[ep 096] val_sel AUC=0.8423 acc=0.6938
============================================================
TEST (best val_sel epoch, held-out, evaluated once)
============================================================
[DONE-QPE2] embed=skew48 model_II N=100 seed=55 test_AUC=0.8542 val_sel_AUC=0.8426 per_class=(axion=0.9097 cdm=0.7337 no_sub=0.9193) params=203508 embed_params=49 R_frob_drift=1.1925801038742065
