[INFO] QPE2 D=64 P=8 depth=4 | embed=skew48 | data=model_II N/class=250 seed=54 split_seed=0 | params=203508 embed_params=49 lr=0.001 epochs=96 bs=32 | train(750, 64, 64) val_sel(4455, 64, 64) test(4455, 64, 64) device=cuda
[ep 001] val_sel AUC=0.5086 acc=0.3237
[ep 002] val_sel AUC=0.5134 acc=0.3237
[ep 003] val_sel AUC=0.5162 acc=0.3237
[ep 004] val_sel AUC=0.5198 acc=0.3237
[ep 005] val_sel AUC=0.5194 acc=0.3473
[ep 006] val_sel AUC=0.5221 acc=0.3473
[ep 007] val_sel AUC=0.5250 acc=0.3291
[ep 008] val_sel AUC=0.5232 acc=0.3473
[ep 009] val_sel AUC=0.5241 acc=0.3473
[ep 010] val_sel AUC=0.5229 acc=0.3473
[ep 011] val_sel AUC=0.5222 acc=0.3421
[ep 012] val_sel AUC=0.5283 acc=0.3358
[ep 013] val_sel AUC=0.5313 acc=0.3488
[ep 014] val_sel AUC=0.5308 acc=0.3526
[ep 015] val_sel AUC=0.5364 acc=0.3275
[ep 016] val_sel AUC=0.5353 acc=0.3580
[ep 017] val_sel AUC=0.5371 acc=0.3455
[ep 018] val_sel AUC=0.5557 acc=0.3675
[ep 019] val_sel AUC=0.5671 acc=0.3948
[ep 020] val_sel AUC=0.5776 acc=0.3933
[ep 021] val_sel AUC=0.6756 acc=0.4554
[ep 022] val_sel AUC=0.7126 acc=0.4765
[ep 023] val_sel AUC=0.7307 acc=0.5140
[ep 024] val_sel AUC=0.7336 acc=0.5239
[ep 025] val_sel AUC=0.7565 acc=0.5437
[ep 026] val_sel AUC=0.7592 acc=0.5526
[ep 027] val_sel AUC=0.7760 acc=0.5708
[ep 028] val_sel AUC=0.7790 acc=0.5964
[ep 029] val_sel AUC=0.7908 acc=0.6251
[ep 030] val_sel AUC=0.7901 acc=0.6088
[ep 031] val_sel AUC=0.7958 acc=0.6368
[ep 032] val_sel AUC=0.7987 acc=0.6395
[ep 033] val_sel AUC=0.7120 acc=0.5084
[ep 034] val_sel AUC=0.7681 acc=0.5533
[ep 035] val_sel AUC=0.7408 acc=0.5591
[ep 036] val_sel AUC=0.8059 acc=0.6256
[ep 037] val_sel AUC=0.7316 acc=0.4662
[ep 038] val_sel AUC=0.8171 acc=0.6339
[ep 039] val_sel AUC=0.8278 acc=0.6352
[ep 040] val_sel AUC=0.8580 acc=0.7008
[ep 041] val_sel AUC=0.8330 acc=0.6233
[ep 042] val_sel AUC=0.8464 acc=0.6563
[ep 043] val_sel AUC=0.8492 acc=0.6889
[ep 044] val_sel AUC=0.8328 acc=0.6283
[ep 045] val_sel AUC=0.8967 acc=0.7544
[ep 046] val_sel AUC=0.8112 acc=0.5598
[ep 047] val_sel AUC=0.8575 acc=0.7187
[ep 048] val_sel AUC=0.8688 acc=0.6779
[ep 049] val_sel AUC=0.8905 acc=0.7448
[ep 050] val_sel AUC=0.8765 acc=0.7113
[ep 051] val_sel AUC=0.8638 acc=0.7232
[ep 052] val_sel AUC=0.9054 acc=0.7789
[ep 053] val_sel AUC=0.9051 acc=0.7800
[ep 054] val_sel AUC=0.8748 acc=0.7327
[ep 055] val_sel AUC=0.8918 acc=0.7650
[ep 056] val_sel AUC=0.8677 acc=0.7127
[ep 057] val_sel AUC=0.9152 acc=0.7863
[ep 058] val_sel AUC=0.9028 acc=0.7708
[ep 059] val_sel AUC=0.9172 acc=0.8099
[ep 060] val_sel AUC=0.9145 acc=0.8070
[ep 061] val_sel AUC=0.9008 acc=0.7663
[ep 062] val_sel AUC=0.9182 acc=0.7998
[ep 063] val_sel AUC=0.9010 acc=0.7912
[ep 064] val_sel AUC=0.9118 acc=0.7973
[ep 065] val_sel AUC=0.9152 acc=0.8038
[ep 066] val_sel AUC=0.9250 acc=0.8269
[ep 067] val_sel AUC=0.8980 acc=0.7928
[ep 068] val_sel AUC=0.8969 acc=0.7410
[ep 069] val_sel AUC=0.9165 acc=0.8088
[ep 070] val_sel AUC=0.9222 acc=0.8238
[ep 071] val_sel AUC=0.9263 acc=0.8303
[ep 072] val_sel AUC=0.9189 acc=0.8130
[ep 073] val_sel AUC=0.9148 acc=0.8094
[ep 074] val_sel AUC=0.9178 acc=0.8007
[ep 075] val_sel AUC=0.9240 acc=0.8285
[ep 076] val_sel AUC=0.9265 acc=0.8290
[ep 077] val_sel AUC=0.9249 acc=0.8267
[ep 078] val_sel AUC=0.9233 acc=0.8294
[ep 079] val_sel AUC=0.9279 acc=0.8395
[ep 080] val_sel AUC=0.9258 acc=0.8332
[ep 081] val_sel AUC=0.9190 acc=0.8267
[ep 082] val_sel AUC=0.9281 acc=0.8422
[ep 083] val_sel AUC=0.9273 acc=0.8375
[ep 084] val_sel AUC=0.9265 acc=0.8364
[ep 085] val_sel AUC=0.9242 acc=0.8341
[ep 086] val_sel AUC=0.9223 acc=0.8227
[ep 087] val_sel AUC=0.9282 acc=0.8391
[ep 088] val_sel AUC=0.9296 acc=0.8456
[ep 089] val_sel AUC=0.9292 acc=0.8379
[ep 090] val_sel AUC=0.9289 acc=0.8442
[ep 091] val_sel AUC=0.9290 acc=0.8447
[ep 092] val_sel AUC=0.9290 acc=0.8431
[ep 093] val_sel AUC=0.9288 acc=0.8422
[ep 094] val_sel AUC=0.9289 acc=0.8429
[ep 095] val_sel AUC=0.9289 acc=0.8420
[ep 096] val_sel AUC=0.9289 acc=0.8424
============================================================
TEST (best val_sel epoch, held-out, evaluated once)
============================================================
[DONE-QPE2] embed=skew48 model_II N=250 seed=54 test_AUC=0.9348 val_sel_AUC=0.9296 per_class=(axion=0.9353 cdm=0.8828 no_sub=0.9862) params=203508 embed_params=49 R_frob_drift=1.3130972385406494
