[INFO] QPE2 D=64 P=8 depth=4 | embed=skew48 | data=model_III N/class=100 seed=42 split_seed=0 | params=203508 embed_params=49 lr=0.001 epochs=96 bs=32 | train(300, 64, 64) val_sel(4469, 64, 64) test(4470, 64, 64) device=cuda
[ep 001] val_sel AUC=0.5663 acc=0.3283
[ep 002] val_sel AUC=0.5734 acc=0.3433
[ep 003] val_sel AUC=0.5667 acc=0.3285
[ep 004] val_sel AUC=0.5590 acc=0.3433
[ep 005] val_sel AUC=0.5561 acc=0.3283
[ep 006] val_sel AUC=0.5342 acc=0.3285
[ep 007] val_sel AUC=0.5366 acc=0.3283
[ep 008] val_sel AUC=0.5352 acc=0.3433
[ep 009] val_sel AUC=0.5382 acc=0.3500
[ep 010] val_sel AUC=0.5284 acc=0.3388
[ep 011] val_sel AUC=0.5331 acc=0.3426
[ep 012] val_sel AUC=0.5307 acc=0.3437
[ep 013] val_sel AUC=0.5292 acc=0.3410
[ep 014] val_sel AUC=0.5281 acc=0.3374
[ep 015] val_sel AUC=0.5326 acc=0.3513
[ep 016] val_sel AUC=0.5321 acc=0.3482
[ep 017] val_sel AUC=0.5322 acc=0.3544
[ep 018] val_sel AUC=0.5359 acc=0.3571
[ep 019] val_sel AUC=0.5416 acc=0.3632
[ep 020] val_sel AUC=0.5486 acc=0.3665
[ep 021] val_sel AUC=0.5542 acc=0.3538
[ep 022] val_sel AUC=0.5642 acc=0.3871
[ep 023] val_sel AUC=0.5789 acc=0.3983
[ep 024] val_sel AUC=0.5870 acc=0.4151
[ep 025] val_sel AUC=0.6052 acc=0.4131
[ep 026] val_sel AUC=0.5989 acc=0.4017
[ep 027] val_sel AUC=0.6237 acc=0.4395
[ep 028] val_sel AUC=0.6431 acc=0.4457
[ep 029] val_sel AUC=0.6585 acc=0.4540
[ep 030] val_sel AUC=0.6765 acc=0.4692
[ep 031] val_sel AUC=0.6807 acc=0.4782
[ep 032] val_sel AUC=0.6821 acc=0.4793
[ep 033] val_sel AUC=0.6684 acc=0.3838
[ep 034] val_sel AUC=0.6580 acc=0.3936
[ep 035] val_sel AUC=0.7001 acc=0.4789
[ep 036] val_sel AUC=0.7587 acc=0.5728
[ep 037] val_sel AUC=0.6594 acc=0.3945
[ep 038] val_sel AUC=0.7099 acc=0.4860
[ep 039] val_sel AUC=0.7296 acc=0.4963
[ep 040] val_sel AUC=0.7648 acc=0.5735
[ep 041] val_sel AUC=0.8028 acc=0.6348
[ep 042] val_sel AUC=0.7088 acc=0.5104
[ep 043] val_sel AUC=0.7204 acc=0.4905
[ep 044] val_sel AUC=0.7822 acc=0.5740
[ep 045] val_sel AUC=0.8211 acc=0.6567
[ep 046] val_sel AUC=0.7881 acc=0.6115
[ep 047] val_sel AUC=0.8287 acc=0.6415
[ep 048] val_sel AUC=0.8451 acc=0.6832
[ep 049] val_sel AUC=0.7912 acc=0.5988
[ep 050] val_sel AUC=0.8141 acc=0.5858
[ep 051] val_sel AUC=0.8697 acc=0.6816
[ep 052] val_sel AUC=0.8072 acc=0.5646
[ep 053] val_sel AUC=0.8328 acc=0.6319
[ep 054] val_sel AUC=0.8615 acc=0.6838
[ep 055] val_sel AUC=0.8705 acc=0.7022
[ep 056] val_sel AUC=0.8208 acc=0.6512
[ep 057] val_sel AUC=0.8653 acc=0.7082
[ep 058] val_sel AUC=0.8397 acc=0.6899
[ep 059] val_sel AUC=0.8480 acc=0.6536
[ep 060] val_sel AUC=0.8362 acc=0.6292
[ep 061] val_sel AUC=0.8504 acc=0.6814
[ep 062] val_sel AUC=0.8777 acc=0.7322
[ep 063] val_sel AUC=0.8851 acc=0.7377
[ep 064] val_sel AUC=0.8413 acc=0.6981
[ep 065] val_sel AUC=0.8675 acc=0.7111
[ep 066] val_sel AUC=0.8689 acc=0.7286
[ep 067] val_sel AUC=0.8780 acc=0.7337
[ep 068] val_sel AUC=0.8500 acc=0.6910
[ep 069] val_sel AUC=0.8835 acc=0.7369
[ep 070] val_sel AUC=0.8628 acc=0.6809
[ep 071] val_sel AUC=0.8885 acc=0.7467
[ep 072] val_sel AUC=0.8940 acc=0.7610
[ep 073] val_sel AUC=0.9031 acc=0.7595
[ep 074] val_sel AUC=0.8771 acc=0.7087
[ep 075] val_sel AUC=0.8966 acc=0.7590
[ep 076] val_sel AUC=0.8920 acc=0.7469
[ep 077] val_sel AUC=0.8905 acc=0.7532
[ep 078] val_sel AUC=0.8975 acc=0.7733
[ep 079] val_sel AUC=0.8863 acc=0.7501
[ep 080] val_sel AUC=0.9008 acc=0.7673
[ep 081] val_sel AUC=0.9072 acc=0.7861
[ep 082] val_sel AUC=0.9038 acc=0.7762
[ep 083] val_sel AUC=0.9075 acc=0.7812
[ep 084] val_sel AUC=0.9060 acc=0.7823
[ep 085] val_sel AUC=0.9058 acc=0.7789
[ep 086] val_sel AUC=0.9065 acc=0.7847
[ep 087] val_sel AUC=0.9044 acc=0.7823
[ep 088] val_sel AUC=0.9066 acc=0.7865
[ep 089] val_sel AUC=0.9058 acc=0.7838
[ep 090] val_sel AUC=0.9045 acc=0.7834
[ep 091] val_sel AUC=0.9071 acc=0.7901
[ep 092] val_sel AUC=0.9061 acc=0.7872
[ep 093] val_sel AUC=0.9059 acc=0.7872
[ep 094] val_sel AUC=0.9056 acc=0.7865
[ep 095] val_sel AUC=0.9057 acc=0.7870
[ep 096] val_sel AUC=0.9057 acc=0.7870
============================================================
TEST (best val_sel epoch, held-out, evaluated once)
============================================================
[DONE-QPE2] embed=skew48 model_III N=100 seed=42 test_AUC=0.8990 val_sel_AUC=0.9075 per_class=(axion=0.9273 cdm=0.8091 no_sub=0.9605) params=203508 embed_params=49 R_frob_drift=1.103858232498169
