[INFO] QPE2 D=64 P=8 depth=4 | embed=skew48 | data=model_III N/class=250 seed=61 split_seed=0 | params=203508 embed_params=49 lr=0.001 epochs=96 bs=32 | train(750, 64, 64) val_sel(4469, 64, 64) test(4470, 64, 64) device=cuda
[ep 001] val_sel AUC=0.5480 acc=0.3410
[ep 002] val_sel AUC=0.5595 acc=0.3283
[ep 003] val_sel AUC=0.5635 acc=0.3285
[ep 004] val_sel AUC=0.5527 acc=0.3285
[ep 005] val_sel AUC=0.5463 acc=0.3283
[ep 006] val_sel AUC=0.5441 acc=0.3663
[ep 007] val_sel AUC=0.5501 acc=0.3627
[ep 008] val_sel AUC=0.5665 acc=0.3761
[ep 009] val_sel AUC=0.6089 acc=0.3728
[ep 010] val_sel AUC=0.6395 acc=0.4482
[ep 011] val_sel AUC=0.7093 acc=0.4726
[ep 012] val_sel AUC=0.7782 acc=0.5574
[ep 013] val_sel AUC=0.8271 acc=0.6670
[ep 014] val_sel AUC=0.8290 acc=0.5554
[ep 015] val_sel AUC=0.8550 acc=0.6637
[ep 016] val_sel AUC=0.8558 acc=0.6917
[ep 017] val_sel AUC=0.8834 acc=0.7440
[ep 018] val_sel AUC=0.8833 acc=0.7456
[ep 019] val_sel AUC=0.8746 acc=0.7442
[ep 020] val_sel AUC=0.8828 acc=0.7460
[ep 021] val_sel AUC=0.9009 acc=0.7677
[ep 022] val_sel AUC=0.8937 acc=0.7572
[ep 023] val_sel AUC=0.8967 acc=0.7527
[ep 024] val_sel AUC=0.9040 acc=0.7908
[ep 025] val_sel AUC=0.9068 acc=0.7870
[ep 026] val_sel AUC=0.9133 acc=0.8009
[ep 027] val_sel AUC=0.9188 acc=0.8098
[ep 028] val_sel AUC=0.9196 acc=0.8190
[ep 029] val_sel AUC=0.9204 acc=0.8176
[ep 030] val_sel AUC=0.9204 acc=0.8170
[ep 031] val_sel AUC=0.9213 acc=0.8217
[ep 032] val_sel AUC=0.9214 acc=0.8212
[ep 033] val_sel AUC=0.8310 acc=0.6122
[ep 034] val_sel AUC=0.8868 acc=0.7492
[ep 035] val_sel AUC=0.8954 acc=0.7619
[ep 036] val_sel AUC=0.8681 acc=0.6870
[ep 037] val_sel AUC=0.8797 acc=0.7116
[ep 038] val_sel AUC=0.9016 acc=0.7697
[ep 039] val_sel AUC=0.8746 acc=0.7299
[ep 040] val_sel AUC=0.8914 acc=0.6894
[ep 041] val_sel AUC=0.8907 acc=0.7140
[ep 042] val_sel AUC=0.8730 acc=0.6990
[ep 043] val_sel AUC=0.9136 acc=0.7561
[ep 044] val_sel AUC=0.9134 acc=0.7861
[ep 045] val_sel AUC=0.9011 acc=0.7530
[ep 046] val_sel AUC=0.8693 acc=0.6986
[ep 047] val_sel AUC=0.8965 acc=0.7563
[ep 048] val_sel AUC=0.9177 acc=0.7966
[ep 049] val_sel AUC=0.9303 acc=0.8232
[ep 050] val_sel AUC=0.8990 acc=0.7559
[ep 051] val_sel AUC=0.9259 acc=0.7977
[ep 052] val_sel AUC=0.9156 acc=0.7892
[ep 053] val_sel AUC=0.8769 acc=0.6919
[ep 054] val_sel AUC=0.9307 acc=0.8241
[ep 055] val_sel AUC=0.8799 acc=0.6183
[ep 056] val_sel AUC=0.9127 acc=0.7803
[ep 057] val_sel AUC=0.9250 acc=0.8188
[ep 058] val_sel AUC=0.9250 acc=0.8051
[ep 059] val_sel AUC=0.9244 acc=0.8080
[ep 060] val_sel AUC=0.9099 acc=0.7865
[ep 061] val_sel AUC=0.9249 acc=0.8062
[ep 062] val_sel AUC=0.9274 acc=0.8241
[ep 063] val_sel AUC=0.9274 acc=0.8219
[ep 064] val_sel AUC=0.9243 acc=0.8017
[ep 065] val_sel AUC=0.9331 acc=0.8239
[ep 066] val_sel AUC=0.9310 acc=0.7968
[ep 067] val_sel AUC=0.9306 acc=0.8239
[ep 068] val_sel AUC=0.9377 acc=0.8409
[ep 069] val_sel AUC=0.9336 acc=0.8382
[ep 070] val_sel AUC=0.9325 acc=0.8326
[ep 071] val_sel AUC=0.9179 acc=0.8051
[ep 072] val_sel AUC=0.9313 acc=0.8273
[ep 073] val_sel AUC=0.9326 acc=0.7997
[ep 074] val_sel AUC=0.9306 acc=0.8275
[ep 075] val_sel AUC=0.9388 acc=0.8228
[ep 076] val_sel AUC=0.9402 acc=0.8476
[ep 077] val_sel AUC=0.9405 acc=0.8461
[ep 078] val_sel AUC=0.9413 acc=0.8472
[ep 079] val_sel AUC=0.9393 acc=0.8463
[ep 080] val_sel AUC=0.9359 acc=0.8299
[ep 081] val_sel AUC=0.9361 acc=0.8351
[ep 082] val_sel AUC=0.9377 acc=0.8469
[ep 083] val_sel AUC=0.9363 acc=0.8391
[ep 084] val_sel AUC=0.9377 acc=0.8440
[ep 085] val_sel AUC=0.9381 acc=0.8501
[ep 086] val_sel AUC=0.9387 acc=0.8507
[ep 087] val_sel AUC=0.9347 acc=0.8445
[ep 088] val_sel AUC=0.9399 acc=0.8514
[ep 089] val_sel AUC=0.9388 acc=0.8525
[ep 090] val_sel AUC=0.9396 acc=0.8501
[ep 091] val_sel AUC=0.9382 acc=0.8514
[ep 092] val_sel AUC=0.9391 acc=0.8503
[ep 093] val_sel AUC=0.9392 acc=0.8503
[ep 094] val_sel AUC=0.9388 acc=0.8510
[ep 095] val_sel AUC=0.9387 acc=0.8514
[ep 096] val_sel AUC=0.9388 acc=0.8512
============================================================
TEST (best val_sel epoch, held-out, evaluated once)
============================================================
[DONE-QPE2] embed=skew48 model_III N=250 seed=61 test_AUC=0.9390 val_sel_AUC=0.9413 per_class=(axion=0.9504 cdm=0.8888 no_sub=0.9779) params=203508 embed_params=49 R_frob_drift=1.602779746055603
