[INFO] QPE2 D=64 P=8 depth=4 | embed=skew48 | data=model_III N/class=100 seed=55 split_seed=0 | params=203508 embed_params=49 lr=0.001 epochs=96 bs=32 | train(300, 64, 64) val_sel(4469, 64, 64) test(4470, 64, 64) device=cuda
[ep 001] val_sel AUC=0.4761 acc=0.3433
[ep 002] val_sel AUC=0.4952 acc=0.3283
[ep 003] val_sel AUC=0.4962 acc=0.3433
[ep 004] val_sel AUC=0.5032 acc=0.3285
[ep 005] val_sel AUC=0.5051 acc=0.3433
[ep 006] val_sel AUC=0.5095 acc=0.3484
[ep 007] val_sel AUC=0.5110 acc=0.3285
[ep 008] val_sel AUC=0.5177 acc=0.3283
[ep 009] val_sel AUC=0.5160 acc=0.3433
[ep 010] val_sel AUC=0.5196 acc=0.3285
[ep 011] val_sel AUC=0.5193 acc=0.3285
[ep 012] val_sel AUC=0.5239 acc=0.3283
[ep 013] val_sel AUC=0.5257 acc=0.3433
[ep 014] val_sel AUC=0.5258 acc=0.3285
[ep 015] val_sel AUC=0.5290 acc=0.3312
[ep 016] val_sel AUC=0.5272 acc=0.3412
[ep 017] val_sel AUC=0.5303 acc=0.3283
[ep 018] val_sel AUC=0.5257 acc=0.3433
[ep 019] val_sel AUC=0.5285 acc=0.3359
[ep 020] val_sel AUC=0.5291 acc=0.3433
[ep 021] val_sel AUC=0.5309 acc=0.3312
[ep 022] val_sel AUC=0.5273 acc=0.3285
[ep 023] val_sel AUC=0.5252 acc=0.3213
[ep 024] val_sel AUC=0.5289 acc=0.3397
[ep 025] val_sel AUC=0.5305 acc=0.3334
[ep 026] val_sel AUC=0.5308 acc=0.3336
[ep 027] val_sel AUC=0.5283 acc=0.3486
[ep 028] val_sel AUC=0.5281 acc=0.3708
[ep 029] val_sel AUC=0.5288 acc=0.3706
[ep 030] val_sel AUC=0.5291 acc=0.3500
[ep 031] val_sel AUC=0.5291 acc=0.3569
[ep 032] val_sel AUC=0.5291 acc=0.3491
[ep 033] val_sel AUC=0.5250 acc=0.3464
[ep 034] val_sel AUC=0.5271 acc=0.3565
[ep 035] val_sel AUC=0.5340 acc=0.3580
[ep 036] val_sel AUC=0.5380 acc=0.3533
[ep 037] val_sel AUC=0.5446 acc=0.3643
[ep 038] val_sel AUC=0.5512 acc=0.3670
[ep 039] val_sel AUC=0.5567 acc=0.3647
[ep 040] val_sel AUC=0.5425 acc=0.3560
[ep 041] val_sel AUC=0.5423 acc=0.3421
[ep 042] val_sel AUC=0.5508 acc=0.3578
[ep 043] val_sel AUC=0.5551 acc=0.3672
[ep 044] val_sel AUC=0.5622 acc=0.3806
[ep 045] val_sel AUC=0.5620 acc=0.3482
[ep 046] val_sel AUC=0.5657 acc=0.3782
[ep 047] val_sel AUC=0.5771 acc=0.3802
[ep 048] val_sel AUC=0.5993 acc=0.4155
[ep 049] val_sel AUC=0.6088 acc=0.3947
[ep 050] val_sel AUC=0.5916 acc=0.3849
[ep 051] val_sel AUC=0.6126 acc=0.4301
[ep 052] val_sel AUC=0.6257 acc=0.4234
[ep 053] val_sel AUC=0.6692 acc=0.4862
[ep 054] val_sel AUC=0.7046 acc=0.5117
[ep 055] val_sel AUC=0.7044 acc=0.4520
[ep 056] val_sel AUC=0.7185 acc=0.5185
[ep 057] val_sel AUC=0.7377 acc=0.5384
[ep 058] val_sel AUC=0.7793 acc=0.6030
[ep 059] val_sel AUC=0.8033 acc=0.6073
[ep 060] val_sel AUC=0.8104 acc=0.6189
[ep 061] val_sel AUC=0.8352 acc=0.6581
[ep 062] val_sel AUC=0.7900 acc=0.5393
[ep 063] val_sel AUC=0.8216 acc=0.6247
[ep 064] val_sel AUC=0.7869 acc=0.5847
[ep 065] val_sel AUC=0.8039 acc=0.6183
[ep 066] val_sel AUC=0.8104 acc=0.6362
[ep 067] val_sel AUC=0.8336 acc=0.6847
[ep 068] val_sel AUC=0.8542 acc=0.6874
[ep 069] val_sel AUC=0.8188 acc=0.6668
[ep 070] val_sel AUC=0.8571 acc=0.7055
[ep 071] val_sel AUC=0.8336 acc=0.6485
[ep 072] val_sel AUC=0.8621 acc=0.7151
[ep 073] val_sel AUC=0.8538 acc=0.6883
[ep 074] val_sel AUC=0.8625 acc=0.6903
[ep 075] val_sel AUC=0.8568 acc=0.6988
[ep 076] val_sel AUC=0.8720 acc=0.7131
[ep 077] val_sel AUC=0.8655 acc=0.7154
[ep 078] val_sel AUC=0.8762 acc=0.7355
[ep 079] val_sel AUC=0.8749 acc=0.7333
[ep 080] val_sel AUC=0.8810 acc=0.7471
[ep 081] val_sel AUC=0.8757 acc=0.7254
[ep 082] val_sel AUC=0.8752 acc=0.7402
[ep 083] val_sel AUC=0.8800 acc=0.7447
[ep 084] val_sel AUC=0.8848 acc=0.7532
[ep 085] val_sel AUC=0.8757 acc=0.7248
[ep 086] val_sel AUC=0.8810 acc=0.7480
[ep 087] val_sel AUC=0.8800 acc=0.7409
[ep 088] val_sel AUC=0.8821 acc=0.7445
[ep 089] val_sel AUC=0.8817 acc=0.7447
[ep 090] val_sel AUC=0.8811 acc=0.7395
[ep 091] val_sel AUC=0.8830 acc=0.7492
[ep 092] val_sel AUC=0.8819 acc=0.7429
[ep 093] val_sel AUC=0.8825 acc=0.7480
[ep 094] val_sel AUC=0.8825 acc=0.7483
[ep 095] val_sel AUC=0.8825 acc=0.7483
[ep 096] val_sel AUC=0.8825 acc=0.7483
============================================================
TEST (best val_sel epoch, held-out, evaluated once)
============================================================
[DONE-QPE2] embed=skew48 model_III N=100 seed=55 test_AUC=0.8875 val_sel_AUC=0.8848 per_class=(axion=0.9279 cdm=0.7949 no_sub=0.9397) params=203508 embed_params=49 R_frob_drift=1.528194546699524
