[INFO] QPE2 D=64 P=8 depth=4 | embed=skew48 | data=model_II N/class=250 seed=57 split_seed=0 | params=203508 embed_params=49 lr=0.001 epochs=96 bs=32 | train(750, 64, 64) val_sel(4455, 64, 64) test(4455, 64, 64) device=cuda
[ep 001] val_sel AUC=0.5207 acc=0.3237
[ep 002] val_sel AUC=0.5274 acc=0.3567
[ep 003] val_sel AUC=0.5360 acc=0.3237
[ep 004] val_sel AUC=0.5360 acc=0.3437
[ep 005] val_sel AUC=0.5321 acc=0.3486
[ep 006] val_sel AUC=0.5214 acc=0.3405
[ep 007] val_sel AUC=0.5384 acc=0.3475
[ep 008] val_sel AUC=0.5394 acc=0.3473
[ep 009] val_sel AUC=0.5575 acc=0.3333
[ep 010] val_sel AUC=0.5854 acc=0.3852
[ep 011] val_sel AUC=0.5852 acc=0.3742
[ep 012] val_sel AUC=0.6626 acc=0.4296
[ep 013] val_sel AUC=0.6601 acc=0.4507
[ep 014] val_sel AUC=0.7179 acc=0.5320
[ep 015] val_sel AUC=0.7619 acc=0.5493
[ep 016] val_sel AUC=0.7705 acc=0.5899
[ep 017] val_sel AUC=0.7905 acc=0.6139
[ep 018] val_sel AUC=0.8037 acc=0.6348
[ep 019] val_sel AUC=0.8285 acc=0.6712
[ep 020] val_sel AUC=0.8298 acc=0.6471
[ep 021] val_sel AUC=0.8422 acc=0.6985
[ep 022] val_sel AUC=0.8469 acc=0.7028
[ep 023] val_sel AUC=0.8478 acc=0.6884
[ep 024] val_sel AUC=0.8555 acc=0.7111
[ep 025] val_sel AUC=0.8688 acc=0.7255
[ep 026] val_sel AUC=0.8740 acc=0.7452
[ep 027] val_sel AUC=0.8763 acc=0.7486
[ep 028] val_sel AUC=0.8769 acc=0.7495
[ep 029] val_sel AUC=0.8791 acc=0.7515
[ep 030] val_sel AUC=0.8791 acc=0.7529
[ep 031] val_sel AUC=0.8791 acc=0.7531
[ep 032] val_sel AUC=0.8794 acc=0.7533
[ep 033] val_sel AUC=0.8311 acc=0.6671
[ep 034] val_sel AUC=0.8502 acc=0.6770
[ep 035] val_sel AUC=0.8263 acc=0.6730
[ep 036] val_sel AUC=0.8346 acc=0.6698
[ep 037] val_sel AUC=0.8669 acc=0.6954
[ep 038] val_sel AUC=0.8027 acc=0.5250
[ep 039] val_sel AUC=0.8389 acc=0.6990
[ep 040] val_sel AUC=0.8568 acc=0.7149
[ep 041] val_sel AUC=0.8415 acc=0.6088
[ep 042] val_sel AUC=0.8750 acc=0.7490
[ep 043] val_sel AUC=0.8603 acc=0.6875
[ep 044] val_sel AUC=0.8636 acc=0.7262
[ep 045] val_sel AUC=0.8965 acc=0.7733
[ep 046] val_sel AUC=0.8885 acc=0.7767
[ep 047] val_sel AUC=0.8878 acc=0.7547
[ep 048] val_sel AUC=0.8825 acc=0.7459
[ep 049] val_sel AUC=0.8874 acc=0.7526
[ep 050] val_sel AUC=0.8480 acc=0.6750
[ep 051] val_sel AUC=0.8941 acc=0.7668
[ep 052] val_sel AUC=0.8483 acc=0.6893
[ep 053] val_sel AUC=0.8725 acc=0.7340
[ep 054] val_sel AUC=0.9042 acc=0.7791
[ep 055] val_sel AUC=0.8956 acc=0.7710
[ep 056] val_sel AUC=0.9054 acc=0.7942
[ep 057] val_sel AUC=0.8853 acc=0.7524
[ep 058] val_sel AUC=0.9030 acc=0.7832
[ep 059] val_sel AUC=0.9118 acc=0.8094
[ep 060] val_sel AUC=0.8826 acc=0.7589
[ep 061] val_sel AUC=0.8336 acc=0.6694
[ep 062] val_sel AUC=0.8981 acc=0.7883
[ep 063] val_sel AUC=0.9090 acc=0.8025
[ep 064] val_sel AUC=0.9011 acc=0.7944
[ep 065] val_sel AUC=0.9088 acc=0.7960
[ep 066] val_sel AUC=0.9039 acc=0.7874
[ep 067] val_sel AUC=0.9166 acc=0.8130
[ep 068] val_sel AUC=0.9107 acc=0.7993
[ep 069] val_sel AUC=0.9083 acc=0.7856
[ep 070] val_sel AUC=0.9142 acc=0.8065
[ep 071] val_sel AUC=0.9138 acc=0.7701
[ep 072] val_sel AUC=0.9150 acc=0.8213
[ep 073] val_sel AUC=0.9188 acc=0.8184
[ep 074] val_sel AUC=0.9005 acc=0.7865
[ep 075] val_sel AUC=0.9170 acc=0.8146
[ep 076] val_sel AUC=0.9135 acc=0.8094
[ep 077] val_sel AUC=0.9136 acc=0.8034
[ep 078] val_sel AUC=0.9207 acc=0.8202
[ep 079] val_sel AUC=0.9203 acc=0.8287
[ep 080] val_sel AUC=0.9217 acc=0.8281
[ep 081] val_sel AUC=0.9190 acc=0.8263
[ep 082] val_sel AUC=0.9203 acc=0.8263
[ep 083] val_sel AUC=0.9239 acc=0.8346
[ep 084] val_sel AUC=0.9163 acc=0.8148
[ep 085] val_sel AUC=0.9219 acc=0.8316
[ep 086] val_sel AUC=0.9239 acc=0.8337
[ep 087] val_sel AUC=0.9244 acc=0.8395
[ep 088] val_sel AUC=0.9241 acc=0.8366
[ep 089] val_sel AUC=0.9249 acc=0.8377
[ep 090] val_sel AUC=0.9249 acc=0.8361
[ep 091] val_sel AUC=0.9254 acc=0.8370
[ep 092] val_sel AUC=0.9255 acc=0.8377
[ep 093] val_sel AUC=0.9257 acc=0.8375
[ep 094] val_sel AUC=0.9255 acc=0.8366
[ep 095] val_sel AUC=0.9256 acc=0.8359
[ep 096] val_sel AUC=0.9256 acc=0.8361
============================================================
TEST (best val_sel epoch, held-out, evaluated once)
============================================================
[DONE-QPE2] embed=skew48 model_II N=250 seed=57 test_AUC=0.9262 val_sel_AUC=0.9257 per_class=(axion=0.9306 cdm=0.8670 no_sub=0.9810) params=203508 embed_params=49 R_frob_drift=1.347806692123413
