[INFO] QPE2 D=64 P=8 depth=4 | embed=skew48 | data=model_II N/class=250 seed=55 split_seed=0 | params=203508 embed_params=49 lr=0.001 epochs=96 bs=32 | train(750, 64, 64) val_sel(4455, 64, 64) test(4455, 64, 64) device=cuda
[ep 001] val_sel AUC=0.5197 acc=0.3237
[ep 002] val_sel AUC=0.5421 acc=0.3237
[ep 003] val_sel AUC=0.5563 acc=0.3291
[ep 004] val_sel AUC=0.5600 acc=0.3291
[ep 005] val_sel AUC=0.5536 acc=0.3473
[ep 006] val_sel AUC=0.5432 acc=0.3237
[ep 007] val_sel AUC=0.5262 acc=0.3320
[ep 008] val_sel AUC=0.5260 acc=0.3367
[ep 009] val_sel AUC=0.5309 acc=0.3351
[ep 010] val_sel AUC=0.5406 acc=0.3473
[ep 011] val_sel AUC=0.5212 acc=0.3473
[ep 012] val_sel AUC=0.5329 acc=0.3475
[ep 013] val_sel AUC=0.5296 acc=0.3540
[ep 014] val_sel AUC=0.5531 acc=0.3677
[ep 015] val_sel AUC=0.5545 acc=0.3529
[ep 016] val_sel AUC=0.5612 acc=0.3699
[ep 017] val_sel AUC=0.6214 acc=0.4514
[ep 018] val_sel AUC=0.6458 acc=0.4521
[ep 019] val_sel AUC=0.6696 acc=0.4992
[ep 020] val_sel AUC=0.6878 acc=0.4887
[ep 021] val_sel AUC=0.7119 acc=0.5282
[ep 022] val_sel AUC=0.7338 acc=0.5378
[ep 023] val_sel AUC=0.7696 acc=0.5820
[ep 024] val_sel AUC=0.7931 acc=0.5852
[ep 025] val_sel AUC=0.8123 acc=0.6413
[ep 026] val_sel AUC=0.8248 acc=0.6485
[ep 027] val_sel AUC=0.8403 acc=0.6750
[ep 028] val_sel AUC=0.8462 acc=0.6869
[ep 029] val_sel AUC=0.8537 acc=0.6909
[ep 030] val_sel AUC=0.8562 acc=0.7039
[ep 031] val_sel AUC=0.8584 acc=0.7053
[ep 032] val_sel AUC=0.8589 acc=0.7055
[ep 033] val_sel AUC=0.6700 acc=0.4018
[ep 034] val_sel AUC=0.6765 acc=0.4734
[ep 035] val_sel AUC=0.7629 acc=0.5816
[ep 036] val_sel AUC=0.7061 acc=0.5574
[ep 037] val_sel AUC=0.7968 acc=0.6155
[ep 038] val_sel AUC=0.8041 acc=0.6314
[ep 039] val_sel AUC=0.8188 acc=0.6350
[ep 040] val_sel AUC=0.8085 acc=0.6278
[ep 041] val_sel AUC=0.8430 acc=0.6822
[ep 042] val_sel AUC=0.8385 acc=0.6510
[ep 043] val_sel AUC=0.8629 acc=0.7297
[ep 044] val_sel AUC=0.8844 acc=0.7495
[ep 045] val_sel AUC=0.8719 acc=0.7019
[ep 046] val_sel AUC=0.8720 acc=0.6911
[ep 047] val_sel AUC=0.9027 acc=0.7565
[ep 048] val_sel AUC=0.8958 acc=0.7567
[ep 049] val_sel AUC=0.8906 acc=0.7446
[ep 050] val_sel AUC=0.8875 acc=0.7571
[ep 051] val_sel AUC=0.9018 acc=0.7677
[ep 052] val_sel AUC=0.8967 acc=0.7621
[ep 053] val_sel AUC=0.9044 acc=0.7621
[ep 054] val_sel AUC=0.9018 acc=0.7657
[ep 055] val_sel AUC=0.9055 acc=0.7899
[ep 056] val_sel AUC=0.9091 acc=0.7708
[ep 057] val_sel AUC=0.9010 acc=0.7746
[ep 058] val_sel AUC=0.8833 acc=0.7661
[ep 059] val_sel AUC=0.8679 acc=0.7073
[ep 060] val_sel AUC=0.9139 acc=0.7912
[ep 061] val_sel AUC=0.9076 acc=0.7802
[ep 062] val_sel AUC=0.9057 acc=0.7596
[ep 063] val_sel AUC=0.8983 acc=0.7547
[ep 064] val_sel AUC=0.9075 acc=0.7699
[ep 065] val_sel AUC=0.9025 acc=0.7652
[ep 066] val_sel AUC=0.9035 acc=0.7802
[ep 067] val_sel AUC=0.9206 acc=0.8103
[ep 068] val_sel AUC=0.8979 acc=0.7771
[ep 069] val_sel AUC=0.9173 acc=0.7973
[ep 070] val_sel AUC=0.9165 acc=0.8141
[ep 071] val_sel AUC=0.9179 acc=0.8029
[ep 072] val_sel AUC=0.9189 acc=0.8117
[ep 073] val_sel AUC=0.9147 acc=0.7926
[ep 074] val_sel AUC=0.9158 acc=0.8004
[ep 075] val_sel AUC=0.9243 acc=0.8130
[ep 076] val_sel AUC=0.9178 acc=0.8144
[ep 077] val_sel AUC=0.9237 acc=0.8258
[ep 078] val_sel AUC=0.9174 acc=0.7874
[ep 079] val_sel AUC=0.9166 acc=0.8056
[ep 080] val_sel AUC=0.9194 acc=0.8182
[ep 081] val_sel AUC=0.9254 acc=0.8227
[ep 082] val_sel AUC=0.9219 acc=0.8200
[ep 083] val_sel AUC=0.9237 acc=0.8269
[ep 084] val_sel AUC=0.9226 acc=0.8263
[ep 085] val_sel AUC=0.9247 acc=0.8294
[ep 086] val_sel AUC=0.9233 acc=0.8260
[ep 087] val_sel AUC=0.9252 acc=0.8292
[ep 088] val_sel AUC=0.9239 acc=0.8305
[ep 089] val_sel AUC=0.9238 acc=0.8272
[ep 090] val_sel AUC=0.9238 acc=0.8296
[ep 091] val_sel AUC=0.9239 acc=0.8299
[ep 092] val_sel AUC=0.9238 acc=0.8294
[ep 093] val_sel AUC=0.9238 acc=0.8292
[ep 094] val_sel AUC=0.9237 acc=0.8296
[ep 095] val_sel AUC=0.9237 acc=0.8296
[ep 096] val_sel AUC=0.9236 acc=0.8301
============================================================
TEST (best val_sel epoch, held-out, evaluated once)
============================================================
[DONE-QPE2] embed=skew48 model_II N=250 seed=55 test_AUC=0.9339 val_sel_AUC=0.9254 per_class=(axion=0.9432 cdm=0.8756 no_sub=0.9831) params=203508 embed_params=49 R_frob_drift=1.4109177589416504
