[INFO] QPE2 D=64 P=8 depth=4 | embed=skew48 | data=model_II N/class=250 seed=58 split_seed=0 | params=203508 embed_params=49 lr=0.001 epochs=96 bs=32 | train(750, 64, 64) val_sel(4455, 64, 64) test(4455, 64, 64) device=cuda
[ep 001] val_sel AUC=0.5386 acc=0.3237
[ep 002] val_sel AUC=0.5471 acc=0.3237
[ep 003] val_sel AUC=0.5500 acc=0.3237
[ep 004] val_sel AUC=0.5519 acc=0.3291
[ep 005] val_sel AUC=0.5505 acc=0.3473
[ep 006] val_sel AUC=0.5476 acc=0.3473
[ep 007] val_sel AUC=0.5434 acc=0.3591
[ep 008] val_sel AUC=0.5450 acc=0.3232
[ep 009] val_sel AUC=0.5421 acc=0.3542
[ep 010] val_sel AUC=0.5553 acc=0.3701
[ep 011] val_sel AUC=0.5746 acc=0.3859
[ep 012] val_sel AUC=0.5908 acc=0.3984
[ep 013] val_sel AUC=0.6313 acc=0.3964
[ep 014] val_sel AUC=0.6611 acc=0.4498
[ep 015] val_sel AUC=0.7302 acc=0.5210
[ep 016] val_sel AUC=0.7603 acc=0.5818
[ep 017] val_sel AUC=0.8067 acc=0.6144
[ep 018] val_sel AUC=0.8326 acc=0.6501
[ep 019] val_sel AUC=0.8441 acc=0.6848
[ep 020] val_sel AUC=0.8287 acc=0.6314
[ep 021] val_sel AUC=0.8694 acc=0.7199
[ep 022] val_sel AUC=0.8845 acc=0.7383
[ep 023] val_sel AUC=0.8807 acc=0.7241
[ep 024] val_sel AUC=0.8865 acc=0.7477
[ep 025] val_sel AUC=0.8851 acc=0.7342
[ep 026] val_sel AUC=0.8972 acc=0.7650
[ep 027] val_sel AUC=0.8998 acc=0.7654
[ep 028] val_sel AUC=0.8999 acc=0.7719
[ep 029] val_sel AUC=0.9015 acc=0.7758
[ep 030] val_sel AUC=0.9018 acc=0.7780
[ep 031] val_sel AUC=0.9013 acc=0.7778
[ep 032] val_sel AUC=0.9010 acc=0.7771
[ep 033] val_sel AUC=0.7649 acc=0.5430
[ep 034] val_sel AUC=0.8228 acc=0.6716
[ep 035] val_sel AUC=0.8883 acc=0.7508
[ep 036] val_sel AUC=0.8547 acc=0.7026
[ep 037] val_sel AUC=0.8607 acc=0.6824
[ep 038] val_sel AUC=0.8370 acc=0.6669
[ep 039] val_sel AUC=0.8755 acc=0.7028
[ep 040] val_sel AUC=0.8681 acc=0.7349
[ep 041] val_sel AUC=0.8805 acc=0.7309
[ep 042] val_sel AUC=0.8773 acc=0.7235
[ep 043] val_sel AUC=0.8842 acc=0.7428
[ep 044] val_sel AUC=0.8691 acc=0.7140
[ep 045] val_sel AUC=0.8833 acc=0.7302
[ep 046] val_sel AUC=0.8790 acc=0.7508
[ep 047] val_sel AUC=0.8621 acc=0.6691
[ep 048] val_sel AUC=0.8789 acc=0.7277
[ep 049] val_sel AUC=0.9060 acc=0.7838
[ep 050] val_sel AUC=0.8963 acc=0.7816
[ep 051] val_sel AUC=0.8952 acc=0.7591
[ep 052] val_sel AUC=0.8984 acc=0.7829
[ep 053] val_sel AUC=0.8933 acc=0.7333
[ep 054] val_sel AUC=0.8802 acc=0.7327
[ep 055] val_sel AUC=0.9123 acc=0.7832
[ep 056] val_sel AUC=0.9078 acc=0.7841
[ep 057] val_sel AUC=0.8861 acc=0.7331
[ep 058] val_sel AUC=0.9095 acc=0.7998
[ep 059] val_sel AUC=0.9146 acc=0.8020
[ep 060] val_sel AUC=0.8786 acc=0.7437
[ep 061] val_sel AUC=0.9076 acc=0.7838
[ep 062] val_sel AUC=0.9099 acc=0.7798
[ep 063] val_sel AUC=0.9044 acc=0.7870
[ep 064] val_sel AUC=0.9174 acc=0.7924
[ep 065] val_sel AUC=0.9094 acc=0.7908
[ep 066] val_sel AUC=0.9110 acc=0.7993
[ep 067] val_sel AUC=0.9151 acc=0.7962
[ep 068] val_sel AUC=0.8880 acc=0.7340
[ep 069] val_sel AUC=0.9195 acc=0.8067
[ep 070] val_sel AUC=0.9097 acc=0.7802
[ep 071] val_sel AUC=0.9154 acc=0.7935
[ep 072] val_sel AUC=0.9158 acc=0.8168
[ep 073] val_sel AUC=0.8942 acc=0.7535
[ep 074] val_sel AUC=0.9012 acc=0.7533
[ep 075] val_sel AUC=0.9182 acc=0.8031
[ep 076] val_sel AUC=0.9158 acc=0.7960
[ep 077] val_sel AUC=0.9186 acc=0.8036
[ep 078] val_sel AUC=0.9151 acc=0.7948
[ep 079] val_sel AUC=0.9105 acc=0.7737
[ep 080] val_sel AUC=0.9181 acc=0.8146
[ep 081] val_sel AUC=0.9204 acc=0.8076
[ep 082] val_sel AUC=0.9181 acc=0.8090
[ep 083] val_sel AUC=0.9187 acc=0.8139
[ep 084] val_sel AUC=0.9178 acc=0.8054
[ep 085] val_sel AUC=0.9183 acc=0.8070
[ep 086] val_sel AUC=0.9194 acc=0.8121
[ep 087] val_sel AUC=0.9196 acc=0.8117
[ep 088] val_sel AUC=0.9219 acc=0.8166
[ep 089] val_sel AUC=0.9217 acc=0.8186
[ep 090] val_sel AUC=0.9206 acc=0.8137
[ep 091] val_sel AUC=0.9227 acc=0.8220
[ep 092] val_sel AUC=0.9213 acc=0.8173
[ep 093] val_sel AUC=0.9224 acc=0.8195
[ep 094] val_sel AUC=0.9226 acc=0.8204
[ep 095] val_sel AUC=0.9224 acc=0.8193
[ep 096] val_sel AUC=0.9225 acc=0.8193
============================================================
TEST (best val_sel epoch, held-out, evaluated once)
============================================================
[DONE-QPE2] embed=skew48 model_II N=250 seed=58 test_AUC=0.9297 val_sel_AUC=0.9227 per_class=(axion=0.9364 cdm=0.8697 no_sub=0.9829) params=203508 embed_params=49 R_frob_drift=1.133939504623413
