[INFO] QPE2 D=64 P=8 depth=4 | embed=skew48 | data=model_III N/class=250 seed=54 split_seed=0 | params=203508 embed_params=49 lr=0.001 epochs=96 bs=32 | train(750, 64, 64) val_sel(4469, 64, 64) test(4470, 64, 64) device=cuda
[ep 001] val_sel AUC=0.5220 acc=0.3285
[ep 002] val_sel AUC=0.5268 acc=0.3285
[ep 003] val_sel AUC=0.5275 acc=0.3285
[ep 004] val_sel AUC=0.5280 acc=0.3285
[ep 005] val_sel AUC=0.5282 acc=0.3433
[ep 006] val_sel AUC=0.5280 acc=0.3531
[ep 007] val_sel AUC=0.5331 acc=0.3511
[ep 008] val_sel AUC=0.5595 acc=0.3596
[ep 009] val_sel AUC=0.5961 acc=0.4119
[ep 010] val_sel AUC=0.6399 acc=0.3791
[ep 011] val_sel AUC=0.6525 acc=0.4681
[ep 012] val_sel AUC=0.7279 acc=0.5455
[ep 013] val_sel AUC=0.7724 acc=0.5914
[ep 014] val_sel AUC=0.7677 acc=0.5693
[ep 015] val_sel AUC=0.6822 acc=0.4614
[ep 016] val_sel AUC=0.7628 acc=0.5943
[ep 017] val_sel AUC=0.8026 acc=0.6147
[ep 018] val_sel AUC=0.8475 acc=0.7022
[ep 019] val_sel AUC=0.8564 acc=0.6977
[ep 020] val_sel AUC=0.8457 acc=0.6523
[ep 021] val_sel AUC=0.8827 acc=0.7422
[ep 022] val_sel AUC=0.8756 acc=0.7225
[ep 023] val_sel AUC=0.8992 acc=0.7590
[ep 024] val_sel AUC=0.8962 acc=0.7689
[ep 025] val_sel AUC=0.9036 acc=0.7910
[ep 026] val_sel AUC=0.9127 acc=0.8040
[ep 027] val_sel AUC=0.8974 acc=0.7689
[ep 028] val_sel AUC=0.9099 acc=0.7843
[ep 029] val_sel AUC=0.9171 acc=0.8141
[ep 030] val_sel AUC=0.9170 acc=0.8145
[ep 031] val_sel AUC=0.9170 acc=0.8167
[ep 032] val_sel AUC=0.9169 acc=0.8145
[ep 033] val_sel AUC=0.7501 acc=0.5789
[ep 034] val_sel AUC=0.5636 acc=0.3547
[ep 035] val_sel AUC=0.5644 acc=0.3833
[ep 036] val_sel AUC=0.5791 acc=0.3958
[ep 037] val_sel AUC=0.5872 acc=0.4072
[ep 038] val_sel AUC=0.6142 acc=0.4146
[ep 039] val_sel AUC=0.6338 acc=0.3797
[ep 040] val_sel AUC=0.6336 acc=0.4330
[ep 041] val_sel AUC=0.6484 acc=0.4520
[ep 042] val_sel AUC=0.7113 acc=0.4735
[ep 043] val_sel AUC=0.7835 acc=0.5556
[ep 044] val_sel AUC=0.7960 acc=0.6075
[ep 045] val_sel AUC=0.8425 acc=0.6878
[ep 046] val_sel AUC=0.8368 acc=0.6789
[ep 047] val_sel AUC=0.8681 acc=0.6892
[ep 048] val_sel AUC=0.8762 acc=0.7279
[ep 049] val_sel AUC=0.9002 acc=0.7680
[ep 050] val_sel AUC=0.8863 acc=0.7438
[ep 051] val_sel AUC=0.9050 acc=0.7865
[ep 052] val_sel AUC=0.8902 acc=0.7454
[ep 053] val_sel AUC=0.9002 acc=0.7543
[ep 054] val_sel AUC=0.8846 acc=0.7565
[ep 055] val_sel AUC=0.8943 acc=0.7626
[ep 056] val_sel AUC=0.9031 acc=0.7733
[ep 057] val_sel AUC=0.9096 acc=0.7767
[ep 058] val_sel AUC=0.8942 acc=0.7436
[ep 059] val_sel AUC=0.9162 acc=0.8033
[ep 060] val_sel AUC=0.8541 acc=0.6849
[ep 061] val_sel AUC=0.8930 acc=0.7673
[ep 062] val_sel AUC=0.8807 acc=0.6917
[ep 063] val_sel AUC=0.8513 acc=0.6644
[ep 064] val_sel AUC=0.9128 acc=0.8020
[ep 065] val_sel AUC=0.9202 acc=0.7919
[ep 066] val_sel AUC=0.9110 acc=0.7930
[ep 067] val_sel AUC=0.9187 acc=0.8161
[ep 068] val_sel AUC=0.9178 acc=0.7941
[ep 069] val_sel AUC=0.9180 acc=0.7919
[ep 070] val_sel AUC=0.9228 acc=0.8089
[ep 071] val_sel AUC=0.9124 acc=0.7921
[ep 072] val_sel AUC=0.9237 acc=0.8118
[ep 073] val_sel AUC=0.9272 acc=0.8250
[ep 074] val_sel AUC=0.9277 acc=0.8096
[ep 075] val_sel AUC=0.9129 acc=0.7787
[ep 076] val_sel AUC=0.9176 acc=0.8161
[ep 077] val_sel AUC=0.9272 acc=0.8190
[ep 078] val_sel AUC=0.9243 acc=0.8241
[ep 079] val_sel AUC=0.9273 acc=0.8230
[ep 080] val_sel AUC=0.9181 acc=0.8064
[ep 081] val_sel AUC=0.9156 acc=0.8047
[ep 082] val_sel AUC=0.9264 acc=0.8226
[ep 083] val_sel AUC=0.9214 acc=0.8255
[ep 084] val_sel AUC=0.9265 acc=0.8241
[ep 085] val_sel AUC=0.9216 acc=0.8284
[ep 086] val_sel AUC=0.9216 acc=0.8257
[ep 087] val_sel AUC=0.9223 acc=0.8328
[ep 088] val_sel AUC=0.9210 acc=0.8320
[ep 089] val_sel AUC=0.9204 acc=0.8299
[ep 090] val_sel AUC=0.9217 acc=0.8306
[ep 091] val_sel AUC=0.9210 acc=0.8295
[ep 092] val_sel AUC=0.9214 acc=0.8311
[ep 093] val_sel AUC=0.9212 acc=0.8320
[ep 094] val_sel AUC=0.9212 acc=0.8304
[ep 095] val_sel AUC=0.9211 acc=0.8299
[ep 096] val_sel AUC=0.9211 acc=0.8304
============================================================
TEST (best val_sel epoch, held-out, evaluated once)
============================================================
[DONE-QPE2] embed=skew48 model_III N=250 seed=54 test_AUC=0.9298 val_sel_AUC=0.9277 per_class=(axion=0.9434 cdm=0.8677 no_sub=0.9783) params=203508 embed_params=49 R_frob_drift=1.1587392091751099
