[INFO] QPE2 D=64 P=8 depth=4 | embed=skew48 | data=model_III N/class=250 seed=53 split_seed=0 | params=203508 embed_params=49 lr=0.001 epochs=96 bs=32 | train(750, 64, 64) val_sel(4469, 64, 64) test(4470, 64, 64) device=cuda
[ep 001] val_sel AUC=0.5319 acc=0.3283
[ep 002] val_sel AUC=0.5338 acc=0.3283
[ep 003] val_sel AUC=0.5304 acc=0.3283
[ep 004] val_sel AUC=0.5264 acc=0.3509
[ep 005] val_sel AUC=0.5266 acc=0.3417
[ep 006] val_sel AUC=0.5275 acc=0.3433
[ep 007] val_sel AUC=0.5296 acc=0.3433
[ep 008] val_sel AUC=0.5316 acc=0.3433
[ep 009] val_sel AUC=0.5310 acc=0.3433
[ep 010] val_sel AUC=0.5278 acc=0.3439
[ep 011] val_sel AUC=0.5287 acc=0.3426
[ep 012] val_sel AUC=0.5334 acc=0.3518
[ep 013] val_sel AUC=0.5342 acc=0.3455
[ep 014] val_sel AUC=0.5369 acc=0.3571
[ep 015] val_sel AUC=0.5392 acc=0.3629
[ep 016] val_sel AUC=0.5510 acc=0.3685
[ep 017] val_sel AUC=0.5579 acc=0.3737
[ep 018] val_sel AUC=0.5796 acc=0.3965
[ep 019] val_sel AUC=0.6279 acc=0.3770
[ep 020] val_sel AUC=0.6907 acc=0.5198
[ep 021] val_sel AUC=0.7435 acc=0.5795
[ep 022] val_sel AUC=0.7787 acc=0.6098
[ep 023] val_sel AUC=0.8146 acc=0.6395
[ep 024] val_sel AUC=0.8426 acc=0.6729
[ep 025] val_sel AUC=0.8626 acc=0.6946
[ep 026] val_sel AUC=0.8626 acc=0.6923
[ep 027] val_sel AUC=0.8809 acc=0.7163
[ep 028] val_sel AUC=0.8717 acc=0.7042
[ep 029] val_sel AUC=0.8868 acc=0.7422
[ep 030] val_sel AUC=0.8879 acc=0.7344
[ep 031] val_sel AUC=0.8903 acc=0.7407
[ep 032] val_sel AUC=0.8899 acc=0.7380
[ep 033] val_sel AUC=0.7779 acc=0.6064
[ep 034] val_sel AUC=0.8648 acc=0.6950
[ep 035] val_sel AUC=0.8549 acc=0.5988
[ep 036] val_sel AUC=0.8465 acc=0.6892
[ep 037] val_sel AUC=0.8640 acc=0.7017
[ep 038] val_sel AUC=0.8604 acc=0.6883
[ep 039] val_sel AUC=0.8865 acc=0.7281
[ep 040] val_sel AUC=0.8565 acc=0.6670
[ep 041] val_sel AUC=0.8532 acc=0.6617
[ep 042] val_sel AUC=0.8991 acc=0.7624
[ep 043] val_sel AUC=0.8250 acc=0.6885
[ep 044] val_sel AUC=0.8772 acc=0.7178
[ep 045] val_sel AUC=0.9053 acc=0.7693
[ep 046] val_sel AUC=0.8837 acc=0.7393
[ep 047] val_sel AUC=0.8910 acc=0.7572
[ep 048] val_sel AUC=0.9106 acc=0.7843
[ep 049] val_sel AUC=0.8828 acc=0.7279
[ep 050] val_sel AUC=0.8997 acc=0.7454
[ep 051] val_sel AUC=0.9047 acc=0.7731
[ep 052] val_sel AUC=0.8772 acc=0.6816
[ep 053] val_sel AUC=0.9138 acc=0.7982
[ep 054] val_sel AUC=0.9086 acc=0.7827
[ep 055] val_sel AUC=0.9231 acc=0.8040
[ep 056] val_sel AUC=0.9141 acc=0.7856
[ep 057] val_sel AUC=0.8902 acc=0.7339
[ep 058] val_sel AUC=0.9134 acc=0.7825
[ep 059] val_sel AUC=0.9278 acc=0.8136
[ep 060] val_sel AUC=0.8733 acc=0.7031
[ep 061] val_sel AUC=0.9017 acc=0.7731
[ep 062] val_sel AUC=0.9147 acc=0.7968
[ep 063] val_sel AUC=0.9206 acc=0.8067
[ep 064] val_sel AUC=0.9288 acc=0.8196
[ep 065] val_sel AUC=0.9106 acc=0.7760
[ep 066] val_sel AUC=0.8968 acc=0.7476
[ep 067] val_sel AUC=0.9293 acc=0.8275
[ep 068] val_sel AUC=0.9023 acc=0.7570
[ep 069] val_sel AUC=0.9188 acc=0.8069
[ep 070] val_sel AUC=0.9251 acc=0.8214
[ep 071] val_sel AUC=0.9284 acc=0.8219
[ep 072] val_sel AUC=0.9242 acc=0.8252
[ep 073] val_sel AUC=0.9331 acc=0.8293
[ep 074] val_sel AUC=0.9257 acc=0.8275
[ep 075] val_sel AUC=0.9105 acc=0.7691
[ep 076] val_sel AUC=0.9270 acc=0.8163
[ep 077] val_sel AUC=0.9305 acc=0.8317
[ep 078] val_sel AUC=0.9178 acc=0.8062
[ep 079] val_sel AUC=0.9246 acc=0.8082
[ep 080] val_sel AUC=0.9316 acc=0.8371
[ep 081] val_sel AUC=0.9222 acc=0.8194
[ep 082] val_sel AUC=0.9298 acc=0.8382
[ep 083] val_sel AUC=0.9291 acc=0.8355
[ep 084] val_sel AUC=0.9321 acc=0.8407
[ep 085] val_sel AUC=0.9314 acc=0.8445
[ep 086] val_sel AUC=0.9292 acc=0.8436
[ep 087] val_sel AUC=0.9306 acc=0.8452
[ep 088] val_sel AUC=0.9308 acc=0.8360
[ep 089] val_sel AUC=0.9313 acc=0.8427
[ep 090] val_sel AUC=0.9310 acc=0.8431
[ep 091] val_sel AUC=0.9312 acc=0.8456
[ep 092] val_sel AUC=0.9312 acc=0.8438
[ep 093] val_sel AUC=0.9309 acc=0.8438
[ep 094] val_sel AUC=0.9311 acc=0.8436
[ep 095] val_sel AUC=0.9308 acc=0.8429
[ep 096] val_sel AUC=0.9307 acc=0.8427
============================================================
TEST (best val_sel epoch, held-out, evaluated once)
============================================================
[DONE-QPE2] embed=skew48 model_III N=250 seed=53 test_AUC=0.9284 val_sel_AUC=0.9331 per_class=(axion=0.9409 cdm=0.8685 no_sub=0.9759) params=203508 embed_params=49 R_frob_drift=1.3126678466796875
