[INFO] QPE2 D=64 P=8 depth=4 | embed=skew48 | data=model_III N/class=100 seed=46 split_seed=0 | params=203508 embed_params=49 lr=0.001 epochs=96 bs=32 | train(300, 64, 64) val_sel(4469, 64, 64) test(4470, 64, 64) device=cuda
[ep 001] val_sel AUC=0.5355 acc=0.3283
[ep 002] val_sel AUC=0.4967 acc=0.3433
[ep 003] val_sel AUC=0.5247 acc=0.3283
[ep 004] val_sel AUC=0.5189 acc=0.3433
[ep 005] val_sel AUC=0.5255 acc=0.3285
[ep 006] val_sel AUC=0.5365 acc=0.3285
[ep 007] val_sel AUC=0.5445 acc=0.3433
[ep 008] val_sel AUC=0.5476 acc=0.3433
[ep 009] val_sel AUC=0.5385 acc=0.3285
[ep 010] val_sel AUC=0.5427 acc=0.3356
[ep 011] val_sel AUC=0.5424 acc=0.3285
[ep 012] val_sel AUC=0.5476 acc=0.3283
[ep 013] val_sel AUC=0.5430 acc=0.3444
[ep 014] val_sel AUC=0.5460 acc=0.3535
[ep 015] val_sel AUC=0.5465 acc=0.3578
[ep 016] val_sel AUC=0.5516 acc=0.3629
[ep 017] val_sel AUC=0.5533 acc=0.3647
[ep 018] val_sel AUC=0.5545 acc=0.3719
[ep 019] val_sel AUC=0.5582 acc=0.3688
[ep 020] val_sel AUC=0.5641 acc=0.3676
[ep 021] val_sel AUC=0.5648 acc=0.3811
[ep 022] val_sel AUC=0.5768 acc=0.3862
[ep 023] val_sel AUC=0.5847 acc=0.3882
[ep 024] val_sel AUC=0.5913 acc=0.3927
[ep 025] val_sel AUC=0.5923 acc=0.4012
[ep 026] val_sel AUC=0.5988 acc=0.3958
[ep 027] val_sel AUC=0.6049 acc=0.4102
[ep 028] val_sel AUC=0.6045 acc=0.4084
[ep 029] val_sel AUC=0.6114 acc=0.4072
[ep 030] val_sel AUC=0.6159 acc=0.4140
[ep 031] val_sel AUC=0.6173 acc=0.4160
[ep 032] val_sel AUC=0.6177 acc=0.4155
[ep 033] val_sel AUC=0.6027 acc=0.3676
[ep 034] val_sel AUC=0.5918 acc=0.3386
[ep 035] val_sel AUC=0.5871 acc=0.3979
[ep 036] val_sel AUC=0.6173 acc=0.4395
[ep 037] val_sel AUC=0.6241 acc=0.4361
[ep 038] val_sel AUC=0.6593 acc=0.4314
[ep 039] val_sel AUC=0.6648 acc=0.3893
[ep 040] val_sel AUC=0.7041 acc=0.4757
[ep 041] val_sel AUC=0.7043 acc=0.4988
[ep 042] val_sel AUC=0.7118 acc=0.4643
[ep 043] val_sel AUC=0.7161 acc=0.5109
[ep 044] val_sel AUC=0.7667 acc=0.5921
[ep 045] val_sel AUC=0.7773 acc=0.5594
[ep 046] val_sel AUC=0.7887 acc=0.6312
[ep 047] val_sel AUC=0.8155 acc=0.6256
[ep 048] val_sel AUC=0.8246 acc=0.6574
[ep 049] val_sel AUC=0.8183 acc=0.6469
[ep 050] val_sel AUC=0.7967 acc=0.6013
[ep 051] val_sel AUC=0.8144 acc=0.6397
[ep 052] val_sel AUC=0.8503 acc=0.6825
[ep 053] val_sel AUC=0.8635 acc=0.7084
[ep 054] val_sel AUC=0.8676 acc=0.6984
[ep 055] val_sel AUC=0.8088 acc=0.6124
[ep 056] val_sel AUC=0.8612 acc=0.6341
[ep 057] val_sel AUC=0.8766 acc=0.7239
[ep 058] val_sel AUC=0.8771 acc=0.7284
[ep 059] val_sel AUC=0.8861 acc=0.7313
[ep 060] val_sel AUC=0.8647 acc=0.7060
[ep 061] val_sel AUC=0.8886 acc=0.7382
[ep 062] val_sel AUC=0.8890 acc=0.7252
[ep 063] val_sel AUC=0.8743 acc=0.7295
[ep 064] val_sel AUC=0.8770 acc=0.7223
[ep 065] val_sel AUC=0.8953 acc=0.7530
[ep 066] val_sel AUC=0.8947 acc=0.7657
[ep 067] val_sel AUC=0.8800 acc=0.7281
[ep 068] val_sel AUC=0.8855 acc=0.7364
[ep 069] val_sel AUC=0.8776 acc=0.7393
[ep 070] val_sel AUC=0.8901 acc=0.7333
[ep 071] val_sel AUC=0.9024 acc=0.7736
[ep 072] val_sel AUC=0.8825 acc=0.7261
[ep 073] val_sel AUC=0.8985 acc=0.7471
[ep 074] val_sel AUC=0.9030 acc=0.7731
[ep 075] val_sel AUC=0.8986 acc=0.7814
[ep 076] val_sel AUC=0.9027 acc=0.7635
[ep 077] val_sel AUC=0.9061 acc=0.7863
[ep 078] val_sel AUC=0.9026 acc=0.7807
[ep 079] val_sel AUC=0.9059 acc=0.7856
[ep 080] val_sel AUC=0.9056 acc=0.7845
[ep 081] val_sel AUC=0.8996 acc=0.7825
[ep 082] val_sel AUC=0.9006 acc=0.7823
[ep 083] val_sel AUC=0.9040 acc=0.7876
[ep 084] val_sel AUC=0.9036 acc=0.7903
[ep 085] val_sel AUC=0.9065 acc=0.7870
[ep 086] val_sel AUC=0.9023 acc=0.7890
[ep 087] val_sel AUC=0.9065 acc=0.7950
[ep 088] val_sel AUC=0.9059 acc=0.7962
[ep 089] val_sel AUC=0.9060 acc=0.7984
[ep 090] val_sel AUC=0.9059 acc=0.7984
[ep 091] val_sel AUC=0.9054 acc=0.7964
[ep 092] val_sel AUC=0.9061 acc=0.7984
[ep 093] val_sel AUC=0.9063 acc=0.7975
[ep 094] val_sel AUC=0.9062 acc=0.7968
[ep 095] val_sel AUC=0.9060 acc=0.7982
[ep 096] val_sel AUC=0.9060 acc=0.7982
============================================================
TEST (best val_sel epoch, held-out, evaluated once)
============================================================
[DONE-QPE2] embed=skew48 model_III N=100 seed=46 test_AUC=0.9093 val_sel_AUC=0.9065 per_class=(axion=0.9342 cdm=0.8304 no_sub=0.9634) params=203508 embed_params=49 R_frob_drift=1.1835843324661255
