[INFO] QPE2 D=64 P=8 depth=4 | embed=skew48 | data=model_II N/class=250 seed=45 split_seed=0 | params=203508 embed_params=49 lr=0.001 epochs=96 bs=32 | train(750, 64, 64) val_sel(4455, 64, 64) test(4455, 64, 64) device=cuda
[ep 001] val_sel AUC=0.5345 acc=0.3237
[ep 002] val_sel AUC=0.5533 acc=0.3291
[ep 003] val_sel AUC=0.5472 acc=0.3473
[ep 004] val_sel AUC=0.5557 acc=0.3291
[ep 005] val_sel AUC=0.5577 acc=0.3291
[ep 006] val_sel AUC=0.5568 acc=0.3473
[ep 007] val_sel AUC=0.5568 acc=0.3291
[ep 008] val_sel AUC=0.5528 acc=0.3237
[ep 009] val_sel AUC=0.5513 acc=0.3473
[ep 010] val_sel AUC=0.5517 acc=0.3358
[ep 011] val_sel AUC=0.5457 acc=0.3291
[ep 012] val_sel AUC=0.5482 acc=0.3506
[ep 013] val_sel AUC=0.5446 acc=0.3291
[ep 014] val_sel AUC=0.5490 acc=0.3291
[ep 015] val_sel AUC=0.5422 acc=0.3618
[ep 016] val_sel AUC=0.5508 acc=0.3549
[ep 017] val_sel AUC=0.5546 acc=0.3731
[ep 018] val_sel AUC=0.5658 acc=0.3836
[ep 019] val_sel AUC=0.5788 acc=0.3964
[ep 020] val_sel AUC=0.6111 acc=0.4357
[ep 021] val_sel AUC=0.6467 acc=0.4633
[ep 022] val_sel AUC=0.6824 acc=0.4918
[ep 023] val_sel AUC=0.7049 acc=0.5389
[ep 024] val_sel AUC=0.7141 acc=0.4487
[ep 025] val_sel AUC=0.7691 acc=0.6007
[ep 026] val_sel AUC=0.7857 acc=0.6229
[ep 027] val_sel AUC=0.7909 acc=0.6258
[ep 028] val_sel AUC=0.7881 acc=0.6027
[ep 029] val_sel AUC=0.8051 acc=0.6471
[ep 030] val_sel AUC=0.8116 acc=0.6489
[ep 031] val_sel AUC=0.8114 acc=0.6476
[ep 032] val_sel AUC=0.8122 acc=0.6489
[ep 033] val_sel AUC=0.6352 acc=0.3657
[ep 034] val_sel AUC=0.6124 acc=0.3980
[ep 035] val_sel AUC=0.7239 acc=0.5147
[ep 036] val_sel AUC=0.7566 acc=0.5574
[ep 037] val_sel AUC=0.7334 acc=0.5430
[ep 038] val_sel AUC=0.7852 acc=0.5668
[ep 039] val_sel AUC=0.7991 acc=0.6364
[ep 040] val_sel AUC=0.7486 acc=0.5158
[ep 041] val_sel AUC=0.8206 acc=0.6431
[ep 042] val_sel AUC=0.7923 acc=0.5935
[ep 043] val_sel AUC=0.8510 acc=0.6965
[ep 044] val_sel AUC=0.8638 acc=0.7138
[ep 045] val_sel AUC=0.8174 acc=0.6132
[ep 046] val_sel AUC=0.8795 acc=0.6828
[ep 047] val_sel AUC=0.8832 acc=0.7450
[ep 048] val_sel AUC=0.8345 acc=0.6393
[ep 049] val_sel AUC=0.8714 acc=0.7228
[ep 050] val_sel AUC=0.8794 acc=0.7466
[ep 051] val_sel AUC=0.8698 acc=0.7228
[ep 052] val_sel AUC=0.8960 acc=0.7585
[ep 053] val_sel AUC=0.8673 acc=0.7217
[ep 054] val_sel AUC=0.8578 acc=0.6963
[ep 055] val_sel AUC=0.9074 acc=0.7818
[ep 056] val_sel AUC=0.9066 acc=0.7751
[ep 057] val_sel AUC=0.9047 acc=0.7789
[ep 058] val_sel AUC=0.9101 acc=0.7991
[ep 059] val_sel AUC=0.9152 acc=0.8103
[ep 060] val_sel AUC=0.9231 acc=0.8110
[ep 061] val_sel AUC=0.8999 acc=0.7728
[ep 062] val_sel AUC=0.8979 acc=0.7569
[ep 063] val_sel AUC=0.9097 acc=0.7879
[ep 064] val_sel AUC=0.9212 acc=0.8054
[ep 065] val_sel AUC=0.9119 acc=0.8105
[ep 066] val_sel AUC=0.8890 acc=0.7324
[ep 067] val_sel AUC=0.9189 acc=0.8011
[ep 068] val_sel AUC=0.9065 acc=0.7589
[ep 069] val_sel AUC=0.8999 acc=0.7580
[ep 070] val_sel AUC=0.9271 acc=0.8157
[ep 071] val_sel AUC=0.9219 acc=0.7964
[ep 072] val_sel AUC=0.9292 acc=0.8240
[ep 073] val_sel AUC=0.9146 acc=0.7975
[ep 074] val_sel AUC=0.9221 acc=0.8224
[ep 075] val_sel AUC=0.9045 acc=0.7823
[ep 076] val_sel AUC=0.9278 acc=0.8278
[ep 077] val_sel AUC=0.9271 acc=0.8182
[ep 078] val_sel AUC=0.9306 acc=0.8323
[ep 079] val_sel AUC=0.9324 acc=0.8350
[ep 080] val_sel AUC=0.9284 acc=0.8325
[ep 081] val_sel AUC=0.9277 acc=0.8224
[ep 082] val_sel AUC=0.9331 acc=0.8411
[ep 083] val_sel AUC=0.9333 acc=0.8312
[ep 084] val_sel AUC=0.9294 acc=0.8341
[ep 085] val_sel AUC=0.9304 acc=0.8247
[ep 086] val_sel AUC=0.9335 acc=0.8426
[ep 087] val_sel AUC=0.9333 acc=0.8404
[ep 088] val_sel AUC=0.9335 acc=0.8395
[ep 089] val_sel AUC=0.9347 acc=0.8438
[ep 090] val_sel AUC=0.9344 acc=0.8431
[ep 091] val_sel AUC=0.9345 acc=0.8435
[ep 092] val_sel AUC=0.9343 acc=0.8426
[ep 093] val_sel AUC=0.9346 acc=0.8438
[ep 094] val_sel AUC=0.9346 acc=0.8435
[ep 095] val_sel AUC=0.9348 acc=0.8458
[ep 096] val_sel AUC=0.9347 acc=0.8449
============================================================
TEST (best val_sel epoch, held-out, evaluated once)
============================================================
[DONE-QPE2] embed=skew48 model_II N=250 seed=45 test_AUC=0.9336 val_sel_AUC=0.9348 per_class=(axion=0.9419 cdm=0.8766 no_sub=0.9823) params=203508 embed_params=49 R_frob_drift=0.9792439937591553
