[INFO] QPE2 D=64 P=8 depth=4 | embed=skew48 | data=model_II N/class=100 seed=43 split_seed=0 | params=203508 embed_params=49 lr=0.001 epochs=96 bs=32 | train(300, 64, 64) val_sel(4455, 64, 64) test(4455, 64, 64) device=cuda
[ep 001] val_sel AUC=0.4854 acc=0.3473
[ep 002] val_sel AUC=0.4704 acc=0.3237
[ep 003] val_sel AUC=0.4768 acc=0.3291
[ep 004] val_sel AUC=0.4797 acc=0.3473
[ep 005] val_sel AUC=0.4845 acc=0.3473
[ep 006] val_sel AUC=0.4908 acc=0.3291
[ep 007] val_sel AUC=0.4935 acc=0.3237
[ep 008] val_sel AUC=0.4980 acc=0.3237
[ep 009] val_sel AUC=0.4998 acc=0.3473
[ep 010] val_sel AUC=0.5022 acc=0.3291
[ep 011] val_sel AUC=0.5033 acc=0.3473
[ep 012] val_sel AUC=0.5033 acc=0.3237
[ep 013] val_sel AUC=0.5055 acc=0.3291
[ep 014] val_sel AUC=0.5041 acc=0.3237
[ep 015] val_sel AUC=0.5050 acc=0.3291
[ep 016] val_sel AUC=0.5068 acc=0.3473
[ep 017] val_sel AUC=0.5050 acc=0.3237
[ep 018] val_sel AUC=0.5054 acc=0.3473
[ep 019] val_sel AUC=0.5071 acc=0.3475
[ep 020] val_sel AUC=0.5059 acc=0.3237
[ep 021] val_sel AUC=0.5069 acc=0.3291
[ep 022] val_sel AUC=0.5058 acc=0.3473
[ep 023] val_sel AUC=0.5061 acc=0.3324
[ep 024] val_sel AUC=0.5065 acc=0.3632
[ep 025] val_sel AUC=0.5067 acc=0.3297
[ep 026] val_sel AUC=0.5062 acc=0.3297
[ep 027] val_sel AUC=0.5059 acc=0.3473
[ep 028] val_sel AUC=0.5053 acc=0.3239
[ep 029] val_sel AUC=0.5048 acc=0.3239
[ep 030] val_sel AUC=0.5049 acc=0.3194
[ep 031] val_sel AUC=0.5049 acc=0.3223
[ep 032] val_sel AUC=0.5050 acc=0.3217
[ep 033] val_sel AUC=0.4979 acc=0.3237
[ep 034] val_sel AUC=0.5011 acc=0.3473
[ep 035] val_sel AUC=0.5084 acc=0.3291
[ep 036] val_sel AUC=0.5087 acc=0.3473
[ep 037] val_sel AUC=0.5101 acc=0.3329
[ep 038] val_sel AUC=0.5147 acc=0.3264
[ep 039] val_sel AUC=0.5115 acc=0.3302
[ep 040] val_sel AUC=0.5135 acc=0.3351
[ep 041] val_sel AUC=0.5098 acc=0.3302
[ep 042] val_sel AUC=0.5201 acc=0.3677
[ep 043] val_sel AUC=0.5089 acc=0.3275
[ep 044] val_sel AUC=0.5122 acc=0.3270
[ep 045] val_sel AUC=0.5175 acc=0.3369
[ep 046] val_sel AUC=0.5173 acc=0.3358
[ep 047] val_sel AUC=0.5176 acc=0.3347
[ep 048] val_sel AUC=0.5152 acc=0.3374
[ep 049] val_sel AUC=0.5196 acc=0.3365
[ep 050] val_sel AUC=0.5137 acc=0.3248
[ep 051] val_sel AUC=0.5173 acc=0.3315
[ep 052] val_sel AUC=0.5226 acc=0.3367
[ep 053] val_sel AUC=0.5372 acc=0.3632
[ep 054] val_sel AUC=0.5290 acc=0.3614
[ep 055] val_sel AUC=0.5383 acc=0.3636
[ep 056] val_sel AUC=0.5672 acc=0.3892
[ep 057] val_sel AUC=0.5636 acc=0.3937
[ep 058] val_sel AUC=0.5806 acc=0.3863
[ep 059] val_sel AUC=0.5693 acc=0.3773
[ep 060] val_sel AUC=0.5932 acc=0.3924
[ep 061] val_sel AUC=0.5876 acc=0.4105
[ep 062] val_sel AUC=0.6020 acc=0.3975
[ep 063] val_sel AUC=0.6066 acc=0.4099
[ep 064] val_sel AUC=0.5972 acc=0.4067
[ep 065] val_sel AUC=0.6199 acc=0.4393
[ep 066] val_sel AUC=0.6326 acc=0.4557
[ep 067] val_sel AUC=0.6765 acc=0.4943
[ep 068] val_sel AUC=0.6947 acc=0.5066
[ep 069] val_sel AUC=0.6958 acc=0.5246
[ep 070] val_sel AUC=0.6731 acc=0.4990
[ep 071] val_sel AUC=0.6659 acc=0.4916
[ep 072] val_sel AUC=0.6967 acc=0.4918
[ep 073] val_sel AUC=0.7406 acc=0.5760
[ep 074] val_sel AUC=0.7536 acc=0.5845
[ep 075] val_sel AUC=0.7676 acc=0.5960
[ep 076] val_sel AUC=0.7661 acc=0.5868
[ep 077] val_sel AUC=0.7798 acc=0.6121
[ep 078] val_sel AUC=0.7869 acc=0.6184
[ep 079] val_sel AUC=0.7647 acc=0.5908
[ep 080] val_sel AUC=0.7921 acc=0.6308
[ep 081] val_sel AUC=0.7723 acc=0.5984
[ep 082] val_sel AUC=0.7840 acc=0.6099
[ep 083] val_sel AUC=0.7741 acc=0.6146
[ep 084] val_sel AUC=0.7857 acc=0.6330
[ep 085] val_sel AUC=0.7955 acc=0.6249
[ep 086] val_sel AUC=0.7950 acc=0.6337
[ep 087] val_sel AUC=0.7964 acc=0.6319
[ep 088] val_sel AUC=0.7967 acc=0.6319
[ep 089] val_sel AUC=0.7965 acc=0.6256
[ep 090] val_sel AUC=0.7991 acc=0.6339
[ep 091] val_sel AUC=0.8010 acc=0.6373
[ep 092] val_sel AUC=0.7998 acc=0.6364
[ep 093] val_sel AUC=0.8003 acc=0.6361
[ep 094] val_sel AUC=0.8004 acc=0.6368
[ep 095] val_sel AUC=0.8005 acc=0.6379
[ep 096] val_sel AUC=0.8006 acc=0.6373
============================================================
TEST (best val_sel epoch, held-out, evaluated once)
============================================================
[DONE-QPE2] embed=skew48 model_II N=100 seed=43 test_AUC=0.8106 val_sel_AUC=0.8010 per_class=(axion=0.8381 cdm=0.6876 no_sub=0.9060) params=203508 embed_params=49 R_frob_drift=1.9217172861099243
