[INFO] QPE2 D=64 P=8 depth=4 | embed=skew48 | data=model_II N/class=250 seed=60 split_seed=0 | params=203508 embed_params=49 lr=0.001 epochs=96 bs=32 | train(750, 64, 64) val_sel(4455, 64, 64) test(4455, 64, 64) device=cuda
[ep 001] val_sel AUC=0.5319 acc=0.3237
[ep 002] val_sel AUC=0.5325 acc=0.3237
[ep 003] val_sel AUC=0.5293 acc=0.3473
[ep 004] val_sel AUC=0.5291 acc=0.3237
[ep 005] val_sel AUC=0.5296 acc=0.3237
[ep 006] val_sel AUC=0.5282 acc=0.3473
[ep 007] val_sel AUC=0.5293 acc=0.3473
[ep 008] val_sel AUC=0.5257 acc=0.3490
[ep 009] val_sel AUC=0.5282 acc=0.3237
[ep 010] val_sel AUC=0.5225 acc=0.3237
[ep 011] val_sel AUC=0.5172 acc=0.3497
[ep 012] val_sel AUC=0.5161 acc=0.3349
[ep 013] val_sel AUC=0.5167 acc=0.3439
[ep 014] val_sel AUC=0.5163 acc=0.3401
[ep 015] val_sel AUC=0.5220 acc=0.3488
[ep 016] val_sel AUC=0.5294 acc=0.3450
[ep 017] val_sel AUC=0.5641 acc=0.3582
[ep 018] val_sel AUC=0.5767 acc=0.3796
[ep 019] val_sel AUC=0.6195 acc=0.4348
[ep 020] val_sel AUC=0.6387 acc=0.4474
[ep 021] val_sel AUC=0.6973 acc=0.5131
[ep 022] val_sel AUC=0.6839 acc=0.4521
[ep 023] val_sel AUC=0.7513 acc=0.5481
[ep 024] val_sel AUC=0.7584 acc=0.5412
[ep 025] val_sel AUC=0.7977 acc=0.6031
[ep 026] val_sel AUC=0.8278 acc=0.6451
[ep 027] val_sel AUC=0.8470 acc=0.6774
[ep 028] val_sel AUC=0.8574 acc=0.6875
[ep 029] val_sel AUC=0.8630 acc=0.6920
[ep 030] val_sel AUC=0.8712 acc=0.7068
[ep 031] val_sel AUC=0.8725 acc=0.7059
[ep 032] val_sel AUC=0.8737 acc=0.7089
[ep 033] val_sel AUC=0.7721 acc=0.5924
[ep 034] val_sel AUC=0.7988 acc=0.5758
[ep 035] val_sel AUC=0.8525 acc=0.6848
[ep 036] val_sel AUC=0.8513 acc=0.6795
[ep 037] val_sel AUC=0.8050 acc=0.5776
[ep 038] val_sel AUC=0.8401 acc=0.6527
[ep 039] val_sel AUC=0.8826 acc=0.6929
[ep 040] val_sel AUC=0.8015 acc=0.5791
[ep 041] val_sel AUC=0.8774 acc=0.7345
[ep 042] val_sel AUC=0.8385 acc=0.5953
[ep 043] val_sel AUC=0.8988 acc=0.7704
[ep 044] val_sel AUC=0.8932 acc=0.7569
[ep 045] val_sel AUC=0.8985 acc=0.7594
[ep 046] val_sel AUC=0.8833 acc=0.7187
[ep 047] val_sel AUC=0.8911 acc=0.7511
[ep 048] val_sel AUC=0.8922 acc=0.7473
[ep 049] val_sel AUC=0.9064 acc=0.7733
[ep 050] val_sel AUC=0.8981 acc=0.7470
[ep 051] val_sel AUC=0.8900 acc=0.7024
[ep 052] val_sel AUC=0.9003 acc=0.7742
[ep 053] val_sel AUC=0.9115 acc=0.7912
[ep 054] val_sel AUC=0.8680 acc=0.6905
[ep 055] val_sel AUC=0.8914 acc=0.7493
[ep 056] val_sel AUC=0.9241 acc=0.8148
[ep 057] val_sel AUC=0.9087 acc=0.7802
[ep 058] val_sel AUC=0.8947 acc=0.7479
[ep 059] val_sel AUC=0.9150 acc=0.8013
[ep 060] val_sel AUC=0.9256 acc=0.8256
[ep 061] val_sel AUC=0.9112 acc=0.7841
[ep 062] val_sel AUC=0.9170 acc=0.7973
[ep 063] val_sel AUC=0.9169 acc=0.8224
[ep 064] val_sel AUC=0.9197 acc=0.8159
[ep 065] val_sel AUC=0.9043 acc=0.7553
[ep 066] val_sel AUC=0.9136 acc=0.7877
[ep 067] val_sel AUC=0.9235 acc=0.8144
[ep 068] val_sel AUC=0.9205 acc=0.8114
[ep 069] val_sel AUC=0.9189 acc=0.8108
[ep 070] val_sel AUC=0.9250 acc=0.8339
[ep 071] val_sel AUC=0.9285 acc=0.8305
[ep 072] val_sel AUC=0.9201 acc=0.8067
[ep 073] val_sel AUC=0.9214 acc=0.8220
[ep 074] val_sel AUC=0.9232 acc=0.8175
[ep 075] val_sel AUC=0.9264 acc=0.8352
[ep 076] val_sel AUC=0.9237 acc=0.8321
[ep 077] val_sel AUC=0.9206 acc=0.8097
[ep 078] val_sel AUC=0.9299 acc=0.8316
[ep 079] val_sel AUC=0.9250 acc=0.8305
[ep 080] val_sel AUC=0.9247 acc=0.8184
[ep 081] val_sel AUC=0.9256 acc=0.8290
[ep 082] val_sel AUC=0.9207 acc=0.8090
[ep 083] val_sel AUC=0.9267 acc=0.8375
[ep 084] val_sel AUC=0.9231 acc=0.8242
[ep 085] val_sel AUC=0.9254 acc=0.8249
[ep 086] val_sel AUC=0.9253 acc=0.8319
[ep 087] val_sel AUC=0.9248 acc=0.8283
[ep 088] val_sel AUC=0.9230 acc=0.8272
[ep 089] val_sel AUC=0.9224 acc=0.8245
[ep 090] val_sel AUC=0.9240 acc=0.8285
[ep 091] val_sel AUC=0.9242 acc=0.8245
[ep 092] val_sel AUC=0.9237 acc=0.8267
[ep 093] val_sel AUC=0.9236 acc=0.8276
[ep 094] val_sel AUC=0.9236 acc=0.8269
[ep 095] val_sel AUC=0.9235 acc=0.8263
[ep 096] val_sel AUC=0.9235 acc=0.8260
============================================================
TEST (best val_sel epoch, held-out, evaluated once)
============================================================
[DONE-QPE2] embed=skew48 model_II N=250 seed=60 test_AUC=0.9328 val_sel_AUC=0.9299 per_class=(axion=0.9365 cdm=0.8767 no_sub=0.9850) params=203508 embed_params=49 R_frob_drift=0.9958245158195496
