[INFO] QPE2 D=64 P=8 depth=4 | embed=skew48 | data=model_III N/class=250 seed=47 split_seed=0 | params=203508 embed_params=49 lr=0.001 epochs=96 bs=32 | train(750, 64, 64) val_sel(4469, 64, 64) test(4470, 64, 64) device=cuda
[ep 001] val_sel AUC=0.5298 acc=0.3433
[ep 002] val_sel AUC=0.5314 acc=0.3285
[ep 003] val_sel AUC=0.5295 acc=0.3285
[ep 004] val_sel AUC=0.5210 acc=0.3374
[ep 005] val_sel AUC=0.5206 acc=0.3433
[ep 006] val_sel AUC=0.5272 acc=0.3471
[ep 007] val_sel AUC=0.5486 acc=0.3522
[ep 008] val_sel AUC=0.6996 acc=0.3661
[ep 009] val_sel AUC=0.7644 acc=0.5717
[ep 010] val_sel AUC=0.7484 acc=0.5390
[ep 011] val_sel AUC=0.8351 acc=0.6473
[ep 012] val_sel AUC=0.8161 acc=0.6279
[ep 013] val_sel AUC=0.8693 acc=0.7064
[ep 014] val_sel AUC=0.8440 acc=0.6684
[ep 015] val_sel AUC=0.8779 acc=0.6780
[ep 016] val_sel AUC=0.8799 acc=0.7319
[ep 017] val_sel AUC=0.9037 acc=0.7796
[ep 018] val_sel AUC=0.9009 acc=0.7662
[ep 019] val_sel AUC=0.8985 acc=0.7637
[ep 020] val_sel AUC=0.9116 acc=0.7850
[ep 021] val_sel AUC=0.9134 acc=0.7841
[ep 022] val_sel AUC=0.9145 acc=0.7926
[ep 023] val_sel AUC=0.9249 acc=0.8141
[ep 024] val_sel AUC=0.9194 acc=0.7935
[ep 025] val_sel AUC=0.9280 acc=0.8270
[ep 026] val_sel AUC=0.9302 acc=0.8295
[ep 027] val_sel AUC=0.9301 acc=0.8248
[ep 028] val_sel AUC=0.9280 acc=0.8223
[ep 029] val_sel AUC=0.9317 acc=0.8264
[ep 030] val_sel AUC=0.9319 acc=0.8313
[ep 031] val_sel AUC=0.9323 acc=0.8337
[ep 032] val_sel AUC=0.9324 acc=0.8335
[ep 033] val_sel AUC=0.8149 acc=0.5178
[ep 034] val_sel AUC=0.8897 acc=0.7183
[ep 035] val_sel AUC=0.9012 acc=0.7657
[ep 036] val_sel AUC=0.8975 acc=0.7525
[ep 037] val_sel AUC=0.9180 acc=0.7881
[ep 038] val_sel AUC=0.9018 acc=0.7501
[ep 039] val_sel AUC=0.9071 acc=0.7758
[ep 040] val_sel AUC=0.9224 acc=0.8042
[ep 041] val_sel AUC=0.8985 acc=0.7653
[ep 042] val_sel AUC=0.9204 acc=0.7892
[ep 043] val_sel AUC=0.8986 acc=0.7561
[ep 044] val_sel AUC=0.8808 acc=0.6825
[ep 045] val_sel AUC=0.9152 acc=0.8076
[ep 046] val_sel AUC=0.9113 acc=0.7234
[ep 047] val_sel AUC=0.9144 acc=0.7362
[ep 048] val_sel AUC=0.9204 acc=0.8152
[ep 049] val_sel AUC=0.9209 acc=0.7650
[ep 050] val_sel AUC=0.9313 acc=0.8105
[ep 051] val_sel AUC=0.9135 acc=0.7769
[ep 052] val_sel AUC=0.9261 acc=0.7957
[ep 053] val_sel AUC=0.9216 acc=0.8060
[ep 054] val_sel AUC=0.8876 acc=0.7409
[ep 055] val_sel AUC=0.9161 acc=0.7937
[ep 056] val_sel AUC=0.9312 acc=0.8134
[ep 057] val_sel AUC=0.9207 acc=0.7944
[ep 058] val_sel AUC=0.9332 acc=0.8259
[ep 059] val_sel AUC=0.9314 acc=0.8369
[ep 060] val_sel AUC=0.9353 acc=0.8286
[ep 061] val_sel AUC=0.9091 acc=0.7653
[ep 062] val_sel AUC=0.9193 acc=0.7416
[ep 063] val_sel AUC=0.9287 acc=0.8295
[ep 064] val_sel AUC=0.9402 acc=0.8382
[ep 065] val_sel AUC=0.9342 acc=0.8414
[ep 066] val_sel AUC=0.9365 acc=0.8454
[ep 067] val_sel AUC=0.9325 acc=0.8205
[ep 068] val_sel AUC=0.9378 acc=0.8266
[ep 069] val_sel AUC=0.9295 acc=0.8268
[ep 070] val_sel AUC=0.9334 acc=0.8161
[ep 071] val_sel AUC=0.9359 acc=0.8389
[ep 072] val_sel AUC=0.9366 acc=0.8438
[ep 073] val_sel AUC=0.9347 acc=0.8371
[ep 074] val_sel AUC=0.9389 acc=0.8481
[ep 075] val_sel AUC=0.9393 acc=0.8434
[ep 076] val_sel AUC=0.9412 acc=0.8599
[ep 077] val_sel AUC=0.9335 acc=0.8331
[ep 078] val_sel AUC=0.9404 acc=0.8501
[ep 079] val_sel AUC=0.9362 acc=0.8431
[ep 080] val_sel AUC=0.9404 acc=0.8577
[ep 081] val_sel AUC=0.9413 acc=0.8507
[ep 082] val_sel AUC=0.9417 acc=0.8557
[ep 083] val_sel AUC=0.9351 acc=0.8313
[ep 084] val_sel AUC=0.9377 acc=0.8436
[ep 085] val_sel AUC=0.9392 acc=0.8534
[ep 086] val_sel AUC=0.9406 acc=0.8568
[ep 087] val_sel AUC=0.9398 acc=0.8519
[ep 088] val_sel AUC=0.9397 acc=0.8537
[ep 089] val_sel AUC=0.9395 acc=0.8516
[ep 090] val_sel AUC=0.9389 acc=0.8534
[ep 091] val_sel AUC=0.9394 acc=0.8514
[ep 092] val_sel AUC=0.9392 acc=0.8528
[ep 093] val_sel AUC=0.9391 acc=0.8525
[ep 094] val_sel AUC=0.9390 acc=0.8521
[ep 095] val_sel AUC=0.9390 acc=0.8525
[ep 096] val_sel AUC=0.9390 acc=0.8523
============================================================
TEST (best val_sel epoch, held-out, evaluated once)
============================================================
[DONE-QPE2] embed=skew48 model_III N=250 seed=47 test_AUC=0.9352 val_sel_AUC=0.9417 per_class=(axion=0.9461 cdm=0.8812 no_sub=0.9784) params=203508 embed_params=49 R_frob_drift=1.7495322227478027
