[INFO] QPE2 D=64 P=8 depth=4 | embed=skew48 | data=model_III N/class=250 seed=51 split_seed=0 | params=203508 embed_params=49 lr=0.001 epochs=96 bs=32 | train(750, 64, 64) val_sel(4469, 64, 64) test(4470, 64, 64) device=cuda
[ep 001] val_sel AUC=0.4959 acc=0.3433
[ep 002] val_sel AUC=0.5372 acc=0.3285
[ep 003] val_sel AUC=0.5454 acc=0.3433
[ep 004] val_sel AUC=0.5551 acc=0.3433
[ep 005] val_sel AUC=0.5628 acc=0.3433
[ep 006] val_sel AUC=0.5627 acc=0.3433
[ep 007] val_sel AUC=0.5529 acc=0.3540
[ep 008] val_sel AUC=0.5461 acc=0.3285
[ep 009] val_sel AUC=0.5332 acc=0.3587
[ep 010] val_sel AUC=0.5279 acc=0.3392
[ep 011] val_sel AUC=0.5346 acc=0.3565
[ep 012] val_sel AUC=0.5548 acc=0.3386
[ep 013] val_sel AUC=0.5786 acc=0.3661
[ep 014] val_sel AUC=0.5841 acc=0.3773
[ep 015] val_sel AUC=0.6289 acc=0.4149
[ep 016] val_sel AUC=0.6884 acc=0.4751
[ep 017] val_sel AUC=0.7361 acc=0.5198
[ep 018] val_sel AUC=0.7653 acc=0.5339
[ep 019] val_sel AUC=0.7869 acc=0.5919
[ep 020] val_sel AUC=0.7998 acc=0.6167
[ep 021] val_sel AUC=0.8087 acc=0.5999
[ep 022] val_sel AUC=0.8325 acc=0.6579
[ep 023] val_sel AUC=0.8529 acc=0.6787
[ep 024] val_sel AUC=0.8615 acc=0.6892
[ep 025] val_sel AUC=0.8518 acc=0.6972
[ep 026] val_sel AUC=0.8986 acc=0.7595
[ep 027] val_sel AUC=0.8965 acc=0.7552
[ep 028] val_sel AUC=0.8994 acc=0.7608
[ep 029] val_sel AUC=0.9046 acc=0.7760
[ep 030] val_sel AUC=0.9071 acc=0.7861
[ep 031] val_sel AUC=0.9074 acc=0.7845
[ep 032] val_sel AUC=0.9075 acc=0.7856
[ep 033] val_sel AUC=0.8391 acc=0.6236
[ep 034] val_sel AUC=0.8602 acc=0.6603
[ep 035] val_sel AUC=0.8621 acc=0.7163
[ep 036] val_sel AUC=0.8876 acc=0.7377
[ep 037] val_sel AUC=0.8716 acc=0.6939
[ep 038] val_sel AUC=0.8800 acc=0.7277
[ep 039] val_sel AUC=0.8255 acc=0.6064
[ep 040] val_sel AUC=0.8886 acc=0.6798
[ep 041] val_sel AUC=0.8968 acc=0.7424
[ep 042] val_sel AUC=0.8790 acc=0.7187
[ep 043] val_sel AUC=0.8696 acc=0.7131
[ep 044] val_sel AUC=0.9049 acc=0.7624
[ep 045] val_sel AUC=0.9078 acc=0.7628
[ep 046] val_sel AUC=0.8681 acc=0.6917
[ep 047] val_sel AUC=0.8895 acc=0.7111
[ep 048] val_sel AUC=0.9056 acc=0.7659
[ep 049] val_sel AUC=0.8853 acc=0.7270
[ep 050] val_sel AUC=0.9130 acc=0.7829
[ep 051] val_sel AUC=0.8730 acc=0.6923
[ep 052] val_sel AUC=0.9053 acc=0.7742
[ep 053] val_sel AUC=0.9183 acc=0.8058
[ep 054] val_sel AUC=0.8895 acc=0.7787
[ep 055] val_sel AUC=0.9003 acc=0.7742
[ep 056] val_sel AUC=0.9088 acc=0.7807
[ep 057] val_sel AUC=0.9205 acc=0.8047
[ep 058] val_sel AUC=0.9255 acc=0.8270
[ep 059] val_sel AUC=0.9078 acc=0.7883
[ep 060] val_sel AUC=0.9101 acc=0.7944
[ep 061] val_sel AUC=0.9248 acc=0.8228
[ep 062] val_sel AUC=0.9125 acc=0.7841
[ep 063] val_sel AUC=0.9249 acc=0.8069
[ep 064] val_sel AUC=0.9139 acc=0.7944
[ep 065] val_sel AUC=0.9266 acc=0.8170
[ep 066] val_sel AUC=0.9205 acc=0.8167
[ep 067] val_sel AUC=0.9299 acc=0.8156
[ep 068] val_sel AUC=0.9160 acc=0.7921
[ep 069] val_sel AUC=0.9283 acc=0.8246
[ep 070] val_sel AUC=0.9117 acc=0.7606
[ep 071] val_sel AUC=0.9318 acc=0.8340
[ep 072] val_sel AUC=0.9294 acc=0.8290
[ep 073] val_sel AUC=0.9319 acc=0.8393
[ep 074] val_sel AUC=0.9321 acc=0.8346
[ep 075] val_sel AUC=0.9324 acc=0.8273
[ep 076] val_sel AUC=0.9264 acc=0.8029
[ep 077] val_sel AUC=0.9347 acc=0.8375
[ep 078] val_sel AUC=0.9354 acc=0.8543
[ep 079] val_sel AUC=0.9361 acc=0.8496
[ep 080] val_sel AUC=0.9352 acc=0.8499
[ep 081] val_sel AUC=0.9326 acc=0.8378
[ep 082] val_sel AUC=0.9343 acc=0.8371
[ep 083] val_sel AUC=0.9372 acc=0.8543
[ep 084] val_sel AUC=0.9351 acc=0.8496
[ep 085] val_sel AUC=0.9364 acc=0.8528
[ep 086] val_sel AUC=0.9362 acc=0.8514
[ep 087] val_sel AUC=0.9363 acc=0.8543
[ep 088] val_sel AUC=0.9356 acc=0.8546
[ep 089] val_sel AUC=0.9357 acc=0.8507
[ep 090] val_sel AUC=0.9350 acc=0.8503
[ep 091] val_sel AUC=0.9372 acc=0.8552
[ep 092] val_sel AUC=0.9368 acc=0.8534
[ep 093] val_sel AUC=0.9369 acc=0.8539
[ep 094] val_sel AUC=0.9367 acc=0.8530
[ep 095] val_sel AUC=0.9368 acc=0.8528
[ep 096] val_sel AUC=0.9369 acc=0.8534
============================================================
TEST (best val_sel epoch, held-out, evaluated once)
============================================================
[DONE-QPE2] embed=skew48 model_III N=250 seed=51 test_AUC=0.9290 val_sel_AUC=0.9372 per_class=(axion=0.9392 cdm=0.8689 no_sub=0.9790) params=203508 embed_params=49 R_frob_drift=1.491129994392395
