[INFO] QPE2 D=64 P=8 depth=4 | embed=skew48 | data=model_III N/class=100 seed=49 split_seed=0 | params=203508 embed_params=49 lr=0.001 epochs=96 bs=32 | train(300, 64, 64) val_sel(4469, 64, 64) test(4470, 64, 64) device=cuda
[ep 001] val_sel AUC=0.5521 acc=0.3433
[ep 002] val_sel AUC=0.5711 acc=0.3283
[ep 003] val_sel AUC=0.5748 acc=0.3433
[ep 004] val_sel AUC=0.5781 acc=0.3285
[ep 005] val_sel AUC=0.5762 acc=0.3433
[ep 006] val_sel AUC=0.5801 acc=0.3283
[ep 007] val_sel AUC=0.5747 acc=0.3538
[ep 008] val_sel AUC=0.5736 acc=0.3569
[ep 009] val_sel AUC=0.5769 acc=0.3283
[ep 010] val_sel AUC=0.5769 acc=0.3285
[ep 011] val_sel AUC=0.5681 acc=0.3433
[ep 012] val_sel AUC=0.5738 acc=0.3325
[ep 013] val_sel AUC=0.5781 acc=0.3285
[ep 014] val_sel AUC=0.5753 acc=0.3379
[ep 015] val_sel AUC=0.5595 acc=0.3522
[ep 016] val_sel AUC=0.5526 acc=0.3587
[ep 017] val_sel AUC=0.5543 acc=0.3596
[ep 018] val_sel AUC=0.5577 acc=0.3495
[ep 019] val_sel AUC=0.5577 acc=0.3574
[ep 020] val_sel AUC=0.5599 acc=0.3659
[ep 021] val_sel AUC=0.5539 acc=0.3511
[ep 022] val_sel AUC=0.5559 acc=0.3625
[ep 023] val_sel AUC=0.5567 acc=0.3571
[ep 024] val_sel AUC=0.5608 acc=0.3652
[ep 025] val_sel AUC=0.5621 acc=0.3688
[ep 026] val_sel AUC=0.5623 acc=0.3706
[ep 027] val_sel AUC=0.5622 acc=0.3674
[ep 028] val_sel AUC=0.5624 acc=0.3659
[ep 029] val_sel AUC=0.5617 acc=0.3656
[ep 030] val_sel AUC=0.5617 acc=0.3659
[ep 031] val_sel AUC=0.5618 acc=0.3656
[ep 032] val_sel AUC=0.5619 acc=0.3663
[ep 033] val_sel AUC=0.5687 acc=0.3605
[ep 034] val_sel AUC=0.5803 acc=0.3616
[ep 035] val_sel AUC=0.5824 acc=0.3701
[ep 036] val_sel AUC=0.5992 acc=0.3811
[ep 037] val_sel AUC=0.6439 acc=0.4366
[ep 038] val_sel AUC=0.6553 acc=0.4173
[ep 039] val_sel AUC=0.6355 acc=0.4316
[ep 040] val_sel AUC=0.7094 acc=0.5086
[ep 041] val_sel AUC=0.7141 acc=0.4903
[ep 042] val_sel AUC=0.6891 acc=0.4542
[ep 043] val_sel AUC=0.7451 acc=0.5203
[ep 044] val_sel AUC=0.7272 acc=0.5290
[ep 045] val_sel AUC=0.7576 acc=0.5299
[ep 046] val_sel AUC=0.7587 acc=0.5590
[ep 047] val_sel AUC=0.7867 acc=0.5876
[ep 048] val_sel AUC=0.8064 acc=0.6236
[ep 049] val_sel AUC=0.8270 acc=0.6525
[ep 050] val_sel AUC=0.7557 acc=0.5500
[ep 051] val_sel AUC=0.7737 acc=0.5547
[ep 052] val_sel AUC=0.8076 acc=0.6185
[ep 053] val_sel AUC=0.8320 acc=0.6697
[ep 054] val_sel AUC=0.8065 acc=0.6200
[ep 055] val_sel AUC=0.8313 acc=0.6684
[ep 056] val_sel AUC=0.8547 acc=0.7075
[ep 057] val_sel AUC=0.8428 acc=0.6767
[ep 058] val_sel AUC=0.8434 acc=0.6594
[ep 059] val_sel AUC=0.8432 acc=0.6917
[ep 060] val_sel AUC=0.8349 acc=0.6807
[ep 061] val_sel AUC=0.8653 acc=0.7062
[ep 062] val_sel AUC=0.8538 acc=0.6910
[ep 063] val_sel AUC=0.8601 acc=0.7151
[ep 064] val_sel AUC=0.8490 acc=0.6811
[ep 065] val_sel AUC=0.8610 acc=0.7113
[ep 066] val_sel AUC=0.8509 acc=0.6704
[ep 067] val_sel AUC=0.8657 acc=0.7187
[ep 068] val_sel AUC=0.8676 acc=0.7266
[ep 069] val_sel AUC=0.8685 acc=0.7353
[ep 070] val_sel AUC=0.8529 acc=0.6854
[ep 071] val_sel AUC=0.8638 acc=0.7102
[ep 072] val_sel AUC=0.8649 acc=0.6932
[ep 073] val_sel AUC=0.8604 acc=0.7120
[ep 074] val_sel AUC=0.8550 acc=0.6706
[ep 075] val_sel AUC=0.8693 acc=0.7243
[ep 076] val_sel AUC=0.8677 acc=0.7127
[ep 077] val_sel AUC=0.8617 acc=0.7080
[ep 078] val_sel AUC=0.8732 acc=0.7272
[ep 079] val_sel AUC=0.8780 acc=0.7346
[ep 080] val_sel AUC=0.8725 acc=0.7315
[ep 081] val_sel AUC=0.8818 acc=0.7471
[ep 082] val_sel AUC=0.8768 acc=0.7409
[ep 083] val_sel AUC=0.8805 acc=0.7478
[ep 084] val_sel AUC=0.8757 acc=0.7393
[ep 085] val_sel AUC=0.8806 acc=0.7485
[ep 086] val_sel AUC=0.8750 acc=0.7346
[ep 087] val_sel AUC=0.8792 acc=0.7507
[ep 088] val_sel AUC=0.8772 acc=0.7460
[ep 089] val_sel AUC=0.8769 acc=0.7438
[ep 090] val_sel AUC=0.8786 acc=0.7483
[ep 091] val_sel AUC=0.8783 acc=0.7476
[ep 092] val_sel AUC=0.8779 acc=0.7471
[ep 093] val_sel AUC=0.8777 acc=0.7489
[ep 094] val_sel AUC=0.8775 acc=0.7480
[ep 095] val_sel AUC=0.8773 acc=0.7476
[ep 096] val_sel AUC=0.8773 acc=0.7476
============================================================
TEST (best val_sel epoch, held-out, evaluated once)
============================================================
[DONE-QPE2] embed=skew48 model_III N=100 seed=49 test_AUC=0.8800 val_sel_AUC=0.8818 per_class=(axion=0.9181 cdm=0.7810 no_sub=0.9410) params=203508 embed_params=49 R_frob_drift=1.1532928943634033
