[INFO] QPE2 D=64 P=8 depth=4 | embed=skew48 | data=model_III N/class=100 seed=56 split_seed=0 | params=203508 embed_params=49 lr=0.001 epochs=96 bs=32 | train(300, 64, 64) val_sel(4469, 64, 64) test(4470, 64, 64) device=cuda
[ep 001] val_sel AUC=0.5765 acc=0.3283
[ep 002] val_sel AUC=0.5668 acc=0.3433
[ep 003] val_sel AUC=0.5608 acc=0.3321
[ep 004] val_sel AUC=0.5567 acc=0.3283
[ep 005] val_sel AUC=0.5552 acc=0.3283
[ep 006] val_sel AUC=0.5495 acc=0.3433
[ep 007] val_sel AUC=0.5510 acc=0.3283
[ep 008] val_sel AUC=0.5440 acc=0.3285
[ep 009] val_sel AUC=0.5460 acc=0.3283
[ep 010] val_sel AUC=0.5409 acc=0.3433
[ep 011] val_sel AUC=0.5352 acc=0.3285
[ep 012] val_sel AUC=0.5297 acc=0.3386
[ep 013] val_sel AUC=0.5242 acc=0.3473
[ep 014] val_sel AUC=0.5303 acc=0.3520
[ep 015] val_sel AUC=0.5338 acc=0.3464
[ep 016] val_sel AUC=0.5470 acc=0.3775
[ep 017] val_sel AUC=0.5528 acc=0.3811
[ep 018] val_sel AUC=0.5541 acc=0.3744
[ep 019] val_sel AUC=0.5544 acc=0.3786
[ep 020] val_sel AUC=0.5562 acc=0.3764
[ep 021] val_sel AUC=0.5568 acc=0.3838
[ep 022] val_sel AUC=0.5579 acc=0.3826
[ep 023] val_sel AUC=0.5587 acc=0.3817
[ep 024] val_sel AUC=0.5593 acc=0.3782
[ep 025] val_sel AUC=0.5605 acc=0.3855
[ep 026] val_sel AUC=0.5613 acc=0.3862
[ep 027] val_sel AUC=0.5619 acc=0.3869
[ep 028] val_sel AUC=0.5627 acc=0.3855
[ep 029] val_sel AUC=0.5631 acc=0.3844
[ep 030] val_sel AUC=0.5633 acc=0.3851
[ep 031] val_sel AUC=0.5634 acc=0.3844
[ep 032] val_sel AUC=0.5634 acc=0.3851
[ep 033] val_sel AUC=0.5770 acc=0.3945
[ep 034] val_sel AUC=0.5865 acc=0.3842
[ep 035] val_sel AUC=0.6162 acc=0.4213
[ep 036] val_sel AUC=0.6149 acc=0.3632
[ep 037] val_sel AUC=0.6149 acc=0.4106
[ep 038] val_sel AUC=0.6046 acc=0.4072
[ep 039] val_sel AUC=0.6586 acc=0.4612
[ep 040] val_sel AUC=0.6698 acc=0.4784
[ep 041] val_sel AUC=0.7130 acc=0.5053
[ep 042] val_sel AUC=0.7220 acc=0.5283
[ep 043] val_sel AUC=0.7521 acc=0.5684
[ep 044] val_sel AUC=0.7238 acc=0.5079
[ep 045] val_sel AUC=0.7954 acc=0.5992
[ep 046] val_sel AUC=0.7861 acc=0.5939
[ep 047] val_sel AUC=0.7647 acc=0.5599
[ep 048] val_sel AUC=0.8100 acc=0.6272
[ep 049] val_sel AUC=0.8174 acc=0.6317
[ep 050] val_sel AUC=0.7951 acc=0.6028
[ep 051] val_sel AUC=0.8023 acc=0.6216
[ep 052] val_sel AUC=0.8233 acc=0.6498
[ep 053] val_sel AUC=0.8371 acc=0.6791
[ep 054] val_sel AUC=0.8041 acc=0.6115
[ep 055] val_sel AUC=0.8370 acc=0.6751
[ep 056] val_sel AUC=0.8523 acc=0.6771
[ep 057] val_sel AUC=0.8240 acc=0.6489
[ep 058] val_sel AUC=0.8545 acc=0.7019
[ep 059] val_sel AUC=0.8593 acc=0.7100
[ep 060] val_sel AUC=0.8634 acc=0.7122
[ep 061] val_sel AUC=0.8590 acc=0.6986
[ep 062] val_sel AUC=0.8768 acc=0.7306
[ep 063] val_sel AUC=0.8550 acc=0.7075
[ep 064] val_sel AUC=0.8705 acc=0.7210
[ep 065] val_sel AUC=0.8619 acc=0.7118
[ep 066] val_sel AUC=0.8722 acc=0.7232
[ep 067] val_sel AUC=0.8788 acc=0.7348
[ep 068] val_sel AUC=0.8819 acc=0.7427
[ep 069] val_sel AUC=0.8897 acc=0.7541
[ep 070] val_sel AUC=0.8874 acc=0.7586
[ep 071] val_sel AUC=0.8884 acc=0.7630
[ep 072] val_sel AUC=0.8813 acc=0.7454
[ep 073] val_sel AUC=0.8840 acc=0.7413
[ep 074] val_sel AUC=0.8815 acc=0.7169
[ep 075] val_sel AUC=0.8839 acc=0.7527
[ep 076] val_sel AUC=0.8907 acc=0.7664
[ep 077] val_sel AUC=0.8972 acc=0.7796
[ep 078] val_sel AUC=0.8954 acc=0.7838
[ep 079] val_sel AUC=0.8936 acc=0.7738
[ep 080] val_sel AUC=0.8940 acc=0.7791
[ep 081] val_sel AUC=0.8890 acc=0.7747
[ep 082] val_sel AUC=0.8983 acc=0.7836
[ep 083] val_sel AUC=0.8964 acc=0.7800
[ep 084] val_sel AUC=0.8932 acc=0.7767
[ep 085] val_sel AUC=0.8923 acc=0.7825
[ep 086] val_sel AUC=0.8941 acc=0.7789
[ep 087] val_sel AUC=0.8943 acc=0.7823
[ep 088] val_sel AUC=0.8929 acc=0.7774
[ep 089] val_sel AUC=0.8941 acc=0.7825
[ep 090] val_sel AUC=0.8937 acc=0.7794
[ep 091] val_sel AUC=0.8932 acc=0.7791
[ep 092] val_sel AUC=0.8935 acc=0.7812
[ep 093] val_sel AUC=0.8936 acc=0.7829
[ep 094] val_sel AUC=0.8931 acc=0.7816
[ep 095] val_sel AUC=0.8928 acc=0.7798
[ep 096] val_sel AUC=0.8927 acc=0.7796
============================================================
TEST (best val_sel epoch, held-out, evaluated once)
============================================================
[DONE-QPE2] embed=skew48 model_III N=100 seed=56 test_AUC=0.8933 val_sel_AUC=0.8983 per_class=(axion=0.9193 cdm=0.8083 no_sub=0.9523) params=203508 embed_params=49 R_frob_drift=1.0104840993881226
