[INFO] QPE2 D=64 P=8 depth=4 | embed=skew48 | data=model_II N/class=100 seed=54 split_seed=0 | params=203508 embed_params=49 lr=0.001 epochs=96 bs=32 | train(300, 64, 64) val_sel(4455, 64, 64) test(4455, 64, 64) device=cuda
[ep 001] val_sel AUC=0.5034 acc=0.3291
[ep 002] val_sel AUC=0.4949 acc=0.3237
[ep 003] val_sel AUC=0.4943 acc=0.3291
[ep 004] val_sel AUC=0.4946 acc=0.3473
[ep 005] val_sel AUC=0.4965 acc=0.3473
[ep 006] val_sel AUC=0.5002 acc=0.3237
[ep 007] val_sel AUC=0.5003 acc=0.3138
[ep 008] val_sel AUC=0.5026 acc=0.3237
[ep 009] val_sel AUC=0.5037 acc=0.3219
[ep 010] val_sel AUC=0.5059 acc=0.3291
[ep 011] val_sel AUC=0.5066 acc=0.3282
[ep 012] val_sel AUC=0.5066 acc=0.3237
[ep 013] val_sel AUC=0.5080 acc=0.3291
[ep 014] val_sel AUC=0.5083 acc=0.3398
[ep 015] val_sel AUC=0.5088 acc=0.3237
[ep 016] val_sel AUC=0.5096 acc=0.3394
[ep 017] val_sel AUC=0.5114 acc=0.3340
[ep 018] val_sel AUC=0.5101 acc=0.3473
[ep 019] val_sel AUC=0.5104 acc=0.3266
[ep 020] val_sel AUC=0.5112 acc=0.3358
[ep 021] val_sel AUC=0.5109 acc=0.3416
[ep 022] val_sel AUC=0.5112 acc=0.3259
[ep 023] val_sel AUC=0.5118 acc=0.3421
[ep 024] val_sel AUC=0.5122 acc=0.3412
[ep 025] val_sel AUC=0.5123 acc=0.3419
[ep 026] val_sel AUC=0.5123 acc=0.3421
[ep 027] val_sel AUC=0.5122 acc=0.3443
[ep 028] val_sel AUC=0.5124 acc=0.3421
[ep 029] val_sel AUC=0.5124 acc=0.3401
[ep 030] val_sel AUC=0.5124 acc=0.3428
[ep 031] val_sel AUC=0.5125 acc=0.3430
[ep 032] val_sel AUC=0.5125 acc=0.3430
[ep 033] val_sel AUC=0.5132 acc=0.3464
[ep 034] val_sel AUC=0.5140 acc=0.3439
[ep 035] val_sel AUC=0.5256 acc=0.3401
[ep 036] val_sel AUC=0.5215 acc=0.3419
[ep 037] val_sel AUC=0.5169 acc=0.3466
[ep 038] val_sel AUC=0.5322 acc=0.3522
[ep 039] val_sel AUC=0.5286 acc=0.3529
[ep 040] val_sel AUC=0.5328 acc=0.3389
[ep 041] val_sel AUC=0.5388 acc=0.3495
[ep 042] val_sel AUC=0.5389 acc=0.3582
[ep 043] val_sel AUC=0.5796 acc=0.3789
[ep 044] val_sel AUC=0.6173 acc=0.4056
[ep 045] val_sel AUC=0.6308 acc=0.3708
[ep 046] val_sel AUC=0.6766 acc=0.4680
[ep 047] val_sel AUC=0.6684 acc=0.4707
[ep 048] val_sel AUC=0.7062 acc=0.4985
[ep 049] val_sel AUC=0.7445 acc=0.5495
[ep 050] val_sel AUC=0.7424 acc=0.5488
[ep 051] val_sel AUC=0.6710 acc=0.4716
[ep 052] val_sel AUC=0.7131 acc=0.4339
[ep 053] val_sel AUC=0.7355 acc=0.5383
[ep 054] val_sel AUC=0.7428 acc=0.5181
[ep 055] val_sel AUC=0.7354 acc=0.5398
[ep 056] val_sel AUC=0.7180 acc=0.5320
[ep 057] val_sel AUC=0.7655 acc=0.5780
[ep 058] val_sel AUC=0.7734 acc=0.5805
[ep 059] val_sel AUC=0.7866 acc=0.6110
[ep 060] val_sel AUC=0.7771 acc=0.6076
[ep 061] val_sel AUC=0.7955 acc=0.5935
[ep 062] val_sel AUC=0.7970 acc=0.6004
[ep 063] val_sel AUC=0.8178 acc=0.6451
[ep 064] val_sel AUC=0.8095 acc=0.6260
[ep 065] val_sel AUC=0.8340 acc=0.6761
[ep 066] val_sel AUC=0.8147 acc=0.6267
[ep 067] val_sel AUC=0.8219 acc=0.6521
[ep 068] val_sel AUC=0.8323 acc=0.6350
[ep 069] val_sel AUC=0.8193 acc=0.6285
[ep 070] val_sel AUC=0.8364 acc=0.6644
[ep 071] val_sel AUC=0.8624 acc=0.7082
[ep 072] val_sel AUC=0.8587 acc=0.7194
[ep 073] val_sel AUC=0.8709 acc=0.7194
[ep 074] val_sel AUC=0.8652 acc=0.7048
[ep 075] val_sel AUC=0.8630 acc=0.7176
[ep 076] val_sel AUC=0.8788 acc=0.7376
[ep 077] val_sel AUC=0.8759 acc=0.7385
[ep 078] val_sel AUC=0.8687 acc=0.7073
[ep 079] val_sel AUC=0.8725 acc=0.7192
[ep 080] val_sel AUC=0.8653 acc=0.7062
[ep 081] val_sel AUC=0.8835 acc=0.7450
[ep 082] val_sel AUC=0.8832 acc=0.7542
[ep 083] val_sel AUC=0.8859 acc=0.7603
[ep 084] val_sel AUC=0.8813 acc=0.7479
[ep 085] val_sel AUC=0.8844 acc=0.7558
[ep 086] val_sel AUC=0.8868 acc=0.7591
[ep 087] val_sel AUC=0.8860 acc=0.7589
[ep 088] val_sel AUC=0.8878 acc=0.7558
[ep 089] val_sel AUC=0.8871 acc=0.7567
[ep 090] val_sel AUC=0.8869 acc=0.7618
[ep 091] val_sel AUC=0.8891 acc=0.7609
[ep 092] val_sel AUC=0.8884 acc=0.7587
[ep 093] val_sel AUC=0.8882 acc=0.7580
[ep 094] val_sel AUC=0.8879 acc=0.7585
[ep 095] val_sel AUC=0.8878 acc=0.7574
[ep 096] val_sel AUC=0.8878 acc=0.7578
============================================================
TEST (best val_sel epoch, held-out, evaluated once)
============================================================
[DONE-QPE2] embed=skew48 model_II N=100 seed=54 test_AUC=0.8922 val_sel_AUC=0.8891 per_class=(axion=0.9214 cdm=0.8006 no_sub=0.9547) params=203508 embed_params=49 R_frob_drift=1.040343165397644
