[INFO] QPE2 D=64 P=8 depth=4 | embed=skew48 | data=model_III N/class=250 seed=58 split_seed=0 | params=203508 embed_params=49 lr=0.001 epochs=96 bs=32 | train(750, 64, 64) val_sel(4469, 64, 64) test(4470, 64, 64) device=cuda
[ep 001] val_sel AUC=0.5619 acc=0.3283
[ep 002] val_sel AUC=0.5810 acc=0.3285
[ep 003] val_sel AUC=0.5769 acc=0.3285
[ep 004] val_sel AUC=0.5844 acc=0.3283
[ep 005] val_sel AUC=0.5866 acc=0.3433
[ep 006] val_sel AUC=0.5551 acc=0.3473
[ep 007] val_sel AUC=0.5523 acc=0.3513
[ep 008] val_sel AUC=0.5665 acc=0.3285
[ep 009] val_sel AUC=0.5851 acc=0.3603
[ep 010] val_sel AUC=0.6300 acc=0.4330
[ep 011] val_sel AUC=0.7321 acc=0.4885
[ep 012] val_sel AUC=0.8073 acc=0.5804
[ep 013] val_sel AUC=0.8224 acc=0.6122
[ep 014] val_sel AUC=0.8550 acc=0.6988
[ep 015] val_sel AUC=0.8624 acc=0.6939
[ep 016] val_sel AUC=0.8768 acc=0.7058
[ep 017] val_sel AUC=0.8806 acc=0.7445
[ep 018] val_sel AUC=0.8868 acc=0.7348
[ep 019] val_sel AUC=0.8882 acc=0.7715
[ep 020] val_sel AUC=0.8864 acc=0.7272
[ep 021] val_sel AUC=0.9058 acc=0.7581
[ep 022] val_sel AUC=0.8939 acc=0.7485
[ep 023] val_sel AUC=0.9100 acc=0.7794
[ep 024] val_sel AUC=0.9131 acc=0.7975
[ep 025] val_sel AUC=0.9198 acc=0.8094
[ep 026] val_sel AUC=0.9203 acc=0.8094
[ep 027] val_sel AUC=0.9220 acc=0.8208
[ep 028] val_sel AUC=0.9221 acc=0.8252
[ep 029] val_sel AUC=0.9255 acc=0.8308
[ep 030] val_sel AUC=0.9260 acc=0.8304
[ep 031] val_sel AUC=0.9251 acc=0.8284
[ep 032] val_sel AUC=0.9255 acc=0.8297
[ep 033] val_sel AUC=0.8584 acc=0.6567
[ep 034] val_sel AUC=0.8941 acc=0.7348
[ep 035] val_sel AUC=0.9111 acc=0.7809
[ep 036] val_sel AUC=0.9140 acc=0.7944
[ep 037] val_sel AUC=0.8887 acc=0.7503
[ep 038] val_sel AUC=0.9048 acc=0.7816
[ep 039] val_sel AUC=0.9006 acc=0.7642
[ep 040] val_sel AUC=0.9072 acc=0.7776
[ep 041] val_sel AUC=0.8633 acc=0.6742
[ep 042] val_sel AUC=0.8999 acc=0.7720
[ep 043] val_sel AUC=0.8858 acc=0.7377
[ep 044] val_sel AUC=0.9177 acc=0.7962
[ep 045] val_sel AUC=0.9253 acc=0.8154
[ep 046] val_sel AUC=0.9080 acc=0.7709
[ep 047] val_sel AUC=0.8760 acc=0.7051
[ep 048] val_sel AUC=0.9143 acc=0.7926
[ep 049] val_sel AUC=0.9256 acc=0.8161
[ep 050] val_sel AUC=0.9221 acc=0.8120
[ep 051] val_sel AUC=0.9161 acc=0.7823
[ep 052] val_sel AUC=0.9106 acc=0.7863
[ep 053] val_sel AUC=0.9239 acc=0.8210
[ep 054] val_sel AUC=0.9089 acc=0.7926
[ep 055] val_sel AUC=0.9222 acc=0.8096
[ep 056] val_sel AUC=0.9120 acc=0.7921
[ep 057] val_sel AUC=0.9263 acc=0.8246
[ep 058] val_sel AUC=0.9105 acc=0.7888
[ep 059] val_sel AUC=0.9214 acc=0.8172
[ep 060] val_sel AUC=0.9252 acc=0.8290
[ep 061] val_sel AUC=0.9239 acc=0.8248
[ep 062] val_sel AUC=0.9306 acc=0.8302
[ep 063] val_sel AUC=0.9253 acc=0.8212
[ep 064] val_sel AUC=0.9044 acc=0.7814
[ep 065] val_sel AUC=0.9161 acc=0.7946
[ep 066] val_sel AUC=0.9182 acc=0.7988
[ep 067] val_sel AUC=0.9251 acc=0.8105
[ep 068] val_sel AUC=0.9074 acc=0.7753
[ep 069] val_sel AUC=0.9259 acc=0.8203
[ep 070] val_sel AUC=0.9176 acc=0.8111
[ep 071] val_sel AUC=0.9285 acc=0.8322
[ep 072] val_sel AUC=0.9283 acc=0.8317
[ep 073] val_sel AUC=0.9224 acc=0.8141
[ep 074] val_sel AUC=0.9246 acc=0.8261
[ep 075] val_sel AUC=0.9294 acc=0.8389
[ep 076] val_sel AUC=0.9236 acc=0.8331
[ep 077] val_sel AUC=0.9281 acc=0.8331
[ep 078] val_sel AUC=0.9283 acc=0.8378
[ep 079] val_sel AUC=0.9309 acc=0.8409
[ep 080] val_sel AUC=0.9258 acc=0.8185
[ep 081] val_sel AUC=0.9291 acc=0.8425
[ep 082] val_sel AUC=0.9267 acc=0.8391
[ep 083] val_sel AUC=0.9270 acc=0.8243
[ep 084] val_sel AUC=0.9290 acc=0.8483
[ep 085] val_sel AUC=0.9309 acc=0.8449
[ep 086] val_sel AUC=0.9288 acc=0.8465
[ep 087] val_sel AUC=0.9290 acc=0.8420
[ep 088] val_sel AUC=0.9290 acc=0.8483
[ep 089] val_sel AUC=0.9289 acc=0.8483
[ep 090] val_sel AUC=0.9292 acc=0.8501
[ep 091] val_sel AUC=0.9286 acc=0.8490
[ep 092] val_sel AUC=0.9279 acc=0.8494
[ep 093] val_sel AUC=0.9280 acc=0.8490
[ep 094] val_sel AUC=0.9280 acc=0.8490
[ep 095] val_sel AUC=0.9281 acc=0.8490
[ep 096] val_sel AUC=0.9281 acc=0.8490
============================================================
TEST (best val_sel epoch, held-out, evaluated once)
============================================================
[DONE-QPE2] embed=skew48 model_III N=250 seed=58 test_AUC=0.9265 val_sel_AUC=0.9309 per_class=(axion=0.9442 cdm=0.8631 no_sub=0.9722) params=203508 embed_params=49 R_frob_drift=1.2291663885116577
