[INFO] QPE2 D=64 P=8 depth=4 | embed=skew48 | data=model_II N/class=100 seed=59 split_seed=0 | params=203508 embed_params=49 lr=0.001 epochs=96 bs=32 | train(300, 64, 64) val_sel(4455, 64, 64) test(4455, 64, 64) device=cuda
[ep 001] val_sel AUC=0.4940 acc=0.3473
[ep 002] val_sel AUC=0.5050 acc=0.3237
[ep 003] val_sel AUC=0.5101 acc=0.3473
[ep 004] val_sel AUC=0.5091 acc=0.3237
[ep 005] val_sel AUC=0.5228 acc=0.3291
[ep 006] val_sel AUC=0.5274 acc=0.3473
[ep 007] val_sel AUC=0.5229 acc=0.3237
[ep 008] val_sel AUC=0.5349 acc=0.3473
[ep 009] val_sel AUC=0.5425 acc=0.3291
[ep 010] val_sel AUC=0.5381 acc=0.3237
[ep 011] val_sel AUC=0.5341 acc=0.3473
[ep 012] val_sel AUC=0.5395 acc=0.3291
[ep 013] val_sel AUC=0.5366 acc=0.3473
[ep 014] val_sel AUC=0.5339 acc=0.3237
[ep 015] val_sel AUC=0.5335 acc=0.3291
[ep 016] val_sel AUC=0.5291 acc=0.3383
[ep 017] val_sel AUC=0.5290 acc=0.3623
[ep 018] val_sel AUC=0.5292 acc=0.3237
[ep 019] val_sel AUC=0.5289 acc=0.3450
[ep 020] val_sel AUC=0.5320 acc=0.3459
[ep 021] val_sel AUC=0.5328 acc=0.3571
[ep 022] val_sel AUC=0.5321 acc=0.3598
[ep 023] val_sel AUC=0.5312 acc=0.3594
[ep 024] val_sel AUC=0.5327 acc=0.3661
[ep 025] val_sel AUC=0.5342 acc=0.3625
[ep 026] val_sel AUC=0.5340 acc=0.3594
[ep 027] val_sel AUC=0.5343 acc=0.3657
[ep 028] val_sel AUC=0.5346 acc=0.3614
[ep 029] val_sel AUC=0.5342 acc=0.3625
[ep 030] val_sel AUC=0.5343 acc=0.3630
[ep 031] val_sel AUC=0.5344 acc=0.3630
[ep 032] val_sel AUC=0.5344 acc=0.3627
[ep 033] val_sel AUC=0.5364 acc=0.3578
[ep 034] val_sel AUC=0.5406 acc=0.3582
[ep 035] val_sel AUC=0.5389 acc=0.3672
[ep 036] val_sel AUC=0.5398 acc=0.3367
[ep 037] val_sel AUC=0.5418 acc=0.3578
[ep 038] val_sel AUC=0.5390 acc=0.3455
[ep 039] val_sel AUC=0.5324 acc=0.3625
[ep 040] val_sel AUC=0.5406 acc=0.3450
[ep 041] val_sel AUC=0.5413 acc=0.3493
[ep 042] val_sel AUC=0.5463 acc=0.3551
[ep 043] val_sel AUC=0.5423 acc=0.3407
[ep 044] val_sel AUC=0.5317 acc=0.3520
[ep 045] val_sel AUC=0.5317 acc=0.3439
[ep 046] val_sel AUC=0.5358 acc=0.3576
[ep 047] val_sel AUC=0.5410 acc=0.3710
[ep 048] val_sel AUC=0.5482 acc=0.3762
[ep 049] val_sel AUC=0.5507 acc=0.3679
[ep 050] val_sel AUC=0.5499 acc=0.3713
[ep 051] val_sel AUC=0.5540 acc=0.3616
[ep 052] val_sel AUC=0.5441 acc=0.3791
[ep 053] val_sel AUC=0.5618 acc=0.4047
[ep 054] val_sel AUC=0.5667 acc=0.3971
[ep 055] val_sel AUC=0.5826 acc=0.3917
[ep 056] val_sel AUC=0.5826 acc=0.4184
[ep 057] val_sel AUC=0.5726 acc=0.3780
[ep 058] val_sel AUC=0.5810 acc=0.3791
[ep 059] val_sel AUC=0.5834 acc=0.4213
[ep 060] val_sel AUC=0.6047 acc=0.4456
[ep 061] val_sel AUC=0.6190 acc=0.4379
[ep 062] val_sel AUC=0.6090 acc=0.4173
[ep 063] val_sel AUC=0.6337 acc=0.4442
[ep 064] val_sel AUC=0.6361 acc=0.4471
[ep 065] val_sel AUC=0.6463 acc=0.4671
[ep 066] val_sel AUC=0.6457 acc=0.4579
[ep 067] val_sel AUC=0.6455 acc=0.4570
[ep 068] val_sel AUC=0.6487 acc=0.4494
[ep 069] val_sel AUC=0.6710 acc=0.4911
[ep 070] val_sel AUC=0.6825 acc=0.4833
[ep 071] val_sel AUC=0.7035 acc=0.5138
[ep 072] val_sel AUC=0.7137 acc=0.5147
[ep 073] val_sel AUC=0.7318 acc=0.5358
[ep 074] val_sel AUC=0.7399 acc=0.5517
[ep 075] val_sel AUC=0.7505 acc=0.5533
[ep 076] val_sel AUC=0.7613 acc=0.5542
[ep 077] val_sel AUC=0.7657 acc=0.5805
[ep 078] val_sel AUC=0.7774 acc=0.5838
[ep 079] val_sel AUC=0.7861 acc=0.5987
[ep 080] val_sel AUC=0.7827 acc=0.5865
[ep 081] val_sel AUC=0.7854 acc=0.6072
[ep 082] val_sel AUC=0.7979 acc=0.6209
[ep 083] val_sel AUC=0.8012 acc=0.6157
[ep 084] val_sel AUC=0.7919 acc=0.6112
[ep 085] val_sel AUC=0.8013 acc=0.6094
[ep 086] val_sel AUC=0.8052 acc=0.6312
[ep 087] val_sel AUC=0.8064 acc=0.6258
[ep 088] val_sel AUC=0.8070 acc=0.6260
[ep 089] val_sel AUC=0.8086 acc=0.6325
[ep 090] val_sel AUC=0.8095 acc=0.6359
[ep 091] val_sel AUC=0.8099 acc=0.6348
[ep 092] val_sel AUC=0.8117 acc=0.6393
[ep 093] val_sel AUC=0.8116 acc=0.6384
[ep 094] val_sel AUC=0.8116 acc=0.6393
[ep 095] val_sel AUC=0.8118 acc=0.6395
[ep 096] val_sel AUC=0.8118 acc=0.6395
============================================================
TEST (best val_sel epoch, held-out, evaluated once)
============================================================
[DONE-QPE2] embed=skew48 model_II N=100 seed=59 test_AUC=0.8172 val_sel_AUC=0.8118 per_class=(axion=0.8890 cdm=0.6764 no_sub=0.8863) params=203508 embed_params=49 R_frob_drift=1.4341803789138794
