[INFO] QPE2 D=64 P=8 depth=4 | embed=skew48 | data=model_II N/class=100 seed=56 split_seed=0 | params=203508 embed_params=49 lr=0.001 epochs=96 bs=32 | train(300, 64, 64) val_sel(4455, 64, 64) test(4455, 64, 64) device=cuda
[ep 001] val_sel AUC=0.5478 acc=0.3291
[ep 002] val_sel AUC=0.5332 acc=0.3473
[ep 003] val_sel AUC=0.5391 acc=0.3473
[ep 004] val_sel AUC=0.5479 acc=0.3571
[ep 005] val_sel AUC=0.5482 acc=0.3291
[ep 006] val_sel AUC=0.5459 acc=0.3446
[ep 007] val_sel AUC=0.5489 acc=0.3291
[ep 008] val_sel AUC=0.5443 acc=0.3237
[ep 009] val_sel AUC=0.5479 acc=0.3291
[ep 010] val_sel AUC=0.5440 acc=0.3473
[ep 011] val_sel AUC=0.5447 acc=0.3237
[ep 012] val_sel AUC=0.5512 acc=0.3291
[ep 013] val_sel AUC=0.5489 acc=0.3237
[ep 014] val_sel AUC=0.5491 acc=0.3461
[ep 015] val_sel AUC=0.5518 acc=0.3291
[ep 016] val_sel AUC=0.5500 acc=0.3363
[ep 017] val_sel AUC=0.5497 acc=0.3473
[ep 018] val_sel AUC=0.5519 acc=0.3237
[ep 019] val_sel AUC=0.5482 acc=0.3419
[ep 020] val_sel AUC=0.5444 acc=0.3717
[ep 021] val_sel AUC=0.5484 acc=0.3336
[ep 022] val_sel AUC=0.5487 acc=0.3574
[ep 023] val_sel AUC=0.5507 acc=0.3569
[ep 024] val_sel AUC=0.5512 acc=0.3697
[ep 025] val_sel AUC=0.5542 acc=0.3675
[ep 026] val_sel AUC=0.5565 acc=0.3688
[ep 027] val_sel AUC=0.5582 acc=0.3623
[ep 028] val_sel AUC=0.5597 acc=0.3688
[ep 029] val_sel AUC=0.5619 acc=0.3668
[ep 030] val_sel AUC=0.5629 acc=0.3672
[ep 031] val_sel AUC=0.5634 acc=0.3663
[ep 032] val_sel AUC=0.5636 acc=0.3670
[ep 033] val_sel AUC=0.5945 acc=0.3818
[ep 034] val_sel AUC=0.6090 acc=0.4085
[ep 035] val_sel AUC=0.6600 acc=0.3675
[ep 036] val_sel AUC=0.5681 acc=0.3791
[ep 037] val_sel AUC=0.5715 acc=0.3502
[ep 038] val_sel AUC=0.5715 acc=0.3684
[ep 039] val_sel AUC=0.5824 acc=0.3969
[ep 040] val_sel AUC=0.6436 acc=0.4584
[ep 041] val_sel AUC=0.6227 acc=0.4074
[ep 042] val_sel AUC=0.6464 acc=0.3798
[ep 043] val_sel AUC=0.6494 acc=0.4442
[ep 044] val_sel AUC=0.6801 acc=0.4992
[ep 045] val_sel AUC=0.6766 acc=0.4597
[ep 046] val_sel AUC=0.7084 acc=0.4893
[ep 047] val_sel AUC=0.7187 acc=0.5120
[ep 048] val_sel AUC=0.7406 acc=0.5347
[ep 049] val_sel AUC=0.7233 acc=0.5322
[ep 050] val_sel AUC=0.7591 acc=0.5560
[ep 051] val_sel AUC=0.7683 acc=0.5771
[ep 052] val_sel AUC=0.7465 acc=0.5268
[ep 053] val_sel AUC=0.8049 acc=0.6175
[ep 054] val_sel AUC=0.8117 acc=0.6272
[ep 055] val_sel AUC=0.8014 acc=0.5939
[ep 056] val_sel AUC=0.7647 acc=0.5654
[ep 057] val_sel AUC=0.7685 acc=0.5587
[ep 058] val_sel AUC=0.7952 acc=0.6099
[ep 059] val_sel AUC=0.8178 acc=0.6370
[ep 060] val_sel AUC=0.7859 acc=0.5719
[ep 061] val_sel AUC=0.7739 acc=0.5473
[ep 062] val_sel AUC=0.7968 acc=0.6121
[ep 063] val_sel AUC=0.8177 acc=0.6496
[ep 064] val_sel AUC=0.8267 acc=0.6655
[ep 065] val_sel AUC=0.8145 acc=0.6285
[ep 066] val_sel AUC=0.8184 acc=0.6505
[ep 067] val_sel AUC=0.8128 acc=0.6561
[ep 068] val_sel AUC=0.8419 acc=0.6747
[ep 069] val_sel AUC=0.8406 acc=0.6949
[ep 070] val_sel AUC=0.8388 acc=0.6869
[ep 071] val_sel AUC=0.8442 acc=0.6851
[ep 072] val_sel AUC=0.8446 acc=0.7046
[ep 073] val_sel AUC=0.8452 acc=0.7131
[ep 074] val_sel AUC=0.8330 acc=0.6599
[ep 075] val_sel AUC=0.8561 acc=0.7205
[ep 076] val_sel AUC=0.8456 acc=0.6967
[ep 077] val_sel AUC=0.8429 acc=0.7012
[ep 078] val_sel AUC=0.8425 acc=0.7017
[ep 079] val_sel AUC=0.8465 acc=0.7024
[ep 080] val_sel AUC=0.8412 acc=0.7118
[ep 081] val_sel AUC=0.8432 acc=0.7068
[ep 082] val_sel AUC=0.8444 acc=0.6976
[ep 083] val_sel AUC=0.8468 acc=0.7125
[ep 084] val_sel AUC=0.8492 acc=0.7107
[ep 085] val_sel AUC=0.8498 acc=0.7051
[ep 086] val_sel AUC=0.8499 acc=0.7134
[ep 087] val_sel AUC=0.8499 acc=0.7214
[ep 088] val_sel AUC=0.8490 acc=0.7190
[ep 089] val_sel AUC=0.8465 acc=0.7165
[ep 090] val_sel AUC=0.8483 acc=0.7194
[ep 091] val_sel AUC=0.8479 acc=0.7183
[ep 092] val_sel AUC=0.8469 acc=0.7201
[ep 093] val_sel AUC=0.8474 acc=0.7187
[ep 094] val_sel AUC=0.8474 acc=0.7187
[ep 095] val_sel AUC=0.8473 acc=0.7190
[ep 096] val_sel AUC=0.8473 acc=0.7192
============================================================
TEST (best val_sel epoch, held-out, evaluated once)
============================================================
[DONE-QPE2] embed=skew48 model_II N=100 seed=56 test_AUC=0.8620 val_sel_AUC=0.8561 per_class=(axion=0.9004 cdm=0.7443 no_sub=0.9413) params=203508 embed_params=49 R_frob_drift=0.787192165851593
