[INFO] QPE2 D=64 P=8 depth=4 | embed=skew48 | data=model_II N/class=100 seed=57 split_seed=0 | params=203508 embed_params=49 lr=0.001 epochs=96 bs=32 | train(300, 64, 64) val_sel(4455, 64, 64) test(4455, 64, 64) device=cuda
[ep 001] val_sel AUC=0.5283 acc=0.3473
[ep 002] val_sel AUC=0.5251 acc=0.3237
[ep 003] val_sel AUC=0.5281 acc=0.3237
[ep 004] val_sel AUC=0.5289 acc=0.3473
[ep 005] val_sel AUC=0.5337 acc=0.3291
[ep 006] val_sel AUC=0.5384 acc=0.3237
[ep 007] val_sel AUC=0.5422 acc=0.3473
[ep 008] val_sel AUC=0.5461 acc=0.3237
[ep 009] val_sel AUC=0.5493 acc=0.3291
[ep 010] val_sel AUC=0.5460 acc=0.3473
[ep 011] val_sel AUC=0.5490 acc=0.3291
[ep 012] val_sel AUC=0.5459 acc=0.3473
[ep 013] val_sel AUC=0.5424 acc=0.3473
[ep 014] val_sel AUC=0.5417 acc=0.3473
[ep 015] val_sel AUC=0.5396 acc=0.3237
[ep 016] val_sel AUC=0.5369 acc=0.3291
[ep 017] val_sel AUC=0.5373 acc=0.3237
[ep 018] val_sel AUC=0.5328 acc=0.3551
[ep 019] val_sel AUC=0.5309 acc=0.3398
[ep 020] val_sel AUC=0.5311 acc=0.3455
[ep 021] val_sel AUC=0.5330 acc=0.3441
[ep 022] val_sel AUC=0.5328 acc=0.3457
[ep 023] val_sel AUC=0.5303 acc=0.3470
[ep 024] val_sel AUC=0.5293 acc=0.3457
[ep 025] val_sel AUC=0.5292 acc=0.3486
[ep 026] val_sel AUC=0.5288 acc=0.3531
[ep 027] val_sel AUC=0.5289 acc=0.3468
[ep 028] val_sel AUC=0.5289 acc=0.3470
[ep 029] val_sel AUC=0.5286 acc=0.3459
[ep 030] val_sel AUC=0.5286 acc=0.3459
[ep 031] val_sel AUC=0.5285 acc=0.3455
[ep 032] val_sel AUC=0.5286 acc=0.3457
[ep 033] val_sel AUC=0.5269 acc=0.3479
[ep 034] val_sel AUC=0.5264 acc=0.3473
[ep 035] val_sel AUC=0.5298 acc=0.3425
[ep 036] val_sel AUC=0.5306 acc=0.3237
[ep 037] val_sel AUC=0.5320 acc=0.3412
[ep 038] val_sel AUC=0.5303 acc=0.3580
[ep 039] val_sel AUC=0.5299 acc=0.3385
[ep 040] val_sel AUC=0.5276 acc=0.3524
[ep 041] val_sel AUC=0.5276 acc=0.3441
[ep 042] val_sel AUC=0.5278 acc=0.3434
[ep 043] val_sel AUC=0.5292 acc=0.3605
[ep 044] val_sel AUC=0.5302 acc=0.3455
[ep 045] val_sel AUC=0.5280 acc=0.3338
[ep 046] val_sel AUC=0.5258 acc=0.3513
[ep 047] val_sel AUC=0.5292 acc=0.3432
[ep 048] val_sel AUC=0.5331 acc=0.3531
[ep 049] val_sel AUC=0.5456 acc=0.3526
[ep 050] val_sel AUC=0.5443 acc=0.3713
[ep 051] val_sel AUC=0.5632 acc=0.3692
[ep 052] val_sel AUC=0.5662 acc=0.3773
[ep 053] val_sel AUC=0.6017 acc=0.4168
[ep 054] val_sel AUC=0.5835 acc=0.4027
[ep 055] val_sel AUC=0.5848 acc=0.3836
[ep 056] val_sel AUC=0.5968 acc=0.4002
[ep 057] val_sel AUC=0.6069 acc=0.4088
[ep 058] val_sel AUC=0.6190 acc=0.3917
[ep 059] val_sel AUC=0.6210 acc=0.4130
[ep 060] val_sel AUC=0.6431 acc=0.4009
[ep 061] val_sel AUC=0.6696 acc=0.4258
[ep 062] val_sel AUC=0.6457 acc=0.4155
[ep 063] val_sel AUC=0.6450 acc=0.4523
[ep 064] val_sel AUC=0.6637 acc=0.4483
[ep 065] val_sel AUC=0.6818 acc=0.5003
[ep 066] val_sel AUC=0.6894 acc=0.5100
[ep 067] val_sel AUC=0.7128 acc=0.4956
[ep 068] val_sel AUC=0.7423 acc=0.5625
[ep 069] val_sel AUC=0.7435 acc=0.5614
[ep 070] val_sel AUC=0.7482 acc=0.5728
[ep 071] val_sel AUC=0.7700 acc=0.5706
[ep 072] val_sel AUC=0.7743 acc=0.5942
[ep 073] val_sel AUC=0.8051 acc=0.6249
[ep 074] val_sel AUC=0.8044 acc=0.6249
[ep 075] val_sel AUC=0.8105 acc=0.6453
[ep 076] val_sel AUC=0.8127 acc=0.6144
[ep 077] val_sel AUC=0.8287 acc=0.6597
[ep 078] val_sel AUC=0.8172 acc=0.6314
[ep 079] val_sel AUC=0.8448 acc=0.6889
[ep 080] val_sel AUC=0.8453 acc=0.6826
[ep 081] val_sel AUC=0.8404 acc=0.6770
[ep 082] val_sel AUC=0.8412 acc=0.6835
[ep 083] val_sel AUC=0.8544 acc=0.6947
[ep 084] val_sel AUC=0.8588 acc=0.7001
[ep 085] val_sel AUC=0.8618 acc=0.7015
[ep 086] val_sel AUC=0.8633 acc=0.7030
[ep 087] val_sel AUC=0.8565 acc=0.7019
[ep 088] val_sel AUC=0.8552 acc=0.6952
[ep 089] val_sel AUC=0.8574 acc=0.7037
[ep 090] val_sel AUC=0.8657 acc=0.7051
[ep 091] val_sel AUC=0.8674 acc=0.7131
[ep 092] val_sel AUC=0.8670 acc=0.7131
[ep 093] val_sel AUC=0.8670 acc=0.7143
[ep 094] val_sel AUC=0.8669 acc=0.7154
[ep 095] val_sel AUC=0.8669 acc=0.7147
[ep 096] val_sel AUC=0.8669 acc=0.7147
============================================================
TEST (best val_sel epoch, held-out, evaluated once)
============================================================
[DONE-QPE2] embed=skew48 model_II N=100 seed=57 test_AUC=0.8749 val_sel_AUC=0.8674 per_class=(axion=0.9070 cdm=0.7711 no_sub=0.9467) params=203508 embed_params=49 R_frob_drift=1.3017791509628296
