[INFO] QPE2 D=64 P=8 depth=4 | embed=skew48 | data=model_II N/class=250 seed=44 split_seed=0 | params=203508 embed_params=49 lr=0.001 epochs=96 bs=32 | train(750, 64, 64) val_sel(4455, 64, 64) test(4455, 64, 64) device=cuda
[ep 001] val_sel AUC=0.5412 acc=0.3526
[ep 002] val_sel AUC=0.5514 acc=0.3291
[ep 003] val_sel AUC=0.5522 acc=0.3291
[ep 004] val_sel AUC=0.5555 acc=0.3291
[ep 005] val_sel AUC=0.5586 acc=0.3473
[ep 006] val_sel AUC=0.5586 acc=0.3473
[ep 007] val_sel AUC=0.5562 acc=0.3237
[ep 008] val_sel AUC=0.5617 acc=0.3279
[ep 009] val_sel AUC=0.5626 acc=0.3473
[ep 010] val_sel AUC=0.5526 acc=0.3250
[ep 011] val_sel AUC=0.5475 acc=0.3609
[ep 012] val_sel AUC=0.5610 acc=0.3457
[ep 013] val_sel AUC=0.5574 acc=0.3576
[ep 014] val_sel AUC=0.5809 acc=0.3632
[ep 015] val_sel AUC=0.6088 acc=0.4034
[ep 016] val_sel AUC=0.6959 acc=0.3621
[ep 017] val_sel AUC=0.7751 acc=0.5989
[ep 018] val_sel AUC=0.7966 acc=0.6092
[ep 019] val_sel AUC=0.8293 acc=0.6622
[ep 020] val_sel AUC=0.8558 acc=0.6884
[ep 021] val_sel AUC=0.8513 acc=0.6952
[ep 022] val_sel AUC=0.8621 acc=0.6907
[ep 023] val_sel AUC=0.8786 acc=0.7365
[ep 024] val_sel AUC=0.8884 acc=0.7520
[ep 025] val_sel AUC=0.8560 acc=0.7122
[ep 026] val_sel AUC=0.8870 acc=0.7470
[ep 027] val_sel AUC=0.8929 acc=0.7605
[ep 028] val_sel AUC=0.8920 acc=0.7486
[ep 029] val_sel AUC=0.8945 acc=0.7569
[ep 030] val_sel AUC=0.8926 acc=0.7526
[ep 031] val_sel AUC=0.8942 acc=0.7587
[ep 032] val_sel AUC=0.8944 acc=0.7600
[ep 033] val_sel AUC=0.8256 acc=0.6649
[ep 034] val_sel AUC=0.8693 acc=0.7134
[ep 035] val_sel AUC=0.8634 acc=0.6923
[ep 036] val_sel AUC=0.8711 acc=0.6927
[ep 037] val_sel AUC=0.8431 acc=0.6804
[ep 038] val_sel AUC=0.8597 acc=0.6889
[ep 039] val_sel AUC=0.8301 acc=0.6615
[ep 040] val_sel AUC=0.8586 acc=0.6851
[ep 041] val_sel AUC=0.8752 acc=0.7266
[ep 042] val_sel AUC=0.8611 acc=0.6658
[ep 043] val_sel AUC=0.8800 acc=0.7288
[ep 044] val_sel AUC=0.9013 acc=0.7589
[ep 045] val_sel AUC=0.8977 acc=0.7446
[ep 046] val_sel AUC=0.8711 acc=0.6792
[ep 047] val_sel AUC=0.8973 acc=0.7591
[ep 048] val_sel AUC=0.9057 acc=0.7728
[ep 049] val_sel AUC=0.8660 acc=0.6718
[ep 050] val_sel AUC=0.9021 acc=0.7771
[ep 051] val_sel AUC=0.8849 acc=0.7385
[ep 052] val_sel AUC=0.8936 acc=0.7414
[ep 053] val_sel AUC=0.9101 acc=0.7726
[ep 054] val_sel AUC=0.8713 acc=0.6840
[ep 055] val_sel AUC=0.9001 acc=0.7645
[ep 056] val_sel AUC=0.9047 acc=0.7650
[ep 057] val_sel AUC=0.9111 acc=0.7933
[ep 058] val_sel AUC=0.8954 acc=0.7672
[ep 059] val_sel AUC=0.8767 acc=0.7205
[ep 060] val_sel AUC=0.8893 acc=0.7246
[ep 061] val_sel AUC=0.9138 acc=0.7924
[ep 062] val_sel AUC=0.8650 acc=0.7075
[ep 063] val_sel AUC=0.9034 acc=0.7677
[ep 064] val_sel AUC=0.9119 acc=0.7841
[ep 065] val_sel AUC=0.9152 acc=0.7776
[ep 066] val_sel AUC=0.9164 acc=0.7820
[ep 067] val_sel AUC=0.9041 acc=0.7661
[ep 068] val_sel AUC=0.9085 acc=0.7814
[ep 069] val_sel AUC=0.9092 acc=0.7724
[ep 070] val_sel AUC=0.9074 acc=0.7951
[ep 071] val_sel AUC=0.9145 acc=0.8000
[ep 072] val_sel AUC=0.9148 acc=0.8074
[ep 073] val_sel AUC=0.9133 acc=0.8079
[ep 074] val_sel AUC=0.9123 acc=0.7942
[ep 075] val_sel AUC=0.9166 acc=0.8000
[ep 076] val_sel AUC=0.9127 acc=0.8002
[ep 077] val_sel AUC=0.9169 acc=0.8009
[ep 078] val_sel AUC=0.9169 acc=0.8092
[ep 079] val_sel AUC=0.9185 acc=0.8094
[ep 080] val_sel AUC=0.9142 acc=0.8123
[ep 081] val_sel AUC=0.9153 acc=0.8110
[ep 082] val_sel AUC=0.9161 acc=0.8029
[ep 083] val_sel AUC=0.9161 acc=0.8119
[ep 084] val_sel AUC=0.9173 acc=0.8198
[ep 085] val_sel AUC=0.9135 acc=0.8119
[ep 086] val_sel AUC=0.9171 acc=0.8166
[ep 087] val_sel AUC=0.9178 acc=0.8177
[ep 088] val_sel AUC=0.9158 acc=0.8072
[ep 089] val_sel AUC=0.9180 acc=0.8202
[ep 090] val_sel AUC=0.9162 acc=0.8114
[ep 091] val_sel AUC=0.9170 acc=0.8135
[ep 092] val_sel AUC=0.9168 acc=0.8150
[ep 093] val_sel AUC=0.9167 acc=0.8162
[ep 094] val_sel AUC=0.9167 acc=0.8130
[ep 095] val_sel AUC=0.9169 acc=0.8144
[ep 096] val_sel AUC=0.9168 acc=0.8141
============================================================
TEST (best val_sel epoch, held-out, evaluated once)
============================================================
[DONE-QPE2] embed=skew48 model_II N=250 seed=44 test_AUC=0.9262 val_sel_AUC=0.9185 per_class=(axion=0.9439 cdm=0.8609 no_sub=0.9739) params=203508 embed_params=49 R_frob_drift=1.2302038669586182
