[INFO] QPE2 D=64 P=8 depth=4 | embed=skew48 | data=model_III N/class=250 seed=56 split_seed=0 | params=203508 embed_params=49 lr=0.001 epochs=96 bs=32 | train(750, 64, 64) val_sel(4469, 64, 64) test(4470, 64, 64) device=cuda
[ep 001] val_sel AUC=0.6206 acc=0.3433
[ep 002] val_sel AUC=0.6146 acc=0.3433
[ep 003] val_sel AUC=0.6229 acc=0.3283
[ep 004] val_sel AUC=0.6361 acc=0.3289
[ep 005] val_sel AUC=0.6482 acc=0.3285
[ep 006] val_sel AUC=0.6437 acc=0.3433
[ep 007] val_sel AUC=0.6317 acc=0.3433
[ep 008] val_sel AUC=0.5696 acc=0.3529
[ep 009] val_sel AUC=0.5995 acc=0.3486
[ep 010] val_sel AUC=0.6311 acc=0.3808
[ep 011] val_sel AUC=0.5843 acc=0.3403
[ep 012] val_sel AUC=0.6510 acc=0.4372
[ep 013] val_sel AUC=0.6952 acc=0.5097
[ep 014] val_sel AUC=0.7495 acc=0.5276
[ep 015] val_sel AUC=0.7682 acc=0.5453
[ep 016] val_sel AUC=0.8045 acc=0.5558
[ep 017] val_sel AUC=0.8169 acc=0.5905
[ep 018] val_sel AUC=0.8161 acc=0.6380
[ep 019] val_sel AUC=0.8472 acc=0.6764
[ep 020] val_sel AUC=0.8613 acc=0.6984
[ep 021] val_sel AUC=0.8684 acc=0.7129
[ep 022] val_sel AUC=0.8707 acc=0.7205
[ep 023] val_sel AUC=0.8811 acc=0.7284
[ep 024] val_sel AUC=0.8766 acc=0.7386
[ep 025] val_sel AUC=0.9017 acc=0.7628
[ep 026] val_sel AUC=0.9050 acc=0.7691
[ep 027] val_sel AUC=0.9074 acc=0.7742
[ep 028] val_sel AUC=0.9119 acc=0.7908
[ep 029] val_sel AUC=0.9075 acc=0.7758
[ep 030] val_sel AUC=0.9109 acc=0.7816
[ep 031] val_sel AUC=0.9144 acc=0.7926
[ep 032] val_sel AUC=0.9137 acc=0.7897
[ep 033] val_sel AUC=0.9026 acc=0.7346
[ep 034] val_sel AUC=0.8765 acc=0.7042
[ep 035] val_sel AUC=0.8981 acc=0.7427
[ep 036] val_sel AUC=0.8676 acc=0.6746
[ep 037] val_sel AUC=0.9063 acc=0.7642
[ep 038] val_sel AUC=0.8765 acc=0.7275
[ep 039] val_sel AUC=0.9009 acc=0.7503
[ep 040] val_sel AUC=0.8974 acc=0.7548
[ep 041] val_sel AUC=0.8514 acc=0.6411
[ep 042] val_sel AUC=0.9074 acc=0.7655
[ep 043] val_sel AUC=0.8787 acc=0.7078
[ep 044] val_sel AUC=0.9086 acc=0.7718
[ep 045] val_sel AUC=0.9195 acc=0.7988
[ep 046] val_sel AUC=0.8833 acc=0.6798
[ep 047] val_sel AUC=0.9090 acc=0.7780
[ep 048] val_sel AUC=0.8951 acc=0.7639
[ep 049] val_sel AUC=0.9239 acc=0.8060
[ep 050] val_sel AUC=0.9018 acc=0.7550
[ep 051] val_sel AUC=0.8938 acc=0.7451
[ep 052] val_sel AUC=0.9134 acc=0.8000
[ep 053] val_sel AUC=0.9171 acc=0.7740
[ep 054] val_sel AUC=0.9201 acc=0.8015
[ep 055] val_sel AUC=0.9110 acc=0.7901
[ep 056] val_sel AUC=0.9193 acc=0.7778
[ep 057] val_sel AUC=0.8679 acc=0.7113
[ep 058] val_sel AUC=0.9219 acc=0.7932
[ep 059] val_sel AUC=0.9283 acc=0.8257
[ep 060] val_sel AUC=0.9159 acc=0.7675
[ep 061] val_sel AUC=0.9271 acc=0.7910
[ep 062] val_sel AUC=0.9155 acc=0.7856
[ep 063] val_sel AUC=0.9039 acc=0.7722
[ep 064] val_sel AUC=0.9194 acc=0.7979
[ep 065] val_sel AUC=0.9243 acc=0.7816
[ep 066] val_sel AUC=0.9321 acc=0.7753
[ep 067] val_sel AUC=0.9322 acc=0.8284
[ep 068] val_sel AUC=0.9284 acc=0.7872
[ep 069] val_sel AUC=0.9133 acc=0.7935
[ep 070] val_sel AUC=0.9287 acc=0.8194
[ep 071] val_sel AUC=0.9234 acc=0.8138
[ep 072] val_sel AUC=0.9362 acc=0.8331
[ep 073] val_sel AUC=0.9363 acc=0.8255
[ep 074] val_sel AUC=0.9348 acc=0.8179
[ep 075] val_sel AUC=0.9348 acc=0.8353
[ep 076] val_sel AUC=0.9346 acc=0.8275
[ep 077] val_sel AUC=0.9308 acc=0.8138
[ep 078] val_sel AUC=0.9291 acc=0.8324
[ep 079] val_sel AUC=0.9307 acc=0.8060
[ep 080] val_sel AUC=0.9255 acc=0.8044
[ep 081] val_sel AUC=0.9366 acc=0.8382
[ep 082] val_sel AUC=0.9354 acc=0.8380
[ep 083] val_sel AUC=0.9312 acc=0.8273
[ep 084] val_sel AUC=0.9353 acc=0.8311
[ep 085] val_sel AUC=0.9324 acc=0.8355
[ep 086] val_sel AUC=0.9375 acc=0.8335
[ep 087] val_sel AUC=0.9341 acc=0.8349
[ep 088] val_sel AUC=0.9370 acc=0.8391
[ep 089] val_sel AUC=0.9369 acc=0.8391
[ep 090] val_sel AUC=0.9363 acc=0.8384
[ep 091] val_sel AUC=0.9361 acc=0.8387
[ep 092] val_sel AUC=0.9364 acc=0.8384
[ep 093] val_sel AUC=0.9364 acc=0.8391
[ep 094] val_sel AUC=0.9362 acc=0.8371
[ep 095] val_sel AUC=0.9362 acc=0.8382
[ep 096] val_sel AUC=0.9362 acc=0.8380
============================================================
TEST (best val_sel epoch, held-out, evaluated once)
============================================================
[DONE-QPE2] embed=skew48 model_III N=250 seed=56 test_AUC=0.9346 val_sel_AUC=0.9375 per_class=(axion=0.9428 cdm=0.8778 no_sub=0.9831) params=203508 embed_params=49 R_frob_drift=1.3338053226470947
