[INFO] QPE2 D=64 P=8 depth=4 | embed=skew48 | data=model_III N/class=250 seed=43 split_seed=0 | params=203508 embed_params=49 lr=0.001 epochs=96 bs=32 | train(750, 64, 64) val_sel(4469, 64, 64) test(4470, 64, 64) device=cuda
[ep 001] val_sel AUC=0.4952 acc=0.3433
[ep 002] val_sel AUC=0.5107 acc=0.3433
[ep 003] val_sel AUC=0.5217 acc=0.3433
[ep 004] val_sel AUC=0.5244 acc=0.3283
[ep 005] val_sel AUC=0.5306 acc=0.3285
[ep 006] val_sel AUC=0.5288 acc=0.3285
[ep 007] val_sel AUC=0.5263 acc=0.3433
[ep 008] val_sel AUC=0.5331 acc=0.3444
[ep 009] val_sel AUC=0.5663 acc=0.3435
[ep 010] val_sel AUC=0.5991 acc=0.3685
[ep 011] val_sel AUC=0.6906 acc=0.4795
[ep 012] val_sel AUC=0.7318 acc=0.4914
[ep 013] val_sel AUC=0.7567 acc=0.5590
[ep 014] val_sel AUC=0.8107 acc=0.6397
[ep 015] val_sel AUC=0.7938 acc=0.5876
[ep 016] val_sel AUC=0.8470 acc=0.6829
[ep 017] val_sel AUC=0.8565 acc=0.7093
[ep 018] val_sel AUC=0.8309 acc=0.6769
[ep 019] val_sel AUC=0.8788 acc=0.7245
[ep 020] val_sel AUC=0.8388 acc=0.6230
[ep 021] val_sel AUC=0.8916 acc=0.7424
[ep 022] val_sel AUC=0.8946 acc=0.7646
[ep 023] val_sel AUC=0.8927 acc=0.7621
[ep 024] val_sel AUC=0.9039 acc=0.7572
[ep 025] val_sel AUC=0.9031 acc=0.7610
[ep 026] val_sel AUC=0.9138 acc=0.7874
[ep 027] val_sel AUC=0.9194 acc=0.8098
[ep 028] val_sel AUC=0.9204 acc=0.8087
[ep 029] val_sel AUC=0.9212 acc=0.8111
[ep 030] val_sel AUC=0.9227 acc=0.8201
[ep 031] val_sel AUC=0.9227 acc=0.8199
[ep 032] val_sel AUC=0.9228 acc=0.8192
[ep 033] val_sel AUC=0.7809 acc=0.6037
[ep 034] val_sel AUC=0.8723 acc=0.6538
[ep 035] val_sel AUC=0.8590 acc=0.7194
[ep 036] val_sel AUC=0.8879 acc=0.6838
[ep 037] val_sel AUC=0.8776 acc=0.7183
[ep 038] val_sel AUC=0.8903 acc=0.7272
[ep 039] val_sel AUC=0.8933 acc=0.7483
[ep 040] val_sel AUC=0.8919 acc=0.7205
[ep 041] val_sel AUC=0.8967 acc=0.7514
[ep 042] val_sel AUC=0.8958 acc=0.7315
[ep 043] val_sel AUC=0.9241 acc=0.7930
[ep 044] val_sel AUC=0.9171 acc=0.8062
[ep 045] val_sel AUC=0.8881 acc=0.6955
[ep 046] val_sel AUC=0.9087 acc=0.7753
[ep 047] val_sel AUC=0.9211 acc=0.7912
[ep 048] val_sel AUC=0.9293 acc=0.8176
[ep 049] val_sel AUC=0.9245 acc=0.8259
[ep 050] val_sel AUC=0.8734 acc=0.7288
[ep 051] val_sel AUC=0.8970 acc=0.6923
[ep 052] val_sel AUC=0.9205 acc=0.7979
[ep 053] val_sel AUC=0.9123 acc=0.7771
[ep 054] val_sel AUC=0.9202 acc=0.7803
[ep 055] val_sel AUC=0.9210 acc=0.7736
[ep 056] val_sel AUC=0.9241 acc=0.8096
[ep 057] val_sel AUC=0.9322 acc=0.8232
[ep 058] val_sel AUC=0.9060 acc=0.7657
[ep 059] val_sel AUC=0.9102 acc=0.7767
[ep 060] val_sel AUC=0.9041 acc=0.7740
[ep 061] val_sel AUC=0.9123 acc=0.7736
[ep 062] val_sel AUC=0.9268 acc=0.7966
[ep 063] val_sel AUC=0.9350 acc=0.8304
[ep 064] val_sel AUC=0.9315 acc=0.8315
[ep 065] val_sel AUC=0.9294 acc=0.8337
[ep 066] val_sel AUC=0.9356 acc=0.8409
[ep 067] val_sel AUC=0.9320 acc=0.8317
[ep 068] val_sel AUC=0.9335 acc=0.8369
[ep 069] val_sel AUC=0.9283 acc=0.8275
[ep 070] val_sel AUC=0.9237 acc=0.8123
[ep 071] val_sel AUC=0.9343 acc=0.8380
[ep 072] val_sel AUC=0.9353 acc=0.8407
[ep 073] val_sel AUC=0.9342 acc=0.8402
[ep 074] val_sel AUC=0.9355 acc=0.8431
[ep 075] val_sel AUC=0.9349 acc=0.8418
[ep 076] val_sel AUC=0.9338 acc=0.8355
[ep 077] val_sel AUC=0.9250 acc=0.8183
[ep 078] val_sel AUC=0.9297 acc=0.8371
[ep 079] val_sel AUC=0.9346 acc=0.8342
[ep 080] val_sel AUC=0.9344 acc=0.8492
[ep 081] val_sel AUC=0.9372 acc=0.8458
[ep 082] val_sel AUC=0.9320 acc=0.8481
[ep 083] val_sel AUC=0.9308 acc=0.8393
[ep 084] val_sel AUC=0.9321 acc=0.8490
[ep 085] val_sel AUC=0.9336 acc=0.8467
[ep 086] val_sel AUC=0.9308 acc=0.8461
[ep 087] val_sel AUC=0.9323 acc=0.8485
[ep 088] val_sel AUC=0.9332 acc=0.8447
[ep 089] val_sel AUC=0.9305 acc=0.8505
[ep 090] val_sel AUC=0.9312 acc=0.8510
[ep 091] val_sel AUC=0.9313 acc=0.8512
[ep 092] val_sel AUC=0.9308 acc=0.8512
[ep 093] val_sel AUC=0.9310 acc=0.8505
[ep 094] val_sel AUC=0.9312 acc=0.8512
[ep 095] val_sel AUC=0.9311 acc=0.8514
[ep 096] val_sel AUC=0.9311 acc=0.8507
============================================================
TEST (best val_sel epoch, held-out, evaluated once)
============================================================
[DONE-QPE2] embed=skew48 model_III N=250 seed=43 test_AUC=0.9384 val_sel_AUC=0.9372 per_class=(axion=0.9457 cdm=0.8890 no_sub=0.9806) params=203508 embed_params=49 R_frob_drift=1.2658909559249878
