[INFO] QPE2 D=64 P=8 depth=4 | embed=skew48 | data=model_III N/class=100 seed=44 split_seed=0 | params=203508 embed_params=49 lr=0.001 epochs=96 bs=32 | train(300, 64, 64) val_sel(4469, 64, 64) test(4470, 64, 64) device=cuda
[ep 001] val_sel AUC=0.5223 acc=0.3285
[ep 002] val_sel AUC=0.5041 acc=0.3233
[ep 003] val_sel AUC=0.5104 acc=0.3283
[ep 004] val_sel AUC=0.5132 acc=0.3285
[ep 005] val_sel AUC=0.5166 acc=0.3283
[ep 006] val_sel AUC=0.5193 acc=0.3433
[ep 007] val_sel AUC=0.5211 acc=0.3372
[ep 008] val_sel AUC=0.5247 acc=0.3339
[ep 009] val_sel AUC=0.5251 acc=0.3433
[ep 010] val_sel AUC=0.5264 acc=0.3433
[ep 011] val_sel AUC=0.5247 acc=0.3303
[ep 012] val_sel AUC=0.5223 acc=0.3283
[ep 013] val_sel AUC=0.5210 acc=0.3433
[ep 014] val_sel AUC=0.5235 acc=0.3283
[ep 015] val_sel AUC=0.5229 acc=0.3305
[ep 016] val_sel AUC=0.5242 acc=0.3433
[ep 017] val_sel AUC=0.5264 acc=0.3356
[ep 018] val_sel AUC=0.5292 acc=0.3511
[ep 019] val_sel AUC=0.5313 acc=0.3620
[ep 020] val_sel AUC=0.5368 acc=0.3791
[ep 021] val_sel AUC=0.5416 acc=0.3421
[ep 022] val_sel AUC=0.5462 acc=0.3829
[ep 023] val_sel AUC=0.5509 acc=0.3683
[ep 024] val_sel AUC=0.5551 acc=0.3600
[ep 025] val_sel AUC=0.5652 acc=0.3862
[ep 026] val_sel AUC=0.5713 acc=0.3817
[ep 027] val_sel AUC=0.5749 acc=0.3867
[ep 028] val_sel AUC=0.5772 acc=0.3882
[ep 029] val_sel AUC=0.5779 acc=0.3784
[ep 030] val_sel AUC=0.5786 acc=0.3858
[ep 031] val_sel AUC=0.5788 acc=0.3842
[ep 032] val_sel AUC=0.5790 acc=0.3869
[ep 033] val_sel AUC=0.5720 acc=0.3424
[ep 034] val_sel AUC=0.6442 acc=0.3685
[ep 035] val_sel AUC=0.6413 acc=0.4196
[ep 036] val_sel AUC=0.6012 acc=0.3706
[ep 037] val_sel AUC=0.6111 acc=0.3535
[ep 038] val_sel AUC=0.6403 acc=0.4337
[ep 039] val_sel AUC=0.6870 acc=0.4815
[ep 040] val_sel AUC=0.7044 acc=0.5017
[ep 041] val_sel AUC=0.6892 acc=0.4876
[ep 042] val_sel AUC=0.7009 acc=0.4791
[ep 043] val_sel AUC=0.7245 acc=0.4959
[ep 044] val_sel AUC=0.7511 acc=0.5715
[ep 045] val_sel AUC=0.6918 acc=0.5299
[ep 046] val_sel AUC=0.7710 acc=0.5630
[ep 047] val_sel AUC=0.7490 acc=0.5446
[ep 048] val_sel AUC=0.7614 acc=0.5782
[ep 049] val_sel AUC=0.7657 acc=0.5791
[ep 050] val_sel AUC=0.7910 acc=0.6035
[ep 051] val_sel AUC=0.7870 acc=0.5948
[ep 052] val_sel AUC=0.7996 acc=0.6024
[ep 053] val_sel AUC=0.7932 acc=0.6086
[ep 054] val_sel AUC=0.8149 acc=0.6221
[ep 055] val_sel AUC=0.7937 acc=0.5889
[ep 056] val_sel AUC=0.8126 acc=0.6525
[ep 057] val_sel AUC=0.7788 acc=0.5632
[ep 058] val_sel AUC=0.8281 acc=0.6543
[ep 059] val_sel AUC=0.8159 acc=0.6547
[ep 060] val_sel AUC=0.7925 acc=0.5522
[ep 061] val_sel AUC=0.8235 acc=0.6377
[ep 062] val_sel AUC=0.7772 acc=0.5706
[ep 063] val_sel AUC=0.8209 acc=0.6670
[ep 064] val_sel AUC=0.8231 acc=0.6438
[ep 065] val_sel AUC=0.8308 acc=0.6675
[ep 066] val_sel AUC=0.8128 acc=0.6154
[ep 067] val_sel AUC=0.8375 acc=0.6644
[ep 068] val_sel AUC=0.8346 acc=0.6849
[ep 069] val_sel AUC=0.8508 acc=0.6984
[ep 070] val_sel AUC=0.8413 acc=0.6912
[ep 071] val_sel AUC=0.8491 acc=0.6829
[ep 072] val_sel AUC=0.8521 acc=0.6887
[ep 073] val_sel AUC=0.8497 acc=0.7011
[ep 074] val_sel AUC=0.8514 acc=0.6964
[ep 075] val_sel AUC=0.8467 acc=0.6867
[ep 076] val_sel AUC=0.8500 acc=0.7028
[ep 077] val_sel AUC=0.8649 acc=0.7219
[ep 078] val_sel AUC=0.8633 acc=0.7145
[ep 079] val_sel AUC=0.8643 acc=0.7172
[ep 080] val_sel AUC=0.8536 acc=0.6984
[ep 081] val_sel AUC=0.8546 acc=0.6975
[ep 082] val_sel AUC=0.8654 acc=0.7113
[ep 083] val_sel AUC=0.8523 acc=0.6934
[ep 084] val_sel AUC=0.8650 acc=0.7145
[ep 085] val_sel AUC=0.8636 acc=0.7143
[ep 086] val_sel AUC=0.8637 acc=0.7131
[ep 087] val_sel AUC=0.8625 acc=0.7093
[ep 088] val_sel AUC=0.8649 acc=0.7100
[ep 089] val_sel AUC=0.8640 acc=0.7089
[ep 090] val_sel AUC=0.8643 acc=0.7091
[ep 091] val_sel AUC=0.8645 acc=0.7098
[ep 092] val_sel AUC=0.8639 acc=0.7096
[ep 093] val_sel AUC=0.8640 acc=0.7098
[ep 094] val_sel AUC=0.8641 acc=0.7111
[ep 095] val_sel AUC=0.8641 acc=0.7100
[ep 096] val_sel AUC=0.8641 acc=0.7100
============================================================
TEST (best val_sel epoch, held-out, evaluated once)
============================================================
[DONE-QPE2] embed=skew48 model_III N=100 seed=44 test_AUC=0.8618 val_sel_AUC=0.8654 per_class=(axion=0.9260 cdm=0.7463 no_sub=0.9130) params=203508 embed_params=49 R_frob_drift=1.2992523908615112
