[INFO] QPE2 D=64 P=8 depth=4 | embed=skew48 | data=model_III N/class=100 seed=50 split_seed=0 | params=203508 embed_params=49 lr=0.001 epochs=96 bs=32 | train(300, 64, 64) val_sel(4469, 64, 64) test(4470, 64, 64) device=cuda
[ep 001] val_sel AUC=0.5356 acc=0.3283
[ep 002] val_sel AUC=0.5314 acc=0.3433
[ep 003] val_sel AUC=0.5416 acc=0.3283
[ep 004] val_sel AUC=0.5398 acc=0.3433
[ep 005] val_sel AUC=0.5460 acc=0.3748
[ep 006] val_sel AUC=0.5457 acc=0.3435
[ep 007] val_sel AUC=0.5442 acc=0.3433
[ep 008] val_sel AUC=0.5445 acc=0.3285
[ep 009] val_sel AUC=0.5443 acc=0.3433
[ep 010] val_sel AUC=0.5414 acc=0.3441
[ep 011] val_sel AUC=0.5347 acc=0.3292
[ep 012] val_sel AUC=0.5307 acc=0.3365
[ep 013] val_sel AUC=0.5276 acc=0.3500
[ep 014] val_sel AUC=0.5253 acc=0.3477
[ep 015] val_sel AUC=0.5245 acc=0.3457
[ep 016] val_sel AUC=0.5250 acc=0.3464
[ep 017] val_sel AUC=0.5245 acc=0.3437
[ep 018] val_sel AUC=0.5257 acc=0.3437
[ep 019] val_sel AUC=0.5276 acc=0.3580
[ep 020] val_sel AUC=0.5298 acc=0.3614
[ep 021] val_sel AUC=0.5448 acc=0.3524
[ep 022] val_sel AUC=0.5452 acc=0.3540
[ep 023] val_sel AUC=0.5732 acc=0.3620
[ep 024] val_sel AUC=0.5791 acc=0.4149
[ep 025] val_sel AUC=0.5813 acc=0.3723
[ep 026] val_sel AUC=0.5920 acc=0.4263
[ep 027] val_sel AUC=0.6024 acc=0.4435
[ep 028] val_sel AUC=0.6020 acc=0.4522
[ep 029] val_sel AUC=0.6110 acc=0.4601
[ep 030] val_sel AUC=0.6161 acc=0.4618
[ep 031] val_sel AUC=0.6178 acc=0.4643
[ep 032] val_sel AUC=0.6185 acc=0.4643
[ep 033] val_sel AUC=0.5813 acc=0.3285
[ep 034] val_sel AUC=0.5576 acc=0.3283
[ep 035] val_sel AUC=0.5593 acc=0.3459
[ep 036] val_sel AUC=0.5537 acc=0.3701
[ep 037] val_sel AUC=0.5606 acc=0.3703
[ep 038] val_sel AUC=0.5619 acc=0.3730
[ep 039] val_sel AUC=0.5592 acc=0.3706
[ep 040] val_sel AUC=0.5605 acc=0.3703
[ep 041] val_sel AUC=0.5593 acc=0.3674
[ep 042] val_sel AUC=0.5680 acc=0.3817
[ep 043] val_sel AUC=0.5753 acc=0.3690
[ep 044] val_sel AUC=0.5771 acc=0.3806
[ep 045] val_sel AUC=0.5820 acc=0.3820
[ep 046] val_sel AUC=0.5898 acc=0.3923
[ep 047] val_sel AUC=0.5987 acc=0.4030
[ep 048] val_sel AUC=0.6100 acc=0.3952
[ep 049] val_sel AUC=0.6339 acc=0.4135
[ep 050] val_sel AUC=0.6570 acc=0.4668
[ep 051] val_sel AUC=0.6640 acc=0.4813
[ep 052] val_sel AUC=0.6827 acc=0.4988
[ep 053] val_sel AUC=0.6724 acc=0.4838
[ep 054] val_sel AUC=0.6845 acc=0.4818
[ep 055] val_sel AUC=0.7085 acc=0.4918
[ep 056] val_sel AUC=0.7052 acc=0.5142
[ep 057] val_sel AUC=0.7640 acc=0.5529
[ep 058] val_sel AUC=0.7730 acc=0.5928
[ep 059] val_sel AUC=0.7936 acc=0.6317
[ep 060] val_sel AUC=0.8051 acc=0.6375
[ep 061] val_sel AUC=0.7738 acc=0.5520
[ep 062] val_sel AUC=0.8230 acc=0.6809
[ep 063] val_sel AUC=0.7762 acc=0.5849
[ep 064] val_sel AUC=0.8057 acc=0.6254
[ep 065] val_sel AUC=0.7973 acc=0.6093
[ep 066] val_sel AUC=0.8291 acc=0.6816
[ep 067] val_sel AUC=0.8157 acc=0.6567
[ep 068] val_sel AUC=0.8467 acc=0.7107
[ep 069] val_sel AUC=0.8586 acc=0.7122
[ep 070] val_sel AUC=0.8260 acc=0.6729
[ep 071] val_sel AUC=0.8488 acc=0.7154
[ep 072] val_sel AUC=0.8498 acc=0.7053
[ep 073] val_sel AUC=0.8536 acc=0.7100
[ep 074] val_sel AUC=0.8448 acc=0.7053
[ep 075] val_sel AUC=0.8451 acc=0.6901
[ep 076] val_sel AUC=0.8685 acc=0.7317
[ep 077] val_sel AUC=0.8553 acc=0.7102
[ep 078] val_sel AUC=0.8456 acc=0.6847
[ep 079] val_sel AUC=0.8600 acc=0.7104
[ep 080] val_sel AUC=0.8613 acc=0.7355
[ep 081] val_sel AUC=0.8668 acc=0.7290
[ep 082] val_sel AUC=0.8667 acc=0.7409
[ep 083] val_sel AUC=0.8730 acc=0.7427
[ep 084] val_sel AUC=0.8653 acc=0.7263
[ep 085] val_sel AUC=0.8727 acc=0.7518
[ep 086] val_sel AUC=0.8697 acc=0.7420
[ep 087] val_sel AUC=0.8700 acc=0.7395
[ep 088] val_sel AUC=0.8731 acc=0.7516
[ep 089] val_sel AUC=0.8701 acc=0.7474
[ep 090] val_sel AUC=0.8702 acc=0.7480
[ep 091] val_sel AUC=0.8718 acc=0.7505
[ep 092] val_sel AUC=0.8698 acc=0.7492
[ep 093] val_sel AUC=0.8691 acc=0.7474
[ep 094] val_sel AUC=0.8705 acc=0.7503
[ep 095] val_sel AUC=0.8706 acc=0.7510
[ep 096] val_sel AUC=0.8705 acc=0.7503
============================================================
TEST (best val_sel epoch, held-out, evaluated once)
============================================================
[DONE-QPE2] embed=skew48 model_III N=100 seed=50 test_AUC=0.8719 val_sel_AUC=0.8731 per_class=(axion=0.9197 cdm=0.7548 no_sub=0.9412) params=203508 embed_params=49 R_frob_drift=0.7047680020332336
