[INFO] QOVT-ABLATION D=64 P=8 depth=4 | mode=quantum circuit=butterfly | data=model_III N/class=500 seed=49 split_seed=0 | params=143619 attn_params=1536 qlr=None lr=0.001 | train(1500, 64, 64) val_sel(4469, 64, 64) test(4470, 64, 64) device=cuda
[ep 001] val_sel AUC=0.5133 acc=0.3285
[ep 002] val_sel AUC=0.5125 acc=0.3285
[ep 003] val_sel AUC=0.5144 acc=0.3283
[ep 004] val_sel AUC=0.5144 acc=0.3283
[ep 005] val_sel AUC=0.5141 acc=0.3283
[ep 006] val_sel AUC=0.5129 acc=0.3433
[ep 007] val_sel AUC=0.5128 acc=0.3433
[ep 008] val_sel AUC=0.5133 acc=0.3283
[ep 009] val_sel AUC=0.5133 acc=0.3283
[ep 010] val_sel AUC=0.5132 acc=0.3283
[ep 011] val_sel AUC=0.5143 acc=0.3283
[ep 012] val_sel AUC=0.5117 acc=0.3285
[ep 013] val_sel AUC=0.5137 acc=0.3283
[ep 014] val_sel AUC=0.5115 acc=0.3285
[ep 015] val_sel AUC=0.5126 acc=0.3433
[ep 016] val_sel AUC=0.5124 acc=0.3283
[ep 017] val_sel AUC=0.5104 acc=0.3285
[ep 018] val_sel AUC=0.5117 acc=0.3283
[ep 019] val_sel AUC=0.5115 acc=0.3283
[ep 020] val_sel AUC=0.5106 acc=0.3433
[ep 021] val_sel AUC=0.5108 acc=0.3285
[ep 022] val_sel AUC=0.5125 acc=0.3283
[ep 023] val_sel AUC=0.5124 acc=0.3283
[ep 024] val_sel AUC=0.5109 acc=0.3433
[ep 025] val_sel AUC=0.5119 acc=0.3283
[ep 026] val_sel AUC=0.5117 acc=0.3283
[ep 027] val_sel AUC=0.5115 acc=0.3433
[ep 028] val_sel AUC=0.5114 acc=0.3433
[ep 029] val_sel AUC=0.5111 acc=0.3285
[ep 030] val_sel AUC=0.5111 acc=0.3285
============================================================
TEST (best val_sel epoch, held-out, evaluated once)
============================================================
TEST AUC : 0.5137  acc 0.3365  f1 0.1678  axion_recall 0.0000
[DONE-QOVT-ABLATION] mode=quantum model_III N=500 seed=49 test_AUC=0.5137 val_sel_AUC=0.5144 per_class=(axion=0.5099 cdm=0.5131 no_sub=0.5181) params=143619 attn_params=1536
