[INFO] QOVT-ABLATION D=64 P=8 depth=4 | mode=quantum circuit=butterfly | data=model_II N/class=500 seed=48 split_seed=0 | params=143619 attn_params=1536 qlr=None lr=0.001 | train(1500, 64, 64) val_sel(4455, 64, 64) test(4455, 64, 64) device=cuda
[ep 001] val_sel AUC=0.5051 acc=0.3473
[ep 002] val_sel AUC=0.5054 acc=0.3473
[ep 003] val_sel AUC=0.5033 acc=0.3237
[ep 004] val_sel AUC=0.5003 acc=0.3237
[ep 005] val_sel AUC=0.5002 acc=0.3237
[ep 006] val_sel AUC=0.5043 acc=0.3473
[ep 007] val_sel AUC=0.5058 acc=0.3291
[ep 008] val_sel AUC=0.5052 acc=0.3473
[ep 009] val_sel AUC=0.5051 acc=0.3237
[ep 010] val_sel AUC=0.5052 acc=0.3237
[ep 011] val_sel AUC=0.5076 acc=0.3473
[ep 012] val_sel AUC=0.5081 acc=0.3473
[ep 013] val_sel AUC=0.5079 acc=0.3291
[ep 014] val_sel AUC=0.5074 acc=0.3291
[ep 015] val_sel AUC=0.5074 acc=0.3291
[ep 016] val_sel AUC=0.5067 acc=0.3473
[ep 017] val_sel AUC=0.5072 acc=0.3473
[ep 018] val_sel AUC=0.5079 acc=0.3291
[ep 019] val_sel AUC=0.5068 acc=0.3237
[ep 020] val_sel AUC=0.5067 acc=0.3473
[ep 021] val_sel AUC=0.5071 acc=0.3237
[ep 022] val_sel AUC=0.5062 acc=0.3291
[ep 023] val_sel AUC=0.5055 acc=0.3237
[ep 024] val_sel AUC=0.5041 acc=0.3291
[ep 025] val_sel AUC=0.4940 acc=0.3396
[ep 026] val_sel AUC=0.4977 acc=0.3201
[ep 027] val_sel AUC=0.4959 acc=0.3071
[ep 028] val_sel AUC=0.5001 acc=0.3241
[ep 029] val_sel AUC=0.4999 acc=0.3423
[ep 030] val_sel AUC=0.5001 acc=0.3439
============================================================
TEST (best val_sel epoch, held-out, evaluated once)
============================================================
TEST AUC : 0.5113  acc 0.3210  f1 0.1620  axion_recall 0.0000
[DONE-QOVT-ABLATION] mode=quantum model_II N=500 seed=48 test_AUC=0.5113 val_sel_AUC=0.5081 per_class=(axion=0.5082 cdm=0.5065 no_sub=0.5193) params=143619 attn_params=1536
