[INFO] QOVT-ABLATION D=64 P=8 depth=4 | mode=quantum circuit=butterfly | data=model_III N/class=500 seed=45 split_seed=0 | params=143619 attn_params=1536 qlr=None lr=0.001 | train(1500, 64, 64) val_sel(4469, 64, 64) test(4470, 64, 64) device=cuda
[ep 001] val_sel AUC=0.4407 acc=0.3433
[ep 002] val_sel AUC=0.4384 acc=0.3285
[ep 003] val_sel AUC=0.4358 acc=0.3285
[ep 004] val_sel AUC=0.4322 acc=0.3433
[ep 005] val_sel AUC=0.4396 acc=0.3283
[ep 006] val_sel AUC=0.4333 acc=0.3433
[ep 007] val_sel AUC=0.4372 acc=0.3285
[ep 008] val_sel AUC=0.4353 acc=0.3285
[ep 009] val_sel AUC=0.4374 acc=0.3283
[ep 010] val_sel AUC=0.4364 acc=0.3283
[ep 011] val_sel AUC=0.4427 acc=0.3283
[ep 012] val_sel AUC=0.4430 acc=0.3283
[ep 013] val_sel AUC=0.4444 acc=0.3283
[ep 014] val_sel AUC=0.4433 acc=0.3285
[ep 015] val_sel AUC=0.4410 acc=0.3433
[ep 016] val_sel AUC=0.4447 acc=0.3283
[ep 017] val_sel AUC=0.4458 acc=0.3285
[ep 018] val_sel AUC=0.4470 acc=0.3285
[ep 019] val_sel AUC=0.4474 acc=0.3283
[ep 020] val_sel AUC=0.4484 acc=0.3433
[ep 021] val_sel AUC=0.4497 acc=0.3285
[ep 022] val_sel AUC=0.4505 acc=0.3433
[ep 023] val_sel AUC=0.4511 acc=0.3433
[ep 024] val_sel AUC=0.4521 acc=0.3283
[ep 025] val_sel AUC=0.4525 acc=0.3285
[ep 026] val_sel AUC=0.4529 acc=0.3285
[ep 027] val_sel AUC=0.4530 acc=0.3283
[ep 028] val_sel AUC=0.4525 acc=0.3285
[ep 029] val_sel AUC=0.4532 acc=0.3285
[ep 030] val_sel AUC=0.4529 acc=0.3285
============================================================
TEST (best val_sel epoch, held-out, evaluated once)
============================================================
TEST AUC : 0.4582  acc 0.3447  f1 0.1709  axion_recall 1.0000
[DONE-QOVT-ABLATION] mode=quantum model_III N=500 seed=45 test_AUC=0.4582 val_sel_AUC=0.4532 per_class=(axion=0.4585 cdm=0.4978 no_sub=0.4182) params=143619 attn_params=1536
