[INFO] QOVT-ABLATION D=64 P=8 depth=4 | mode=quantum circuit=butterfly | data=model_II N/class=500 seed=44 split_seed=0 | params=143619 attn_params=1536 qlr=None lr=0.001 | train(1500, 64, 64) val_sel(4455, 64, 64) test(4455, 64, 64) device=cuda
[ep 001] val_sel AUC=0.5533 acc=0.3237
[ep 002] val_sel AUC=0.5611 acc=0.3237
[ep 003] val_sel AUC=0.5622 acc=0.3237
[ep 004] val_sel AUC=0.5608 acc=0.3237
[ep 005] val_sel AUC=0.5627 acc=0.3291
[ep 006] val_sel AUC=0.5635 acc=0.3291
[ep 007] val_sel AUC=0.5598 acc=0.3473
[ep 008] val_sel AUC=0.5628 acc=0.3473
[ep 009] val_sel AUC=0.5621 acc=0.3237
[ep 010] val_sel AUC=0.5626 acc=0.3291
[ep 011] val_sel AUC=0.5638 acc=0.3291
[ep 012] val_sel AUC=0.5589 acc=0.3237
[ep 013] val_sel AUC=0.5621 acc=0.3291
[ep 014] val_sel AUC=0.5581 acc=0.3473
[ep 015] val_sel AUC=0.5545 acc=0.3237
[ep 016] val_sel AUC=0.5526 acc=0.3473
[ep 017] val_sel AUC=0.5512 acc=0.3473
[ep 018] val_sel AUC=0.5497 acc=0.3291
[ep 019] val_sel AUC=0.5472 acc=0.3473
[ep 020] val_sel AUC=0.5454 acc=0.3237
[ep 021] val_sel AUC=0.5424 acc=0.3473
[ep 022] val_sel AUC=0.5406 acc=0.3237
[ep 023] val_sel AUC=0.5385 acc=0.3473
[ep 024] val_sel AUC=0.5366 acc=0.3473
[ep 025] val_sel AUC=0.5350 acc=0.3473
[ep 026] val_sel AUC=0.5335 acc=0.3320
[ep 027] val_sel AUC=0.5327 acc=0.3237
[ep 028] val_sel AUC=0.5321 acc=0.3237
[ep 029] val_sel AUC=0.5319 acc=0.3237
[ep 030] val_sel AUC=0.5318 acc=0.3237
============================================================
TEST (best val_sel epoch, held-out, evaluated once)
============================================================
TEST AUC : 0.5544  acc 0.3396  f1 0.1690  axion_recall 0.0000
[DONE-QOVT-ABLATION] mode=quantum model_II N=500 seed=44 test_AUC=0.5544 val_sel_AUC=0.5638 per_class=(axion=0.5592 cdm=0.4903 no_sub=0.6138) params=143619 attn_params=1536
