[INFO] QOVT-ABLATION D=64 P=8 depth=4 | mode=quantum circuit=butterfly | data=model_II N/class=500 seed=42 split_seed=0 | params=143619 attn_params=1536 qlr=None lr=0.001 | train(1500, 64, 64) val_sel(4455, 64, 64) test(4455, 64, 64) device=cuda
[ep 001] val_sel AUC=0.4752 acc=0.3473
[ep 002] val_sel AUC=0.4682 acc=0.3473
[ep 003] val_sel AUC=0.4660 acc=0.3473
[ep 004] val_sel AUC=0.4712 acc=0.3291
[ep 005] val_sel AUC=0.4726 acc=0.3291
[ep 006] val_sel AUC=0.4723 acc=0.3291
[ep 007] val_sel AUC=0.4728 acc=0.3291
[ep 008] val_sel AUC=0.4714 acc=0.3237
[ep 009] val_sel AUC=0.4711 acc=0.3237
[ep 010] val_sel AUC=0.4716 acc=0.3473
[ep 011] val_sel AUC=0.4699 acc=0.3237
[ep 012] val_sel AUC=0.4722 acc=0.3237
[ep 013] val_sel AUC=0.4750 acc=0.3473
[ep 014] val_sel AUC=0.4759 acc=0.3473
[ep 015] val_sel AUC=0.4772 acc=0.3237
[ep 016] val_sel AUC=0.4762 acc=0.3237
[ep 017] val_sel AUC=0.4774 acc=0.3237
[ep 018] val_sel AUC=0.4804 acc=0.3473
[ep 019] val_sel AUC=0.4830 acc=0.3291
[ep 020] val_sel AUC=0.4784 acc=0.3237
[ep 021] val_sel AUC=0.4825 acc=0.3473
[ep 022] val_sel AUC=0.4826 acc=0.3291
[ep 023] val_sel AUC=0.4823 acc=0.3237
[ep 024] val_sel AUC=0.4816 acc=0.3291
[ep 025] val_sel AUC=0.4829 acc=0.3237
[ep 026] val_sel AUC=0.4816 acc=0.3291
[ep 027] val_sel AUC=0.4825 acc=0.3291
[ep 028] val_sel AUC=0.4819 acc=0.3473
[ep 029] val_sel AUC=0.4829 acc=0.3473
[ep 030] val_sel AUC=0.4830 acc=0.3473
============================================================
TEST (best val_sel epoch, held-out, evaluated once)
============================================================
TEST AUC : 0.4861  acc 0.3210  f1 0.1620  axion_recall 0.0000
[DONE-QOVT-ABLATION] mode=quantum model_II N=500 seed=42 test_AUC=0.4861 val_sel_AUC=0.4830 per_class=(axion=0.4932 cdm=0.5293 no_sub=0.4358) params=143619 attn_params=1536
