[INFO] QOVT-ABLATION D=64 P=8 depth=4 | mode=quantum circuit=butterfly | data=model_II N/class=500 seed=43 split_seed=0 | params=143619 attn_params=1536 qlr=None lr=0.001 | train(1500, 64, 64) val_sel(4455, 64, 64) test(4455, 64, 64) device=cuda
[ep 001] val_sel AUC=0.4923 acc=0.3237
[ep 002] val_sel AUC=0.4931 acc=0.3237
[ep 003] val_sel AUC=0.4924 acc=0.3473
[ep 004] val_sel AUC=0.4935 acc=0.3473
[ep 005] val_sel AUC=0.4964 acc=0.3291
[ep 006] val_sel AUC=0.4977 acc=0.3291
[ep 007] val_sel AUC=0.4969 acc=0.3291
[ep 008] val_sel AUC=0.4969 acc=0.3291
[ep 009] val_sel AUC=0.4967 acc=0.3473
[ep 010] val_sel AUC=0.4968 acc=0.3237
[ep 011] val_sel AUC=0.4951 acc=0.3473
[ep 012] val_sel AUC=0.4972 acc=0.3291
[ep 013] val_sel AUC=0.4967 acc=0.3237
[ep 014] val_sel AUC=0.4949 acc=0.3473
[ep 015] val_sel AUC=0.4948 acc=0.3291
[ep 016] val_sel AUC=0.4952 acc=0.3473
[ep 017] val_sel AUC=0.4952 acc=0.3473
[ep 018] val_sel AUC=0.4971 acc=0.3237
[ep 019] val_sel AUC=0.4968 acc=0.3291
[ep 020] val_sel AUC=0.4965 acc=0.3473
[ep 021] val_sel AUC=0.4968 acc=0.3473
[ep 022] val_sel AUC=0.4972 acc=0.3237
[ep 023] val_sel AUC=0.4977 acc=0.3291
[ep 024] val_sel AUC=0.4975 acc=0.3473
[ep 025] val_sel AUC=0.4976 acc=0.3473
[ep 026] val_sel AUC=0.4978 acc=0.3237
[ep 027] val_sel AUC=0.4978 acc=0.3291
[ep 028] val_sel AUC=0.4979 acc=0.3237
[ep 029] val_sel AUC=0.4979 acc=0.3237
[ep 030] val_sel AUC=0.4979 acc=0.3237
============================================================
TEST (best val_sel epoch, held-out, evaluated once)
============================================================
TEST AUC : 0.4932  acc 0.3394  f1 0.1689  axion_recall 1.0000
[DONE-QOVT-ABLATION] mode=quantum model_II N=500 seed=43 test_AUC=0.4932 val_sel_AUC=0.4979 per_class=(axion=0.4883 cdm=0.4969 no_sub=0.4946) params=143619 attn_params=1536
