[INFO] QOVT-ABLATION D=64 P=8 depth=4 | mode=quantum circuit=butterfly | data=model_II N/class=500 seed=46 split_seed=0 | params=143619 attn_params=1536 qlr=None lr=0.001 | train(1500, 64, 64) val_sel(4455, 64, 64) test(4455, 64, 64) device=cuda
[ep 001] val_sel AUC=0.4463 acc=0.3237
[ep 002] val_sel AUC=0.4534 acc=0.3473
[ep 003] val_sel AUC=0.4476 acc=0.3473
[ep 004] val_sel AUC=0.4500 acc=0.3291
[ep 005] val_sel AUC=0.4456 acc=0.3237
[ep 006] val_sel AUC=0.4472 acc=0.3291
[ep 007] val_sel AUC=0.4488 acc=0.3291
[ep 008] val_sel AUC=0.4458 acc=0.3237
[ep 009] val_sel AUC=0.4480 acc=0.3291
[ep 010] val_sel AUC=0.4480 acc=0.3291
[ep 011] val_sel AUC=0.4539 acc=0.3473
[ep 012] val_sel AUC=0.4531 acc=0.3291
[ep 013] val_sel AUC=0.4556 acc=0.3291
[ep 014] val_sel AUC=0.4581 acc=0.3291
[ep 015] val_sel AUC=0.4574 acc=0.3291
[ep 016] val_sel AUC=0.4579 acc=0.3237
[ep 017] val_sel AUC=0.4608 acc=0.3473
[ep 018] val_sel AUC=0.4652 acc=0.3473
[ep 019] val_sel AUC=0.4632 acc=0.3473
[ep 020] val_sel AUC=0.4635 acc=0.3291
[ep 021] val_sel AUC=0.4635 acc=0.3237
[ep 022] val_sel AUC=0.4676 acc=0.3473
[ep 023] val_sel AUC=0.4652 acc=0.3237
[ep 024] val_sel AUC=0.4659 acc=0.3291
[ep 025] val_sel AUC=0.4668 acc=0.3473
[ep 026] val_sel AUC=0.4671 acc=0.3473
[ep 027] val_sel AUC=0.4671 acc=0.3473
[ep 028] val_sel AUC=0.4665 acc=0.3237
[ep 029] val_sel AUC=0.4669 acc=0.3237
[ep 030] val_sel AUC=0.4668 acc=0.3237
============================================================
TEST (best val_sel epoch, held-out, evaluated once)
============================================================
TEST AUC : 0.4800  acc 0.3210  f1 0.1620  axion_recall 0.0000
[DONE-QOVT-ABLATION] mode=quantum model_II N=500 seed=46 test_AUC=0.4800 val_sel_AUC=0.4676 per_class=(axion=0.4531 cdm=0.4892 no_sub=0.4976) params=143619 attn_params=1536
