[INFO] QOVT-ABLATION D=64 P=8 depth=4 | mode=quantum circuit=butterfly | data=model_II N/class=500 seed=50 split_seed=0 | params=143619 attn_params=1536 qlr=None lr=0.001 | train(1500, 64, 64) val_sel(4455, 64, 64) test(4455, 64, 64) device=cuda
[ep 001] val_sel AUC=0.4742 acc=0.3237
[ep 002] val_sel AUC=0.4668 acc=0.3291
[ep 003] val_sel AUC=0.4550 acc=0.3291
[ep 004] val_sel AUC=0.4584 acc=0.3237
[ep 005] val_sel AUC=0.4587 acc=0.3291
[ep 006] val_sel AUC=0.4618 acc=0.3473
[ep 007] val_sel AUC=0.4715 acc=0.3237
[ep 008] val_sel AUC=0.4701 acc=0.3473
[ep 009] val_sel AUC=0.4720 acc=0.3291
[ep 010] val_sel AUC=0.4730 acc=0.3237
[ep 011] val_sel AUC=0.4845 acc=0.3291
[ep 012] val_sel AUC=0.4908 acc=0.3237
[ep 013] val_sel AUC=0.4933 acc=0.3291
[ep 014] val_sel AUC=0.4980 acc=0.3237
[ep 015] val_sel AUC=0.5028 acc=0.3237
[ep 016] val_sel AUC=0.5039 acc=0.3291
[ep 017] val_sel AUC=0.5043 acc=0.3291
[ep 018] val_sel AUC=0.5074 acc=0.3237
[ep 019] val_sel AUC=0.5089 acc=0.3237
[ep 020] val_sel AUC=0.5099 acc=0.3291
[ep 021] val_sel AUC=0.5101 acc=0.3473
[ep 022] val_sel AUC=0.5101 acc=0.3473
[ep 023] val_sel AUC=0.5109 acc=0.3291
[ep 024] val_sel AUC=0.5071 acc=0.3473
[ep 025] val_sel AUC=0.5062 acc=0.3315
[ep 026] val_sel AUC=0.5082 acc=0.3569
[ep 027] val_sel AUC=0.5128 acc=0.3443
[ep 028] val_sel AUC=0.5138 acc=0.3497
[ep 029] val_sel AUC=0.5141 acc=0.3506
[ep 030] val_sel AUC=0.5142 acc=0.3466
============================================================
TEST (best val_sel epoch, held-out, evaluated once)
============================================================
TEST AUC : 0.5104  acc 0.3466  f1 0.3209  axion_recall 0.2983
[DONE-QOVT-ABLATION] mode=quantum model_II N=500 seed=50 test_AUC=0.5104 val_sel_AUC=0.5142 per_class=(axion=0.5162 cdm=0.5070 no_sub=0.5082) params=143619 attn_params=1536
