[INFO] QOVT-ABLATION D=64 P=8 depth=4 | mode=quantum circuit=butterfly | data=model_III N/class=500 seed=46 split_seed=0 | params=143619 attn_params=1536 qlr=None lr=0.001 | train(1500, 64, 64) val_sel(4469, 64, 64) test(4470, 64, 64) device=cuda
[ep 001] val_sel AUC=0.4538 acc=0.3285
[ep 002] val_sel AUC=0.4632 acc=0.3433
[ep 003] val_sel AUC=0.4497 acc=0.3433
[ep 004] val_sel AUC=0.4613 acc=0.3283
[ep 005] val_sel AUC=0.4528 acc=0.3285
[ep 006] val_sel AUC=0.4554 acc=0.3283
[ep 007] val_sel AUC=0.4583 acc=0.3283
[ep 008] val_sel AUC=0.4540 acc=0.3285
[ep 009] val_sel AUC=0.4570 acc=0.3283
[ep 010] val_sel AUC=0.4564 acc=0.3283
[ep 011] val_sel AUC=0.4638 acc=0.3433
[ep 012] val_sel AUC=0.4676 acc=0.3283
[ep 013] val_sel AUC=0.4684 acc=0.3283
[ep 014] val_sel AUC=0.4714 acc=0.3283
[ep 015] val_sel AUC=0.4697 acc=0.3283
[ep 016] val_sel AUC=0.4666 acc=0.3285
[ep 017] val_sel AUC=0.4722 acc=0.3433
[ep 018] val_sel AUC=0.4810 acc=0.3433
[ep 019] val_sel AUC=0.4779 acc=0.3433
[ep 020] val_sel AUC=0.4826 acc=0.3283
[ep 021] val_sel AUC=0.4782 acc=0.3285
[ep 022] val_sel AUC=0.4835 acc=0.3433
[ep 023] val_sel AUC=0.4809 acc=0.3285
[ep 024] val_sel AUC=0.4843 acc=0.3283
[ep 025] val_sel AUC=0.4838 acc=0.3433
[ep 026] val_sel AUC=0.4838 acc=0.3433
[ep 027] val_sel AUC=0.4837 acc=0.3433
[ep 028] val_sel AUC=0.4838 acc=0.3285
[ep 029] val_sel AUC=0.4838 acc=0.3285
[ep 030] val_sel AUC=0.4837 acc=0.3285
============================================================
TEST (best val_sel epoch, held-out, evaluated once)
============================================================
TEST AUC : 0.4864  acc 0.3365  f1 0.1678  axion_recall 0.0000
[DONE-QOVT-ABLATION] mode=quantum model_III N=500 seed=46 test_AUC=0.4864 val_sel_AUC=0.4843 per_class=(axion=0.4733 cdm=0.4825 no_sub=0.5036) params=143619 attn_params=1536
