[INFO] QOVT-ABLATION D=64 P=8 depth=4 | mode=quantum circuit=butterfly | data=model_III N/class=500 seed=42 split_seed=0 | params=143619 attn_params=1536 qlr=None lr=0.001 | train(1500, 64, 64) val_sel(4469, 64, 64) test(4470, 64, 64) device=cuda
[ep 001] val_sel AUC=0.4872 acc=0.3433
[ep 002] val_sel AUC=0.4788 acc=0.3433
[ep 003] val_sel AUC=0.4803 acc=0.3433
[ep 004] val_sel AUC=0.4869 acc=0.3283
[ep 005] val_sel AUC=0.4864 acc=0.3283
[ep 006] val_sel AUC=0.4885 acc=0.3283
[ep 007] val_sel AUC=0.4886 acc=0.3283
[ep 008] val_sel AUC=0.4905 acc=0.3285
[ep 009] val_sel AUC=0.4913 acc=0.3285
[ep 010] val_sel AUC=0.4914 acc=0.3433
[ep 011] val_sel AUC=0.4960 acc=0.3285
[ep 012] val_sel AUC=0.5010 acc=0.3285
[ep 013] val_sel AUC=0.5037 acc=0.3433
[ep 014] val_sel AUC=0.5078 acc=0.3433
[ep 015] val_sel AUC=0.5128 acc=0.3285
[ep 016] val_sel AUC=0.5177 acc=0.3285
[ep 017] val_sel AUC=0.5179 acc=0.3285
[ep 018] val_sel AUC=0.5226 acc=0.3433
[ep 019] val_sel AUC=0.5198 acc=0.3283
[ep 020] val_sel AUC=0.5268 acc=0.3285
[ep 021] val_sel AUC=0.5288 acc=0.3433
[ep 022] val_sel AUC=0.5280 acc=0.3283
[ep 023] val_sel AUC=0.5304 acc=0.3285
[ep 024] val_sel AUC=0.5310 acc=0.3283
[ep 025] val_sel AUC=0.5318 acc=0.3285
[ep 026] val_sel AUC=0.5321 acc=0.3283
[ep 027] val_sel AUC=0.5334 acc=0.3283
[ep 028] val_sel AUC=0.5328 acc=0.3433
[ep 029] val_sel AUC=0.5334 acc=0.3433
[ep 030] val_sel AUC=0.5333 acc=0.3433
============================================================
TEST (best val_sel epoch, held-out, evaluated once)
============================================================
TEST AUC : 0.5278  acc 0.3188  f1 0.1612  axion_recall 0.0000
[DONE-QOVT-ABLATION] mode=quantum model_III N=500 seed=42 test_AUC=0.5278 val_sel_AUC=0.5334 per_class=(axion=0.5381 cdm=0.5900 no_sub=0.4553) params=143619 attn_params=1536
