[INFO] QOVT-ABLATION D=64 P=8 depth=4 | mode=quantum circuit=butterfly | data=model_II N/class=500 seed=47 split_seed=0 | params=143619 attn_params=1536 qlr=None lr=0.001 | train(1500, 64, 64) val_sel(4455, 64, 64) test(4455, 64, 64) device=cuda
[ep 001] val_sel AUC=0.5391 acc=0.3237
[ep 002] val_sel AUC=0.5570 acc=0.3237
[ep 003] val_sel AUC=0.5554 acc=0.3237
[ep 004] val_sel AUC=0.5607 acc=0.3237
[ep 005] val_sel AUC=0.5679 acc=0.3237
[ep 006] val_sel AUC=0.5682 acc=0.3237
[ep 007] val_sel AUC=0.5731 acc=0.3291
[ep 008] val_sel AUC=0.5707 acc=0.3237
[ep 009] val_sel AUC=0.5716 acc=0.3473
[ep 010] val_sel AUC=0.5717 acc=0.3291
[ep 011] val_sel AUC=0.5684 acc=0.3473
[ep 012] val_sel AUC=0.5760 acc=0.3473
[ep 013] val_sel AUC=0.5771 acc=0.3473
[ep 014] val_sel AUC=0.5784 acc=0.3291
[ep 015] val_sel AUC=0.5767 acc=0.3473
[ep 016] val_sel AUC=0.5756 acc=0.3473
[ep 017] val_sel AUC=0.5763 acc=0.3473
[ep 018] val_sel AUC=0.5751 acc=0.3473
[ep 019] val_sel AUC=0.5763 acc=0.3237
[ep 020] val_sel AUC=0.5762 acc=0.3291
[ep 021] val_sel AUC=0.5749 acc=0.3237
[ep 022] val_sel AUC=0.5755 acc=0.3291
[ep 023] val_sel AUC=0.5745 acc=0.3291
[ep 024] val_sel AUC=0.5747 acc=0.3291
[ep 025] val_sel AUC=0.5744 acc=0.3237
[ep 026] val_sel AUC=0.5741 acc=0.3473
[ep 027] val_sel AUC=0.5745 acc=0.3291
[ep 028] val_sel AUC=0.5744 acc=0.3473
[ep 029] val_sel AUC=0.5744 acc=0.3291
[ep 030] val_sel AUC=0.5744 acc=0.3291
============================================================
TEST (best val_sel epoch, held-out, evaluated once)
============================================================
TEST AUC : 0.5747  acc 0.3396  f1 0.1690  axion_recall 0.0000
[DONE-QOVT-ABLATION] mode=quantum model_II N=500 seed=47 test_AUC=0.5747 val_sel_AUC=0.5784 per_class=(axion=0.5845 cdm=0.5222 no_sub=0.6174) params=143619 attn_params=1536
