[INFO] QOVT-ABLATION D=64 P=8 depth=4 | mode=classical | data=model_III N/class=500 seed=43 split_seed=0 | params=207619 attn_params=65536 qlr=None lr=0.001 | train(1500, 64, 64) val_sel(4469, 64, 64) test(4470, 64, 64) device=cuda
[ep 001] val_sel AUC=0.4676 acc=0.3285
[ep 002] val_sel AUC=0.4842 acc=0.3433
[ep 003] val_sel AUC=0.4850 acc=0.3283
[ep 004] val_sel AUC=0.4990 acc=0.3285
[ep 005] val_sel AUC=0.5121 acc=0.3433
[ep 006] val_sel AUC=0.5132 acc=0.3285
[ep 007] val_sel AUC=0.5181 acc=0.3283
[ep 008] val_sel AUC=0.5213 acc=0.3433
[ep 009] val_sel AUC=0.5220 acc=0.3285
[ep 010] val_sel AUC=0.5223 acc=0.3285
[ep 011] val_sel AUC=0.5307 acc=0.3433
[ep 012] val_sel AUC=0.5397 acc=0.3502
[ep 013] val_sel AUC=0.5569 acc=0.3285
[ep 014] val_sel AUC=0.5606 acc=0.3285
[ep 015] val_sel AUC=0.5652 acc=0.3285
[ep 016] val_sel AUC=0.5732 acc=0.3285
[ep 017] val_sel AUC=0.5619 acc=0.3433
[ep 018] val_sel AUC=0.5472 acc=0.3433
[ep 019] val_sel AUC=0.5468 acc=0.3484
[ep 020] val_sel AUC=0.5584 acc=0.3614
[ep 021] val_sel AUC=0.5673 acc=0.3750
[ep 022] val_sel AUC=0.5804 acc=0.3761
[ep 023] val_sel AUC=0.5940 acc=0.3614
[ep 024] val_sel AUC=0.6091 acc=0.4381
[ep 025] val_sel AUC=0.6198 acc=0.4554
[ep 026] val_sel AUC=0.6369 acc=0.4410
[ep 027] val_sel AUC=0.6466 acc=0.4574
[ep 028] val_sel AUC=0.6571 acc=0.4777
[ep 029] val_sel AUC=0.6602 acc=0.4791
[ep 030] val_sel AUC=0.6607 acc=0.4797
============================================================
TEST (best val_sel epoch, held-out, evaluated once)
============================================================
TEST AUC : 0.6454  acc 0.4732  f1 0.4259  axion_recall 0.6567
[DONE-QOVT-ABLATION] mode=classical model_III N=500 seed=43 test_AUC=0.6454 val_sel_AUC=0.6607 per_class=(axion=0.7154 cdm=0.5691 no_sub=0.6517) params=207619 attn_params=65536
