[INFO] QOVT-ABLATION D=64 P=8 depth=4 | mode=classical | data=model_III N/class=500 seed=45 split_seed=0 | params=207619 attn_params=65536 qlr=None lr=0.001 | train(1500, 64, 64) val_sel(4469, 64, 64) test(4470, 64, 64) device=cuda
[ep 001] val_sel AUC=0.5239 acc=0.3283
[ep 002] val_sel AUC=0.5350 acc=0.3283
[ep 003] val_sel AUC=0.5395 acc=0.3283
[ep 004] val_sel AUC=0.5533 acc=0.3433
[ep 005] val_sel AUC=0.5600 acc=0.3433
[ep 006] val_sel AUC=0.5647 acc=0.3285
[ep 007] val_sel AUC=0.5694 acc=0.3433
[ep 008] val_sel AUC=0.5717 acc=0.3285
[ep 009] val_sel AUC=0.5723 acc=0.3433
[ep 010] val_sel AUC=0.5727 acc=0.3433
[ep 011] val_sel AUC=0.5787 acc=0.3433
[ep 012] val_sel AUC=0.5808 acc=0.3433
[ep 013] val_sel AUC=0.5809 acc=0.3433
[ep 014] val_sel AUC=0.5782 acc=0.3433
[ep 015] val_sel AUC=0.5882 acc=0.3285
[ep 016] val_sel AUC=0.5817 acc=0.3283
[ep 017] val_sel AUC=0.5777 acc=0.3433
[ep 018] val_sel AUC=0.5799 acc=0.3285
[ep 019] val_sel AUC=0.5808 acc=0.3283
[ep 020] val_sel AUC=0.5706 acc=0.3433
[ep 021] val_sel AUC=0.5702 acc=0.3285
[ep 022] val_sel AUC=0.5668 acc=0.3283
[ep 023] val_sel AUC=0.5659 acc=0.3285
[ep 024] val_sel AUC=0.5591 acc=0.3285
[ep 025] val_sel AUC=0.5561 acc=0.3283
[ep 026] val_sel AUC=0.5532 acc=0.3285
[ep 027] val_sel AUC=0.5503 acc=0.3285
[ep 028] val_sel AUC=0.5484 acc=0.3433
[ep 029] val_sel AUC=0.5479 acc=0.3439
[ep 030] val_sel AUC=0.5478 acc=0.3520
============================================================
TEST (best val_sel epoch, held-out, evaluated once)
============================================================
TEST AUC : 0.5905  acc 0.3447  f1 0.1709  axion_recall 1.0000
[DONE-QOVT-ABLATION] mode=classical model_III N=500 seed=45 test_AUC=0.5905 val_sel_AUC=0.5882 per_class=(axion=0.5681 cdm=0.5775 no_sub=0.6260) params=207619 attn_params=65536
