[INFO] QOVT-ABLATION D=64 P=8 depth=4 | mode=classical | data=model_III N/class=500 seed=48 split_seed=0 | params=207619 attn_params=65536 qlr=None lr=0.001 | train(1500, 64, 64) val_sel(4469, 64, 64) test(4470, 64, 64) device=cuda
[ep 001] val_sel AUC=0.5074 acc=0.3433
[ep 002] val_sel AUC=0.5165 acc=0.3285
[ep 003] val_sel AUC=0.5251 acc=0.3283
[ep 004] val_sel AUC=0.5302 acc=0.3433
[ep 005] val_sel AUC=0.5346 acc=0.3283
[ep 006] val_sel AUC=0.5375 acc=0.3285
[ep 007] val_sel AUC=0.5398 acc=0.3285
[ep 008] val_sel AUC=0.5411 acc=0.3356
[ep 009] val_sel AUC=0.5418 acc=0.3283
[ep 010] val_sel AUC=0.5420 acc=0.3361
[ep 011] val_sel AUC=0.5463 acc=0.3283
[ep 012] val_sel AUC=0.5577 acc=0.3285
[ep 013] val_sel AUC=0.5564 acc=0.3283
[ep 014] val_sel AUC=0.5668 acc=0.3283
[ep 015] val_sel AUC=0.5758 acc=0.3433
[ep 016] val_sel AUC=0.5715 acc=0.3285
[ep 017] val_sel AUC=0.5644 acc=0.3285
[ep 018] val_sel AUC=0.5641 acc=0.3433
[ep 019] val_sel AUC=0.5450 acc=0.3285
[ep 020] val_sel AUC=0.5669 acc=0.3433
[ep 021] val_sel AUC=0.5541 acc=0.3587
[ep 022] val_sel AUC=0.5503 acc=0.3283
[ep 023] val_sel AUC=0.5514 acc=0.3609
[ep 024] val_sel AUC=0.5553 acc=0.3723
[ep 025] val_sel AUC=0.5580 acc=0.3667
[ep 026] val_sel AUC=0.5611 acc=0.3674
[ep 027] val_sel AUC=0.5659 acc=0.3768
[ep 028] val_sel AUC=0.5684 acc=0.3824
[ep 029] val_sel AUC=0.5702 acc=0.3719
[ep 030] val_sel AUC=0.5709 acc=0.3764
============================================================
TEST (best val_sel epoch, held-out, evaluated once)
============================================================
TEST AUC : 0.5757  acc 0.3188  f1 0.1612  axion_recall 0.0000
[DONE-QOVT-ABLATION] mode=classical model_III N=500 seed=48 test_AUC=0.5757 val_sel_AUC=0.5758 per_class=(axion=0.6597 cdm=0.5235 no_sub=0.5438) params=207619 attn_params=65536
