[INFO] QOVT-ABLATION D=64 P=8 depth=4 | mode=classical | data=model_III N/class=500 seed=42 split_seed=0 | params=207619 attn_params=65536 qlr=None lr=0.001 | train(1500, 64, 64) val_sel(4469, 64, 64) test(4470, 64, 64) device=cuda
[ep 001] val_sel AUC=0.5381 acc=0.3433
[ep 002] val_sel AUC=0.5498 acc=0.3433
[ep 003] val_sel AUC=0.5554 acc=0.3283
[ep 004] val_sel AUC=0.5530 acc=0.3433
[ep 005] val_sel AUC=0.5527 acc=0.3433
[ep 006] val_sel AUC=0.5557 acc=0.3285
[ep 007] val_sel AUC=0.5549 acc=0.3285
[ep 008] val_sel AUC=0.5545 acc=0.3433
[ep 009] val_sel AUC=0.5546 acc=0.3283
[ep 010] val_sel AUC=0.5543 acc=0.3301
[ep 011] val_sel AUC=0.5494 acc=0.3285
[ep 012] val_sel AUC=0.5504 acc=0.3285
[ep 013] val_sel AUC=0.5411 acc=0.3433
[ep 014] val_sel AUC=0.5397 acc=0.3283
[ep 015] val_sel AUC=0.5354 acc=0.3283
[ep 016] val_sel AUC=0.5441 acc=0.3562
[ep 017] val_sel AUC=0.5660 acc=0.3712
[ep 018] val_sel AUC=0.5628 acc=0.3846
[ep 019] val_sel AUC=0.5715 acc=0.3846
[ep 020] val_sel AUC=0.5605 acc=0.3829
[ep 021] val_sel AUC=0.5893 acc=0.4059
[ep 022] val_sel AUC=0.5964 acc=0.4117
[ep 023] val_sel AUC=0.6137 acc=0.4372
[ep 024] val_sel AUC=0.6369 acc=0.4596
[ep 025] val_sel AUC=0.6708 acc=0.4641
[ep 026] val_sel AUC=0.6766 acc=0.4751
[ep 027] val_sel AUC=0.7010 acc=0.4990
[ep 028] val_sel AUC=0.7098 acc=0.4990
[ep 029] val_sel AUC=0.7154 acc=0.5057
[ep 030] val_sel AUC=0.7159 acc=0.5066
============================================================
TEST (best val_sel epoch, held-out, evaluated once)
============================================================
TEST AUC : 0.7224  acc 0.5304  f1 0.5292  axion_recall 0.5107
[DONE-QOVT-ABLATION] mode=classical model_III N=500 seed=42 test_AUC=0.7224 val_sel_AUC=0.7159 per_class=(axion=0.8070 cdm=0.5625 no_sub=0.7978) params=207619 attn_params=65536
