[INFO] QOVT-ABLATION D=64 P=8 depth=4 | mode=classical | data=model_III N/class=500 seed=47 split_seed=0 | params=207619 attn_params=65536 qlr=None lr=0.001 | train(1500, 64, 64) val_sel(4469, 64, 64) test(4470, 64, 64) device=cuda
[ep 001] val_sel AUC=0.5098 acc=0.3285
[ep 002] val_sel AUC=0.5144 acc=0.3283
[ep 003] val_sel AUC=0.5212 acc=0.3283
[ep 004] val_sel AUC=0.5297 acc=0.3433
[ep 005] val_sel AUC=0.5342 acc=0.3283
[ep 006] val_sel AUC=0.5349 acc=0.3285
[ep 007] val_sel AUC=0.5377 acc=0.3477
[ep 008] val_sel AUC=0.5368 acc=0.3285
[ep 009] val_sel AUC=0.5370 acc=0.3464
[ep 010] val_sel AUC=0.5371 acc=0.3486
[ep 011] val_sel AUC=0.5428 acc=0.3433
[ep 012] val_sel AUC=0.5350 acc=0.3285
[ep 013] val_sel AUC=0.5320 acc=0.3285
[ep 014] val_sel AUC=0.5367 acc=0.3433
[ep 015] val_sel AUC=0.5436 acc=0.3283
[ep 016] val_sel AUC=0.5493 acc=0.3283
[ep 017] val_sel AUC=0.5359 acc=0.3283
[ep 018] val_sel AUC=0.5601 acc=0.3634
[ep 019] val_sel AUC=0.5609 acc=0.3618
[ep 020] val_sel AUC=0.5626 acc=0.3712
[ep 021] val_sel AUC=0.5691 acc=0.3851
[ep 022] val_sel AUC=0.5776 acc=0.3791
[ep 023] val_sel AUC=0.6225 acc=0.4258
[ep 024] val_sel AUC=0.6592 acc=0.4580
[ep 025] val_sel AUC=0.7157 acc=0.4988
[ep 026] val_sel AUC=0.7593 acc=0.5558
[ep 027] val_sel AUC=0.7857 acc=0.5735
[ep 028] val_sel AUC=0.8131 acc=0.6422
[ep 029] val_sel AUC=0.8185 acc=0.6545
[ep 030] val_sel AUC=0.8204 acc=0.6585
============================================================
TEST (best val_sel epoch, held-out, evaluated once)
============================================================
TEST AUC : 0.8157  acc 0.6559  f1 0.6376  axion_recall 0.7975
[DONE-QOVT-ABLATION] mode=classical model_III N=500 seed=47 test_AUC=0.8157 val_sel_AUC=0.8204 per_class=(axion=0.9081 cdm=0.6833 no_sub=0.8558) params=207619 attn_params=65536
