[INFO] QOVT-ABLATION D=64 P=8 depth=4 | mode=classical | data=model_II N/class=500 seed=45 split_seed=0 | params=207619 attn_params=65536 qlr=None lr=0.001 | train(1500, 64, 64) val_sel(4455, 64, 64) test(4455, 64, 64) device=cuda
[ep 001] val_sel AUC=0.5007 acc=0.3291
[ep 002] val_sel AUC=0.5133 acc=0.3291
[ep 003] val_sel AUC=0.5251 acc=0.3291
[ep 004] val_sel AUC=0.5355 acc=0.3473
[ep 005] val_sel AUC=0.5343 acc=0.3473
[ep 006] val_sel AUC=0.5397 acc=0.3237
[ep 007] val_sel AUC=0.5357 acc=0.3473
[ep 008] val_sel AUC=0.5356 acc=0.3237
[ep 009] val_sel AUC=0.5346 acc=0.3473
[ep 010] val_sel AUC=0.5346 acc=0.3473
[ep 011] val_sel AUC=0.5311 acc=0.3473
[ep 012] val_sel AUC=0.5295 acc=0.3473
[ep 013] val_sel AUC=0.5272 acc=0.3473
[ep 014] val_sel AUC=0.5246 acc=0.3473
[ep 015] val_sel AUC=0.5278 acc=0.3237
[ep 016] val_sel AUC=0.5210 acc=0.3291
[ep 017] val_sel AUC=0.5248 acc=0.3547
[ep 018] val_sel AUC=0.5339 acc=0.3531
[ep 019] val_sel AUC=0.5417 acc=0.3490
[ep 020] val_sel AUC=0.5516 acc=0.3475
[ep 021] val_sel AUC=0.5522 acc=0.3636
[ep 022] val_sel AUC=0.5567 acc=0.3722
[ep 023] val_sel AUC=0.5708 acc=0.3836
[ep 024] val_sel AUC=0.5957 acc=0.4076
[ep 025] val_sel AUC=0.6382 acc=0.4375
[ep 026] val_sel AUC=0.6906 acc=0.4840
[ep 027] val_sel AUC=0.7246 acc=0.5371
[ep 028] val_sel AUC=0.7259 acc=0.5324
[ep 029] val_sel AUC=0.7444 acc=0.5446
[ep 030] val_sel AUC=0.7474 acc=0.5473
============================================================
TEST (best val_sel epoch, held-out, evaluated once)
============================================================
TEST AUC : 0.7427  acc 0.5535  f1 0.5459  axion_recall 0.6601
[DONE-QOVT-ABLATION] mode=classical model_II N=500 seed=45 test_AUC=0.7427 val_sel_AUC=0.7474 per_class=(axion=0.8266 cdm=0.6228 no_sub=0.7786) params=207619 attn_params=65536
