[INFO] QOVT-ABLATION D=64 P=8 depth=4 | mode=classical | data=model_II N/class=500 seed=47 split_seed=0 | params=207619 attn_params=65536 qlr=None lr=0.001 | train(1500, 64, 64) val_sel(4455, 64, 64) test(4455, 64, 64) device=cuda
[ep 001] val_sel AUC=0.5210 acc=0.3309
[ep 002] val_sel AUC=0.5234 acc=0.3291
[ep 003] val_sel AUC=0.5260 acc=0.3291
[ep 004] val_sel AUC=0.5279 acc=0.3473
[ep 005] val_sel AUC=0.5271 acc=0.3291
[ep 006] val_sel AUC=0.5251 acc=0.3589
[ep 007] val_sel AUC=0.5244 acc=0.3345
[ep 008] val_sel AUC=0.5248 acc=0.3428
[ep 009] val_sel AUC=0.5253 acc=0.3459
[ep 010] val_sel AUC=0.5255 acc=0.3457
[ep 011] val_sel AUC=0.5333 acc=0.3493
[ep 012] val_sel AUC=0.5344 acc=0.3430
[ep 013] val_sel AUC=0.5305 acc=0.3522
[ep 014] val_sel AUC=0.5285 acc=0.3526
[ep 015] val_sel AUC=0.5397 acc=0.3490
[ep 016] val_sel AUC=0.5464 acc=0.3383
[ep 017] val_sel AUC=0.5424 acc=0.3690
[ep 018] val_sel AUC=0.5493 acc=0.3670
[ep 019] val_sel AUC=0.5490 acc=0.3598
[ep 020] val_sel AUC=0.5618 acc=0.3807
[ep 021] val_sel AUC=0.5839 acc=0.3955
[ep 022] val_sel AUC=0.6035 acc=0.4128
[ep 023] val_sel AUC=0.6180 acc=0.4144
[ep 024] val_sel AUC=0.6577 acc=0.4559
[ep 025] val_sel AUC=0.6838 acc=0.4835
[ep 026] val_sel AUC=0.7135 acc=0.5093
[ep 027] val_sel AUC=0.7313 acc=0.5253
[ep 028] val_sel AUC=0.7425 acc=0.5569
[ep 029] val_sel AUC=0.7510 acc=0.5715
[ep 030] val_sel AUC=0.7538 acc=0.5692
============================================================
TEST (best val_sel epoch, held-out, evaluated once)
============================================================
TEST AUC : 0.7673  acc 0.5877  f1 0.5800  axion_recall 0.7235
[DONE-QOVT-ABLATION] mode=classical model_II N=500 seed=47 test_AUC=0.7673 val_sel_AUC=0.7538 per_class=(axion=0.8571 cdm=0.6282 no_sub=0.8167) params=207619 attn_params=65536
