[INFO] QOVT-ABLATION D=64 P=8 depth=4 | mode=classical | data=model_II N/class=500 seed=44 split_seed=0 | params=207619 attn_params=65536 qlr=None lr=0.001 | train(1500, 64, 64) val_sel(4455, 64, 64) test(4455, 64, 64) device=cuda
[ep 001] val_sel AUC=0.5268 acc=0.3237
[ep 002] val_sel AUC=0.5347 acc=0.3237
[ep 003] val_sel AUC=0.5395 acc=0.3237
[ep 004] val_sel AUC=0.5440 acc=0.3237
[ep 005] val_sel AUC=0.5489 acc=0.3473
[ep 006] val_sel AUC=0.5476 acc=0.3473
[ep 007] val_sel AUC=0.5473 acc=0.3237
[ep 008] val_sel AUC=0.5482 acc=0.3473
[ep 009] val_sel AUC=0.5480 acc=0.3237
[ep 010] val_sel AUC=0.5481 acc=0.3531
[ep 011] val_sel AUC=0.5470 acc=0.3237
[ep 012] val_sel AUC=0.5487 acc=0.3473
[ep 013] val_sel AUC=0.5467 acc=0.3237
[ep 014] val_sel AUC=0.5470 acc=0.3473
[ep 015] val_sel AUC=0.5449 acc=0.3473
[ep 016] val_sel AUC=0.5446 acc=0.3473
[ep 017] val_sel AUC=0.5432 acc=0.3291
[ep 018] val_sel AUC=0.5406 acc=0.3473
[ep 019] val_sel AUC=0.5425 acc=0.3582
[ep 020] val_sel AUC=0.5420 acc=0.3237
[ep 021] val_sel AUC=0.5412 acc=0.3556
[ep 022] val_sel AUC=0.5444 acc=0.3291
[ep 023] val_sel AUC=0.5411 acc=0.3481
[ep 024] val_sel AUC=0.5468 acc=0.3576
[ep 025] val_sel AUC=0.5473 acc=0.3499
[ep 026] val_sel AUC=0.5499 acc=0.3574
[ep 027] val_sel AUC=0.5511 acc=0.3540
[ep 028] val_sel AUC=0.5525 acc=0.3535
[ep 029] val_sel AUC=0.5529 acc=0.3603
[ep 030] val_sel AUC=0.5530 acc=0.3616
============================================================
TEST (best val_sel epoch, held-out, evaluated once)
============================================================
TEST AUC : 0.5519  acc 0.3733  f1 0.3465  axion_recall 0.6243
[DONE-QOVT-ABLATION] mode=classical model_II N=500 seed=44 test_AUC=0.5519 val_sel_AUC=0.5530 per_class=(axion=0.5731 cdm=0.5332 no_sub=0.5493) params=207619 attn_params=65536
