[INFO] QOVT-ABLATION D=64 P=8 depth=4 | mode=classical | data=model_III N/class=500 seed=46 split_seed=0 | params=207619 attn_params=65536 qlr=None lr=0.001 | train(1500, 64, 64) val_sel(4469, 64, 64) test(4470, 64, 64) device=cuda
[ep 001] val_sel AUC=0.5155 acc=0.3283
[ep 002] val_sel AUC=0.5227 acc=0.3285
[ep 003] val_sel AUC=0.5197 acc=0.3283
[ep 004] val_sel AUC=0.5187 acc=0.3283
[ep 005] val_sel AUC=0.5155 acc=0.3433
[ep 006] val_sel AUC=0.5176 acc=0.3283
[ep 007] val_sel AUC=0.5180 acc=0.3283
[ep 008] val_sel AUC=0.5190 acc=0.3283
[ep 009] val_sel AUC=0.5192 acc=0.3433
[ep 010] val_sel AUC=0.5192 acc=0.3285
[ep 011] val_sel AUC=0.5325 acc=0.3283
[ep 012] val_sel AUC=0.5359 acc=0.3283
[ep 013] val_sel AUC=0.5434 acc=0.3348
[ep 014] val_sel AUC=0.5478 acc=0.3433
[ep 015] val_sel AUC=0.5514 acc=0.3283
[ep 016] val_sel AUC=0.5624 acc=0.3764
[ep 017] val_sel AUC=0.5824 acc=0.3394
[ep 018] val_sel AUC=0.5780 acc=0.3665
[ep 019] val_sel AUC=0.6266 acc=0.4392
[ep 020] val_sel AUC=0.6872 acc=0.4520
[ep 021] val_sel AUC=0.7602 acc=0.5283
[ep 022] val_sel AUC=0.7588 acc=0.5444
[ep 023] val_sel AUC=0.8189 acc=0.6373
[ep 024] val_sel AUC=0.8444 acc=0.6532
[ep 025] val_sel AUC=0.8348 acc=0.6507
[ep 026] val_sel AUC=0.8495 acc=0.6706
[ep 027] val_sel AUC=0.8561 acc=0.6990
[ep 028] val_sel AUC=0.8644 acc=0.7031
[ep 029] val_sel AUC=0.8704 acc=0.7228
[ep 030] val_sel AUC=0.8714 acc=0.7261
============================================================
TEST (best val_sel epoch, held-out, evaluated once)
============================================================
TEST AUC : 0.8719  acc 0.7268  f1 0.7209  axion_recall 0.7657
[DONE-QOVT-ABLATION] mode=classical model_III N=500 seed=46 test_AUC=0.8719 val_sel_AUC=0.8714 per_class=(axion=0.9420 cdm=0.7728 no_sub=0.9009) params=207619 attn_params=65536
