[INFO] QOVT-ABLATION D=64 P=8 depth=4 | mode=matched | data=model_III N/class=500 seed=46 split_seed=0 | params=143107 attn_params=1024 qlr=None lr=0.001 | train(1500, 64, 64) val_sel(4469, 64, 64) test(4470, 64, 64) device=cuda
[ep 001] val_sel AUC=0.5142 acc=0.3283
[ep 002] val_sel AUC=0.5129 acc=0.3285
[ep 003] val_sel AUC=0.5146 acc=0.3433
[ep 004] val_sel AUC=0.5141 acc=0.3285
[ep 005] val_sel AUC=0.5161 acc=0.3285
[ep 006] val_sel AUC=0.5187 acc=0.3433
[ep 007] val_sel AUC=0.5191 acc=0.3433
[ep 008] val_sel AUC=0.5198 acc=0.3433
[ep 009] val_sel AUC=0.5203 acc=0.3433
[ep 010] val_sel AUC=0.5202 acc=0.3285
[ep 011] val_sel AUC=0.5217 acc=0.3283
[ep 012] val_sel AUC=0.5271 acc=0.3283
[ep 013] val_sel AUC=0.5240 acc=0.3285
[ep 014] val_sel AUC=0.5301 acc=0.3433
[ep 015] val_sel AUC=0.5269 acc=0.3433
[ep 016] val_sel AUC=0.5216 acc=0.3433
[ep 017] val_sel AUC=0.5176 acc=0.3285
[ep 018] val_sel AUC=0.5195 acc=0.3285
[ep 019] val_sel AUC=0.5170 acc=0.3283
[ep 020] val_sel AUC=0.5041 acc=0.3433
[ep 021] val_sel AUC=0.4949 acc=0.3433
[ep 022] val_sel AUC=0.4940 acc=0.3283
[ep 023] val_sel AUC=0.4974 acc=0.3433
[ep 024] val_sel AUC=0.4971 acc=0.3283
[ep 025] val_sel AUC=0.4949 acc=0.3433
[ep 026] val_sel AUC=0.5013 acc=0.3285
[ep 027] val_sel AUC=0.5012 acc=0.3433
[ep 028] val_sel AUC=0.4983 acc=0.3283
[ep 029] val_sel AUC=0.4992 acc=0.3283
[ep 030] val_sel AUC=0.4991 acc=0.3283
============================================================
TEST (best val_sel epoch, held-out, evaluated once)
============================================================
TEST AUC : 0.5308  acc 0.3188  f1 0.1612  axion_recall 0.0000
[DONE-QOVT-ABLATION] mode=matched model_III N=500 seed=46 test_AUC=0.5308 val_sel_AUC=0.5301 per_class=(axion=0.5324 cdm=0.5554 no_sub=0.5046) params=143107 attn_params=1024
