[INFO] QOVT-ABLATION D=64 P=8 depth=4 | mode=matched | data=model_II N/class=500 seed=46 split_seed=0 | params=143107 attn_params=1024 qlr=None lr=0.001 | train(1500, 64, 64) val_sel(4455, 64, 64) test(4455, 64, 64) device=cuda
[ep 001] val_sel AUC=0.5111 acc=0.3291
[ep 002] val_sel AUC=0.5076 acc=0.3237
[ep 003] val_sel AUC=0.5092 acc=0.3473
[ep 004] val_sel AUC=0.5016 acc=0.3237
[ep 005] val_sel AUC=0.5037 acc=0.3237
[ep 006] val_sel AUC=0.5077 acc=0.3473
[ep 007] val_sel AUC=0.5059 acc=0.3473
[ep 008] val_sel AUC=0.5060 acc=0.3473
[ep 009] val_sel AUC=0.5063 acc=0.3473
[ep 010] val_sel AUC=0.5057 acc=0.3237
[ep 011] val_sel AUC=0.5027 acc=0.3291
[ep 012] val_sel AUC=0.5094 acc=0.3291
[ep 013] val_sel AUC=0.5131 acc=0.3237
[ep 014] val_sel AUC=0.5085 acc=0.3473
[ep 015] val_sel AUC=0.5110 acc=0.3473
[ep 016] val_sel AUC=0.5227 acc=0.3473
[ep 017] val_sel AUC=0.5215 acc=0.3237
[ep 018] val_sel AUC=0.5228 acc=0.3237
[ep 019] val_sel AUC=0.5241 acc=0.3291
[ep 020] val_sel AUC=0.5250 acc=0.3473
[ep 021] val_sel AUC=0.5245 acc=0.3473
[ep 022] val_sel AUC=0.5246 acc=0.3291
[ep 023] val_sel AUC=0.5256 acc=0.3473
[ep 024] val_sel AUC=0.5254 acc=0.3291
[ep 025] val_sel AUC=0.5257 acc=0.3473
[ep 026] val_sel AUC=0.5257 acc=0.3237
[ep 027] val_sel AUC=0.5259 acc=0.3473
[ep 028] val_sel AUC=0.5258 acc=0.3291
[ep 029] val_sel AUC=0.5260 acc=0.3291
[ep 030] val_sel AUC=0.5259 acc=0.3291
============================================================
TEST (best val_sel epoch, held-out, evaluated once)
============================================================
TEST AUC : 0.5237  acc 0.3396  f1 0.1690  axion_recall 0.0000
[DONE-QOVT-ABLATION] mode=matched model_II N=500 seed=46 test_AUC=0.5237 val_sel_AUC=0.5260 per_class=(axion=0.5265 cdm=0.5122 no_sub=0.5324) params=143107 attn_params=1024
