[INFO] QOVT-ABLATION D=64 P=8 depth=4 | mode=matched | data=model_II N/class=500 seed=47 split_seed=0 | params=143107 attn_params=1024 qlr=None lr=0.001 | train(1500, 64, 64) val_sel(4455, 64, 64) test(4455, 64, 64) device=cuda
[ep 001] val_sel AUC=0.4696 acc=0.3291
[ep 002] val_sel AUC=0.4675 acc=0.3291
[ep 003] val_sel AUC=0.4766 acc=0.3473
[ep 004] val_sel AUC=0.4919 acc=0.3237
[ep 005] val_sel AUC=0.5017 acc=0.3237
[ep 006] val_sel AUC=0.5085 acc=0.3237
[ep 007] val_sel AUC=0.5110 acc=0.3237
[ep 008] val_sel AUC=0.5129 acc=0.3473
[ep 009] val_sel AUC=0.5135 acc=0.3237
[ep 010] val_sel AUC=0.5138 acc=0.3473
[ep 011] val_sel AUC=0.5256 acc=0.3473
[ep 012] val_sel AUC=0.5341 acc=0.3291
[ep 013] val_sel AUC=0.5033 acc=0.3291
[ep 014] val_sel AUC=0.5304 acc=0.3291
[ep 015] val_sel AUC=0.5366 acc=0.3237
[ep 016] val_sel AUC=0.5400 acc=0.3473
[ep 017] val_sel AUC=0.5448 acc=0.3237
[ep 018] val_sel AUC=0.5465 acc=0.3291
[ep 019] val_sel AUC=0.5488 acc=0.3237
[ep 020] val_sel AUC=0.5505 acc=0.3237
[ep 021] val_sel AUC=0.5508 acc=0.3473
[ep 022] val_sel AUC=0.5520 acc=0.3237
[ep 023] val_sel AUC=0.5529 acc=0.3237
[ep 024] val_sel AUC=0.5527 acc=0.3291
[ep 025] val_sel AUC=0.5531 acc=0.3237
[ep 026] val_sel AUC=0.5533 acc=0.3473
[ep 027] val_sel AUC=0.5536 acc=0.3237
[ep 028] val_sel AUC=0.5535 acc=0.3291
[ep 029] val_sel AUC=0.5536 acc=0.3473
[ep 030] val_sel AUC=0.5536 acc=0.3473
============================================================
TEST (best val_sel epoch, held-out, evaluated once)
============================================================
TEST AUC : 0.5443  acc 0.3210  f1 0.1620  axion_recall 0.0000
[DONE-QOVT-ABLATION] mode=matched model_II N=500 seed=47 test_AUC=0.5443 val_sel_AUC=0.5536 per_class=(axion=0.5328 cdm=0.5357 no_sub=0.5642) params=143107 attn_params=1024
