[INFO] QOVT-ABLATION D=64 P=8 depth=4 | mode=matched | data=model_II N/class=500 seed=48 split_seed=0 | params=143107 attn_params=1024 qlr=None lr=0.001 | train(1500, 64, 64) val_sel(4455, 64, 64) test(4455, 64, 64) device=cuda
[ep 001] val_sel AUC=0.5484 acc=0.3473
[ep 002] val_sel AUC=0.5519 acc=0.3473
[ep 003] val_sel AUC=0.5603 acc=0.3291
[ep 004] val_sel AUC=0.5627 acc=0.3473
[ep 005] val_sel AUC=0.5696 acc=0.3291
[ep 006] val_sel AUC=0.5738 acc=0.3237
[ep 007] val_sel AUC=0.5780 acc=0.3291
[ep 008] val_sel AUC=0.5782 acc=0.3473
[ep 009] val_sel AUC=0.5802 acc=0.3291
[ep 010] val_sel AUC=0.5805 acc=0.3291
[ep 011] val_sel AUC=0.5897 acc=0.3237
[ep 012] val_sel AUC=0.5978 acc=0.3291
[ep 013] val_sel AUC=0.6032 acc=0.3291
[ep 014] val_sel AUC=0.5695 acc=0.3237
[ep 015] val_sel AUC=0.5727 acc=0.3291
[ep 016] val_sel AUC=0.5760 acc=0.3473
[ep 017] val_sel AUC=0.5803 acc=0.3473
[ep 018] val_sel AUC=0.5794 acc=0.3237
[ep 019] val_sel AUC=0.5688 acc=0.3473
[ep 020] val_sel AUC=0.5753 acc=0.3473
[ep 021] val_sel AUC=0.5697 acc=0.3237
[ep 022] val_sel AUC=0.5664 acc=0.3473
[ep 023] val_sel AUC=0.5656 acc=0.3291
[ep 024] val_sel AUC=0.5671 acc=0.3473
[ep 025] val_sel AUC=0.5662 acc=0.3473
[ep 026] val_sel AUC=0.5660 acc=0.3473
[ep 027] val_sel AUC=0.5663 acc=0.3235
[ep 028] val_sel AUC=0.5660 acc=0.3237
[ep 029] val_sel AUC=0.5657 acc=0.3634
[ep 030] val_sel AUC=0.5656 acc=0.3293
============================================================
TEST (best val_sel epoch, held-out, evaluated once)
============================================================
TEST AUC : 0.5940  acc 0.3396  f1 0.1690  axion_recall 0.0000
[DONE-QOVT-ABLATION] mode=matched model_II N=500 seed=48 test_AUC=0.5940 val_sel_AUC=0.6032 per_class=(axion=0.5776 cdm=0.5635 no_sub=0.6409) params=143107 attn_params=1024
