[INFO] QOVT-ABLATION D=64 P=8 depth=4 | mode=matched | data=model_III N/class=500 seed=50 split_seed=0 | params=143107 attn_params=1024 qlr=None lr=0.001 | train(1500, 64, 64) val_sel(4469, 64, 64) test(4470, 64, 64) device=cuda
[ep 001] val_sel AUC=0.5299 acc=0.3283
[ep 002] val_sel AUC=0.5451 acc=0.3285
[ep 003] val_sel AUC=0.5532 acc=0.3285
[ep 004] val_sel AUC=0.5579 acc=0.3285
[ep 005] val_sel AUC=0.5591 acc=0.3433
[ep 006] val_sel AUC=0.5577 acc=0.3285
[ep 007] val_sel AUC=0.5593 acc=0.3433
[ep 008] val_sel AUC=0.5589 acc=0.3285
[ep 009] val_sel AUC=0.5574 acc=0.3283
[ep 010] val_sel AUC=0.5577 acc=0.3283
[ep 011] val_sel AUC=0.5619 acc=0.3285
[ep 012] val_sel AUC=0.5508 acc=0.3285
[ep 013] val_sel AUC=0.5594 acc=0.3433
[ep 014] val_sel AUC=0.5748 acc=0.3433
[ep 015] val_sel AUC=0.5643 acc=0.3283
[ep 016] val_sel AUC=0.5698 acc=0.3283
[ep 017] val_sel AUC=0.5684 acc=0.3285
[ep 018] val_sel AUC=0.5673 acc=0.3433
[ep 019] val_sel AUC=0.5664 acc=0.3433
[ep 020] val_sel AUC=0.5638 acc=0.3285
[ep 021] val_sel AUC=0.5633 acc=0.3285
[ep 022] val_sel AUC=0.5619 acc=0.3285
[ep 023] val_sel AUC=0.5632 acc=0.3285
[ep 024] val_sel AUC=0.5629 acc=0.3433
[ep 025] val_sel AUC=0.5624 acc=0.3285
[ep 026] val_sel AUC=0.5620 acc=0.3433
[ep 027] val_sel AUC=0.5623 acc=0.3433
[ep 028] val_sel AUC=0.5618 acc=0.3283
[ep 029] val_sel AUC=0.5620 acc=0.3433
[ep 030] val_sel AUC=0.5620 acc=0.3433
============================================================
TEST (best val_sel epoch, held-out, evaluated once)
============================================================
TEST AUC : 0.5726  acc 0.3188  f1 0.1612  axion_recall 0.0000
[DONE-QOVT-ABLATION] mode=matched model_III N=500 seed=50 test_AUC=0.5726 val_sel_AUC=0.5748 per_class=(axion=0.5285 cdm=0.5969 no_sub=0.5922) params=143107 attn_params=1024
