[INFO] QOVT-ABLATION D=64 P=8 depth=4 | mode=matched | data=model_III N/class=500 seed=45 split_seed=0 | params=143107 attn_params=1024 qlr=None lr=0.001 | train(1500, 64, 64) val_sel(4469, 64, 64) test(4470, 64, 64) device=cuda
[ep 001] val_sel AUC=0.4975 acc=0.3433
[ep 002] val_sel AUC=0.4918 acc=0.3283
[ep 003] val_sel AUC=0.4975 acc=0.3285
[ep 004] val_sel AUC=0.5013 acc=0.3433
[ep 005] val_sel AUC=0.5055 acc=0.3285
[ep 006] val_sel AUC=0.5139 acc=0.3283
[ep 007] val_sel AUC=0.5150 acc=0.3433
[ep 008] val_sel AUC=0.5237 acc=0.3285
[ep 009] val_sel AUC=0.5264 acc=0.3283
[ep 010] val_sel AUC=0.5270 acc=0.3283
[ep 011] val_sel AUC=0.5387 acc=0.3283
[ep 012] val_sel AUC=0.5457 acc=0.3433
[ep 013] val_sel AUC=0.5530 acc=0.3433
[ep 014] val_sel AUC=0.5633 acc=0.3283
[ep 015] val_sel AUC=0.5577 acc=0.3433
[ep 016] val_sel AUC=0.5518 acc=0.3433
[ep 017] val_sel AUC=0.5466 acc=0.3433
[ep 018] val_sel AUC=0.5415 acc=0.3285
[ep 019] val_sel AUC=0.5427 acc=0.3283
[ep 020] val_sel AUC=0.5428 acc=0.3285
[ep 021] val_sel AUC=0.5424 acc=0.3433
[ep 022] val_sel AUC=0.5418 acc=0.3283
[ep 023] val_sel AUC=0.5435 acc=0.3283
[ep 024] val_sel AUC=0.5429 acc=0.3283
[ep 025] val_sel AUC=0.5430 acc=0.3283
[ep 026] val_sel AUC=0.5430 acc=0.3285
[ep 027] val_sel AUC=0.5431 acc=0.3285
[ep 028] val_sel AUC=0.5430 acc=0.3285
[ep 029] val_sel AUC=0.5429 acc=0.3283
[ep 030] val_sel AUC=0.5429 acc=0.3283
============================================================
TEST (best val_sel epoch, held-out, evaluated once)
============================================================
TEST AUC : 0.5642  acc 0.3365  f1 0.1678  axion_recall 0.0000
[DONE-QOVT-ABLATION] mode=matched model_III N=500 seed=45 test_AUC=0.5642 val_sel_AUC=0.5633 per_class=(axion=0.6161 cdm=0.5182 no_sub=0.5583) params=143107 attn_params=1024
