[INFO] QOVT-ABLATION D=64 P=8 depth=4 | mode=matched | data=model_II N/class=500 seed=51 split_seed=0 | params=143107 attn_params=1024 qlr=None lr=0.001 | train(1500, 64, 64) val_sel(4455, 64, 64) test(4455, 64, 64) device=cuda
[ep 001] val_sel AUC=0.4929 acc=0.3291
[ep 002] val_sel AUC=0.5005 acc=0.3291
[ep 003] val_sel AUC=0.5120 acc=0.3473
[ep 004] val_sel AUC=0.4959 acc=0.3237
[ep 005] val_sel AUC=0.5018 acc=0.3291
[ep 006] val_sel AUC=0.5006 acc=0.3237
[ep 007] val_sel AUC=0.5046 acc=0.3291
[ep 008] val_sel AUC=0.5024 acc=0.3237
[ep 009] val_sel AUC=0.5033 acc=0.3237
[ep 010] val_sel AUC=0.5028 acc=0.3237
[ep 011] val_sel AUC=0.5094 acc=0.3291
[ep 012] val_sel AUC=0.5114 acc=0.3291
[ep 013] val_sel AUC=0.5140 acc=0.3291
[ep 014] val_sel AUC=0.5154 acc=0.3291
[ep 015] val_sel AUC=0.5172 acc=0.3237
[ep 016] val_sel AUC=0.5181 acc=0.3291
[ep 017] val_sel AUC=0.5193 acc=0.3291
[ep 018] val_sel AUC=0.5202 acc=0.3291
[ep 019] val_sel AUC=0.5210 acc=0.3237
[ep 020] val_sel AUC=0.5218 acc=0.3473
[ep 021] val_sel AUC=0.5224 acc=0.3473
[ep 022] val_sel AUC=0.5229 acc=0.3291
[ep 023] val_sel AUC=0.5235 acc=0.3237
[ep 024] val_sel AUC=0.5239 acc=0.3237
[ep 025] val_sel AUC=0.5244 acc=0.3291
[ep 026] val_sel AUC=0.5250 acc=0.3473
[ep 027] val_sel AUC=0.5250 acc=0.3291
[ep 028] val_sel AUC=0.5251 acc=0.3291
[ep 029] val_sel AUC=0.5251 acc=0.3291
[ep 030] val_sel AUC=0.5251 acc=0.3291
============================================================
TEST (best val_sel epoch, held-out, evaluated once)
============================================================
TEST AUC : 0.5163  acc 0.3396  f1 0.1690  axion_recall 0.0000
[DONE-QOVT-ABLATION] mode=matched model_II N=500 seed=51 test_AUC=0.5163 val_sel_AUC=0.5251 per_class=(axion=0.5178 cdm=0.5237 no_sub=0.5073) params=143107 attn_params=1024
