[INFO] QOVT-ABLATION D=64 P=8 depth=4 | mode=matched | data=model_III N/class=500 seed=43 split_seed=0 | params=143107 attn_params=1024 qlr=None lr=0.001 | train(1500, 64, 64) val_sel(4469, 64, 64) test(4470, 64, 64) device=cuda
[ep 001] val_sel AUC=0.4875 acc=0.3283
[ep 002] val_sel AUC=0.5061 acc=0.3283
[ep 003] val_sel AUC=0.5675 acc=0.3283
[ep 004] val_sel AUC=0.5713 acc=0.3285
[ep 005] val_sel AUC=0.5743 acc=0.3433
[ep 006] val_sel AUC=0.5756 acc=0.3285
[ep 007] val_sel AUC=0.5765 acc=0.3433
[ep 008] val_sel AUC=0.5767 acc=0.3283
[ep 009] val_sel AUC=0.5775 acc=0.3433
[ep 010] val_sel AUC=0.5777 acc=0.3433
[ep 011] val_sel AUC=0.4987 acc=0.3283
[ep 012] val_sel AUC=0.5890 acc=0.3285
[ep 013] val_sel AUC=0.5788 acc=0.3433
[ep 014] val_sel AUC=0.5985 acc=0.3285
[ep 015] val_sel AUC=0.6004 acc=0.3283
[ep 016] val_sel AUC=0.5350 acc=0.3433
[ep 017] val_sel AUC=0.6146 acc=0.3283
[ep 018] val_sel AUC=0.5624 acc=0.3283
[ep 019] val_sel AUC=0.5815 acc=0.3285
[ep 020] val_sel AUC=0.5891 acc=0.3433
[ep 021] val_sel AUC=0.5876 acc=0.3285
[ep 022] val_sel AUC=0.5885 acc=0.3283
[ep 023] val_sel AUC=0.5772 acc=0.3283
[ep 024] val_sel AUC=0.5891 acc=0.3285
[ep 025] val_sel AUC=0.5837 acc=0.3283
[ep 026] val_sel AUC=0.5794 acc=0.3283
[ep 027] val_sel AUC=0.5591 acc=0.3433
[ep 028] val_sel AUC=0.5589 acc=0.3433
[ep 029] val_sel AUC=0.5599 acc=0.3598
[ep 030] val_sel AUC=0.5635 acc=0.3831
============================================================
TEST (best val_sel epoch, held-out, evaluated once)
============================================================
TEST AUC : 0.6040  acc 0.3365  f1 0.1678  axion_recall 0.0000
[DONE-QOVT-ABLATION] mode=matched model_III N=500 seed=43 test_AUC=0.6040 val_sel_AUC=0.6146 per_class=(axion=0.6080 cdm=0.5663 no_sub=0.6376) params=143107 attn_params=1024
