[INFO] QOVT-ABLATION D=64 P=8 depth=4 | mode=matched | data=model_II N/class=500 seed=45 split_seed=0 | params=143107 attn_params=1024 qlr=None lr=0.001 | train(1500, 64, 64) val_sel(4455, 64, 64) test(4455, 64, 64) device=cuda
[ep 001] val_sel AUC=0.4828 acc=0.3473
[ep 002] val_sel AUC=0.4845 acc=0.3291
[ep 003] val_sel AUC=0.4887 acc=0.3237
[ep 004] val_sel AUC=0.5083 acc=0.3473
[ep 005] val_sel AUC=0.5253 acc=0.3237
[ep 006] val_sel AUC=0.5211 acc=0.3291
[ep 007] val_sel AUC=0.5214 acc=0.3473
[ep 008] val_sel AUC=0.5205 acc=0.3237
[ep 009] val_sel AUC=0.5205 acc=0.3291
[ep 010] val_sel AUC=0.5206 acc=0.3291
[ep 011] val_sel AUC=0.5412 acc=0.3291
[ep 012] val_sel AUC=0.5252 acc=0.3473
[ep 013] val_sel AUC=0.5378 acc=0.3473
[ep 014] val_sel AUC=0.5445 acc=0.3291
[ep 015] val_sel AUC=0.5439 acc=0.3473
[ep 016] val_sel AUC=0.5414 acc=0.3473
[ep 017] val_sel AUC=0.5389 acc=0.3473
[ep 018] val_sel AUC=0.5393 acc=0.3237
[ep 019] val_sel AUC=0.5385 acc=0.3291
[ep 020] val_sel AUC=0.5399 acc=0.3237
[ep 021] val_sel AUC=0.5404 acc=0.3473
[ep 022] val_sel AUC=0.5398 acc=0.3291
[ep 023] val_sel AUC=0.5405 acc=0.3291
[ep 024] val_sel AUC=0.5404 acc=0.3291
[ep 025] val_sel AUC=0.5405 acc=0.3291
[ep 026] val_sel AUC=0.5409 acc=0.3237
[ep 027] val_sel AUC=0.5411 acc=0.3237
[ep 028] val_sel AUC=0.5410 acc=0.3237
[ep 029] val_sel AUC=0.5409 acc=0.3291
[ep 030] val_sel AUC=0.5410 acc=0.3291
============================================================
TEST (best val_sel epoch, held-out, evaluated once)
============================================================
TEST AUC : 0.5377  acc 0.3396  f1 0.1690  axion_recall 0.0000
[DONE-QOVT-ABLATION] mode=matched model_II N=500 seed=45 test_AUC=0.5377 val_sel_AUC=0.5445 per_class=(axion=0.5489 cdm=0.5168 no_sub=0.5473) params=143107 attn_params=1024
