[INFO] QOVT-ABLATION D=64 P=8 depth=4 | mode=matched | data=model_II N/class=500 seed=44 split_seed=0 | params=143107 attn_params=1024 qlr=None lr=0.001 | train(1500, 64, 64) val_sel(4455, 64, 64) test(4455, 64, 64) device=cuda
[ep 001] val_sel AUC=0.5724 acc=0.3291
[ep 002] val_sel AUC=0.5714 acc=0.3237
[ep 003] val_sel AUC=0.5530 acc=0.3291
[ep 004] val_sel AUC=0.5433 acc=0.3291
[ep 005] val_sel AUC=0.5441 acc=0.3291
[ep 006] val_sel AUC=0.5449 acc=0.3291
[ep 007] val_sel AUC=0.5464 acc=0.3237
[ep 008] val_sel AUC=0.5475 acc=0.3291
[ep 009] val_sel AUC=0.5467 acc=0.3237
[ep 010] val_sel AUC=0.5469 acc=0.3237
[ep 011] val_sel AUC=0.5541 acc=0.3291
[ep 012] val_sel AUC=0.5570 acc=0.3291
[ep 013] val_sel AUC=0.5375 acc=0.3291
[ep 014] val_sel AUC=0.5343 acc=0.3291
[ep 015] val_sel AUC=0.5373 acc=0.3291
[ep 016] val_sel AUC=0.5398 acc=0.3237
[ep 017] val_sel AUC=0.5423 acc=0.3473
[ep 018] val_sel AUC=0.5444 acc=0.3291
[ep 019] val_sel AUC=0.5442 acc=0.3237
[ep 020] val_sel AUC=0.5458 acc=0.3291
[ep 021] val_sel AUC=0.5462 acc=0.3291
[ep 022] val_sel AUC=0.5458 acc=0.3237
[ep 023] val_sel AUC=0.5483 acc=0.3291
[ep 024] val_sel AUC=0.5489 acc=0.3237
[ep 025] val_sel AUC=0.5504 acc=0.3291
[ep 026] val_sel AUC=0.5508 acc=0.3237
[ep 027] val_sel AUC=0.5516 acc=0.3473
[ep 028] val_sel AUC=0.5519 acc=0.3473
[ep 029] val_sel AUC=0.5522 acc=0.3473
[ep 030] val_sel AUC=0.5523 acc=0.3473
============================================================
TEST (best val_sel epoch, held-out, evaluated once)
============================================================
TEST AUC : 0.5680  acc 0.3396  f1 0.1690  axion_recall 0.0000
[DONE-QOVT-ABLATION] mode=matched model_II N=500 seed=44 test_AUC=0.5680 val_sel_AUC=0.5724 per_class=(axion=0.5516 cdm=0.5505 no_sub=0.6019) params=143107 attn_params=1024
