[INFO] QOVT-ABLATION D=64 P=8 depth=4 | mode=matched | data=model_III N/class=500 seed=42 split_seed=0 | params=143107 attn_params=1024 qlr=None lr=0.001 | train(1500, 64, 64) val_sel(4469, 64, 64) test(4470, 64, 64) device=cuda
[ep 001] val_sel AUC=0.4612 acc=0.3285
[ep 002] val_sel AUC=0.4591 acc=0.3285
[ep 003] val_sel AUC=0.4805 acc=0.3433
[ep 004] val_sel AUC=0.5113 acc=0.3433
[ep 005] val_sel AUC=0.5105 acc=0.3285
[ep 006] val_sel AUC=0.5245 acc=0.3433
[ep 007] val_sel AUC=0.5419 acc=0.3285
[ep 008] val_sel AUC=0.5411 acc=0.3433
[ep 009] val_sel AUC=0.5452 acc=0.3433
[ep 010] val_sel AUC=0.5442 acc=0.3285
[ep 011] val_sel AUC=0.5318 acc=0.3283
[ep 012] val_sel AUC=0.5299 acc=0.3285
[ep 013] val_sel AUC=0.5303 acc=0.3285
[ep 014] val_sel AUC=0.5313 acc=0.3433
[ep 015] val_sel AUC=0.5385 acc=0.3285
[ep 016] val_sel AUC=0.5426 acc=0.3433
[ep 017] val_sel AUC=0.5450 acc=0.3433
[ep 018] val_sel AUC=0.5515 acc=0.3285
[ep 019] val_sel AUC=0.5522 acc=0.3285
[ep 020] val_sel AUC=0.5539 acc=0.3433
[ep 021] val_sel AUC=0.5590 acc=0.3285
[ep 022] val_sel AUC=0.5573 acc=0.3433
[ep 023] val_sel AUC=0.5634 acc=0.3283
[ep 024] val_sel AUC=0.5602 acc=0.3433
[ep 025] val_sel AUC=0.5635 acc=0.3283
[ep 026] val_sel AUC=0.5640 acc=0.3285
[ep 027] val_sel AUC=0.5643 acc=0.3433
[ep 028] val_sel AUC=0.5644 acc=0.3433
[ep 029] val_sel AUC=0.5646 acc=0.3433
[ep 030] val_sel AUC=0.5647 acc=0.3433
============================================================
TEST (best val_sel epoch, held-out, evaluated once)
============================================================
TEST AUC : 0.5688  acc 0.3188  f1 0.1612  axion_recall 0.0000
[DONE-QOVT-ABLATION] mode=matched model_III N=500 seed=42 test_AUC=0.5688 val_sel_AUC=0.5647 per_class=(axion=0.5142 cdm=0.5602 no_sub=0.6320) params=143107 attn_params=1024
