[INFO] QOVT-ABLATION D=64 P=8 depth=4 | mode=matched | data=model_III N/class=500 seed=48 split_seed=0 | params=143107 attn_params=1024 qlr=None lr=0.001 | train(1500, 64, 64) val_sel(4469, 64, 64) test(4470, 64, 64) device=cuda
[ep 001] val_sel AUC=0.5697 acc=0.3433
[ep 002] val_sel AUC=0.5748 acc=0.3433
[ep 003] val_sel AUC=0.5750 acc=0.3283
[ep 004] val_sel AUC=0.5779 acc=0.3433
[ep 005] val_sel AUC=0.5803 acc=0.3283
[ep 006] val_sel AUC=0.5819 acc=0.3285
[ep 007] val_sel AUC=0.5844 acc=0.3283
[ep 008] val_sel AUC=0.5847 acc=0.3433
[ep 009] val_sel AUC=0.5852 acc=0.3283
[ep 010] val_sel AUC=0.5853 acc=0.3283
[ep 011] val_sel AUC=0.5891 acc=0.3285
[ep 012] val_sel AUC=0.5948 acc=0.3283
[ep 013] val_sel AUC=0.5751 acc=0.3283
[ep 014] val_sel AUC=0.5653 acc=0.3285
[ep 015] val_sel AUC=0.5726 acc=0.3283
[ep 016] val_sel AUC=0.6004 acc=0.3433
[ep 017] val_sel AUC=0.6040 acc=0.3433
[ep 018] val_sel AUC=0.6069 acc=0.3285
[ep 019] val_sel AUC=0.6037 acc=0.3433
[ep 020] val_sel AUC=0.6056 acc=0.3433
[ep 021] val_sel AUC=0.6052 acc=0.3285
[ep 022] val_sel AUC=0.6060 acc=0.3433
[ep 023] val_sel AUC=0.6066 acc=0.3283
[ep 024] val_sel AUC=0.6071 acc=0.3433
[ep 025] val_sel AUC=0.6079 acc=0.3433
[ep 026] val_sel AUC=0.6079 acc=0.3433
[ep 027] val_sel AUC=0.6082 acc=0.3285
[ep 028] val_sel AUC=0.6094 acc=0.3285
[ep 029] val_sel AUC=0.6090 acc=0.3433
[ep 030] val_sel AUC=0.6090 acc=0.3285
============================================================
TEST (best val_sel epoch, held-out, evaluated once)
============================================================
TEST AUC : 0.6068  acc 0.3447  f1 0.1709  axion_recall 1.0000
[DONE-QOVT-ABLATION] mode=matched model_III N=500 seed=48 test_AUC=0.6068 val_sel_AUC=0.6094 per_class=(axion=0.6058 cdm=0.5546 no_sub=0.6599) params=143107 attn_params=1024
