[INFO] QOVT-ABLATION D=64 P=8 depth=4 | mode=quantum | data=model_III N/class=500 seed=46 split_seed=0 | params=142467 attn_params=384 qlr=None lr=0.001 | train(1500, 64, 64) val_sel(4469, 64, 64) test(4470, 64, 64) device=cuda
[ep 001] val_sel AUC=0.5102 acc=0.3285
[ep 002] val_sel AUC=0.5200 acc=0.3285
[ep 003] val_sel AUC=0.5236 acc=0.3433
[ep 004] val_sel AUC=0.5280 acc=0.3464
[ep 005] val_sel AUC=0.5292 acc=0.3433
[ep 006] val_sel AUC=0.5415 acc=0.3484
[ep 007] val_sel AUC=0.5476 acc=0.3450
[ep 008] val_sel AUC=0.5454 acc=0.3627
[ep 009] val_sel AUC=0.5502 acc=0.3473
[ep 010] val_sel AUC=0.5508 acc=0.3462
[ep 011] val_sel AUC=0.5756 acc=0.3795
[ep 012] val_sel AUC=0.6588 acc=0.4482
[ep 013] val_sel AUC=0.6675 acc=0.4406
[ep 014] val_sel AUC=0.7487 acc=0.5536
[ep 015] val_sel AUC=0.7620 acc=0.5185
[ep 016] val_sel AUC=0.7755 acc=0.5757
[ep 017] val_sel AUC=0.7774 acc=0.5549
[ep 018] val_sel AUC=0.8088 acc=0.6241
[ep 019] val_sel AUC=0.8138 acc=0.6297
[ep 020] val_sel AUC=0.8736 acc=0.7212
[ep 021] val_sel AUC=0.8688 acc=0.6657
[ep 022] val_sel AUC=0.8839 acc=0.7373
[ep 023] val_sel AUC=0.8674 acc=0.7261
[ep 024] val_sel AUC=0.8988 acc=0.7686
[ep 025] val_sel AUC=0.9017 acc=0.7644
[ep 026] val_sel AUC=0.8998 acc=0.7601
[ep 027] val_sel AUC=0.9019 acc=0.7653
[ep 028] val_sel AUC=0.9049 acc=0.7798
[ep 029] val_sel AUC=0.9047 acc=0.7711
[ep 030] val_sel AUC=0.9087 acc=0.7906
============================================================
TEST (best val_sel epoch, held-out, evaluated once)
============================================================
TEST AUC : 0.9094  acc 0.7908  f1 0.7820  axion_recall 0.8131
[DONE-QOVT-ABLATION] mode=quantum model_III N=500 seed=46 test_AUC=0.9094 val_sel_AUC=0.9087 per_class=(axion=0.9563 cdm=0.8303 no_sub=0.9415) params=142467 attn_params=384
