[INFO] QOVT-ABLATION D=64 P=8 depth=4 | mode=quantum | data=model_III N/class=500 seed=42 split_seed=0 | params=142467 attn_params=384 qlr=None lr=0.001 | train(1500, 64, 64) val_sel(4469, 64, 64) test(4470, 64, 64) device=cuda
[ep 001] val_sel AUC=0.5439 acc=0.3283
[ep 002] val_sel AUC=0.5609 acc=0.3285
[ep 003] val_sel AUC=0.5532 acc=0.3542
[ep 004] val_sel AUC=0.5518 acc=0.3433
[ep 005] val_sel AUC=0.5483 acc=0.3285
[ep 006] val_sel AUC=0.5385 acc=0.3515
[ep 007] val_sel AUC=0.5351 acc=0.3547
[ep 008] val_sel AUC=0.5331 acc=0.3462
[ep 009] val_sel AUC=0.5330 acc=0.3605
[ep 010] val_sel AUC=0.5331 acc=0.3585
[ep 011] val_sel AUC=0.5525 acc=0.3609
[ep 012] val_sel AUC=0.5550 acc=0.3732
[ep 013] val_sel AUC=0.5892 acc=0.3867
[ep 014] val_sel AUC=0.6194 acc=0.3945
[ep 015] val_sel AUC=0.7257 acc=0.4912
[ep 016] val_sel AUC=0.7712 acc=0.5735
[ep 017] val_sel AUC=0.7684 acc=0.5697
[ep 018] val_sel AUC=0.8031 acc=0.6017
[ep 019] val_sel AUC=0.7893 acc=0.5364
[ep 020] val_sel AUC=0.8331 acc=0.6467
[ep 021] val_sel AUC=0.8506 acc=0.6735
[ep 022] val_sel AUC=0.8613 acc=0.6720
[ep 023] val_sel AUC=0.8973 acc=0.7299
[ep 024] val_sel AUC=0.8717 acc=0.7192
[ep 025] val_sel AUC=0.8980 acc=0.7480
[ep 026] val_sel AUC=0.8998 acc=0.7377
[ep 027] val_sel AUC=0.9067 acc=0.7612
[ep 028] val_sel AUC=0.9178 acc=0.7762
[ep 029] val_sel AUC=0.9179 acc=0.7832
[ep 030] val_sel AUC=0.9185 acc=0.7838
============================================================
TEST (best val_sel epoch, held-out, evaluated once)
============================================================
TEST AUC : 0.9216  acc 0.7911  f1 0.7831  axion_recall 0.8469
[DONE-QOVT-ABLATION] mode=quantum model_III N=500 seed=42 test_AUC=0.9216 val_sel_AUC=0.9185 per_class=(axion=0.9624 cdm=0.8489 no_sub=0.9535) params=142467 attn_params=384
