[INFO] QOVT-ABLATION D=64 P=8 depth=4 | mode=quantum | data=model_III N/class=500 seed=48 split_seed=0 | params=142467 attn_params=384 qlr=None lr=0.001 | train(1500, 64, 64) val_sel(4469, 64, 64) test(4470, 64, 64) device=cuda
[ep 001] val_sel AUC=0.5277 acc=0.3285
[ep 002] val_sel AUC=0.5379 acc=0.3598
[ep 003] val_sel AUC=0.5426 acc=0.3283
[ep 004] val_sel AUC=0.5427 acc=0.3491
[ep 005] val_sel AUC=0.5408 acc=0.3433
[ep 006] val_sel AUC=0.5420 acc=0.3285
[ep 007] val_sel AUC=0.5444 acc=0.3283
[ep 008] val_sel AUC=0.5419 acc=0.3562
[ep 009] val_sel AUC=0.5422 acc=0.3455
[ep 010] val_sel AUC=0.5421 acc=0.3522
[ep 011] val_sel AUC=0.5420 acc=0.3283
[ep 012] val_sel AUC=0.5378 acc=0.3285
[ep 013] val_sel AUC=0.5339 acc=0.3285
[ep 014] val_sel AUC=0.5408 acc=0.3612
[ep 015] val_sel AUC=0.5414 acc=0.3643
[ep 016] val_sel AUC=0.5860 acc=0.3710
[ep 017] val_sel AUC=0.6457 acc=0.3826
[ep 018] val_sel AUC=0.7243 acc=0.5003
[ep 019] val_sel AUC=0.7752 acc=0.5440
[ep 020] val_sel AUC=0.8561 acc=0.6858
[ep 021] val_sel AUC=0.8792 acc=0.7308
[ep 022] val_sel AUC=0.8667 acc=0.7091
[ep 023] val_sel AUC=0.8787 acc=0.7411
[ep 024] val_sel AUC=0.8992 acc=0.7474
[ep 025] val_sel AUC=0.8829 acc=0.7474
[ep 026] val_sel AUC=0.9089 acc=0.7794
[ep 027] val_sel AUC=0.9215 acc=0.7964
[ep 028] val_sel AUC=0.9219 acc=0.7977
[ep 029] val_sel AUC=0.9208 acc=0.7986
[ep 030] val_sel AUC=0.9223 acc=0.7993
============================================================
TEST (best val_sel epoch, held-out, evaluated once)
============================================================
TEST AUC : 0.9250  acc 0.8054  f1 0.7957  axion_recall 0.8423
[DONE-QOVT-ABLATION] mode=quantum model_III N=500 seed=48 test_AUC=0.9250 val_sel_AUC=0.9223 per_class=(axion=0.9473 cdm=0.8573 no_sub=0.9704) params=142467 attn_params=384
