[INFO] QOVT-ABLATION D=64 P=8 depth=4 | mode=quantum | data=model_II N/class=500 seed=46 split_seed=0 | params=142467 attn_params=384 qlr=None lr=0.001 | train(1500, 64, 64) val_sel(4455, 64, 64) test(4455, 64, 64) device=cuda
[ep 001] val_sel AUC=0.5068 acc=0.3237
[ep 002] val_sel AUC=0.5196 acc=0.3237
[ep 003] val_sel AUC=0.5232 acc=0.3473
[ep 004] val_sel AUC=0.5377 acc=0.3315
[ep 005] val_sel AUC=0.5417 acc=0.3473
[ep 006] val_sel AUC=0.5478 acc=0.3473
[ep 007] val_sel AUC=0.5480 acc=0.3291
[ep 008] val_sel AUC=0.5448 acc=0.3473
[ep 009] val_sel AUC=0.5425 acc=0.3363
[ep 010] val_sel AUC=0.5424 acc=0.3832
[ep 011] val_sel AUC=0.5323 acc=0.3473
[ep 012] val_sel AUC=0.5204 acc=0.3291
[ep 013] val_sel AUC=0.5122 acc=0.3448
[ep 014] val_sel AUC=0.5206 acc=0.3291
[ep 015] val_sel AUC=0.5364 acc=0.3237
[ep 016] val_sel AUC=0.5401 acc=0.3365
[ep 017] val_sel AUC=0.5473 acc=0.3473
[ep 018] val_sel AUC=0.5500 acc=0.3387
[ep 019] val_sel AUC=0.5421 acc=0.3549
[ep 020] val_sel AUC=0.5489 acc=0.3634
[ep 021] val_sel AUC=0.5553 acc=0.3706
[ep 022] val_sel AUC=0.5639 acc=0.3643
[ep 023] val_sel AUC=0.5720 acc=0.3782
[ep 024] val_sel AUC=0.5743 acc=0.3782
[ep 025] val_sel AUC=0.5900 acc=0.3912
[ep 026] val_sel AUC=0.6187 acc=0.3886
[ep 027] val_sel AUC=0.6410 acc=0.3975
[ep 028] val_sel AUC=0.6583 acc=0.4308
[ep 029] val_sel AUC=0.6679 acc=0.4478
[ep 030] val_sel AUC=0.6713 acc=0.4536
============================================================
TEST (best val_sel epoch, held-out, evaluated once)
============================================================
TEST AUC : 0.6830  acc 0.4745  f1 0.4534  axion_recall 0.7394
[DONE-QOVT-ABLATION] mode=quantum model_II N=500 seed=46 test_AUC=0.6830 val_sel_AUC=0.6713 per_class=(axion=0.7717 cdm=0.5770 no_sub=0.7003) params=142467 attn_params=384
