[INFO] QOVT-ABLATION D=64 P=8 depth=4 | mode=quantum | data=model_II N/class=500 seed=50 split_seed=0 | params=142467 attn_params=384 qlr=None lr=0.001 | train(1500, 64, 64) val_sel(4455, 64, 64) test(4455, 64, 64) device=cuda
[ep 001] val_sel AUC=0.5192 acc=0.3237
[ep 002] val_sel AUC=0.5322 acc=0.3291
[ep 003] val_sel AUC=0.5378 acc=0.3291
[ep 004] val_sel AUC=0.5388 acc=0.3473
[ep 005] val_sel AUC=0.5459 acc=0.3473
[ep 006] val_sel AUC=0.5482 acc=0.3291
[ep 007] val_sel AUC=0.5495 acc=0.3237
[ep 008] val_sel AUC=0.5490 acc=0.3470
[ep 009] val_sel AUC=0.5505 acc=0.3836
[ep 010] val_sel AUC=0.5503 acc=0.3847
[ep 011] val_sel AUC=0.5442 acc=0.3576
[ep 012] val_sel AUC=0.5555 acc=0.3591
[ep 013] val_sel AUC=0.5606 acc=0.3578
[ep 014] val_sel AUC=0.5888 acc=0.3591
[ep 015] val_sel AUC=0.6164 acc=0.3643
[ep 016] val_sel AUC=0.6069 acc=0.3948
[ep 017] val_sel AUC=0.6719 acc=0.4750
[ep 018] val_sel AUC=0.7194 acc=0.5228
[ep 019] val_sel AUC=0.7851 acc=0.5951
[ep 020] val_sel AUC=0.7761 acc=0.5526
[ep 021] val_sel AUC=0.8442 acc=0.6611
[ep 022] val_sel AUC=0.8026 acc=0.6063
[ep 023] val_sel AUC=0.8762 acc=0.7421
[ep 024] val_sel AUC=0.9013 acc=0.7574
[ep 025] val_sel AUC=0.8539 acc=0.7230
[ep 026] val_sel AUC=0.9083 acc=0.7699
[ep 027] val_sel AUC=0.9019 acc=0.7603
[ep 028] val_sel AUC=0.9121 acc=0.7883
[ep 029] val_sel AUC=0.9139 acc=0.7978
[ep 030] val_sel AUC=0.9145 acc=0.7969
============================================================
TEST (best val_sel epoch, held-out, evaluated once)
============================================================
TEST AUC : 0.9206  acc 0.8108  f1 0.8013  axion_recall 0.8294
[DONE-QOVT-ABLATION] mode=quantum model_II N=500 seed=50 test_AUC=0.9206 val_sel_AUC=0.9145 per_class=(axion=0.9420 cdm=0.8504 no_sub=0.9695) params=142467 attn_params=384
