[INFO] QOVT-ABLATION D=64 P=8 depth=4 | mode=sham | data=model_III N/class=500 seed=48 split_seed=0 | params=174851 attn_params=32768 qlr=None lr=0.001 | train(1500, 64, 64) val_sel(4469, 64, 64) test(4470, 64, 64) device=cuda
[ep 001] val_sel AUC=0.5177 acc=0.3433
[ep 002] val_sel AUC=0.5415 acc=0.3433
[ep 003] val_sel AUC=0.5693 acc=0.3285
[ep 004] val_sel AUC=0.5961 acc=0.3283
[ep 005] val_sel AUC=0.6096 acc=0.3283
[ep 006] val_sel AUC=0.6074 acc=0.3433
[ep 007] val_sel AUC=0.6193 acc=0.3283
[ep 008] val_sel AUC=0.6151 acc=0.3679
[ep 009] val_sel AUC=0.6182 acc=0.3285
[ep 010] val_sel AUC=0.6181 acc=0.4399
[ep 011] val_sel AUC=0.6078 acc=0.3283
[ep 012] val_sel AUC=0.5604 acc=0.3285
[ep 013] val_sel AUC=0.5656 acc=0.3285
[ep 014] val_sel AUC=0.5799 acc=0.3710
[ep 015] val_sel AUC=0.5895 acc=0.3598
[ep 016] val_sel AUC=0.6186 acc=0.3963
[ep 017] val_sel AUC=0.6574 acc=0.4354
[ep 018] val_sel AUC=0.6910 acc=0.4486
[ep 019] val_sel AUC=0.7452 acc=0.5375
[ep 020] val_sel AUC=0.7455 acc=0.5229
[ep 021] val_sel AUC=0.8054 acc=0.6187
[ep 022] val_sel AUC=0.8332 acc=0.6655
[ep 023] val_sel AUC=0.8462 acc=0.6852
[ep 024] val_sel AUC=0.8505 acc=0.6789
[ep 025] val_sel AUC=0.8780 acc=0.7413
[ep 026] val_sel AUC=0.8761 acc=0.7250
[ep 027] val_sel AUC=0.8849 acc=0.7474
[ep 028] val_sel AUC=0.8916 acc=0.7655
[ep 029] val_sel AUC=0.8922 acc=0.7715
[ep 030] val_sel AUC=0.8922 acc=0.7608
============================================================
TEST (best val_sel epoch, held-out, evaluated once)
============================================================
TEST AUC : 0.8857  acc 0.7611  f1 0.7484  axion_recall 0.7586
[DONE-QOVT-ABLATION] mode=sham model_III N=500 seed=48 test_AUC=0.8857 val_sel_AUC=0.8922 per_class=(axion=0.9405 cdm=0.7921 no_sub=0.9246) params=174851 attn_params=32768
