[INFO] QOVT-ABLATION D=64 P=8 depth=4 | mode=sham | data=model_III N/class=500 seed=49 split_seed=0 | params=174851 attn_params=32768 qlr=None lr=0.001 | train(1500, 64, 64) val_sel(4469, 64, 64) test(4470, 64, 64) device=cuda
[ep 001] val_sel AUC=0.5058 acc=0.3283
[ep 002] val_sel AUC=0.5181 acc=0.3285
[ep 003] val_sel AUC=0.5339 acc=0.3433
[ep 004] val_sel AUC=0.5375 acc=0.3433
[ep 005] val_sel AUC=0.5394 acc=0.3283
[ep 006] val_sel AUC=0.5439 acc=0.3433
[ep 007] val_sel AUC=0.5493 acc=0.3433
[ep 008] val_sel AUC=0.5507 acc=0.3283
[ep 009] val_sel AUC=0.5517 acc=0.3569
[ep 010] val_sel AUC=0.5521 acc=0.3296
[ep 011] val_sel AUC=0.5704 acc=0.3283
[ep 012] val_sel AUC=0.5734 acc=0.3433
[ep 013] val_sel AUC=0.5672 acc=0.3285
[ep 014] val_sel AUC=0.5524 acc=0.3285
[ep 015] val_sel AUC=0.5787 acc=0.3916
[ep 016] val_sel AUC=0.6223 acc=0.3907
[ep 017] val_sel AUC=0.7035 acc=0.4921
[ep 018] val_sel AUC=0.8047 acc=0.6171
[ep 019] val_sel AUC=0.8380 acc=0.6731
[ep 020] val_sel AUC=0.8539 acc=0.6644
[ep 021] val_sel AUC=0.8793 acc=0.7225
[ep 022] val_sel AUC=0.9012 acc=0.7606
[ep 023] val_sel AUC=0.9068 acc=0.7733
[ep 024] val_sel AUC=0.9155 acc=0.7829
[ep 025] val_sel AUC=0.9168 acc=0.7944
[ep 026] val_sel AUC=0.9153 acc=0.7856
[ep 027] val_sel AUC=0.9218 acc=0.8055
[ep 028] val_sel AUC=0.9305 acc=0.8226
[ep 029] val_sel AUC=0.9303 acc=0.8286
[ep 030] val_sel AUC=0.9308 acc=0.8261
============================================================
TEST (best val_sel epoch, held-out, evaluated once)
============================================================
TEST AUC : 0.9290  acc 0.8282  f1 0.8244  axion_recall 0.7755
[DONE-QOVT-ABLATION] mode=sham model_III N=500 seed=49 test_AUC=0.9290 val_sel_AUC=0.9308 per_class=(axion=0.9486 cdm=0.8692 no_sub=0.9693) params=174851 attn_params=32768
