[INFO] QOVT-ABLATION D=64 P=8 depth=4 | mode=sham | data=model_III N/class=500 seed=42 split_seed=0 | params=174851 attn_params=32768 qlr=None lr=0.001 | train(1500, 64, 64) val_sel(4469, 64, 64) test(4470, 64, 64) device=cuda
[ep 001] val_sel AUC=0.5309 acc=0.3283
[ep 002] val_sel AUC=0.5334 acc=0.3433
[ep 003] val_sel AUC=0.5351 acc=0.3285
[ep 004] val_sel AUC=0.5369 acc=0.3285
[ep 005] val_sel AUC=0.5355 acc=0.3285
[ep 006] val_sel AUC=0.5360 acc=0.3285
[ep 007] val_sel AUC=0.5354 acc=0.3283
[ep 008] val_sel AUC=0.5350 acc=0.3433
[ep 009] val_sel AUC=0.5350 acc=0.3540
[ep 010] val_sel AUC=0.5349 acc=0.3529
[ep 011] val_sel AUC=0.5378 acc=0.3283
[ep 012] val_sel AUC=0.5413 acc=0.3283
[ep 013] val_sel AUC=0.5426 acc=0.3283
[ep 014] val_sel AUC=0.5427 acc=0.3283
[ep 015] val_sel AUC=0.5397 acc=0.3285
[ep 016] val_sel AUC=0.5394 acc=0.3468
[ep 017] val_sel AUC=0.5430 acc=0.3283
[ep 018] val_sel AUC=0.5432 acc=0.3377
[ep 019] val_sel AUC=0.5513 acc=0.3515
[ep 020] val_sel AUC=0.5643 acc=0.3898
[ep 021] val_sel AUC=0.5987 acc=0.3777
[ep 022] val_sel AUC=0.5969 acc=0.3990
[ep 023] val_sel AUC=0.6465 acc=0.4370
[ep 024] val_sel AUC=0.6850 acc=0.4695
[ep 025] val_sel AUC=0.7296 acc=0.5241
[ep 026] val_sel AUC=0.7471 acc=0.5628
[ep 027] val_sel AUC=0.7772 acc=0.6171
[ep 028] val_sel AUC=0.7817 acc=0.6151
[ep 029] val_sel AUC=0.7880 acc=0.6265
[ep 030] val_sel AUC=0.7898 acc=0.6256
============================================================
TEST (best val_sel epoch, held-out, evaluated once)
============================================================
TEST AUC : 0.7982  acc 0.6356  f1 0.6253  axion_recall 0.7508
[DONE-QOVT-ABLATION] mode=sham model_III N=500 seed=42 test_AUC=0.7982 val_sel_AUC=0.7898 per_class=(axion=0.8937 cdm=0.6761 no_sub=0.8249) params=174851 attn_params=32768
