[INFO] QOVT-ABLATION D=64 P=8 depth=4 | mode=sham | data=model_II N/class=500 seed=47 split_seed=0 | params=174851 attn_params=32768 qlr=None lr=0.001 | train(1500, 64, 64) val_sel(4455, 64, 64) test(4455, 64, 64) device=cuda
[ep 001] val_sel AUC=0.5186 acc=0.3473
[ep 002] val_sel AUC=0.5265 acc=0.3237
[ep 003] val_sel AUC=0.5323 acc=0.3473
[ep 004] val_sel AUC=0.5337 acc=0.3291
[ep 005] val_sel AUC=0.5345 acc=0.3237
[ep 006] val_sel AUC=0.5352 acc=0.3237
[ep 007] val_sel AUC=0.5365 acc=0.3473
[ep 008] val_sel AUC=0.5362 acc=0.3329
[ep 009] val_sel AUC=0.5357 acc=0.3524
[ep 010] val_sel AUC=0.5357 acc=0.3553
[ep 011] val_sel AUC=0.5426 acc=0.3291
[ep 012] val_sel AUC=0.5382 acc=0.3291
[ep 013] val_sel AUC=0.5247 acc=0.3443
[ep 014] val_sel AUC=0.5302 acc=0.3551
[ep 015] val_sel AUC=0.5355 acc=0.3511
[ep 016] val_sel AUC=0.5306 acc=0.3499
[ep 017] val_sel AUC=0.5315 acc=0.3365
[ep 018] val_sel AUC=0.5311 acc=0.3522
[ep 019] val_sel AUC=0.5346 acc=0.3607
[ep 020] val_sel AUC=0.5458 acc=0.3544
[ep 021] val_sel AUC=0.5508 acc=0.3681
[ep 022] val_sel AUC=0.5659 acc=0.3928
[ep 023] val_sel AUC=0.5901 acc=0.4101
[ep 024] val_sel AUC=0.6392 acc=0.4444
[ep 025] val_sel AUC=0.6389 acc=0.4132
[ep 026] val_sel AUC=0.6868 acc=0.4871
[ep 027] val_sel AUC=0.7087 acc=0.4786
[ep 028] val_sel AUC=0.7358 acc=0.5398
[ep 029] val_sel AUC=0.7410 acc=0.5506
[ep 030] val_sel AUC=0.7482 acc=0.5450
============================================================
TEST (best val_sel epoch, held-out, evaluated once)
============================================================
TEST AUC : 0.7624  acc 0.5634  f1 0.5507  axion_recall 0.6620
[DONE-QOVT-ABLATION] mode=sham model_II N=500 seed=47 test_AUC=0.7624 val_sel_AUC=0.7482 per_class=(axion=0.8476 cdm=0.6279 no_sub=0.8117) params=174851 attn_params=32768
