[INFO] QOVT-ABLATION D=64 P=8 depth=4 | mode=sham | data=model_II N/class=500 seed=44 split_seed=0 | params=174851 attn_params=32768 qlr=None lr=0.001 | train(1500, 64, 64) val_sel(4455, 64, 64) test(4455, 64, 64) device=cuda
[ep 001] val_sel AUC=0.5130 acc=0.3291
[ep 002] val_sel AUC=0.5205 acc=0.3237
[ep 003] val_sel AUC=0.5284 acc=0.3237
[ep 004] val_sel AUC=0.5331 acc=0.3237
[ep 005] val_sel AUC=0.5354 acc=0.3291
[ep 006] val_sel AUC=0.5397 acc=0.3473
[ep 007] val_sel AUC=0.5413 acc=0.3291
[ep 008] val_sel AUC=0.5429 acc=0.3237
[ep 009] val_sel AUC=0.5433 acc=0.3473
[ep 010] val_sel AUC=0.5435 acc=0.3473
[ep 011] val_sel AUC=0.5447 acc=0.3237
[ep 012] val_sel AUC=0.5432 acc=0.3237
[ep 013] val_sel AUC=0.5435 acc=0.3237
[ep 014] val_sel AUC=0.5432 acc=0.3291
[ep 015] val_sel AUC=0.5422 acc=0.3291
[ep 016] val_sel AUC=0.5413 acc=0.3291
[ep 017] val_sel AUC=0.5429 acc=0.3473
[ep 018] val_sel AUC=0.5428 acc=0.3473
[ep 019] val_sel AUC=0.5385 acc=0.3380
[ep 020] val_sel AUC=0.5335 acc=0.3473
[ep 021] val_sel AUC=0.5389 acc=0.3434
[ep 022] val_sel AUC=0.5310 acc=0.3499
[ep 023] val_sel AUC=0.5419 acc=0.3533
[ep 024] val_sel AUC=0.5399 acc=0.3430
[ep 025] val_sel AUC=0.5355 acc=0.3455
[ep 026] val_sel AUC=0.5343 acc=0.3437
[ep 027] val_sel AUC=0.5348 acc=0.3414
[ep 028] val_sel AUC=0.5343 acc=0.3432
[ep 029] val_sel AUC=0.5339 acc=0.3333
[ep 030] val_sel AUC=0.5339 acc=0.3392
============================================================
TEST (best val_sel epoch, held-out, evaluated once)
============================================================
TEST AUC : 0.5305  acc 0.3394  f1 0.1689  axion_recall 1.0000
[DONE-QOVT-ABLATION] mode=sham model_II N=500 seed=44 test_AUC=0.5305 val_sel_AUC=0.5447 per_class=(axion=0.5353 cdm=0.5213 no_sub=0.5349) params=174851 attn_params=32768
