[INFO] QOVT-ABLATION D=64 P=8 depth=4 | mode=sham | data=model_II N/class=500 seed=42 split_seed=0 | params=174851 attn_params=32768 qlr=None lr=0.001 | train(1500, 64, 64) val_sel(4455, 64, 64) test(4455, 64, 64) device=cuda
[ep 001] val_sel AUC=0.5253 acc=0.3291
[ep 002] val_sel AUC=0.5309 acc=0.3473
[ep 003] val_sel AUC=0.5340 acc=0.3237
[ep 004] val_sel AUC=0.5374 acc=0.3237
[ep 005] val_sel AUC=0.5394 acc=0.3237
[ep 006] val_sel AUC=0.5413 acc=0.3237
[ep 007] val_sel AUC=0.5414 acc=0.3291
[ep 008] val_sel AUC=0.5421 acc=0.3473
[ep 009] val_sel AUC=0.5418 acc=0.3473
[ep 010] val_sel AUC=0.5418 acc=0.3322
[ep 011] val_sel AUC=0.5417 acc=0.3291
[ep 012] val_sel AUC=0.5482 acc=0.3291
[ep 013] val_sel AUC=0.5476 acc=0.3291
[ep 014] val_sel AUC=0.5479 acc=0.3291
[ep 015] val_sel AUC=0.5501 acc=0.3237
[ep 016] val_sel AUC=0.5440 acc=0.3291
[ep 017] val_sel AUC=0.5411 acc=0.3291
[ep 018] val_sel AUC=0.5410 acc=0.3237
[ep 019] val_sel AUC=0.5365 acc=0.3291
[ep 020] val_sel AUC=0.5351 acc=0.3291
[ep 021] val_sel AUC=0.5318 acc=0.3302
[ep 022] val_sel AUC=0.5243 acc=0.3291
[ep 023] val_sel AUC=0.5240 acc=0.3473
[ep 024] val_sel AUC=0.5203 acc=0.3569
[ep 025] val_sel AUC=0.5226 acc=0.3363
[ep 026] val_sel AUC=0.5197 acc=0.3425
[ep 027] val_sel AUC=0.5226 acc=0.3401
[ep 028] val_sel AUC=0.5221 acc=0.3392
[ep 029] val_sel AUC=0.5222 acc=0.3398
[ep 030] val_sel AUC=0.5221 acc=0.3401
============================================================
TEST (best val_sel epoch, held-out, evaluated once)
============================================================
TEST AUC : 0.5491  acc 0.3394  f1 0.1689  axion_recall 1.0000
[DONE-QOVT-ABLATION] mode=sham model_II N=500 seed=42 test_AUC=0.5491 val_sel_AUC=0.5501 per_class=(axion=0.5386 cdm=0.5509 no_sub=0.5579) params=174851 attn_params=32768
