[INFO] QOVT-ABLATION D=64 P=8 depth=4 | mode=sham | data=model_II N/class=500 seed=46 split_seed=0 | params=174851 attn_params=32768 qlr=None lr=0.001 | train(1500, 64, 64) val_sel(4455, 64, 64) test(4455, 64, 64) device=cuda
[ep 001] val_sel AUC=0.5412 acc=0.3291
[ep 002] val_sel AUC=0.5463 acc=0.3291
[ep 003] val_sel AUC=0.5498 acc=0.3473
[ep 004] val_sel AUC=0.5524 acc=0.3473
[ep 005] val_sel AUC=0.5635 acc=0.3237
[ep 006] val_sel AUC=0.5668 acc=0.3237
[ep 007] val_sel AUC=0.5688 acc=0.3291
[ep 008] val_sel AUC=0.5702 acc=0.3237
[ep 009] val_sel AUC=0.5700 acc=0.3237
[ep 010] val_sel AUC=0.5701 acc=0.3237
[ep 011] val_sel AUC=0.5730 acc=0.3291
[ep 012] val_sel AUC=0.5758 acc=0.3473
[ep 013] val_sel AUC=0.5566 acc=0.3473
[ep 014] val_sel AUC=0.5638 acc=0.3237
[ep 015] val_sel AUC=0.5869 acc=0.3237
[ep 016] val_sel AUC=0.5912 acc=0.3237
[ep 017] val_sel AUC=0.5783 acc=0.3237
[ep 018] val_sel AUC=0.5818 acc=0.3473
[ep 019] val_sel AUC=0.5893 acc=0.3291
[ep 020] val_sel AUC=0.5799 acc=0.3473
[ep 021] val_sel AUC=0.5730 acc=0.3291
[ep 022] val_sel AUC=0.5696 acc=0.3473
[ep 023] val_sel AUC=0.5603 acc=0.3473
[ep 024] val_sel AUC=0.5515 acc=0.3237
[ep 025] val_sel AUC=0.5597 acc=0.3567
[ep 026] val_sel AUC=0.5517 acc=0.3266
[ep 027] val_sel AUC=0.5534 acc=0.3302
[ep 028] val_sel AUC=0.5563 acc=0.3704
[ep 029] val_sel AUC=0.5564 acc=0.3706
[ep 030] val_sel AUC=0.5563 acc=0.3735
============================================================
TEST (best val_sel epoch, held-out, evaluated once)
============================================================
TEST AUC : 0.5782  acc 0.3394  f1 0.1689  axion_recall 1.0000
[DONE-QOVT-ABLATION] mode=sham model_II N=500 seed=46 test_AUC=0.5782 val_sel_AUC=0.5912 per_class=(axion=0.5941 cdm=0.5403 no_sub=0.6002) params=174851 attn_params=32768
