[INFO] QPE D=64 P=8 depth=4 | embed=conv circuit_layers=n/a | data=model_III N/class=500 seed=43 split_seed=0 | params=207619 embed_params=4160 lr=0.001 epochs=48 | train(1500, 64, 64) val_sel(4469, 64, 64) test(4470, 64, 64) device=cuda
[ep 001] val_sel AUC=0.5129 acc=0.3285
[ep 002] val_sel AUC=0.5169 acc=0.3433
[ep 003] val_sel AUC=0.5285 acc=0.3285
[ep 004] val_sel AUC=0.5312 acc=0.3285
[ep 005] val_sel AUC=0.5411 acc=0.3433
[ep 006] val_sel AUC=0.5413 acc=0.3285
[ep 007] val_sel AUC=0.5503 acc=0.3283
[ep 008] val_sel AUC=0.5442 acc=0.3285
[ep 009] val_sel AUC=0.5497 acc=0.3283
[ep 010] val_sel AUC=0.5485 acc=0.3433
[ep 011] val_sel AUC=0.5465 acc=0.3285
[ep 012] val_sel AUC=0.5470 acc=0.3283
[ep 013] val_sel AUC=0.5456 acc=0.3274
[ep 014] val_sel AUC=0.5451 acc=0.3350
[ep 015] val_sel AUC=0.5449 acc=0.3285
[ep 016] val_sel AUC=0.5449 acc=0.3285
[ep 017] val_sel AUC=0.5445 acc=0.3433
[ep 018] val_sel AUC=0.5409 acc=0.3433
[ep 019] val_sel AUC=0.5438 acc=0.3285
[ep 020] val_sel AUC=0.5419 acc=0.3283
[ep 021] val_sel AUC=0.5409 acc=0.3437
[ep 022] val_sel AUC=0.5396 acc=0.3522
[ep 023] val_sel AUC=0.5418 acc=0.3433
[ep 024] val_sel AUC=0.5413 acc=0.3433
[ep 025] val_sel AUC=0.5448 acc=0.3504
[ep 026] val_sel AUC=0.5295 acc=0.3627
[ep 027] val_sel AUC=0.5371 acc=0.3578
[ep 028] val_sel AUC=0.5590 acc=0.3670
[ep 029] val_sel AUC=0.5984 acc=0.3932
[ep 030] val_sel AUC=0.6328 acc=0.4408
[ep 031] val_sel AUC=0.6822 acc=0.4764
[ep 032] val_sel AUC=0.6434 acc=0.4554
[ep 033] val_sel AUC=0.6948 acc=0.4768
[ep 034] val_sel AUC=0.7345 acc=0.5323
[ep 035] val_sel AUC=0.7381 acc=0.5440
[ep 036] val_sel AUC=0.7732 acc=0.5849
[ep 037] val_sel AUC=0.7848 acc=0.6124
[ep 038] val_sel AUC=0.8071 acc=0.6178
[ep 039] val_sel AUC=0.8092 acc=0.6151
[ep 040] val_sel AUC=0.8318 acc=0.6679
[ep 041] val_sel AUC=0.8424 acc=0.6764
[ep 042] val_sel AUC=0.8474 acc=0.6800
[ep 043] val_sel AUC=0.8570 acc=0.7053
[ep 044] val_sel AUC=0.8595 acc=0.7049
[ep 045] val_sel AUC=0.8621 acc=0.7071
[ep 046] val_sel AUC=0.8616 acc=0.7084
[ep 047] val_sel AUC=0.8636 acc=0.7104
[ep 048] val_sel AUC=0.8638 acc=0.7104
============================================================
TEST (best val_sel epoch, held-out, evaluated once)
============================================================
[DONE-QPE] embed=conv model_III N=500 seed=43 test_AUC=0.8571 val_sel_AUC=0.8638 per_class=(axion=0.9087 cdm=0.7411 no_sub=0.9214) params=207619 embed_params=4160 angle_drift=None U_frob_drift=None
