[INFO] QPE D=64 P=8 depth=4 | embed=conv circuit_layers=n/a | data=model_II N/class=500 seed=48 split_seed=0 | params=207619 embed_params=4160 lr=0.001 epochs=48 | train(1500, 64, 64) val_sel(4455, 64, 64) test(4455, 64, 64) device=cuda
[ep 001] val_sel AUC=0.5154 acc=0.3473
[ep 002] val_sel AUC=0.5192 acc=0.3237
[ep 003] val_sel AUC=0.5205 acc=0.3291
[ep 004] val_sel AUC=0.5286 acc=0.3237
[ep 005] val_sel AUC=0.5327 acc=0.3291
[ep 006] val_sel AUC=0.5360 acc=0.3473
[ep 007] val_sel AUC=0.5383 acc=0.3237
[ep 008] val_sel AUC=0.5392 acc=0.3291
[ep 009] val_sel AUC=0.5415 acc=0.3473
[ep 010] val_sel AUC=0.5416 acc=0.3473
[ep 011] val_sel AUC=0.5420 acc=0.3237
[ep 012] val_sel AUC=0.5420 acc=0.3291
[ep 013] val_sel AUC=0.5422 acc=0.3237
[ep 014] val_sel AUC=0.5425 acc=0.3291
[ep 015] val_sel AUC=0.5426 acc=0.3291
[ep 016] val_sel AUC=0.5426 acc=0.3291
[ep 017] val_sel AUC=0.5431 acc=0.3237
[ep 018] val_sel AUC=0.5458 acc=0.3473
[ep 019] val_sel AUC=0.5423 acc=0.3237
[ep 020] val_sel AUC=0.5440 acc=0.3237
[ep 021] val_sel AUC=0.5457 acc=0.3237
[ep 022] val_sel AUC=0.5423 acc=0.3291
[ep 023] val_sel AUC=0.5479 acc=0.3616
[ep 024] val_sel AUC=0.5431 acc=0.3237
[ep 025] val_sel AUC=0.5434 acc=0.3383
[ep 026] val_sel AUC=0.5436 acc=0.3291
[ep 027] val_sel AUC=0.5409 acc=0.3473
[ep 028] val_sel AUC=0.5353 acc=0.3291
[ep 029] val_sel AUC=0.5340 acc=0.3473
[ep 030] val_sel AUC=0.5378 acc=0.3473
[ep 031] val_sel AUC=0.5366 acc=0.3571
[ep 032] val_sel AUC=0.5345 acc=0.3457
[ep 033] val_sel AUC=0.5467 acc=0.3533
[ep 034] val_sel AUC=0.5502 acc=0.3558
[ep 035] val_sel AUC=0.5821 acc=0.3347
[ep 036] val_sel AUC=0.6169 acc=0.4373
[ep 037] val_sel AUC=0.6042 acc=0.3773
[ep 038] val_sel AUC=0.6916 acc=0.4669
[ep 039] val_sel AUC=0.7682 acc=0.5407
[ep 040] val_sel AUC=0.7878 acc=0.6081
[ep 041] val_sel AUC=0.8048 acc=0.6233
[ep 042] val_sel AUC=0.8365 acc=0.6721
[ep 043] val_sel AUC=0.8496 acc=0.6882
[ep 044] val_sel AUC=0.8544 acc=0.6920
[ep 045] val_sel AUC=0.8590 acc=0.6907
[ep 046] val_sel AUC=0.8708 acc=0.7187
[ep 047] val_sel AUC=0.8710 acc=0.7183
[ep 048] val_sel AUC=0.8709 acc=0.7163
============================================================
TEST (best val_sel epoch, held-out, evaluated once)
============================================================
[DONE-QPE] embed=conv model_II N=500 seed=48 test_AUC=0.8691 val_sel_AUC=0.8710 per_class=(axion=0.9254 cdm=0.7702 no_sub=0.9116) params=207619 embed_params=4160 angle_drift=None U_frob_drift=None
