[INFO] QPE D=64 P=8 depth=4 | embed=conv circuit_layers=n/a | data=model_III N/class=500 seed=47 split_seed=0 | params=207619 embed_params=4160 lr=0.001 epochs=48 | train(1500, 64, 64) val_sel(4469, 64, 64) test(4470, 64, 64) device=cuda
[ep 001] val_sel AUC=0.4495 acc=0.3283
[ep 002] val_sel AUC=0.4614 acc=0.3283
[ep 003] val_sel AUC=0.4741 acc=0.3283
[ep 004] val_sel AUC=0.4856 acc=0.3433
[ep 005] val_sel AUC=0.4967 acc=0.3283
[ep 006] val_sel AUC=0.5094 acc=0.3283
[ep 007] val_sel AUC=0.5211 acc=0.3433
[ep 008] val_sel AUC=0.5298 acc=0.3283
[ep 009] val_sel AUC=0.5398 acc=0.3285
[ep 010] val_sel AUC=0.5384 acc=0.3433
[ep 011] val_sel AUC=0.5409 acc=0.3433
[ep 012] val_sel AUC=0.5442 acc=0.3285
[ep 013] val_sel AUC=0.5453 acc=0.3283
[ep 014] val_sel AUC=0.5464 acc=0.3283
[ep 015] val_sel AUC=0.5472 acc=0.3285
[ep 016] val_sel AUC=0.5471 acc=0.3332
[ep 017] val_sel AUC=0.5527 acc=0.3433
[ep 018] val_sel AUC=0.5567 acc=0.3283
[ep 019] val_sel AUC=0.5583 acc=0.3433
[ep 020] val_sel AUC=0.5578 acc=0.3285
[ep 021] val_sel AUC=0.5587 acc=0.3285
[ep 022] val_sel AUC=0.5581 acc=0.3283
[ep 023] val_sel AUC=0.5613 acc=0.3732
[ep 024] val_sel AUC=0.5535 acc=0.3433
[ep 025] val_sel AUC=0.5452 acc=0.3433
[ep 026] val_sel AUC=0.5452 acc=0.3332
[ep 027] val_sel AUC=0.5480 acc=0.3616
[ep 028] val_sel AUC=0.5402 acc=0.3493
[ep 029] val_sel AUC=0.5559 acc=0.3797
[ep 030] val_sel AUC=0.5758 acc=0.4059
[ep 031] val_sel AUC=0.5976 acc=0.3900
[ep 032] val_sel AUC=0.6612 acc=0.4547
[ep 033] val_sel AUC=0.6836 acc=0.4538
[ep 034] val_sel AUC=0.7743 acc=0.5827
[ep 035] val_sel AUC=0.8096 acc=0.6234
[ep 036] val_sel AUC=0.7784 acc=0.5440
[ep 037] val_sel AUC=0.8286 acc=0.6286
[ep 038] val_sel AUC=0.8537 acc=0.6608
[ep 039] val_sel AUC=0.8342 acc=0.6426
[ep 040] val_sel AUC=0.8509 acc=0.6771
[ep 041] val_sel AUC=0.8722 acc=0.7216
[ep 042] val_sel AUC=0.8781 acc=0.7136
[ep 043] val_sel AUC=0.8864 acc=0.7386
[ep 044] val_sel AUC=0.8904 acc=0.7465
[ep 045] val_sel AUC=0.8911 acc=0.7548
[ep 046] val_sel AUC=0.8880 acc=0.7317
[ep 047] val_sel AUC=0.8936 acc=0.7552
[ep 048] val_sel AUC=0.8937 acc=0.7523
============================================================
TEST (best val_sel epoch, held-out, evaluated once)
============================================================
[DONE-QPE] embed=conv model_III N=500 seed=47 test_AUC=0.8929 val_sel_AUC=0.8937 per_class=(axion=0.9468 cdm=0.8063 no_sub=0.9256) params=207619 embed_params=4160 angle_drift=None U_frob_drift=None
