[INFO] QPE D=64 P=8 depth=4 | embed=conv circuit_layers=n/a | data=model_II N/class=500 seed=54 split_seed=0 | params=207619 embed_params=4160 lr=0.001 epochs=48 | train(1500, 64, 64) val_sel(4455, 64, 64) test(4455, 64, 64) device=cuda
[ep 001] val_sel AUC=0.5388 acc=0.3473
[ep 002] val_sel AUC=0.5360 acc=0.3473
[ep 003] val_sel AUC=0.5476 acc=0.3717
[ep 004] val_sel AUC=0.5503 acc=0.3291
[ep 005] val_sel AUC=0.5476 acc=0.3291
[ep 006] val_sel AUC=0.5504 acc=0.3237
[ep 007] val_sel AUC=0.5482 acc=0.3237
[ep 008] val_sel AUC=0.5434 acc=0.3473
[ep 009] val_sel AUC=0.5399 acc=0.3432
[ep 010] val_sel AUC=0.5351 acc=0.3291
[ep 011] val_sel AUC=0.5256 acc=0.3473
[ep 012] val_sel AUC=0.5274 acc=0.3437
[ep 013] val_sel AUC=0.5238 acc=0.3237
[ep 014] val_sel AUC=0.5245 acc=0.3181
[ep 015] val_sel AUC=0.5249 acc=0.3481
[ep 016] val_sel AUC=0.5247 acc=0.3580
[ep 017] val_sel AUC=0.5473 acc=0.3473
[ep 018] val_sel AUC=0.5523 acc=0.3237
[ep 019] val_sel AUC=0.5399 acc=0.3237
[ep 020] val_sel AUC=0.5481 acc=0.3473
[ep 021] val_sel AUC=0.5509 acc=0.3473
[ep 022] val_sel AUC=0.5405 acc=0.3627
[ep 023] val_sel AUC=0.5279 acc=0.3291
[ep 024] val_sel AUC=0.5296 acc=0.3473
[ep 025] val_sel AUC=0.5332 acc=0.3473
[ep 026] val_sel AUC=0.5404 acc=0.3255
[ep 027] val_sel AUC=0.5476 acc=0.3484
[ep 028] val_sel AUC=0.5673 acc=0.3517
[ep 029] val_sel AUC=0.5466 acc=0.3807
[ep 030] val_sel AUC=0.5689 acc=0.3818
[ep 031] val_sel AUC=0.5874 acc=0.3567
[ep 032] val_sel AUC=0.6622 acc=0.4772
[ep 033] val_sel AUC=0.7202 acc=0.5080
[ep 034] val_sel AUC=0.8126 acc=0.6296
[ep 035] val_sel AUC=0.8419 acc=0.6732
[ep 036] val_sel AUC=0.8558 acc=0.7062
[ep 037] val_sel AUC=0.8774 acc=0.7244
[ep 038] val_sel AUC=0.8935 acc=0.7405
[ep 039] val_sel AUC=0.8940 acc=0.7562
[ep 040] val_sel AUC=0.8999 acc=0.7497
[ep 041] val_sel AUC=0.9031 acc=0.7735
[ep 042] val_sel AUC=0.9067 acc=0.7879
[ep 043] val_sel AUC=0.9181 acc=0.8103
[ep 044] val_sel AUC=0.9152 acc=0.7969
[ep 045] val_sel AUC=0.9205 acc=0.8083
[ep 046] val_sel AUC=0.9220 acc=0.8146
[ep 047] val_sel AUC=0.9226 acc=0.8168
[ep 048] val_sel AUC=0.9224 acc=0.8171
============================================================
TEST (best val_sel epoch, held-out, evaluated once)
============================================================
[DONE-QPE] embed=conv model_II N=500 seed=54 test_AUC=0.9269 val_sel_AUC=0.9226 per_class=(axion=0.9493 cdm=0.8633 no_sub=0.9682) params=207619 embed_params=4160 angle_drift=None U_frob_drift=None
