[INFO] QPE D=64 P=8 depth=4 | embed=conv circuit_layers=n/a | data=model_II N/class=500 seed=56 split_seed=0 | params=207619 embed_params=4160 lr=0.001 epochs=48 | train(1500, 64, 64) val_sel(4455, 64, 64) test(4455, 64, 64) device=cuda
[ep 001] val_sel AUC=0.5215 acc=0.3237
[ep 002] val_sel AUC=0.5245 acc=0.3237
[ep 003] val_sel AUC=0.5244 acc=0.3237
[ep 004] val_sel AUC=0.5243 acc=0.3291
[ep 005] val_sel AUC=0.5225 acc=0.3291
[ep 006] val_sel AUC=0.5227 acc=0.3291
[ep 007] val_sel AUC=0.5209 acc=0.3450
[ep 008] val_sel AUC=0.5223 acc=0.3291
[ep 009] val_sel AUC=0.5235 acc=0.3291
[ep 010] val_sel AUC=0.5226 acc=0.3237
[ep 011] val_sel AUC=0.5229 acc=0.3291
[ep 012] val_sel AUC=0.5250 acc=0.3291
[ep 013] val_sel AUC=0.5253 acc=0.3178
[ep 014] val_sel AUC=0.5263 acc=0.3459
[ep 015] val_sel AUC=0.5266 acc=0.3511
[ep 016] val_sel AUC=0.5265 acc=0.3432
[ep 017] val_sel AUC=0.5373 acc=0.3623
[ep 018] val_sel AUC=0.5470 acc=0.3473
[ep 019] val_sel AUC=0.5544 acc=0.3374
[ep 020] val_sel AUC=0.5527 acc=0.3841
[ep 021] val_sel AUC=0.5518 acc=0.3713
[ep 022] val_sel AUC=0.5891 acc=0.3722
[ep 023] val_sel AUC=0.5872 acc=0.3899
[ep 024] val_sel AUC=0.6416 acc=0.4629
[ep 025] val_sel AUC=0.6565 acc=0.4453
[ep 026] val_sel AUC=0.7510 acc=0.5313
[ep 027] val_sel AUC=0.7634 acc=0.5805
[ep 028] val_sel AUC=0.8099 acc=0.5933
[ep 029] val_sel AUC=0.8550 acc=0.6988
[ep 030] val_sel AUC=0.8659 acc=0.6976
[ep 031] val_sel AUC=0.8912 acc=0.7457
[ep 032] val_sel AUC=0.9037 acc=0.7450
[ep 033] val_sel AUC=0.9149 acc=0.7820
[ep 034] val_sel AUC=0.8555 acc=0.6900
[ep 035] val_sel AUC=0.9126 acc=0.7659
[ep 036] val_sel AUC=0.9204 acc=0.7899
[ep 037] val_sel AUC=0.9219 acc=0.7998
[ep 038] val_sel AUC=0.9233 acc=0.8121
[ep 039] val_sel AUC=0.9232 acc=0.8097
[ep 040] val_sel AUC=0.9252 acc=0.8094
[ep 041] val_sel AUC=0.9278 acc=0.8200
[ep 042] val_sel AUC=0.9286 acc=0.8281
[ep 043] val_sel AUC=0.9281 acc=0.8200
[ep 044] val_sel AUC=0.9325 acc=0.8359
[ep 045] val_sel AUC=0.9336 acc=0.8366
[ep 046] val_sel AUC=0.9341 acc=0.8370
[ep 047] val_sel AUC=0.9344 acc=0.8384
[ep 048] val_sel AUC=0.9345 acc=0.8386
============================================================
TEST (best val_sel epoch, held-out, evaluated once)
============================================================
[DONE-QPE] embed=conv model_II N=500 seed=56 test_AUC=0.9326 val_sel_AUC=0.9345 per_class=(axion=0.9444 cdm=0.8745 no_sub=0.9790) params=207619 embed_params=4160 angle_drift=None U_frob_drift=None
