[INFO] QPE D=64 P=8 depth=4 | embed=conv circuit_layers=n/a | data=model_II N/class=500 seed=53 split_seed=0 | params=207619 embed_params=4160 lr=0.001 epochs=48 | train(1500, 64, 64) val_sel(4455, 64, 64) test(4455, 64, 64) device=cuda
[ep 001] val_sel AUC=0.4740 acc=0.3291
[ep 002] val_sel AUC=0.4822 acc=0.3291
[ep 003] val_sel AUC=0.4872 acc=0.3291
[ep 004] val_sel AUC=0.5100 acc=0.3473
[ep 005] val_sel AUC=0.5215 acc=0.3237
[ep 006] val_sel AUC=0.5318 acc=0.3291
[ep 007] val_sel AUC=0.5498 acc=0.3473
[ep 008] val_sel AUC=0.5580 acc=0.3237
[ep 009] val_sel AUC=0.5661 acc=0.3237
[ep 010] val_sel AUC=0.5723 acc=0.3291
[ep 011] val_sel AUC=0.5746 acc=0.3291
[ep 012] val_sel AUC=0.5755 acc=0.3473
[ep 013] val_sel AUC=0.5768 acc=0.3473
[ep 014] val_sel AUC=0.5782 acc=0.3291
[ep 015] val_sel AUC=0.5782 acc=0.3237
[ep 016] val_sel AUC=0.5783 acc=0.3237
[ep 017] val_sel AUC=0.5786 acc=0.3237
[ep 018] val_sel AUC=0.5813 acc=0.3237
[ep 019] val_sel AUC=0.5873 acc=0.3237
[ep 020] val_sel AUC=0.5857 acc=0.3237
[ep 021] val_sel AUC=0.5738 acc=0.3473
[ep 022] val_sel AUC=0.5652 acc=0.3473
[ep 023] val_sel AUC=0.5612 acc=0.3237
[ep 024] val_sel AUC=0.5528 acc=0.3291
[ep 025] val_sel AUC=0.5541 acc=0.3237
[ep 026] val_sel AUC=0.5471 acc=0.3291
[ep 027] val_sel AUC=0.5510 acc=0.3237
[ep 028] val_sel AUC=0.5468 acc=0.3237
[ep 029] val_sel AUC=0.5457 acc=0.3291
[ep 030] val_sel AUC=0.5489 acc=0.3291
[ep 031] val_sel AUC=0.5543 acc=0.3506
[ep 032] val_sel AUC=0.5649 acc=0.3823
[ep 033] val_sel AUC=0.5658 acc=0.3699
[ep 034] val_sel AUC=0.5911 acc=0.3892
[ep 035] val_sel AUC=0.6288 acc=0.4099
[ep 036] val_sel AUC=0.7266 acc=0.5273
[ep 037] val_sel AUC=0.7697 acc=0.5800
[ep 038] val_sel AUC=0.8309 acc=0.6013
[ep 039] val_sel AUC=0.8435 acc=0.6723
[ep 040] val_sel AUC=0.8733 acc=0.6997
[ep 041] val_sel AUC=0.8933 acc=0.7457
[ep 042] val_sel AUC=0.8818 acc=0.7486
[ep 043] val_sel AUC=0.9029 acc=0.7706
[ep 044] val_sel AUC=0.9031 acc=0.7746
[ep 045] val_sel AUC=0.9118 acc=0.7901
[ep 046] val_sel AUC=0.9109 acc=0.7944
[ep 047] val_sel AUC=0.9125 acc=0.7962
[ep 048] val_sel AUC=0.9137 acc=0.7969
============================================================
TEST (best val_sel epoch, held-out, evaluated once)
============================================================
[DONE-QPE] embed=conv model_II N=500 seed=53 test_AUC=0.9219 val_sel_AUC=0.9137 per_class=(axion=0.9598 cdm=0.8507 no_sub=0.9553) params=207619 embed_params=4160 angle_drift=None U_frob_drift=None
