[INFO] QPE D=64 P=8 depth=4 | embed=conv circuit_layers=n/a | data=model_III N/class=500 seed=45 split_seed=0 | params=207619 embed_params=4160 lr=0.001 epochs=48 | train(1500, 64, 64) val_sel(4469, 64, 64) test(4470, 64, 64) device=cuda
[ep 001] val_sel AUC=0.4915 acc=0.3283
[ep 002] val_sel AUC=0.4974 acc=0.3285
[ep 003] val_sel AUC=0.5042 acc=0.3285
[ep 004] val_sel AUC=0.5145 acc=0.3283
[ep 005] val_sel AUC=0.5163 acc=0.3433
[ep 006] val_sel AUC=0.5169 acc=0.3285
[ep 007] val_sel AUC=0.5202 acc=0.3285
[ep 008] val_sel AUC=0.5208 acc=0.3285
[ep 009] val_sel AUC=0.5224 acc=0.3285
[ep 010] val_sel AUC=0.5238 acc=0.3433
[ep 011] val_sel AUC=0.5242 acc=0.3285
[ep 012] val_sel AUC=0.5247 acc=0.3283
[ep 013] val_sel AUC=0.5250 acc=0.3441
[ep 014] val_sel AUC=0.5251 acc=0.3471
[ep 015] val_sel AUC=0.5252 acc=0.3509
[ep 016] val_sel AUC=0.5252 acc=0.3285
[ep 017] val_sel AUC=0.5270 acc=0.3383
[ep 018] val_sel AUC=0.5299 acc=0.3283
[ep 019] val_sel AUC=0.5322 acc=0.3283
[ep 020] val_sel AUC=0.5349 acc=0.3283
[ep 021] val_sel AUC=0.5397 acc=0.3285
[ep 022] val_sel AUC=0.5448 acc=0.3285
[ep 023] val_sel AUC=0.5544 acc=0.3285
[ep 024] val_sel AUC=0.5625 acc=0.3285
[ep 025] val_sel AUC=0.5541 acc=0.3285
[ep 026] val_sel AUC=0.5595 acc=0.3285
[ep 027] val_sel AUC=0.5548 acc=0.3441
[ep 028] val_sel AUC=0.5744 acc=0.3513
[ep 029] val_sel AUC=0.6319 acc=0.4307
[ep 030] val_sel AUC=0.6990 acc=0.4258
[ep 031] val_sel AUC=0.7470 acc=0.5458
[ep 032] val_sel AUC=0.8128 acc=0.6035
[ep 033] val_sel AUC=0.8374 acc=0.6762
[ep 034] val_sel AUC=0.8520 acc=0.6666
[ep 035] val_sel AUC=0.8389 acc=0.6572
[ep 036] val_sel AUC=0.8737 acc=0.7163
[ep 037] val_sel AUC=0.8682 acc=0.7060
[ep 038] val_sel AUC=0.8824 acc=0.7120
[ep 039] val_sel AUC=0.8926 acc=0.7181
[ep 040] val_sel AUC=0.8960 acc=0.7467
[ep 041] val_sel AUC=0.9027 acc=0.7619
[ep 042] val_sel AUC=0.9049 acc=0.7568
[ep 043] val_sel AUC=0.9072 acc=0.7583
[ep 044] val_sel AUC=0.9091 acc=0.7791
[ep 045] val_sel AUC=0.9117 acc=0.7783
[ep 046] val_sel AUC=0.9083 acc=0.7814
[ep 047] val_sel AUC=0.9107 acc=0.7827
[ep 048] val_sel AUC=0.9110 acc=0.7834
============================================================
TEST (best val_sel epoch, held-out, evaluated once)
============================================================
[DONE-QPE] embed=conv model_III N=500 seed=45 test_AUC=0.9087 val_sel_AUC=0.9117 per_class=(axion=0.9562 cdm=0.8303 no_sub=0.9397) params=207619 embed_params=4160 angle_drift=None U_frob_drift=None
