[INFO] QPE D=64 P=8 depth=4 | embed=conv circuit_layers=n/a | data=model_III N/class=500 seed=54 split_seed=0 | params=207619 embed_params=4160 lr=0.001 epochs=48 | train(1500, 64, 64) val_sel(4469, 64, 64) test(4470, 64, 64) device=cuda
[ep 001] val_sel AUC=0.5327 acc=0.3433
[ep 002] val_sel AUC=0.5374 acc=0.3433
[ep 003] val_sel AUC=0.5640 acc=0.3292
[ep 004] val_sel AUC=0.5781 acc=0.3283
[ep 005] val_sel AUC=0.5816 acc=0.3283
[ep 006] val_sel AUC=0.5919 acc=0.3285
[ep 007] val_sel AUC=0.5946 acc=0.3285
[ep 008] val_sel AUC=0.5932 acc=0.3433
[ep 009] val_sel AUC=0.5967 acc=0.3446
[ep 010] val_sel AUC=0.5968 acc=0.3283
[ep 011] val_sel AUC=0.5879 acc=0.3433
[ep 012] val_sel AUC=0.5891 acc=0.3283
[ep 013] val_sel AUC=0.5829 acc=0.3285
[ep 014] val_sel AUC=0.5822 acc=0.3285
[ep 015] val_sel AUC=0.5815 acc=0.3377
[ep 016] val_sel AUC=0.5810 acc=0.3283
[ep 017] val_sel AUC=0.5480 acc=0.3433
[ep 018] val_sel AUC=0.5774 acc=0.3285
[ep 019] val_sel AUC=0.5358 acc=0.3285
[ep 020] val_sel AUC=0.5526 acc=0.3433
[ep 021] val_sel AUC=0.5665 acc=0.3433
[ep 022] val_sel AUC=0.5909 acc=0.3806
[ep 023] val_sel AUC=0.5984 acc=0.4140
[ep 024] val_sel AUC=0.6828 acc=0.4520
[ep 025] val_sel AUC=0.7531 acc=0.5346
[ep 026] val_sel AUC=0.8103 acc=0.6286
[ep 027] val_sel AUC=0.8548 acc=0.6908
[ep 028] val_sel AUC=0.8614 acc=0.6939
[ep 029] val_sel AUC=0.8916 acc=0.7342
[ep 030] val_sel AUC=0.8819 acc=0.7087
[ep 031] val_sel AUC=0.8716 acc=0.6887
[ep 032] val_sel AUC=0.9026 acc=0.7460
[ep 033] val_sel AUC=0.9067 acc=0.7606
[ep 034] val_sel AUC=0.9059 acc=0.7686
[ep 035] val_sel AUC=0.9212 acc=0.7841
[ep 036] val_sel AUC=0.9277 acc=0.8138
[ep 037] val_sel AUC=0.9242 acc=0.7962
[ep 038] val_sel AUC=0.9325 acc=0.8192
[ep 039] val_sel AUC=0.9354 acc=0.8147
[ep 040] val_sel AUC=0.9326 acc=0.8170
[ep 041] val_sel AUC=0.9393 acc=0.8344
[ep 042] val_sel AUC=0.9410 acc=0.8418
[ep 043] val_sel AUC=0.9411 acc=0.8353
[ep 044] val_sel AUC=0.9417 acc=0.8418
[ep 045] val_sel AUC=0.9423 acc=0.8431
[ep 046] val_sel AUC=0.9423 acc=0.8411
[ep 047] val_sel AUC=0.9424 acc=0.8431
[ep 048] val_sel AUC=0.9425 acc=0.8431
============================================================
TEST (best val_sel epoch, held-out, evaluated once)
============================================================
[DONE-QPE] embed=conv model_III N=500 seed=54 test_AUC=0.9371 val_sel_AUC=0.9425 per_class=(axion=0.9579 cdm=0.8849 no_sub=0.9686) params=207619 embed_params=4160 angle_drift=None U_frob_drift=None
