[INFO] QPE D=64 P=8 depth=4 | embed=conv circuit_layers=n/a | data=model_III N/class=500 seed=44 split_seed=0 | params=207619 embed_params=4160 lr=0.001 epochs=48 | train(1500, 64, 64) val_sel(4469, 64, 64) test(4470, 64, 64) device=cuda
[ep 001] val_sel AUC=0.5170 acc=0.3285
[ep 002] val_sel AUC=0.5369 acc=0.3285
[ep 003] val_sel AUC=0.5444 acc=0.3285
[ep 004] val_sel AUC=0.5527 acc=0.3283
[ep 005] val_sel AUC=0.5542 acc=0.3433
[ep 006] val_sel AUC=0.5550 acc=0.3433
[ep 007] val_sel AUC=0.5508 acc=0.3433
[ep 008] val_sel AUC=0.5495 acc=0.3285
[ep 009] val_sel AUC=0.5480 acc=0.3283
[ep 010] val_sel AUC=0.5436 acc=0.3285
[ep 011] val_sel AUC=0.5411 acc=0.3285
[ep 012] val_sel AUC=0.5387 acc=0.3421
[ep 013] val_sel AUC=0.5370 acc=0.3433
[ep 014] val_sel AUC=0.5356 acc=0.3298
[ep 015] val_sel AUC=0.5350 acc=0.3683
[ep 016] val_sel AUC=0.5349 acc=0.3728
[ep 017] val_sel AUC=0.5262 acc=0.3283
[ep 018] val_sel AUC=0.5249 acc=0.3623
[ep 019] val_sel AUC=0.5313 acc=0.3287
[ep 020] val_sel AUC=0.5518 acc=0.3829
[ep 021] val_sel AUC=0.5471 acc=0.3629
[ep 022] val_sel AUC=0.5560 acc=0.3547
[ep 023] val_sel AUC=0.5540 acc=0.3911
[ep 024] val_sel AUC=0.5554 acc=0.3692
[ep 025] val_sel AUC=0.5725 acc=0.3905
[ep 026] val_sel AUC=0.5780 acc=0.3735
[ep 027] val_sel AUC=0.6144 acc=0.4193
[ep 028] val_sel AUC=0.6285 acc=0.4540
[ep 029] val_sel AUC=0.6391 acc=0.4229
[ep 030] val_sel AUC=0.6473 acc=0.4473
[ep 031] val_sel AUC=0.6804 acc=0.4932
[ep 032] val_sel AUC=0.7427 acc=0.5335
[ep 033] val_sel AUC=0.7600 acc=0.5775
[ep 034] val_sel AUC=0.7655 acc=0.5484
[ep 035] val_sel AUC=0.8200 acc=0.6380
[ep 036] val_sel AUC=0.8373 acc=0.6630
[ep 037] val_sel AUC=0.8335 acc=0.6418
[ep 038] val_sel AUC=0.8780 acc=0.7277
[ep 039] val_sel AUC=0.8722 acc=0.7270
[ep 040] val_sel AUC=0.8898 acc=0.7532
[ep 041] val_sel AUC=0.8845 acc=0.7496
[ep 042] val_sel AUC=0.8922 acc=0.7438
[ep 043] val_sel AUC=0.9003 acc=0.7765
[ep 044] val_sel AUC=0.9020 acc=0.7832
[ep 045] val_sel AUC=0.9041 acc=0.7776
[ep 046] val_sel AUC=0.9061 acc=0.7888
[ep 047] val_sel AUC=0.9072 acc=0.7852
[ep 048] val_sel AUC=0.9071 acc=0.7879
============================================================
TEST (best val_sel epoch, held-out, evaluated once)
============================================================
[DONE-QPE] embed=conv model_III N=500 seed=44 test_AUC=0.9122 val_sel_AUC=0.9072 per_class=(axion=0.9396 cdm=0.8363 no_sub=0.9608) params=207619 embed_params=4160 angle_drift=None U_frob_drift=None
