[INFO] QPE D=64 P=8 depth=4 | embed=conv circuit_layers=n/a | data=model_II N/class=500 seed=46 split_seed=0 | params=207619 embed_params=4160 lr=0.001 epochs=48 | train(1500, 64, 64) val_sel(4455, 64, 64) test(4455, 64, 64) device=cuda
[ep 001] val_sel AUC=0.5026 acc=0.3291
[ep 002] val_sel AUC=0.5118 acc=0.3473
[ep 003] val_sel AUC=0.5268 acc=0.3291
[ep 004] val_sel AUC=0.5452 acc=0.3291
[ep 005] val_sel AUC=0.5573 acc=0.3473
[ep 006] val_sel AUC=0.5661 acc=0.3291
[ep 007] val_sel AUC=0.5719 acc=0.3291
[ep 008] val_sel AUC=0.5732 acc=0.3291
[ep 009] val_sel AUC=0.5710 acc=0.3237
[ep 010] val_sel AUC=0.5745 acc=0.3473
[ep 011] val_sel AUC=0.5720 acc=0.3237
[ep 012] val_sel AUC=0.5727 acc=0.3473
[ep 013] val_sel AUC=0.5718 acc=0.3297
[ep 014] val_sel AUC=0.5703 acc=0.3237
[ep 015] val_sel AUC=0.5702 acc=0.3237
[ep 016] val_sel AUC=0.5699 acc=0.3237
[ep 017] val_sel AUC=0.5648 acc=0.3473
[ep 018] val_sel AUC=0.5599 acc=0.3473
[ep 019] val_sel AUC=0.5629 acc=0.3473
[ep 020] val_sel AUC=0.5440 acc=0.3470
[ep 021] val_sel AUC=0.5530 acc=0.3286
[ep 022] val_sel AUC=0.5626 acc=0.3690
[ep 023] val_sel AUC=0.5787 acc=0.3877
[ep 024] val_sel AUC=0.5766 acc=0.3930
[ep 025] val_sel AUC=0.6119 acc=0.4011
[ep 026] val_sel AUC=0.6304 acc=0.4294
[ep 027] val_sel AUC=0.6591 acc=0.4496
[ep 028] val_sel AUC=0.6864 acc=0.4563
[ep 029] val_sel AUC=0.7463 acc=0.5578
[ep 030] val_sel AUC=0.7808 acc=0.5796
[ep 031] val_sel AUC=0.8100 acc=0.6247
[ep 032] val_sel AUC=0.8045 acc=0.6164
[ep 033] val_sel AUC=0.8237 acc=0.6649
[ep 034] val_sel AUC=0.8246 acc=0.6563
[ep 035] val_sel AUC=0.8512 acc=0.6882
[ep 036] val_sel AUC=0.8522 acc=0.6869
[ep 037] val_sel AUC=0.8596 acc=0.6806
[ep 038] val_sel AUC=0.8720 acc=0.7167
[ep 039] val_sel AUC=0.8732 acc=0.7071
[ep 040] val_sel AUC=0.8887 acc=0.7484
[ep 041] val_sel AUC=0.8788 acc=0.7387
[ep 042] val_sel AUC=0.8904 acc=0.7511
[ep 043] val_sel AUC=0.8943 acc=0.7473
[ep 044] val_sel AUC=0.8955 acc=0.7654
[ep 045] val_sel AUC=0.8987 acc=0.7701
[ep 046] val_sel AUC=0.8993 acc=0.7659
[ep 047] val_sel AUC=0.8984 acc=0.7672
[ep 048] val_sel AUC=0.8988 acc=0.7661
============================================================
TEST (best val_sel epoch, held-out, evaluated once)
============================================================
[DONE-QPE] embed=conv model_II N=500 seed=46 test_AUC=0.8949 val_sel_AUC=0.8993 per_class=(axion=0.9368 cdm=0.8039 no_sub=0.9439) params=207619 embed_params=4160 angle_drift=None U_frob_drift=None
