[INFO] QPE D=64 P=8 depth=4 | embed=conv circuit_layers=n/a | data=model_II N/class=500 seed=49 split_seed=0 | params=207619 embed_params=4160 lr=0.001 epochs=48 | train(1500, 64, 64) val_sel(4455, 64, 64) test(4455, 64, 64) device=cuda
[ep 001] val_sel AUC=0.4978 acc=0.3237
[ep 002] val_sel AUC=0.5178 acc=0.3473
[ep 003] val_sel AUC=0.5210 acc=0.3473
[ep 004] val_sel AUC=0.5214 acc=0.3237
[ep 005] val_sel AUC=0.5223 acc=0.3237
[ep 006] val_sel AUC=0.5245 acc=0.3291
[ep 007] val_sel AUC=0.5242 acc=0.3473
[ep 008] val_sel AUC=0.5237 acc=0.3291
[ep 009] val_sel AUC=0.5227 acc=0.3237
[ep 010] val_sel AUC=0.5215 acc=0.3473
[ep 011] val_sel AUC=0.5221 acc=0.3291
[ep 012] val_sel AUC=0.5218 acc=0.3630
[ep 013] val_sel AUC=0.5205 acc=0.3668
[ep 014] val_sel AUC=0.5206 acc=0.3452
[ep 015] val_sel AUC=0.5199 acc=0.3450
[ep 016] val_sel AUC=0.5197 acc=0.3437
[ep 017] val_sel AUC=0.5205 acc=0.3291
[ep 018] val_sel AUC=0.5227 acc=0.3403
[ep 019] val_sel AUC=0.5341 acc=0.3398
[ep 020] val_sel AUC=0.5463 acc=0.3542
[ep 021] val_sel AUC=0.5117 acc=0.3349
[ep 022] val_sel AUC=0.5442 acc=0.3524
[ep 023] val_sel AUC=0.5560 acc=0.3650
[ep 024] val_sel AUC=0.4985 acc=0.3237
[ep 025] val_sel AUC=0.5189 acc=0.3284
[ep 026] val_sel AUC=0.5283 acc=0.3237
[ep 027] val_sel AUC=0.5381 acc=0.3499
[ep 028] val_sel AUC=0.5291 acc=0.3327
[ep 029] val_sel AUC=0.5503 acc=0.3652
[ep 030] val_sel AUC=0.5892 acc=0.4011
[ep 031] val_sel AUC=0.6189 acc=0.4413
[ep 032] val_sel AUC=0.6572 acc=0.4579
[ep 033] val_sel AUC=0.6984 acc=0.4730
[ep 034] val_sel AUC=0.7493 acc=0.4988
[ep 035] val_sel AUC=0.8008 acc=0.5820
[ep 036] val_sel AUC=0.7828 acc=0.6016
[ep 037] val_sel AUC=0.8449 acc=0.6673
[ep 038] val_sel AUC=0.8373 acc=0.6629
[ep 039] val_sel AUC=0.8691 acc=0.7149
[ep 040] val_sel AUC=0.8961 acc=0.7681
[ep 041] val_sel AUC=0.8877 acc=0.7551
[ep 042] val_sel AUC=0.8979 acc=0.7717
[ep 043] val_sel AUC=0.9058 acc=0.7650
[ep 044] val_sel AUC=0.9061 acc=0.7751
[ep 045] val_sel AUC=0.9118 acc=0.7944
[ep 046] val_sel AUC=0.9142 acc=0.7975
[ep 047] val_sel AUC=0.9145 acc=0.8000
[ep 048] val_sel AUC=0.9147 acc=0.8000
============================================================
TEST (best val_sel epoch, held-out, evaluated once)
============================================================
[DONE-QPE] embed=conv model_II N=500 seed=49 test_AUC=0.9188 val_sel_AUC=0.9147 per_class=(axion=0.9498 cdm=0.8426 no_sub=0.9640) params=207619 embed_params=4160 angle_drift=None U_frob_drift=None
