[INFO] QPE D=64 P=8 depth=4 | embed=conv circuit_layers=n/a | data=model_III N/class=500 seed=56 split_seed=0 | params=207619 embed_params=4160 lr=0.001 epochs=48 | train(1500, 64, 64) val_sel(4469, 64, 64) test(4470, 64, 64) device=cuda
[ep 001] val_sel AUC=0.5246 acc=0.3285
[ep 002] val_sel AUC=0.5251 acc=0.3285
[ep 003] val_sel AUC=0.5243 acc=0.3285
[ep 004] val_sel AUC=0.5245 acc=0.3283
[ep 005] val_sel AUC=0.5252 acc=0.3283
[ep 006] val_sel AUC=0.5257 acc=0.3204
[ep 007] val_sel AUC=0.5289 acc=0.3421
[ep 008] val_sel AUC=0.5342 acc=0.3609
[ep 009] val_sel AUC=0.5423 acc=0.3672
[ep 010] val_sel AUC=0.5590 acc=0.3811
[ep 011] val_sel AUC=0.5801 acc=0.4008
[ep 012] val_sel AUC=0.5876 acc=0.4043
[ep 013] val_sel AUC=0.5976 acc=0.4151
[ep 014] val_sel AUC=0.6016 acc=0.4216
[ep 015] val_sel AUC=0.6064 acc=0.4307
[ep 016] val_sel AUC=0.6069 acc=0.4294
[ep 017] val_sel AUC=0.6217 acc=0.4171
[ep 018] val_sel AUC=0.5750 acc=0.3531
[ep 019] val_sel AUC=0.6096 acc=0.4258
[ep 020] val_sel AUC=0.6852 acc=0.4800
[ep 021] val_sel AUC=0.6842 acc=0.4824
[ep 022] val_sel AUC=0.7273 acc=0.5111
[ep 023] val_sel AUC=0.7429 acc=0.5478
[ep 024] val_sel AUC=0.7555 acc=0.5590
[ep 025] val_sel AUC=0.8033 acc=0.6209
[ep 026] val_sel AUC=0.7879 acc=0.5314
[ep 027] val_sel AUC=0.8409 acc=0.6793
[ep 028] val_sel AUC=0.8166 acc=0.5979
[ep 029] val_sel AUC=0.8584 acc=0.6917
[ep 030] val_sel AUC=0.8740 acc=0.7031
[ep 031] val_sel AUC=0.8816 acc=0.7301
[ep 032] val_sel AUC=0.8790 acc=0.7223
[ep 033] val_sel AUC=0.8903 acc=0.7505
[ep 034] val_sel AUC=0.8894 acc=0.7339
[ep 035] val_sel AUC=0.8775 acc=0.7290
[ep 036] val_sel AUC=0.8952 acc=0.7510
[ep 037] val_sel AUC=0.9082 acc=0.7785
[ep 038] val_sel AUC=0.9064 acc=0.7789
[ep 039] val_sel AUC=0.9091 acc=0.7818
[ep 040] val_sel AUC=0.9130 acc=0.7899
[ep 041] val_sel AUC=0.9178 acc=0.7944
[ep 042] val_sel AUC=0.9186 acc=0.8038
[ep 043] val_sel AUC=0.9139 acc=0.7906
[ep 044] val_sel AUC=0.9195 acc=0.8053
[ep 045] val_sel AUC=0.9199 acc=0.8020
[ep 046] val_sel AUC=0.9204 acc=0.8051
[ep 047] val_sel AUC=0.9200 acc=0.8038
[ep 048] val_sel AUC=0.9202 acc=0.8047
============================================================
TEST (best val_sel epoch, held-out, evaluated once)
============================================================
[DONE-QPE] embed=conv model_III N=500 seed=56 test_AUC=0.9224 val_sel_AUC=0.9204 per_class=(axion=0.9550 cdm=0.8557 no_sub=0.9564) params=207619 embed_params=4160 angle_drift=None U_frob_drift=None
