[INFO] QPE D=64 P=8 depth=4 | embed=conv circuit_layers=n/a | data=model_II N/class=500 seed=61 split_seed=0 | params=207619 embed_params=4160 lr=0.001 epochs=48 | train(1500, 64, 64) val_sel(4455, 64, 64) test(4455, 64, 64) device=cuda
[ep 001] val_sel AUC=0.5117 acc=0.3237
[ep 002] val_sel AUC=0.5230 acc=0.3237
[ep 003] val_sel AUC=0.5283 acc=0.3291
[ep 004] val_sel AUC=0.5306 acc=0.3291
[ep 005] val_sel AUC=0.5338 acc=0.3473
[ep 006] val_sel AUC=0.5354 acc=0.3473
[ep 007] val_sel AUC=0.5346 acc=0.3237
[ep 008] val_sel AUC=0.5356 acc=0.3473
[ep 009] val_sel AUC=0.5384 acc=0.3473
[ep 010] val_sel AUC=0.5385 acc=0.3291
[ep 011] val_sel AUC=0.5394 acc=0.3473
[ep 012] val_sel AUC=0.5402 acc=0.3291
[ep 013] val_sel AUC=0.5407 acc=0.3473
[ep 014] val_sel AUC=0.5406 acc=0.3468
[ep 015] val_sel AUC=0.5406 acc=0.3582
[ep 016] val_sel AUC=0.5407 acc=0.3580
[ep 017] val_sel AUC=0.5393 acc=0.3237
[ep 018] val_sel AUC=0.5402 acc=0.3473
[ep 019] val_sel AUC=0.5505 acc=0.3473
[ep 020] val_sel AUC=0.5593 acc=0.3473
[ep 021] val_sel AUC=0.5551 acc=0.3315
[ep 022] val_sel AUC=0.5586 acc=0.3645
[ep 023] val_sel AUC=0.5368 acc=0.3504
[ep 024] val_sel AUC=0.5141 acc=0.3291
[ep 025] val_sel AUC=0.5449 acc=0.3473
[ep 026] val_sel AUC=0.5639 acc=0.3291
[ep 027] val_sel AUC=0.5683 acc=0.3852
[ep 028] val_sel AUC=0.5657 acc=0.3446
[ep 029] val_sel AUC=0.6254 acc=0.3522
[ep 030] val_sel AUC=0.6393 acc=0.4254
[ep 031] val_sel AUC=0.7175 acc=0.4519
[ep 032] val_sel AUC=0.7508 acc=0.5609
[ep 033] val_sel AUC=0.7917 acc=0.5843
[ep 034] val_sel AUC=0.8588 acc=0.7091
[ep 035] val_sel AUC=0.8751 acc=0.7158
[ep 036] val_sel AUC=0.8674 acc=0.6873
[ep 037] val_sel AUC=0.8745 acc=0.7185
[ep 038] val_sel AUC=0.9009 acc=0.7632
[ep 039] val_sel AUC=0.8806 acc=0.7246
[ep 040] val_sel AUC=0.8982 acc=0.7663
[ep 041] val_sel AUC=0.9025 acc=0.7625
[ep 042] val_sel AUC=0.9150 acc=0.7906
[ep 043] val_sel AUC=0.9123 acc=0.7751
[ep 044] val_sel AUC=0.9153 acc=0.7892
[ep 045] val_sel AUC=0.9140 acc=0.7868
[ep 046] val_sel AUC=0.9187 acc=0.7973
[ep 047] val_sel AUC=0.9185 acc=0.7962
[ep 048] val_sel AUC=0.9186 acc=0.7980
============================================================
TEST (best val_sel epoch, held-out, evaluated once)
============================================================
[DONE-QPE] embed=conv model_II N=500 seed=61 test_AUC=0.9273 val_sel_AUC=0.9187 per_class=(axion=0.9558 cdm=0.8641 no_sub=0.9620) params=207619 embed_params=4160 angle_drift=None U_frob_drift=None
