[INFO] QPE D=64 P=8 depth=4 | embed=conv circuit_layers=n/a | data=model_II N/class=500 seed=51 split_seed=0 | params=207619 embed_params=4160 lr=0.001 epochs=48 | train(1500, 64, 64) val_sel(4455, 64, 64) test(4455, 64, 64) device=cuda
[ep 001] val_sel AUC=0.5302 acc=0.3237
[ep 002] val_sel AUC=0.5404 acc=0.3291
[ep 003] val_sel AUC=0.5442 acc=0.3473
[ep 004] val_sel AUC=0.5438 acc=0.3237
[ep 005] val_sel AUC=0.5485 acc=0.3237
[ep 006] val_sel AUC=0.5521 acc=0.3473
[ep 007] val_sel AUC=0.5516 acc=0.3473
[ep 008] val_sel AUC=0.5483 acc=0.3473
[ep 009] val_sel AUC=0.5507 acc=0.3473
[ep 010] val_sel AUC=0.5460 acc=0.3237
[ep 011] val_sel AUC=0.5470 acc=0.3657
[ep 012] val_sel AUC=0.5491 acc=0.3291
[ep 013] val_sel AUC=0.5474 acc=0.3473
[ep 014] val_sel AUC=0.5476 acc=0.3237
[ep 015] val_sel AUC=0.5481 acc=0.3531
[ep 016] val_sel AUC=0.5482 acc=0.3567
[ep 017] val_sel AUC=0.5612 acc=0.3291
[ep 018] val_sel AUC=0.5722 acc=0.3473
[ep 019] val_sel AUC=0.5742 acc=0.3473
[ep 020] val_sel AUC=0.5517 acc=0.3318
[ep 021] val_sel AUC=0.5482 acc=0.3291
[ep 022] val_sel AUC=0.5655 acc=0.3701
[ep 023] val_sel AUC=0.5703 acc=0.3912
[ep 024] val_sel AUC=0.6181 acc=0.4025
[ep 025] val_sel AUC=0.5506 acc=0.3248
[ep 026] val_sel AUC=0.5504 acc=0.3787
[ep 027] val_sel AUC=0.5591 acc=0.3881
[ep 028] val_sel AUC=0.5704 acc=0.3982
[ep 029] val_sel AUC=0.6595 acc=0.4501
[ep 030] val_sel AUC=0.7157 acc=0.5282
[ep 031] val_sel AUC=0.7180 acc=0.4898
[ep 032] val_sel AUC=0.7680 acc=0.5690
[ep 033] val_sel AUC=0.8053 acc=0.5935
[ep 034] val_sel AUC=0.8284 acc=0.6548
[ep 035] val_sel AUC=0.8126 acc=0.6119
[ep 036] val_sel AUC=0.8257 acc=0.6287
[ep 037] val_sel AUC=0.8755 acc=0.7324
[ep 038] val_sel AUC=0.8744 acc=0.7237
[ep 039] val_sel AUC=0.8999 acc=0.7684
[ep 040] val_sel AUC=0.9002 acc=0.7704
[ep 041] val_sel AUC=0.8941 acc=0.7511
[ep 042] val_sel AUC=0.9057 acc=0.7740
[ep 043] val_sel AUC=0.9069 acc=0.7731
[ep 044] val_sel AUC=0.9092 acc=0.7881
[ep 045] val_sel AUC=0.9122 acc=0.7984
[ep 046] val_sel AUC=0.9124 acc=0.7993
[ep 047] val_sel AUC=0.9121 acc=0.7980
[ep 048] val_sel AUC=0.9120 acc=0.7984
============================================================
TEST (best val_sel epoch, held-out, evaluated once)
============================================================
[DONE-QPE] embed=conv model_II N=500 seed=51 test_AUC=0.9215 val_sel_AUC=0.9124 per_class=(axion=0.9468 cdm=0.8496 no_sub=0.9682) params=207619 embed_params=4160 angle_drift=None U_frob_drift=None
