[INFO] QPE D=64 P=8 depth=4 | embed=conv circuit_layers=n/a | data=model_III N/class=500 seed=53 split_seed=0 | params=207619 embed_params=4160 lr=0.001 epochs=48 | train(1500, 64, 64) val_sel(4469, 64, 64) test(4470, 64, 64) device=cuda
[ep 001] val_sel AUC=0.4858 acc=0.3256
[ep 002] val_sel AUC=0.4968 acc=0.3283
[ep 003] val_sel AUC=0.5115 acc=0.3283
[ep 004] val_sel AUC=0.5333 acc=0.3433
[ep 005] val_sel AUC=0.5419 acc=0.3285
[ep 006] val_sel AUC=0.5486 acc=0.3283
[ep 007] val_sel AUC=0.5532 acc=0.3433
[ep 008] val_sel AUC=0.5489 acc=0.3285
[ep 009] val_sel AUC=0.5458 acc=0.3285
[ep 010] val_sel AUC=0.5493 acc=0.3283
[ep 011] val_sel AUC=0.5482 acc=0.3283
[ep 012] val_sel AUC=0.5479 acc=0.3433
[ep 013] val_sel AUC=0.5495 acc=0.3433
[ep 014] val_sel AUC=0.5484 acc=0.3285
[ep 015] val_sel AUC=0.5485 acc=0.3285
[ep 016] val_sel AUC=0.5484 acc=0.3285
[ep 017] val_sel AUC=0.5436 acc=0.3285
[ep 018] val_sel AUC=0.5414 acc=0.3285
[ep 019] val_sel AUC=0.5447 acc=0.3287
[ep 020] val_sel AUC=0.5392 acc=0.3285
[ep 021] val_sel AUC=0.5459 acc=0.3433
[ep 022] val_sel AUC=0.5378 acc=0.3433
[ep 023] val_sel AUC=0.5344 acc=0.3446
[ep 024] val_sel AUC=0.5437 acc=0.3565
[ep 025] val_sel AUC=0.5522 acc=0.3462
[ep 026] val_sel AUC=0.6114 acc=0.4010
[ep 027] val_sel AUC=0.6986 acc=0.4992
[ep 028] val_sel AUC=0.7375 acc=0.4739
[ep 029] val_sel AUC=0.8286 acc=0.6657
[ep 030] val_sel AUC=0.8576 acc=0.6878
[ep 031] val_sel AUC=0.8726 acc=0.7015
[ep 032] val_sel AUC=0.8838 acc=0.7577
[ep 033] val_sel AUC=0.9044 acc=0.7724
[ep 034] val_sel AUC=0.9064 acc=0.7677
[ep 035] val_sel AUC=0.9058 acc=0.7637
[ep 036] val_sel AUC=0.8994 acc=0.7510
[ep 037] val_sel AUC=0.9183 acc=0.7847
[ep 038] val_sel AUC=0.9249 acc=0.7997
[ep 039] val_sel AUC=0.9305 acc=0.8306
[ep 040] val_sel AUC=0.9190 acc=0.7621
[ep 041] val_sel AUC=0.9269 acc=0.7872
[ep 042] val_sel AUC=0.9260 acc=0.8069
[ep 043] val_sel AUC=0.9361 acc=0.8436
[ep 044] val_sel AUC=0.9351 acc=0.8391
[ep 045] val_sel AUC=0.9389 acc=0.8514
[ep 046] val_sel AUC=0.9396 acc=0.8557
[ep 047] val_sel AUC=0.9395 acc=0.8514
[ep 048] val_sel AUC=0.9397 acc=0.8525
============================================================
TEST (best val_sel epoch, held-out, evaluated once)
============================================================
[DONE-QPE] embed=conv model_III N=500 seed=53 test_AUC=0.9401 val_sel_AUC=0.9397 per_class=(axion=0.9538 cdm=0.8948 no_sub=0.9717) params=207619 embed_params=4160 angle_drift=None U_frob_drift=None
