[INFO] QPE D=64 P=8 depth=4 | embed=conv circuit_layers=n/a | data=model_III N/class=500 seed=48 split_seed=0 | params=207619 embed_params=4160 lr=0.001 epochs=48 | train(1500, 64, 64) val_sel(4469, 64, 64) test(4470, 64, 64) device=cuda
[ep 001] val_sel AUC=0.5244 acc=0.3433
[ep 002] val_sel AUC=0.5386 acc=0.3285
[ep 003] val_sel AUC=0.5469 acc=0.3283
[ep 004] val_sel AUC=0.5468 acc=0.3285
[ep 005] val_sel AUC=0.5544 acc=0.3283
[ep 006] val_sel AUC=0.5540 acc=0.3433
[ep 007] val_sel AUC=0.5540 acc=0.3285
[ep 008] val_sel AUC=0.5599 acc=0.3283
[ep 009] val_sel AUC=0.5581 acc=0.3433
[ep 010] val_sel AUC=0.5587 acc=0.3285
[ep 011] val_sel AUC=0.5615 acc=0.3285
[ep 012] val_sel AUC=0.5629 acc=0.3283
[ep 013] val_sel AUC=0.5624 acc=0.3285
[ep 014] val_sel AUC=0.5632 acc=0.3283
[ep 015] val_sel AUC=0.5636 acc=0.3283
[ep 016] val_sel AUC=0.5634 acc=0.3283
[ep 017] val_sel AUC=0.5642 acc=0.3285
[ep 018] val_sel AUC=0.5624 acc=0.3433
[ep 019] val_sel AUC=0.5639 acc=0.3285
[ep 020] val_sel AUC=0.5640 acc=0.3285
[ep 021] val_sel AUC=0.5643 acc=0.3285
[ep 022] val_sel AUC=0.5644 acc=0.3283
[ep 023] val_sel AUC=0.5638 acc=0.3433
[ep 024] val_sel AUC=0.5577 acc=0.3462
[ep 025] val_sel AUC=0.5541 acc=0.3283
[ep 026] val_sel AUC=0.5436 acc=0.3283
[ep 027] val_sel AUC=0.5374 acc=0.3433
[ep 028] val_sel AUC=0.5327 acc=0.3283
[ep 029] val_sel AUC=0.5301 acc=0.3433
[ep 030] val_sel AUC=0.5311 acc=0.3609
[ep 031] val_sel AUC=0.5247 acc=0.3527
[ep 032] val_sel AUC=0.5264 acc=0.3509
[ep 033] val_sel AUC=0.5283 acc=0.3399
[ep 034] val_sel AUC=0.5203 acc=0.3383
[ep 035] val_sel AUC=0.5338 acc=0.3571
[ep 036] val_sel AUC=0.5335 acc=0.3446
[ep 037] val_sel AUC=0.5399 acc=0.3806
[ep 038] val_sel AUC=0.5431 acc=0.3571
[ep 039] val_sel AUC=0.5611 acc=0.3797
[ep 040] val_sel AUC=0.5885 acc=0.4088
[ep 041] val_sel AUC=0.6349 acc=0.4303
[ep 042] val_sel AUC=0.6753 acc=0.4551
[ep 043] val_sel AUC=0.7181 acc=0.5234
[ep 044] val_sel AUC=0.7500 acc=0.5422
[ep 045] val_sel AUC=0.7514 acc=0.5623
[ep 046] val_sel AUC=0.7674 acc=0.5719
[ep 047] val_sel AUC=0.7745 acc=0.5827
[ep 048] val_sel AUC=0.7744 acc=0.5831
============================================================
TEST (best val_sel epoch, held-out, evaluated once)
============================================================
[DONE-QPE] embed=conv model_III N=500 seed=48 test_AUC=0.7738 val_sel_AUC=0.7745 per_class=(axion=0.8479 cdm=0.6168 no_sub=0.8566) params=207619 embed_params=4160 angle_drift=None U_frob_drift=None
