[INFO] QPE D=64 P=8 depth=4 | embed=conv circuit_layers=n/a | data=model_II N/class=500 seed=55 split_seed=0 | params=207619 embed_params=4160 lr=0.001 epochs=48 | train(1500, 64, 64) val_sel(4455, 64, 64) test(4455, 64, 64) device=cuda
[ep 001] val_sel AUC=0.4619 acc=0.3473
[ep 002] val_sel AUC=0.4705 acc=0.3473
[ep 003] val_sel AUC=0.4827 acc=0.3473
[ep 004] val_sel AUC=0.4902 acc=0.3237
[ep 005] val_sel AUC=0.4943 acc=0.3291
[ep 006] val_sel AUC=0.4964 acc=0.3291
[ep 007] val_sel AUC=0.4972 acc=0.3291
[ep 008] val_sel AUC=0.4975 acc=0.3473
[ep 009] val_sel AUC=0.4977 acc=0.3473
[ep 010] val_sel AUC=0.4987 acc=0.3237
[ep 011] val_sel AUC=0.4986 acc=0.3473
[ep 012] val_sel AUC=0.4983 acc=0.3473
[ep 013] val_sel AUC=0.4987 acc=0.3291
[ep 014] val_sel AUC=0.4985 acc=0.3237
[ep 015] val_sel AUC=0.4983 acc=0.3293
[ep 016] val_sel AUC=0.4984 acc=0.3241
[ep 017] val_sel AUC=0.4985 acc=0.3425
[ep 018] val_sel AUC=0.5002 acc=0.3291
[ep 019] val_sel AUC=0.4992 acc=0.3473
[ep 020] val_sel AUC=0.4999 acc=0.3291
[ep 021] val_sel AUC=0.5096 acc=0.3286
[ep 022] val_sel AUC=0.5142 acc=0.3517
[ep 023] val_sel AUC=0.5303 acc=0.3488
[ep 024] val_sel AUC=0.5412 acc=0.3477
[ep 025] val_sel AUC=0.5583 acc=0.3814
[ep 026] val_sel AUC=0.5607 acc=0.3735
[ep 027] val_sel AUC=0.6004 acc=0.4114
[ep 028] val_sel AUC=0.6206 acc=0.4094
[ep 029] val_sel AUC=0.6853 acc=0.4842
[ep 030] val_sel AUC=0.6718 acc=0.4736
[ep 031] val_sel AUC=0.7313 acc=0.5125
[ep 032] val_sel AUC=0.7687 acc=0.5535
[ep 033] val_sel AUC=0.7848 acc=0.6022
[ep 034] val_sel AUC=0.8300 acc=0.6664
[ep 035] val_sel AUC=0.8460 acc=0.6887
[ep 036] val_sel AUC=0.8466 acc=0.6687
[ep 037] val_sel AUC=0.8735 acc=0.7064
[ep 038] val_sel AUC=0.8781 acc=0.7232
[ep 039] val_sel AUC=0.8897 acc=0.7475
[ep 040] val_sel AUC=0.8847 acc=0.7360
[ep 041] val_sel AUC=0.8990 acc=0.7582
[ep 042] val_sel AUC=0.9026 acc=0.7668
[ep 043] val_sel AUC=0.9053 acc=0.7793
[ep 044] val_sel AUC=0.9020 acc=0.7627
[ep 045] val_sel AUC=0.9073 acc=0.7785
[ep 046] val_sel AUC=0.9071 acc=0.7823
[ep 047] val_sel AUC=0.9076 acc=0.7820
[ep 048] val_sel AUC=0.9077 acc=0.7832
============================================================
TEST (best val_sel epoch, held-out, evaluated once)
============================================================
[DONE-QPE] embed=conv model_II N=500 seed=55 test_AUC=0.9054 val_sel_AUC=0.9077 per_class=(axion=0.9462 cdm=0.8225 no_sub=0.9474) params=207619 embed_params=4160 angle_drift=None U_frob_drift=None
