[INFO] QPE D=64 P=8 depth=4 | embed=conv circuit_layers=n/a | data=model_III N/class=500 seed=60 split_seed=0 | params=207619 embed_params=4160 lr=0.001 epochs=48 | train(1500, 64, 64) val_sel(4469, 64, 64) test(4470, 64, 64) device=cuda
[ep 001] val_sel AUC=0.5070 acc=0.3283
[ep 002] val_sel AUC=0.5111 acc=0.3433
[ep 003] val_sel AUC=0.5161 acc=0.3433
[ep 004] val_sel AUC=0.5199 acc=0.3283
[ep 005] val_sel AUC=0.5205 acc=0.3283
[ep 006] val_sel AUC=0.5169 acc=0.3285
[ep 007] val_sel AUC=0.5154 acc=0.3285
[ep 008] val_sel AUC=0.5138 acc=0.3433
[ep 009] val_sel AUC=0.5159 acc=0.3428
[ep 010] val_sel AUC=0.5159 acc=0.3433
[ep 011] val_sel AUC=0.5170 acc=0.3285
[ep 012] val_sel AUC=0.5180 acc=0.3430
[ep 013] val_sel AUC=0.5183 acc=0.3466
[ep 014] val_sel AUC=0.5185 acc=0.3558
[ep 015] val_sel AUC=0.5187 acc=0.3437
[ep 016] val_sel AUC=0.5187 acc=0.3464
[ep 017] val_sel AUC=0.5400 acc=0.3562
[ep 018] val_sel AUC=0.5313 acc=0.3305
[ep 019] val_sel AUC=0.5319 acc=0.3551
[ep 020] val_sel AUC=0.5349 acc=0.3656
[ep 021] val_sel AUC=0.5399 acc=0.3661
[ep 022] val_sel AUC=0.5534 acc=0.3811
[ep 023] val_sel AUC=0.5405 acc=0.3820
[ep 024] val_sel AUC=0.5827 acc=0.4023
[ep 025] val_sel AUC=0.5651 acc=0.3880
[ep 026] val_sel AUC=0.5928 acc=0.3582
[ep 027] val_sel AUC=0.6071 acc=0.3822
[ep 028] val_sel AUC=0.6257 acc=0.4495
[ep 029] val_sel AUC=0.6803 acc=0.4927
[ep 030] val_sel AUC=0.7044 acc=0.5171
[ep 031] val_sel AUC=0.7262 acc=0.5404
[ep 032] val_sel AUC=0.7775 acc=0.5898
[ep 033] val_sel AUC=0.7843 acc=0.6051
[ep 034] val_sel AUC=0.8101 acc=0.6444
[ep 035] val_sel AUC=0.8202 acc=0.6635
[ep 036] val_sel AUC=0.8286 acc=0.6735
[ep 037] val_sel AUC=0.8352 acc=0.6744
[ep 038] val_sel AUC=0.8490 acc=0.6917
[ep 039] val_sel AUC=0.8486 acc=0.6847
[ep 040] val_sel AUC=0.8645 acc=0.7073
[ep 041] val_sel AUC=0.8583 acc=0.7138
[ep 042] val_sel AUC=0.8690 acc=0.7190
[ep 043] val_sel AUC=0.8718 acc=0.7216
[ep 044] val_sel AUC=0.8682 acc=0.7098
[ep 045] val_sel AUC=0.8816 acc=0.7371
[ep 046] val_sel AUC=0.8814 acc=0.7395
[ep 047] val_sel AUC=0.8800 acc=0.7360
[ep 048] val_sel AUC=0.8811 acc=0.7391
============================================================
TEST (best val_sel epoch, held-out, evaluated once)
============================================================
[DONE-QPE] embed=conv model_III N=500 seed=60 test_AUC=0.8762 val_sel_AUC=0.8816 per_class=(axion=0.9245 cdm=0.7768 no_sub=0.9272) params=207619 embed_params=4160 angle_drift=None U_frob_drift=None
