[INFO] QPE D=64 P=8 depth=4 | embed=conv circuit_layers=n/a | data=model_III N/class=500 seed=50 split_seed=0 | params=207619 embed_params=4160 lr=0.001 epochs=48 | train(1500, 64, 64) val_sel(4469, 64, 64) test(4470, 64, 64) device=cuda
[ep 001] val_sel AUC=0.4998 acc=0.3285
[ep 002] val_sel AUC=0.5039 acc=0.3285
[ep 003] val_sel AUC=0.5154 acc=0.3285
[ep 004] val_sel AUC=0.5239 acc=0.3285
[ep 005] val_sel AUC=0.5220 acc=0.3283
[ep 006] val_sel AUC=0.5251 acc=0.3285
[ep 007] val_sel AUC=0.5313 acc=0.3285
[ep 008] val_sel AUC=0.5255 acc=0.3433
[ep 009] val_sel AUC=0.5289 acc=0.3283
[ep 010] val_sel AUC=0.5262 acc=0.3283
[ep 011] val_sel AUC=0.5271 acc=0.3283
[ep 012] val_sel AUC=0.5290 acc=0.3285
[ep 013] val_sel AUC=0.5266 acc=0.3484
[ep 014] val_sel AUC=0.5266 acc=0.3287
[ep 015] val_sel AUC=0.5261 acc=0.3433
[ep 016] val_sel AUC=0.5263 acc=0.3475
[ep 017] val_sel AUC=0.5355 acc=0.3433
[ep 018] val_sel AUC=0.5699 acc=0.3283
[ep 019] val_sel AUC=0.5659 acc=0.3433
[ep 020] val_sel AUC=0.5682 acc=0.3433
[ep 021] val_sel AUC=0.5595 acc=0.3433
[ep 022] val_sel AUC=0.5488 acc=0.3433
[ep 023] val_sel AUC=0.5564 acc=0.3283
[ep 024] val_sel AUC=0.5548 acc=0.3285
[ep 025] val_sel AUC=0.5712 acc=0.3283
[ep 026] val_sel AUC=0.5797 acc=0.3433
[ep 027] val_sel AUC=0.5925 acc=0.4079
[ep 028] val_sel AUC=0.6197 acc=0.4072
[ep 029] val_sel AUC=0.7238 acc=0.5379
[ep 030] val_sel AUC=0.6597 acc=0.4538
[ep 031] val_sel AUC=0.7275 acc=0.5106
[ep 032] val_sel AUC=0.8018 acc=0.6239
[ep 033] val_sel AUC=0.8153 acc=0.6380
[ep 034] val_sel AUC=0.8611 acc=0.6706
[ep 035] val_sel AUC=0.8405 acc=0.6391
[ep 036] val_sel AUC=0.8783 acc=0.7315
[ep 037] val_sel AUC=0.8883 acc=0.7118
[ep 038] val_sel AUC=0.8874 acc=0.7565
[ep 039] val_sel AUC=0.9046 acc=0.7680
[ep 040] val_sel AUC=0.8987 acc=0.7561
[ep 041] val_sel AUC=0.9127 acc=0.7749
[ep 042] val_sel AUC=0.9078 acc=0.7409
[ep 043] val_sel AUC=0.9194 acc=0.8033
[ep 044] val_sel AUC=0.9193 acc=0.8049
[ep 045] val_sel AUC=0.9227 acc=0.8055
[ep 046] val_sel AUC=0.9224 acc=0.8071
[ep 047] val_sel AUC=0.9241 acc=0.8158
[ep 048] val_sel AUC=0.9238 acc=0.8154
============================================================
TEST (best val_sel epoch, held-out, evaluated once)
============================================================
[DONE-QPE] embed=conv model_III N=500 seed=50 test_AUC=0.9249 val_sel_AUC=0.9241 per_class=(axion=0.9596 cdm=0.8614 no_sub=0.9535) params=207619 embed_params=4160 angle_drift=None U_frob_drift=None
