[INFO] QPE D=64 P=8 depth=4 | embed=conv circuit_layers=n/a | data=model_III N/class=500 seed=52 split_seed=0 | params=207619 embed_params=4160 lr=0.001 epochs=48 | train(1500, 64, 64) val_sel(4469, 64, 64) test(4470, 64, 64) device=cuda
[ep 001] val_sel AUC=0.5152 acc=0.3285
[ep 002] val_sel AUC=0.5187 acc=0.3285
[ep 003] val_sel AUC=0.5238 acc=0.3285
[ep 004] val_sel AUC=0.5397 acc=0.3283
[ep 005] val_sel AUC=0.5423 acc=0.3285
[ep 006] val_sel AUC=0.5478 acc=0.3433
[ep 007] val_sel AUC=0.5472 acc=0.3283
[ep 008] val_sel AUC=0.5386 acc=0.3283
[ep 009] val_sel AUC=0.5446 acc=0.3433
[ep 010] val_sel AUC=0.5384 acc=0.3285
[ep 011] val_sel AUC=0.5383 acc=0.3433
[ep 012] val_sel AUC=0.5363 acc=0.3415
[ep 013] val_sel AUC=0.5358 acc=0.3283
[ep 014] val_sel AUC=0.5362 acc=0.3433
[ep 015] val_sel AUC=0.5359 acc=0.3285
[ep 016] val_sel AUC=0.5358 acc=0.3314
[ep 017] val_sel AUC=0.5331 acc=0.3285
[ep 018] val_sel AUC=0.5316 acc=0.3285
[ep 019] val_sel AUC=0.5346 acc=0.3283
[ep 020] val_sel AUC=0.5321 acc=0.3433
[ep 021] val_sel AUC=0.5318 acc=0.3433
[ep 022] val_sel AUC=0.5299 acc=0.3285
[ep 023] val_sel AUC=0.5219 acc=0.3285
[ep 024] val_sel AUC=0.5306 acc=0.3285
[ep 025] val_sel AUC=0.5461 acc=0.3433
[ep 026] val_sel AUC=0.5481 acc=0.3643
[ep 027] val_sel AUC=0.6020 acc=0.3958
[ep 028] val_sel AUC=0.5933 acc=0.3538
[ep 029] val_sel AUC=0.6060 acc=0.4008
[ep 030] val_sel AUC=0.7015 acc=0.4874
[ep 031] val_sel AUC=0.6807 acc=0.4093
[ep 032] val_sel AUC=0.7150 acc=0.4836
[ep 033] val_sel AUC=0.7679 acc=0.5442
[ep 034] val_sel AUC=0.7896 acc=0.6093
[ep 035] val_sel AUC=0.8076 acc=0.6203
[ep 036] val_sel AUC=0.8345 acc=0.6160
[ep 037] val_sel AUC=0.8613 acc=0.6447
[ep 038] val_sel AUC=0.8613 acc=0.6606
[ep 039] val_sel AUC=0.8821 acc=0.6789
[ep 040] val_sel AUC=0.8902 acc=0.7501
[ep 041] val_sel AUC=0.8921 acc=0.7460
[ep 042] val_sel AUC=0.9008 acc=0.7487
[ep 043] val_sel AUC=0.8913 acc=0.7454
[ep 044] val_sel AUC=0.9089 acc=0.7668
[ep 045] val_sel AUC=0.9095 acc=0.7794
[ep 046] val_sel AUC=0.9112 acc=0.7834
[ep 047] val_sel AUC=0.9107 acc=0.7827
[ep 048] val_sel AUC=0.9118 acc=0.7827
============================================================
TEST (best val_sel epoch, held-out, evaluated once)
============================================================
[DONE-QPE] embed=conv model_III N=500 seed=52 test_AUC=0.9103 val_sel_AUC=0.9118 per_class=(axion=0.9613 cdm=0.8349 no_sub=0.9347) params=207619 embed_params=4160 angle_drift=None U_frob_drift=None
