[INFO] QPE D=64 P=8 depth=4 | embed=conv circuit_layers=n/a | data=model_II N/class=500 seed=43 split_seed=0 | params=207619 embed_params=4160 lr=0.001 epochs=48 | train(1500, 64, 64) val_sel(4455, 64, 64) test(4455, 64, 64) device=cuda
[ep 001] val_sel AUC=0.5127 acc=0.3237
[ep 002] val_sel AUC=0.5260 acc=0.3473
[ep 003] val_sel AUC=0.5425 acc=0.3237
[ep 004] val_sel AUC=0.5502 acc=0.3237
[ep 005] val_sel AUC=0.5598 acc=0.3473
[ep 006] val_sel AUC=0.5653 acc=0.3237
[ep 007] val_sel AUC=0.5723 acc=0.3291
[ep 008] val_sel AUC=0.5628 acc=0.3237
[ep 009] val_sel AUC=0.5692 acc=0.3291
[ep 010] val_sel AUC=0.5649 acc=0.3473
[ep 011] val_sel AUC=0.5530 acc=0.3237
[ep 012] val_sel AUC=0.5522 acc=0.3291
[ep 013] val_sel AUC=0.5503 acc=0.3719
[ep 014] val_sel AUC=0.5484 acc=0.3623
[ep 015] val_sel AUC=0.5479 acc=0.3237
[ep 016] val_sel AUC=0.5477 acc=0.3237
[ep 017] val_sel AUC=0.5507 acc=0.3473
[ep 018] val_sel AUC=0.5865 acc=0.3473
[ep 019] val_sel AUC=0.5899 acc=0.3237
[ep 020] val_sel AUC=0.5731 acc=0.3865
[ep 021] val_sel AUC=0.5653 acc=0.3585
[ep 022] val_sel AUC=0.5844 acc=0.3807
[ep 023] val_sel AUC=0.5917 acc=0.3780
[ep 024] val_sel AUC=0.6132 acc=0.4092
[ep 025] val_sel AUC=0.6534 acc=0.4530
[ep 026] val_sel AUC=0.6198 acc=0.4061
[ep 027] val_sel AUC=0.7236 acc=0.5176
[ep 028] val_sel AUC=0.7708 acc=0.5578
[ep 029] val_sel AUC=0.7754 acc=0.5861
[ep 030] val_sel AUC=0.8266 acc=0.6552
[ep 031] val_sel AUC=0.8230 acc=0.6296
[ep 032] val_sel AUC=0.8517 acc=0.6541
[ep 033] val_sel AUC=0.8624 acc=0.6705
[ep 034] val_sel AUC=0.8692 acc=0.7145
[ep 035] val_sel AUC=0.8991 acc=0.7688
[ep 036] val_sel AUC=0.8733 acc=0.6644
[ep 037] val_sel AUC=0.9061 acc=0.7616
[ep 038] val_sel AUC=0.9037 acc=0.7609
[ep 039] val_sel AUC=0.9164 acc=0.7960
[ep 040] val_sel AUC=0.9243 acc=0.8049
[ep 041] val_sel AUC=0.9316 acc=0.8254
[ep 042] val_sel AUC=0.9241 acc=0.8182
[ep 043] val_sel AUC=0.9278 acc=0.8222
[ep 044] val_sel AUC=0.9338 acc=0.8343
[ep 045] val_sel AUC=0.9337 acc=0.8413
[ep 046] val_sel AUC=0.9349 acc=0.8375
[ep 047] val_sel AUC=0.9343 acc=0.8386
[ep 048] val_sel AUC=0.9352 acc=0.8415
============================================================
TEST (best val_sel epoch, held-out, evaluated once)
============================================================
[DONE-QPE] embed=conv model_II N=500 seed=43 test_AUC=0.9418 val_sel_AUC=0.9352 per_class=(axion=0.9569 cdm=0.8905 no_sub=0.9781) params=207619 embed_params=4160 angle_drift=None U_frob_drift=None
