[INFO] QPE D=64 P=8 depth=4 | embed=conv circuit_layers=n/a | data=model_II N/class=500 seed=59 split_seed=0 | params=207619 embed_params=4160 lr=0.001 epochs=48 | train(1500, 64, 64) val_sel(4455, 64, 64) test(4455, 64, 64) device=cuda
[ep 001] val_sel AUC=0.5027 acc=0.3237
[ep 002] val_sel AUC=0.5121 acc=0.3237
[ep 003] val_sel AUC=0.5126 acc=0.3237
[ep 004] val_sel AUC=0.5144 acc=0.3291
[ep 005] val_sel AUC=0.5132 acc=0.3291
[ep 006] val_sel AUC=0.5085 acc=0.3237
[ep 007] val_sel AUC=0.5043 acc=0.3291
[ep 008] val_sel AUC=0.5067 acc=0.3237
[ep 009] val_sel AUC=0.5036 acc=0.3311
[ep 010] val_sel AUC=0.5041 acc=0.3493
[ep 011] val_sel AUC=0.5047 acc=0.3363
[ep 012] val_sel AUC=0.5070 acc=0.3414
[ep 013] val_sel AUC=0.5056 acc=0.3538
[ep 014] val_sel AUC=0.5063 acc=0.3322
[ep 015] val_sel AUC=0.5063 acc=0.3356
[ep 016] val_sel AUC=0.5065 acc=0.3371
[ep 017] val_sel AUC=0.5278 acc=0.3473
[ep 018] val_sel AUC=0.5332 acc=0.3567
[ep 019] val_sel AUC=0.5456 acc=0.3632
[ep 020] val_sel AUC=0.5724 acc=0.3587
[ep 021] val_sel AUC=0.5924 acc=0.3863
[ep 022] val_sel AUC=0.6176 acc=0.4332
[ep 023] val_sel AUC=0.6261 acc=0.4204
[ep 024] val_sel AUC=0.6739 acc=0.4844
[ep 025] val_sel AUC=0.7497 acc=0.5302
[ep 026] val_sel AUC=0.7632 acc=0.5154
[ep 027] val_sel AUC=0.7993 acc=0.6189
[ep 028] val_sel AUC=0.7900 acc=0.6195
[ep 029] val_sel AUC=0.7741 acc=0.5809
[ep 030] val_sel AUC=0.8231 acc=0.6409
[ep 031] val_sel AUC=0.8763 acc=0.7349
[ep 032] val_sel AUC=0.8607 acc=0.6963
[ep 033] val_sel AUC=0.8757 acc=0.7262
[ep 034] val_sel AUC=0.8902 acc=0.7562
[ep 035] val_sel AUC=0.8763 acc=0.7277
[ep 036] val_sel AUC=0.9024 acc=0.7789
[ep 037] val_sel AUC=0.8940 acc=0.7596
[ep 038] val_sel AUC=0.8729 acc=0.7066
[ep 039] val_sel AUC=0.9086 acc=0.7912
[ep 040] val_sel AUC=0.9090 acc=0.7811
[ep 041] val_sel AUC=0.9103 acc=0.7879
[ep 042] val_sel AUC=0.9101 acc=0.7899
[ep 043] val_sel AUC=0.9118 acc=0.7984
[ep 044] val_sel AUC=0.9150 acc=0.7996
[ep 045] val_sel AUC=0.9161 acc=0.8067
[ep 046] val_sel AUC=0.9152 acc=0.8056
[ep 047] val_sel AUC=0.9158 acc=0.8049
[ep 048] val_sel AUC=0.9159 acc=0.8058
============================================================
TEST (best val_sel epoch, held-out, evaluated once)
============================================================
[DONE-QPE] embed=conv model_II N=500 seed=59 test_AUC=0.9249 val_sel_AUC=0.9161 per_class=(axion=0.9497 cdm=0.8559 no_sub=0.9690) params=207619 embed_params=4160 angle_drift=None U_frob_drift=None
