[INFO] QPE D=64 P=8 depth=4 | embed=conv circuit_layers=n/a | data=model_III N/class=500 seed=55 split_seed=0 | params=207619 embed_params=4160 lr=0.001 epochs=48 | train(1500, 64, 64) val_sel(4469, 64, 64) test(4470, 64, 64) device=cuda
[ep 001] val_sel AUC=0.4554 acc=0.3433
[ep 002] val_sel AUC=0.4651 acc=0.3433
[ep 003] val_sel AUC=0.4749 acc=0.3433
[ep 004] val_sel AUC=0.4830 acc=0.3285
[ep 005] val_sel AUC=0.4907 acc=0.3283
[ep 006] val_sel AUC=0.5000 acc=0.3283
[ep 007] val_sel AUC=0.5072 acc=0.3283
[ep 008] val_sel AUC=0.5137 acc=0.3433
[ep 009] val_sel AUC=0.5184 acc=0.3433
[ep 010] val_sel AUC=0.5224 acc=0.3285
[ep 011] val_sel AUC=0.5255 acc=0.3433
[ep 012] val_sel AUC=0.5271 acc=0.3433
[ep 013] val_sel AUC=0.5291 acc=0.3283
[ep 014] val_sel AUC=0.5297 acc=0.3285
[ep 015] val_sel AUC=0.5298 acc=0.3455
[ep 016] val_sel AUC=0.5300 acc=0.3285
[ep 017] val_sel AUC=0.5379 acc=0.3433
[ep 018] val_sel AUC=0.5456 acc=0.3283
[ep 019] val_sel AUC=0.5452 acc=0.3433
[ep 020] val_sel AUC=0.5542 acc=0.3283
[ep 021] val_sel AUC=0.5577 acc=0.3285
[ep 022] val_sel AUC=0.5617 acc=0.3433
[ep 023] val_sel AUC=0.5642 acc=0.3285
[ep 024] val_sel AUC=0.5599 acc=0.3433
[ep 025] val_sel AUC=0.5614 acc=0.3285
[ep 026] val_sel AUC=0.5600 acc=0.3433
[ep 027] val_sel AUC=0.5569 acc=0.3433
[ep 028] val_sel AUC=0.5494 acc=0.3433
[ep 029] val_sel AUC=0.5565 acc=0.3283
[ep 030] val_sel AUC=0.5498 acc=0.3285
[ep 031] val_sel AUC=0.5471 acc=0.3433
[ep 032] val_sel AUC=0.5431 acc=0.3433
[ep 033] val_sel AUC=0.5378 acc=0.3283
[ep 034] val_sel AUC=0.5372 acc=0.3285
[ep 035] val_sel AUC=0.5426 acc=0.3283
[ep 036] val_sel AUC=0.5324 acc=0.3305
[ep 037] val_sel AUC=0.5324 acc=0.3361
[ep 038] val_sel AUC=0.5321 acc=0.3417
[ep 039] val_sel AUC=0.5324 acc=0.3441
[ep 040] val_sel AUC=0.5345 acc=0.3522
[ep 041] val_sel AUC=0.5350 acc=0.3403
[ep 042] val_sel AUC=0.5366 acc=0.3392
[ep 043] val_sel AUC=0.5366 acc=0.3471
[ep 044] val_sel AUC=0.5371 acc=0.3538
[ep 045] val_sel AUC=0.5373 acc=0.3567
[ep 046] val_sel AUC=0.5375 acc=0.3571
[ep 047] val_sel AUC=0.5374 acc=0.3587
[ep 048] val_sel AUC=0.5375 acc=0.3560
============================================================
TEST (best val_sel epoch, held-out, evaluated once)
============================================================
[DONE-QPE] embed=conv model_III N=500 seed=55 test_AUC=0.5638 val_sel_AUC=0.5642 per_class=(axion=0.5772 cdm=0.5332 no_sub=0.5811) params=207619 embed_params=4160 angle_drift=None U_frob_drift=None
