[INFO] QPE D=64 P=8 depth=4 | embed=conv circuit_layers=n/a | data=model_III N/class=500 seed=51 split_seed=0 | params=207619 embed_params=4160 lr=0.001 epochs=48 | train(1500, 64, 64) val_sel(4469, 64, 64) test(4470, 64, 64) device=cuda
[ep 001] val_sel AUC=0.5068 acc=0.3285
[ep 002] val_sel AUC=0.5142 acc=0.3283
[ep 003] val_sel AUC=0.5249 acc=0.3433
[ep 004] val_sel AUC=0.5257 acc=0.3285
[ep 005] val_sel AUC=0.5257 acc=0.3285
[ep 006] val_sel AUC=0.5372 acc=0.3433
[ep 007] val_sel AUC=0.5391 acc=0.3433
[ep 008] val_sel AUC=0.5311 acc=0.3433
[ep 009] val_sel AUC=0.5344 acc=0.3433
[ep 010] val_sel AUC=0.5404 acc=0.3285
[ep 011] val_sel AUC=0.5446 acc=0.3741
[ep 012] val_sel AUC=0.5444 acc=0.3444
[ep 013] val_sel AUC=0.5446 acc=0.3515
[ep 014] val_sel AUC=0.5450 acc=0.3587
[ep 015] val_sel AUC=0.5452 acc=0.3578
[ep 016] val_sel AUC=0.5455 acc=0.3603
[ep 017] val_sel AUC=0.5776 acc=0.3770
[ep 018] val_sel AUC=0.6764 acc=0.4256
[ep 019] val_sel AUC=0.7612 acc=0.5321
[ep 020] val_sel AUC=0.7192 acc=0.4323
[ep 021] val_sel AUC=0.7942 acc=0.5829
[ep 022] val_sel AUC=0.8011 acc=0.5818
[ep 023] val_sel AUC=0.8207 acc=0.5585
[ep 024] val_sel AUC=0.8185 acc=0.5753
[ep 025] val_sel AUC=0.8740 acc=0.6281
[ep 026] val_sel AUC=0.8591 acc=0.6771
[ep 027] val_sel AUC=0.8637 acc=0.6536
[ep 028] val_sel AUC=0.8408 acc=0.5659
[ep 029] val_sel AUC=0.9052 acc=0.7700
[ep 030] val_sel AUC=0.8737 acc=0.6458
[ep 031] val_sel AUC=0.8687 acc=0.6574
[ep 032] val_sel AUC=0.9033 acc=0.7156
[ep 033] val_sel AUC=0.9166 acc=0.7783
[ep 034] val_sel AUC=0.8486 acc=0.6746
[ep 035] val_sel AUC=0.9082 acc=0.7595
[ep 036] val_sel AUC=0.9122 acc=0.7856
[ep 037] val_sel AUC=0.9242 acc=0.8026
[ep 038] val_sel AUC=0.9241 acc=0.7915
[ep 039] val_sel AUC=0.9258 acc=0.7917
[ep 040] val_sel AUC=0.9287 acc=0.8051
[ep 041] val_sel AUC=0.9310 acc=0.8071
[ep 042] val_sel AUC=0.9307 acc=0.8080
[ep 043] val_sel AUC=0.9333 acc=0.8176
[ep 044] val_sel AUC=0.9338 acc=0.8165
[ep 045] val_sel AUC=0.9341 acc=0.8172
[ep 046] val_sel AUC=0.9350 acc=0.8199
[ep 047] val_sel AUC=0.9352 acc=0.8214
[ep 048] val_sel AUC=0.9353 acc=0.8201
============================================================
TEST (best val_sel epoch, held-out, evaluated once)
============================================================
[DONE-QPE] embed=conv model_III N=500 seed=51 test_AUC=0.9345 val_sel_AUC=0.9353 per_class=(axion=0.9612 cdm=0.8788 no_sub=0.9636) params=207619 embed_params=4160 angle_drift=None U_frob_drift=None
