[INFO] QPE D=64 P=8 depth=4 | embed=conv circuit_layers=n/a | data=model_III N/class=500 seed=49 split_seed=0 | params=207619 embed_params=4160 lr=0.001 epochs=48 | train(1500, 64, 64) val_sel(4469, 64, 64) test(4470, 64, 64) device=cuda
[ep 001] val_sel AUC=0.5193 acc=0.3285
[ep 002] val_sel AUC=0.5446 acc=0.3433
[ep 003] val_sel AUC=0.5611 acc=0.3433
[ep 004] val_sel AUC=0.5730 acc=0.3285
[ep 005] val_sel AUC=0.5739 acc=0.3285
[ep 006] val_sel AUC=0.5858 acc=0.3283
[ep 007] val_sel AUC=0.5785 acc=0.3433
[ep 008] val_sel AUC=0.5604 acc=0.3283
[ep 009] val_sel AUC=0.5467 acc=0.3285
[ep 010] val_sel AUC=0.5495 acc=0.3433
[ep 011] val_sel AUC=0.5445 acc=0.3283
[ep 012] val_sel AUC=0.5432 acc=0.3618
[ep 013] val_sel AUC=0.5423 acc=0.3764
[ep 014] val_sel AUC=0.5429 acc=0.3444
[ep 015] val_sel AUC=0.5423 acc=0.3430
[ep 016] val_sel AUC=0.5422 acc=0.3735
[ep 017] val_sel AUC=0.5438 acc=0.3426
[ep 018] val_sel AUC=0.5397 acc=0.3448
[ep 019] val_sel AUC=0.5401 acc=0.3565
[ep 020] val_sel AUC=0.5518 acc=0.3580
[ep 021] val_sel AUC=0.5538 acc=0.3345
[ep 022] val_sel AUC=0.5748 acc=0.3918
[ep 023] val_sel AUC=0.5693 acc=0.3851
[ep 024] val_sel AUC=0.5806 acc=0.4041
[ep 025] val_sel AUC=0.6200 acc=0.4196
[ep 026] val_sel AUC=0.6668 acc=0.4724
[ep 027] val_sel AUC=0.6865 acc=0.4795
[ep 028] val_sel AUC=0.7325 acc=0.5404
[ep 029] val_sel AUC=0.7435 acc=0.5390
[ep 030] val_sel AUC=0.7805 acc=0.6015
[ep 031] val_sel AUC=0.8126 acc=0.6158
[ep 032] val_sel AUC=0.8241 acc=0.6556
[ep 033] val_sel AUC=0.8161 acc=0.6283
[ep 034] val_sel AUC=0.8195 acc=0.5941
[ep 035] val_sel AUC=0.8416 acc=0.6608
[ep 036] val_sel AUC=0.8671 acc=0.7194
[ep 037] val_sel AUC=0.8749 acc=0.7364
[ep 038] val_sel AUC=0.8767 acc=0.7093
[ep 039] val_sel AUC=0.8828 acc=0.7348
[ep 040] val_sel AUC=0.8924 acc=0.7548
[ep 041] val_sel AUC=0.8966 acc=0.7715
[ep 042] val_sel AUC=0.8974 acc=0.7563
[ep 043] val_sel AUC=0.9010 acc=0.7816
[ep 044] val_sel AUC=0.9051 acc=0.7856
[ep 045] val_sel AUC=0.9035 acc=0.7789
[ep 046] val_sel AUC=0.9049 acc=0.7827
[ep 047] val_sel AUC=0.9049 acc=0.7847
[ep 048] val_sel AUC=0.9055 acc=0.7834
============================================================
TEST (best val_sel epoch, held-out, evaluated once)
============================================================
[DONE-QPE] embed=conv model_III N=500 seed=49 test_AUC=0.9047 val_sel_AUC=0.9055 per_class=(axion=0.9417 cdm=0.8234 no_sub=0.9489) params=207619 embed_params=4160 angle_drift=None U_frob_drift=None
