[INFO] QPE D=64 P=8 depth=4 | embed=conv circuit_layers=n/a | data=model_II N/class=500 seed=45 split_seed=0 | params=207619 embed_params=4160 lr=0.001 epochs=48 | train(1500, 64, 64) val_sel(4455, 64, 64) test(4455, 64, 64) device=cuda
[ep 001] val_sel AUC=0.5105 acc=0.3291
[ep 002] val_sel AUC=0.5174 acc=0.3237
[ep 003] val_sel AUC=0.5214 acc=0.3237
[ep 004] val_sel AUC=0.5261 acc=0.3291
[ep 005] val_sel AUC=0.5266 acc=0.3473
[ep 006] val_sel AUC=0.5258 acc=0.3237
[ep 007] val_sel AUC=0.5274 acc=0.3237
[ep 008] val_sel AUC=0.5280 acc=0.3237
[ep 009] val_sel AUC=0.5308 acc=0.3237
[ep 010] val_sel AUC=0.5303 acc=0.3473
[ep 011] val_sel AUC=0.5298 acc=0.3237
[ep 012] val_sel AUC=0.5298 acc=0.3291
[ep 013] val_sel AUC=0.5293 acc=0.3450
[ep 014] val_sel AUC=0.5291 acc=0.3455
[ep 015] val_sel AUC=0.5289 acc=0.3515
[ep 016] val_sel AUC=0.5288 acc=0.3237
[ep 017] val_sel AUC=0.5283 acc=0.3484
[ep 018] val_sel AUC=0.5321 acc=0.3291
[ep 019] val_sel AUC=0.5305 acc=0.3291
[ep 020] val_sel AUC=0.5356 acc=0.3291
[ep 021] val_sel AUC=0.5326 acc=0.3237
[ep 022] val_sel AUC=0.5255 acc=0.3237
[ep 023] val_sel AUC=0.5201 acc=0.3237
[ep 024] val_sel AUC=0.5059 acc=0.3237
[ep 025] val_sel AUC=0.5409 acc=0.3237
[ep 026] val_sel AUC=0.5528 acc=0.3235
[ep 027] val_sel AUC=0.5707 acc=0.3490
[ep 028] val_sel AUC=0.5829 acc=0.3935
[ep 029] val_sel AUC=0.5970 acc=0.3921
[ep 030] val_sel AUC=0.7019 acc=0.5082
[ep 031] val_sel AUC=0.7274 acc=0.5145
[ep 032] val_sel AUC=0.7252 acc=0.5239
[ep 033] val_sel AUC=0.7421 acc=0.5466
[ep 034] val_sel AUC=0.8169 acc=0.6325
[ep 035] val_sel AUC=0.8101 acc=0.6004
[ep 036] val_sel AUC=0.8498 acc=0.6848
[ep 037] val_sel AUC=0.8649 acc=0.6988
[ep 038] val_sel AUC=0.8610 acc=0.6985
[ep 039] val_sel AUC=0.8776 acc=0.7268
[ep 040] val_sel AUC=0.8898 acc=0.7434
[ep 041] val_sel AUC=0.8975 acc=0.7612
[ep 042] val_sel AUC=0.9031 acc=0.7758
[ep 043] val_sel AUC=0.9051 acc=0.7755
[ep 044] val_sel AUC=0.9062 acc=0.7807
[ep 045] val_sel AUC=0.9064 acc=0.7872
[ep 046] val_sel AUC=0.9096 acc=0.7910
[ep 047] val_sel AUC=0.9100 acc=0.7899
[ep 048] val_sel AUC=0.9105 acc=0.7899
============================================================
TEST (best val_sel epoch, held-out, evaluated once)
============================================================
[DONE-QPE] embed=conv model_II N=500 seed=45 test_AUC=0.9158 val_sel_AUC=0.9105 per_class=(axion=0.9413 cdm=0.8458 no_sub=0.9602) params=207619 embed_params=4160 angle_drift=None U_frob_drift=None
