[INFO] QPE D=64 P=8 depth=4 | embed=dct circuit_layers=n/a | data=model_III N/class=500 seed=47 split_seed=0 | params=203460 embed_params=1 lr=0.001 epochs=48 | train(1500, 64, 64) val_sel(4469, 64, 64) test(4470, 64, 64) device=cuda
[ep 001] val_sel AUC=0.5305 acc=0.3433
[ep 002] val_sel AUC=0.5602 acc=0.3433
[ep 003] val_sel AUC=0.5835 acc=0.3433
[ep 004] val_sel AUC=0.5846 acc=0.3283
[ep 005] val_sel AUC=0.5720 acc=0.3515
[ep 006] val_sel AUC=0.5621 acc=0.3538
[ep 007] val_sel AUC=0.6037 acc=0.3612
[ep 008] val_sel AUC=0.6763 acc=0.4692
[ep 009] val_sel AUC=0.7714 acc=0.5655
[ep 010] val_sel AUC=0.8276 acc=0.6424
[ep 011] val_sel AUC=0.8453 acc=0.6787
[ep 012] val_sel AUC=0.8641 acc=0.7109
[ep 013] val_sel AUC=0.8859 acc=0.7418
[ep 014] val_sel AUC=0.9013 acc=0.7577
[ep 015] val_sel AUC=0.9083 acc=0.7816
[ep 016] val_sel AUC=0.9110 acc=0.7841
[ep 017] val_sel AUC=0.8173 acc=0.6283
[ep 018] val_sel AUC=0.8645 acc=0.6746
[ep 019] val_sel AUC=0.8619 acc=0.6541
[ep 020] val_sel AUC=0.8950 acc=0.6887
[ep 021] val_sel AUC=0.9033 acc=0.7364
[ep 022] val_sel AUC=0.9037 acc=0.7514
[ep 023] val_sel AUC=0.9138 acc=0.7677
[ep 024] val_sel AUC=0.8986 acc=0.7512
[ep 025] val_sel AUC=0.8734 acc=0.7011
[ep 026] val_sel AUC=0.8971 acc=0.7626
[ep 027] val_sel AUC=0.9014 acc=0.7478
[ep 028] val_sel AUC=0.9245 acc=0.8203
[ep 029] val_sel AUC=0.8890 acc=0.7626
[ep 030] val_sel AUC=0.9278 acc=0.8105
[ep 031] val_sel AUC=0.9228 acc=0.8035
[ep 032] val_sel AUC=0.9207 acc=0.8026
[ep 033] val_sel AUC=0.9282 acc=0.8176
[ep 034] val_sel AUC=0.9293 acc=0.8212
[ep 035] val_sel AUC=0.9312 acc=0.8286
[ep 036] val_sel AUC=0.9234 acc=0.8235
[ep 037] val_sel AUC=0.9349 acc=0.8208
[ep 038] val_sel AUC=0.9385 acc=0.8447
[ep 039] val_sel AUC=0.9372 acc=0.8317
[ep 040] val_sel AUC=0.9357 acc=0.8543
[ep 041] val_sel AUC=0.9395 acc=0.8577
[ep 042] val_sel AUC=0.9405 acc=0.8546
[ep 043] val_sel AUC=0.9391 acc=0.8570
[ep 044] val_sel AUC=0.9411 acc=0.8546
[ep 045] val_sel AUC=0.9412 acc=0.8624
[ep 046] val_sel AUC=0.9413 acc=0.8631
[ep 047] val_sel AUC=0.9412 acc=0.8608
[ep 048] val_sel AUC=0.9412 acc=0.8622
============================================================
TEST (best val_sel epoch, held-out, evaluated once)
============================================================
[DONE-QPE] embed=dct model_III N=500 seed=47 test_AUC=0.9415 val_sel_AUC=0.9413 per_class=(axion=0.9493 cdm=0.8933 no_sub=0.9818) params=203460 embed_params=1 angle_drift=None U_frob_drift=None
