[INFO] QPE D=64 P=8 depth=4 | embed=dct circuit_layers=n/a | data=model_III N/class=500 seed=56 split_seed=0 | params=203460 embed_params=1 lr=0.001 epochs=48 | train(1500, 64, 64) val_sel(4469, 64, 64) test(4470, 64, 64) device=cuda
[ep 001] val_sel AUC=0.5564 acc=0.3433
[ep 002] val_sel AUC=0.5654 acc=0.3285
[ep 003] val_sel AUC=0.5620 acc=0.3285
[ep 004] val_sel AUC=0.5413 acc=0.3531
[ep 005] val_sel AUC=0.5356 acc=0.3629
[ep 006] val_sel AUC=0.5363 acc=0.3551
[ep 007] val_sel AUC=0.5560 acc=0.3654
[ep 008] val_sel AUC=0.6289 acc=0.4578
[ep 009] val_sel AUC=0.7536 acc=0.5265
[ep 010] val_sel AUC=0.8111 acc=0.6113
[ep 011] val_sel AUC=0.8434 acc=0.6679
[ep 012] val_sel AUC=0.8586 acc=0.7078
[ep 013] val_sel AUC=0.8588 acc=0.7069
[ep 014] val_sel AUC=0.8711 acc=0.7075
[ep 015] val_sel AUC=0.8882 acc=0.7639
[ep 016] val_sel AUC=0.8859 acc=0.7612
[ep 017] val_sel AUC=0.8723 acc=0.6306
[ep 018] val_sel AUC=0.8432 acc=0.7140
[ep 019] val_sel AUC=0.8909 acc=0.7545
[ep 020] val_sel AUC=0.8750 acc=0.7324
[ep 021] val_sel AUC=0.8726 acc=0.7284
[ep 022] val_sel AUC=0.8748 acc=0.7301
[ep 023] val_sel AUC=0.8676 acc=0.7107
[ep 024] val_sel AUC=0.8967 acc=0.7668
[ep 025] val_sel AUC=0.9173 acc=0.8132
[ep 026] val_sel AUC=0.9047 acc=0.7581
[ep 027] val_sel AUC=0.9015 acc=0.7724
[ep 028] val_sel AUC=0.9214 acc=0.7825
[ep 029] val_sel AUC=0.8531 acc=0.7096
[ep 030] val_sel AUC=0.9058 acc=0.7516
[ep 031] val_sel AUC=0.9184 acc=0.8004
[ep 032] val_sel AUC=0.9248 acc=0.8152
[ep 033] val_sel AUC=0.9279 acc=0.8196
[ep 034] val_sel AUC=0.9354 acc=0.8270
[ep 035] val_sel AUC=0.9318 acc=0.8161
[ep 036] val_sel AUC=0.9065 acc=0.7671
[ep 037] val_sel AUC=0.9381 acc=0.8478
[ep 038] val_sel AUC=0.9398 acc=0.8452
[ep 039] val_sel AUC=0.9359 acc=0.8331
[ep 040] val_sel AUC=0.9386 acc=0.8465
[ep 041] val_sel AUC=0.9374 acc=0.8351
[ep 042] val_sel AUC=0.9384 acc=0.8353
[ep 043] val_sel AUC=0.9437 acc=0.8584
[ep 044] val_sel AUC=0.9444 acc=0.8532
[ep 045] val_sel AUC=0.9452 acc=0.8617
[ep 046] val_sel AUC=0.9447 acc=0.8635
[ep 047] val_sel AUC=0.9452 acc=0.8615
[ep 048] val_sel AUC=0.9452 acc=0.8631
============================================================
TEST (best val_sel epoch, held-out, evaluated once)
============================================================
[DONE-QPE] embed=dct model_III N=500 seed=56 test_AUC=0.9477 val_sel_AUC=0.9452 per_class=(axion=0.9491 cdm=0.9079 no_sub=0.9861) params=203460 embed_params=1 angle_drift=None U_frob_drift=None
