[INFO] QPE D=64 P=8 depth=4 | embed=dct circuit_layers=n/a | data=model_III N/class=500 seed=57 split_seed=0 | params=203460 embed_params=1 lr=0.001 epochs=48 | train(1500, 64, 64) val_sel(4469, 64, 64) test(4470, 64, 64) device=cuda
[ep 001] val_sel AUC=0.5387 acc=0.3538
[ep 002] val_sel AUC=0.5588 acc=0.3283
[ep 003] val_sel AUC=0.5684 acc=0.3285
[ep 004] val_sel AUC=0.5795 acc=0.3683
[ep 005] val_sel AUC=0.5784 acc=0.3283
[ep 006] val_sel AUC=0.5853 acc=0.3283
[ep 007] val_sel AUC=0.5928 acc=0.3285
[ep 008] val_sel AUC=0.5878 acc=0.3285
[ep 009] val_sel AUC=0.5768 acc=0.3292
[ep 010] val_sel AUC=0.5846 acc=0.3990
[ep 011] val_sel AUC=0.5721 acc=0.3898
[ep 012] val_sel AUC=0.5770 acc=0.3614
[ep 013] val_sel AUC=0.5712 acc=0.4068
[ep 014] val_sel AUC=0.5764 acc=0.4030
[ep 015] val_sel AUC=0.5769 acc=0.4084
[ep 016] val_sel AUC=0.5776 acc=0.4095
[ep 017] val_sel AUC=0.6676 acc=0.4077
[ep 018] val_sel AUC=0.7108 acc=0.5173
[ep 019] val_sel AUC=0.8089 acc=0.5983
[ep 020] val_sel AUC=0.8675 acc=0.7116
[ep 021] val_sel AUC=0.8732 acc=0.6529
[ep 022] val_sel AUC=0.9104 acc=0.7906
[ep 023] val_sel AUC=0.8944 acc=0.7194
[ep 024] val_sel AUC=0.8988 acc=0.7442
[ep 025] val_sel AUC=0.9035 acc=0.7803
[ep 026] val_sel AUC=0.9286 acc=0.8201
[ep 027] val_sel AUC=0.9187 acc=0.7738
[ep 028] val_sel AUC=0.9258 acc=0.7876
[ep 029] val_sel AUC=0.9209 acc=0.8149
[ep 030] val_sel AUC=0.9220 acc=0.8367
[ep 031] val_sel AUC=0.9382 acc=0.8402
[ep 032] val_sel AUC=0.9357 acc=0.8297
[ep 033] val_sel AUC=0.9359 acc=0.8223
[ep 034] val_sel AUC=0.9225 acc=0.7921
[ep 035] val_sel AUC=0.9425 acc=0.8297
[ep 036] val_sel AUC=0.9451 acc=0.8570
[ep 037] val_sel AUC=0.9433 acc=0.8575
[ep 038] val_sel AUC=0.9460 acc=0.8622
[ep 039] val_sel AUC=0.9436 acc=0.8619
[ep 040] val_sel AUC=0.9432 acc=0.8552
[ep 041] val_sel AUC=0.9455 acc=0.8666
[ep 042] val_sel AUC=0.9480 acc=0.8760
[ep 043] val_sel AUC=0.9488 acc=0.8772
[ep 044] val_sel AUC=0.9478 acc=0.8749
[ep 045] val_sel AUC=0.9462 acc=0.8673
[ep 046] val_sel AUC=0.9478 acc=0.8756
[ep 047] val_sel AUC=0.9480 acc=0.8772
[ep 048] val_sel AUC=0.9480 acc=0.8780
============================================================
TEST (best val_sel epoch, held-out, evaluated once)
============================================================
[DONE-QPE] embed=dct model_III N=500 seed=57 test_AUC=0.9447 val_sel_AUC=0.9488 per_class=(axion=0.9518 cdm=0.9017 no_sub=0.9807) params=203460 embed_params=1 angle_drift=None U_frob_drift=None
