[INFO] QPE D=64 P=8 depth=4 | embed=dct circuit_layers=n/a | data=model_III N/class=500 seed=49 split_seed=0 | params=203460 embed_params=1 lr=0.001 epochs=48 | train(1500, 64, 64) val_sel(4469, 64, 64) test(4470, 64, 64) device=cuda
[ep 001] val_sel AUC=0.5218 acc=0.3433
[ep 002] val_sel AUC=0.5446 acc=0.3433
[ep 003] val_sel AUC=0.5648 acc=0.3285
[ep 004] val_sel AUC=0.5650 acc=0.3433
[ep 005] val_sel AUC=0.5665 acc=0.3766
[ep 006] val_sel AUC=0.5382 acc=0.3285
[ep 007] val_sel AUC=0.5323 acc=0.3433
[ep 008] val_sel AUC=0.5418 acc=0.3285
[ep 009] val_sel AUC=0.5447 acc=0.3544
[ep 010] val_sel AUC=0.5528 acc=0.3553
[ep 011] val_sel AUC=0.5606 acc=0.3766
[ep 012] val_sel AUC=0.5993 acc=0.4366
[ep 013] val_sel AUC=0.6072 acc=0.4072
[ep 014] val_sel AUC=0.6149 acc=0.4576
[ep 015] val_sel AUC=0.6258 acc=0.4574
[ep 016] val_sel AUC=0.6288 acc=0.4596
[ep 017] val_sel AUC=0.7468 acc=0.4856
[ep 018] val_sel AUC=0.7597 acc=0.5397
[ep 019] val_sel AUC=0.8361 acc=0.6245
[ep 020] val_sel AUC=0.8693 acc=0.7147
[ep 021] val_sel AUC=0.8752 acc=0.7232
[ep 022] val_sel AUC=0.8879 acc=0.7163
[ep 023] val_sel AUC=0.9035 acc=0.7736
[ep 024] val_sel AUC=0.8869 acc=0.7147
[ep 025] val_sel AUC=0.9140 acc=0.7440
[ep 026] val_sel AUC=0.9098 acc=0.7908
[ep 027] val_sel AUC=0.9192 acc=0.7993
[ep 028] val_sel AUC=0.9193 acc=0.8038
[ep 029] val_sel AUC=0.9232 acc=0.8149
[ep 030] val_sel AUC=0.9028 acc=0.7257
[ep 031] val_sel AUC=0.9219 acc=0.7812
[ep 032] val_sel AUC=0.9281 acc=0.8040
[ep 033] val_sel AUC=0.9209 acc=0.8076
[ep 034] val_sel AUC=0.9262 acc=0.8031
[ep 035] val_sel AUC=0.9287 acc=0.8235
[ep 036] val_sel AUC=0.9285 acc=0.8179
[ep 037] val_sel AUC=0.9321 acc=0.8243
[ep 038] val_sel AUC=0.9326 acc=0.8270
[ep 039] val_sel AUC=0.9353 acc=0.8405
[ep 040] val_sel AUC=0.9288 acc=0.8055
[ep 041] val_sel AUC=0.9337 acc=0.8174
[ep 042] val_sel AUC=0.9358 acc=0.8384
[ep 043] val_sel AUC=0.9372 acc=0.8501
[ep 044] val_sel AUC=0.9371 acc=0.8510
[ep 045] val_sel AUC=0.9369 acc=0.8503
[ep 046] val_sel AUC=0.9375 acc=0.8512
[ep 047] val_sel AUC=0.9373 acc=0.8503
[ep 048] val_sel AUC=0.9373 acc=0.8510
============================================================
TEST (best val_sel epoch, held-out, evaluated once)
============================================================
[DONE-QPE] embed=dct model_III N=500 seed=49 test_AUC=0.9365 val_sel_AUC=0.9375 per_class=(axion=0.9511 cdm=0.8821 no_sub=0.9762) params=203460 embed_params=1 angle_drift=None U_frob_drift=None
