[INFO] QPE D=64 P=8 depth=4 | embed=dct circuit_layers=n/a | data=model_III N/class=500 seed=44 split_seed=0 | params=203460 embed_params=1 lr=0.001 epochs=48 | train(1500, 64, 64) val_sel(4469, 64, 64) test(4470, 64, 64) device=cuda
[ep 001] val_sel AUC=0.5640 acc=0.3374
[ep 002] val_sel AUC=0.5944 acc=0.3283
[ep 003] val_sel AUC=0.6175 acc=0.3433
[ep 004] val_sel AUC=0.6805 acc=0.3285
[ep 005] val_sel AUC=0.6259 acc=0.3379
[ep 006] val_sel AUC=0.5874 acc=0.3777
[ep 007] val_sel AUC=0.6076 acc=0.3947
[ep 008] val_sel AUC=0.7383 acc=0.4424
[ep 009] val_sel AUC=0.8295 acc=0.6520
[ep 010] val_sel AUC=0.8658 acc=0.7073
[ep 011] val_sel AUC=0.8666 acc=0.6438
[ep 012] val_sel AUC=0.8899 acc=0.7120
[ep 013] val_sel AUC=0.8903 acc=0.7333
[ep 014] val_sel AUC=0.9040 acc=0.7583
[ep 015] val_sel AUC=0.9034 acc=0.7691
[ep 016] val_sel AUC=0.9067 acc=0.7789
[ep 017] val_sel AUC=0.6663 acc=0.4533
[ep 018] val_sel AUC=0.7244 acc=0.5095
[ep 019] val_sel AUC=0.8378 acc=0.6563
[ep 020] val_sel AUC=0.8529 acc=0.6870
[ep 021] val_sel AUC=0.8952 acc=0.7550
[ep 022] val_sel AUC=0.8527 acc=0.6523
[ep 023] val_sel AUC=0.8888 acc=0.7261
[ep 024] val_sel AUC=0.8879 acc=0.7351
[ep 025] val_sel AUC=0.9042 acc=0.7516
[ep 026] val_sel AUC=0.8922 acc=0.7451
[ep 027] val_sel AUC=0.9117 acc=0.7720
[ep 028] val_sel AUC=0.9078 acc=0.7680
[ep 029] val_sel AUC=0.9035 acc=0.7333
[ep 030] val_sel AUC=0.9122 acc=0.7803
[ep 031] val_sel AUC=0.9234 acc=0.7791
[ep 032] val_sel AUC=0.9333 acc=0.8279
[ep 033] val_sel AUC=0.9250 acc=0.7861
[ep 034] val_sel AUC=0.9431 acc=0.8429
[ep 035] val_sel AUC=0.9386 acc=0.8393
[ep 036] val_sel AUC=0.9374 acc=0.8261
[ep 037] val_sel AUC=0.9378 acc=0.8358
[ep 038] val_sel AUC=0.9345 acc=0.8266
[ep 039] val_sel AUC=0.9444 acc=0.8438
[ep 040] val_sel AUC=0.9431 acc=0.8447
[ep 041] val_sel AUC=0.9441 acc=0.8465
[ep 042] val_sel AUC=0.9450 acc=0.8537
[ep 043] val_sel AUC=0.9496 acc=0.8604
[ep 044] val_sel AUC=0.9460 acc=0.8429
[ep 045] val_sel AUC=0.9480 acc=0.8481
[ep 046] val_sel AUC=0.9497 acc=0.8597
[ep 047] val_sel AUC=0.9505 acc=0.8601
[ep 048] val_sel AUC=0.9505 acc=0.8599
============================================================
TEST (best val_sel epoch, held-out, evaluated once)
============================================================
[DONE-QPE] embed=dct model_III N=500 seed=44 test_AUC=0.9491 val_sel_AUC=0.9505 per_class=(axion=0.9584 cdm=0.9078 no_sub=0.9812) params=203460 embed_params=1 angle_drift=None U_frob_drift=None
