[INFO] QPE D=64 P=8 depth=4 | embed=dct circuit_layers=n/a | data=model_III N/class=500 seed=60 split_seed=0 | params=203460 embed_params=1 lr=0.001 epochs=48 | train(1500, 64, 64) val_sel(4469, 64, 64) test(4470, 64, 64) device=cuda
[ep 001] val_sel AUC=0.5533 acc=0.3433
[ep 002] val_sel AUC=0.5655 acc=0.3283
[ep 003] val_sel AUC=0.5728 acc=0.3285
[ep 004] val_sel AUC=0.5706 acc=0.3283
[ep 005] val_sel AUC=0.5633 acc=0.3285
[ep 006] val_sel AUC=0.5468 acc=0.3433
[ep 007] val_sel AUC=0.5480 acc=0.3285
[ep 008] val_sel AUC=0.5590 acc=0.3283
[ep 009] val_sel AUC=0.6041 acc=0.3475
[ep 010] val_sel AUC=0.6374 acc=0.4339
[ep 011] val_sel AUC=0.6990 acc=0.4997
[ep 012] val_sel AUC=0.8040 acc=0.5619
[ep 013] val_sel AUC=0.8328 acc=0.6677
[ep 014] val_sel AUC=0.8655 acc=0.7185
[ep 015] val_sel AUC=0.8755 acc=0.7339
[ep 016] val_sel AUC=0.8775 acc=0.7348
[ep 017] val_sel AUC=0.7557 acc=0.4545
[ep 018] val_sel AUC=0.7774 acc=0.5930
[ep 019] val_sel AUC=0.8519 acc=0.6950
[ep 020] val_sel AUC=0.7983 acc=0.6353
[ep 021] val_sel AUC=0.8722 acc=0.7228
[ep 022] val_sel AUC=0.8801 acc=0.7360
[ep 023] val_sel AUC=0.8878 acc=0.7371
[ep 024] val_sel AUC=0.8815 acc=0.7270
[ep 025] val_sel AUC=0.8799 acc=0.7205
[ep 026] val_sel AUC=0.8988 acc=0.7395
[ep 027] val_sel AUC=0.9039 acc=0.7863
[ep 028] val_sel AUC=0.9081 acc=0.7568
[ep 029] val_sel AUC=0.9161 acc=0.7829
[ep 030] val_sel AUC=0.9293 acc=0.8129
[ep 031] val_sel AUC=0.9082 acc=0.7697
[ep 032] val_sel AUC=0.9273 acc=0.8165
[ep 033] val_sel AUC=0.9264 acc=0.8058
[ep 034] val_sel AUC=0.9326 acc=0.8302
[ep 035] val_sel AUC=0.9382 acc=0.8364
[ep 036] val_sel AUC=0.9239 acc=0.8067
[ep 037] val_sel AUC=0.9425 acc=0.8472
[ep 038] val_sel AUC=0.9200 acc=0.8011
[ep 039] val_sel AUC=0.9461 acc=0.8572
[ep 040] val_sel AUC=0.9453 acc=0.8463
[ep 041] val_sel AUC=0.9497 acc=0.8664
[ep 042] val_sel AUC=0.9490 acc=0.8628
[ep 043] val_sel AUC=0.9504 acc=0.8684
[ep 044] val_sel AUC=0.9505 acc=0.8698
[ep 045] val_sel AUC=0.9508 acc=0.8662
[ep 046] val_sel AUC=0.9511 acc=0.8707
[ep 047] val_sel AUC=0.9512 acc=0.8727
[ep 048] val_sel AUC=0.9512 acc=0.8729
============================================================
TEST (best val_sel epoch, held-out, evaluated once)
============================================================
[DONE-QPE] embed=dct model_III N=500 seed=60 test_AUC=0.9465 val_sel_AUC=0.9512 per_class=(axion=0.9564 cdm=0.9029 no_sub=0.9800) params=203460 embed_params=1 angle_drift=None U_frob_drift=None
