[INFO] QPE D=64 P=8 depth=4 | embed=dct circuit_layers=n/a | data=model_III N/class=500 seed=53 split_seed=0 | params=203460 embed_params=1 lr=0.001 epochs=48 | train(1500, 64, 64) val_sel(4469, 64, 64) test(4470, 64, 64) device=cuda
[ep 001] val_sel AUC=0.5299 acc=0.3285
[ep 002] val_sel AUC=0.5440 acc=0.3433
[ep 003] val_sel AUC=0.5553 acc=0.3433
[ep 004] val_sel AUC=0.5542 acc=0.3285
[ep 005] val_sel AUC=0.5458 acc=0.3285
[ep 006] val_sel AUC=0.5367 acc=0.3285
[ep 007] val_sel AUC=0.5294 acc=0.3334
[ep 008] val_sel AUC=0.5432 acc=0.3283
[ep 009] val_sel AUC=0.5463 acc=0.3506
[ep 010] val_sel AUC=0.5556 acc=0.3627
[ep 011] val_sel AUC=0.5967 acc=0.4119
[ep 012] val_sel AUC=0.6672 acc=0.4607
[ep 013] val_sel AUC=0.7614 acc=0.5581
[ep 014] val_sel AUC=0.8053 acc=0.6335
[ep 015] val_sel AUC=0.8173 acc=0.6091
[ep 016] val_sel AUC=0.8237 acc=0.6567
[ep 017] val_sel AUC=0.8324 acc=0.5878
[ep 018] val_sel AUC=0.7930 acc=0.6165
[ep 019] val_sel AUC=0.7963 acc=0.5701
[ep 020] val_sel AUC=0.8845 acc=0.7241
[ep 021] val_sel AUC=0.8591 acc=0.7096
[ep 022] val_sel AUC=0.8388 acc=0.6368
[ep 023] val_sel AUC=0.8510 acc=0.6708
[ep 024] val_sel AUC=0.8415 acc=0.6623
[ep 025] val_sel AUC=0.9001 acc=0.7715
[ep 026] val_sel AUC=0.8814 acc=0.7028
[ep 027] val_sel AUC=0.9082 acc=0.7590
[ep 028] val_sel AUC=0.9005 acc=0.7762
[ep 029] val_sel AUC=0.9099 acc=0.7702
[ep 030] val_sel AUC=0.9238 acc=0.7964
[ep 031] val_sel AUC=0.9134 acc=0.7630
[ep 032] val_sel AUC=0.9326 acc=0.8035
[ep 033] val_sel AUC=0.9291 acc=0.8167
[ep 034] val_sel AUC=0.9236 acc=0.7852
[ep 035] val_sel AUC=0.9199 acc=0.8091
[ep 036] val_sel AUC=0.9222 acc=0.8060
[ep 037] val_sel AUC=0.9149 acc=0.7588
[ep 038] val_sel AUC=0.9400 acc=0.8507
[ep 039] val_sel AUC=0.9386 acc=0.8346
[ep 040] val_sel AUC=0.9434 acc=0.8501
[ep 041] val_sel AUC=0.9419 acc=0.8378
[ep 042] val_sel AUC=0.9453 acc=0.8512
[ep 043] val_sel AUC=0.9444 acc=0.8414
[ep 044] val_sel AUC=0.9458 acc=0.8548
[ep 045] val_sel AUC=0.9460 acc=0.8566
[ep 046] val_sel AUC=0.9463 acc=0.8546
[ep 047] val_sel AUC=0.9468 acc=0.8534
[ep 048] val_sel AUC=0.9467 acc=0.8550
============================================================
TEST (best val_sel epoch, held-out, evaluated once)
============================================================
[DONE-QPE] embed=dct model_III N=500 seed=53 test_AUC=0.9457 val_sel_AUC=0.9468 per_class=(axion=0.9534 cdm=0.9015 no_sub=0.9822) params=203460 embed_params=1 angle_drift=None U_frob_drift=None
