[INFO] QPE D=64 P=8 depth=4 | embed=dct circuit_layers=n/a | data=model_III N/class=500 seed=51 split_seed=0 | params=203460 embed_params=1 lr=0.001 epochs=48 | train(1500, 64, 64) val_sel(4469, 64, 64) test(4470, 64, 64) device=cuda
[ep 001] val_sel AUC=0.5191 acc=0.3285
[ep 002] val_sel AUC=0.5490 acc=0.3283
[ep 003] val_sel AUC=0.5423 acc=0.3433
[ep 004] val_sel AUC=0.5514 acc=0.3433
[ep 005] val_sel AUC=0.5552 acc=0.3433
[ep 006] val_sel AUC=0.5543 acc=0.3433
[ep 007] val_sel AUC=0.5482 acc=0.3699
[ep 008] val_sel AUC=0.5685 acc=0.3766
[ep 009] val_sel AUC=0.5881 acc=0.3697
[ep 010] val_sel AUC=0.6024 acc=0.4238
[ep 011] val_sel AUC=0.7103 acc=0.4927
[ep 012] val_sel AUC=0.8380 acc=0.6614
[ep 013] val_sel AUC=0.8674 acc=0.7205
[ep 014] val_sel AUC=0.8439 acc=0.6429
[ep 015] val_sel AUC=0.8940 acc=0.7478
[ep 016] val_sel AUC=0.8945 acc=0.7552
[ep 017] val_sel AUC=0.7798 acc=0.4988
[ep 018] val_sel AUC=0.7349 acc=0.5021
[ep 019] val_sel AUC=0.8100 acc=0.6176
[ep 020] val_sel AUC=0.8616 acc=0.6961
[ep 021] val_sel AUC=0.8737 acc=0.7100
[ep 022] val_sel AUC=0.8631 acc=0.6937
[ep 023] val_sel AUC=0.9104 acc=0.7879
[ep 024] val_sel AUC=0.8465 acc=0.5874
[ep 025] val_sel AUC=0.8962 acc=0.7398
[ep 026] val_sel AUC=0.9167 acc=0.7787
[ep 027] val_sel AUC=0.8911 acc=0.7744
[ep 028] val_sel AUC=0.8892 acc=0.7310
[ep 029] val_sel AUC=0.9180 acc=0.8000
[ep 030] val_sel AUC=0.9152 acc=0.7966
[ep 031] val_sel AUC=0.9327 acc=0.8241
[ep 032] val_sel AUC=0.9252 acc=0.8167
[ep 033] val_sel AUC=0.9365 acc=0.8337
[ep 034] val_sel AUC=0.9349 acc=0.8465
[ep 035] val_sel AUC=0.9356 acc=0.8382
[ep 036] val_sel AUC=0.8883 acc=0.7404
[ep 037] val_sel AUC=0.9409 acc=0.8467
[ep 038] val_sel AUC=0.9326 acc=0.8217
[ep 039] val_sel AUC=0.9424 acc=0.8559
[ep 040] val_sel AUC=0.9401 acc=0.8461
[ep 041] val_sel AUC=0.9420 acc=0.8476
[ep 042] val_sel AUC=0.9466 acc=0.8599
[ep 043] val_sel AUC=0.9432 acc=0.8521
[ep 044] val_sel AUC=0.9474 acc=0.8653
[ep 045] val_sel AUC=0.9492 acc=0.8720
[ep 046] val_sel AUC=0.9485 acc=0.8693
[ep 047] val_sel AUC=0.9492 acc=0.8711
[ep 048] val_sel AUC=0.9492 acc=0.8718
============================================================
TEST (best val_sel epoch, held-out, evaluated once)
============================================================
[DONE-QPE] embed=dct model_III N=500 seed=51 test_AUC=0.9430 val_sel_AUC=0.9492 per_class=(axion=0.9505 cdm=0.8981 no_sub=0.9803) params=203460 embed_params=1 angle_drift=None U_frob_drift=None
