[INFO] QPE D=64 P=8 depth=4 | embed=dct circuit_layers=n/a | data=model_II N/class=500 seed=44 split_seed=0 | params=203460 embed_params=1 lr=0.001 epochs=48 | train(1500, 64, 64) val_sel(4455, 64, 64) test(4455, 64, 64) device=cuda
[ep 001] val_sel AUC=0.5508 acc=0.3237
[ep 002] val_sel AUC=0.5583 acc=0.3291
[ep 003] val_sel AUC=0.5613 acc=0.3473
[ep 004] val_sel AUC=0.5628 acc=0.3237
[ep 005] val_sel AUC=0.5679 acc=0.3291
[ep 006] val_sel AUC=0.5696 acc=0.3237
[ep 007] val_sel AUC=0.5594 acc=0.3468
[ep 008] val_sel AUC=0.5582 acc=0.3481
[ep 009] val_sel AUC=0.6004 acc=0.3508
[ep 010] val_sel AUC=0.6353 acc=0.4633
[ep 011] val_sel AUC=0.6952 acc=0.4781
[ep 012] val_sel AUC=0.7882 acc=0.5697
[ep 013] val_sel AUC=0.8517 acc=0.6898
[ep 014] val_sel AUC=0.8467 acc=0.6694
[ep 015] val_sel AUC=0.8591 acc=0.6990
[ep 016] val_sel AUC=0.8669 acc=0.7122
[ep 017] val_sel AUC=0.8476 acc=0.6736
[ep 018] val_sel AUC=0.8694 acc=0.7167
[ep 019] val_sel AUC=0.8710 acc=0.7257
[ep 020] val_sel AUC=0.8370 acc=0.6721
[ep 021] val_sel AUC=0.8391 acc=0.6251
[ep 022] val_sel AUC=0.8748 acc=0.7237
[ep 023] val_sel AUC=0.8899 acc=0.7434
[ep 024] val_sel AUC=0.8391 acc=0.6409
[ep 025] val_sel AUC=0.8598 acc=0.6397
[ep 026] val_sel AUC=0.9114 acc=0.7796
[ep 027] val_sel AUC=0.8943 acc=0.7275
[ep 028] val_sel AUC=0.9052 acc=0.7825
[ep 029] val_sel AUC=0.8904 acc=0.7616
[ep 030] val_sel AUC=0.8918 acc=0.7441
[ep 031] val_sel AUC=0.8927 acc=0.7484
[ep 032] val_sel AUC=0.9066 acc=0.7758
[ep 033] val_sel AUC=0.8915 acc=0.7740
[ep 034] val_sel AUC=0.9153 acc=0.8052
[ep 035] val_sel AUC=0.9207 acc=0.8094
[ep 036] val_sel AUC=0.9207 acc=0.8195
[ep 037] val_sel AUC=0.9283 acc=0.8224
[ep 038] val_sel AUC=0.9214 acc=0.7975
[ep 039] val_sel AUC=0.9289 acc=0.8260
[ep 040] val_sel AUC=0.9263 acc=0.8296
[ep 041] val_sel AUC=0.9246 acc=0.8213
[ep 042] val_sel AUC=0.9279 acc=0.8325
[ep 043] val_sel AUC=0.9279 acc=0.8254
[ep 044] val_sel AUC=0.9347 acc=0.8379
[ep 045] val_sel AUC=0.9351 acc=0.8364
[ep 046] val_sel AUC=0.9355 acc=0.8373
[ep 047] val_sel AUC=0.9357 acc=0.8386
[ep 048] val_sel AUC=0.9358 acc=0.8370
============================================================
TEST (best val_sel epoch, held-out, evaluated once)
============================================================
[DONE-QPE] embed=dct model_II N=500 seed=44 test_AUC=0.9442 val_sel_AUC=0.9358 per_class=(axion=0.9505 cdm=0.8977 no_sub=0.9845) params=203460 embed_params=1 angle_drift=None U_frob_drift=None
