[INFO] QPE D=64 P=8 depth=4 | embed=dct circuit_layers=n/a | data=model_III N/class=500 seed=52 split_seed=0 | params=203460 embed_params=1 lr=0.001 epochs=48 | train(1500, 64, 64) val_sel(4469, 64, 64) test(4470, 64, 64) device=cuda
[ep 001] val_sel AUC=0.5398 acc=0.3433
[ep 002] val_sel AUC=0.5369 acc=0.3433
[ep 003] val_sel AUC=0.5521 acc=0.3433
[ep 004] val_sel AUC=0.5491 acc=0.3285
[ep 005] val_sel AUC=0.5472 acc=0.3352
[ep 006] val_sel AUC=0.5475 acc=0.3280
[ep 007] val_sel AUC=0.5454 acc=0.3433
[ep 008] val_sel AUC=0.5380 acc=0.3433
[ep 009] val_sel AUC=0.5253 acc=0.3285
[ep 010] val_sel AUC=0.5204 acc=0.3386
[ep 011] val_sel AUC=0.5165 acc=0.3365
[ep 012] val_sel AUC=0.5202 acc=0.3477
[ep 013] val_sel AUC=0.5247 acc=0.3435
[ep 014] val_sel AUC=0.5292 acc=0.3502
[ep 015] val_sel AUC=0.5316 acc=0.3533
[ep 016] val_sel AUC=0.5324 acc=0.3549
[ep 017] val_sel AUC=0.5660 acc=0.3714
[ep 018] val_sel AUC=0.6375 acc=0.3943
[ep 019] val_sel AUC=0.7584 acc=0.5144
[ep 020] val_sel AUC=0.8255 acc=0.6095
[ep 021] val_sel AUC=0.8221 acc=0.5811
[ep 022] val_sel AUC=0.8628 acc=0.6814
[ep 023] val_sel AUC=0.8946 acc=0.7686
[ep 024] val_sel AUC=0.8289 acc=0.6832
[ep 025] val_sel AUC=0.8800 acc=0.7597
[ep 026] val_sel AUC=0.8636 acc=0.6751
[ep 027] val_sel AUC=0.9028 acc=0.7720
[ep 028] val_sel AUC=0.9160 acc=0.7899
[ep 029] val_sel AUC=0.9142 acc=0.8085
[ep 030] val_sel AUC=0.9299 acc=0.8290
[ep 031] val_sel AUC=0.9198 acc=0.8060
[ep 032] val_sel AUC=0.9240 acc=0.8058
[ep 033] val_sel AUC=0.9271 acc=0.8069
[ep 034] val_sel AUC=0.9328 acc=0.8389
[ep 035] val_sel AUC=0.9320 acc=0.8311
[ep 036] val_sel AUC=0.9331 acc=0.8434
[ep 037] val_sel AUC=0.9355 acc=0.8398
[ep 038] val_sel AUC=0.9339 acc=0.8315
[ep 039] val_sel AUC=0.9380 acc=0.8523
[ep 040] val_sel AUC=0.9385 acc=0.8541
[ep 041] val_sel AUC=0.9365 acc=0.8445
[ep 042] val_sel AUC=0.9395 acc=0.8534
[ep 043] val_sel AUC=0.9406 acc=0.8622
[ep 044] val_sel AUC=0.9410 acc=0.8593
[ep 045] val_sel AUC=0.9414 acc=0.8613
[ep 046] val_sel AUC=0.9412 acc=0.8584
[ep 047] val_sel AUC=0.9414 acc=0.8610
[ep 048] val_sel AUC=0.9414 acc=0.8619
============================================================
TEST (best val_sel epoch, held-out, evaluated once)
============================================================
[DONE-QPE] embed=dct model_III N=500 seed=52 test_AUC=0.9448 val_sel_AUC=0.9414 per_class=(axion=0.9514 cdm=0.9010 no_sub=0.9819) params=203460 embed_params=1 angle_drift=None U_frob_drift=None
