[INFO] QPE D=64 P=8 depth=4 | embed=dct circuit_layers=n/a | data=model_II N/class=500 seed=48 split_seed=0 | params=203460 embed_params=1 lr=0.001 epochs=48 | train(1500, 64, 64) val_sel(4455, 64, 64) test(4455, 64, 64) device=cuda
[ep 001] val_sel AUC=0.5557 acc=0.3291
[ep 002] val_sel AUC=0.5656 acc=0.3291
[ep 003] val_sel AUC=0.5703 acc=0.3291
[ep 004] val_sel AUC=0.5752 acc=0.3473
[ep 005] val_sel AUC=0.5752 acc=0.3237
[ep 006] val_sel AUC=0.5686 acc=0.3473
[ep 007] val_sel AUC=0.5499 acc=0.3237
[ep 008] val_sel AUC=0.5458 acc=0.3598
[ep 009] val_sel AUC=0.5589 acc=0.3473
[ep 010] val_sel AUC=0.5466 acc=0.3621
[ep 011] val_sel AUC=0.5465 acc=0.3585
[ep 012] val_sel AUC=0.5472 acc=0.3374
[ep 013] val_sel AUC=0.5494 acc=0.3704
[ep 014] val_sel AUC=0.5490 acc=0.3630
[ep 015] val_sel AUC=0.5491 acc=0.3668
[ep 016] val_sel AUC=0.5494 acc=0.3654
[ep 017] val_sel AUC=0.5580 acc=0.3675
[ep 018] val_sel AUC=0.5719 acc=0.3473
[ep 019] val_sel AUC=0.5749 acc=0.3946
[ep 020] val_sel AUC=0.6398 acc=0.4402
[ep 021] val_sel AUC=0.6463 acc=0.3237
[ep 022] val_sel AUC=0.6764 acc=0.4449
[ep 023] val_sel AUC=0.7205 acc=0.5156
[ep 024] val_sel AUC=0.7783 acc=0.5935
[ep 025] val_sel AUC=0.7905 acc=0.6146
[ep 026] val_sel AUC=0.8358 acc=0.6707
[ep 027] val_sel AUC=0.8155 acc=0.6485
[ep 028] val_sel AUC=0.8744 acc=0.7093
[ep 029] val_sel AUC=0.8770 acc=0.7178
[ep 030] val_sel AUC=0.8743 acc=0.7086
[ep 031] val_sel AUC=0.8869 acc=0.7309
[ep 032] val_sel AUC=0.8896 acc=0.7232
[ep 033] val_sel AUC=0.9026 acc=0.7457
[ep 034] val_sel AUC=0.9042 acc=0.7650
[ep 035] val_sel AUC=0.8980 acc=0.7612
[ep 036] val_sel AUC=0.9011 acc=0.7609
[ep 037] val_sel AUC=0.9099 acc=0.7791
[ep 038] val_sel AUC=0.9120 acc=0.7785
[ep 039] val_sel AUC=0.9218 acc=0.8123
[ep 040] val_sel AUC=0.9198 acc=0.8018
[ep 041] val_sel AUC=0.9219 acc=0.8260
[ep 042] val_sel AUC=0.9253 acc=0.8256
[ep 043] val_sel AUC=0.9249 acc=0.8341
[ep 044] val_sel AUC=0.9253 acc=0.8316
[ep 045] val_sel AUC=0.9259 acc=0.8314
[ep 046] val_sel AUC=0.9267 acc=0.8330
[ep 047] val_sel AUC=0.9257 acc=0.8346
[ep 048] val_sel AUC=0.9263 acc=0.8337
============================================================
TEST (best val_sel epoch, held-out, evaluated once)
============================================================
[DONE-QPE] embed=dct model_II N=500 seed=48 test_AUC=0.9366 val_sel_AUC=0.9267 per_class=(axion=0.9444 cdm=0.8829 no_sub=0.9825) params=203460 embed_params=1 angle_drift=None U_frob_drift=None
