[INFO] QPE D=64 P=8 depth=4 | embed=dct circuit_layers=n/a | data=model_II N/class=500 seed=52 split_seed=0 | params=203460 embed_params=1 lr=0.001 epochs=48 | train(1500, 64, 64) val_sel(4455, 64, 64) test(4455, 64, 64) device=cuda
[ep 001] val_sel AUC=0.5286 acc=0.3473
[ep 002] val_sel AUC=0.5368 acc=0.3473
[ep 003] val_sel AUC=0.5449 acc=0.3473
[ep 004] val_sel AUC=0.5416 acc=0.3237
[ep 005] val_sel AUC=0.5437 acc=0.3571
[ep 006] val_sel AUC=0.5473 acc=0.3237
[ep 007] val_sel AUC=0.5439 acc=0.3522
[ep 008] val_sel AUC=0.5396 acc=0.3473
[ep 009] val_sel AUC=0.5396 acc=0.3315
[ep 010] val_sel AUC=0.5376 acc=0.3291
[ep 011] val_sel AUC=0.5386 acc=0.3374
[ep 012] val_sel AUC=0.5449 acc=0.3428
[ep 013] val_sel AUC=0.5461 acc=0.3607
[ep 014] val_sel AUC=0.5491 acc=0.3450
[ep 015] val_sel AUC=0.5517 acc=0.3452
[ep 016] val_sel AUC=0.5522 acc=0.3459
[ep 017] val_sel AUC=0.5943 acc=0.3562
[ep 018] val_sel AUC=0.6238 acc=0.4162
[ep 019] val_sel AUC=0.6568 acc=0.4361
[ep 020] val_sel AUC=0.6882 acc=0.4756
[ep 021] val_sel AUC=0.7455 acc=0.5684
[ep 022] val_sel AUC=0.8260 acc=0.6433
[ep 023] val_sel AUC=0.8447 acc=0.6714
[ep 024] val_sel AUC=0.8375 acc=0.6404
[ep 025] val_sel AUC=0.8654 acc=0.7143
[ep 026] val_sel AUC=0.8529 acc=0.6334
[ep 027] val_sel AUC=0.8640 acc=0.7190
[ep 028] val_sel AUC=0.8806 acc=0.7524
[ep 029] val_sel AUC=0.9086 acc=0.7681
[ep 030] val_sel AUC=0.9065 acc=0.7836
[ep 031] val_sel AUC=0.8922 acc=0.7351
[ep 032] val_sel AUC=0.9175 acc=0.8108
[ep 033] val_sel AUC=0.9132 acc=0.8063
[ep 034] val_sel AUC=0.9181 acc=0.8092
[ep 035] val_sel AUC=0.9036 acc=0.7888
[ep 036] val_sel AUC=0.9082 acc=0.7701
[ep 037] val_sel AUC=0.9136 acc=0.7852
[ep 038] val_sel AUC=0.9133 acc=0.7971
[ep 039] val_sel AUC=0.9249 acc=0.8352
[ep 040] val_sel AUC=0.9215 acc=0.8301
[ep 041] val_sel AUC=0.9216 acc=0.8251
[ep 042] val_sel AUC=0.9230 acc=0.8314
[ep 043] val_sel AUC=0.9247 acc=0.8325
[ep 044] val_sel AUC=0.9258 acc=0.8352
[ep 045] val_sel AUC=0.9234 acc=0.8348
[ep 046] val_sel AUC=0.9260 acc=0.8375
[ep 047] val_sel AUC=0.9268 acc=0.8382
[ep 048] val_sel AUC=0.9268 acc=0.8377
============================================================
TEST (best val_sel epoch, held-out, evaluated once)
============================================================
[DONE-QPE] embed=dct model_II N=500 seed=52 test_AUC=0.9316 val_sel_AUC=0.9268 per_class=(axion=0.9398 cdm=0.8742 no_sub=0.9809) params=203460 embed_params=1 angle_drift=None U_frob_drift=None
