[INFO] QPE D=64 P=8 depth=4 | embed=dct circuit_layers=n/a | data=model_III N/class=500 seed=54 split_seed=0 | params=203460 embed_params=1 lr=0.001 epochs=48 | train(1500, 64, 64) val_sel(4469, 64, 64) test(4470, 64, 64) device=cuda
[ep 001] val_sel AUC=0.5180 acc=0.3283
[ep 002] val_sel AUC=0.5372 acc=0.3433
[ep 003] val_sel AUC=0.5675 acc=0.3433
[ep 004] val_sel AUC=0.5801 acc=0.3433
[ep 005] val_sel AUC=0.6022 acc=0.3285
[ep 006] val_sel AUC=0.5889 acc=0.3285
[ep 007] val_sel AUC=0.5513 acc=0.3379
[ep 008] val_sel AUC=0.5404 acc=0.3600
[ep 009] val_sel AUC=0.6029 acc=0.3755
[ep 010] val_sel AUC=0.6123 acc=0.4209
[ep 011] val_sel AUC=0.6642 acc=0.5115
[ep 012] val_sel AUC=0.7309 acc=0.5583
[ep 013] val_sel AUC=0.8115 acc=0.6218
[ep 014] val_sel AUC=0.8343 acc=0.6713
[ep 015] val_sel AUC=0.8510 acc=0.6887
[ep 016] val_sel AUC=0.8602 acc=0.6995
[ep 017] val_sel AUC=0.8614 acc=0.7098
[ep 018] val_sel AUC=0.8128 acc=0.6165
[ep 019] val_sel AUC=0.8783 acc=0.7436
[ep 020] val_sel AUC=0.8874 acc=0.7402
[ep 021] val_sel AUC=0.8727 acc=0.6771
[ep 022] val_sel AUC=0.8904 acc=0.7145
[ep 023] val_sel AUC=0.8515 acc=0.6503
[ep 024] val_sel AUC=0.9076 acc=0.7769
[ep 025] val_sel AUC=0.9039 acc=0.7621
[ep 026] val_sel AUC=0.9008 acc=0.7733
[ep 027] val_sel AUC=0.9010 acc=0.7234
[ep 028] val_sel AUC=0.9174 acc=0.7915
[ep 029] val_sel AUC=0.8851 acc=0.7413
[ep 030] val_sel AUC=0.9193 acc=0.7899
[ep 031] val_sel AUC=0.9224 acc=0.8089
[ep 032] val_sel AUC=0.9179 acc=0.7706
[ep 033] val_sel AUC=0.9022 acc=0.7595
[ep 034] val_sel AUC=0.9189 acc=0.7724
[ep 035] val_sel AUC=0.9288 acc=0.8194
[ep 036] val_sel AUC=0.9307 acc=0.8273
[ep 037] val_sel AUC=0.9315 acc=0.8266
[ep 038] val_sel AUC=0.9384 acc=0.8375
[ep 039] val_sel AUC=0.9324 acc=0.8295
[ep 040] val_sel AUC=0.9385 acc=0.8355
[ep 041] val_sel AUC=0.9277 acc=0.7894
[ep 042] val_sel AUC=0.9417 acc=0.8541
[ep 043] val_sel AUC=0.9415 acc=0.8443
[ep 044] val_sel AUC=0.9441 acc=0.8604
[ep 045] val_sel AUC=0.9444 acc=0.8601
[ep 046] val_sel AUC=0.9441 acc=0.8608
[ep 047] val_sel AUC=0.9443 acc=0.8610
[ep 048] val_sel AUC=0.9443 acc=0.8608
============================================================
TEST (best val_sel epoch, held-out, evaluated once)
============================================================
[DONE-QPE] embed=dct model_III N=500 seed=54 test_AUC=0.9434 val_sel_AUC=0.9444 per_class=(axion=0.9502 cdm=0.8986 no_sub=0.9815) params=203460 embed_params=1 angle_drift=None U_frob_drift=None
