[INFO] QPE D=64 P=8 depth=4 | embed=dct circuit_layers=n/a | data=model_II N/class=500 seed=46 split_seed=0 | params=203460 embed_params=1 lr=0.001 epochs=48 | train(1500, 64, 64) val_sel(4455, 64, 64) test(4455, 64, 64) device=cuda
[ep 001] val_sel AUC=0.5411 acc=0.3291
[ep 002] val_sel AUC=0.5477 acc=0.3237
[ep 003] val_sel AUC=0.5602 acc=0.3473
[ep 004] val_sel AUC=0.5655 acc=0.3473
[ep 005] val_sel AUC=0.5686 acc=0.3237
[ep 006] val_sel AUC=0.5747 acc=0.3473
[ep 007] val_sel AUC=0.5714 acc=0.3473
[ep 008] val_sel AUC=0.5696 acc=0.3473
[ep 009] val_sel AUC=0.5539 acc=0.3237
[ep 010] val_sel AUC=0.5458 acc=0.3291
[ep 011] val_sel AUC=0.5443 acc=0.3681
[ep 012] val_sel AUC=0.5490 acc=0.3291
[ep 013] val_sel AUC=0.5532 acc=0.3508
[ep 014] val_sel AUC=0.5557 acc=0.3697
[ep 015] val_sel AUC=0.5568 acc=0.3811
[ep 016] val_sel AUC=0.5571 acc=0.3701
[ep 017] val_sel AUC=0.5740 acc=0.3892
[ep 018] val_sel AUC=0.5628 acc=0.3654
[ep 019] val_sel AUC=0.6226 acc=0.4011
[ep 020] val_sel AUC=0.7511 acc=0.5421
[ep 021] val_sel AUC=0.7970 acc=0.6040
[ep 022] val_sel AUC=0.8102 acc=0.6350
[ep 023] val_sel AUC=0.8701 acc=0.7001
[ep 024] val_sel AUC=0.8581 acc=0.6527
[ep 025] val_sel AUC=0.8315 acc=0.6584
[ep 026] val_sel AUC=0.8965 acc=0.7297
[ep 027] val_sel AUC=0.9003 acc=0.7686
[ep 028] val_sel AUC=0.8572 acc=0.7241
[ep 029] val_sel AUC=0.8917 acc=0.7497
[ep 030] val_sel AUC=0.8861 acc=0.7499
[ep 031] val_sel AUC=0.9024 acc=0.7551
[ep 032] val_sel AUC=0.9108 acc=0.7901
[ep 033] val_sel AUC=0.9018 acc=0.7769
[ep 034] val_sel AUC=0.9202 acc=0.8076
[ep 035] val_sel AUC=0.9261 acc=0.8233
[ep 036] val_sel AUC=0.9308 acc=0.8215
[ep 037] val_sel AUC=0.9297 acc=0.8094
[ep 038] val_sel AUC=0.9295 acc=0.8265
[ep 039] val_sel AUC=0.9302 acc=0.8294
[ep 040] val_sel AUC=0.9305 acc=0.8233
[ep 041] val_sel AUC=0.9315 acc=0.8242
[ep 042] val_sel AUC=0.9352 acc=0.8402
[ep 043] val_sel AUC=0.9345 acc=0.8361
[ep 044] val_sel AUC=0.9358 acc=0.8406
[ep 045] val_sel AUC=0.9360 acc=0.8426
[ep 046] val_sel AUC=0.9362 acc=0.8449
[ep 047] val_sel AUC=0.9365 acc=0.8442
[ep 048] val_sel AUC=0.9365 acc=0.8456
============================================================
TEST (best val_sel epoch, held-out, evaluated once)
============================================================
[DONE-QPE] embed=dct model_II N=500 seed=46 test_AUC=0.9399 val_sel_AUC=0.9365 per_class=(axion=0.9497 cdm=0.8915 no_sub=0.9784) params=203460 embed_params=1 angle_drift=None U_frob_drift=None
