[INFO] QPE D=64 P=8 depth=4 | embed=dct circuit_layers=n/a | data=model_II N/class=500 seed=55 split_seed=0 | params=203460 embed_params=1 lr=0.001 epochs=48 | train(1500, 64, 64) val_sel(4455, 64, 64) test(4455, 64, 64) device=cuda
[ep 001] val_sel AUC=0.5531 acc=0.3291
[ep 002] val_sel AUC=0.5582 acc=0.3473
[ep 003] val_sel AUC=0.5596 acc=0.3473
[ep 004] val_sel AUC=0.5608 acc=0.3473
[ep 005] val_sel AUC=0.5566 acc=0.3291
[ep 006] val_sel AUC=0.5505 acc=0.3291
[ep 007] val_sel AUC=0.5412 acc=0.3291
[ep 008] val_sel AUC=0.5299 acc=0.3461
[ep 009] val_sel AUC=0.5296 acc=0.3553
[ep 010] val_sel AUC=0.5314 acc=0.3513
[ep 011] val_sel AUC=0.5339 acc=0.3511
[ep 012] val_sel AUC=0.5335 acc=0.3495
[ep 013] val_sel AUC=0.5364 acc=0.3425
[ep 014] val_sel AUC=0.5375 acc=0.3412
[ep 015] val_sel AUC=0.5384 acc=0.3425
[ep 016] val_sel AUC=0.5387 acc=0.3412
[ep 017] val_sel AUC=0.5724 acc=0.3847
[ep 018] val_sel AUC=0.5736 acc=0.3549
[ep 019] val_sel AUC=0.6428 acc=0.4368
[ep 020] val_sel AUC=0.6478 acc=0.4478
[ep 021] val_sel AUC=0.7614 acc=0.5475
[ep 022] val_sel AUC=0.8047 acc=0.6260
[ep 023] val_sel AUC=0.8150 acc=0.6314
[ep 024] val_sel AUC=0.8677 acc=0.7111
[ep 025] val_sel AUC=0.8809 acc=0.7284
[ep 026] val_sel AUC=0.8821 acc=0.7425
[ep 027] val_sel AUC=0.8867 acc=0.7477
[ep 028] val_sel AUC=0.8926 acc=0.7742
[ep 029] val_sel AUC=0.8945 acc=0.7782
[ep 030] val_sel AUC=0.9071 acc=0.7827
[ep 031] val_sel AUC=0.8890 acc=0.7172
[ep 032] val_sel AUC=0.9162 acc=0.7877
[ep 033] val_sel AUC=0.9116 acc=0.7953
[ep 034] val_sel AUC=0.9114 acc=0.7865
[ep 035] val_sel AUC=0.9022 acc=0.7901
[ep 036] val_sel AUC=0.9033 acc=0.7897
[ep 037] val_sel AUC=0.9045 acc=0.7903
[ep 038] val_sel AUC=0.9087 acc=0.8065
[ep 039] val_sel AUC=0.9154 acc=0.8070
[ep 040] val_sel AUC=0.9236 acc=0.8193
[ep 041] val_sel AUC=0.9221 acc=0.8411
[ep 042] val_sel AUC=0.9253 acc=0.8400
[ep 043] val_sel AUC=0.9236 acc=0.8355
[ep 044] val_sel AUC=0.9240 acc=0.8366
[ep 045] val_sel AUC=0.9244 acc=0.8395
[ep 046] val_sel AUC=0.9253 acc=0.8400
[ep 047] val_sel AUC=0.9255 acc=0.8420
[ep 048] val_sel AUC=0.9256 acc=0.8429
============================================================
TEST (best val_sel epoch, held-out, evaluated once)
============================================================
[DONE-QPE] embed=dct model_II N=500 seed=55 test_AUC=0.9351 val_sel_AUC=0.9256 per_class=(axion=0.9497 cdm=0.8801 no_sub=0.9754) params=203460 embed_params=1 angle_drift=None U_frob_drift=None
