[INFO] QPE D=64 P=8 depth=4 | embed=dct circuit_layers=n/a | data=model_II N/class=500 seed=53 split_seed=0 | params=203460 embed_params=1 lr=0.001 epochs=48 | train(1500, 64, 64) val_sel(4455, 64, 64) test(4455, 64, 64) device=cuda
[ep 001] val_sel AUC=0.4914 acc=0.3237
[ep 002] val_sel AUC=0.5076 acc=0.3473
[ep 003] val_sel AUC=0.5188 acc=0.3430
[ep 004] val_sel AUC=0.5314 acc=0.3237
[ep 005] val_sel AUC=0.5396 acc=0.3237
[ep 006] val_sel AUC=0.5476 acc=0.3237
[ep 007] val_sel AUC=0.5488 acc=0.3291
[ep 008] val_sel AUC=0.5410 acc=0.3291
[ep 009] val_sel AUC=0.5377 acc=0.3367
[ep 010] val_sel AUC=0.5281 acc=0.3407
[ep 011] val_sel AUC=0.5321 acc=0.3383
[ep 012] val_sel AUC=0.5333 acc=0.3423
[ep 013] val_sel AUC=0.5322 acc=0.3389
[ep 014] val_sel AUC=0.5332 acc=0.3394
[ep 015] val_sel AUC=0.5338 acc=0.3419
[ep 016] val_sel AUC=0.5337 acc=0.3425
[ep 017] val_sel AUC=0.5313 acc=0.3587
[ep 018] val_sel AUC=0.5399 acc=0.3392
[ep 019] val_sel AUC=0.5572 acc=0.3499
[ep 020] val_sel AUC=0.6124 acc=0.3508
[ep 021] val_sel AUC=0.6591 acc=0.4505
[ep 022] val_sel AUC=0.6655 acc=0.4750
[ep 023] val_sel AUC=0.7735 acc=0.5964
[ep 024] val_sel AUC=0.8013 acc=0.6256
[ep 025] val_sel AUC=0.8391 acc=0.6738
[ep 026] val_sel AUC=0.8577 acc=0.6958
[ep 027] val_sel AUC=0.8716 acc=0.7131
[ep 028] val_sel AUC=0.8728 acc=0.7066
[ep 029] val_sel AUC=0.8792 acc=0.7288
[ep 030] val_sel AUC=0.8933 acc=0.7591
[ep 031] val_sel AUC=0.8924 acc=0.7742
[ep 032] val_sel AUC=0.8861 acc=0.7367
[ep 033] val_sel AUC=0.9020 acc=0.7596
[ep 034] val_sel AUC=0.9205 acc=0.8121
[ep 035] val_sel AUC=0.9089 acc=0.7809
[ep 036] val_sel AUC=0.9204 acc=0.8094
[ep 037] val_sel AUC=0.9186 acc=0.8159
[ep 038] val_sel AUC=0.9192 acc=0.8049
[ep 039] val_sel AUC=0.9180 acc=0.8013
[ep 040] val_sel AUC=0.9234 acc=0.8085
[ep 041] val_sel AUC=0.9310 acc=0.8238
[ep 042] val_sel AUC=0.9304 acc=0.8373
[ep 043] val_sel AUC=0.9321 acc=0.8269
[ep 044] val_sel AUC=0.9336 acc=0.8334
[ep 045] val_sel AUC=0.9341 acc=0.8319
[ep 046] val_sel AUC=0.9341 acc=0.8352
[ep 047] val_sel AUC=0.9344 acc=0.8348
[ep 048] val_sel AUC=0.9345 acc=0.8343
============================================================
TEST (best val_sel epoch, held-out, evaluated once)
============================================================
[DONE-QPE] embed=dct model_II N=500 seed=53 test_AUC=0.9400 val_sel_AUC=0.9345 per_class=(axion=0.9482 cdm=0.8904 no_sub=0.9815) params=203460 embed_params=1 angle_drift=None U_frob_drift=None
