[INFO] QPE D=64 P=8 depth=4 | embed=quantum circuit_layers=8 | data=model_II N/class=500 seed=42 split_seed=0 | params=203508 embed_params=49 lr=0.001 epochs=48 | train(1500, 64, 64) val_sel(4455, 64, 64) test(4455, 64, 64) device=cuda
[ep 001] val_sel AUC=0.5152 acc=0.3473
[ep 002] val_sel AUC=0.5222 acc=0.3237
[ep 003] val_sel AUC=0.5239 acc=0.3237
[ep 004] val_sel AUC=0.5299 acc=0.3237
[ep 005] val_sel AUC=0.5283 acc=0.3237
[ep 006] val_sel AUC=0.5302 acc=0.3291
[ep 007] val_sel AUC=0.5286 acc=0.3410
[ep 008] val_sel AUC=0.5255 acc=0.3291
[ep 009] val_sel AUC=0.5164 acc=0.3187
[ep 010] val_sel AUC=0.5282 acc=0.3405
[ep 011] val_sel AUC=0.5328 acc=0.3358
[ep 012] val_sel AUC=0.5188 acc=0.3493
[ep 013] val_sel AUC=0.5241 acc=0.3385
[ep 014] val_sel AUC=0.5272 acc=0.3468
[ep 015] val_sel AUC=0.5303 acc=0.3457
[ep 016] val_sel AUC=0.5283 acc=0.3430
[ep 017] val_sel AUC=0.5394 acc=0.3394
[ep 018] val_sel AUC=0.5451 acc=0.3526
[ep 019] val_sel AUC=0.5546 acc=0.3582
[ep 020] val_sel AUC=0.6082 acc=0.3556
[ep 021] val_sel AUC=0.6496 acc=0.4346
[ep 022] val_sel AUC=0.7401 acc=0.5517
[ep 023] val_sel AUC=0.7308 acc=0.4577
[ep 024] val_sel AUC=0.7550 acc=0.4577
[ep 025] val_sel AUC=0.8327 acc=0.6727
[ep 026] val_sel AUC=0.8609 acc=0.6846
[ep 027] val_sel AUC=0.8641 acc=0.7147
[ep 028] val_sel AUC=0.8622 acc=0.7221
[ep 029] val_sel AUC=0.8862 acc=0.7369
[ep 030] val_sel AUC=0.8759 acc=0.7374
[ep 031] val_sel AUC=0.8838 acc=0.7297
[ep 032] val_sel AUC=0.8824 acc=0.7587
[ep 033] val_sel AUC=0.9029 acc=0.7762
[ep 034] val_sel AUC=0.8992 acc=0.7699
[ep 035] val_sel AUC=0.9077 acc=0.7897
[ep 036] val_sel AUC=0.9066 acc=0.7996
[ep 037] val_sel AUC=0.9115 acc=0.7935
[ep 038] val_sel AUC=0.9160 acc=0.7984
[ep 039] val_sel AUC=0.9163 acc=0.8072
[ep 040] val_sel AUC=0.9214 acc=0.8265
[ep 041] val_sel AUC=0.9230 acc=0.8263
[ep 042] val_sel AUC=0.9191 acc=0.8168
[ep 043] val_sel AUC=0.9208 acc=0.8193
[ep 044] val_sel AUC=0.9203 acc=0.8175
[ep 045] val_sel AUC=0.9234 acc=0.8299
[ep 046] val_sel AUC=0.9213 acc=0.8222
[ep 047] val_sel AUC=0.9232 acc=0.8256
[ep 048] val_sel AUC=0.9235 acc=0.8296
============================================================
TEST (best val_sel epoch, held-out, evaluated once)
============================================================
[DONE-QPE] embed=quantum model_II N=500 seed=42 test_AUC=0.9315 val_sel_AUC=0.9235 per_class=(axion=0.9387 cdm=0.8729 no_sub=0.9829) params=203508 embed_params=49 angle_drift=0.27844080328941345 U_frob_drift=1.1131137609481812
