[INFO] QPE D=64 P=8 depth=4 | embed=quantum circuit_layers=8 | data=model_III N/class=500 seed=52 split_seed=0 | params=203508 embed_params=49 lr=0.001 epochs=48 | train(1500, 64, 64) val_sel(4469, 64, 64) test(4470, 64, 64) device=cuda
[ep 001] val_sel AUC=0.5090 acc=0.3383
[ep 002] val_sel AUC=0.5174 acc=0.3285
[ep 003] val_sel AUC=0.5192 acc=0.3433
[ep 004] val_sel AUC=0.5217 acc=0.3433
[ep 005] val_sel AUC=0.5293 acc=0.3285
[ep 006] val_sel AUC=0.5305 acc=0.3433
[ep 007] val_sel AUC=0.5285 acc=0.3433
[ep 008] val_sel AUC=0.5236 acc=0.3455
[ep 009] val_sel AUC=0.5248 acc=0.3283
[ep 010] val_sel AUC=0.5235 acc=0.3433
[ep 011] val_sel AUC=0.5236 acc=0.3390
[ep 012] val_sel AUC=0.5257 acc=0.3285
[ep 013] val_sel AUC=0.5260 acc=0.3428
[ep 014] val_sel AUC=0.5265 acc=0.3504
[ep 015] val_sel AUC=0.5272 acc=0.3480
[ep 016] val_sel AUC=0.5272 acc=0.3506
[ep 017] val_sel AUC=0.5455 acc=0.3283
[ep 018] val_sel AUC=0.5478 acc=0.3694
[ep 019] val_sel AUC=0.5647 acc=0.3547
[ep 020] val_sel AUC=0.5897 acc=0.3406
[ep 021] val_sel AUC=0.6013 acc=0.4184
[ep 022] val_sel AUC=0.6831 acc=0.3907
[ep 023] val_sel AUC=0.7287 acc=0.4565
[ep 024] val_sel AUC=0.7855 acc=0.5963
[ep 025] val_sel AUC=0.8211 acc=0.5874
[ep 026] val_sel AUC=0.8700 acc=0.7011
[ep 027] val_sel AUC=0.8647 acc=0.6912
[ep 028] val_sel AUC=0.8558 acc=0.6972
[ep 029] val_sel AUC=0.8658 acc=0.7143
[ep 030] val_sel AUC=0.8978 acc=0.7736
[ep 031] val_sel AUC=0.8765 acc=0.7360
[ep 032] val_sel AUC=0.9067 acc=0.7888
[ep 033] val_sel AUC=0.9046 acc=0.7702
[ep 034] val_sel AUC=0.9119 acc=0.7946
[ep 035] val_sel AUC=0.9109 acc=0.8015
[ep 036] val_sel AUC=0.9199 acc=0.8141
[ep 037] val_sel AUC=0.9106 acc=0.8004
[ep 038] val_sel AUC=0.9152 acc=0.7883
[ep 039] val_sel AUC=0.9239 acc=0.8192
[ep 040] val_sel AUC=0.9193 acc=0.8038
[ep 041] val_sel AUC=0.9236 acc=0.8275
[ep 042] val_sel AUC=0.9254 acc=0.8261
[ep 043] val_sel AUC=0.9262 acc=0.8322
[ep 044] val_sel AUC=0.9264 acc=0.8290
[ep 045] val_sel AUC=0.9267 acc=0.8304
[ep 046] val_sel AUC=0.9269 acc=0.8328
[ep 047] val_sel AUC=0.9271 acc=0.8355
[ep 048] val_sel AUC=0.9272 acc=0.8367
============================================================
TEST (best val_sel epoch, held-out, evaluated once)
============================================================
[DONE-QPE] embed=quantum model_III N=500 seed=52 test_AUC=0.9260 val_sel_AUC=0.9272 per_class=(axion=0.9483 cdm=0.8626 no_sub=0.9671) params=203508 embed_params=49 angle_drift=0.30651992559432983 U_frob_drift=1.223807454109192
