[INFO] QPE D=64 P=8 depth=4 | embed=quantum circuit_layers=8 | data=model_II N/class=500 seed=59 split_seed=0 | params=203508 embed_params=49 lr=0.001 epochs=48 | train(1500, 64, 64) val_sel(4455, 64, 64) test(4455, 64, 64) device=cuda
[ep 001] val_sel AUC=0.5225 acc=0.3473
[ep 002] val_sel AUC=0.5255 acc=0.3473
[ep 003] val_sel AUC=0.5248 acc=0.3291
[ep 004] val_sel AUC=0.5243 acc=0.3484
[ep 005] val_sel AUC=0.5226 acc=0.3237
[ep 006] val_sel AUC=0.5213 acc=0.3327
[ep 007] val_sel AUC=0.5217 acc=0.3432
[ep 008] val_sel AUC=0.5269 acc=0.3428
[ep 009] val_sel AUC=0.5376 acc=0.3672
[ep 010] val_sel AUC=0.5452 acc=0.3556
[ep 011] val_sel AUC=0.5627 acc=0.3719
[ep 012] val_sel AUC=0.5606 acc=0.3722
[ep 013] val_sel AUC=0.5945 acc=0.3984
[ep 014] val_sel AUC=0.6018 acc=0.4132
[ep 015] val_sel AUC=0.6117 acc=0.4139
[ep 016] val_sel AUC=0.6142 acc=0.4189
[ep 017] val_sel AUC=0.6389 acc=0.4101
[ep 018] val_sel AUC=0.6479 acc=0.4281
[ep 019] val_sel AUC=0.6004 acc=0.3982
[ep 020] val_sel AUC=0.6920 acc=0.4869
[ep 021] val_sel AUC=0.7317 acc=0.5414
[ep 022] val_sel AUC=0.7666 acc=0.5798
[ep 023] val_sel AUC=0.7953 acc=0.6303
[ep 024] val_sel AUC=0.7997 acc=0.6186
[ep 025] val_sel AUC=0.8331 acc=0.6673
[ep 026] val_sel AUC=0.8539 acc=0.7008
[ep 027] val_sel AUC=0.8452 acc=0.6853
[ep 028] val_sel AUC=0.8581 acc=0.6759
[ep 029] val_sel AUC=0.8446 acc=0.6893
[ep 030] val_sel AUC=0.8483 acc=0.6947
[ep 031] val_sel AUC=0.8758 acc=0.7342
[ep 032] val_sel AUC=0.8859 acc=0.7264
[ep 033] val_sel AUC=0.8678 acc=0.7035
[ep 034] val_sel AUC=0.8723 acc=0.7309
[ep 035] val_sel AUC=0.8891 acc=0.7502
[ep 036] val_sel AUC=0.8969 acc=0.7675
[ep 037] val_sel AUC=0.8925 acc=0.7605
[ep 038] val_sel AUC=0.8940 acc=0.7582
[ep 039] val_sel AUC=0.9039 acc=0.7793
[ep 040] val_sel AUC=0.9008 acc=0.7719
[ep 041] val_sel AUC=0.9107 acc=0.7928
[ep 042] val_sel AUC=0.9096 acc=0.7935
[ep 043] val_sel AUC=0.9124 acc=0.7984
[ep 044] val_sel AUC=0.9113 acc=0.7951
[ep 045] val_sel AUC=0.9136 acc=0.8013
[ep 046] val_sel AUC=0.9134 acc=0.8020
[ep 047] val_sel AUC=0.9130 acc=0.7993
[ep 048] val_sel AUC=0.9132 acc=0.7996
============================================================
TEST (best val_sel epoch, held-out, evaluated once)
============================================================
[DONE-QPE] embed=quantum model_II N=500 seed=59 test_AUC=0.9185 val_sel_AUC=0.9136 per_class=(axion=0.9400 cdm=0.8466 no_sub=0.9690) params=203508 embed_params=49 angle_drift=0.2975997030735016 U_frob_drift=1.1870425939559937
