[INFO] QPE D=64 P=8 depth=4 | embed=quantum circuit_layers=8 | data=model_III N/class=500 seed=44 split_seed=0 | params=203508 embed_params=49 lr=0.001 epochs=48 | train(1500, 64, 64) val_sel(4469, 64, 64) test(4470, 64, 64) device=cuda
[ep 001] val_sel AUC=0.5176 acc=0.3285
[ep 002] val_sel AUC=0.5263 acc=0.3283
[ep 003] val_sel AUC=0.5454 acc=0.3285
[ep 004] val_sel AUC=0.5505 acc=0.3433
[ep 005] val_sel AUC=0.5555 acc=0.3433
[ep 006] val_sel AUC=0.5404 acc=0.3283
[ep 007] val_sel AUC=0.5349 acc=0.3283
[ep 008] val_sel AUC=0.5405 acc=0.3283
[ep 009] val_sel AUC=0.5497 acc=0.3283
[ep 010] val_sel AUC=0.5562 acc=0.3618
[ep 011] val_sel AUC=0.5608 acc=0.3808
[ep 012] val_sel AUC=0.5720 acc=0.3744
[ep 013] val_sel AUC=0.5763 acc=0.3759
[ep 014] val_sel AUC=0.5905 acc=0.4205
[ep 015] val_sel AUC=0.5977 acc=0.4305
[ep 016] val_sel AUC=0.6001 acc=0.4370
[ep 017] val_sel AUC=0.6157 acc=0.3786
[ep 018] val_sel AUC=0.7097 acc=0.4813
[ep 019] val_sel AUC=0.7665 acc=0.5379
[ep 020] val_sel AUC=0.8032 acc=0.5867
[ep 021] val_sel AUC=0.7865 acc=0.5838
[ep 022] val_sel AUC=0.7829 acc=0.5979
[ep 023] val_sel AUC=0.8274 acc=0.6630
[ep 024] val_sel AUC=0.8351 acc=0.6887
[ep 025] val_sel AUC=0.8293 acc=0.6556
[ep 026] val_sel AUC=0.8567 acc=0.6990
[ep 027] val_sel AUC=0.8706 acc=0.7362
[ep 028] val_sel AUC=0.8571 acc=0.6914
[ep 029] val_sel AUC=0.8595 acc=0.6811
[ep 030] val_sel AUC=0.8742 acc=0.7360
[ep 031] val_sel AUC=0.8882 acc=0.7523
[ep 032] val_sel AUC=0.8518 acc=0.7037
[ep 033] val_sel AUC=0.8986 acc=0.7720
[ep 034] val_sel AUC=0.8993 acc=0.7686
[ep 035] val_sel AUC=0.8903 acc=0.7420
[ep 036] val_sel AUC=0.9122 acc=0.7769
[ep 037] val_sel AUC=0.9010 acc=0.7581
[ep 038] val_sel AUC=0.9063 acc=0.7700
[ep 039] val_sel AUC=0.9181 acc=0.8017
[ep 040] val_sel AUC=0.9072 acc=0.7697
[ep 041] val_sel AUC=0.9186 acc=0.8042
[ep 042] val_sel AUC=0.9208 acc=0.8020
[ep 043] val_sel AUC=0.9208 acc=0.8064
[ep 044] val_sel AUC=0.9240 acc=0.8123
[ep 045] val_sel AUC=0.9249 acc=0.8170
[ep 046] val_sel AUC=0.9244 acc=0.8134
[ep 047] val_sel AUC=0.9268 acc=0.8167
[ep 048] val_sel AUC=0.9264 acc=0.8165
============================================================
TEST (best val_sel epoch, held-out, evaluated once)
============================================================
[DONE-QPE] embed=quantum model_III N=500 seed=44 test_AUC=0.9219 val_sel_AUC=0.9268 per_class=(axion=0.9434 cdm=0.8537 no_sub=0.9686) params=203508 embed_params=49 angle_drift=0.3672628402709961 U_frob_drift=1.462542176246643
