[INFO] QPE D=64 P=8 depth=4 | embed=quantum circuit_layers=8 | data=model_II N/class=500 seed=44 split_seed=0 | params=203508 embed_params=49 lr=0.001 epochs=48 | train(1500, 64, 64) val_sel(4455, 64, 64) test(4455, 64, 64) device=cuda
[ep 001] val_sel AUC=0.5428 acc=0.3237
[ep 002] val_sel AUC=0.5478 acc=0.3291
[ep 003] val_sel AUC=0.5482 acc=0.3237
[ep 004] val_sel AUC=0.5486 acc=0.3473
[ep 005] val_sel AUC=0.5497 acc=0.3473
[ep 006] val_sel AUC=0.5518 acc=0.3291
[ep 007] val_sel AUC=0.5511 acc=0.3291
[ep 008] val_sel AUC=0.5537 acc=0.3291
[ep 009] val_sel AUC=0.5552 acc=0.3291
[ep 010] val_sel AUC=0.5560 acc=0.3473
[ep 011] val_sel AUC=0.5575 acc=0.3650
[ep 012] val_sel AUC=0.5579 acc=0.3237
[ep 013] val_sel AUC=0.5577 acc=0.3589
[ep 014] val_sel AUC=0.5575 acc=0.3565
[ep 015] val_sel AUC=0.5573 acc=0.3632
[ep 016] val_sel AUC=0.5571 acc=0.3708
[ep 017] val_sel AUC=0.5603 acc=0.3623
[ep 018] val_sel AUC=0.5895 acc=0.3668
[ep 019] val_sel AUC=0.7154 acc=0.4956
[ep 020] val_sel AUC=0.7694 acc=0.5780
[ep 021] val_sel AUC=0.8300 acc=0.6400
[ep 022] val_sel AUC=0.8084 acc=0.6236
[ep 023] val_sel AUC=0.8299 acc=0.6352
[ep 024] val_sel AUC=0.8578 acc=0.6999
[ep 025] val_sel AUC=0.8538 acc=0.6976
[ep 026] val_sel AUC=0.8630 acc=0.6902
[ep 027] val_sel AUC=0.8868 acc=0.7425
[ep 028] val_sel AUC=0.8768 acc=0.7318
[ep 029] val_sel AUC=0.8824 acc=0.7419
[ep 030] val_sel AUC=0.8733 acc=0.7327
[ep 031] val_sel AUC=0.9008 acc=0.7574
[ep 032] val_sel AUC=0.9053 acc=0.7798
[ep 033] val_sel AUC=0.8929 acc=0.7576
[ep 034] val_sel AUC=0.9116 acc=0.7973
[ep 035] val_sel AUC=0.9035 acc=0.7908
[ep 036] val_sel AUC=0.9154 acc=0.7861
[ep 037] val_sel AUC=0.9082 acc=0.7910
[ep 038] val_sel AUC=0.9190 acc=0.8065
[ep 039] val_sel AUC=0.9118 acc=0.8130
[ep 040] val_sel AUC=0.9167 acc=0.8184
[ep 041] val_sel AUC=0.9196 acc=0.8215
[ep 042] val_sel AUC=0.9240 acc=0.8312
[ep 043] val_sel AUC=0.9248 acc=0.8343
[ep 044] val_sel AUC=0.9258 acc=0.8346
[ep 045] val_sel AUC=0.9264 acc=0.8391
[ep 046] val_sel AUC=0.9264 acc=0.8391
[ep 047] val_sel AUC=0.9266 acc=0.8400
[ep 048] val_sel AUC=0.9266 acc=0.8411
============================================================
TEST (best val_sel epoch, held-out, evaluated once)
============================================================
[DONE-QPE] embed=quantum model_II N=500 seed=44 test_AUC=0.9336 val_sel_AUC=0.9266 per_class=(axion=0.9507 cdm=0.8761 no_sub=0.9740) params=203508 embed_params=49 angle_drift=0.1965130865573883 U_frob_drift=0.7849674820899963
