[INFO] QPE D=64 P=8 depth=4 | embed=quantum circuit_layers=8 | data=model_II N/class=500 seed=57 split_seed=0 | params=203508 embed_params=49 lr=0.001 epochs=48 | train(1500, 64, 64) val_sel(4455, 64, 64) test(4455, 64, 64) device=cuda
[ep 001] val_sel AUC=0.5533 acc=0.3473
[ep 002] val_sel AUC=0.5612 acc=0.3237
[ep 003] val_sel AUC=0.5621 acc=0.3279
[ep 004] val_sel AUC=0.5592 acc=0.3473
[ep 005] val_sel AUC=0.5499 acc=0.3291
[ep 006] val_sel AUC=0.5415 acc=0.3473
[ep 007] val_sel AUC=0.5280 acc=0.3475
[ep 008] val_sel AUC=0.5201 acc=0.3237
[ep 009] val_sel AUC=0.5195 acc=0.3327
[ep 010] val_sel AUC=0.5223 acc=0.3589
[ep 011] val_sel AUC=0.5212 acc=0.3387
[ep 012] val_sel AUC=0.5224 acc=0.3490
[ep 013] val_sel AUC=0.5224 acc=0.3403
[ep 014] val_sel AUC=0.5225 acc=0.3354
[ep 015] val_sel AUC=0.5227 acc=0.3428
[ep 016] val_sel AUC=0.5227 acc=0.3425
[ep 017] val_sel AUC=0.5282 acc=0.3502
[ep 018] val_sel AUC=0.5497 acc=0.3522
[ep 019] val_sel AUC=0.5729 acc=0.3737
[ep 020] val_sel AUC=0.5959 acc=0.4018
[ep 021] val_sel AUC=0.6124 acc=0.4011
[ep 022] val_sel AUC=0.6359 acc=0.4236
[ep 023] val_sel AUC=0.6406 acc=0.4103
[ep 024] val_sel AUC=0.7049 acc=0.5217
[ep 025] val_sel AUC=0.7444 acc=0.5547
[ep 026] val_sel AUC=0.7292 acc=0.5259
[ep 027] val_sel AUC=0.8090 acc=0.6162
[ep 028] val_sel AUC=0.8088 acc=0.6173
[ep 029] val_sel AUC=0.8043 acc=0.6415
[ep 030] val_sel AUC=0.8287 acc=0.6617
[ep 031] val_sel AUC=0.8421 acc=0.6597
[ep 032] val_sel AUC=0.8518 acc=0.6763
[ep 033] val_sel AUC=0.8505 acc=0.6907
[ep 034] val_sel AUC=0.8760 acc=0.7365
[ep 035] val_sel AUC=0.8730 acc=0.7336
[ep 036] val_sel AUC=0.8944 acc=0.7731
[ep 037] val_sel AUC=0.8781 acc=0.7369
[ep 038] val_sel AUC=0.8937 acc=0.7695
[ep 039] val_sel AUC=0.8972 acc=0.7692
[ep 040] val_sel AUC=0.8996 acc=0.7755
[ep 041] val_sel AUC=0.9072 acc=0.7975
[ep 042] val_sel AUC=0.8981 acc=0.7627
[ep 043] val_sel AUC=0.9062 acc=0.7892
[ep 044] val_sel AUC=0.9050 acc=0.7868
[ep 045] val_sel AUC=0.9086 acc=0.7996
[ep 046] val_sel AUC=0.9068 acc=0.7969
[ep 047] val_sel AUC=0.9089 acc=0.8007
[ep 048] val_sel AUC=0.9087 acc=0.8016
============================================================
TEST (best val_sel epoch, held-out, evaluated once)
============================================================
[DONE-QPE] embed=quantum model_II N=500 seed=57 test_AUC=0.9166 val_sel_AUC=0.9089 per_class=(axion=0.9325 cdm=0.8433 no_sub=0.9739) params=203508 embed_params=49 angle_drift=0.310148149728775 U_frob_drift=1.2374576330184937
