[INFO] QPE D=64 P=8 depth=4 | embed=quantum circuit_layers=8 | data=model_II N/class=500 seed=46 split_seed=0 | params=203508 embed_params=49 lr=0.001 epochs=48 | train(1500, 64, 64) val_sel(4455, 64, 64) test(4455, 64, 64) device=cuda
[ep 001] val_sel AUC=0.5140 acc=0.3473
[ep 002] val_sel AUC=0.5327 acc=0.3237
[ep 003] val_sel AUC=0.5407 acc=0.3291
[ep 004] val_sel AUC=0.5556 acc=0.3473
[ep 005] val_sel AUC=0.5619 acc=0.3291
[ep 006] val_sel AUC=0.5813 acc=0.3291
[ep 007] val_sel AUC=0.5892 acc=0.3376
[ep 008] val_sel AUC=0.6051 acc=0.3978
[ep 009] val_sel AUC=0.6054 acc=0.3639
[ep 010] val_sel AUC=0.6029 acc=0.3746
[ep 011] val_sel AUC=0.6062 acc=0.3490
[ep 012] val_sel AUC=0.6626 acc=0.4418
[ep 013] val_sel AUC=0.6918 acc=0.5042
[ep 014] val_sel AUC=0.7132 acc=0.5250
[ep 015] val_sel AUC=0.7260 acc=0.5407
[ep 016] val_sel AUC=0.7305 acc=0.5443
[ep 017] val_sel AUC=0.7371 acc=0.5062
[ep 018] val_sel AUC=0.8049 acc=0.6388
[ep 019] val_sel AUC=0.8024 acc=0.6233
[ep 020] val_sel AUC=0.8479 acc=0.6687
[ep 021] val_sel AUC=0.8045 acc=0.6409
[ep 022] val_sel AUC=0.8733 acc=0.7448
[ep 023] val_sel AUC=0.8422 acc=0.6550
[ep 024] val_sel AUC=0.8772 acc=0.7502
[ep 025] val_sel AUC=0.8651 acc=0.7329
[ep 026] val_sel AUC=0.8662 acc=0.7019
[ep 027] val_sel AUC=0.8821 acc=0.7448
[ep 028] val_sel AUC=0.8931 acc=0.7704
[ep 029] val_sel AUC=0.9012 acc=0.7899
[ep 030] val_sel AUC=0.8688 acc=0.7082
[ep 031] val_sel AUC=0.8722 acc=0.7473
[ep 032] val_sel AUC=0.9039 acc=0.7827
[ep 033] val_sel AUC=0.8866 acc=0.7594
[ep 034] val_sel AUC=0.8939 acc=0.7585
[ep 035] val_sel AUC=0.8906 acc=0.7576
[ep 036] val_sel AUC=0.8983 acc=0.7798
[ep 037] val_sel AUC=0.9074 acc=0.7955
[ep 038] val_sel AUC=0.8971 acc=0.7796
[ep 039] val_sel AUC=0.9151 acc=0.8022
[ep 040] val_sel AUC=0.9120 acc=0.8031
[ep 041] val_sel AUC=0.9149 acc=0.8034
[ep 042] val_sel AUC=0.9174 acc=0.8126
[ep 043] val_sel AUC=0.9181 acc=0.8148
[ep 044] val_sel AUC=0.9180 acc=0.8112
[ep 045] val_sel AUC=0.9192 acc=0.8171
[ep 046] val_sel AUC=0.9192 acc=0.8159
[ep 047] val_sel AUC=0.9196 acc=0.8182
[ep 048] val_sel AUC=0.9194 acc=0.8191
============================================================
TEST (best val_sel epoch, held-out, evaluated once)
============================================================
[DONE-QPE] embed=quantum model_II N=500 seed=46 test_AUC=0.9250 val_sel_AUC=0.9196 per_class=(axion=0.9418 cdm=0.8567 no_sub=0.9764) params=203508 embed_params=49 angle_drift=0.29880490899086 U_frob_drift=1.1898298263549805
