[INFO] QPE D=64 P=8 depth=4 | embed=quantum circuit_layers=8 | data=model_II N/class=500 seed=61 split_seed=0 | params=203508 embed_params=49 lr=0.001 epochs=48 | train(1500, 64, 64) val_sel(4455, 64, 64) test(4455, 64, 64) device=cuda
[ep 001] val_sel AUC=0.5224 acc=0.3291
[ep 002] val_sel AUC=0.5275 acc=0.3473
[ep 003] val_sel AUC=0.5323 acc=0.3291
[ep 004] val_sel AUC=0.5314 acc=0.3596
[ep 005] val_sel AUC=0.5313 acc=0.3291
[ep 006] val_sel AUC=0.5354 acc=0.3389
[ep 007] val_sel AUC=0.5326 acc=0.3455
[ep 008] val_sel AUC=0.5338 acc=0.3549
[ep 009] val_sel AUC=0.5333 acc=0.3499
[ep 010] val_sel AUC=0.5352 acc=0.3524
[ep 011] val_sel AUC=0.5363 acc=0.3594
[ep 012] val_sel AUC=0.5373 acc=0.3632
[ep 013] val_sel AUC=0.5401 acc=0.3623
[ep 014] val_sel AUC=0.5418 acc=0.3639
[ep 015] val_sel AUC=0.5432 acc=0.3686
[ep 016] val_sel AUC=0.5436 acc=0.3686
[ep 017] val_sel AUC=0.5970 acc=0.3991
[ep 018] val_sel AUC=0.5938 acc=0.3856
[ep 019] val_sel AUC=0.6484 acc=0.4530
[ep 020] val_sel AUC=0.7057 acc=0.4281
[ep 021] val_sel AUC=0.7427 acc=0.5015
[ep 022] val_sel AUC=0.7803 acc=0.6000
[ep 023] val_sel AUC=0.7782 acc=0.6056
[ep 024] val_sel AUC=0.7940 acc=0.5701
[ep 025] val_sel AUC=0.8490 acc=0.6914
[ep 026] val_sel AUC=0.8401 acc=0.6658
[ep 027] val_sel AUC=0.8725 acc=0.6990
[ep 028] val_sel AUC=0.8553 acc=0.7095
[ep 029] val_sel AUC=0.8527 acc=0.6460
[ep 030] val_sel AUC=0.8880 acc=0.7239
[ep 031] val_sel AUC=0.8508 acc=0.6779
[ep 032] val_sel AUC=0.8896 acc=0.7571
[ep 033] val_sel AUC=0.9029 acc=0.7481
[ep 034] val_sel AUC=0.9032 acc=0.7798
[ep 035] val_sel AUC=0.9102 acc=0.7746
[ep 036] val_sel AUC=0.9062 acc=0.7827
[ep 037] val_sel AUC=0.9108 acc=0.7852
[ep 038] val_sel AUC=0.9145 acc=0.8092
[ep 039] val_sel AUC=0.9139 acc=0.8074
[ep 040] val_sel AUC=0.9074 acc=0.7807
[ep 041] val_sel AUC=0.9213 acc=0.8056
[ep 042] val_sel AUC=0.9223 acc=0.8180
[ep 043] val_sel AUC=0.9249 acc=0.8276
[ep 044] val_sel AUC=0.9230 acc=0.8231
[ep 045] val_sel AUC=0.9247 acc=0.8249
[ep 046] val_sel AUC=0.9254 acc=0.8276
[ep 047] val_sel AUC=0.9257 acc=0.8285
[ep 048] val_sel AUC=0.9257 acc=0.8285
============================================================
TEST (best val_sel epoch, held-out, evaluated once)
============================================================
[DONE-QPE] embed=quantum model_II N=500 seed=61 test_AUC=0.9334 val_sel_AUC=0.9257 per_class=(axion=0.9460 cdm=0.8774 no_sub=0.9767) params=203508 embed_params=49 angle_drift=0.2624380588531494 U_frob_drift=1.045568823814392
