[INFO] QPE D=64 P=8 depth=4 | embed=quantum circuit_layers=8 | data=model_III N/class=500 seed=58 split_seed=0 | params=203508 embed_params=49 lr=0.001 epochs=48 | train(1500, 64, 64) val_sel(4469, 64, 64) test(4470, 64, 64) device=cuda
[ep 001] val_sel AUC=0.5166 acc=0.3283
[ep 002] val_sel AUC=0.5290 acc=0.3285
[ep 003] val_sel AUC=0.5354 acc=0.3433
[ep 004] val_sel AUC=0.5460 acc=0.3283
[ep 005] val_sel AUC=0.5453 acc=0.3433
[ep 006] val_sel AUC=0.5525 acc=0.3372
[ep 007] val_sel AUC=0.5690 acc=0.3462
[ep 008] val_sel AUC=0.5694 acc=0.3283
[ep 009] val_sel AUC=0.5635 acc=0.3298
[ep 010] val_sel AUC=0.5687 acc=0.3685
[ep 011] val_sel AUC=0.5796 acc=0.3826
[ep 012] val_sel AUC=0.6065 acc=0.4278
[ep 013] val_sel AUC=0.6242 acc=0.4623
[ep 014] val_sel AUC=0.6543 acc=0.4379
[ep 015] val_sel AUC=0.6654 acc=0.4746
[ep 016] val_sel AUC=0.6652 acc=0.4983
[ep 017] val_sel AUC=0.6926 acc=0.4876
[ep 018] val_sel AUC=0.7472 acc=0.5549
[ep 019] val_sel AUC=0.8123 acc=0.5916
[ep 020] val_sel AUC=0.8522 acc=0.6561
[ep 021] val_sel AUC=0.8531 acc=0.6950
[ep 022] val_sel AUC=0.8324 acc=0.6641
[ep 023] val_sel AUC=0.8844 acc=0.7306
[ep 024] val_sel AUC=0.8752 acc=0.7400
[ep 025] val_sel AUC=0.8213 acc=0.5632
[ep 026] val_sel AUC=0.8633 acc=0.7058
[ep 027] val_sel AUC=0.8989 acc=0.7850
[ep 028] val_sel AUC=0.8683 acc=0.7304
[ep 029] val_sel AUC=0.9031 acc=0.7360
[ep 030] val_sel AUC=0.8901 acc=0.7644
[ep 031] val_sel AUC=0.9033 acc=0.7756
[ep 032] val_sel AUC=0.9119 acc=0.8053
[ep 033] val_sel AUC=0.9145 acc=0.8156
[ep 034] val_sel AUC=0.9131 acc=0.7937
[ep 035] val_sel AUC=0.8941 acc=0.7666
[ep 036] val_sel AUC=0.9148 acc=0.8167
[ep 037] val_sel AUC=0.9223 acc=0.8219
[ep 038] val_sel AUC=0.9202 acc=0.8270
[ep 039] val_sel AUC=0.9257 acc=0.8427
[ep 040] val_sel AUC=0.9210 acc=0.8290
[ep 041] val_sel AUC=0.9267 acc=0.8425
[ep 042] val_sel AUC=0.9268 acc=0.8438
[ep 043] val_sel AUC=0.9266 acc=0.8449
[ep 044] val_sel AUC=0.9255 acc=0.8387
[ep 045] val_sel AUC=0.9260 acc=0.8438
[ep 046] val_sel AUC=0.9267 acc=0.8465
[ep 047] val_sel AUC=0.9270 acc=0.8458
[ep 048] val_sel AUC=0.9271 acc=0.8458
============================================================
TEST (best val_sel epoch, held-out, evaluated once)
============================================================
[DONE-QPE] embed=quantum model_III N=500 seed=58 test_AUC=0.9265 val_sel_AUC=0.9271 per_class=(axion=0.9399 cdm=0.8616 no_sub=0.9778) params=203508 embed_params=49 angle_drift=0.21710248291492462 U_frob_drift=0.8678100109100342
