[INFO] QPE D=64 P=8 depth=4 | embed=quantum circuit_layers=8 | data=model_III N/class=500 seed=61 split_seed=0 | params=203508 embed_params=49 lr=0.001 epochs=48 | train(1500, 64, 64) val_sel(4469, 64, 64) test(4470, 64, 64) device=cuda
[ep 001] val_sel AUC=0.5076 acc=0.3283
[ep 002] val_sel AUC=0.5144 acc=0.3433
[ep 003] val_sel AUC=0.5254 acc=0.3283
[ep 004] val_sel AUC=0.5261 acc=0.3433
[ep 005] val_sel AUC=0.5313 acc=0.3283
[ep 006] val_sel AUC=0.5308 acc=0.3285
[ep 007] val_sel AUC=0.5372 acc=0.3283
[ep 008] val_sel AUC=0.5443 acc=0.3359
[ep 009] val_sel AUC=0.5508 acc=0.3283
[ep 010] val_sel AUC=0.5651 acc=0.3656
[ep 011] val_sel AUC=0.5848 acc=0.4104
[ep 012] val_sel AUC=0.6271 acc=0.4406
[ep 013] val_sel AUC=0.6868 acc=0.5021
[ep 014] val_sel AUC=0.7192 acc=0.5370
[ep 015] val_sel AUC=0.7486 acc=0.5807
[ep 016] val_sel AUC=0.7539 acc=0.5963
[ep 017] val_sel AUC=0.6233 acc=0.4502
[ep 018] val_sel AUC=0.6692 acc=0.4923
[ep 019] val_sel AUC=0.7772 acc=0.6028
[ep 020] val_sel AUC=0.8272 acc=0.6192
[ep 021] val_sel AUC=0.8368 acc=0.6711
[ep 022] val_sel AUC=0.8174 acc=0.6286
[ep 023] val_sel AUC=0.8797 acc=0.7364
[ep 024] val_sel AUC=0.8089 acc=0.6147
[ep 025] val_sel AUC=0.8402 acc=0.6854
[ep 026] val_sel AUC=0.8559 acc=0.7100
[ep 027] val_sel AUC=0.8396 acc=0.7013
[ep 028] val_sel AUC=0.8851 acc=0.7431
[ep 029] val_sel AUC=0.8738 acc=0.6964
[ep 030] val_sel AUC=0.8875 acc=0.7324
[ep 031] val_sel AUC=0.8675 acc=0.6910
[ep 032] val_sel AUC=0.9023 acc=0.7588
[ep 033] val_sel AUC=0.9134 acc=0.7838
[ep 034] val_sel AUC=0.8997 acc=0.7642
[ep 035] val_sel AUC=0.9081 acc=0.7892
[ep 036] val_sel AUC=0.9115 acc=0.8098
[ep 037] val_sel AUC=0.9120 acc=0.8029
[ep 038] val_sel AUC=0.8989 acc=0.7977
[ep 039] val_sel AUC=0.9162 acc=0.8163
[ep 040] val_sel AUC=0.9208 acc=0.8293
[ep 041] val_sel AUC=0.9162 acc=0.8248
[ep 042] val_sel AUC=0.9230 acc=0.8337
[ep 043] val_sel AUC=0.9217 acc=0.8315
[ep 044] val_sel AUC=0.9234 acc=0.8362
[ep 045] val_sel AUC=0.9246 acc=0.8405
[ep 046] val_sel AUC=0.9242 acc=0.8405
[ep 047] val_sel AUC=0.9239 acc=0.8427
[ep 048] val_sel AUC=0.9245 acc=0.8422
============================================================
TEST (best val_sel epoch, held-out, evaluated once)
============================================================
[DONE-QPE] embed=quantum model_III N=500 seed=61 test_AUC=0.9205 val_sel_AUC=0.9246 per_class=(axion=0.9422 cdm=0.8504 no_sub=0.9689) params=203508 embed_params=49 angle_drift=0.22900208830833435 U_frob_drift=0.9151425361633301
