[INFO] QPE D=64 P=8 depth=4 | embed=quantum circuit_layers=8 | data=model_III N/class=500 seed=54 split_seed=0 | params=203508 embed_params=49 lr=0.001 epochs=48 | train(1500, 64, 64) val_sel(4469, 64, 64) test(4470, 64, 64) device=cuda
[ep 001] val_sel AUC=0.5224 acc=0.3283
[ep 002] val_sel AUC=0.5328 acc=0.3433
[ep 003] val_sel AUC=0.5396 acc=0.3285
[ep 004] val_sel AUC=0.5440 acc=0.3433
[ep 005] val_sel AUC=0.5408 acc=0.3283
[ep 006] val_sel AUC=0.5354 acc=0.3283
[ep 007] val_sel AUC=0.5261 acc=0.3368
[ep 008] val_sel AUC=0.5239 acc=0.3509
[ep 009] val_sel AUC=0.5169 acc=0.3294
[ep 010] val_sel AUC=0.5206 acc=0.3280
[ep 011] val_sel AUC=0.5218 acc=0.3408
[ep 012] val_sel AUC=0.5218 acc=0.3359
[ep 013] val_sel AUC=0.5228 acc=0.3457
[ep 014] val_sel AUC=0.5228 acc=0.3430
[ep 015] val_sel AUC=0.5229 acc=0.3603
[ep 016] val_sel AUC=0.5230 acc=0.3692
[ep 017] val_sel AUC=0.5523 acc=0.3961
[ep 018] val_sel AUC=0.5906 acc=0.3589
[ep 019] val_sel AUC=0.6858 acc=0.4169
[ep 020] val_sel AUC=0.7533 acc=0.5608
[ep 021] val_sel AUC=0.7723 acc=0.5657
[ep 022] val_sel AUC=0.7919 acc=0.6051
[ep 023] val_sel AUC=0.7983 acc=0.6068
[ep 024] val_sel AUC=0.8075 acc=0.6243
[ep 025] val_sel AUC=0.8285 acc=0.6505
[ep 026] val_sel AUC=0.8405 acc=0.6796
[ep 027] val_sel AUC=0.8491 acc=0.6941
[ep 028] val_sel AUC=0.8536 acc=0.7026
[ep 029] val_sel AUC=0.8579 acc=0.6800
[ep 030] val_sel AUC=0.8692 acc=0.7386
[ep 031] val_sel AUC=0.8804 acc=0.7266
[ep 032] val_sel AUC=0.8883 acc=0.7586
[ep 033] val_sel AUC=0.8803 acc=0.7395
[ep 034] val_sel AUC=0.8785 acc=0.7476
[ep 035] val_sel AUC=0.8924 acc=0.7680
[ep 036] val_sel AUC=0.8840 acc=0.7404
[ep 037] val_sel AUC=0.8919 acc=0.7697
[ep 038] val_sel AUC=0.8938 acc=0.7659
[ep 039] val_sel AUC=0.8914 acc=0.7626
[ep 040] val_sel AUC=0.8977 acc=0.7673
[ep 041] val_sel AUC=0.9044 acc=0.7970
[ep 042] val_sel AUC=0.9056 acc=0.8049
[ep 043] val_sel AUC=0.9039 acc=0.7937
[ep 044] val_sel AUC=0.9099 acc=0.8091
[ep 045] val_sel AUC=0.9107 acc=0.8127
[ep 046] val_sel AUC=0.9102 acc=0.8105
[ep 047] val_sel AUC=0.9110 acc=0.8132
[ep 048] val_sel AUC=0.9109 acc=0.8129
============================================================
TEST (best val_sel epoch, held-out, evaluated once)
============================================================
[DONE-QPE] embed=quantum model_III N=500 seed=54 test_AUC=0.9118 val_sel_AUC=0.9110 per_class=(axion=0.9358 cdm=0.8342 no_sub=0.9653) params=203508 embed_params=49 angle_drift=0.3210679888725281 U_frob_drift=1.2800123691558838
