[INFO] QPE D=64 P=8 depth=4 | embed=quantum circuit_layers=8 | data=model_III N/class=500 seed=59 split_seed=0 | params=203508 embed_params=49 lr=0.001 epochs=48 | train(1500, 64, 64) val_sel(4469, 64, 64) test(4470, 64, 64) device=cuda
[ep 001] val_sel AUC=0.4892 acc=0.3285
[ep 002] val_sel AUC=0.5004 acc=0.3433
[ep 003] val_sel AUC=0.5120 acc=0.3283
[ep 004] val_sel AUC=0.5190 acc=0.3229
[ep 005] val_sel AUC=0.5260 acc=0.3285
[ep 006] val_sel AUC=0.5325 acc=0.3285
[ep 007] val_sel AUC=0.5331 acc=0.3283
[ep 008] val_sel AUC=0.5309 acc=0.3285
[ep 009] val_sel AUC=0.5308 acc=0.3495
[ep 010] val_sel AUC=0.5300 acc=0.3417
[ep 011] val_sel AUC=0.5351 acc=0.3439
[ep 012] val_sel AUC=0.5402 acc=0.3654
[ep 013] val_sel AUC=0.5454 acc=0.3636
[ep 014] val_sel AUC=0.5489 acc=0.3714
[ep 015] val_sel AUC=0.5524 acc=0.3737
[ep 016] val_sel AUC=0.5530 acc=0.3753
[ep 017] val_sel AUC=0.6335 acc=0.4193
[ep 018] val_sel AUC=0.7216 acc=0.4786
[ep 019] val_sel AUC=0.7991 acc=0.6243
[ep 020] val_sel AUC=0.7639 acc=0.5576
[ep 021] val_sel AUC=0.8305 acc=0.6876
[ep 022] val_sel AUC=0.8386 acc=0.6415
[ep 023] val_sel AUC=0.8142 acc=0.6339
[ep 024] val_sel AUC=0.8061 acc=0.6136
[ep 025] val_sel AUC=0.8429 acc=0.6541
[ep 026] val_sel AUC=0.8347 acc=0.6626
[ep 027] val_sel AUC=0.8062 acc=0.6093
[ep 028] val_sel AUC=0.8652 acc=0.7330
[ep 029] val_sel AUC=0.8657 acc=0.7263
[ep 030] val_sel AUC=0.8855 acc=0.7532
[ep 031] val_sel AUC=0.8900 acc=0.7561
[ep 032] val_sel AUC=0.8956 acc=0.7816
[ep 033] val_sel AUC=0.8691 acc=0.7518
[ep 034] val_sel AUC=0.8917 acc=0.7827
[ep 035] val_sel AUC=0.9026 acc=0.7973
[ep 036] val_sel AUC=0.9087 acc=0.8044
[ep 037] val_sel AUC=0.9067 acc=0.8123
[ep 038] val_sel AUC=0.9129 acc=0.8011
[ep 039] val_sel AUC=0.9026 acc=0.7872
[ep 040] val_sel AUC=0.9174 acc=0.8183
[ep 041] val_sel AUC=0.9254 acc=0.8275
[ep 042] val_sel AUC=0.9230 acc=0.8228
[ep 043] val_sel AUC=0.9284 acc=0.8255
[ep 044] val_sel AUC=0.9270 acc=0.8230
[ep 045] val_sel AUC=0.9255 acc=0.8293
[ep 046] val_sel AUC=0.9313 acc=0.8297
[ep 047] val_sel AUC=0.9306 acc=0.8299
[ep 048] val_sel AUC=0.9307 acc=0.8328
============================================================
TEST (best val_sel epoch, held-out, evaluated once)
============================================================
[DONE-QPE] embed=quantum model_III N=500 seed=59 test_AUC=0.9280 val_sel_AUC=0.9313 per_class=(axion=0.9332 cdm=0.8675 no_sub=0.9833) params=203508 embed_params=49 angle_drift=0.254085898399353 U_frob_drift=1.0140453577041626
