[INFO] QPE D=64 P=8 depth=4 | embed=quantum circuit_layers=8 | data=model_II N/class=500 seed=50 split_seed=0 | params=203508 embed_params=49 lr=0.001 epochs=48 | train(1500, 64, 64) val_sel(4455, 64, 64) test(4455, 64, 64) device=cuda
[ep 001] val_sel AUC=0.4967 acc=0.3354
[ep 002] val_sel AUC=0.5054 acc=0.3291
[ep 003] val_sel AUC=0.5121 acc=0.3237
[ep 004] val_sel AUC=0.5202 acc=0.3237
[ep 005] val_sel AUC=0.5257 acc=0.3473
[ep 006] val_sel AUC=0.5269 acc=0.3473
[ep 007] val_sel AUC=0.5285 acc=0.3473
[ep 008] val_sel AUC=0.5304 acc=0.3473
[ep 009] val_sel AUC=0.5318 acc=0.3437
[ep 010] val_sel AUC=0.5339 acc=0.3457
[ep 011] val_sel AUC=0.5366 acc=0.3630
[ep 012] val_sel AUC=0.5420 acc=0.3565
[ep 013] val_sel AUC=0.5519 acc=0.3670
[ep 014] val_sel AUC=0.5591 acc=0.3767
[ep 015] val_sel AUC=0.5611 acc=0.3666
[ep 016] val_sel AUC=0.5633 acc=0.3639
[ep 017] val_sel AUC=0.5977 acc=0.3695
[ep 018] val_sel AUC=0.6926 acc=0.4893
[ep 019] val_sel AUC=0.7300 acc=0.5297
[ep 020] val_sel AUC=0.7174 acc=0.5237
[ep 021] val_sel AUC=0.8015 acc=0.6534
[ep 022] val_sel AUC=0.8485 acc=0.6822
[ep 023] val_sel AUC=0.8620 acc=0.6808
[ep 024] val_sel AUC=0.8705 acc=0.7221
[ep 025] val_sel AUC=0.8422 acc=0.6471
[ep 026] val_sel AUC=0.8867 acc=0.7499
[ep 027] val_sel AUC=0.8877 acc=0.7446
[ep 028] val_sel AUC=0.8737 acc=0.7327
[ep 029] val_sel AUC=0.9054 acc=0.7744
[ep 030] val_sel AUC=0.9105 acc=0.7964
[ep 031] val_sel AUC=0.9038 acc=0.7531
[ep 032] val_sel AUC=0.9150 acc=0.8182
[ep 033] val_sel AUC=0.9134 acc=0.8011
[ep 034] val_sel AUC=0.9209 acc=0.8164
[ep 035] val_sel AUC=0.9224 acc=0.8211
[ep 036] val_sel AUC=0.9071 acc=0.7930
[ep 037] val_sel AUC=0.9203 acc=0.8229
[ep 038] val_sel AUC=0.9133 acc=0.7921
[ep 039] val_sel AUC=0.9245 acc=0.8308
[ep 040] val_sel AUC=0.9259 acc=0.8355
[ep 041] val_sel AUC=0.9259 acc=0.8393
[ep 042] val_sel AUC=0.9284 acc=0.8476
[ep 043] val_sel AUC=0.9262 acc=0.8424
[ep 044] val_sel AUC=0.9272 acc=0.8447
[ep 045] val_sel AUC=0.9301 acc=0.8494
[ep 046] val_sel AUC=0.9297 acc=0.8492
[ep 047] val_sel AUC=0.9299 acc=0.8494
[ep 048] val_sel AUC=0.9300 acc=0.8496
============================================================
TEST (best val_sel epoch, held-out, evaluated once)
============================================================
[DONE-QPE] embed=quantum model_II N=500 seed=50 test_AUC=0.9332 val_sel_AUC=0.9301 per_class=(axion=0.9369 cdm=0.8806 no_sub=0.9821) params=203508 embed_params=49 angle_drift=0.32622140645980835 U_frob_drift=1.3000588417053223
