[INFO] QPE D=64 P=8 depth=4 | embed=quantum circuit_layers=8 | data=model_II N/class=500 seed=55 split_seed=0 | params=203508 embed_params=49 lr=0.001 epochs=48 | train(1500, 64, 64) val_sel(4455, 64, 64) test(4455, 64, 64) device=cuda
[ep 001] val_sel AUC=0.5000 acc=0.3473
[ep 002] val_sel AUC=0.5027 acc=0.3473
[ep 003] val_sel AUC=0.5067 acc=0.3237
[ep 004] val_sel AUC=0.5115 acc=0.3237
[ep 005] val_sel AUC=0.5140 acc=0.3237
[ep 006] val_sel AUC=0.5157 acc=0.3473
[ep 007] val_sel AUC=0.5183 acc=0.3473
[ep 008] val_sel AUC=0.5211 acc=0.3394
[ep 009] val_sel AUC=0.5237 acc=0.3591
[ep 010] val_sel AUC=0.5258 acc=0.3488
[ep 011] val_sel AUC=0.5282 acc=0.3540
[ep 012] val_sel AUC=0.5309 acc=0.3504
[ep 013] val_sel AUC=0.5327 acc=0.3497
[ep 014] val_sel AUC=0.5358 acc=0.3457
[ep 015] val_sel AUC=0.5372 acc=0.3517
[ep 016] val_sel AUC=0.5376 acc=0.3547
[ep 017] val_sel AUC=0.5622 acc=0.3513
[ep 018] val_sel AUC=0.6015 acc=0.4094
[ep 019] val_sel AUC=0.6467 acc=0.4229
[ep 020] val_sel AUC=0.6822 acc=0.4797
[ep 021] val_sel AUC=0.7406 acc=0.4862
[ep 022] val_sel AUC=0.7955 acc=0.6247
[ep 023] val_sel AUC=0.8417 acc=0.7006
[ep 024] val_sel AUC=0.7874 acc=0.6238
[ep 025] val_sel AUC=0.8251 acc=0.6667
[ep 026] val_sel AUC=0.8381 acc=0.7053
[ep 027] val_sel AUC=0.8507 acc=0.6422
[ep 028] val_sel AUC=0.8742 acc=0.7286
[ep 029] val_sel AUC=0.8917 acc=0.7717
[ep 030] val_sel AUC=0.8976 acc=0.7574
[ep 031] val_sel AUC=0.8850 acc=0.7443
[ep 032] val_sel AUC=0.8991 acc=0.7807
[ep 033] val_sel AUC=0.9005 acc=0.7820
[ep 034] val_sel AUC=0.9012 acc=0.7805
[ep 035] val_sel AUC=0.9143 acc=0.8070
[ep 036] val_sel AUC=0.9108 acc=0.8164
[ep 037] val_sel AUC=0.9164 acc=0.8038
[ep 038] val_sel AUC=0.9120 acc=0.8121
[ep 039] val_sel AUC=0.9199 acc=0.8173
[ep 040] val_sel AUC=0.9182 acc=0.8227
[ep 041] val_sel AUC=0.9162 acc=0.8146
[ep 042] val_sel AUC=0.9221 acc=0.8227
[ep 043] val_sel AUC=0.9213 acc=0.8346
[ep 044] val_sel AUC=0.9212 acc=0.8332
[ep 045] val_sel AUC=0.9228 acc=0.8341
[ep 046] val_sel AUC=0.9236 acc=0.8368
[ep 047] val_sel AUC=0.9240 acc=0.8388
[ep 048] val_sel AUC=0.9241 acc=0.8375
============================================================
TEST (best val_sel epoch, held-out, evaluated once)
============================================================
[DONE-QPE] embed=quantum model_II N=500 seed=55 test_AUC=0.9318 val_sel_AUC=0.9241 per_class=(axion=0.9449 cdm=0.8749 no_sub=0.9758) params=203508 embed_params=49 angle_drift=0.22462774813175201 U_frob_drift=0.897077202796936
