[INFO] QPE D=64 P=8 depth=4 | embed=quantum circuit_layers=8 | data=model_II N/class=500 seed=49 split_seed=0 | params=203508 embed_params=49 lr=0.001 epochs=48 | train(1500, 64, 64) val_sel(4455, 64, 64) test(4455, 64, 64) device=cuda
[ep 001] val_sel AUC=0.4922 acc=0.3291
[ep 002] val_sel AUC=0.4973 acc=0.3291
[ep 003] val_sel AUC=0.5025 acc=0.3237
[ep 004] val_sel AUC=0.5087 acc=0.3237
[ep 005] val_sel AUC=0.5081 acc=0.3473
[ep 006] val_sel AUC=0.5133 acc=0.3291
[ep 007] val_sel AUC=0.5134 acc=0.3237
[ep 008] val_sel AUC=0.5157 acc=0.3473
[ep 009] val_sel AUC=0.5191 acc=0.3466
[ep 010] val_sel AUC=0.5234 acc=0.3237
[ep 011] val_sel AUC=0.5274 acc=0.3237
[ep 012] val_sel AUC=0.5335 acc=0.3504
[ep 013] val_sel AUC=0.5358 acc=0.3499
[ep 014] val_sel AUC=0.5372 acc=0.3520
[ep 015] val_sel AUC=0.5374 acc=0.3468
[ep 016] val_sel AUC=0.5374 acc=0.3403
[ep 017] val_sel AUC=0.5455 acc=0.3291
[ep 018] val_sel AUC=0.5535 acc=0.3237
[ep 019] val_sel AUC=0.5658 acc=0.3942
[ep 020] val_sel AUC=0.6148 acc=0.4144
[ep 021] val_sel AUC=0.6975 acc=0.4963
[ep 022] val_sel AUC=0.7586 acc=0.5421
[ep 023] val_sel AUC=0.7913 acc=0.6097
[ep 024] val_sel AUC=0.8138 acc=0.6361
[ep 025] val_sel AUC=0.8504 acc=0.7008
[ep 026] val_sel AUC=0.8825 acc=0.7457
[ep 027] val_sel AUC=0.8765 acc=0.7297
[ep 028] val_sel AUC=0.8708 acc=0.7295
[ep 029] val_sel AUC=0.8994 acc=0.7663
[ep 030] val_sel AUC=0.9071 acc=0.7861
[ep 031] val_sel AUC=0.9021 acc=0.7710
[ep 032] val_sel AUC=0.9123 acc=0.7915
[ep 033] val_sel AUC=0.9086 acc=0.7863
[ep 034] val_sel AUC=0.9106 acc=0.7872
[ep 035] val_sel AUC=0.9103 acc=0.7870
[ep 036] val_sel AUC=0.9168 acc=0.8018
[ep 037] val_sel AUC=0.9169 acc=0.8108
[ep 038] val_sel AUC=0.9086 acc=0.7978
[ep 039] val_sel AUC=0.9234 acc=0.8128
[ep 040] val_sel AUC=0.9263 acc=0.8245
[ep 041] val_sel AUC=0.9240 acc=0.8229
[ep 042] val_sel AUC=0.9238 acc=0.8260
[ep 043] val_sel AUC=0.9269 acc=0.8346
[ep 044] val_sel AUC=0.9303 acc=0.8364
[ep 045] val_sel AUC=0.9321 acc=0.8442
[ep 046] val_sel AUC=0.9327 acc=0.8474
[ep 047] val_sel AUC=0.9330 acc=0.8465
[ep 048] val_sel AUC=0.9326 acc=0.8474
============================================================
TEST (best val_sel epoch, held-out, evaluated once)
============================================================
[DONE-QPE] embed=quantum model_II N=500 seed=49 test_AUC=0.9376 val_sel_AUC=0.9330 per_class=(axion=0.9430 cdm=0.8859 no_sub=0.9837) params=203508 embed_params=49 angle_drift=0.2738935947418213 U_frob_drift=1.0925800800323486
