[INFO] QPE D=64 P=8 depth=4 | embed=quantum circuit_layers=8 | data=model_II N/class=500 seed=45 split_seed=0 | params=203508 embed_params=49 lr=0.001 epochs=48 | train(1500, 64, 64) val_sel(4455, 64, 64) test(4455, 64, 64) device=cuda
[ep 001] val_sel AUC=0.5462 acc=0.3237
[ep 002] val_sel AUC=0.5512 acc=0.3291
[ep 003] val_sel AUC=0.5519 acc=0.3237
[ep 004] val_sel AUC=0.5561 acc=0.3473
[ep 005] val_sel AUC=0.5559 acc=0.3473
[ep 006] val_sel AUC=0.5524 acc=0.3291
[ep 007] val_sel AUC=0.5491 acc=0.3237
[ep 008] val_sel AUC=0.5464 acc=0.3473
[ep 009] val_sel AUC=0.5493 acc=0.3291
[ep 010] val_sel AUC=0.5508 acc=0.3421
[ep 011] val_sel AUC=0.5605 acc=0.3434
[ep 012] val_sel AUC=0.5609 acc=0.3291
[ep 013] val_sel AUC=0.5657 acc=0.3643
[ep 014] val_sel AUC=0.5689 acc=0.3724
[ep 015] val_sel AUC=0.5714 acc=0.3746
[ep 016] val_sel AUC=0.5719 acc=0.3744
[ep 017] val_sel AUC=0.5914 acc=0.3473
[ep 018] val_sel AUC=0.6146 acc=0.4229
[ep 019] val_sel AUC=0.6761 acc=0.4813
[ep 020] val_sel AUC=0.7104 acc=0.4956
[ep 021] val_sel AUC=0.7380 acc=0.5493
[ep 022] val_sel AUC=0.8034 acc=0.6031
[ep 023] val_sel AUC=0.8222 acc=0.5987
[ep 024] val_sel AUC=0.8288 acc=0.6013
[ep 025] val_sel AUC=0.8328 acc=0.6370
[ep 026] val_sel AUC=0.8611 acc=0.6952
[ep 027] val_sel AUC=0.8855 acc=0.7410
[ep 028] val_sel AUC=0.8791 acc=0.7358
[ep 029] val_sel AUC=0.8845 acc=0.7297
[ep 030] val_sel AUC=0.8989 acc=0.7787
[ep 031] val_sel AUC=0.8985 acc=0.7490
[ep 032] val_sel AUC=0.9031 acc=0.7834
[ep 033] val_sel AUC=0.9077 acc=0.7933
[ep 034] val_sel AUC=0.9133 acc=0.8148
[ep 035] val_sel AUC=0.9144 acc=0.7991
[ep 036] val_sel AUC=0.9086 acc=0.7820
[ep 037] val_sel AUC=0.9149 acc=0.8009
[ep 038] val_sel AUC=0.9209 acc=0.8224
[ep 039] val_sel AUC=0.9143 acc=0.7948
[ep 040] val_sel AUC=0.9190 acc=0.8128
[ep 041] val_sel AUC=0.9104 acc=0.7895
[ep 042] val_sel AUC=0.9230 acc=0.8276
[ep 043] val_sel AUC=0.9242 acc=0.8314
[ep 044] val_sel AUC=0.9251 acc=0.8319
[ep 045] val_sel AUC=0.9245 acc=0.8290
[ep 046] val_sel AUC=0.9250 acc=0.8296
[ep 047] val_sel AUC=0.9252 acc=0.8303
[ep 048] val_sel AUC=0.9252 acc=0.8314
============================================================
TEST (best val_sel epoch, held-out, evaluated once)
============================================================
[DONE-QPE] embed=quantum model_II N=500 seed=45 test_AUC=0.9314 val_sel_AUC=0.9252 per_class=(axion=0.9423 cdm=0.8737 no_sub=0.9782) params=203508 embed_params=49 angle_drift=0.25476542115211487 U_frob_drift=1.0165995359420776
