[INFO] QPE D=64 P=8 depth=4 | embed=quantum circuit_layers=8 | data=model_II N/class=500 seed=51 split_seed=0 | params=203508 embed_params=49 lr=0.001 epochs=48 | train(1500, 64, 64) val_sel(4455, 64, 64) test(4455, 64, 64) device=cuda
[ep 001] val_sel AUC=0.4934 acc=0.3291
[ep 002] val_sel AUC=0.5164 acc=0.3473
[ep 003] val_sel AUC=0.5353 acc=0.3473
[ep 004] val_sel AUC=0.5400 acc=0.3291
[ep 005] val_sel AUC=0.5433 acc=0.3255
[ep 006] val_sel AUC=0.5451 acc=0.3237
[ep 007] val_sel AUC=0.5405 acc=0.3643
[ep 008] val_sel AUC=0.5362 acc=0.3473
[ep 009] val_sel AUC=0.5367 acc=0.3443
[ep 010] val_sel AUC=0.5424 acc=0.3567
[ep 011] val_sel AUC=0.5477 acc=0.3468
[ep 012] val_sel AUC=0.5578 acc=0.3659
[ep 013] val_sel AUC=0.5721 acc=0.4034
[ep 014] val_sel AUC=0.5944 acc=0.4420
[ep 015] val_sel AUC=0.6049 acc=0.4471
[ep 016] val_sel AUC=0.6074 acc=0.4474
[ep 017] val_sel AUC=0.6945 acc=0.4379
[ep 018] val_sel AUC=0.7180 acc=0.5351
[ep 019] val_sel AUC=0.7462 acc=0.5455
[ep 020] val_sel AUC=0.7666 acc=0.5659
[ep 021] val_sel AUC=0.7764 acc=0.5933
[ep 022] val_sel AUC=0.7879 acc=0.5767
[ep 023] val_sel AUC=0.8070 acc=0.6494
[ep 024] val_sel AUC=0.8430 acc=0.6855
[ep 025] val_sel AUC=0.8257 acc=0.6415
[ep 026] val_sel AUC=0.8318 acc=0.6770
[ep 027] val_sel AUC=0.8439 acc=0.6687
[ep 028] val_sel AUC=0.8759 acc=0.7396
[ep 029] val_sel AUC=0.8597 acc=0.7158
[ep 030] val_sel AUC=0.8854 acc=0.7486
[ep 031] val_sel AUC=0.8671 acc=0.7241
[ep 032] val_sel AUC=0.8551 acc=0.6918
[ep 033] val_sel AUC=0.8938 acc=0.7773
[ep 034] val_sel AUC=0.8782 acc=0.7322
[ep 035] val_sel AUC=0.8874 acc=0.7455
[ep 036] val_sel AUC=0.8998 acc=0.7809
[ep 037] val_sel AUC=0.8958 acc=0.7762
[ep 038] val_sel AUC=0.8886 acc=0.7477
[ep 039] val_sel AUC=0.9054 acc=0.7953
[ep 040] val_sel AUC=0.9124 acc=0.8036
[ep 041] val_sel AUC=0.9101 acc=0.8076
[ep 042] val_sel AUC=0.9074 acc=0.7870
[ep 043] val_sel AUC=0.9130 acc=0.8108
[ep 044] val_sel AUC=0.9151 acc=0.8119
[ep 045] val_sel AUC=0.9167 acc=0.8164
[ep 046] val_sel AUC=0.9171 acc=0.8162
[ep 047] val_sel AUC=0.9170 acc=0.8162
[ep 048] val_sel AUC=0.9174 acc=0.8162
============================================================
TEST (best val_sel epoch, held-out, evaluated once)
============================================================
[DONE-QPE] embed=quantum model_II N=500 seed=51 test_AUC=0.9207 val_sel_AUC=0.9174 per_class=(axion=0.9402 cdm=0.8504 no_sub=0.9716) params=203508 embed_params=49 angle_drift=0.24139650166034698 U_frob_drift=0.9644975662231445
