[INFO] QPE D=64 P=8 depth=4 | embed=quantum circuit_layers=8 | data=model_III N/class=500 seed=56 split_seed=0 | params=203508 embed_params=49 lr=0.001 epochs=48 | train(1500, 64, 64) val_sel(4469, 64, 64) test(4470, 64, 64) device=cuda
[ep 001] val_sel AUC=0.5392 acc=0.3433
[ep 002] val_sel AUC=0.5350 acc=0.3433
[ep 003] val_sel AUC=0.5410 acc=0.3283
[ep 004] val_sel AUC=0.5424 acc=0.3285
[ep 005] val_sel AUC=0.5390 acc=0.3283
[ep 006] val_sel AUC=0.5362 acc=0.3283
[ep 007] val_sel AUC=0.5340 acc=0.3433
[ep 008] val_sel AUC=0.5490 acc=0.3459
[ep 009] val_sel AUC=0.5887 acc=0.3488
[ep 010] val_sel AUC=0.5995 acc=0.4135
[ep 011] val_sel AUC=0.6357 acc=0.4509
[ep 012] val_sel AUC=0.6776 acc=0.4963
[ep 013] val_sel AUC=0.7351 acc=0.5590
[ep 014] val_sel AUC=0.7667 acc=0.5934
[ep 015] val_sel AUC=0.7601 acc=0.5898
[ep 016] val_sel AUC=0.7828 acc=0.6075
[ep 017] val_sel AUC=0.7731 acc=0.5567
[ep 018] val_sel AUC=0.7665 acc=0.5565
[ep 019] val_sel AUC=0.6795 acc=0.4818
[ep 020] val_sel AUC=0.7964 acc=0.5977
[ep 021] val_sel AUC=0.7954 acc=0.6013
[ep 022] val_sel AUC=0.8366 acc=0.6932
[ep 023] val_sel AUC=0.8838 acc=0.7418
[ep 024] val_sel AUC=0.8720 acc=0.7053
[ep 025] val_sel AUC=0.8810 acc=0.7565
[ep 026] val_sel AUC=0.8659 acc=0.7015
[ep 027] val_sel AUC=0.8900 acc=0.7693
[ep 028] val_sel AUC=0.8547 acc=0.6903
[ep 029] val_sel AUC=0.8830 acc=0.7214
[ep 030] val_sel AUC=0.8969 acc=0.7619
[ep 031] val_sel AUC=0.8928 acc=0.7774
[ep 032] val_sel AUC=0.9032 acc=0.7986
[ep 033] val_sel AUC=0.9084 acc=0.7892
[ep 034] val_sel AUC=0.8959 acc=0.7955
[ep 035] val_sel AUC=0.9058 acc=0.7950
[ep 036] val_sel AUC=0.9025 acc=0.7955
[ep 037] val_sel AUC=0.9021 acc=0.7856
[ep 038] val_sel AUC=0.9047 acc=0.7979
[ep 039] val_sel AUC=0.9199 acc=0.8192
[ep 040] val_sel AUC=0.9168 acc=0.8152
[ep 041] val_sel AUC=0.9161 acc=0.8114
[ep 042] val_sel AUC=0.9200 acc=0.8257
[ep 043] val_sel AUC=0.9186 acc=0.8223
[ep 044] val_sel AUC=0.9221 acc=0.8308
[ep 045] val_sel AUC=0.9238 acc=0.8378
[ep 046] val_sel AUC=0.9220 acc=0.8367
[ep 047] val_sel AUC=0.9241 acc=0.8409
[ep 048] val_sel AUC=0.9240 acc=0.8400
============================================================
TEST (best val_sel epoch, held-out, evaluated once)
============================================================
[DONE-QPE] embed=quantum model_III N=500 seed=56 test_AUC=0.9185 val_sel_AUC=0.9241 per_class=(axion=0.9366 cdm=0.8483 no_sub=0.9705) params=203508 embed_params=49 angle_drift=0.30032607913017273 U_frob_drift=1.2000640630722046
