[INFO] QPE D=64 P=8 depth=4 | embed=quantum circuit_layers=8 | data=model_III N/class=500 seed=46 split_seed=0 | params=203508 embed_params=49 lr=0.001 epochs=48 | train(1500, 64, 64) val_sel(4469, 64, 64) test(4470, 64, 64) device=cuda
[ep 001] val_sel AUC=0.5002 acc=0.3433
[ep 002] val_sel AUC=0.5124 acc=0.3285
[ep 003] val_sel AUC=0.5222 acc=0.3283
[ep 004] val_sel AUC=0.5246 acc=0.3433
[ep 005] val_sel AUC=0.5228 acc=0.3283
[ep 006] val_sel AUC=0.5227 acc=0.3283
[ep 007] val_sel AUC=0.5241 acc=0.3486
[ep 008] val_sel AUC=0.5283 acc=0.3379
[ep 009] val_sel AUC=0.5314 acc=0.3321
[ep 010] val_sel AUC=0.5391 acc=0.3473
[ep 011] val_sel AUC=0.5378 acc=0.3495
[ep 012] val_sel AUC=0.5481 acc=0.3582
[ep 013] val_sel AUC=0.5480 acc=0.3553
[ep 014] val_sel AUC=0.5580 acc=0.3909
[ep 015] val_sel AUC=0.5595 acc=0.3920
[ep 016] val_sel AUC=0.5605 acc=0.3938
[ep 017] val_sel AUC=0.6388 acc=0.3974
[ep 018] val_sel AUC=0.5962 acc=0.4028
[ep 019] val_sel AUC=0.6681 acc=0.4509
[ep 020] val_sel AUC=0.7657 acc=0.5516
[ep 021] val_sel AUC=0.7571 acc=0.5462
[ep 022] val_sel AUC=0.7801 acc=0.5972
[ep 023] val_sel AUC=0.8310 acc=0.6505
[ep 024] val_sel AUC=0.8208 acc=0.6283
[ep 025] val_sel AUC=0.8195 acc=0.6165
[ep 026] val_sel AUC=0.8479 acc=0.6928
[ep 027] val_sel AUC=0.8677 acc=0.7178
[ep 028] val_sel AUC=0.8562 acc=0.6993
[ep 029] val_sel AUC=0.8649 acc=0.6610
[ep 030] val_sel AUC=0.8828 acc=0.7178
[ep 031] val_sel AUC=0.8927 acc=0.7677
[ep 032] val_sel AUC=0.9010 acc=0.7691
[ep 033] val_sel AUC=0.8998 acc=0.7807
[ep 034] val_sel AUC=0.8951 acc=0.7536
[ep 035] val_sel AUC=0.9103 acc=0.7807
[ep 036] val_sel AUC=0.9082 acc=0.7915
[ep 037] val_sel AUC=0.9035 acc=0.7818
[ep 038] val_sel AUC=0.9119 acc=0.8035
[ep 039] val_sel AUC=0.9195 acc=0.8172
[ep 040] val_sel AUC=0.9193 acc=0.8221
[ep 041] val_sel AUC=0.9211 acc=0.8192
[ep 042] val_sel AUC=0.9202 acc=0.8127
[ep 043] val_sel AUC=0.9221 acc=0.8239
[ep 044] val_sel AUC=0.9229 acc=0.8230
[ep 045] val_sel AUC=0.9235 acc=0.8248
[ep 046] val_sel AUC=0.9247 acc=0.8281
[ep 047] val_sel AUC=0.9249 acc=0.8288
[ep 048] val_sel AUC=0.9248 acc=0.8297
============================================================
TEST (best val_sel epoch, held-out, evaluated once)
============================================================
[DONE-QPE] embed=quantum model_III N=500 seed=46 test_AUC=0.9250 val_sel_AUC=0.9249 per_class=(axion=0.9428 cdm=0.8599 no_sub=0.9722) params=203508 embed_params=49 angle_drift=0.35603928565979004 U_frob_drift=1.4186192750930786
