[INFO] QPE D=64 P=8 depth=4 | embed=quantum circuit_layers=8 | data=model_III N/class=500 seed=57 split_seed=0 | params=203508 embed_params=49 lr=0.001 epochs=48 | train(1500, 64, 64) val_sel(4469, 64, 64) test(4470, 64, 64) device=cuda
[ep 001] val_sel AUC=0.5301 acc=0.3433
[ep 002] val_sel AUC=0.5385 acc=0.3285
[ep 003] val_sel AUC=0.5459 acc=0.3285
[ep 004] val_sel AUC=0.5505 acc=0.3433
[ep 005] val_sel AUC=0.5527 acc=0.3283
[ep 006] val_sel AUC=0.5494 acc=0.3433
[ep 007] val_sel AUC=0.5457 acc=0.3439
[ep 008] val_sel AUC=0.5412 acc=0.3285
[ep 009] val_sel AUC=0.5384 acc=0.3471
[ep 010] val_sel AUC=0.5382 acc=0.3276
[ep 011] val_sel AUC=0.5363 acc=0.3638
[ep 012] val_sel AUC=0.5352 acc=0.3580
[ep 013] val_sel AUC=0.5362 acc=0.3576
[ep 014] val_sel AUC=0.5366 acc=0.3500
[ep 015] val_sel AUC=0.5369 acc=0.3535
[ep 016] val_sel AUC=0.5371 acc=0.3542
[ep 017] val_sel AUC=0.5494 acc=0.3656
[ep 018] val_sel AUC=0.5592 acc=0.3728
[ep 019] val_sel AUC=0.5710 acc=0.3390
[ep 020] val_sel AUC=0.5898 acc=0.3746
[ep 021] val_sel AUC=0.5911 acc=0.3958
[ep 022] val_sel AUC=0.6272 acc=0.4299
[ep 023] val_sel AUC=0.6282 acc=0.4348
[ep 024] val_sel AUC=0.6887 acc=0.4730
[ep 025] val_sel AUC=0.7549 acc=0.5856
[ep 026] val_sel AUC=0.7966 acc=0.6319
[ep 027] val_sel AUC=0.8180 acc=0.6641
[ep 028] val_sel AUC=0.7747 acc=0.6008
[ep 029] val_sel AUC=0.8445 acc=0.6905
[ep 030] val_sel AUC=0.8445 acc=0.6776
[ep 031] val_sel AUC=0.8580 acc=0.6995
[ep 032] val_sel AUC=0.8359 acc=0.6829
[ep 033] val_sel AUC=0.8716 acc=0.7487
[ep 034] val_sel AUC=0.8442 acc=0.6856
[ep 035] val_sel AUC=0.8772 acc=0.7552
[ep 036] val_sel AUC=0.8691 acc=0.7089
[ep 037] val_sel AUC=0.8726 acc=0.7248
[ep 038] val_sel AUC=0.8657 acc=0.7140
[ep 039] val_sel AUC=0.8807 acc=0.7478
[ep 040] val_sel AUC=0.8861 acc=0.7612
[ep 041] val_sel AUC=0.8868 acc=0.7621
[ep 042] val_sel AUC=0.8919 acc=0.7756
[ep 043] val_sel AUC=0.8935 acc=0.7832
[ep 044] val_sel AUC=0.8964 acc=0.7825
[ep 045] val_sel AUC=0.8964 acc=0.7836
[ep 046] val_sel AUC=0.8966 acc=0.7859
[ep 047] val_sel AUC=0.8966 acc=0.7874
[ep 048] val_sel AUC=0.8969 acc=0.7876
============================================================
TEST (best val_sel epoch, held-out, evaluated once)
============================================================
[DONE-QPE] embed=quantum model_III N=500 seed=57 test_AUC=0.8946 val_sel_AUC=0.8969 per_class=(axion=0.9223 cdm=0.8024 no_sub=0.9592) params=203508 embed_params=49 angle_drift=0.20998618006706238 U_frob_drift=0.8379132747650146
