[INFO] QPE D=64 P=8 depth=4 | embed=scramble circuit_layers=8 | data=model_III N/class=500 seed=60 split_seed=0 | params=203508 embed_params=49 lr=0.001 epochs=48 | train(1500, 64, 64) val_sel(4469, 64, 64) test(4470, 64, 64) device=cuda
[ep 001] val_sel AUC=0.5148 acc=0.3283
[ep 002] val_sel AUC=0.5265 acc=0.3285
[ep 003] val_sel AUC=0.5364 acc=0.3285
[ep 004] val_sel AUC=0.5400 acc=0.3283
[ep 005] val_sel AUC=0.5421 acc=0.3433
[ep 006] val_sel AUC=0.5463 acc=0.3433
[ep 007] val_sel AUC=0.5521 acc=0.3283
[ep 008] val_sel AUC=0.5530 acc=0.3540
[ep 009] val_sel AUC=0.5563 acc=0.3283
[ep 010] val_sel AUC=0.5526 acc=0.3433
[ep 011] val_sel AUC=0.5504 acc=0.3276
[ep 012] val_sel AUC=0.5459 acc=0.3437
[ep 013] val_sel AUC=0.5444 acc=0.3323
[ep 014] val_sel AUC=0.5437 acc=0.3450
[ep 015] val_sel AUC=0.5436 acc=0.3511
[ep 016] val_sel AUC=0.5435 acc=0.3486
[ep 017] val_sel AUC=0.5390 acc=0.3285
[ep 018] val_sel AUC=0.5556 acc=0.3433
[ep 019] val_sel AUC=0.5665 acc=0.3587
[ep 020] val_sel AUC=0.5615 acc=0.3685
[ep 021] val_sel AUC=0.6399 acc=0.3896
[ep 022] val_sel AUC=0.6120 acc=0.3979
[ep 023] val_sel AUC=0.6379 acc=0.4106
[ep 024] val_sel AUC=0.7002 acc=0.4648
[ep 025] val_sel AUC=0.7813 acc=0.5910
[ep 026] val_sel AUC=0.7910 acc=0.6194
[ep 027] val_sel AUC=0.7679 acc=0.5384
[ep 028] val_sel AUC=0.8214 acc=0.6384
[ep 029] val_sel AUC=0.8261 acc=0.6563
[ep 030] val_sel AUC=0.8159 acc=0.5842
[ep 031] val_sel AUC=0.8594 acc=0.6928
[ep 032] val_sel AUC=0.8713 acc=0.7301
[ep 033] val_sel AUC=0.8937 acc=0.7633
[ep 034] val_sel AUC=0.8809 acc=0.7330
[ep 035] val_sel AUC=0.8917 acc=0.7700
[ep 036] val_sel AUC=0.8842 acc=0.7496
[ep 037] val_sel AUC=0.8924 acc=0.7628
[ep 038] val_sel AUC=0.9074 acc=0.7957
[ep 039] val_sel AUC=0.9113 acc=0.7973
[ep 040] val_sel AUC=0.9141 acc=0.8073
[ep 041] val_sel AUC=0.9162 acc=0.8210
[ep 042] val_sel AUC=0.9114 acc=0.8076
[ep 043] val_sel AUC=0.9131 acc=0.8080
[ep 044] val_sel AUC=0.9155 acc=0.8190
[ep 045] val_sel AUC=0.9162 acc=0.8219
[ep 046] val_sel AUC=0.9157 acc=0.8219
[ep 047] val_sel AUC=0.9162 acc=0.8241
[ep 048] val_sel AUC=0.9162 acc=0.8257
============================================================
TEST (best val_sel epoch, held-out, evaluated once)
============================================================
[DONE-QPE] embed=scramble model_III N=500 seed=60 test_AUC=0.9164 val_sel_AUC=0.9162 per_class=(axion=0.9307 cdm=0.8424 no_sub=0.9760) params=203508 embed_params=49 angle_drift=0.39803141355514526 U_frob_drift=1.5838048458099365
