[INFO] QPE D=64 P=8 depth=4 | embed=scramble circuit_layers=8 | data=model_II N/class=500 seed=43 split_seed=0 | params=203508 embed_params=49 lr=0.001 epochs=48 | train(1500, 64, 64) val_sel(4455, 64, 64) test(4455, 64, 64) device=cuda
[ep 001] val_sel AUC=0.4835 acc=0.3291
[ep 002] val_sel AUC=0.5053 acc=0.3291
[ep 003] val_sel AUC=0.5220 acc=0.3237
[ep 004] val_sel AUC=0.5355 acc=0.3473
[ep 005] val_sel AUC=0.5457 acc=0.3232
[ep 006] val_sel AUC=0.5515 acc=0.3291
[ep 007] val_sel AUC=0.5536 acc=0.3441
[ep 008] val_sel AUC=0.5573 acc=0.3473
[ep 009] val_sel AUC=0.5629 acc=0.3605
[ep 010] val_sel AUC=0.5703 acc=0.3291
[ep 011] val_sel AUC=0.5679 acc=0.3704
[ep 012] val_sel AUC=0.5922 acc=0.3942
[ep 013] val_sel AUC=0.6402 acc=0.4536
[ep 014] val_sel AUC=0.6996 acc=0.4979
[ep 015] val_sel AUC=0.7265 acc=0.5437
[ep 016] val_sel AUC=0.7303 acc=0.5466
[ep 017] val_sel AUC=0.6601 acc=0.4662
[ep 018] val_sel AUC=0.7734 acc=0.5582
[ep 019] val_sel AUC=0.7515 acc=0.5113
[ep 020] val_sel AUC=0.7839 acc=0.5731
[ep 021] val_sel AUC=0.8688 acc=0.7380
[ep 022] val_sel AUC=0.8471 acc=0.6615
[ep 023] val_sel AUC=0.8472 acc=0.6844
[ep 024] val_sel AUC=0.8687 acc=0.7228
[ep 025] val_sel AUC=0.8635 acc=0.7006
[ep 026] val_sel AUC=0.8383 acc=0.6144
[ep 027] val_sel AUC=0.8987 acc=0.7724
[ep 028] val_sel AUC=0.8907 acc=0.7464
[ep 029] val_sel AUC=0.8958 acc=0.7524
[ep 030] val_sel AUC=0.9145 acc=0.7688
[ep 031] val_sel AUC=0.8979 acc=0.7634
[ep 032] val_sel AUC=0.9116 acc=0.7771
[ep 033] val_sel AUC=0.8926 acc=0.7531
[ep 034] val_sel AUC=0.9181 acc=0.8159
[ep 035] val_sel AUC=0.9211 acc=0.8240
[ep 036] val_sel AUC=0.9155 acc=0.8043
[ep 037] val_sel AUC=0.9186 acc=0.8233
[ep 038] val_sel AUC=0.9199 acc=0.8310
[ep 039] val_sel AUC=0.9260 acc=0.8355
[ep 040] val_sel AUC=0.9257 acc=0.8328
[ep 041] val_sel AUC=0.9260 acc=0.8415
[ep 042] val_sel AUC=0.9276 acc=0.8424
[ep 043] val_sel AUC=0.9271 acc=0.8323
[ep 044] val_sel AUC=0.9313 acc=0.8447
[ep 045] val_sel AUC=0.9311 acc=0.8440
[ep 046] val_sel AUC=0.9321 acc=0.8476
[ep 047] val_sel AUC=0.9324 acc=0.8476
[ep 048] val_sel AUC=0.9323 acc=0.8465
============================================================
TEST (best val_sel epoch, held-out, evaluated once)
============================================================
[DONE-QPE] embed=scramble model_II N=500 seed=43 test_AUC=0.9377 val_sel_AUC=0.9324 per_class=(axion=0.9459 cdm=0.8848 no_sub=0.9823) params=203508 embed_params=49 angle_drift=0.26728302240371704 U_frob_drift=1.0668226480484009
