[INFO] QPE D=64 P=8 depth=4 | embed=scramble circuit_layers=8 | data=model_III N/class=500 seed=56 split_seed=0 | params=203508 embed_params=49 lr=0.001 epochs=48 | train(1500, 64, 64) val_sel(4469, 64, 64) test(4470, 64, 64) device=cuda
[ep 001] val_sel AUC=0.5283 acc=0.3392
[ep 002] val_sel AUC=0.5275 acc=0.3433
[ep 003] val_sel AUC=0.5275 acc=0.3285
[ep 004] val_sel AUC=0.5248 acc=0.3285
[ep 005] val_sel AUC=0.5259 acc=0.3283
[ep 006] val_sel AUC=0.5241 acc=0.3283
[ep 007] val_sel AUC=0.5229 acc=0.3433
[ep 008] val_sel AUC=0.5227 acc=0.3285
[ep 009] val_sel AUC=0.5217 acc=0.3433
[ep 010] val_sel AUC=0.5222 acc=0.3285
[ep 011] val_sel AUC=0.5225 acc=0.3285
[ep 012] val_sel AUC=0.5238 acc=0.3412
[ep 013] val_sel AUC=0.5235 acc=0.3551
[ep 014] val_sel AUC=0.5237 acc=0.3556
[ep 015] val_sel AUC=0.5237 acc=0.3488
[ep 016] val_sel AUC=0.5238 acc=0.3549
[ep 017] val_sel AUC=0.5395 acc=0.3439
[ep 018] val_sel AUC=0.5615 acc=0.3846
[ep 019] val_sel AUC=0.6651 acc=0.4871
[ep 020] val_sel AUC=0.5941 acc=0.3486
[ep 021] val_sel AUC=0.6441 acc=0.4424
[ep 022] val_sel AUC=0.7413 acc=0.5608
[ep 023] val_sel AUC=0.8066 acc=0.5681
[ep 024] val_sel AUC=0.8290 acc=0.6453
[ep 025] val_sel AUC=0.8247 acc=0.6619
[ep 026] val_sel AUC=0.8630 acc=0.7219
[ep 027] val_sel AUC=0.8388 acc=0.6666
[ep 028] val_sel AUC=0.8849 acc=0.7677
[ep 029] val_sel AUC=0.9048 acc=0.7910
[ep 030] val_sel AUC=0.8623 acc=0.7404
[ep 031] val_sel AUC=0.8648 acc=0.7427
[ep 032] val_sel AUC=0.9069 acc=0.7794
[ep 033] val_sel AUC=0.9012 acc=0.7939
[ep 034] val_sel AUC=0.9005 acc=0.7852
[ep 035] val_sel AUC=0.9086 acc=0.8100
[ep 036] val_sel AUC=0.9168 acc=0.8078
[ep 037] val_sel AUC=0.9157 acc=0.8098
[ep 038] val_sel AUC=0.9215 acc=0.8134
[ep 039] val_sel AUC=0.9251 acc=0.8371
[ep 040] val_sel AUC=0.9261 acc=0.8467
[ep 041] val_sel AUC=0.9254 acc=0.8389
[ep 042] val_sel AUC=0.9275 acc=0.8431
[ep 043] val_sel AUC=0.9283 acc=0.8396
[ep 044] val_sel AUC=0.9309 acc=0.8458
[ep 045] val_sel AUC=0.9269 acc=0.8389
[ep 046] val_sel AUC=0.9316 acc=0.8530
[ep 047] val_sel AUC=0.9321 acc=0.8530
[ep 048] val_sel AUC=0.9321 acc=0.8530
============================================================
TEST (best val_sel epoch, held-out, evaluated once)
============================================================
[DONE-QPE] embed=scramble model_III N=500 seed=56 test_AUC=0.9296 val_sel_AUC=0.9321 per_class=(axion=0.9408 cdm=0.8707 no_sub=0.9773) params=203508 embed_params=49 angle_drift=0.42424705624580383 U_frob_drift=1.693384051322937
