[INFO] QPE D=64 P=8 depth=4 | embed=scramble circuit_layers=8 | data=model_II N/class=500 seed=48 split_seed=0 | params=203508 embed_params=49 lr=0.001 epochs=48 | train(1500, 64, 64) val_sel(4455, 64, 64) test(4455, 64, 64) device=cuda
[ep 001] val_sel AUC=0.5356 acc=0.3291
[ep 002] val_sel AUC=0.5469 acc=0.3237
[ep 003] val_sel AUC=0.5543 acc=0.3473
[ep 004] val_sel AUC=0.5604 acc=0.3291
[ep 005] val_sel AUC=0.5635 acc=0.3473
[ep 006] val_sel AUC=0.5663 acc=0.3473
[ep 007] val_sel AUC=0.5697 acc=0.3473
[ep 008] val_sel AUC=0.5738 acc=0.3473
[ep 009] val_sel AUC=0.5744 acc=0.3473
[ep 010] val_sel AUC=0.5739 acc=0.3291
[ep 011] val_sel AUC=0.5750 acc=0.3473
[ep 012] val_sel AUC=0.5722 acc=0.3567
[ep 013] val_sel AUC=0.5679 acc=0.3333
[ep 014] val_sel AUC=0.5680 acc=0.3410
[ep 015] val_sel AUC=0.5665 acc=0.3751
[ep 016] val_sel AUC=0.5660 acc=0.3845
[ep 017] val_sel AUC=0.5573 acc=0.3473
[ep 018] val_sel AUC=0.5526 acc=0.3291
[ep 019] val_sel AUC=0.5536 acc=0.3291
[ep 020] val_sel AUC=0.5479 acc=0.3473
[ep 021] val_sel AUC=0.5506 acc=0.3764
[ep 022] val_sel AUC=0.5720 acc=0.3740
[ep 023] val_sel AUC=0.5936 acc=0.3989
[ep 024] val_sel AUC=0.5954 acc=0.4319
[ep 025] val_sel AUC=0.6783 acc=0.4934
[ep 026] val_sel AUC=0.6835 acc=0.5037
[ep 027] val_sel AUC=0.7544 acc=0.4738
[ep 028] val_sel AUC=0.8087 acc=0.6193
[ep 029] val_sel AUC=0.8089 acc=0.6397
[ep 030] val_sel AUC=0.8337 acc=0.6633
[ep 031] val_sel AUC=0.8558 acc=0.6806
[ep 032] val_sel AUC=0.8425 acc=0.6550
[ep 033] val_sel AUC=0.8780 acc=0.7358
[ep 034] val_sel AUC=0.8699 acc=0.7235
[ep 035] val_sel AUC=0.8824 acc=0.7313
[ep 036] val_sel AUC=0.8966 acc=0.7625
[ep 037] val_sel AUC=0.8952 acc=0.7740
[ep 038] val_sel AUC=0.9007 acc=0.7805
[ep 039] val_sel AUC=0.8943 acc=0.7632
[ep 040] val_sel AUC=0.9010 acc=0.7798
[ep 041] val_sel AUC=0.9085 acc=0.7939
[ep 042] val_sel AUC=0.9079 acc=0.7924
[ep 043] val_sel AUC=0.9093 acc=0.7879
[ep 044] val_sel AUC=0.9117 acc=0.8049
[ep 045] val_sel AUC=0.9102 acc=0.7928
[ep 046] val_sel AUC=0.9126 acc=0.8065
[ep 047] val_sel AUC=0.9129 acc=0.8094
[ep 048] val_sel AUC=0.9129 acc=0.8092
============================================================
TEST (best val_sel epoch, held-out, evaluated once)
============================================================
[DONE-QPE] embed=scramble model_II N=500 seed=48 test_AUC=0.9173 val_sel_AUC=0.9129 per_class=(axion=0.9340 cdm=0.8465 no_sub=0.9714) params=203508 embed_params=49 angle_drift=0.1688915342092514 U_frob_drift=0.674887478351593
