[INFO] QPE D=64 P=8 depth=4 | embed=scramble circuit_layers=8 | data=model_II N/class=500 seed=57 split_seed=0 | params=203508 embed_params=49 lr=0.001 epochs=48 | train(1500, 64, 64) val_sel(4455, 64, 64) test(4455, 64, 64) device=cuda
[ep 001] val_sel AUC=0.5034 acc=0.3473
[ep 002] val_sel AUC=0.5075 acc=0.3237
[ep 003] val_sel AUC=0.5123 acc=0.3237
[ep 004] val_sel AUC=0.5157 acc=0.3473
[ep 005] val_sel AUC=0.5186 acc=0.3291
[ep 006] val_sel AUC=0.5240 acc=0.3473
[ep 007] val_sel AUC=0.5264 acc=0.3468
[ep 008] val_sel AUC=0.5257 acc=0.3237
[ep 009] val_sel AUC=0.5255 acc=0.3304
[ep 010] val_sel AUC=0.5272 acc=0.3641
[ep 011] val_sel AUC=0.5279 acc=0.3450
[ep 012] val_sel AUC=0.5289 acc=0.3475
[ep 013] val_sel AUC=0.5327 acc=0.3854
[ep 014] val_sel AUC=0.5333 acc=0.3560
[ep 015] val_sel AUC=0.5351 acc=0.3587
[ep 016] val_sel AUC=0.5353 acc=0.3558
[ep 017] val_sel AUC=0.5502 acc=0.3847
[ep 018] val_sel AUC=0.5905 acc=0.4063
[ep 019] val_sel AUC=0.6260 acc=0.3585
[ep 020] val_sel AUC=0.6880 acc=0.4990
[ep 021] val_sel AUC=0.7481 acc=0.5553
[ep 022] val_sel AUC=0.7788 acc=0.5762
[ep 023] val_sel AUC=0.8099 acc=0.6065
[ep 024] val_sel AUC=0.8359 acc=0.6415
[ep 025] val_sel AUC=0.8660 acc=0.7116
[ep 026] val_sel AUC=0.8625 acc=0.7311
[ep 027] val_sel AUC=0.8473 acc=0.6783
[ep 028] val_sel AUC=0.8764 acc=0.7208
[ep 029] val_sel AUC=0.8776 acc=0.7232
[ep 030] val_sel AUC=0.8926 acc=0.7419
[ep 031] val_sel AUC=0.8967 acc=0.7789
[ep 032] val_sel AUC=0.8935 acc=0.7600
[ep 033] val_sel AUC=0.8986 acc=0.7753
[ep 034] val_sel AUC=0.8930 acc=0.7565
[ep 035] val_sel AUC=0.9034 acc=0.7793
[ep 036] val_sel AUC=0.9139 acc=0.7964
[ep 037] val_sel AUC=0.9167 acc=0.8119
[ep 038] val_sel AUC=0.9091 acc=0.7926
[ep 039] val_sel AUC=0.9092 acc=0.7897
[ep 040] val_sel AUC=0.9194 acc=0.8130
[ep 041] val_sel AUC=0.9215 acc=0.8159
[ep 042] val_sel AUC=0.9215 acc=0.8108
[ep 043] val_sel AUC=0.9235 acc=0.8105
[ep 044] val_sel AUC=0.9235 acc=0.8132
[ep 045] val_sel AUC=0.9235 acc=0.8137
[ep 046] val_sel AUC=0.9246 acc=0.8220
[ep 047] val_sel AUC=0.9244 acc=0.8213
[ep 048] val_sel AUC=0.9245 acc=0.8202
============================================================
TEST (best val_sel epoch, held-out, evaluated once)
============================================================
[DONE-QPE] embed=scramble model_II N=500 seed=57 test_AUC=0.9314 val_sel_AUC=0.9246 per_class=(axion=0.9489 cdm=0.8730 no_sub=0.9722) params=203508 embed_params=49 angle_drift=0.23785871267318726 U_frob_drift=0.949127197265625
