[INFO] QPE D=64 P=8 depth=4 | embed=scramble circuit_layers=8 | data=model_III N/class=500 seed=48 split_seed=0 | params=203508 embed_params=49 lr=0.001 epochs=48 | train(1500, 64, 64) val_sel(4469, 64, 64) test(4470, 64, 64) device=cuda
[ep 001] val_sel AUC=0.5052 acc=0.3283
[ep 002] val_sel AUC=0.5135 acc=0.3285
[ep 003] val_sel AUC=0.5144 acc=0.3433
[ep 004] val_sel AUC=0.5213 acc=0.3283
[ep 005] val_sel AUC=0.5221 acc=0.3433
[ep 006] val_sel AUC=0.5194 acc=0.3433
[ep 007] val_sel AUC=0.5261 acc=0.3433
[ep 008] val_sel AUC=0.5259 acc=0.3433
[ep 009] val_sel AUC=0.5280 acc=0.3433
[ep 010] val_sel AUC=0.5301 acc=0.3283
[ep 011] val_sel AUC=0.5274 acc=0.3433
[ep 012] val_sel AUC=0.5266 acc=0.3522
[ep 013] val_sel AUC=0.5257 acc=0.3397
[ep 014] val_sel AUC=0.5253 acc=0.3502
[ep 015] val_sel AUC=0.5246 acc=0.3450
[ep 016] val_sel AUC=0.5244 acc=0.3379
[ep 017] val_sel AUC=0.5223 acc=0.3433
[ep 018] val_sel AUC=0.5246 acc=0.3283
[ep 019] val_sel AUC=0.5527 acc=0.3283
[ep 020] val_sel AUC=0.5417 acc=0.3381
[ep 021] val_sel AUC=0.5808 acc=0.3860
[ep 022] val_sel AUC=0.5923 acc=0.3820
[ep 023] val_sel AUC=0.6258 acc=0.3838
[ep 024] val_sel AUC=0.7155 acc=0.5109
[ep 025] val_sel AUC=0.7180 acc=0.5364
[ep 026] val_sel AUC=0.7711 acc=0.5771
[ep 027] val_sel AUC=0.8265 acc=0.6626
[ep 028] val_sel AUC=0.8480 acc=0.6838
[ep 029] val_sel AUC=0.8507 acc=0.7055
[ep 030] val_sel AUC=0.8658 acc=0.7187
[ep 031] val_sel AUC=0.8718 acc=0.7205
[ep 032] val_sel AUC=0.8745 acc=0.7145
[ep 033] val_sel AUC=0.8973 acc=0.7791
[ep 034] val_sel AUC=0.8870 acc=0.7545
[ep 035] val_sel AUC=0.9033 acc=0.7751
[ep 036] val_sel AUC=0.9056 acc=0.7955
[ep 037] val_sel AUC=0.9026 acc=0.7798
[ep 038] val_sel AUC=0.9113 acc=0.8047
[ep 039] val_sel AUC=0.9088 acc=0.7997
[ep 040] val_sel AUC=0.9146 acc=0.8194
[ep 041] val_sel AUC=0.9149 acc=0.8100
[ep 042] val_sel AUC=0.9168 acc=0.8188
[ep 043] val_sel AUC=0.9143 acc=0.8145
[ep 044] val_sel AUC=0.9160 acc=0.8257
[ep 045] val_sel AUC=0.9186 acc=0.8241
[ep 046] val_sel AUC=0.9184 acc=0.8268
[ep 047] val_sel AUC=0.9189 acc=0.8290
[ep 048] val_sel AUC=0.9190 acc=0.8286
============================================================
TEST (best val_sel epoch, held-out, evaluated once)
============================================================
[DONE-QPE] embed=scramble model_III N=500 seed=48 test_AUC=0.9178 val_sel_AUC=0.9190 per_class=(axion=0.9366 cdm=0.8485 no_sub=0.9685) params=203508 embed_params=49 angle_drift=0.2989661693572998 U_frob_drift=1.1889992952346802
