[INFO] QPE D=64 P=8 depth=4 | embed=scramble circuit_layers=8 | data=model_II N/class=500 seed=54 split_seed=0 | params=203508 embed_params=49 lr=0.001 epochs=48 | train(1500, 64, 64) val_sel(4455, 64, 64) test(4455, 64, 64) device=cuda
[ep 001] val_sel AUC=0.5236 acc=0.3291
[ep 002] val_sel AUC=0.5173 acc=0.3473
[ep 003] val_sel AUC=0.5331 acc=0.3531
[ep 004] val_sel AUC=0.5331 acc=0.3473
[ep 005] val_sel AUC=0.5350 acc=0.3473
[ep 006] val_sel AUC=0.5391 acc=0.3291
[ep 007] val_sel AUC=0.5401 acc=0.3455
[ep 008] val_sel AUC=0.5415 acc=0.3473
[ep 009] val_sel AUC=0.5424 acc=0.3295
[ep 010] val_sel AUC=0.5435 acc=0.3291
[ep 011] val_sel AUC=0.5415 acc=0.3473
[ep 012] val_sel AUC=0.5443 acc=0.3502
[ep 013] val_sel AUC=0.5443 acc=0.3605
[ep 014] val_sel AUC=0.5459 acc=0.3603
[ep 015] val_sel AUC=0.5466 acc=0.3688
[ep 016] val_sel AUC=0.5468 acc=0.3639
[ep 017] val_sel AUC=0.5644 acc=0.3551
[ep 018] val_sel AUC=0.5663 acc=0.3818
[ep 019] val_sel AUC=0.5999 acc=0.3850
[ep 020] val_sel AUC=0.6558 acc=0.4516
[ep 021] val_sel AUC=0.6975 acc=0.5152
[ep 022] val_sel AUC=0.7855 acc=0.5625
[ep 023] val_sel AUC=0.7983 acc=0.6146
[ep 024] val_sel AUC=0.8255 acc=0.6563
[ep 025] val_sel AUC=0.8460 acc=0.6530
[ep 026] val_sel AUC=0.8367 acc=0.6804
[ep 027] val_sel AUC=0.8525 acc=0.6673
[ep 028] val_sel AUC=0.8492 acc=0.6673
[ep 029] val_sel AUC=0.8824 acc=0.7506
[ep 030] val_sel AUC=0.8612 acc=0.7104
[ep 031] val_sel AUC=0.8498 acc=0.6245
[ep 032] val_sel AUC=0.8887 acc=0.7363
[ep 033] val_sel AUC=0.8776 acc=0.7064
[ep 034] val_sel AUC=0.8803 acc=0.7428
[ep 035] val_sel AUC=0.9023 acc=0.7859
[ep 036] val_sel AUC=0.9100 acc=0.8038
[ep 037] val_sel AUC=0.8947 acc=0.7706
[ep 038] val_sel AUC=0.9108 acc=0.8094
[ep 039] val_sel AUC=0.9122 acc=0.8173
[ep 040] val_sel AUC=0.9172 acc=0.8153
[ep 041] val_sel AUC=0.9122 acc=0.8159
[ep 042] val_sel AUC=0.9180 acc=0.8263
[ep 043] val_sel AUC=0.9197 acc=0.8247
[ep 044] val_sel AUC=0.9185 acc=0.8287
[ep 045] val_sel AUC=0.9181 acc=0.8215
[ep 046] val_sel AUC=0.9204 acc=0.8337
[ep 047] val_sel AUC=0.9206 acc=0.8316
[ep 048] val_sel AUC=0.9207 acc=0.8325
============================================================
TEST (best val_sel epoch, held-out, evaluated once)
============================================================
[DONE-QPE] embed=scramble model_II N=500 seed=54 test_AUC=0.9310 val_sel_AUC=0.9207 per_class=(axion=0.9395 cdm=0.8715 no_sub=0.9819) params=203508 embed_params=49 angle_drift=0.2818673849105835 U_frob_drift=1.1228431463241577
