[INFO] QPE D=64 P=8 depth=4 | embed=scramble circuit_layers=8 | data=model_III N/class=500 seed=53 split_seed=0 | params=203508 embed_params=49 lr=0.001 epochs=48 | train(1500, 64, 64) val_sel(4469, 64, 64) test(4470, 64, 64) device=cuda
[ep 001] val_sel AUC=0.5207 acc=0.3285
[ep 002] val_sel AUC=0.5291 acc=0.3285
[ep 003] val_sel AUC=0.5384 acc=0.3433
[ep 004] val_sel AUC=0.5339 acc=0.3433
[ep 005] val_sel AUC=0.5313 acc=0.3433
[ep 006] val_sel AUC=0.5307 acc=0.3327
[ep 007] val_sel AUC=0.5375 acc=0.3283
[ep 008] val_sel AUC=0.5441 acc=0.3553
[ep 009] val_sel AUC=0.5509 acc=0.3623
[ep 010] val_sel AUC=0.5709 acc=0.3656
[ep 011] val_sel AUC=0.5882 acc=0.3985
[ep 012] val_sel AUC=0.6007 acc=0.4075
[ep 013] val_sel AUC=0.6085 acc=0.4213
[ep 014] val_sel AUC=0.6152 acc=0.4207
[ep 015] val_sel AUC=0.6233 acc=0.4361
[ep 016] val_sel AUC=0.6244 acc=0.4350
[ep 017] val_sel AUC=0.6395 acc=0.4589
[ep 018] val_sel AUC=0.7268 acc=0.5147
[ep 019] val_sel AUC=0.7893 acc=0.6178
[ep 020] val_sel AUC=0.7991 acc=0.6071
[ep 021] val_sel AUC=0.8226 acc=0.6496
[ep 022] val_sel AUC=0.8180 acc=0.6373
[ep 023] val_sel AUC=0.7863 acc=0.5845
[ep 024] val_sel AUC=0.8534 acc=0.7078
[ep 025] val_sel AUC=0.8623 acc=0.7109
[ep 026] val_sel AUC=0.8679 acc=0.7284
[ep 027] val_sel AUC=0.8725 acc=0.7402
[ep 028] val_sel AUC=0.8743 acc=0.7391
[ep 029] val_sel AUC=0.8754 acc=0.7348
[ep 030] val_sel AUC=0.8802 acc=0.7539
[ep 031] val_sel AUC=0.8703 acc=0.7205
[ep 032] val_sel AUC=0.8658 acc=0.7073
[ep 033] val_sel AUC=0.8912 acc=0.7706
[ep 034] val_sel AUC=0.8982 acc=0.7794
[ep 035] val_sel AUC=0.8888 acc=0.7534
[ep 036] val_sel AUC=0.8927 acc=0.7682
[ep 037] val_sel AUC=0.8975 acc=0.7577
[ep 038] val_sel AUC=0.8974 acc=0.7680
[ep 039] val_sel AUC=0.8984 acc=0.7796
[ep 040] val_sel AUC=0.9046 acc=0.7921
[ep 041] val_sel AUC=0.9040 acc=0.7883
[ep 042] val_sel AUC=0.9082 acc=0.7995
[ep 043] val_sel AUC=0.9097 acc=0.8049
[ep 044] val_sel AUC=0.9093 acc=0.8047
[ep 045] val_sel AUC=0.9107 acc=0.8069
[ep 046] val_sel AUC=0.9114 acc=0.8105
[ep 047] val_sel AUC=0.9108 acc=0.8087
[ep 048] val_sel AUC=0.9113 acc=0.8105
============================================================
TEST (best val_sel epoch, held-out, evaluated once)
============================================================
[DONE-QPE] embed=scramble model_III N=500 seed=53 test_AUC=0.9132 val_sel_AUC=0.9114 per_class=(axion=0.9330 cdm=0.8365 no_sub=0.9702) params=203508 embed_params=49 angle_drift=0.2634558081626892 U_frob_drift=1.0504908561706543
