[INFO] QPE D=64 P=8 depth=4 | embed=scramble circuit_layers=8 | data=model_III N/class=500 seed=49 split_seed=0 | params=203508 embed_params=49 lr=0.001 epochs=48 | train(1500, 64, 64) val_sel(4469, 64, 64) test(4470, 64, 64) device=cuda
[ep 001] val_sel AUC=0.5078 acc=0.3283
[ep 002] val_sel AUC=0.5152 acc=0.3283
[ep 003] val_sel AUC=0.5220 acc=0.3285
[ep 004] val_sel AUC=0.5234 acc=0.3285
[ep 005] val_sel AUC=0.5268 acc=0.3285
[ep 006] val_sel AUC=0.5289 acc=0.3406
[ep 007] val_sel AUC=0.5298 acc=0.3285
[ep 008] val_sel AUC=0.5308 acc=0.3433
[ep 009] val_sel AUC=0.5338 acc=0.3283
[ep 010] val_sel AUC=0.5367 acc=0.3285
[ep 011] val_sel AUC=0.5360 acc=0.3285
[ep 012] val_sel AUC=0.5352 acc=0.3502
[ep 013] val_sel AUC=0.5351 acc=0.3433
[ep 014] val_sel AUC=0.5345 acc=0.3551
[ep 015] val_sel AUC=0.5339 acc=0.3477
[ep 016] val_sel AUC=0.5341 acc=0.3468
[ep 017] val_sel AUC=0.5321 acc=0.3321
[ep 018] val_sel AUC=0.5437 acc=0.3285
[ep 019] val_sel AUC=0.5515 acc=0.3578
[ep 020] val_sel AUC=0.5661 acc=0.3654
[ep 021] val_sel AUC=0.6437 acc=0.4057
[ep 022] val_sel AUC=0.6541 acc=0.4323
[ep 023] val_sel AUC=0.7074 acc=0.4999
[ep 024] val_sel AUC=0.7272 acc=0.5267
[ep 025] val_sel AUC=0.7238 acc=0.4963
[ep 026] val_sel AUC=0.7749 acc=0.5863
[ep 027] val_sel AUC=0.8113 acc=0.6306
[ep 028] val_sel AUC=0.8225 acc=0.6341
[ep 029] val_sel AUC=0.8150 acc=0.6525
[ep 030] val_sel AUC=0.8375 acc=0.6751
[ep 031] val_sel AUC=0.8451 acc=0.6776
[ep 032] val_sel AUC=0.8590 acc=0.7017
[ep 033] val_sel AUC=0.8741 acc=0.7196
[ep 034] val_sel AUC=0.8818 acc=0.7337
[ep 035] val_sel AUC=0.8735 acc=0.7420
[ep 036] val_sel AUC=0.8837 acc=0.7268
[ep 037] val_sel AUC=0.8747 acc=0.7315
[ep 038] val_sel AUC=0.8766 acc=0.7465
[ep 039] val_sel AUC=0.8913 acc=0.7639
[ep 040] val_sel AUC=0.8846 acc=0.7438
[ep 041] val_sel AUC=0.8969 acc=0.7789
[ep 042] val_sel AUC=0.9024 acc=0.7885
[ep 043] val_sel AUC=0.9046 acc=0.7993
[ep 044] val_sel AUC=0.9052 acc=0.7964
[ep 045] val_sel AUC=0.9064 acc=0.8015
[ep 046] val_sel AUC=0.9085 acc=0.8055
[ep 047] val_sel AUC=0.9077 acc=0.8022
[ep 048] val_sel AUC=0.9084 acc=0.8047
============================================================
TEST (best val_sel epoch, held-out, evaluated once)
============================================================
[DONE-QPE] embed=scramble model_III N=500 seed=49 test_AUC=0.9082 val_sel_AUC=0.9085 per_class=(axion=0.9360 cdm=0.8274 no_sub=0.9612) params=203508 embed_params=49 angle_drift=0.2360369861125946 U_frob_drift=0.939371645450592
