[INFO] QPE D=64 P=8 depth=4 | embed=scramble circuit_layers=8 | data=model_II N/class=500 seed=46 split_seed=0 | params=203508 embed_params=49 lr=0.001 epochs=48 | train(1500, 64, 64) val_sel(4455, 64, 64) test(4455, 64, 64) device=cuda
[ep 001] val_sel AUC=0.5199 acc=0.3237
[ep 002] val_sel AUC=0.5360 acc=0.3237
[ep 003] val_sel AUC=0.5461 acc=0.3291
[ep 004] val_sel AUC=0.5485 acc=0.3473
[ep 005] val_sel AUC=0.5608 acc=0.3291
[ep 006] val_sel AUC=0.5664 acc=0.3291
[ep 007] val_sel AUC=0.5704 acc=0.3847
[ep 008] val_sel AUC=0.5753 acc=0.3291
[ep 009] val_sel AUC=0.5686 acc=0.3291
[ep 010] val_sel AUC=0.5752 acc=0.3502
[ep 011] val_sel AUC=0.5814 acc=0.3371
[ep 012] val_sel AUC=0.5698 acc=0.3789
[ep 013] val_sel AUC=0.5831 acc=0.3549
[ep 014] val_sel AUC=0.5835 acc=0.3901
[ep 015] val_sel AUC=0.5899 acc=0.3899
[ep 016] val_sel AUC=0.5911 acc=0.3939
[ep 017] val_sel AUC=0.6020 acc=0.3360
[ep 018] val_sel AUC=0.6796 acc=0.3560
[ep 019] val_sel AUC=0.6172 acc=0.4090
[ep 020] val_sel AUC=0.7119 acc=0.5010
[ep 021] val_sel AUC=0.7360 acc=0.5282
[ep 022] val_sel AUC=0.7772 acc=0.6144
[ep 023] val_sel AUC=0.8234 acc=0.6480
[ep 024] val_sel AUC=0.8128 acc=0.6088
[ep 025] val_sel AUC=0.8495 acc=0.6911
[ep 026] val_sel AUC=0.8468 acc=0.6691
[ep 027] val_sel AUC=0.8543 acc=0.6844
[ep 028] val_sel AUC=0.8429 acc=0.6833
[ep 029] val_sel AUC=0.8594 acc=0.7048
[ep 030] val_sel AUC=0.8654 acc=0.7223
[ep 031] val_sel AUC=0.8606 acc=0.6664
[ep 032] val_sel AUC=0.8951 acc=0.7511
[ep 033] val_sel AUC=0.8956 acc=0.7760
[ep 034] val_sel AUC=0.8923 acc=0.7488
[ep 035] val_sel AUC=0.8872 acc=0.7369
[ep 036] val_sel AUC=0.8947 acc=0.7508
[ep 037] val_sel AUC=0.9009 acc=0.7701
[ep 038] val_sel AUC=0.9095 acc=0.7955
[ep 039] val_sel AUC=0.9105 acc=0.7946
[ep 040] val_sel AUC=0.9140 acc=0.8056
[ep 041] val_sel AUC=0.8827 acc=0.7246
[ep 042] val_sel AUC=0.9155 acc=0.7975
[ep 043] val_sel AUC=0.9148 acc=0.8070
[ep 044] val_sel AUC=0.9179 acc=0.8110
[ep 045] val_sel AUC=0.9198 acc=0.8177
[ep 046] val_sel AUC=0.9209 acc=0.8195
[ep 047] val_sel AUC=0.9209 acc=0.8189
[ep 048] val_sel AUC=0.9209 acc=0.8195
============================================================
TEST (best val_sel epoch, held-out, evaluated once)
============================================================
[DONE-QPE] embed=scramble model_II N=500 seed=46 test_AUC=0.9230 val_sel_AUC=0.9209 per_class=(axion=0.9339 cdm=0.8556 no_sub=0.9794) params=203508 embed_params=49 angle_drift=0.16397106647491455 U_frob_drift=0.65549236536026
