[INFO] QPE D=64 P=8 depth=4 | embed=scramble circuit_layers=8 | data=model_II N/class=500 seed=45 split_seed=0 | params=203508 embed_params=49 lr=0.001 epochs=48 | train(1500, 64, 64) val_sel(4455, 64, 64) test(4455, 64, 64) device=cuda
[ep 001] val_sel AUC=0.5348 acc=0.3237
[ep 002] val_sel AUC=0.5464 acc=0.3291
[ep 003] val_sel AUC=0.5500 acc=0.3237
[ep 004] val_sel AUC=0.5544 acc=0.3473
[ep 005] val_sel AUC=0.5551 acc=0.3473
[ep 006] val_sel AUC=0.5564 acc=0.3291
[ep 007] val_sel AUC=0.5542 acc=0.3237
[ep 008] val_sel AUC=0.5527 acc=0.3473
[ep 009] val_sel AUC=0.5535 acc=0.3291
[ep 010] val_sel AUC=0.5533 acc=0.3237
[ep 011] val_sel AUC=0.5531 acc=0.3313
[ep 012] val_sel AUC=0.5539 acc=0.3291
[ep 013] val_sel AUC=0.5553 acc=0.3688
[ep 014] val_sel AUC=0.5550 acc=0.3663
[ep 015] val_sel AUC=0.5555 acc=0.3697
[ep 016] val_sel AUC=0.5557 acc=0.3695
[ep 017] val_sel AUC=0.5684 acc=0.3560
[ep 018] val_sel AUC=0.5543 acc=0.3401
[ep 019] val_sel AUC=0.5967 acc=0.3944
[ep 020] val_sel AUC=0.5928 acc=0.3951
[ep 021] val_sel AUC=0.5949 acc=0.4009
[ep 022] val_sel AUC=0.6791 acc=0.4456
[ep 023] val_sel AUC=0.6826 acc=0.4597
[ep 024] val_sel AUC=0.7516 acc=0.5066
[ep 025] val_sel AUC=0.7814 acc=0.5679
[ep 026] val_sel AUC=0.7617 acc=0.5782
[ep 027] val_sel AUC=0.8196 acc=0.6337
[ep 028] val_sel AUC=0.8426 acc=0.6738
[ep 029] val_sel AUC=0.8456 acc=0.6698
[ep 030] val_sel AUC=0.8378 acc=0.6826
[ep 031] val_sel AUC=0.8628 acc=0.7066
[ep 032] val_sel AUC=0.8692 acc=0.7300
[ep 033] val_sel AUC=0.8513 acc=0.6965
[ep 034] val_sel AUC=0.8898 acc=0.7540
[ep 035] val_sel AUC=0.8955 acc=0.7746
[ep 036] val_sel AUC=0.8926 acc=0.7470
[ep 037] val_sel AUC=0.9021 acc=0.7675
[ep 038] val_sel AUC=0.8843 acc=0.7385
[ep 039] val_sel AUC=0.9023 acc=0.7883
[ep 040] val_sel AUC=0.9044 acc=0.7847
[ep 041] val_sel AUC=0.9015 acc=0.7847
[ep 042] val_sel AUC=0.9094 acc=0.7886
[ep 043] val_sel AUC=0.9139 acc=0.8025
[ep 044] val_sel AUC=0.9152 acc=0.8090
[ep 045] val_sel AUC=0.9159 acc=0.8101
[ep 046] val_sel AUC=0.9158 acc=0.8117
[ep 047] val_sel AUC=0.9163 acc=0.8121
[ep 048] val_sel AUC=0.9164 acc=0.8123
============================================================
TEST (best val_sel epoch, held-out, evaluated once)
============================================================
[DONE-QPE] embed=scramble model_II N=500 seed=45 test_AUC=0.9256 val_sel_AUC=0.9164 per_class=(axion=0.9442 cdm=0.8603 no_sub=0.9722) params=203508 embed_params=49 angle_drift=0.27229544520378113 U_frob_drift=1.0857386589050293
