[INFO] QPE D=64 P=8 depth=4 | embed=scramble circuit_layers=8 | data=model_III N/class=500 seed=54 split_seed=0 | params=203508 embed_params=49 lr=0.001 epochs=48 | train(1500, 64, 64) val_sel(4469, 64, 64) test(4470, 64, 64) device=cuda
[ep 001] val_sel AUC=0.5247 acc=0.3283
[ep 002] val_sel AUC=0.5255 acc=0.3433
[ep 003] val_sel AUC=0.5443 acc=0.3285
[ep 004] val_sel AUC=0.5418 acc=0.3433
[ep 005] val_sel AUC=0.5397 acc=0.3433
[ep 006] val_sel AUC=0.5406 acc=0.3283
[ep 007] val_sel AUC=0.5380 acc=0.3325
[ep 008] val_sel AUC=0.5377 acc=0.3305
[ep 009] val_sel AUC=0.5362 acc=0.3394
[ep 010] val_sel AUC=0.5345 acc=0.3307
[ep 011] val_sel AUC=0.5353 acc=0.3433
[ep 012] val_sel AUC=0.5373 acc=0.3636
[ep 013] val_sel AUC=0.5411 acc=0.3918
[ep 014] val_sel AUC=0.5426 acc=0.3690
[ep 015] val_sel AUC=0.5433 acc=0.3616
[ep 016] val_sel AUC=0.5436 acc=0.3616
[ep 017] val_sel AUC=0.5496 acc=0.3840
[ep 018] val_sel AUC=0.6115 acc=0.3853
[ep 019] val_sel AUC=0.6609 acc=0.4757
[ep 020] val_sel AUC=0.7378 acc=0.5565
[ep 021] val_sel AUC=0.7710 acc=0.5970
[ep 022] val_sel AUC=0.7977 acc=0.6433
[ep 023] val_sel AUC=0.8199 acc=0.6545
[ep 024] val_sel AUC=0.8478 acc=0.6691
[ep 025] val_sel AUC=0.8318 acc=0.6597
[ep 026] val_sel AUC=0.8504 acc=0.7015
[ep 027] val_sel AUC=0.8791 acc=0.7411
[ep 028] val_sel AUC=0.8755 acc=0.7232
[ep 029] val_sel AUC=0.8829 acc=0.7597
[ep 030] val_sel AUC=0.8877 acc=0.7516
[ep 031] val_sel AUC=0.8836 acc=0.7420
[ep 032] val_sel AUC=0.8917 acc=0.7655
[ep 033] val_sel AUC=0.8890 acc=0.7639
[ep 034] val_sel AUC=0.9014 acc=0.7903
[ep 035] val_sel AUC=0.8940 acc=0.7503
[ep 036] val_sel AUC=0.9035 acc=0.7852
[ep 037] val_sel AUC=0.9025 acc=0.7798
[ep 038] val_sel AUC=0.9001 acc=0.7760
[ep 039] val_sel AUC=0.9085 acc=0.7966
[ep 040] val_sel AUC=0.9047 acc=0.7901
[ep 041] val_sel AUC=0.9100 acc=0.7937
[ep 042] val_sel AUC=0.9118 acc=0.8038
[ep 043] val_sel AUC=0.9102 acc=0.8069
[ep 044] val_sel AUC=0.9134 acc=0.8098
[ep 045] val_sel AUC=0.9139 acc=0.8127
[ep 046] val_sel AUC=0.9135 acc=0.8129
[ep 047] val_sel AUC=0.9140 acc=0.8141
[ep 048] val_sel AUC=0.9140 acc=0.8145
============================================================
TEST (best val_sel epoch, held-out, evaluated once)
============================================================
[DONE-QPE] embed=scramble model_III N=500 seed=54 test_AUC=0.9153 val_sel_AUC=0.9140 per_class=(axion=0.9283 cdm=0.8426 no_sub=0.9751) params=203508 embed_params=49 angle_drift=0.16907107830047607 U_frob_drift=0.675552487373352
