[INFO] QPE D=64 P=8 depth=4 | embed=scramble circuit_layers=8 | data=model_II N/class=500 seed=60 split_seed=0 | params=203508 embed_params=49 lr=0.001 epochs=48 | train(1500, 64, 64) val_sel(4455, 64, 64) test(4455, 64, 64) device=cuda
[ep 001] val_sel AUC=0.5115 acc=0.3291
[ep 002] val_sel AUC=0.5167 acc=0.3237
[ep 003] val_sel AUC=0.5229 acc=0.3212
[ep 004] val_sel AUC=0.5281 acc=0.3291
[ep 005] val_sel AUC=0.5303 acc=0.3473
[ep 006] val_sel AUC=0.5344 acc=0.3473
[ep 007] val_sel AUC=0.5390 acc=0.3291
[ep 008] val_sel AUC=0.5403 acc=0.3520
[ep 009] val_sel AUC=0.5452 acc=0.3291
[ep 010] val_sel AUC=0.5463 acc=0.3473
[ep 011] val_sel AUC=0.5494 acc=0.3369
[ep 012] val_sel AUC=0.5497 acc=0.3410
[ep 013] val_sel AUC=0.5503 acc=0.3414
[ep 014] val_sel AUC=0.5506 acc=0.3448
[ep 015] val_sel AUC=0.5494 acc=0.3578
[ep 016] val_sel AUC=0.5496 acc=0.3603
[ep 017] val_sel AUC=0.5550 acc=0.3318
[ep 018] val_sel AUC=0.5446 acc=0.3416
[ep 019] val_sel AUC=0.5611 acc=0.3302
[ep 020] val_sel AUC=0.5658 acc=0.3892
[ep 021] val_sel AUC=0.5643 acc=0.3787
[ep 022] val_sel AUC=0.6094 acc=0.3670
[ep 023] val_sel AUC=0.6492 acc=0.3746
[ep 024] val_sel AUC=0.6769 acc=0.4738
[ep 025] val_sel AUC=0.7791 acc=0.5753
[ep 026] val_sel AUC=0.7913 acc=0.5773
[ep 027] val_sel AUC=0.8164 acc=0.6175
[ep 028] val_sel AUC=0.8659 acc=0.7057
[ep 029] val_sel AUC=0.8601 acc=0.7057
[ep 030] val_sel AUC=0.8483 acc=0.6909
[ep 031] val_sel AUC=0.8681 acc=0.7268
[ep 032] val_sel AUC=0.8868 acc=0.7632
[ep 033] val_sel AUC=0.8947 acc=0.7578
[ep 034] val_sel AUC=0.8899 acc=0.7661
[ep 035] val_sel AUC=0.8956 acc=0.7690
[ep 036] val_sel AUC=0.8928 acc=0.7780
[ep 037] val_sel AUC=0.8944 acc=0.7508
[ep 038] val_sel AUC=0.8962 acc=0.7836
[ep 039] val_sel AUC=0.9085 acc=0.7987
[ep 040] val_sel AUC=0.9046 acc=0.8072
[ep 041] val_sel AUC=0.9014 acc=0.7872
[ep 042] val_sel AUC=0.9072 acc=0.7942
[ep 043] val_sel AUC=0.9146 acc=0.8157
[ep 044] val_sel AUC=0.9139 acc=0.8155
[ep 045] val_sel AUC=0.9121 acc=0.8135
[ep 046] val_sel AUC=0.9146 acc=0.8209
[ep 047] val_sel AUC=0.9142 acc=0.8204
[ep 048] val_sel AUC=0.9145 acc=0.8207
============================================================
TEST (best val_sel epoch, held-out, evaluated once)
============================================================
[DONE-QPE] embed=scramble model_II N=500 seed=60 test_AUC=0.9231 val_sel_AUC=0.9146 per_class=(axion=0.9465 cdm=0.8549 no_sub=0.9678) params=203508 embed_params=49 angle_drift=0.24033769965171814 U_frob_drift=0.9585917592048645
