[INFO] QPE D=64 P=8 depth=4 | embed=scramble circuit_layers=8 | data=model_II N/class=500 seed=51 split_seed=0 | params=203508 embed_params=49 lr=0.001 epochs=48 | train(1500, 64, 64) val_sel(4455, 64, 64) test(4455, 64, 64) device=cuda
[ep 001] val_sel AUC=0.5295 acc=0.3291
[ep 002] val_sel AUC=0.5341 acc=0.3291
[ep 003] val_sel AUC=0.5405 acc=0.3291
[ep 004] val_sel AUC=0.5445 acc=0.3291
[ep 005] val_sel AUC=0.5472 acc=0.3473
[ep 006] val_sel AUC=0.5504 acc=0.3237
[ep 007] val_sel AUC=0.5527 acc=0.3291
[ep 008] val_sel AUC=0.5530 acc=0.3473
[ep 009] val_sel AUC=0.5555 acc=0.3237
[ep 010] val_sel AUC=0.5567 acc=0.3407
[ep 011] val_sel AUC=0.5582 acc=0.3237
[ep 012] val_sel AUC=0.5578 acc=0.3468
[ep 013] val_sel AUC=0.5598 acc=0.3477
[ep 014] val_sel AUC=0.5600 acc=0.3493
[ep 015] val_sel AUC=0.5605 acc=0.3708
[ep 016] val_sel AUC=0.5606 acc=0.3670
[ep 017] val_sel AUC=0.5733 acc=0.3237
[ep 018] val_sel AUC=0.5776 acc=0.3266
[ep 019] val_sel AUC=0.5762 acc=0.3473
[ep 020] val_sel AUC=0.6142 acc=0.4097
[ep 021] val_sel AUC=0.6601 acc=0.4725
[ep 022] val_sel AUC=0.6455 acc=0.4444
[ep 023] val_sel AUC=0.6975 acc=0.4563
[ep 024] val_sel AUC=0.7301 acc=0.4664
[ep 025] val_sel AUC=0.8010 acc=0.5668
[ep 026] val_sel AUC=0.8164 acc=0.6195
[ep 027] val_sel AUC=0.8333 acc=0.6629
[ep 028] val_sel AUC=0.8441 acc=0.6808
[ep 029] val_sel AUC=0.8659 acc=0.7104
[ep 030] val_sel AUC=0.8814 acc=0.7318
[ep 031] val_sel AUC=0.8766 acc=0.7273
[ep 032] val_sel AUC=0.8676 acc=0.7185
[ep 033] val_sel AUC=0.8783 acc=0.7051
[ep 034] val_sel AUC=0.8973 acc=0.7587
[ep 035] val_sel AUC=0.9022 acc=0.7767
[ep 036] val_sel AUC=0.9091 acc=0.7807
[ep 037] val_sel AUC=0.9062 acc=0.7789
[ep 038] val_sel AUC=0.9109 acc=0.7796
[ep 039] val_sel AUC=0.9125 acc=0.7962
[ep 040] val_sel AUC=0.9136 acc=0.7966
[ep 041] val_sel AUC=0.9100 acc=0.7915
[ep 042] val_sel AUC=0.9150 acc=0.8007
[ep 043] val_sel AUC=0.9178 acc=0.8094
[ep 044] val_sel AUC=0.9183 acc=0.8150
[ep 045] val_sel AUC=0.9185 acc=0.8202
[ep 046] val_sel AUC=0.9184 acc=0.8135
[ep 047] val_sel AUC=0.9188 acc=0.8173
[ep 048] val_sel AUC=0.9188 acc=0.8173
============================================================
TEST (best val_sel epoch, held-out, evaluated once)
============================================================
[DONE-QPE] embed=scramble model_II N=500 seed=51 test_AUC=0.9218 val_sel_AUC=0.9188 per_class=(axion=0.9467 cdm=0.8506 no_sub=0.9682) params=203508 embed_params=49 angle_drift=0.2950178384780884 U_frob_drift=1.177059292793274
