[INFO] QPE D=64 P=8 depth=4 | embed=scramble circuit_layers=8 | data=model_II N/class=500 seed=58 split_seed=0 | params=203508 embed_params=49 lr=0.001 epochs=48 | train(1500, 64, 64) val_sel(4455, 64, 64) test(4455, 64, 64) device=cuda
[ep 001] val_sel AUC=0.4874 acc=0.3237
[ep 002] val_sel AUC=0.4939 acc=0.3291
[ep 003] val_sel AUC=0.4975 acc=0.3473
[ep 004] val_sel AUC=0.5008 acc=0.3378
[ep 005] val_sel AUC=0.5029 acc=0.3473
[ep 006] val_sel AUC=0.5052 acc=0.3291
[ep 007] val_sel AUC=0.5072 acc=0.3443
[ep 008] val_sel AUC=0.5090 acc=0.3291
[ep 009] val_sel AUC=0.5051 acc=0.3291
[ep 010] val_sel AUC=0.5017 acc=0.3470
[ep 011] val_sel AUC=0.5025 acc=0.3237
[ep 012] val_sel AUC=0.5025 acc=0.3378
[ep 013] val_sel AUC=0.5032 acc=0.3450
[ep 014] val_sel AUC=0.5042 acc=0.3540
[ep 015] val_sel AUC=0.5038 acc=0.3544
[ep 016] val_sel AUC=0.5040 acc=0.3531
[ep 017] val_sel AUC=0.5171 acc=0.3477
[ep 018] val_sel AUC=0.5410 acc=0.3421
[ep 019] val_sel AUC=0.5878 acc=0.3957
[ep 020] val_sel AUC=0.6420 acc=0.4523
[ep 021] val_sel AUC=0.6717 acc=0.4941
[ep 022] val_sel AUC=0.7361 acc=0.5499
[ep 023] val_sel AUC=0.7455 acc=0.5699
[ep 024] val_sel AUC=0.7606 acc=0.6085
[ep 025] val_sel AUC=0.8383 acc=0.6700
[ep 026] val_sel AUC=0.8519 acc=0.6954
[ep 027] val_sel AUC=0.8378 acc=0.6797
[ep 028] val_sel AUC=0.8487 acc=0.6873
[ep 029] val_sel AUC=0.8013 acc=0.5235
[ep 030] val_sel AUC=0.8675 acc=0.7064
[ep 031] val_sel AUC=0.8813 acc=0.7556
[ep 032] val_sel AUC=0.8876 acc=0.7645
[ep 033] val_sel AUC=0.8684 acc=0.7205
[ep 034] val_sel AUC=0.8942 acc=0.7735
[ep 035] val_sel AUC=0.8933 acc=0.7793
[ep 036] val_sel AUC=0.9005 acc=0.7879
[ep 037] val_sel AUC=0.8925 acc=0.7625
[ep 038] val_sel AUC=0.9017 acc=0.7987
[ep 039] val_sel AUC=0.8953 acc=0.7728
[ep 040] val_sel AUC=0.9018 acc=0.7933
[ep 041] val_sel AUC=0.9072 acc=0.7933
[ep 042] val_sel AUC=0.9071 acc=0.8110
[ep 043] val_sel AUC=0.9048 acc=0.8110
[ep 044] val_sel AUC=0.9049 acc=0.8128
[ep 045] val_sel AUC=0.9079 acc=0.8141
[ep 046] val_sel AUC=0.9085 acc=0.8150
[ep 047] val_sel AUC=0.9085 acc=0.8166
[ep 048] val_sel AUC=0.9086 acc=0.8166
============================================================
TEST (best val_sel epoch, held-out, evaluated once)
============================================================
[DONE-QPE] embed=scramble model_II N=500 seed=58 test_AUC=0.9192 val_sel_AUC=0.9086 per_class=(axion=0.9368 cdm=0.8478 no_sub=0.9731) params=203508 embed_params=49 angle_drift=0.2618785798549652 U_frob_drift=1.0431652069091797
