[INFO] QPE D=64 P=8 depth=4 | embed=scramble circuit_layers=8 | data=model_III N/class=500 seed=51 split_seed=0 | params=203508 embed_params=49 lr=0.001 epochs=48 | train(1500, 64, 64) val_sel(4469, 64, 64) test(4470, 64, 64) device=cuda
[ep 001] val_sel AUC=0.5270 acc=0.3283
[ep 002] val_sel AUC=0.5290 acc=0.3283
[ep 003] val_sel AUC=0.5342 acc=0.3283
[ep 004] val_sel AUC=0.5377 acc=0.3283
[ep 005] val_sel AUC=0.5407 acc=0.3549
[ep 006] val_sel AUC=0.5409 acc=0.3471
[ep 007] val_sel AUC=0.5443 acc=0.3464
[ep 008] val_sel AUC=0.5430 acc=0.3549
[ep 009] val_sel AUC=0.5444 acc=0.3598
[ep 010] val_sel AUC=0.5500 acc=0.3659
[ep 011] val_sel AUC=0.5663 acc=0.3732
[ep 012] val_sel AUC=0.6028 acc=0.4113
[ep 013] val_sel AUC=0.6319 acc=0.4484
[ep 014] val_sel AUC=0.6675 acc=0.5046
[ep 015] val_sel AUC=0.7013 acc=0.5211
[ep 016] val_sel AUC=0.7116 acc=0.5317
[ep 017] val_sel AUC=0.5770 acc=0.3285
[ep 018] val_sel AUC=0.6027 acc=0.3285
[ep 019] val_sel AUC=0.6461 acc=0.4457
[ep 020] val_sel AUC=0.7344 acc=0.5312
[ep 021] val_sel AUC=0.7333 acc=0.5464
[ep 022] val_sel AUC=0.7912 acc=0.5869
[ep 023] val_sel AUC=0.7733 acc=0.4851
[ep 024] val_sel AUC=0.7923 acc=0.5742
[ep 025] val_sel AUC=0.8181 acc=0.6505
[ep 026] val_sel AUC=0.8223 acc=0.6104
[ep 027] val_sel AUC=0.8380 acc=0.6668
[ep 028] val_sel AUC=0.8630 acc=0.7216
[ep 029] val_sel AUC=0.8242 acc=0.6435
[ep 030] val_sel AUC=0.8741 acc=0.7286
[ep 031] val_sel AUC=0.8905 acc=0.7447
[ep 032] val_sel AUC=0.8756 acc=0.7348
[ep 033] val_sel AUC=0.9000 acc=0.7838
[ep 034] val_sel AUC=0.8935 acc=0.7601
[ep 035] val_sel AUC=0.9042 acc=0.7939
[ep 036] val_sel AUC=0.9026 acc=0.7827
[ep 037] val_sel AUC=0.9100 acc=0.7939
[ep 038] val_sel AUC=0.9152 acc=0.8051
[ep 039] val_sel AUC=0.9027 acc=0.7456
[ep 040] val_sel AUC=0.9187 acc=0.8143
[ep 041] val_sel AUC=0.9201 acc=0.8038
[ep 042] val_sel AUC=0.9228 acc=0.8239
[ep 043] val_sel AUC=0.9206 acc=0.8203
[ep 044] val_sel AUC=0.9240 acc=0.8235
[ep 045] val_sel AUC=0.9241 acc=0.8286
[ep 046] val_sel AUC=0.9246 acc=0.8264
[ep 047] val_sel AUC=0.9248 acc=0.8268
[ep 048] val_sel AUC=0.9248 acc=0.8288
============================================================
TEST (best val_sel epoch, held-out, evaluated once)
============================================================
[DONE-QPE] embed=scramble model_III N=500 seed=51 test_AUC=0.9212 val_sel_AUC=0.9248 per_class=(axion=0.9412 cdm=0.8563 no_sub=0.9661) params=203508 embed_params=49 angle_drift=0.302740216255188 U_frob_drift=1.2091937065124512
