[INFO] QPE D=64 P=8 depth=4 | embed=scramble circuit_layers=8 | data=model_III N/class=500 seed=43 split_seed=0 | params=203508 embed_params=49 lr=0.001 epochs=48 | train(1500, 64, 64) val_sel(4469, 64, 64) test(4470, 64, 64) device=cuda
[ep 001] val_sel AUC=0.4918 acc=0.3283
[ep 002] val_sel AUC=0.5113 acc=0.3283
[ep 003] val_sel AUC=0.5300 acc=0.3285
[ep 004] val_sel AUC=0.5466 acc=0.3433
[ep 005] val_sel AUC=0.5595 acc=0.3285
[ep 006] val_sel AUC=0.5694 acc=0.3609
[ep 007] val_sel AUC=0.5759 acc=0.3399
[ep 008] val_sel AUC=0.5797 acc=0.3482
[ep 009] val_sel AUC=0.5754 acc=0.3502
[ep 010] val_sel AUC=0.5876 acc=0.3659
[ep 011] val_sel AUC=0.6173 acc=0.4137
[ep 012] val_sel AUC=0.6958 acc=0.5109
[ep 013] val_sel AUC=0.7326 acc=0.5234
[ep 014] val_sel AUC=0.7572 acc=0.5668
[ep 015] val_sel AUC=0.7777 acc=0.6113
[ep 016] val_sel AUC=0.7824 acc=0.6051
[ep 017] val_sel AUC=0.7572 acc=0.5321
[ep 018] val_sel AUC=0.7718 acc=0.5319
[ep 019] val_sel AUC=0.8323 acc=0.6171
[ep 020] val_sel AUC=0.7901 acc=0.5898
[ep 021] val_sel AUC=0.8583 acc=0.7176
[ep 022] val_sel AUC=0.8601 acc=0.6796
[ep 023] val_sel AUC=0.8187 acc=0.6444
[ep 024] val_sel AUC=0.8802 acc=0.7351
[ep 025] val_sel AUC=0.8308 acc=0.6520
[ep 026] val_sel AUC=0.8886 acc=0.7617
[ep 027] val_sel AUC=0.8887 acc=0.7420
[ep 028] val_sel AUC=0.8695 acc=0.7100
[ep 029] val_sel AUC=0.8891 acc=0.7530
[ep 030] val_sel AUC=0.8820 acc=0.7330
[ep 031] val_sel AUC=0.8994 acc=0.7650
[ep 032] val_sel AUC=0.9081 acc=0.7950
[ep 033] val_sel AUC=0.9000 acc=0.7689
[ep 034] val_sel AUC=0.9066 acc=0.7803
[ep 035] val_sel AUC=0.9161 acc=0.8009
[ep 036] val_sel AUC=0.9146 acc=0.8089
[ep 037] val_sel AUC=0.9227 acc=0.8082
[ep 038] val_sel AUC=0.9152 acc=0.7957
[ep 039] val_sel AUC=0.9218 acc=0.8176
[ep 040] val_sel AUC=0.9228 acc=0.8114
[ep 041] val_sel AUC=0.9263 acc=0.8295
[ep 042] val_sel AUC=0.9231 acc=0.8281
[ep 043] val_sel AUC=0.9282 acc=0.8335
[ep 044] val_sel AUC=0.9271 acc=0.8355
[ep 045] val_sel AUC=0.9275 acc=0.8369
[ep 046] val_sel AUC=0.9271 acc=0.8384
[ep 047] val_sel AUC=0.9276 acc=0.8398
[ep 048] val_sel AUC=0.9273 acc=0.8384
============================================================
TEST (best val_sel epoch, held-out, evaluated once)
============================================================
[DONE-QPE] embed=scramble model_III N=500 seed=43 test_AUC=0.9279 val_sel_AUC=0.9282 per_class=(axion=0.9428 cdm=0.8667 no_sub=0.9741) params=203508 embed_params=49 angle_drift=0.3232538104057312 U_frob_drift=1.287787914276123
