[INFO] QPE D=64 P=8 depth=4 | embed=scramble circuit_layers=8 | data=model_III N/class=500 seed=57 split_seed=0 | params=203508 embed_params=49 lr=0.001 epochs=48 | train(1500, 64, 64) val_sel(4469, 64, 64) test(4470, 64, 64) device=cuda
[ep 001] val_sel AUC=0.5133 acc=0.3433
[ep 002] val_sel AUC=0.5194 acc=0.3285
[ep 003] val_sel AUC=0.5261 acc=0.3285
[ep 004] val_sel AUC=0.5337 acc=0.3433
[ep 005] val_sel AUC=0.5287 acc=0.3283
[ep 006] val_sel AUC=0.5184 acc=0.3433
[ep 007] val_sel AUC=0.5196 acc=0.3448
[ep 008] val_sel AUC=0.5196 acc=0.3285
[ep 009] val_sel AUC=0.5233 acc=0.3500
[ep 010] val_sel AUC=0.5226 acc=0.3477
[ep 011] val_sel AUC=0.5265 acc=0.3569
[ep 012] val_sel AUC=0.5281 acc=0.3459
[ep 013] val_sel AUC=0.5293 acc=0.3482
[ep 014] val_sel AUC=0.5309 acc=0.3632
[ep 015] val_sel AUC=0.5322 acc=0.3515
[ep 016] val_sel AUC=0.5325 acc=0.3529
[ep 017] val_sel AUC=0.5679 acc=0.3909
[ep 018] val_sel AUC=0.6272 acc=0.4099
[ep 019] val_sel AUC=0.6134 acc=0.4218
[ep 020] val_sel AUC=0.7330 acc=0.5350
[ep 021] val_sel AUC=0.7085 acc=0.5180
[ep 022] val_sel AUC=0.7684 acc=0.5831
[ep 023] val_sel AUC=0.8288 acc=0.6473
[ep 024] val_sel AUC=0.8226 acc=0.6480
[ep 025] val_sel AUC=0.8195 acc=0.5943
[ep 026] val_sel AUC=0.8284 acc=0.6735
[ep 027] val_sel AUC=0.8552 acc=0.7037
[ep 028] val_sel AUC=0.8524 acc=0.6885
[ep 029] val_sel AUC=0.8534 acc=0.6751
[ep 030] val_sel AUC=0.8571 acc=0.7100
[ep 031] val_sel AUC=0.8600 acc=0.7353
[ep 032] val_sel AUC=0.8704 acc=0.7212
[ep 033] val_sel AUC=0.8686 acc=0.7234
[ep 034] val_sel AUC=0.8796 acc=0.7543
[ep 035] val_sel AUC=0.8802 acc=0.7697
[ep 036] val_sel AUC=0.8828 acc=0.7574
[ep 037] val_sel AUC=0.8897 acc=0.7624
[ep 038] val_sel AUC=0.8832 acc=0.7534
[ep 039] val_sel AUC=0.8893 acc=0.7774
[ep 040] val_sel AUC=0.8942 acc=0.7852
[ep 041] val_sel AUC=0.8972 acc=0.8013
[ep 042] val_sel AUC=0.8969 acc=0.7975
[ep 043] val_sel AUC=0.8974 acc=0.7988
[ep 044] val_sel AUC=0.8995 acc=0.8011
[ep 045] val_sel AUC=0.8975 acc=0.8004
[ep 046] val_sel AUC=0.8995 acc=0.8069
[ep 047] val_sel AUC=0.8993 acc=0.8033
[ep 048] val_sel AUC=0.8999 acc=0.8060
============================================================
TEST (best val_sel epoch, held-out, evaluated once)
============================================================
[DONE-QPE] embed=scramble model_III N=500 seed=57 test_AUC=0.8942 val_sel_AUC=0.8999 per_class=(axion=0.9289 cdm=0.8014 no_sub=0.9524) params=203508 embed_params=49 angle_drift=0.21236670017242432 U_frob_drift=0.8476104736328125
