[INFO] QPE D=64 P=8 depth=4 | embed=scramble circuit_layers=8 | data=model_II N/class=500 seed=49 split_seed=0 | params=203508 embed_params=49 lr=0.001 epochs=48 | train(1500, 64, 64) val_sel(4455, 64, 64) test(4455, 64, 64) device=cuda
[ep 001] val_sel AUC=0.5372 acc=0.3291
[ep 002] val_sel AUC=0.5427 acc=0.3291
[ep 003] val_sel AUC=0.5475 acc=0.3237
[ep 004] val_sel AUC=0.5507 acc=0.3237
[ep 005] val_sel AUC=0.5517 acc=0.3473
[ep 006] val_sel AUC=0.5542 acc=0.3291
[ep 007] val_sel AUC=0.5578 acc=0.3237
[ep 008] val_sel AUC=0.5590 acc=0.3473
[ep 009] val_sel AUC=0.5585 acc=0.3291
[ep 010] val_sel AUC=0.5498 acc=0.3237
[ep 011] val_sel AUC=0.5526 acc=0.3237
[ep 012] val_sel AUC=0.5600 acc=0.3796
[ep 013] val_sel AUC=0.5650 acc=0.3805
[ep 014] val_sel AUC=0.5686 acc=0.3908
[ep 015] val_sel AUC=0.5698 acc=0.3903
[ep 016] val_sel AUC=0.5700 acc=0.3971
[ep 017] val_sel AUC=0.6239 acc=0.4153
[ep 018] val_sel AUC=0.7022 acc=0.5035
[ep 019] val_sel AUC=0.6630 acc=0.4575
[ep 020] val_sel AUC=0.7329 acc=0.5248
[ep 021] val_sel AUC=0.7908 acc=0.6119
[ep 022] val_sel AUC=0.8386 acc=0.6842
[ep 023] val_sel AUC=0.8260 acc=0.6312
[ep 024] val_sel AUC=0.8640 acc=0.6869
[ep 025] val_sel AUC=0.8644 acc=0.7253
[ep 026] val_sel AUC=0.8743 acc=0.7401
[ep 027] val_sel AUC=0.8931 acc=0.7589
[ep 028] val_sel AUC=0.8738 acc=0.7371
[ep 029] val_sel AUC=0.8867 acc=0.7380
[ep 030] val_sel AUC=0.8670 acc=0.7304
[ep 031] val_sel AUC=0.8888 acc=0.7524
[ep 032] val_sel AUC=0.9056 acc=0.7540
[ep 033] val_sel AUC=0.8720 acc=0.7210
[ep 034] val_sel AUC=0.8975 acc=0.7625
[ep 035] val_sel AUC=0.9129 acc=0.7937
[ep 036] val_sel AUC=0.9122 acc=0.7910
[ep 037] val_sel AUC=0.9099 acc=0.7872
[ep 038] val_sel AUC=0.9165 acc=0.8045
[ep 039] val_sel AUC=0.9215 acc=0.8195
[ep 040] val_sel AUC=0.9111 acc=0.7930
[ep 041] val_sel AUC=0.9203 acc=0.8119
[ep 042] val_sel AUC=0.9241 acc=0.8218
[ep 043] val_sel AUC=0.9224 acc=0.8249
[ep 044] val_sel AUC=0.9248 acc=0.8265
[ep 045] val_sel AUC=0.9252 acc=0.8332
[ep 046] val_sel AUC=0.9251 acc=0.8287
[ep 047] val_sel AUC=0.9259 acc=0.8316
[ep 048] val_sel AUC=0.9259 acc=0.8321
============================================================
TEST (best val_sel epoch, held-out, evaluated once)
============================================================
[DONE-QPE] embed=scramble model_II N=500 seed=49 test_AUC=0.9310 val_sel_AUC=0.9259 per_class=(axion=0.9447 cdm=0.8726 no_sub=0.9758) params=203508 embed_params=49 angle_drift=0.2450057864189148 U_frob_drift=0.9789117574691772
