[INFO] QPE D=64 P=8 depth=4 | embed=scramble circuit_layers=8 | data=model_II N/class=500 seed=53 split_seed=0 | params=203508 embed_params=49 lr=0.001 epochs=48 | train(1500, 64, 64) val_sel(4455, 64, 64) test(4455, 64, 64) device=cuda
[ep 001] val_sel AUC=0.5196 acc=0.3237
[ep 002] val_sel AUC=0.5286 acc=0.3237
[ep 003] val_sel AUC=0.5296 acc=0.3473
[ep 004] val_sel AUC=0.5332 acc=0.3473
[ep 005] val_sel AUC=0.5391 acc=0.3473
[ep 006] val_sel AUC=0.5408 acc=0.3291
[ep 007] val_sel AUC=0.5413 acc=0.3291
[ep 008] val_sel AUC=0.5282 acc=0.3378
[ep 009] val_sel AUC=0.5237 acc=0.3237
[ep 010] val_sel AUC=0.5250 acc=0.3452
[ep 011] val_sel AUC=0.5282 acc=0.3457
[ep 012] val_sel AUC=0.5332 acc=0.3782
[ep 013] val_sel AUC=0.5321 acc=0.3481
[ep 014] val_sel AUC=0.5335 acc=0.3535
[ep 015] val_sel AUC=0.5338 acc=0.3576
[ep 016] val_sel AUC=0.5343 acc=0.3603
[ep 017] val_sel AUC=0.5510 acc=0.3461
[ep 018] val_sel AUC=0.5861 acc=0.3448
[ep 019] val_sel AUC=0.5910 acc=0.3796
[ep 020] val_sel AUC=0.6340 acc=0.4045
[ep 021] val_sel AUC=0.6578 acc=0.4687
[ep 022] val_sel AUC=0.7315 acc=0.5446
[ep 023] val_sel AUC=0.6990 acc=0.4173
[ep 024] val_sel AUC=0.7603 acc=0.5807
[ep 025] val_sel AUC=0.8173 acc=0.6590
[ep 026] val_sel AUC=0.8137 acc=0.6231
[ep 027] val_sel AUC=0.8345 acc=0.6438
[ep 028] val_sel AUC=0.8555 acc=0.7003
[ep 029] val_sel AUC=0.8739 acc=0.7268
[ep 030] val_sel AUC=0.8779 acc=0.7327
[ep 031] val_sel AUC=0.8854 acc=0.7538
[ep 032] val_sel AUC=0.8989 acc=0.7228
[ep 033] val_sel AUC=0.9025 acc=0.7578
[ep 034] val_sel AUC=0.8913 acc=0.7708
[ep 035] val_sel AUC=0.9076 acc=0.7888
[ep 036] val_sel AUC=0.8834 acc=0.7475
[ep 037] val_sel AUC=0.8967 acc=0.7686
[ep 038] val_sel AUC=0.9071 acc=0.7886
[ep 039] val_sel AUC=0.9118 acc=0.8056
[ep 040] val_sel AUC=0.9125 acc=0.7980
[ep 041] val_sel AUC=0.9197 acc=0.8164
[ep 042] val_sel AUC=0.9146 acc=0.8081
[ep 043] val_sel AUC=0.9163 acc=0.8088
[ep 044] val_sel AUC=0.9216 acc=0.8130
[ep 045] val_sel AUC=0.9206 acc=0.8195
[ep 046] val_sel AUC=0.9218 acc=0.8224
[ep 047] val_sel AUC=0.9214 acc=0.8220
[ep 048] val_sel AUC=0.9216 acc=0.8220
============================================================
TEST (best val_sel epoch, held-out, evaluated once)
============================================================
[DONE-QPE] embed=scramble model_II N=500 seed=53 test_AUC=0.9285 val_sel_AUC=0.9218 per_class=(axion=0.9470 cdm=0.8676 no_sub=0.9708) params=203508 embed_params=49 angle_drift=0.2966938316822052 U_frob_drift=1.1844121217727661
