[INFO] QPE D=64 P=8 depth=4 | embed=scramble circuit_layers=8 | data=model_II N/class=500 seed=44 split_seed=0 | params=203508 embed_params=49 lr=0.001 epochs=48 | train(1500, 64, 64) val_sel(4455, 64, 64) test(4455, 64, 64) device=cuda
[ep 001] val_sel AUC=0.5364 acc=0.3237
[ep 002] val_sel AUC=0.5431 acc=0.3291
[ep 003] val_sel AUC=0.5439 acc=0.3473
[ep 004] val_sel AUC=0.5440 acc=0.3473
[ep 005] val_sel AUC=0.5440 acc=0.3473
[ep 006] val_sel AUC=0.5432 acc=0.3291
[ep 007] val_sel AUC=0.5414 acc=0.3291
[ep 008] val_sel AUC=0.5410 acc=0.3291
[ep 009] val_sel AUC=0.5405 acc=0.3291
[ep 010] val_sel AUC=0.5388 acc=0.3473
[ep 011] val_sel AUC=0.5357 acc=0.3468
[ep 012] val_sel AUC=0.5324 acc=0.3378
[ep 013] val_sel AUC=0.5305 acc=0.3414
[ep 014] val_sel AUC=0.5305 acc=0.3477
[ep 015] val_sel AUC=0.5303 acc=0.3412
[ep 016] val_sel AUC=0.5301 acc=0.3394
[ep 017] val_sel AUC=0.5522 acc=0.3677
[ep 018] val_sel AUC=0.5581 acc=0.3652
[ep 019] val_sel AUC=0.5949 acc=0.4067
[ep 020] val_sel AUC=0.6331 acc=0.4620
[ep 021] val_sel AUC=0.6809 acc=0.4972
[ep 022] val_sel AUC=0.7186 acc=0.4828
[ep 023] val_sel AUC=0.7851 acc=0.6094
[ep 024] val_sel AUC=0.8086 acc=0.6276
[ep 025] val_sel AUC=0.8396 acc=0.6795
[ep 026] val_sel AUC=0.8443 acc=0.6510
[ep 027] val_sel AUC=0.8335 acc=0.6501
[ep 028] val_sel AUC=0.8723 acc=0.7181
[ep 029] val_sel AUC=0.8560 acc=0.6822
[ep 030] val_sel AUC=0.8675 acc=0.7120
[ep 031] val_sel AUC=0.8746 acc=0.7089
[ep 032] val_sel AUC=0.8898 acc=0.7585
[ep 033] val_sel AUC=0.9069 acc=0.7733
[ep 034] val_sel AUC=0.8981 acc=0.7802
[ep 035] val_sel AUC=0.8982 acc=0.7486
[ep 036] val_sel AUC=0.9083 acc=0.7621
[ep 037] val_sel AUC=0.9128 acc=0.7897
[ep 038] val_sel AUC=0.9183 acc=0.8094
[ep 039] val_sel AUC=0.9158 acc=0.8074
[ep 040] val_sel AUC=0.9203 acc=0.8112
[ep 041] val_sel AUC=0.9220 acc=0.8123
[ep 042] val_sel AUC=0.9261 acc=0.8247
[ep 043] val_sel AUC=0.9265 acc=0.8278
[ep 044] val_sel AUC=0.9266 acc=0.8238
[ep 045] val_sel AUC=0.9275 acc=0.8312
[ep 046] val_sel AUC=0.9282 acc=0.8312
[ep 047] val_sel AUC=0.9280 acc=0.8308
[ep 048] val_sel AUC=0.9281 acc=0.8292
============================================================
TEST (best val_sel epoch, held-out, evaluated once)
============================================================
[DONE-QPE] embed=scramble model_II N=500 seed=44 test_AUC=0.9353 val_sel_AUC=0.9282 per_class=(axion=0.9510 cdm=0.8775 no_sub=0.9775) params=203508 embed_params=49 angle_drift=0.24623557925224304 U_frob_drift=0.9825289249420166
