[INFO] QPE D=64 P=8 depth=4 | embed=scramble circuit_layers=8 | data=model_II N/class=500 seed=55 split_seed=0 | params=203508 embed_params=49 lr=0.001 epochs=48 | train(1500, 64, 64) val_sel(4455, 64, 64) test(4455, 64, 64) device=cuda
[ep 001] val_sel AUC=0.5125 acc=0.3291
[ep 002] val_sel AUC=0.5140 acc=0.3473
[ep 003] val_sel AUC=0.5172 acc=0.3237
[ep 004] val_sel AUC=0.5238 acc=0.3237
[ep 005] val_sel AUC=0.5260 acc=0.3237
[ep 006] val_sel AUC=0.5282 acc=0.3473
[ep 007] val_sel AUC=0.5283 acc=0.3473
[ep 008] val_sel AUC=0.5291 acc=0.3291
[ep 009] val_sel AUC=0.5250 acc=0.3302
[ep 010] val_sel AUC=0.5244 acc=0.3473
[ep 011] val_sel AUC=0.5253 acc=0.3432
[ep 012] val_sel AUC=0.5246 acc=0.3634
[ep 013] val_sel AUC=0.5251 acc=0.3502
[ep 014] val_sel AUC=0.5256 acc=0.3511
[ep 015] val_sel AUC=0.5257 acc=0.3531
[ep 016] val_sel AUC=0.5258 acc=0.3569
[ep 017] val_sel AUC=0.5353 acc=0.3351
[ep 018] val_sel AUC=0.5543 acc=0.3499
[ep 019] val_sel AUC=0.5783 acc=0.3598
[ep 020] val_sel AUC=0.6681 acc=0.4299
[ep 021] val_sel AUC=0.6733 acc=0.4918
[ep 022] val_sel AUC=0.7557 acc=0.5872
[ep 023] val_sel AUC=0.7843 acc=0.6231
[ep 024] val_sel AUC=0.8025 acc=0.6343
[ep 025] val_sel AUC=0.8027 acc=0.6330
[ep 026] val_sel AUC=0.8070 acc=0.6334
[ep 027] val_sel AUC=0.8444 acc=0.7001
[ep 028] val_sel AUC=0.8171 acc=0.6348
[ep 029] val_sel AUC=0.8650 acc=0.7376
[ep 030] val_sel AUC=0.8854 acc=0.7340
[ep 031] val_sel AUC=0.8649 acc=0.7405
[ep 032] val_sel AUC=0.8654 acc=0.7311
[ep 033] val_sel AUC=0.8860 acc=0.7529
[ep 034] val_sel AUC=0.8723 acc=0.7239
[ep 035] val_sel AUC=0.8762 acc=0.7293
[ep 036] val_sel AUC=0.8891 acc=0.7661
[ep 037] val_sel AUC=0.8976 acc=0.7820
[ep 038] val_sel AUC=0.8953 acc=0.7843
[ep 039] val_sel AUC=0.8969 acc=0.7960
[ep 040] val_sel AUC=0.9035 acc=0.8002
[ep 041] val_sel AUC=0.9034 acc=0.7984
[ep 042] val_sel AUC=0.9041 acc=0.8022
[ep 043] val_sel AUC=0.9054 acc=0.8058
[ep 044] val_sel AUC=0.9053 acc=0.8061
[ep 045] val_sel AUC=0.9078 acc=0.8092
[ep 046] val_sel AUC=0.9065 acc=0.8094
[ep 047] val_sel AUC=0.9078 acc=0.8108
[ep 048] val_sel AUC=0.9079 acc=0.8108
============================================================
TEST (best val_sel epoch, held-out, evaluated once)
============================================================
[DONE-QPE] embed=scramble model_II N=500 seed=55 test_AUC=0.9186 val_sel_AUC=0.9079 per_class=(axion=0.9364 cdm=0.8471 no_sub=0.9723) params=203508 embed_params=49 angle_drift=0.2255346179008484 U_frob_drift=0.9014462828636169
