[INFO] QPE D=64 P=8 depth=4 | embed=scramble circuit_layers=8 | data=model_III N/class=500 seed=50 split_seed=0 | params=203508 embed_params=49 lr=0.001 epochs=48 | train(1500, 64, 64) val_sel(4469, 64, 64) test(4470, 64, 64) device=cuda
[ep 001] val_sel AUC=0.5101 acc=0.3285
[ep 002] val_sel AUC=0.5228 acc=0.3283
[ep 003] val_sel AUC=0.5340 acc=0.3285
[ep 004] val_sel AUC=0.5395 acc=0.3285
[ep 005] val_sel AUC=0.5463 acc=0.3433
[ep 006] val_sel AUC=0.5432 acc=0.3433
[ep 007] val_sel AUC=0.5367 acc=0.3433
[ep 008] val_sel AUC=0.5349 acc=0.3433
[ep 009] val_sel AUC=0.5503 acc=0.3571
[ep 010] val_sel AUC=0.5931 acc=0.4113
[ep 011] val_sel AUC=0.6277 acc=0.4556
[ep 012] val_sel AUC=0.6604 acc=0.4715
[ep 013] val_sel AUC=0.6954 acc=0.4610
[ep 014] val_sel AUC=0.7315 acc=0.5502
[ep 015] val_sel AUC=0.7354 acc=0.5576
[ep 016] val_sel AUC=0.7391 acc=0.5650
[ep 017] val_sel AUC=0.7657 acc=0.5630
[ep 018] val_sel AUC=0.7523 acc=0.5265
[ep 019] val_sel AUC=0.7521 acc=0.5446
[ep 020] val_sel AUC=0.7802 acc=0.5771
[ep 021] val_sel AUC=0.7737 acc=0.5840
[ep 022] val_sel AUC=0.8125 acc=0.6341
[ep 023] val_sel AUC=0.8490 acc=0.6720
[ep 024] val_sel AUC=0.8041 acc=0.6109
[ep 025] val_sel AUC=0.8510 acc=0.7015
[ep 026] val_sel AUC=0.8352 acc=0.6411
[ep 027] val_sel AUC=0.8720 acc=0.7299
[ep 028] val_sel AUC=0.8813 acc=0.7322
[ep 029] val_sel AUC=0.8859 acc=0.7337
[ep 030] val_sel AUC=0.9036 acc=0.7718
[ep 031] val_sel AUC=0.9113 acc=0.7841
[ep 032] val_sel AUC=0.8986 acc=0.7570
[ep 033] val_sel AUC=0.9051 acc=0.7937
[ep 034] val_sel AUC=0.9207 acc=0.8152
[ep 035] val_sel AUC=0.9102 acc=0.8002
[ep 036] val_sel AUC=0.9116 acc=0.7944
[ep 037] val_sel AUC=0.9174 acc=0.8107
[ep 038] val_sel AUC=0.9209 acc=0.8174
[ep 039] val_sel AUC=0.9192 acc=0.8154
[ep 040] val_sel AUC=0.9283 acc=0.8306
[ep 041] val_sel AUC=0.9235 acc=0.8302
[ep 042] val_sel AUC=0.9280 acc=0.8398
[ep 043] val_sel AUC=0.9274 acc=0.8369
[ep 044] val_sel AUC=0.9265 acc=0.8396
[ep 045] val_sel AUC=0.9287 acc=0.8438
[ep 046] val_sel AUC=0.9284 acc=0.8440
[ep 047] val_sel AUC=0.9282 acc=0.8447
[ep 048] val_sel AUC=0.9282 acc=0.8454
============================================================
TEST (best val_sel epoch, held-out, evaluated once)
============================================================
[DONE-QPE] embed=scramble model_III N=500 seed=50 test_AUC=0.9256 val_sel_AUC=0.9287 per_class=(axion=0.9457 cdm=0.8625 no_sub=0.9685) params=203508 embed_params=49 angle_drift=0.35587799549102783 U_frob_drift=1.4175615310668945
